11:05:27 web.1  | started with pid 40389
11:05:32 web.1  | /Users/jeznicholson/.rbenv/versions/2.2.0/lib/ruby/gems/2.2.0/gems/bundler-1.7.12/lib/bundler/runtime.rb:222: warning: Insecure world writable dir /usr in PATH, mode 040777
11:05:33 web.1  | /Users/jeznicholson/.rbenv/versions/2.2.0/lib/ruby/gems/2.2.0/gems/bundler-1.7.12/lib/bundler/runtime.rb:222: warning: Insecure world writable dir /usr in PATH, mode 040777
11:05:33 web.1  | [40389] Puma starting in cluster mode...
11:05:33 web.1  | [40389] * Version 2.11.0 (ruby 2.2.0-p0), codename: Intrepid Squirrel
11:05:33 web.1  | [40389] * Min threads: 2, max threads: 2
11:05:33 web.1  | [40389] * Environment: development
11:05:33 web.1  | [40389] * Process workers: 2
11:05:33 web.1  | [40389] * Preloading application
11:05:43 web.1  | [40389] * Listening on tcp://0.0.0.0:3001
11:05:43 web.1  | [40389] Use Ctrl-C to stop
11:05:43 web.1  | [40389] - Worker 0 (pid: 40431) booted, phase: 0
11:05:43 web.1  | [40389] - Worker 1 (pid: 40432) booted, phase: 0
11:05:46 web.1  | Started GET "/" for 127.0.0.1 at 2015-05-16 11:05:46 +0100
11:05:46 web.1  | Started GET "/" for 127.0.0.1 at 2015-05-16 11:05:46 +0100
11:05:47 web.1  |   [1m[36mActiveRecord::SchemaMigration Load (13.5ms)[0m  [1mSELECT "schema_migrations".* FROM "schema_migrations"[0m
11:05:47 web.1  |   [1m[36mActiveRecord::SchemaMigration Load (14.0ms)[0m  [1mSELECT "schema_migrations".* FROM "schema_migrations"[0m
11:05:48 web.1  | Processing by HomeController#index as */*
11:05:48 web.1  | Processing by HomeController#index as */*
11:05:48 web.1  | USERAGENT: / ApacheBench/2.3
11:05:48 web.1  | USERAGENT: / ApacheBench/2.3
11:05:48 web.1  |   [1m[35m (243.2ms)[0m  SELECT COUNT(*) FROM "plaques"
11:05:48 web.1  |   [1m[35m (242.4ms)[0m  SELECT COUNT(*) FROM "plaques"
11:05:48 web.1  |   [1m[36mPick Load (32.1ms)[0m  [1mSELECT  "picks".* FROM "picks"  WHERE (last_featured > '2015-05-15 23:59:59 UTC' and last_featured < '2015-05-17 00:00:00 UTC')  ORDER BY last_featured DESC LIMIT 1[0m
11:05:48 web.1  |   [1m[36mPick Load (32.1ms)[0m  [1mSELECT  "picks".* FROM "picks"  WHERE (last_featured > '2015-05-15 23:59:59 UTC' and last_featured < '2015-05-17 00:00:00 UTC')  ORDER BY last_featured DESC LIMIT 1[0m
11:05:48 web.1  |   [1m[35mCACHE (0.0ms)[0m  SELECT  "picks".* FROM "picks"  WHERE (last_featured > '2015-05-15 23:59:59 UTC' and last_featured < '2015-05-17 00:00:00 UTC')  ORDER BY last_featured DESC LIMIT 1
11:05:48 web.1  |   [1m[35mCACHE (0.0ms)[0m  SELECT  "picks".* FROM "picks"  WHERE (last_featured > '2015-05-15 23:59:59 UTC' and last_featured < '2015-05-17 00:00:00 UTC')  ORDER BY last_featured DESC LIMIT 1
11:05:49 web.1  |   Rendered home/_development_message.html.erb (1.0ms)
11:05:49 web.1  |   Rendered home/_development_message.html.erb (1.0ms)
11:05:49 web.1  |   [1m[36mPlaque Load (8.5ms)[0m  [1mSELECT  "plaques".* FROM "plaques"  WHERE "plaques"."id" = $1 LIMIT 1[0m  [["id", 30478]]
11:05:49 web.1  |   [1m[36mPlaque Load (8.5ms)[0m  [1mSELECT  "plaques".* FROM "plaques"  WHERE "plaques"."id" = $1 LIMIT 1[0m  [["id", 30478]]
11:05:49 web.1  |   [1m[35mPhoto Load (11.0ms)[0m  SELECT  "photos".* FROM "photos"  WHERE "photos"."plaque_id" = $1 AND "photos"."of_a_plaque" = 't'  ORDER BY shot ASC LIMIT 1  [["plaque_id", 30478]]
11:05:49 web.1  |   [1m[35mPhoto Load (11.0ms)[0m  SELECT  "photos".* FROM "photos"  WHERE "photos"."plaque_id" = $1 AND "photos"."of_a_plaque" = 't'  ORDER BY shot ASC LIMIT 1  [["plaque_id", 30478]]
11:05:49 web.1  |   [1m[36mPersonalConnection Load (15.8ms)[0m  [1mSELECT "personal_connections".* FROM "personal_connections"  WHERE "personal_connections"."plaque_id" = $1[0m  [["plaque_id", 30478]]
11:05:49 web.1  |   [1m[36mPersonalConnection Load (15.9ms)[0m  [1mSELECT "personal_connections".* FROM "personal_connections"  WHERE "personal_connections"."plaque_id" = $1[0m  [["plaque_id", 30478]]
11:05:49 web.1  |   [1m[35mPerson Load (26.0ms)[0m  SELECT  "people".* FROM "people"  WHERE "people"."id" = $1 LIMIT 1  [["id", 9251]]
11:05:49 web.1  |   [1m[35mPerson Load (19.3ms)[0m  SELECT  "people".* FROM "people"  WHERE "people"."id" = $1 LIMIT 1  [["id", 9251]]
11:05:49 web.1  |   [1m[36mColour Load (0.2ms)[0m  [1mSELECT  "colours".* FROM "colours"  WHERE "colours"."id" = $1 LIMIT 1[0m  [["id", 2]]
11:05:49 web.1  |   [1m[36mColour Load (0.2ms)[0m  [1mSELECT  "colours".* FROM "colours"  WHERE "colours"."id" = $1 LIMIT 1[0m  [["id", 2]]
11:05:49 web.1  |   [1m[35mPlaque Load (45.5ms)[0m  SELECT  "plaques".* FROM "plaques"  WHERE (photos_count > 0)  ORDER BY random() LIMIT 2
11:05:49 web.1  |   [1m[35mPlaque Load (51.2ms)[0m  SELECT  "plaques".* FROM "plaques"  WHERE (photos_count > 0)  ORDER BY random() LIMIT 2
11:05:49 web.1  |   [1m[36mPhoto Load (0.3ms)[0m  [1mSELECT  "photos".* FROM "photos"  WHERE "photos"."plaque_id" = $1 AND "photos"."of_a_plaque" = 't'  ORDER BY shot ASC LIMIT 1[0m  [["plaque_id", 30548]]
11:05:49 web.1  |   [1m[35mCACHE (0.0ms)[0m  SELECT  "photos".* FROM "photos"  WHERE "photos"."plaque_id" = $1 AND "photos"."of_a_plaque" = 't'  ORDER BY shot ASC LIMIT 1  [["plaque_id", 30548]]
11:05:49 web.1  |   [1m[36mPhoto Load (15.6ms)[0m  [1mSELECT  "photos".* FROM "photos"  WHERE "photos"."plaque_id" = $1 AND "photos"."of_a_plaque" = 't'  ORDER BY shot ASC LIMIT 1[0m  [["plaque_id", 4338]]
11:05:49 web.1  |   [1m[36mPhoto Load (9.9ms)[0m  [1mSELECT  "photos".* FROM "photos"  WHERE "photos"."plaque_id" = $1 AND "photos"."of_a_plaque" = 't'  ORDER BY shot ASC LIMIT 1[0m  [["plaque_id", 10067]]
11:05:49 web.1  |   [1m[35mCACHE (0.0ms)[0m  SELECT  "photos".* FROM "photos"  WHERE "photos"."plaque_id" = $1 AND "photos"."of_a_plaque" = 't'  ORDER BY shot ASC LIMIT 1  [["plaque_id", 4338]]
11:05:49 web.1  |   [1m[35mCACHE (0.0ms)[0m  SELECT  "photos".* FROM "photos"  WHERE "photos"."plaque_id" = $1 AND "photos"."of_a_plaque" = 't'  ORDER BY shot ASC LIMIT 1  [["plaque_id", 10067]]
11:05:49 web.1  |   Rendered home/index.html.erb within layouts/application (903.7ms)
11:05:49 web.1  |   [1m[36mPhoto Load (0.4ms)[0m  [1mSELECT  "photos".* FROM "photos"  WHERE "photos"."plaque_id" = $1 AND "photos"."of_a_plaque" = 't'  ORDER BY shot ASC LIMIT 1[0m  [["plaque_id", 22449]]
11:05:49 web.1  |   [1m[35mCACHE (0.0ms)[0m  SELECT  "photos".* FROM "photos"  WHERE "photos"."plaque_id" = $1 AND "photos"."of_a_plaque" = 't'  ORDER BY shot ASC LIMIT 1  [["plaque_id", 22449]]
11:05:49 web.1  |   Rendered home/index.html.erb within layouts/application (918.1ms)
11:05:51 web.1  | Completed 200 OK in 3513ms (Views: 2679.0ms | ActiveRecord: 416.1ms)
11:05:51 web.1  | Oink Action: home#index
11:05:51 web.1  | Completed 200 OK in 3515ms (Views: 2686.5ms | ActiveRecord: 410.4ms)
11:05:51 web.1  | Oink Action: home#index
11:05:51 web.1  | Memory usage: 2551896 | PID: 40432
11:05:51 web.1  | Memory usage: 2550872 | PID: 40431
11:05:51 web.1  | Instantiation Breakdown: Total: 135 | ActiveRecord::SchemaMigration: 122 | Photo: 5 | Plaque: 3 | Pick: 2 | PersonalConnection: 1 | Person: 1 | Colour: 1
11:05:51 web.1  | Instantiation Breakdown: Total: 135 | ActiveRecord::SchemaMigration: 122 | Photo: 5 | Plaque: 3 | Pick: 2 | PersonalConnection: 1 | Person: 1 | Colour: 1
11:05:51 web.1  | Oink Log Entry Complete
11:05:51 web.1  | Oink Log Entry Complete
11:05:51 web.1  | [40431] 127.0.0.1 - - [16/May/2015 11:05:51] "GET / HTTP/1.0" 200 - 5.1210
11:05:51 web.1  | Started GET "/" for 127.0.0.1 at 2015-05-16 11:05:51 +0100
11:05:51 web.1  | [40432] 127.0.0.1 - - [16/May/2015 11:05:51] "GET / HTTP/1.0" 200 - 5.0731
11:05:51 web.1  | Started GET "/" for 127.0.0.1 at 2015-05-16 11:05:51 +0100
11:05:51 web.1  | Processing by HomeController#index as */*
11:05:51 web.1  | USERAGENT: / ApacheBench/2.3
11:05:51 web.1  | Processing by HomeController#index as */*
11:05:51 web.1  | USERAGENT: / ApacheBench/2.3
11:05:51 web.1  |   [1m[36m (18.4ms)[0m  [1mSELECT COUNT(*) FROM "plaques"[0m
11:05:51 web.1  |   [1m[36m (32.0ms)[0m  [1mSELECT COUNT(*) FROM "plaques"[0m
11:05:51 web.1  |   [1m[35mPick Load (6.5ms)[0m  SELECT  "picks".* FROM "picks"  WHERE (last_featured > '2015-05-15 23:59:59 UTC' and last_featured < '2015-05-17 00:00:00 UTC')  ORDER BY last_featured DESC LIMIT 1
11:05:51 web.1  |   [1m[36mCACHE (0.0ms)[0m  [1mSELECT  "picks".* FROM "picks"  WHERE (last_featured > '2015-05-15 23:59:59 UTC' and last_featured < '2015-05-17 00:00:00 UTC')  ORDER BY last_featured DESC LIMIT 1[0m
11:05:51 web.1  |   [1m[35mPick Load (13.7ms)[0m  SELECT  "picks".* FROM "picks"  WHERE (last_featured > '2015-05-15 23:59:59 UTC' and last_featured < '2015-05-17 00:00:00 UTC')  ORDER BY last_featured DESC LIMIT 1
11:05:51 web.1  |   [1m[36mCACHE (0.0ms)[0m  [1mSELECT  "picks".* FROM "picks"  WHERE (last_featured > '2015-05-15 23:59:59 UTC' and last_featured < '2015-05-17 00:00:00 UTC')  ORDER BY last_featured DESC LIMIT 1[0m
11:05:51 web.1  |   Rendered home/_development_message.html.erb (0.3ms)
11:05:51 web.1  |   Rendered home/_development_message.html.erb (0.2ms)
11:05:51 web.1  |   [1m[35mPlaque Load (0.4ms)[0m  SELECT  "plaques".* FROM "plaques"  WHERE "plaques"."id" = $1 LIMIT 1  [["id", 30478]]
11:05:51 web.1  |   [1m[35mPlaque Load (0.3ms)[0m  SELECT  "plaques".* FROM "plaques"  WHERE "plaques"."id" = $1 LIMIT 1  [["id", 30478]]
11:05:51 web.1  |   [1m[36mPhoto Load (0.4ms)[0m  [1mSELECT  "photos".* FROM "photos"  WHERE "photos"."plaque_id" = $1 AND "photos"."of_a_plaque" = 't'  ORDER BY shot ASC LIMIT 1[0m  [["plaque_id", 30478]]
11:05:51 web.1  |   [1m[36mPhoto Load (0.3ms)[0m  [1mSELECT  "photos".* FROM "photos"  WHERE "photos"."plaque_id" = $1 AND "photos"."of_a_plaque" = 't'  ORDER BY shot ASC LIMIT 1[0m  [["plaque_id", 30478]]
11:05:51 web.1  |   [1m[35mPersonalConnection Load (0.4ms)[0m  SELECT "personal_connections".* FROM "personal_connections"  WHERE "personal_connections"."plaque_id" = $1  [["plaque_id", 30478]]
11:05:51 web.1  |   [1m[35mPersonalConnection Load (1.4ms)[0m  SELECT "personal_connections".* FROM "personal_connections"  WHERE "personal_connections"."plaque_id" = $1  [["plaque_id", 30478]]
11:05:51 web.1  |   [1m[36mPerson Load (0.4ms)[0m  [1mSELECT  "people".* FROM "people"  WHERE "people"."id" = $1 LIMIT 1[0m  [["id", 9251]]
11:05:51 web.1  |   [1m[36mPerson Load (0.3ms)[0m  [1mSELECT  "people".* FROM "people"  WHERE "people"."id" = $1 LIMIT 1[0m  [["id", 9251]]
11:05:51 web.1  |   [1m[35mColour Load (0.3ms)[0m  SELECT  "colours".* FROM "colours"  WHERE "colours"."id" = $1 LIMIT 1  [["id", 2]]
11:05:51 web.1  |   [1m[35mColour Load (0.3ms)[0m  SELECT  "colours".* FROM "colours"  WHERE "colours"."id" = $1 LIMIT 1  [["id", 2]]
11:05:51 web.1  |   [1m[36mPlaque Load (54.9ms)[0m  [1mSELECT  "plaques".* FROM "plaques"  WHERE (photos_count > 0)  ORDER BY random() LIMIT 2[0m
11:05:51 web.1  |   [1m[36mPlaque Load (58.4ms)[0m  [1mSELECT  "plaques".* FROM "plaques"  WHERE (photos_count > 0)  ORDER BY random() LIMIT 2[0m
11:05:51 web.1  |   [1m[35mPhoto Load (0.5ms)[0m  SELECT  "photos".* FROM "photos"  WHERE "photos"."plaque_id" = $1 AND "photos"."of_a_plaque" = 't'  ORDER BY shot ASC LIMIT 1  [["plaque_id", 23648]]
11:05:51 web.1  |   [1m[36mCACHE (0.0ms)[0m  [1mSELECT  "photos".* FROM "photos"  WHERE "photos"."plaque_id" = $1 AND "photos"."of_a_plaque" = 't'  ORDER BY shot ASC LIMIT 1[0m  [["plaque_id", 23648]]
11:05:51 web.1  |   [1m[35mPhoto Load (0.4ms)[0m  SELECT  "photos".* FROM "photos"  WHERE "photos"."plaque_id" = $1 AND "photos"."of_a_plaque" = 't'  ORDER BY shot ASC LIMIT 1  [["plaque_id", 21213]]
11:05:51 web.1  |   [1m[35mPhoto Load (12.5ms)[0m  SELECT  "photos".* FROM "photos"  WHERE "photos"."plaque_id" = $1 AND "photos"."of_a_plaque" = 't'  ORDER BY shot ASC LIMIT 1  [["plaque_id", 11393]]
11:05:51 web.1  |   [1m[36mCACHE (0.0ms)[0m  [1mSELECT  "photos".* FROM "photos"  WHERE "photos"."plaque_id" = $1 AND "photos"."of_a_plaque" = 't'  ORDER BY shot ASC LIMIT 1[0m  [["plaque_id", 11393]]
11:05:51 web.1  |   [1m[35mPhoto Load (0.4ms)[0m  SELECT  "photos".* FROM "photos"  WHERE "photos"."plaque_id" = $1 AND "photos"."of_a_plaque" = 't'  ORDER BY shot ASC LIMIT 1  [["plaque_id", 9834]]
11:05:51 web.1  |   [1m[36mCACHE (0.0ms)[0m  [1mSELECT  "photos".* FROM "photos"  WHERE "photos"."plaque_id" = $1 AND "photos"."of_a_plaque" = 't'  ORDER BY shot ASC LIMIT 1[0m  [["plaque_id", 21213]]
11:05:51 web.1  |   [1m[36mCACHE (0.0ms)[0m  [1mSELECT  "photos".* FROM "photos"  WHERE "photos"."plaque_id" = $1 AND "photos"."of_a_plaque" = 't'  ORDER BY shot ASC LIMIT 1[0m  [["plaque_id", 9834]]
11:05:51 web.1  |   Rendered home/index.html.erb within layouts/application (188.0ms)
11:05:51 web.1  |   Rendered home/index.html.erb within layouts/application (173.4ms)
11:05:52 web.1  | Completed 200 OK in 305ms (Views: 197.4ms | ActiveRecord: 86.0ms)
11:05:52 web.1  | Oink Action: home#index
11:05:52 web.1  | Completed 200 OK in 315ms (Views: 183.1ms | ActiveRecord: 116.3ms)
11:05:52 web.1  | Memory usage: 2562136 | PID: 40432
11:05:52 web.1  | Instantiation Breakdown: Total: 13 | Photo: 5 | Plaque: 3 | Pick: 2 | PersonalConnection: 1 | Person: 1 | Colour: 1
11:05:52 web.1  | Oink Log Entry Complete
11:05:52 web.1  | Oink Action: home#index
11:05:52 web.1  | Memory usage: 2562136 | PID: 40431
11:05:52 web.1  | Instantiation Breakdown: Total: 13 | Photo: 5 | Plaque: 3 | Pick: 2 | PersonalConnection: 1 | Person: 1 | Colour: 1
11:05:52 web.1  | Oink Log Entry Complete
11:05:52 web.1  | [40432] 127.0.0.1 - - [16/May/2015 11:05:52] "GET / HTTP/1.0" 200 - 0.3895
11:05:52 web.1  | Started GET "/" for 127.0.0.1 at 2015-05-16 11:05:52 +0100
11:05:52 web.1  | [40431] 127.0.0.1 - - [16/May/2015 11:05:52] "GET / HTTP/1.0" 200 - 0.4014
11:05:52 web.1  | Started GET "/" for 127.0.0.1 at 2015-05-16 11:05:52 +0100
11:05:52 web.1  | Processing by HomeController#index as */*
11:05:52 web.1  | USERAGENT: / ApacheBench/2.3
11:05:52 web.1  | Processing by HomeController#index as */*
11:05:52 web.1  | USERAGENT: / ApacheBench/2.3
11:05:52 web.1  |   [1m[35m (80.7ms)[0m  SELECT COUNT(*) FROM "plaques"
11:05:52 web.1  |   [1m[35m (88.3ms)[0m  SELECT COUNT(*) FROM "plaques"
11:05:52 web.1  |   [1m[36mPick Load (0.5ms)[0m  [1mSELECT  "picks".* FROM "picks"  WHERE (last_featured > '2015-05-15 23:59:59 UTC' and last_featured < '2015-05-17 00:00:00 UTC')  ORDER BY last_featured DESC LIMIT 1[0m
11:05:52 web.1  |   [1m[36mPick Load (0.6ms)[0m  [1mSELECT  "picks".* FROM "picks"  WHERE (last_featured > '2015-05-15 23:59:59 UTC' and last_featured < '2015-05-17 00:00:00 UTC')  ORDER BY last_featured DESC LIMIT 1[0m
11:05:52 web.1  |   [1m[35mCACHE (0.0ms)[0m  SELECT  "picks".* FROM "picks"  WHERE (last_featured > '2015-05-15 23:59:59 UTC' and last_featured < '2015-05-17 00:00:00 UTC')  ORDER BY last_featured DESC LIMIT 1
11:05:52 web.1  |   [1m[35mCACHE (0.0ms)[0m  SELECT  "picks".* FROM "picks"  WHERE (last_featured > '2015-05-15 23:59:59 UTC' and last_featured < '2015-05-17 00:00:00 UTC')  ORDER BY last_featured DESC LIMIT 1
11:05:52 web.1  |   Rendered home/_development_message.html.erb (0.2ms)
11:05:52 web.1  |   [1m[36mPlaque Load (0.4ms)[0m  [1mSELECT  "plaques".* FROM "plaques"  WHERE "plaques"."id" = $1 LIMIT 1[0m  [["id", 30478]]
11:05:52 web.1  |   Rendered home/_development_message.html.erb (0.8ms)
11:05:52 web.1  |   [1m[36mPlaque Load (0.4ms)[0m  [1mSELECT  "plaques".* FROM "plaques"  WHERE "plaques"."id" = $1 LIMIT 1[0m  [["id", 30478]]
11:05:52 web.1  |   [1m[35mPhoto Load (0.4ms)[0m  SELECT  "photos".* FROM "photos"  WHERE "photos"."plaque_id" = $1 AND "photos"."of_a_plaque" = 't'  ORDER BY shot ASC LIMIT 1  [["plaque_id", 30478]]
11:05:52 web.1  |   [1m[35mPhoto Load (0.3ms)[0m  SELECT  "photos".* FROM "photos"  WHERE "photos"."plaque_id" = $1 AND "photos"."of_a_plaque" = 't'  ORDER BY shot ASC LIMIT 1  [["plaque_id", 30478]]
11:05:52 web.1  |   [1m[36mPersonalConnection Load (0.3ms)[0m  [1mSELECT "personal_connections".* FROM "personal_connections"  WHERE "personal_connections"."plaque_id" = $1[0m  [["plaque_id", 30478]]
11:05:52 web.1  |   [1m[36mPersonalConnection Load (0.3ms)[0m  [1mSELECT "personal_connections".* FROM "personal_connections"  WHERE "personal_connections"."plaque_id" = $1[0m  [["plaque_id", 30478]]
11:05:52 web.1  |   [1m[35mPerson Load (0.3ms)[0m  SELECT  "people".* FROM "people"  WHERE "people"."id" = $1 LIMIT 1  [["id", 9251]]
11:05:52 web.1  |   [1m[35mPerson Load (0.3ms)[0m  SELECT  "people".* FROM "people"  WHERE "people"."id" = $1 LIMIT 1  [["id", 9251]]
11:05:52 web.1  |   [1m[36mColour Load (0.3ms)[0m  [1mSELECT  "colours".* FROM "colours"  WHERE "colours"."id" = $1 LIMIT 1[0m  [["id", 2]]
11:05:52 web.1  |   [1m[36mColour Load (2.1ms)[0m  [1mSELECT  "colours".* FROM "colours"  WHERE "colours"."id" = $1 LIMIT 1[0m  [["id", 2]]
11:05:52 web.1  |   [1m[35mPlaque Load (131.1ms)[0m  SELECT  "plaques".* FROM "plaques"  WHERE (photos_count > 0)  ORDER BY random() LIMIT 2
11:05:52 web.1  |   [1m[35mPlaque Load (133.2ms)[0m  SELECT  "plaques".* FROM "plaques"  WHERE (photos_count > 0)  ORDER BY random() LIMIT 2
11:05:52 web.1  |   [1m[36mPhoto Load (18.7ms)[0m  [1mSELECT  "photos".* FROM "photos"  WHERE "photos"."plaque_id" = $1 AND "photos"."of_a_plaque" = 't'  ORDER BY shot ASC LIMIT 1[0m  [["plaque_id", 31349]]
11:05:52 web.1  |   [1m[35mCACHE (0.0ms)[0m  SELECT  "photos".* FROM "photos"  WHERE "photos"."plaque_id" = $1 AND "photos"."of_a_plaque" = 't'  ORDER BY shot ASC LIMIT 1  [["plaque_id", 31349]]
11:05:52 web.1  |   [1m[36mPhoto Load (0.8ms)[0m  [1mSELECT  "photos".* FROM "photos"  WHERE "photos"."plaque_id" = $1 AND "photos"."of_a_plaque" = 't'  ORDER BY shot ASC LIMIT 1[0m  [["plaque_id", 12868]]
11:05:52 web.1  |   [1m[36mPhoto Load (21.8ms)[0m  [1mSELECT  "photos".* FROM "photos"  WHERE "photos"."plaque_id" = $1 AND "photos"."of_a_plaque" = 't'  ORDER BY shot ASC LIMIT 1[0m  [["plaque_id", 10226]]
11:05:52 web.1  |   [1m[35mCACHE (0.0ms)[0m  SELECT  "photos".* FROM "photos"  WHERE "photos"."plaque_id" = $1 AND "photos"."of_a_plaque" = 't'  ORDER BY shot ASC LIMIT 1  [["plaque_id", 12868]]
11:05:52 web.1  |   [1m[35mCACHE (0.0ms)[0m  SELECT  "photos".* FROM "photos"  WHERE "photos"."plaque_id" = $1 AND "photos"."of_a_plaque" = 't'  ORDER BY shot ASC LIMIT 1  [["plaque_id", 10226]]
11:05:52 web.1  |   Rendered home/index.html.erb within layouts/application (253.2ms)
11:05:52 web.1  |   [1m[36mPhoto Load (0.7ms)[0m  [1mSELECT  "photos".* FROM "photos"  WHERE "photos"."plaque_id" = $1 AND "photos"."of_a_plaque" = 't'  ORDER BY shot ASC LIMIT 1[0m  [["plaque_id", 12084]]
11:05:52 web.1  |   [1m[35mCACHE (0.0ms)[0m  SELECT  "photos".* FROM "photos"  WHERE "photos"."plaque_id" = $1 AND "photos"."of_a_plaque" = 't'  ORDER BY shot ASC LIMIT 1  [["plaque_id", 12084]]
11:05:52 web.1  |   Rendered home/index.html.erb within layouts/application (262.3ms)
11:05:52 web.1  | Completed 200 OK in 428ms (Views: 170.7ms | ActiveRecord: 233.5ms)
11:05:52 web.1  | Oink Action: home#index
11:05:52 web.1  | Memory usage: 2564184 | PID: 40432
11:05:52 web.1  | Instantiation Breakdown: Total: 13 | Photo: 5 | Plaque: 3 | Pick: 2 | PersonalConnection: 1 | Person: 1 | Colour: 1
11:05:52 web.1  | Oink Log Entry Complete
11:05:52 web.1  | Completed 200 OK in 448ms (Views: 179.4ms | ActiveRecord: 248.1ms)
11:05:52 web.1  | Oink Action: home#index
11:05:52 web.1  | Memory usage: 2564184 | PID: 40431
11:05:52 web.1  | Instantiation Breakdown: Total: 13 | Photo: 5 | Plaque: 3 | Pick: 2 | PersonalConnection: 1 | Person: 1 | Colour: 1
11:05:52 web.1  | Oink Log Entry Complete
11:05:52 web.1  | [40432] 127.0.0.1 - - [16/May/2015 11:05:52] "GET / HTTP/1.0" 200 - 0.5223
11:05:52 web.1  | Started GET "/" for 127.0.0.1 at 2015-05-16 11:05:52 +0100
11:05:52 web.1  | [40431] 127.0.0.1 - - [16/May/2015 11:05:52] "GET / HTTP/1.0" 200 - 0.5298
11:05:52 web.1  | Started GET "/" for 127.0.0.1 at 2015-05-16 11:05:52 +0100
11:05:52 web.1  | Processing by HomeController#index as */*
11:05:52 web.1  | USERAGENT: / ApacheBench/2.3
11:05:52 web.1  | Processing by HomeController#index as */*
11:05:52 web.1  | USERAGENT: / ApacheBench/2.3
11:05:52 web.1  |   [1m[36m (25.6ms)[0m  [1mSELECT COUNT(*) FROM "plaques"[0m
11:05:52 web.1  |   [1m[36m (19.6ms)[0m  [1mSELECT COUNT(*) FROM "plaques"[0m
11:05:52 web.1  |   [1m[35mPick Load (0.7ms)[0m  SELECT  "picks".* FROM "picks"  WHERE (last_featured > '2015-05-15 23:59:59 UTC' and last_featured < '2015-05-17 00:00:00 UTC')  ORDER BY last_featured DESC LIMIT 1
11:05:52 web.1  |   [1m[35mPick Load (0.9ms)[0m  SELECT  "picks".* FROM "picks"  WHERE (last_featured > '2015-05-15 23:59:59 UTC' and last_featured < '2015-05-17 00:00:00 UTC')  ORDER BY last_featured DESC LIMIT 1
11:05:52 web.1  |   [1m[36mCACHE (0.5ms)[0m  [1mSELECT  "picks".* FROM "picks"  WHERE (last_featured > '2015-05-15 23:59:59 UTC' and last_featured < '2015-05-17 00:00:00 UTC')  ORDER BY last_featured DESC LIMIT 1[0m
11:05:52 web.1  |   [1m[36mCACHE (0.1ms)[0m  [1mSELECT  "picks".* FROM "picks"  WHERE (last_featured > '2015-05-15 23:59:59 UTC' and last_featured < '2015-05-17 00:00:00 UTC')  ORDER BY last_featured DESC LIMIT 1[0m
11:05:52 web.1  |   Rendered home/_development_message.html.erb (0.4ms)
11:05:52 web.1  |   Rendered home/_development_message.html.erb (0.1ms)
11:05:52 web.1  |   [1m[35mPlaque Load (0.5ms)[0m  SELECT  "plaques".* FROM "plaques"  WHERE "plaques"."id" = $1 LIMIT 1  [["id", 30478]]
11:05:52 web.1  |   [1m[35mPlaque Load (2.5ms)[0m  SELECT  "plaques".* FROM "plaques"  WHERE "plaques"."id" = $1 LIMIT 1  [["id", 30478]]
11:05:52 web.1  |   [1m[36mPhoto Load (0.6ms)[0m  [1mSELECT  "photos".* FROM "photos"  WHERE "photos"."plaque_id" = $1 AND "photos"."of_a_plaque" = 't'  ORDER BY shot ASC LIMIT 1[0m  [["plaque_id", 30478]]
11:05:52 web.1  |   [1m[36mPhoto Load (1.2ms)[0m  [1mSELECT  "photos".* FROM "photos"  WHERE "photos"."plaque_id" = $1 AND "photos"."of_a_plaque" = 't'  ORDER BY shot ASC LIMIT 1[0m  [["plaque_id", 30478]]
11:05:52 web.1  |   [1m[35mPersonalConnection Load (0.5ms)[0m  SELECT "personal_connections".* FROM "personal_connections"  WHERE "personal_connections"."plaque_id" = $1  [["plaque_id", 30478]]
11:05:52 web.1  |   [1m[35mPersonalConnection Load (0.5ms)[0m  SELECT "personal_connections".* FROM "personal_connections"  WHERE "personal_connections"."plaque_id" = $1  [["plaque_id", 30478]]
11:05:52 web.1  |   [1m[36mPerson Load (2.8ms)[0m  [1mSELECT  "people".* FROM "people"  WHERE "people"."id" = $1 LIMIT 1[0m  [["id", 9251]]
11:05:52 web.1  |   [1m[36mPerson Load (0.5ms)[0m  [1mSELECT  "people".* FROM "people"  WHERE "people"."id" = $1 LIMIT 1[0m  [["id", 9251]]
11:05:52 web.1  |   [1m[35mColour Load (0.6ms)[0m  SELECT  "colours".* FROM "colours"  WHERE "colours"."id" = $1 LIMIT 1  [["id", 2]]
11:05:52 web.1  |   [1m[35mColour Load (0.5ms)[0m  SELECT  "colours".* FROM "colours"  WHERE "colours"."id" = $1 LIMIT 1  [["id", 2]]
11:05:52 web.1  |   [1m[36mPlaque Load (80.6ms)[0m  [1mSELECT  "plaques".* FROM "plaques"  WHERE (photos_count > 0)  ORDER BY random() LIMIT 2[0m
11:05:52 web.1  |   [1m[36mPlaque Load (82.3ms)[0m  [1mSELECT  "plaques".* FROM "plaques"  WHERE (photos_count > 0)  ORDER BY random() LIMIT 2[0m
11:05:52 web.1  |   [1m[35mPhoto Load (0.9ms)[0m  SELECT  "photos".* FROM "photos"  WHERE "photos"."plaque_id" = $1 AND "photos"."of_a_plaque" = 't'  ORDER BY shot ASC LIMIT 1  [["plaque_id", 4216]]
11:05:52 web.1  |   [1m[36mCACHE (0.0ms)[0m  [1mSELECT  "photos".* FROM "photos"  WHERE "photos"."plaque_id" = $1 AND "photos"."of_a_plaque" = 't'  ORDER BY shot ASC LIMIT 1[0m  [["plaque_id", 4216]]
11:05:52 web.1  |   [1m[35mPhoto Load (1.8ms)[0m  SELECT  "photos".* FROM "photos"  WHERE "photos"."plaque_id" = $1 AND "photos"."of_a_plaque" = 't'  ORDER BY shot ASC LIMIT 1  [["plaque_id", 11174]]
11:05:52 web.1  |   [1m[35mPhoto Load (12.1ms)[0m  SELECT  "photos".* FROM "photos"  WHERE "photos"."plaque_id" = $1 AND "photos"."of_a_plaque" = 't'  ORDER BY shot ASC LIMIT 1  [["plaque_id", 599]]
11:05:52 web.1  |   [1m[36mCACHE (0.0ms)[0m  [1mSELECT  "photos".* FROM "photos"  WHERE "photos"."plaque_id" = $1 AND "photos"."of_a_plaque" = 't'  ORDER BY shot ASC LIMIT 1[0m  [["plaque_id", 11174]]
11:05:52 web.1  |   [1m[36mCACHE (0.1ms)[0m  [1mSELECT  "photos".* FROM "photos"  WHERE "photos"."plaque_id" = $1 AND "photos"."of_a_plaque" = 't'  ORDER BY shot ASC LIMIT 1[0m  [["plaque_id", 599]]
11:05:52 web.1  |   Rendered home/index.html.erb within layouts/application (173.8ms)
11:05:52 web.1  |   [1m[35mPhoto Load (0.7ms)[0m  SELECT  "photos".* FROM "photos"  WHERE "photos"."plaque_id" = $1 AND "photos"."of_a_plaque" = 't'  ORDER BY shot ASC LIMIT 1  [["plaque_id", 4744]]
11:05:52 web.1  |   [1m[36mCACHE (0.0ms)[0m  [1mSELECT  "photos".* FROM "photos"  WHERE "photos"."plaque_id" = $1 AND "photos"."of_a_plaque" = 't'  ORDER BY shot ASC LIMIT 1[0m  [["plaque_id", 4744]]
11:05:52 web.1  |   Rendered home/index.html.erb within layouts/application (188.4ms)
11:05:52 web.1  | Completed 200 OK in 260ms (Views: 134.9ms | ActiveRecord: 109.4ms)
11:05:52 web.1  | Oink Action: home#index
11:05:52 web.1  | Memory usage: 2564184 | PID: 40431
11:05:52 web.1  | Instantiation Breakdown: Total: 13 | Photo: 5 | Plaque: 3 | Pick: 2 | PersonalConnection: 1 | Person: 1 | Colour: 1
11:05:52 web.1  | Oink Log Entry Complete
11:05:52 web.1  | Completed 200 OK in 284ms (Views: 135.3ms | ActiveRecord: 126.9ms)
11:05:52 web.1  | Oink Action: home#index
11:05:52 web.1  | Memory usage: 2564184 | PID: 40432
11:05:52 web.1  | Instantiation Breakdown: Total: 13 | Photo: 5 | Plaque: 3 | Pick: 2 | PersonalConnection: 1 | Person: 1 | Colour: 1
11:05:52 web.1  | Oink Log Entry Complete
11:05:52 web.1  | [40431] 127.0.0.1 - - [16/May/2015 11:05:52] "GET / HTTP/1.0" 200 - 0.3380
11:05:52 web.1  | Started GET "/" for 127.0.0.1 at 2015-05-16 11:05:52 +0100
11:05:52 web.1  | [40432] 127.0.0.1 - - [16/May/2015 11:05:52] "GET / HTTP/1.0" 200 - 0.3637
11:05:52 web.1  | Started GET "/" for 127.0.0.1 at 2015-05-16 11:05:52 +0100
11:05:52 web.1  | Processing by HomeController#index as */*
11:05:52 web.1  | USERAGENT: / ApacheBench/2.3
11:05:52 web.1  | Processing by HomeController#index as */*
11:05:52 web.1  | USERAGENT: / ApacheBench/2.3
11:05:53 web.1  |   [1m[35m (101.6ms)[0m  SELECT COUNT(*) FROM "plaques"
11:05:53 web.1  |   [1m[36mPick Load (0.5ms)[0m  [1mSELECT  "picks".* FROM "picks"  WHERE (last_featured > '2015-05-15 23:59:59 UTC' and last_featured < '2015-05-17 00:00:00 UTC')  ORDER BY last_featured DESC LIMIT 1[0m
11:05:53 web.1  |   [1m[35m (97.3ms)[0m  SELECT COUNT(*) FROM "plaques"
11:05:53 web.1  |   [1m[35mCACHE (0.0ms)[0m  SELECT  "picks".* FROM "picks"  WHERE (last_featured > '2015-05-15 23:59:59 UTC' and last_featured < '2015-05-17 00:00:00 UTC')  ORDER BY last_featured DESC LIMIT 1
11:05:53 web.1  |   [1m[36mPick Load (0.6ms)[0m  [1mSELECT  "picks".* FROM "picks"  WHERE (last_featured > '2015-05-15 23:59:59 UTC' and last_featured < '2015-05-17 00:00:00 UTC')  ORDER BY last_featured DESC LIMIT 1[0m
11:05:53 web.1  |   [1m[35mCACHE (0.0ms)[0m  SELECT  "picks".* FROM "picks"  WHERE (last_featured > '2015-05-15 23:59:59 UTC' and last_featured < '2015-05-17 00:00:00 UTC')  ORDER BY last_featured DESC LIMIT 1
11:05:53 web.1  |   Rendered home/_development_message.html.erb (0.6ms)
11:05:53 web.1  |   Rendered home/_development_message.html.erb (0.2ms)
11:05:53 web.1  |   [1m[36mPlaque Load (0.4ms)[0m  [1mSELECT  "plaques".* FROM "plaques"  WHERE "plaques"."id" = $1 LIMIT 1[0m  [["id", 30478]]
11:05:53 web.1  |   [1m[36mPlaque Load (0.4ms)[0m  [1mSELECT  "plaques".* FROM "plaques"  WHERE "plaques"."id" = $1 LIMIT 1[0m  [["id", 30478]]
11:05:53 web.1  |   [1m[35mPhoto Load (0.4ms)[0m  SELECT  "photos".* FROM "photos"  WHERE "photos"."plaque_id" = $1 AND "photos"."of_a_plaque" = 't'  ORDER BY shot ASC LIMIT 1  [["plaque_id", 30478]]
11:05:53 web.1  |   [1m[35mPhoto Load (0.4ms)[0m  SELECT  "photos".* FROM "photos"  WHERE "photos"."plaque_id" = $1 AND "photos"."of_a_plaque" = 't'  ORDER BY shot ASC LIMIT 1  [["plaque_id", 30478]]
11:05:53 web.1  |   [1m[36mPersonalConnection Load (0.3ms)[0m  [1mSELECT "personal_connections".* FROM "personal_connections"  WHERE "personal_connections"."plaque_id" = $1[0m  [["plaque_id", 30478]]
11:05:53 web.1  |   [1m[36mPersonalConnection Load (0.3ms)[0m  [1mSELECT "personal_connections".* FROM "personal_connections"  WHERE "personal_connections"."plaque_id" = $1[0m  [["plaque_id", 30478]]
11:05:53 web.1  |   [1m[35mPerson Load (0.3ms)[0m  SELECT  "people".* FROM "people"  WHERE "people"."id" = $1 LIMIT 1  [["id", 9251]]
11:05:53 web.1  |   [1m[35mPerson Load (0.3ms)[0m  SELECT  "people".* FROM "people"  WHERE "people"."id" = $1 LIMIT 1  [["id", 9251]]
11:05:53 web.1  |   [1m[36mColour Load (0.3ms)[0m  [1mSELECT  "colours".* FROM "colours"  WHERE "colours"."id" = $1 LIMIT 1[0m  [["id", 2]]
11:05:53 web.1  |   [1m[36mColour Load (0.3ms)[0m  [1mSELECT  "colours".* FROM "colours"  WHERE "colours"."id" = $1 LIMIT 1[0m  [["id", 2]]
11:05:53 web.1  |   [1m[35mPlaque Load (67.1ms)[0m  SELECT  "plaques".* FROM "plaques"  WHERE (photos_count > 0)  ORDER BY random() LIMIT 2
11:05:53 web.1  |   [1m[35mPlaque Load (70.9ms)[0m  SELECT  "plaques".* FROM "plaques"  WHERE (photos_count > 0)  ORDER BY random() LIMIT 2
11:05:53 web.1  |   [1m[36mPhoto Load (14.6ms)[0m  [1mSELECT  "photos".* FROM "photos"  WHERE "photos"."plaque_id" = $1 AND "photos"."of_a_plaque" = 't'  ORDER BY shot ASC LIMIT 1[0m  [["plaque_id", 28100]]
11:05:53 web.1  |   [1m[36mPhoto Load (8.5ms)[0m  [1mSELECT  "photos".* FROM "photos"  WHERE "photos"."plaque_id" = $1 AND "photos"."of_a_plaque" = 't'  ORDER BY shot ASC LIMIT 1[0m  [["plaque_id", 21881]]
11:05:53 web.1  |   [1m[35mCACHE (0.0ms)[0m  SELECT  "photos".* FROM "photos"  WHERE "photos"."plaque_id" = $1 AND "photos"."of_a_plaque" = 't'  ORDER BY shot ASC LIMIT 1  [["plaque_id", 21881]]
11:05:53 web.1  |   [1m[35mCACHE (0.0ms)[0m  SELECT  "photos".* FROM "photos"  WHERE "photos"."plaque_id" = $1 AND "photos"."of_a_plaque" = 't'  ORDER BY shot ASC LIMIT 1  [["plaque_id", 28100]]
11:05:53 web.1  |   [1m[36mPhoto Load (0.8ms)[0m  [1mSELECT  "photos".* FROM "photos"  WHERE "photos"."plaque_id" = $1 AND "photos"."of_a_plaque" = 't'  ORDER BY shot ASC LIMIT 1[0m  [["plaque_id", 17504]]
11:05:53 web.1  |   [1m[35mCACHE (0.0ms)[0m  SELECT  "photos".* FROM "photos"  WHERE "photos"."plaque_id" = $1 AND "photos"."of_a_plaque" = 't'  ORDER BY shot ASC LIMIT 1  [["plaque_id", 17504]]
11:05:53 web.1  |   Rendered home/index.html.erb within layouts/application (165.9ms)
11:05:53 web.1  |   [1m[36mPhoto Load (19.1ms)[0m  [1mSELECT  "photos".* FROM "photos"  WHERE "photos"."plaque_id" = $1 AND "photos"."of_a_plaque" = 't'  ORDER BY shot ASC LIMIT 1[0m  [["plaque_id", 9321]]
11:05:53 web.1  | Completed 200 OK in 319ms (Views: 124.4ms | ActiveRecord: 179.8ms)
11:05:53 web.1  |   [1m[35mCACHE (0.0ms)[0m  SELECT  "photos".* FROM "photos"  WHERE "photos"."plaque_id" = $1 AND "photos"."of_a_plaque" = 't'  ORDER BY shot ASC LIMIT 1  [["plaque_id", 9321]]
11:05:53 web.1  | Oink Action: home#index
11:05:53 web.1  |   Rendered home/index.html.erb within layouts/application (189.8ms)
11:05:53 web.1  | Memory usage: 2565208 | PID: 40432
11:05:53 web.1  | Instantiation Breakdown: Total: 13 | Photo: 5 | Plaque: 3 | Pick: 2 | PersonalConnection: 1 | Person: 1 | Colour: 1
11:05:53 web.1  | Oink Log Entry Complete
11:05:53 web.1  | Completed 200 OK in 353ms (Views: 131.7ms | ActiveRecord: 204.7ms)
11:05:53 web.1  | Oink Action: home#index
11:05:53 web.1  | [40432] 127.0.0.1 - - [16/May/2015 11:05:53] "GET / HTTP/1.0" 200 - 0.3876
11:05:53 web.1  | Memory usage: 2565208 | PID: 40431
11:05:53 web.1  | Instantiation Breakdown: Total: 13 | Photo: 5 | Plaque: 3 | Pick: 2 | PersonalConnection: 1 | Person: 1 | Colour: 1
11:05:53 web.1  | Oink Log Entry Complete
11:05:53 web.1  | [40431] 127.0.0.1 - - [16/May/2015 11:05:53] "GET / HTTP/1.0" 200 - 0.4198
11:06:52 web.1  | Started GET "/verbs/built_a_bridge" for 127.0.0.1 at 2015-05-16 11:06:52 +0100
11:06:52 web.1  | Processing by VerbsController#show as */*
11:06:52 web.1  |   Parameters: {"id"=>"built_a_bridge"}
11:06:52 web.1  | USERAGENT: /verbs/built_a_bridge ApacheBench/2.3
11:06:52 web.1  | Completed 401 Unauthorized in 39ms
11:06:52 web.1  | Started GET "/verbs/built_a_bridge" for 127.0.0.1 at 2015-05-16 11:06:52 +0100
11:06:52 web.1  | [40432] 127.0.0.1 - - [16/May/2015 11:06:52] "GET /unauthenticated HTTP/1.0" 302 - 0.1155
11:06:52 web.1  | Started GET "/verbs/built_a_bridge" for 127.0.0.1 at 2015-05-16 11:06:52 +0100
11:06:52 web.1  | Processing by VerbsController#show as */*
11:06:52 web.1  |   Parameters: {"id"=>"built_a_bridge"}
11:06:52 web.1  | USERAGENT: /verbs/built_a_bridge ApacheBench/2.3
11:06:52 web.1  | Completed 401 Unauthorized in 1ms
11:06:52 web.1  | [40432] 127.0.0.1 - - [16/May/2015 11:06:52] "GET /unauthenticated HTTP/1.0" 302 - 0.1153
11:06:52 web.1  | Started GET "/verbs/built_a_bridge" for 127.0.0.1 at 2015-05-16 11:06:52 +0100
11:06:52 web.1  | Processing by VerbsController#show as */*
11:06:52 web.1  |   Parameters: {"id"=>"built_a_bridge"}
11:06:52 web.1  | USERAGENT: /verbs/built_a_bridge ApacheBench/2.3
11:06:52 web.1  | Completed 401 Unauthorized in 1ms
11:06:52 web.1  | Processing by VerbsController#show as */*
11:06:52 web.1  |   Parameters: {"id"=>"built_a_bridge"}
11:06:52 web.1  | USERAGENT: /verbs/built_a_bridge ApacheBench/2.3
11:06:52 web.1  | [40432] 127.0.0.1 - - [16/May/2015 11:06:52] "GET /unauthenticated HTTP/1.0" 302 - 0.0476
11:06:52 web.1  | Started GET "/verbs/built_a_bridge" for 127.0.0.1 at 2015-05-16 11:06:52 +0100
11:06:52 web.1  | Completed 401 Unauthorized in 7ms
11:06:52 web.1  | [40431] 127.0.0.1 - - [16/May/2015 11:06:52] "GET /unauthenticated HTTP/1.0" 302 - 0.0683
11:06:52 web.1  | Started GET "/verbs/built_a_bridge" for 127.0.0.1 at 2015-05-16 11:06:52 +0100
11:06:52 web.1  | Processing by VerbsController#show as */*
11:06:52 web.1  |   Parameters: {"id"=>"built_a_bridge"}
11:06:52 web.1  | USERAGENT: /verbs/built_a_bridge ApacheBench/2.3
11:06:52 web.1  | Completed 401 Unauthorized in 1ms
11:06:52 web.1  | [40432] 127.0.0.1 - - [16/May/2015 11:06:52] "GET /unauthenticated HTTP/1.0" 302 - 0.0468
11:06:52 web.1  | Started GET "/verbs/built_a_bridge" for 127.0.0.1 at 2015-05-16 11:06:52 +0100
11:06:52 web.1  | Processing by VerbsController#show as */*
11:06:52 web.1  |   Parameters: {"id"=>"built_a_bridge"}
11:06:52 web.1  | USERAGENT: /verbs/built_a_bridge ApacheBench/2.3
11:06:52 web.1  | Completed 401 Unauthorized in 1ms
11:06:52 web.1  | [40431] 127.0.0.1 - - [16/May/2015 11:06:52] "GET /unauthenticated HTTP/1.0" 302 - 0.0468
11:06:52 web.1  | Started GET "/verbs/built_a_bridge" for 127.0.0.1 at 2015-05-16 11:06:52 +0100
11:06:52 web.1  | Processing by VerbsController#show as */*
11:06:52 web.1  |   Parameters: {"id"=>"built_a_bridge"}
11:06:52 web.1  | USERAGENT: /verbs/built_a_bridge ApacheBench/2.3
11:06:52 web.1  | Completed 401 Unauthorized in 1ms
11:06:52 web.1  | [40432] 127.0.0.1 - - [16/May/2015 11:06:52] "GET /unauthenticated HTTP/1.0" 302 - 0.0448
11:06:52 web.1  | Started GET "/verbs/built_a_bridge" for 127.0.0.1 at 2015-05-16 11:06:52 +0100
11:06:52 web.1  | Processing by VerbsController#show as */*
11:06:52 web.1  |   Parameters: {"id"=>"built_a_bridge"}
11:06:52 web.1  | USERAGENT: /verbs/built_a_bridge ApacheBench/2.3
11:06:52 web.1  | Completed 401 Unauthorized in 1ms
11:06:52 web.1  | [40431] 127.0.0.1 - - [16/May/2015 11:06:52] "GET /unauthenticated HTTP/1.0" 302 - 0.0455
11:06:52 web.1  | Started GET "/verbs/built_a_bridge" for 127.0.0.1 at 2015-05-16 11:06:52 +0100
11:06:52 web.1  | Processing by VerbsController#show as */*
11:06:52 web.1  |   Parameters: {"id"=>"built_a_bridge"}
11:06:52 web.1  | USERAGENT: /verbs/built_a_bridge ApacheBench/2.3
11:06:52 web.1  | Completed 401 Unauthorized in 1ms
11:06:52 web.1  | [40432] 127.0.0.1 - - [16/May/2015 11:06:52] "GET /unauthenticated HTTP/1.0" 302 - 0.0473
11:06:52 web.1  | Processing by VerbsController#show as */*
11:06:52 web.1  |   Parameters: {"id"=>"built_a_bridge"}
11:06:52 web.1  | USERAGENT: /verbs/built_a_bridge ApacheBench/2.3
11:06:52 web.1  | Completed 401 Unauthorized in 1ms
11:06:52 web.1  | [40431] 127.0.0.1 - - [16/May/2015 11:06:52] "GET /unauthenticated HTTP/1.0" 302 - 0.0458
11:07:57 web.1  | Started DELETE "/users/sign_out" for 127.0.0.1 at 2015-05-16 11:07:57 +0100
11:07:57 web.1  | Processing by Devise::SessionsController#destroy as HTML
11:07:57 web.1  |   Parameters: {"authenticity_token"=>"/QEN9q9Of2KBooIQkPjXq+K4xatb+GZtIuDJrxijPd0="}
11:07:57 web.1  |   [1m[36mUser Load (93.7ms)[0m  [1mSELECT  "users".* FROM "users"  WHERE "users"."id" = 2  ORDER BY "users"."id" ASC LIMIT 1[0m
11:07:57 web.1  | USERAGENT: /users/sign_out Mozilla/5.0 (Macintosh; Intel Mac OS X 10_10_3) AppleWebKit/537.36 (KHTML, like Gecko) Chrome/42.0.2311.135 Safari/537.36
11:07:57 web.1  |   [1m[35m (0.8ms)[0m  BEGIN
11:07:57 web.1  |   [1m[36m (0.2ms)[0m  [1mCOMMIT[0m
11:07:57 web.1  | Redirected to http://localhost:3001/
11:07:57 web.1  | Completed 302 Found in 213ms (ActiveRecord: 141.4ms)
11:07:57 web.1  | Oink Action: devise/sessions#destroy
11:07:57 web.1  | Memory usage: 2568280 | PID: 40431
11:07:57 web.1  | Instantiation Breakdown: Total: 1 | User: 1
11:07:57 web.1  | Oink Log Entry Complete
11:07:57 web.1  | [40431] 127.0.0.1 - - [16/May/2015 11:07:57] "DELETE /users/sign_out HTTP/1.1" 302 - 0.3246
11:07:57 web.1  | Started GET "/" for 127.0.0.1 at 2015-05-16 11:07:57 +0100
11:07:57 web.1  | Processing by HomeController#index as HTML
11:07:57 web.1  | USERAGENT: / Mozilla/5.0 (Macintosh; Intel Mac OS X 10_10_3) AppleWebKit/537.36 (KHTML, like Gecko) Chrome/42.0.2311.135 Safari/537.36
11:07:57 web.1  |   [1m[35m (199.0ms)[0m  SELECT COUNT(*) FROM "plaques"
11:07:57 web.1  |   [1m[36mPick Load (0.6ms)[0m  [1mSELECT  "picks".* FROM "picks"  WHERE (last_featured > '2015-05-15 23:59:59 UTC' and last_featured < '2015-05-17 00:00:00 UTC')  ORDER BY last_featured DESC LIMIT 1[0m
11:07:57 web.1  |   [1m[35mCACHE (0.0ms)[0m  SELECT  "picks".* FROM "picks"  WHERE (last_featured > '2015-05-15 23:59:59 UTC' and last_featured < '2015-05-17 00:00:00 UTC')  ORDER BY last_featured DESC LIMIT 1
11:07:57 web.1  |   Rendered home/_development_message.html.erb (0.9ms)
11:07:57 web.1  |   [1m[36mPlaque Load (0.4ms)[0m  [1mSELECT  "plaques".* FROM "plaques"  WHERE "plaques"."id" = $1 LIMIT 1[0m  [["id", 30478]]
11:07:57 web.1  |   [1m[35mPhoto Load (0.3ms)[0m  SELECT  "photos".* FROM "photos"  WHERE "photos"."plaque_id" = $1 AND "photos"."of_a_plaque" = 't'  ORDER BY shot ASC LIMIT 1  [["plaque_id", 30478]]
11:07:57 web.1  |   [1m[36mPersonalConnection Load (0.4ms)[0m  [1mSELECT "personal_connections".* FROM "personal_connections"  WHERE "personal_connections"."plaque_id" = $1[0m  [["plaque_id", 30478]]
11:07:57 web.1  |   [1m[35mPerson Load (0.3ms)[0m  SELECT  "people".* FROM "people"  WHERE "people"."id" = $1 LIMIT 1  [["id", 9251]]
11:07:57 web.1  |   [1m[36mColour Load (0.3ms)[0m  [1mSELECT  "colours".* FROM "colours"  WHERE "colours"."id" = $1 LIMIT 1[0m  [["id", 2]]
11:07:57 web.1  |   [1m[35mPlaque Load (66.1ms)[0m  SELECT  "plaques".* FROM "plaques"  WHERE (photos_count > 0)  ORDER BY random() LIMIT 2
11:07:57 web.1  |   [1m[36mPhoto Load (0.5ms)[0m  [1mSELECT  "photos".* FROM "photos"  WHERE "photos"."plaque_id" = $1 AND "photos"."of_a_plaque" = 't'  ORDER BY shot ASC LIMIT 1[0m  [["plaque_id", 9933]]
11:07:57 web.1  |   [1m[35mCACHE (0.0ms)[0m  SELECT  "photos".* FROM "photos"  WHERE "photos"."plaque_id" = $1 AND "photos"."of_a_plaque" = 't'  ORDER BY shot ASC LIMIT 1  [["plaque_id", 9933]]
11:07:57 web.1  |   [1m[36mPhoto Load (27.0ms)[0m  [1mSELECT  "photos".* FROM "photos"  WHERE "photos"."plaque_id" = $1 AND "photos"."of_a_plaque" = 't'  ORDER BY shot ASC LIMIT 1[0m  [["plaque_id", 5522]]
11:07:57 web.1  |   [1m[35mCACHE (0.0ms)[0m  SELECT  "photos".* FROM "photos"  WHERE "photos"."plaque_id" = $1 AND "photos"."of_a_plaque" = 't'  ORDER BY shot ASC LIMIT 1  [["plaque_id", 5522]]
11:07:57 web.1  |   Rendered home/index.html.erb within layouts/application (161.0ms)
11:07:57 web.1  | Completed 200 OK in 420ms (Views: 110.7ms | ActiveRecord: 295.0ms)
11:07:57 web.1  | Oink Action: home#index
11:07:57 web.1  | Memory usage: 2579548 | PID: 40431
11:07:57 web.1  | Instantiation Breakdown: Total: 13 | Photo: 5 | Plaque: 3 | Pick: 2 | PersonalConnection: 1 | Person: 1 | Colour: 1
11:07:57 web.1  | Oink Log Entry Complete
11:07:57 web.1  | [40431] 127.0.0.1 - - [16/May/2015 11:07:57] "GET / HTTP/1.1" 200 - 0.4974
11:07:57 web.1  | Started GET "/assets/application.js" for 127.0.0.1 at 2015-05-16 11:07:57 +0100
11:07:57 web.1  | Started GET "/assets/application.css" for 127.0.0.1 at 2015-05-16 11:07:57 +0100
11:07:57 web.1  | Memory usage: 2575448 | PID: 40432
11:07:57 web.1  | Instantiation Breakdown: Total: 0
11:07:57 web.1  | Oink Log Entry Complete
11:07:57 web.1  | Started GET "/assets/openplaques.png" for 127.0.0.1 at 2015-05-16 11:07:57 +0100
11:07:57 web.1  | [40432] 127.0.0.1 - - [16/May/2015 11:07:57] "GET /application.js HTTP/1.1" 304 - 0.0562
11:07:58 web.1  | Memory usage: 2575448 | PID: 40432
11:07:58 web.1  | Instantiation Breakdown: Total: 0
11:07:58 web.1  | Oink Log Entry Complete
11:07:58 web.1  | [40432] 127.0.0.1 - - [16/May/2015 11:07:58] "GET /openplaques.png HTTP/1.1" 304 - 0.0845
11:07:58 web.1  | Memory usage: 2579548 | PID: 40431
11:07:58 web.1  | Instantiation Breakdown: Total: 0
11:07:58 web.1  | Oink Log Entry Complete
11:07:58 web.1  | [40431] 127.0.0.1 - - [16/May/2015 11:07:58] "GET /application.css HTTP/1.1" 304 - 0.1430
11:07:58 web.1  | Started GET "/assets/icon_search.png" for 127.0.0.1 at 2015-05-16 11:07:58 +0100
11:07:58 web.1  | Memory usage: 2579548 | PID: 40431
11:07:58 web.1  | Instantiation Breakdown: Total: 0
11:07:58 web.1  | Oink Log Entry Complete
11:07:58 web.1  | [40431] 127.0.0.1 - - [16/May/2015 11:07:58] "GET /icon_search.png HTTP/1.1" 304 - 0.1033
11:08:03 web.1  | Started GET "/verbs/built_a_bridge" for 127.0.0.1 at 2015-05-16 11:08:03 +0100
11:08:03 web.1  | Processing by VerbsController#show as HTML
11:08:03 web.1  |   Parameters: {"id"=>"built_a_bridge"}
11:08:03 web.1  | USERAGENT: /verbs/built_a_bridge Mozilla/5.0 (Macintosh; Intel Mac OS X 10_10_3) AppleWebKit/537.36 (KHTML, like Gecko) Chrome/42.0.2311.135 Safari/537.36
11:08:03 web.1  | Completed 401 Unauthorized in 2ms
11:08:03 web.1  | [40431] 127.0.0.1 - - [16/May/2015 11:08:03] "GET /unauthenticated HTTP/1.1" 302 - 0.0731
11:08:03 web.1  | Started GET "/users/sign_in" for 127.0.0.1 at 2015-05-16 11:08:03 +0100
11:08:03 web.1  | Processing by Devise::SessionsController#new as HTML
11:08:03 web.1  | USERAGENT: /users/sign_in Mozilla/5.0 (Macintosh; Intel Mac OS X 10_10_3) AppleWebKit/537.36 (KHTML, like Gecko) Chrome/42.0.2311.135 Safari/537.36
11:08:03 web.1  |   Rendered devise/shared/_links.erb (2.6ms)
11:08:03 web.1  |   Rendered devise/sessions/new.html.erb within layouts/application (159.8ms)
11:08:03 web.1  | Completed 200 OK in 264ms (Views: 232.2ms | ActiveRecord: 0.0ms)
11:08:03 web.1  | Oink Action: devise/sessions#new
11:08:03 web.1  | Memory usage: 2580572 | PID: 40431
11:08:03 web.1  | Instantiation Breakdown: Total: 1 | User: 1
11:08:03 web.1  | Oink Log Entry Complete
11:08:03 web.1  | [40431] 127.0.0.1 - - [16/May/2015 11:08:03] "GET /users/sign_in HTTP/1.1" 200 - 0.3382
11:08:03 web.1  | Started GET "/assets/application.css" for 127.0.0.1 at 2015-05-16 11:08:03 +0100
11:08:03 web.1  | Started GET "/assets/openplaques.png" for 127.0.0.1 at 2015-05-16 11:08:03 +0100
11:08:03 web.1  | Memory usage: 2575448 | PID: 40432
11:08:03 web.1  | Instantiation Breakdown: Total: 0
11:08:03 web.1  | Oink Log Entry Complete
11:08:03 web.1  | Started GET "/assets/application.js" for 127.0.0.1 at 2015-05-16 11:08:03 +0100
11:08:03 web.1  | [40432] 127.0.0.1 - - [16/May/2015 11:08:03] "GET /openplaques.png HTTP/1.1" 304 - 0.1175
11:08:03 web.1  | Memory usage: 2575448 | PID: 40432
11:08:03 web.1  | Instantiation Breakdown: Total: 0
11:08:03 web.1  | Oink Log Entry Complete
11:08:03 web.1  | [40432] 127.0.0.1 - - [16/May/2015 11:08:03] "GET /application.js HTTP/1.1" 304 - 0.1208
11:08:03 web.1  | Memory usage: 2580572 | PID: 40431
11:08:03 web.1  | Instantiation Breakdown: Total: 0
11:08:03 web.1  | Oink Log Entry Complete
11:08:03 web.1  | [40431] 127.0.0.1 - - [16/May/2015 11:08:03] "GET /application.css HTTP/1.1" 304 - 0.1494
11:08:03 web.1  | Started GET "/assets/icon_search.png" for 127.0.0.1 at 2015-05-16 11:08:03 +0100
11:08:03 web.1  | Memory usage: 2580572 | PID: 40431
11:08:03 web.1  | Instantiation Breakdown: Total: 0
11:08:03 web.1  | Oink Log Entry Complete
11:08:03 web.1  | [40431] 127.0.0.1 - - [16/May/2015 11:08:03] "GET /icon_search.png HTTP/1.1" 304 - 0.1216
11:08:11 web.1  | Started GET "/plaques/9933" for 127.0.0.1 at 2015-05-16 11:08:11 +0100
11:08:11 web.1  | Processing by PlaquesController#show as HTML
11:08:11 web.1  |   Parameters: {"id"=>"9933"}
11:08:11 web.1  | USERAGENT: /plaques/9933 Mozilla/5.0 (Macintosh; Intel Mac OS X 10_10_3) AppleWebKit/537.36 (KHTML, like Gecko) Chrome/42.0.2311.135 Safari/537.36
11:08:11 web.1  |   [1m[36mPlaque Load (18.2ms)[0m  [1mSELECT  "plaques".* FROM "plaques"  WHERE "plaques"."id" = $1 LIMIT 1[0m  [["id", 9933]]
11:08:11 web.1  |   [1m[35mPhoto Load (0.4ms)[0m  SELECT  "photos".* FROM "photos"  WHERE "photos"."plaque_id" = $1 AND "photos"."of_a_plaque" = 't'  ORDER BY shot ASC LIMIT 1  [["plaque_id", 9933]]
11:08:11 web.1  |   [1m[36mPersonalConnection Load (10.6ms)[0m  [1mSELECT "personal_connections".* FROM "personal_connections"  WHERE "personal_connections"."plaque_id" = $1[0m  [["plaque_id", 9933]]
11:08:11 web.1  |   [1m[35mColour Load (0.3ms)[0m  SELECT  "colours".* FROM "colours"  WHERE "colours"."id" = $1 LIMIT 1  [["id", 2]]
11:08:11 web.1  |   [1m[36mLanguage Load (11.6ms)[0m  [1mSELECT  "languages".* FROM "languages"  WHERE "languages"."id" = $1 LIMIT 1[0m  [["id", 1]]
11:08:12 web.1  |   [1m[35mLicence Load (0.7ms)[0m  SELECT  "licences".* FROM "licences"  WHERE "licences"."id" = $1 LIMIT 1  [["id", 5]]
11:08:12 web.1  |   [1m[36mPhoto Load (0.3ms)[0m  [1mSELECT "photos".* FROM "photos"  WHERE "photos"."plaque_id" = $1 AND "photos"."of_a_plaque" = 't'  ORDER BY shot ASC[0m  [["plaque_id", 9933]]
11:08:12 web.1  |   [1m[35m (46.1ms)[0m  SELECT COUNT(*) FROM "organisations" INNER JOIN "sponsorships" ON "organisations"."id" = "sponsorships"."organisation_id" WHERE "sponsorships"."plaque_id" = $1  [["plaque_id", 9933]]
11:08:12 web.1  |   [1m[36mCACHE (0.0ms)[0m  [1mSELECT COUNT(*) FROM "organisations" INNER JOIN "sponsorships" ON "organisations"."id" = "sponsorships"."organisation_id" WHERE "sponsorships"."plaque_id" = $1[0m  [["plaque_id", 9933]]
11:08:12 web.1  |   [1m[35mOrganisation Load (0.3ms)[0m  SELECT "organisations".* FROM "organisations" INNER JOIN "sponsorships" ON "organisations"."id" = "sponsorships"."organisation_id" WHERE "sponsorships"."plaque_id" = $1  [["plaque_id", 9933]]
11:08:12 web.1  |   Rendered colours/_colour.html.erb (1.0ms)
11:08:12 web.1  |   [1m[36mArea Load (14.6ms)[0m  [1mSELECT  "areas".* FROM "areas"  WHERE "areas"."id" = $1  ORDER BY name ASC LIMIT 1[0m  [["id", 133]]
11:08:12 web.1  |   [1m[35mCountry Load (0.9ms)[0m  SELECT  "countries".* FROM "countries"  WHERE "countries"."id" = $1 LIMIT 1  [["id", 1]]
11:08:12 web.1  |   Rendered collection (0.0ms)
11:08:12 web.1  |   Rendered plaques/_details.erb (544.6ms)
11:08:12 web.1  |   Rendered plaques/show.html.erb within layouts/application (803.5ms)
11:08:12 web.1  | Completed 200 OK in 924ms (Views: 667.8ms | ActiveRecord: 220.3ms)
11:08:12 web.1  | Oink Action: plaques#show
11:08:12 web.1  | Memory usage: 2580572 | PID: 40431
11:08:12 web.1  | Instantiation Breakdown: Total: 10 | Photo: 3 | Licence: 1 | Colour: 1 | Language: 1 | Plaque: 1 | Organisation: 1 | Area: 1 | Country: 1
11:08:12 web.1  | Oink Log Entry Complete
11:08:12 web.1  | [40431] 127.0.0.1 - - [16/May/2015 11:08:12] "GET /plaques/9933 HTTP/1.1" 200 - 1.0433
11:08:12 web.1  | Started GET "/assets/application.js" for 127.0.0.1 at 2015-05-16 11:08:12 +0100
11:08:12 web.1  | Started GET "/assets/application.css" for 127.0.0.1 at 2015-05-16 11:08:12 +0100
11:08:12 web.1  | Memory usage: 2576472 | PID: 40432
11:08:12 web.1  | Instantiation Breakdown: Total: 0
11:08:12 web.1  | Oink Log Entry Complete
11:08:12 web.1  | Started GET "/assets/openplaques.png" for 127.0.0.1 at 2015-05-16 11:08:12 +0100
11:08:12 web.1  | [40432] 127.0.0.1 - - [16/May/2015 11:08:12] "GET /application.js HTTP/1.1" 304 - 0.0723
11:08:12 web.1  | Memory usage: 2576472 | PID: 40432
11:08:12 web.1  | Instantiation Breakdown: Total: 0
11:08:12 web.1  | Oink Log Entry Complete
11:08:12 web.1  | [40432] 127.0.0.1 - - [16/May/2015 11:08:12] "GET /openplaques.png HTTP/1.1" 304 - 0.0908
11:08:12 web.1  | Memory usage: 2580572 | PID: 40431
11:08:12 web.1  | Instantiation Breakdown: Total: 0
11:08:12 web.1  | Oink Log Entry Complete
11:08:12 web.1  | [40431] 127.0.0.1 - - [16/May/2015 11:08:12] "GET /application.css HTTP/1.1" 304 - 0.1775
11:08:13 web.1  | Started GET "/assets/icon_search.png" for 127.0.0.1 at 2015-05-16 11:08:13 +0100
11:08:13 web.1  | Memory usage: 2580572 | PID: 40431
11:08:13 web.1  | Instantiation Breakdown: Total: 0
11:08:13 web.1  | Oink Log Entry Complete
11:08:13 web.1  | [40431] 127.0.0.1 - - [16/May/2015 11:08:13] "GET /icon_search.png HTTP/1.1" 304 - 0.0797
11:08:30 web.1  | Started GET "/verbs" for 127.0.0.1 at 2015-05-16 11:08:30 +0100
11:08:30 web.1  | Started GET "/verbs" for 127.0.0.1 at 2015-05-16 11:08:30 +0100
11:08:30 web.1  | Processing by VerbsController#index as */*
11:08:30 web.1  | USERAGENT: /verbs ApacheBench/2.3
11:08:30 web.1  | Processing by VerbsController#index as */*
11:08:30 web.1  | USERAGENT: /verbs ApacheBench/2.3
11:08:30 web.1  |   [1m[36mVerb Load (132.8ms)[0m  [1mSELECT "verbs".* FROM "verbs"   ORDER BY "verbs"."name" ASC[0m
11:08:30 web.1  |   [1m[36mVerb Load (124.7ms)[0m  [1mSELECT "verbs".* FROM "verbs"   ORDER BY "verbs"."name" ASC[0m
11:08:31 web.1  |   [1m[35m (41.6ms)[0m  SELECT COUNT(*) FROM "personal_connections"  WHERE "personal_connections"."verb_id" = $1  [["verb_id", 687]]
11:08:31 web.1  |   [1m[36m (1.2ms)[0m  [1mSELECT COUNT(*) FROM "personal_connections"  WHERE "personal_connections"."verb_id" = $1[0m  [["verb_id", 1294]]
11:08:31 web.1  |   [1m[35m (1.5ms)[0m  SELECT COUNT(*) FROM "personal_connections"  WHERE "personal_connections"."verb_id" = $1  [["verb_id", 316]]
11:08:31 web.1  |   [1m[36m (0.8ms)[0m  [1mSELECT COUNT(*) FROM "personal_connections"  WHERE "personal_connections"."verb_id" = $1[0m  [["verb_id", 1158]]
11:08:31 web.1  |   [1m[35m (11.8ms)[0m  SELECT COUNT(*) FROM "personal_connections"  WHERE "personal_connections"."verb_id" = $1  [["verb_id", 1461]]
11:08:31 web.1  |   [1m[36m (1.1ms)[0m  [1mSELECT COUNT(*) FROM "personal_connections"  WHERE "personal_connections"."verb_id" = $1[0m  [["verb_id", 995]]
11:08:31 web.1  |   [1m[35m (0.9ms)[0m  SELECT COUNT(*) FROM "personal_connections"  WHERE "personal_connections"."verb_id" = $1  [["verb_id", 1176]]
11:08:31 web.1  |   [1m[36m (0.9ms)[0m  [1mSELECT COUNT(*) FROM "personal_connections"  WHERE "personal_connections"."verb_id" = $1[0m  [["verb_id", 1102]]
11:08:31 web.1  |   [1m[35m (0.6ms)[0m  SELECT COUNT(*) FROM "personal_connections"  WHERE "personal_connections"."verb_id" = $1  [["verb_id", 1028]]
11:08:31 web.1  |   [1m[36m (0.9ms)[0m  [1mSELECT COUNT(*) FROM "personal_connections"  WHERE "personal_connections"."verb_id" = $1[0m  [["verb_id", 1521]]
11:08:31 web.1  |   [1m[35m (0.2ms)[0m  SELECT COUNT(*) FROM "personal_connections"  WHERE "personal_connections"."verb_id" = $1  [["verb_id", 687]]
11:08:31 web.1  |   [1m[35m (0.6ms)[0m  SELECT COUNT(*) FROM "personal_connections"  WHERE "personal_connections"."verb_id" = $1  [["verb_id", 1582]]
11:08:31 web.1  |   [1m[36m (0.3ms)[0m  [1mSELECT COUNT(*) FROM "personal_connections"  WHERE "personal_connections"."verb_id" = $1[0m  [["verb_id", 695]]
11:08:31 web.1  |   [1m[36m (0.3ms)[0m  [1mSELECT COUNT(*) FROM "personal_connections"  WHERE "personal_connections"."verb_id" = $1[0m  [["verb_id", 1294]]
11:08:31 web.1  |   [1m[35m (0.3ms)[0m  SELECT COUNT(*) FROM "personal_connections"  WHERE "personal_connections"."verb_id" = $1  [["verb_id", 618]]
11:08:31 web.1  |   [1m[35m (0.6ms)[0m  SELECT COUNT(*) FROM "personal_connections"  WHERE "personal_connections"."verb_id" = $1  [["verb_id", 316]]
11:08:31 web.1  |   [1m[36m (0.3ms)[0m  [1mSELECT COUNT(*) FROM "personal_connections"  WHERE "personal_connections"."verb_id" = $1[0m  [["verb_id", 1158]]
11:08:31 web.1  |   [1m[35m (0.4ms)[0m  SELECT COUNT(*) FROM "personal_connections"  WHERE "personal_connections"."verb_id" = $1  [["verb_id", 1461]]
11:08:31 web.1  |   [1m[36m (0.5ms)[0m  [1mSELECT COUNT(*) FROM "personal_connections"  WHERE "personal_connections"."verb_id" = $1[0m  [["verb_id", 972]]
11:08:31 web.1  |   [1m[36m (0.4ms)[0m  [1mSELECT COUNT(*) FROM "personal_connections"  WHERE "personal_connections"."verb_id" = $1[0m  [["verb_id", 995]]
11:08:31 web.1  |   [1m[35m (4.3ms)[0m  SELECT COUNT(*) FROM "personal_connections"  WHERE "personal_connections"."verb_id" = $1  [["verb_id", 943]]
11:08:31 web.1  |   [1m[35m (0.4ms)[0m  SELECT COUNT(*) FROM "personal_connections"  WHERE "personal_connections"."verb_id" = $1  [["verb_id", 1176]]
11:08:31 web.1  |   [1m[36m (0.7ms)[0m  [1mSELECT COUNT(*) FROM "personal_connections"  WHERE "personal_connections"."verb_id" = $1[0m  [["verb_id", 1117]]
11:08:31 web.1  |   [1m[35m (0.7ms)[0m  SELECT COUNT(*) FROM "personal_connections"  WHERE "personal_connections"."verb_id" = $1  [["verb_id", 1353]]
11:08:31 web.1  |   [1m[36m (0.4ms)[0m  [1mSELECT COUNT(*) FROM "personal_connections"  WHERE "personal_connections"."verb_id" = $1[0m  [["verb_id", 1102]]
11:08:31 web.1  |   [1m[36m (0.3ms)[0m  [1mSELECT COUNT(*) FROM "personal_connections"  WHERE "personal_connections"."verb_id" = $1[0m  [["verb_id", 941]]
11:08:31 web.1  |   [1m[35m (0.6ms)[0m  SELECT COUNT(*) FROM "personal_connections"  WHERE "personal_connections"."verb_id" = $1  [["verb_id", 1141]]
11:08:31 web.1  |   [1m[35m (0.4ms)[0m  SELECT COUNT(*) FROM "personal_connections"  WHERE "personal_connections"."verb_id" = $1  [["verb_id", 1028]]
11:08:31 web.1  |   [1m[36m (0.7ms)[0m  [1mSELECT COUNT(*) FROM "personal_connections"  WHERE "personal_connections"."verb_id" = $1[0m  [["verb_id", 1217]]
11:08:31 web.1  |   [1m[35m (0.6ms)[0m  SELECT COUNT(*) FROM "personal_connections"  WHERE "personal_connections"."verb_id" = $1  [["verb_id", 1043]]
11:08:31 web.1  |   [1m[36m (0.3ms)[0m  [1mSELECT COUNT(*) FROM "personal_connections"  WHERE "personal_connections"."verb_id" = $1[0m  [["verb_id", 1521]]
11:08:31 web.1  |   [1m[36m (0.3ms)[0m  [1mSELECT COUNT(*) FROM "personal_connections"  WHERE "personal_connections"."verb_id" = $1[0m  [["verb_id", 971]]
11:08:31 web.1  |   [1m[35m (0.6ms)[0m  SELECT COUNT(*) FROM "personal_connections"  WHERE "personal_connections"."verb_id" = $1  [["verb_id", 1282]]
11:08:31 web.1  |   [1m[35m (0.3ms)[0m  SELECT COUNT(*) FROM "personal_connections"  WHERE "personal_connections"."verb_id" = $1  [["verb_id", 1582]]
11:08:31 web.1  |   [1m[36m (0.8ms)[0m  [1mSELECT COUNT(*) FROM "personal_connections"  WHERE "personal_connections"."verb_id" = $1[0m  [["verb_id", 767]]
11:08:31 web.1  |   [1m[35m (1.6ms)[0m  SELECT COUNT(*) FROM "personal_connections"  WHERE "personal_connections"."verb_id" = $1  [["verb_id", 530]]
11:08:31 web.1  |   [1m[36m (0.3ms)[0m  [1mSELECT COUNT(*) FROM "personal_connections"  WHERE "personal_connections"."verb_id" = $1[0m  [["verb_id", 695]]
11:08:31 web.1  |   [1m[36m (0.3ms)[0m  [1mSELECT COUNT(*) FROM "personal_connections"  WHERE "personal_connections"."verb_id" = $1[0m  [["verb_id", 886]]
11:08:31 web.1  |   [1m[35m (0.3ms)[0m  SELECT COUNT(*) FROM "personal_connections"  WHERE "personal_connections"."verb_id" = $1  [["verb_id", 618]]
11:08:31 web.1  |   [1m[35m (0.6ms)[0m  SELECT COUNT(*) FROM "personal_connections"  WHERE "personal_connections"."verb_id" = $1  [["verb_id", 1047]]
11:08:31 web.1  |   [1m[36m (0.2ms)[0m  [1mSELECT COUNT(*) FROM "personal_connections"  WHERE "personal_connections"."verb_id" = $1[0m  [["verb_id", 972]]
11:08:31 web.1  |   [1m[36m (0.6ms)[0m  [1mSELECT COUNT(*) FROM "personal_connections"  WHERE "personal_connections"."verb_id" = $1[0m  [["verb_id", 786]]
11:08:31 web.1  |   [1m[35m (0.3ms)[0m  SELECT COUNT(*) FROM "personal_connections"  WHERE "personal_connections"."verb_id" = $1  [["verb_id", 943]]
11:08:31 web.1  |   [1m[35m (0.6ms)[0m  SELECT COUNT(*) FROM "personal_connections"  WHERE "personal_connections"."verb_id" = $1  [["verb_id", 833]]
11:08:31 web.1  |   [1m[36m (0.7ms)[0m  [1mSELECT COUNT(*) FROM "personal_connections"  WHERE "personal_connections"."verb_id" = $1[0m  [["verb_id", 1345]]
11:08:31 web.1  |   [1m[36m (0.3ms)[0m  [1mSELECT COUNT(*) FROM "personal_connections"  WHERE "personal_connections"."verb_id" = $1[0m  [["verb_id", 1117]]
11:08:31 web.1  |   [1m[35m (0.3ms)[0m  SELECT COUNT(*) FROM "personal_connections"  WHERE "personal_connections"."verb_id" = $1  [["verb_id", 793]]
11:08:31 web.1  |   [1m[36m (0.3ms)[0m  [1mSELECT COUNT(*) FROM "personal_connections"  WHERE "personal_connections"."verb_id" = $1[0m  [["verb_id", 702]]
11:08:31 web.1  |   [1m[35m (0.3ms)[0m  SELECT COUNT(*) FROM "personal_connections"  WHERE "personal_connections"."verb_id" = $1  [["verb_id", 1353]]
11:08:31 web.1  |   [1m[35m (0.8ms)[0m  SELECT COUNT(*) FROM "personal_connections"  WHERE "personal_connections"."verb_id" = $1  [["verb_id", 50]]
11:08:31 web.1  |   [1m[36m (0.3ms)[0m  [1mSELECT COUNT(*) FROM "personal_connections"  WHERE "personal_connections"."verb_id" = $1[0m  [["verb_id", 941]]
11:08:31 web.1  |   [1m[36m (0.6ms)[0m  [1mSELECT COUNT(*) FROM "personal_connections"  WHERE "personal_connections"."verb_id" = $1[0m  [["verb_id", 394]]
11:08:31 web.1  |   [1m[35m (0.3ms)[0m  SELECT COUNT(*) FROM "personal_connections"  WHERE "personal_connections"."verb_id" = $1  [["verb_id", 1141]]
11:08:31 web.1  |   [1m[35m (0.6ms)[0m  SELECT COUNT(*) FROM "personal_connections"  WHERE "personal_connections"."verb_id" = $1  [["verb_id", 526]]
11:08:31 web.1  |   [1m[36m (0.3ms)[0m  [1mSELECT COUNT(*) FROM "personal_connections"  WHERE "personal_connections"."verb_id" = $1[0m  [["verb_id", 1217]]
11:08:31 web.1  |   [1m[36m (0.7ms)[0m  [1mSELECT COUNT(*) FROM "personal_connections"  WHERE "personal_connections"."verb_id" = $1[0m  [["verb_id", 1551]]
11:08:31 web.1  |   [1m[35m (0.3ms)[0m  SELECT COUNT(*) FROM "personal_connections"  WHERE "personal_connections"."verb_id" = $1  [["verb_id", 1043]]
11:08:31 web.1  |   [1m[35m (0.6ms)[0m  SELECT COUNT(*) FROM "personal_connections"  WHERE "personal_connections"."verb_id" = $1  [["verb_id", 1254]]
11:08:31 web.1  |   [1m[36m (0.3ms)[0m  [1mSELECT COUNT(*) FROM "personal_connections"  WHERE "personal_connections"."verb_id" = $1[0m  [["verb_id", 971]]
11:08:31 web.1  |   [1m[36m (0.4ms)[0m  [1mSELECT COUNT(*) FROM "personal_connections"  WHERE "personal_connections"."verb_id" = $1[0m  [["verb_id", 1489]]
11:08:31 web.1  |   [1m[35m (0.5ms)[0m  SELECT COUNT(*) FROM "personal_connections"  WHERE "personal_connections"."verb_id" = $1  [["verb_id", 1282]]
11:08:31 web.1  |   [1m[36m (0.3ms)[0m  [1mSELECT COUNT(*) FROM "personal_connections"  WHERE "personal_connections"."verb_id" = $1[0m  [["verb_id", 767]]
11:08:31 web.1  |   [1m[35m (0.3ms)[0m  SELECT COUNT(*) FROM "personal_connections"  WHERE "personal_connections"."verb_id" = $1  [["verb_id", 530]]
11:08:31 web.1  |   [1m[35m (12.9ms)[0m  SELECT COUNT(*) FROM "personal_connections"  WHERE "personal_connections"."verb_id" = $1  [["verb_id", 21]]
11:08:31 web.1  |   [1m[36m (0.3ms)[0m  [1mSELECT COUNT(*) FROM "personal_connections"  WHERE "personal_connections"."verb_id" = $1[0m  [["verb_id", 935]]
11:08:31 web.1  |   [1m[36m (0.2ms)[0m  [1mSELECT COUNT(*) FROM "personal_connections"  WHERE "personal_connections"."verb_id" = $1[0m  [["verb_id", 886]]
11:08:31 web.1  |   [1m[35m (0.3ms)[0m  SELECT COUNT(*) FROM "personal_connections"  WHERE "personal_connections"."verb_id" = $1  [["verb_id", 1047]]
11:08:31 web.1  |   [1m[35m (0.2ms)[0m  SELECT COUNT(*) FROM "personal_connections"  WHERE "personal_connections"."verb_id" = $1  [["verb_id", 1370]]
11:08:31 web.1  |   [1m[36m (0.2ms)[0m  [1mSELECT COUNT(*) FROM "personal_connections"  WHERE "personal_connections"."verb_id" = $1[0m  [["verb_id", 398]]
11:08:31 web.1  |   [1m[36m (0.3ms)[0m  [1mSELECT COUNT(*) FROM "personal_connections"  WHERE "personal_connections"."verb_id" = $1[0m  [["verb_id", 786]]
11:08:31 web.1  |   [1m[35m (0.3ms)[0m  SELECT COUNT(*) FROM "personal_connections"  WHERE "personal_connections"."verb_id" = $1  [["verb_id", 58]]
11:08:31 web.1  |   [1m[35m (0.3ms)[0m  SELECT COUNT(*) FROM "personal_connections"  WHERE "personal_connections"."verb_id" = $1  [["verb_id", 833]]
11:08:31 web.1  |   [1m[36m (0.3ms)[0m  [1mSELECT COUNT(*) FROM "personal_connections"  WHERE "personal_connections"."verb_id" = $1[0m  [["verb_id", 1345]]
11:08:31 web.1  |   [1m[35m (0.3ms)[0m  SELECT COUNT(*) FROM "personal_connections"  WHERE "personal_connections"."verb_id" = $1  [["verb_id", 793]]
11:08:31 web.1  |   [1m[36m (0.3ms)[0m  [1mSELECT COUNT(*) FROM "personal_connections"  WHERE "personal_connections"."verb_id" = $1[0m  [["verb_id", 702]]
11:08:31 web.1  |   [1m[35m (0.3ms)[0m  SELECT COUNT(*) FROM "personal_connections"  WHERE "personal_connections"."verb_id" = $1  [["verb_id", 50]]
11:08:31 web.1  |   [1m[36m (22.0ms)[0m  [1mSELECT COUNT(*) FROM "personal_connections"  WHERE "personal_connections"."verb_id" = $1[0m  [["verb_id", 177]]
11:08:31 web.1  |   [1m[35m (0.4ms)[0m  SELECT COUNT(*) FROM "personal_connections"  WHERE "personal_connections"."verb_id" = $1  [["verb_id", 582]]
11:08:31 web.1  |   [1m[36m (0.2ms)[0m  [1mSELECT COUNT(*) FROM "personal_connections"  WHERE "personal_connections"."verb_id" = $1[0m  [["verb_id", 394]]
11:08:31 web.1  |   [1m[35m (0.3ms)[0m  SELECT COUNT(*) FROM "personal_connections"  WHERE "personal_connections"."verb_id" = $1  [["verb_id", 526]]
11:08:31 web.1  |   [1m[36m (0.3ms)[0m  [1mSELECT COUNT(*) FROM "personal_connections"  WHERE "personal_connections"."verb_id" = $1[0m  [["verb_id", 1280]]
11:08:31 web.1  |   [1m[36m (0.4ms)[0m  [1mSELECT COUNT(*) FROM "personal_connections"  WHERE "personal_connections"."verb_id" = $1[0m  [["verb_id", 1551]]
11:08:31 web.1  |   [1m[35m (1.3ms)[0m  SELECT COUNT(*) FROM "personal_connections"  WHERE "personal_connections"."verb_id" = $1  [["verb_id", 1148]]
11:08:31 web.1  |   [1m[35m (0.3ms)[0m  SELECT COUNT(*) FROM "personal_connections"  WHERE "personal_connections"."verb_id" = $1  [["verb_id", 1254]]
11:08:31 web.1  |   [1m[36m (0.3ms)[0m  [1mSELECT COUNT(*) FROM "personal_connections"  WHERE "personal_connections"."verb_id" = $1[0m  [["verb_id", 1489]]
11:08:31 web.1  |   [1m[35m (0.4ms)[0m  SELECT COUNT(*) FROM "personal_connections"  WHERE "personal_connections"."verb_id" = $1  [["verb_id", 21]]
11:08:31 web.1  |   [1m[36m (17.7ms)[0m  [1mSELECT COUNT(*) FROM "personal_connections"  WHERE "personal_connections"."verb_id" = $1[0m  [["verb_id", 354]]
11:08:31 web.1  |   [1m[36m (0.3ms)[0m  [1mSELECT COUNT(*) FROM "personal_connections"  WHERE "personal_connections"."verb_id" = $1[0m  [["verb_id", 935]]
11:08:31 web.1  |   [1m[35m (0.2ms)[0m  SELECT COUNT(*) FROM "personal_connections"  WHERE "personal_connections"."verb_id" = $1  [["verb_id", 1370]]
11:08:31 web.1  |   [1m[35m (0.6ms)[0m  SELECT COUNT(*) FROM "personal_connections"  WHERE "personal_connections"."verb_id" = $1  [["verb_id", 857]]
11:08:31 web.1  |   [1m[36m (0.3ms)[0m  [1mSELECT COUNT(*) FROM "personal_connections"  WHERE "personal_connections"."verb_id" = $1[0m  [["verb_id", 398]]
11:08:31 web.1  |   [1m[36m (0.2ms)[0m  [1mSELECT COUNT(*) FROM "personal_connections"  WHERE "personal_connections"."verb_id" = $1[0m  [["verb_id", 1119]]
11:08:31 web.1  |   [1m[35m (0.3ms)[0m  SELECT COUNT(*) FROM "personal_connections"  WHERE "personal_connections"."verb_id" = $1  [["verb_id", 58]]
11:08:31 web.1  |   [1m[35m (0.5ms)[0m  SELECT COUNT(*) FROM "personal_connections"  WHERE "personal_connections"."verb_id" = $1  [["verb_id", 865]]
11:08:31 web.1  |   [1m[36m (0.4ms)[0m  [1mSELECT COUNT(*) FROM "personal_connections"  WHERE "personal_connections"."verb_id" = $1[0m  [["verb_id", 177]]
11:08:31 web.1  |   [1m[36m (0.3ms)[0m  [1mSELECT COUNT(*) FROM "personal_connections"  WHERE "personal_connections"."verb_id" = $1[0m  [["verb_id", 841]]
11:08:31 web.1  |   [1m[35m (0.3ms)[0m  SELECT COUNT(*) FROM "personal_connections"  WHERE "personal_connections"."verb_id" = $1  [["verb_id", 582]]
11:08:31 web.1  |   [1m[35m (0.3ms)[0m  SELECT COUNT(*) FROM "personal_connections"  WHERE "personal_connections"."verb_id" = $1  [["verb_id", 1297]]
11:08:31 web.1  |   [1m[36m (0.3ms)[0m  [1mSELECT COUNT(*) FROM "personal_connections"  WHERE "personal_connections"."verb_id" = $1[0m  [["verb_id", 1280]]
11:08:31 web.1  |   [1m[36m (0.3ms)[0m  [1mSELECT COUNT(*) FROM "personal_connections"  WHERE "personal_connections"."verb_id" = $1[0m  [["verb_id", 1529]]
11:08:31 web.1  |   [1m[35m (0.3ms)[0m  SELECT COUNT(*) FROM "personal_connections"  WHERE "personal_connections"."verb_id" = $1  [["verb_id", 1148]]
11:08:31 web.1  |   [1m[35m (0.3ms)[0m  SELECT COUNT(*) FROM "personal_connections"  WHERE "personal_connections"."verb_id" = $1  [["verb_id", 55]]
11:08:31 web.1  |   [1m[36m (0.3ms)[0m  [1mSELECT COUNT(*) FROM "personal_connections"  WHERE "personal_connections"."verb_id" = $1[0m  [["verb_id", 354]]
11:08:31 web.1  |   [1m[36m (0.3ms)[0m  [1mSELECT COUNT(*) FROM "personal_connections"  WHERE "personal_connections"."verb_id" = $1[0m  [["verb_id", 181]]
11:08:31 web.1  |   [1m[35m (0.3ms)[0m  SELECT COUNT(*) FROM "personal_connections"  WHERE "personal_connections"."verb_id" = $1  [["verb_id", 857]]
11:08:31 web.1  |   [1m[35m (0.6ms)[0m  SELECT COUNT(*) FROM "personal_connections"  WHERE "personal_connections"."verb_id" = $1  [["verb_id", 402]]
11:08:31 web.1  |   [1m[36m (0.3ms)[0m  [1mSELECT COUNT(*) FROM "personal_connections"  WHERE "personal_connections"."verb_id" = $1[0m  [["verb_id", 1119]]
11:08:31 web.1  |   [1m[36m (0.3ms)[0m  [1mSELECT COUNT(*) FROM "personal_connections"  WHERE "personal_connections"."verb_id" = $1[0m  [["verb_id", 1488]]
11:08:31 web.1  |   [1m[35m (0.4ms)[0m  SELECT COUNT(*) FROM "personal_connections"  WHERE "personal_connections"."verb_id" = $1  [["verb_id", 865]]
11:08:31 web.1  |   [1m[35m (0.5ms)[0m  SELECT COUNT(*) FROM "personal_connections"  WHERE "personal_connections"."verb_id" = $1  [["verb_id", 404]]
11:08:31 web.1  |   [1m[36m (0.3ms)[0m  [1mSELECT COUNT(*) FROM "personal_connections"  WHERE "personal_connections"."verb_id" = $1[0m  [["verb_id", 841]]
11:08:31 web.1  |   [1m[35m (0.3ms)[0m  SELECT COUNT(*) FROM "personal_connections"  WHERE "personal_connections"."verb_id" = $1  [["verb_id", 1297]]
11:08:31 web.1  |   [1m[36m (0.7ms)[0m  [1mSELECT COUNT(*) FROM "personal_connections"  WHERE "personal_connections"."verb_id" = $1[0m  [["verb_id", 338]]
11:08:31 web.1  |   [1m[36m (0.3ms)[0m  [1mSELECT COUNT(*) FROM "personal_connections"  WHERE "personal_connections"."verb_id" = $1[0m  [["verb_id", 1529]]
11:08:31 web.1  |   [1m[35m (1.0ms)[0m  SELECT COUNT(*) FROM "personal_connections"  WHERE "personal_connections"."verb_id" = $1  [["verb_id", 919]]
11:08:31 web.1  |   [1m[35m (0.3ms)[0m  SELECT COUNT(*) FROM "personal_connections"  WHERE "personal_connections"."verb_id" = $1  [["verb_id", 55]]
11:08:31 web.1  |   [1m[36m (0.3ms)[0m  [1mSELECT COUNT(*) FROM "personal_connections"  WHERE "personal_connections"."verb_id" = $1[0m  [["verb_id", 1112]]
11:08:31 web.1  |   [1m[36m (0.3ms)[0m  [1mSELECT COUNT(*) FROM "personal_connections"  WHERE "personal_connections"."verb_id" = $1[0m  [["verb_id", 181]]
11:08:31 web.1  |   [1m[35m (1.1ms)[0m  SELECT COUNT(*) FROM "personal_connections"  WHERE "personal_connections"."verb_id" = $1  [["verb_id", 785]]
11:08:31 web.1  |   [1m[35m (0.3ms)[0m  SELECT COUNT(*) FROM "personal_connections"  WHERE "personal_connections"."verb_id" = $1  [["verb_id", 402]]
11:08:31 web.1  |   [1m[36m (0.3ms)[0m  [1mSELECT COUNT(*) FROM "personal_connections"  WHERE "personal_connections"."verb_id" = $1[0m  [["verb_id", 658]]
11:08:31 web.1  |   [1m[36m (0.3ms)[0m  [1mSELECT COUNT(*) FROM "personal_connections"  WHERE "personal_connections"."verb_id" = $1[0m  [["verb_id", 1488]]
11:08:31 web.1  |   [1m[35m (0.3ms)[0m  SELECT COUNT(*) FROM "personal_connections"  WHERE "personal_connections"."verb_id" = $1  [["verb_id", 320]]
11:08:31 web.1  |   [1m[35m (0.3ms)[0m  SELECT COUNT(*) FROM "personal_connections"  WHERE "personal_connections"."verb_id" = $1  [["verb_id", 404]]
11:08:31 web.1  |   [1m[36m (0.3ms)[0m  [1mSELECT COUNT(*) FROM "personal_connections"  WHERE "personal_connections"."verb_id" = $1[0m  [["verb_id", 338]]
11:08:31 web.1  |   [1m[36m (0.2ms)[0m  [1mSELECT COUNT(*) FROM "personal_connections"  WHERE "personal_connections"."verb_id" = $1[0m  [["verb_id", 1255]]
11:08:31 web.1  |   [1m[35m (0.3ms)[0m  SELECT COUNT(*) FROM "personal_connections"  WHERE "personal_connections"."verb_id" = $1  [["verb_id", 919]]
11:08:31 web.1  |   [1m[35m (0.6ms)[0m  SELECT COUNT(*) FROM "personal_connections"  WHERE "personal_connections"."verb_id" = $1  [["verb_id", 787]]
11:08:31 web.1  |   [1m[36m (0.3ms)[0m  [1mSELECT COUNT(*) FROM "personal_connections"  WHERE "personal_connections"."verb_id" = $1[0m  [["verb_id", 1112]]
11:08:31 web.1  |   [1m[36m (0.3ms)[0m  [1mSELECT COUNT(*) FROM "personal_connections"  WHERE "personal_connections"."verb_id" = $1[0m  [["verb_id", 1257]]
11:08:31 web.1  |   [1m[35m (0.3ms)[0m  SELECT COUNT(*) FROM "personal_connections"  WHERE "personal_connections"."verb_id" = $1  [["verb_id", 785]]
11:08:31 web.1  |   [1m[35m (0.3ms)[0m  SELECT COUNT(*) FROM "personal_connections"  WHERE "personal_connections"."verb_id" = $1  [["verb_id", 121]]
11:08:31 web.1  |   [1m[36m (0.3ms)[0m  [1mSELECT COUNT(*) FROM "personal_connections"  WHERE "personal_connections"."verb_id" = $1[0m  [["verb_id", 658]]
11:08:31 web.1  |   [1m[36m (0.3ms)[0m  [1mSELECT COUNT(*) FROM "personal_connections"  WHERE "personal_connections"."verb_id" = $1[0m  [["verb_id", 1144]]
11:08:31 web.1  |   [1m[35m (0.3ms)[0m  SELECT COUNT(*) FROM "personal_connections"  WHERE "personal_connections"."verb_id" = $1  [["verb_id", 320]]
11:08:31 web.1  |   [1m[35m (0.3ms)[0m  SELECT COUNT(*) FROM "personal_connections"  WHERE "personal_connections"."verb_id" = $1  [["verb_id", 1143]]
11:08:31 web.1  |   [1m[36m (0.3ms)[0m  [1mSELECT COUNT(*) FROM "personal_connections"  WHERE "personal_connections"."verb_id" = $1[0m  [["verb_id", 1255]]
11:08:31 web.1  |   [1m[36m (0.9ms)[0m  [1mSELECT COUNT(*) FROM "personal_connections"  WHERE "personal_connections"."verb_id" = $1[0m  [["verb_id", 1554]]
11:08:31 web.1  |   [1m[35m (0.3ms)[0m  SELECT COUNT(*) FROM "personal_connections"  WHERE "personal_connections"."verb_id" = $1  [["verb_id", 787]]
11:08:31 web.1  |   [1m[35m (0.4ms)[0m  SELECT COUNT(*) FROM "personal_connections"  WHERE "personal_connections"."verb_id" = $1  [["verb_id", 1299]]
11:08:31 web.1  |   [1m[36m (0.3ms)[0m  [1mSELECT COUNT(*) FROM "personal_connections"  WHERE "personal_connections"."verb_id" = $1[0m  [["verb_id", 1257]]
11:08:31 web.1  |   [1m[36m (1.7ms)[0m  [1mSELECT COUNT(*) FROM "personal_connections"  WHERE "personal_connections"."verb_id" = $1[0m  [["verb_id", 768]]
11:08:31 web.1  |   [1m[35m (0.3ms)[0m  SELECT COUNT(*) FROM "personal_connections"  WHERE "personal_connections"."verb_id" = $1  [["verb_id", 121]]
11:08:31 web.1  |   [1m[35m (0.3ms)[0m  SELECT COUNT(*) FROM "personal_connections"  WHERE "personal_connections"."verb_id" = $1  [["verb_id", 725]]
11:08:31 web.1  |   [1m[36m (0.3ms)[0m  [1mSELECT COUNT(*) FROM "personal_connections"  WHERE "personal_connections"."verb_id" = $1[0m  [["verb_id", 1144]]
11:08:31 web.1  |   [1m[35m (0.3ms)[0m  SELECT COUNT(*) FROM "personal_connections"  WHERE "personal_connections"."verb_id" = $1  [["verb_id", 1143]]
11:08:31 web.1  |   [1m[36m (0.6ms)[0m  [1mSELECT COUNT(*) FROM "personal_connections"  WHERE "personal_connections"."verb_id" = $1[0m  [["verb_id", 1394]]
11:08:31 web.1  |   [1m[36m (0.3ms)[0m  [1mSELECT COUNT(*) FROM "personal_connections"  WHERE "personal_connections"."verb_id" = $1[0m  [["verb_id", 1554]]
11:08:31 web.1  |   [1m[35m (0.6ms)[0m  SELECT COUNT(*) FROM "personal_connections"  WHERE "personal_connections"."verb_id" = $1  [["verb_id", 1201]]
11:08:31 web.1  |   [1m[36m (0.3ms)[0m  [1mSELECT COUNT(*) FROM "personal_connections"  WHERE "personal_connections"."verb_id" = $1[0m  [["verb_id", 610]]
11:08:31 web.1  |   [1m[35m (0.3ms)[0m  SELECT COUNT(*) FROM "personal_connections"  WHERE "personal_connections"."verb_id" = $1  [["verb_id", 1299]]
11:08:31 web.1  |   [1m[36m (0.4ms)[0m  [1mSELECT COUNT(*) FROM "personal_connections"  WHERE "personal_connections"."verb_id" = $1[0m  [["verb_id", 768]]
11:08:31 web.1  |   [1m[35m (0.5ms)[0m  SELECT COUNT(*) FROM "personal_connections"  WHERE "personal_connections"."verb_id" = $1  [["verb_id", 1539]]
11:08:31 web.1  |   [1m[35m (0.3ms)[0m  SELECT COUNT(*) FROM "personal_connections"  WHERE "personal_connections"."verb_id" = $1  [["verb_id", 725]]
11:08:31 web.1  |   [1m[36m (0.5ms)[0m  [1mSELECT COUNT(*) FROM "personal_connections"  WHERE "personal_connections"."verb_id" = $1[0m  [["verb_id", 1405]]
11:08:31 web.1  |   [1m[36m (0.3ms)[0m  [1mSELECT COUNT(*) FROM "personal_connections"  WHERE "personal_connections"."verb_id" = $1[0m  [["verb_id", 1394]]
11:08:31 web.1  |   [1m[35m (0.6ms)[0m  SELECT COUNT(*) FROM "personal_connections"  WHERE "personal_connections"."verb_id" = $1  [["verb_id", 1379]]
11:08:31 web.1  |   [1m[35m (0.3ms)[0m  SELECT COUNT(*) FROM "personal_connections"  WHERE "personal_connections"."verb_id" = $1  [["verb_id", 1201]]
11:08:31 web.1  |   [1m[36m (5.5ms)[0m  [1mSELECT COUNT(*) FROM "personal_connections"  WHERE "personal_connections"."verb_id" = $1[0m  [["verb_id", 238]]
11:08:31 web.1  |   [1m[36m (0.3ms)[0m  [1mSELECT COUNT(*) FROM "personal_connections"  WHERE "personal_connections"."verb_id" = $1[0m  [["verb_id", 610]]
11:08:31 web.1  |   [1m[35m (0.3ms)[0m  SELECT COUNT(*) FROM "personal_connections"  WHERE "personal_connections"."verb_id" = $1  [["verb_id", 1425]]
11:08:31 web.1  |   [1m[35m (0.2ms)[0m  SELECT COUNT(*) FROM "personal_connections"  WHERE "personal_connections"."verb_id" = $1  [["verb_id", 1539]]
11:08:31 web.1  |   [1m[36m (0.3ms)[0m  [1mSELECT COUNT(*) FROM "personal_connections"  WHERE "personal_connections"."verb_id" = $1[0m  [["verb_id", 1405]]
11:08:31 web.1  |   [1m[36m (0.2ms)[0m  [1mSELECT COUNT(*) FROM "personal_connections"  WHERE "personal_connections"."verb_id" = $1[0m  [["verb_id", 1484]]
11:08:31 web.1  |   [1m[35m (0.3ms)[0m  SELECT COUNT(*) FROM "personal_connections"  WHERE "personal_connections"."verb_id" = $1  [["verb_id", 1379]]
11:08:31 web.1  |   [1m[35m (0.3ms)[0m  SELECT COUNT(*) FROM "personal_connections"  WHERE "personal_connections"."verb_id" = $1  [["verb_id", 792]]
11:08:31 web.1  |   [1m[36m (0.5ms)[0m  [1mSELECT COUNT(*) FROM "personal_connections"  WHERE "personal_connections"."verb_id" = $1[0m  [["verb_id", 238]]
11:08:31 web.1  |   [1m[36m (0.3ms)[0m  [1mSELECT COUNT(*) FROM "personal_connections"  WHERE "personal_connections"."verb_id" = $1[0m  [["verb_id", 1431]]
11:08:31 web.1  |   [1m[35m (0.3ms)[0m  SELECT COUNT(*) FROM "personal_connections"  WHERE "personal_connections"."verb_id" = $1  [["verb_id", 1425]]
11:08:31 web.1  |   [1m[35m (0.3ms)[0m  SELECT COUNT(*) FROM "personal_connections"  WHERE "personal_connections"."verb_id" = $1  [["verb_id", 761]]
11:08:31 web.1  |   [1m[36m (0.3ms)[0m  [1mSELECT COUNT(*) FROM "personal_connections"  WHERE "personal_connections"."verb_id" = $1[0m  [["verb_id", 1484]]
11:08:31 web.1  |   [1m[36m (0.2ms)[0m  [1mSELECT COUNT(*) FROM "personal_connections"  WHERE "personal_connections"."verb_id" = $1[0m  [["verb_id", 1038]]
11:08:31 web.1  |   [1m[35m (0.3ms)[0m  SELECT COUNT(*) FROM "personal_connections"  WHERE "personal_connections"."verb_id" = $1  [["verb_id", 1278]]
11:08:31 web.1  |   [1m[35m (0.2ms)[0m  SELECT COUNT(*) FROM "personal_connections"  WHERE "personal_connections"."verb_id" = $1  [["verb_id", 792]]
11:08:31 web.1  |   [1m[36m (0.3ms)[0m  [1mSELECT COUNT(*) FROM "personal_connections"  WHERE "personal_connections"."verb_id" = $1[0m  [["verb_id", 1016]]
11:08:31 web.1  |   [1m[36m (0.2ms)[0m  [1mSELECT COUNT(*) FROM "personal_connections"  WHERE "personal_connections"."verb_id" = $1[0m  [["verb_id", 1431]]
11:08:31 web.1  |   [1m[35m (0.3ms)[0m  SELECT COUNT(*) FROM "personal_connections"  WHERE "personal_connections"."verb_id" = $1  [["verb_id", 815]]
11:08:31 web.1  |   [1m[35m (0.3ms)[0m  SELECT COUNT(*) FROM "personal_connections"  WHERE "personal_connections"."verb_id" = $1  [["verb_id", 761]]
11:08:31 web.1  |   [1m[36m (0.3ms)[0m  [1mSELECT COUNT(*) FROM "personal_connections"  WHERE "personal_connections"."verb_id" = $1[0m  [["verb_id", 1476]]
11:08:31 web.1  |   [1m[36m (0.3ms)[0m  [1mSELECT COUNT(*) FROM "personal_connections"  WHERE "personal_connections"."verb_id" = $1[0m  [["verb_id", 1038]]
11:08:31 web.1  |   [1m[35m (0.6ms)[0m  SELECT COUNT(*) FROM "personal_connections"  WHERE "personal_connections"."verb_id" = $1  [["verb_id", 665]]
11:08:31 web.1  |   [1m[35m (0.3ms)[0m  SELECT COUNT(*) FROM "personal_connections"  WHERE "personal_connections"."verb_id" = $1  [["verb_id", 1278]]
11:08:31 web.1  |   [1m[36m (0.3ms)[0m  [1mSELECT COUNT(*) FROM "personal_connections"  WHERE "personal_connections"."verb_id" = $1[0m  [["verb_id", 1477]]
11:08:31 web.1  |   [1m[35m (0.3ms)[0m  SELECT COUNT(*) FROM "personal_connections"  WHERE "personal_connections"."verb_id" = $1  [["verb_id", 1026]]
11:08:31 web.1  |   [1m[36m (0.3ms)[0m  [1mSELECT COUNT(*) FROM "personal_connections"  WHERE "personal_connections"."verb_id" = $1[0m  [["verb_id", 1042]]
11:08:31 web.1  |   [1m[35m (0.3ms)[0m  SELECT COUNT(*) FROM "personal_connections"  WHERE "personal_connections"."verb_id" = $1  [["verb_id", 724]]
11:08:31 web.1  |   [1m[36m (0.3ms)[0m  [1mSELECT COUNT(*) FROM "personal_connections"  WHERE "personal_connections"."verb_id" = $1[0m  [["verb_id", 1016]]
11:08:31 web.1  |   [1m[36m (0.3ms)[0m  [1mSELECT COUNT(*) FROM "personal_connections"  WHERE "personal_connections"."verb_id" = $1[0m  [["verb_id", 1558]]
11:08:31 web.1  |   [1m[35m (0.3ms)[0m  SELECT COUNT(*) FROM "personal_connections"  WHERE "personal_connections"."verb_id" = $1  [["verb_id", 815]]
11:08:31 web.1  |   [1m[36m (0.3ms)[0m  [1mSELECT COUNT(*) FROM "personal_connections"  WHERE "personal_connections"."verb_id" = $1[0m  [["verb_id", 1476]]
11:08:31 web.1  |   [1m[35m (9.3ms)[0m  SELECT COUNT(*) FROM "personal_connections"  WHERE "personal_connections"."verb_id" = $1  [["verb_id", 213]]
11:08:31 web.1  |   [1m[35m (0.3ms)[0m  SELECT COUNT(*) FROM "personal_connections"  WHERE "personal_connections"."verb_id" = $1  [["verb_id", 665]]
11:08:31 web.1  |   [1m[36m (0.3ms)[0m  [1mSELECT COUNT(*) FROM "personal_connections"  WHERE "personal_connections"."verb_id" = $1[0m  [["verb_id", 1474]]
11:08:31 web.1  |   [1m[36m (0.3ms)[0m  [1mSELECT COUNT(*) FROM "personal_connections"  WHERE "personal_connections"."verb_id" = $1[0m  [["verb_id", 1477]]
11:08:31 web.1  |   [1m[35m (0.3ms)[0m  SELECT COUNT(*) FROM "personal_connections"  WHERE "personal_connections"."verb_id" = $1  [["verb_id", 1026]]
11:08:31 web.1  |   [1m[35m (0.3ms)[0m  SELECT COUNT(*) FROM "personal_connections"  WHERE "personal_connections"."verb_id" = $1  [["verb_id", 1245]]
11:08:31 web.1  |   [1m[36m (0.3ms)[0m  [1mSELECT COUNT(*) FROM "personal_connections"  WHERE "personal_connections"."verb_id" = $1[0m  [["verb_id", 1042]]
11:08:31 web.1  |   [1m[36m (0.3ms)[0m  [1mSELECT COUNT(*) FROM "personal_connections"  WHERE "personal_connections"."verb_id" = $1[0m  [["verb_id", 476]]
11:08:31 web.1  |   [1m[35m (0.3ms)[0m  SELECT COUNT(*) FROM "personal_connections"  WHERE "personal_connections"."verb_id" = $1  [["verb_id", 724]]
11:08:31 web.1  |   [1m[35m (0.3ms)[0m  SELECT COUNT(*) FROM "personal_connections"  WHERE "personal_connections"."verb_id" = $1  [["verb_id", 1167]]
11:08:31 web.1  |   [1m[36m (0.4ms)[0m  [1mSELECT COUNT(*) FROM "personal_connections"  WHERE "personal_connections"."verb_id" = $1[0m  [["verb_id", 1558]]
11:08:31 web.1  |   [1m[36m (0.3ms)[0m  [1mSELECT COUNT(*) FROM "personal_connections"  WHERE "personal_connections"."verb_id" = $1[0m  [["verb_id", 756]]
11:08:31 web.1  |   [1m[35m (0.4ms)[0m  SELECT COUNT(*) FROM "personal_connections"  WHERE "personal_connections"."verb_id" = $1  [["verb_id", 213]]
11:08:31 web.1  |   [1m[36m (0.3ms)[0m  [1mSELECT COUNT(*) FROM "personal_connections"  WHERE "personal_connections"."verb_id" = $1[0m  [["verb_id", 1474]]
11:08:31 web.1  |   [1m[35m (11.1ms)[0m  SELECT COUNT(*) FROM "personal_connections"  WHERE "personal_connections"."verb_id" = $1  [["verb_id", 1313]]
11:08:31 web.1  |   [1m[35m (0.2ms)[0m  SELECT COUNT(*) FROM "personal_connections"  WHERE "personal_connections"."verb_id" = $1  [["verb_id", 1245]]
11:08:31 web.1  |   [1m[36m (0.3ms)[0m  [1mSELECT COUNT(*) FROM "personal_connections"  WHERE "personal_connections"."verb_id" = $1[0m  [["verb_id", 1415]]
11:08:31 web.1  |   [1m[36m (0.2ms)[0m  [1mSELECT COUNT(*) FROM "personal_connections"  WHERE "personal_connections"."verb_id" = $1[0m  [["verb_id", 476]]
11:08:31 web.1  |   [1m[35m (0.3ms)[0m  SELECT COUNT(*) FROM "personal_connections"  WHERE "personal_connections"."verb_id" = $1  [["verb_id", 1327]]
11:08:31 web.1  |   [1m[36m (0.3ms)[0m  [1mSELECT COUNT(*) FROM "personal_connections"  WHERE "personal_connections"."verb_id" = $1[0m  [["verb_id", 1084]]
11:08:31 web.1  |   [1m[35m (0.3ms)[0m  SELECT COUNT(*) FROM "personal_connections"  WHERE "personal_connections"."verb_id" = $1  [["verb_id", 1242]]
11:08:32 web.1  |   [1m[36m (0.3ms)[0m  [1mSELECT COUNT(*) FROM "personal_connections"  WHERE "personal_connections"."verb_id" = $1[0m  [["verb_id", 1430]]
11:08:32 web.1  |   [1m[35m (0.5ms)[0m  SELECT COUNT(*) FROM "personal_connections"  WHERE "personal_connections"."verb_id" = $1  [["verb_id", 1167]]
11:08:32 web.1  |   [1m[35m (0.3ms)[0m  SELECT COUNT(*) FROM "personal_connections"  WHERE "personal_connections"."verb_id" = $1  [["verb_id", 791]]
11:08:32 web.1  |   [1m[36m (0.3ms)[0m  [1mSELECT COUNT(*) FROM "personal_connections"  WHERE "personal_connections"."verb_id" = $1[0m  [["verb_id", 756]]
11:08:32 web.1  |   [1m[36m (0.3ms)[0m  [1mSELECT COUNT(*) FROM "personal_connections"  WHERE "personal_connections"."verb_id" = $1[0m  [["verb_id", 1448]]
11:08:32 web.1  |   [1m[35m (0.3ms)[0m  SELECT COUNT(*) FROM "personal_connections"  WHERE "personal_connections"."verb_id" = $1  [["verb_id", 1313]]
11:08:32 web.1  |   [1m[35m (0.3ms)[0m  SELECT COUNT(*) FROM "personal_connections"  WHERE "personal_connections"."verb_id" = $1  [["verb_id", 598]]
11:08:32 web.1  |   [1m[36m (0.2ms)[0m  [1mSELECT COUNT(*) FROM "personal_connections"  WHERE "personal_connections"."verb_id" = $1[0m  [["verb_id", 494]]
11:08:32 web.1  |   [1m[36m (0.4ms)[0m  [1mSELECT COUNT(*) FROM "personal_connections"  WHERE "personal_connections"."verb_id" = $1[0m  [["verb_id", 1415]]
11:08:32 web.1  |   [1m[35m (0.3ms)[0m  SELECT COUNT(*) FROM "personal_connections"  WHERE "personal_connections"."verb_id" = $1  [["verb_id", 1226]]
11:08:32 web.1  |   [1m[35m (0.3ms)[0m  SELECT COUNT(*) FROM "personal_connections"  WHERE "personal_connections"."verb_id" = $1  [["verb_id", 1327]]
11:08:32 web.1  |   [1m[36m (0.3ms)[0m  [1mSELECT COUNT(*) FROM "personal_connections"  WHERE "personal_connections"."verb_id" = $1[0m  [["verb_id", 388]]
11:08:32 web.1  |   [1m[36m (0.3ms)[0m  [1mSELECT COUNT(*) FROM "personal_connections"  WHERE "personal_connections"."verb_id" = $1[0m  [["verb_id", 1084]]
11:08:32 web.1  |   [1m[35m (0.3ms)[0m  SELECT COUNT(*) FROM "personal_connections"  WHERE "personal_connections"."verb_id" = $1  [["verb_id", 1322]]
11:08:32 web.1  |   [1m[35m (0.4ms)[0m  SELECT COUNT(*) FROM "personal_connections"  WHERE "personal_connections"."verb_id" = $1  [["verb_id", 1242]]
11:08:32 web.1  |   [1m[36m (0.3ms)[0m  [1mSELECT COUNT(*) FROM "personal_connections"  WHERE "personal_connections"."verb_id" = $1[0m  [["verb_id", 1247]]
11:08:32 web.1  |   [1m[36m (0.3ms)[0m  [1mSELECT COUNT(*) FROM "personal_connections"  WHERE "personal_connections"."verb_id" = $1[0m  [["verb_id", 1430]]
11:08:32 web.1  |   [1m[35m (0.4ms)[0m  SELECT COUNT(*) FROM "personal_connections"  WHERE "personal_connections"."verb_id" = $1  [["verb_id", 1319]]
11:08:32 web.1  |   [1m[35m (0.3ms)[0m  SELECT COUNT(*) FROM "personal_connections"  WHERE "personal_connections"."verb_id" = $1  [["verb_id", 791]]
11:08:32 web.1  |   [1m[36m (0.2ms)[0m  [1mSELECT COUNT(*) FROM "personal_connections"  WHERE "personal_connections"."verb_id" = $1[0m  [["verb_id", 1081]]
11:08:32 web.1  |   [1m[36m (0.4ms)[0m  [1mSELECT COUNT(*) FROM "personal_connections"  WHERE "personal_connections"."verb_id" = $1[0m  [["verb_id", 1448]]
11:08:32 web.1  |   [1m[35m (0.3ms)[0m  SELECT COUNT(*) FROM "personal_connections"  WHERE "personal_connections"."verb_id" = $1  [["verb_id", 312]]
11:08:32 web.1  |   [1m[35m (0.3ms)[0m  SELECT COUNT(*) FROM "personal_connections"  WHERE "personal_connections"."verb_id" = $1  [["verb_id", 598]]
11:08:32 web.1  |   [1m[36m (0.3ms)[0m  [1mSELECT COUNT(*) FROM "personal_connections"  WHERE "personal_connections"."verb_id" = $1[0m  [["verb_id", 1027]]
11:08:32 web.1  |   [1m[35m (0.2ms)[0m  SELECT COUNT(*) FROM "personal_connections"  WHERE "personal_connections"."verb_id" = $1  [["verb_id", 940]]
11:08:32 web.1  |   [1m[36m (0.3ms)[0m  [1mSELECT COUNT(*) FROM "personal_connections"  WHERE "personal_connections"."verb_id" = $1[0m  [["verb_id", 494]]
11:08:32 web.1  |   [1m[35m (0.3ms)[0m  SELECT COUNT(*) FROM "personal_connections"  WHERE "personal_connections"."verb_id" = $1  [["verb_id", 1226]]
11:08:32 web.1  |   [1m[36m (0.3ms)[0m  [1mSELECT COUNT(*) FROM "personal_connections"  WHERE "personal_connections"."verb_id" = $1[0m  [["verb_id", 1320]]
11:08:32 web.1  |   [1m[36m (0.3ms)[0m  [1mSELECT COUNT(*) FROM "personal_connections"  WHERE "personal_connections"."verb_id" = $1[0m  [["verb_id", 388]]
11:08:32 web.1  |   [1m[35m (0.3ms)[0m  SELECT COUNT(*) FROM "personal_connections"  WHERE "personal_connections"."verb_id" = $1  [["verb_id", 1157]]
11:08:32 web.1  |   [1m[35m (0.3ms)[0m  SELECT COUNT(*) FROM "personal_connections"  WHERE "personal_connections"."verb_id" = $1  [["verb_id", 1322]]
11:08:32 web.1  |   [1m[36m (0.2ms)[0m  [1mSELECT COUNT(*) FROM "personal_connections"  WHERE "personal_connections"."verb_id" = $1[0m  [["verb_id", 1243]]
11:08:32 web.1  |   [1m[36m (0.3ms)[0m  [1mSELECT COUNT(*) FROM "personal_connections"  WHERE "personal_connections"."verb_id" = $1[0m  [["verb_id", 1247]]
11:08:32 web.1  |   [1m[35m (0.3ms)[0m  SELECT COUNT(*) FROM "personal_connections"  WHERE "personal_connections"."verb_id" = $1  [["verb_id", 936]]
11:08:32 web.1  |   [1m[35m (0.3ms)[0m  SELECT COUNT(*) FROM "personal_connections"  WHERE "personal_connections"."verb_id" = $1  [["verb_id", 1319]]
11:08:32 web.1  |   [1m[36m (0.3ms)[0m  [1mSELECT COUNT(*) FROM "personal_connections"  WHERE "personal_connections"."verb_id" = $1[0m  [["verb_id", 1392]]
11:08:32 web.1  |   [1m[36m (0.3ms)[0m  [1mSELECT COUNT(*) FROM "personal_connections"  WHERE "personal_connections"."verb_id" = $1[0m  [["verb_id", 1081]]
11:08:32 web.1  |   [1m[35m (0.3ms)[0m  SELECT COUNT(*) FROM "personal_connections"  WHERE "personal_connections"."verb_id" = $1  [["verb_id", 977]]
11:08:32 web.1  |   [1m[35m (0.3ms)[0m  SELECT COUNT(*) FROM "personal_connections"  WHERE "personal_connections"."verb_id" = $1  [["verb_id", 312]]
11:08:32 web.1  |   [1m[36m (0.3ms)[0m  [1mSELECT COUNT(*) FROM "personal_connections"  WHERE "personal_connections"."verb_id" = $1[0m  [["verb_id", 45]]
11:08:32 web.1  |   [1m[36m (0.3ms)[0m  [1mSELECT COUNT(*) FROM "personal_connections"  WHERE "personal_connections"."verb_id" = $1[0m  [["verb_id", 1027]]
11:08:32 web.1  |   [1m[35m (0.3ms)[0m  SELECT COUNT(*) FROM "personal_connections"  WHERE "personal_connections"."verb_id" = $1  [["verb_id", 940]]
11:08:32 web.1  |   [1m[36m (0.3ms)[0m  [1mSELECT COUNT(*) FROM "personal_connections"  WHERE "personal_connections"."verb_id" = $1[0m  [["verb_id", 1320]]
11:08:32 web.1  |   [1m[35m (8.9ms)[0m  SELECT COUNT(*) FROM "personal_connections"  WHERE "personal_connections"."verb_id" = $1  [["verb_id", 418]]
11:08:32 web.1  |   [1m[35m (0.3ms)[0m  SELECT COUNT(*) FROM "personal_connections"  WHERE "personal_connections"."verb_id" = $1  [["verb_id", 1157]]
11:08:32 web.1  |   [1m[36m (0.3ms)[0m  [1mSELECT COUNT(*) FROM "personal_connections"  WHERE "personal_connections"."verb_id" = $1[0m  [["verb_id", 1268]]
11:08:32 web.1  |   [1m[36m (0.3ms)[0m  [1mSELECT COUNT(*) FROM "personal_connections"  WHERE "personal_connections"."verb_id" = $1[0m  [["verb_id", 1243]]
11:08:32 web.1  |   [1m[35m (0.3ms)[0m  SELECT COUNT(*) FROM "personal_connections"  WHERE "personal_connections"."verb_id" = $1  [["verb_id", 1121]]
11:08:32 web.1  |   [1m[35m (0.3ms)[0m  SELECT COUNT(*) FROM "personal_connections"  WHERE "personal_connections"."verb_id" = $1  [["verb_id", 936]]
11:08:32 web.1  |   [1m[36m (0.3ms)[0m  [1mSELECT COUNT(*) FROM "personal_connections"  WHERE "personal_connections"."verb_id" = $1[0m  [["verb_id", 1570]]
11:08:32 web.1  |   [1m[36m (0.3ms)[0m  [1mSELECT COUNT(*) FROM "personal_connections"  WHERE "personal_connections"."verb_id" = $1[0m  [["verb_id", 1392]]
11:08:32 web.1  |   [1m[35m (0.3ms)[0m  SELECT COUNT(*) FROM "personal_connections"  WHERE "personal_connections"."verb_id" = $1  [["verb_id", 977]]
11:08:32 web.1  |   [1m[35m (0.2ms)[0m  SELECT COUNT(*) FROM "personal_connections"  WHERE "personal_connections"."verb_id" = $1  [["verb_id", 1583]]
11:08:32 web.1  |   [1m[36m (0.3ms)[0m  [1mSELECT COUNT(*) FROM "personal_connections"  WHERE "personal_connections"."verb_id" = $1[0m  [["verb_id", 1531]]
11:08:32 web.1  |   [1m[36m (0.6ms)[0m  [1mSELECT COUNT(*) FROM "personal_connections"  WHERE "personal_connections"."verb_id" = $1[0m  [["verb_id", 45]]
11:08:32 web.1  |   [1m[35m (0.3ms)[0m  SELECT COUNT(*) FROM "personal_connections"  WHERE "personal_connections"."verb_id" = $1  [["verb_id", 1561]]
11:08:32 web.1  |   [1m[35m (0.5ms)[0m  SELECT COUNT(*) FROM "personal_connections"  WHERE "personal_connections"."verb_id" = $1  [["verb_id", 418]]
11:08:32 web.1  |   [1m[36m (0.5ms)[0m  [1mSELECT COUNT(*) FROM "personal_connections"  WHERE "personal_connections"."verb_id" = $1[0m  [["verb_id", 1473]]
11:08:32 web.1  |   [1m[36m (0.3ms)[0m  [1mSELECT COUNT(*) FROM "personal_connections"  WHERE "personal_connections"."verb_id" = $1[0m  [["verb_id", 1268]]
11:08:32 web.1  |   [1m[35m (0.5ms)[0m  SELECT COUNT(*) FROM "personal_connections"  WHERE "personal_connections"."verb_id" = $1  [["verb_id", 1339]]
11:08:32 web.1  |   [1m[35m (0.3ms)[0m  SELECT COUNT(*) FROM "personal_connections"  WHERE "personal_connections"."verb_id" = $1  [["verb_id", 1121]]
11:08:32 web.1  |   [1m[36m (0.5ms)[0m  [1mSELECT COUNT(*) FROM "personal_connections"  WHERE "personal_connections"."verb_id" = $1[0m  [["verb_id", 1455]]
11:08:32 web.1  |   [1m[36m (0.3ms)[0m  [1mSELECT COUNT(*) FROM "personal_connections"  WHERE "personal_connections"."verb_id" = $1[0m  [["verb_id", 1570]]
11:08:32 web.1  |   [1m[35m (0.6ms)[0m  SELECT COUNT(*) FROM "personal_connections"  WHERE "personal_connections"."verb_id" = $1  [["verb_id", 1252]]
11:08:32 web.1  |   [1m[35m (0.3ms)[0m  SELECT COUNT(*) FROM "personal_connections"  WHERE "personal_connections"."verb_id" = $1  [["verb_id", 1583]]
11:08:32 web.1  |   [1m[36m (0.3ms)[0m  [1mSELECT COUNT(*) FROM "personal_connections"  WHERE "personal_connections"."verb_id" = $1[0m  [["verb_id", 1087]]
11:08:32 web.1  |   [1m[36m (0.3ms)[0m  [1mSELECT COUNT(*) FROM "personal_connections"  WHERE "personal_connections"."verb_id" = $1[0m  [["verb_id", 1531]]
11:08:32 web.1  |   [1m[35m (0.3ms)[0m  SELECT COUNT(*) FROM "personal_connections"  WHERE "personal_connections"."verb_id" = $1  [["verb_id", 1561]]
11:08:32 web.1  |   [1m[35m (0.2ms)[0m  SELECT COUNT(*) FROM "personal_connections"  WHERE "personal_connections"."verb_id" = $1  [["verb_id", 769]]
11:08:32 web.1  |   [1m[36m (0.3ms)[0m  [1mSELECT COUNT(*) FROM "personal_connections"  WHERE "personal_connections"."verb_id" = $1[0m  [["verb_id", 1473]]
11:08:32 web.1  |   [1m[36m (0.2ms)[0m  [1mSELECT COUNT(*) FROM "personal_connections"  WHERE "personal_connections"."verb_id" = $1[0m  [["verb_id", 720]]
11:08:32 web.1  |   [1m[35m (0.6ms)[0m  SELECT COUNT(*) FROM "personal_connections"  WHERE "personal_connections"."verb_id" = $1  [["verb_id", 1339]]
11:08:32 web.1  |   [1m[35m (0.7ms)[0m  SELECT COUNT(*) FROM "personal_connections"  WHERE "personal_connections"."verb_id" = $1  [["verb_id", 157]]
11:08:32 web.1  |   [1m[36m (0.6ms)[0m  [1mSELECT COUNT(*) FROM "personal_connections"  WHERE "personal_connections"."verb_id" = $1[0m  [["verb_id", 1455]]
11:08:32 web.1  |   [1m[36m (0.7ms)[0m  [1mSELECT COUNT(*) FROM "personal_connections"  WHERE "personal_connections"."verb_id" = $1[0m  [["verb_id", 1397]]
11:08:32 web.1  |   [1m[35m (0.3ms)[0m  SELECT COUNT(*) FROM "personal_connections"  WHERE "personal_connections"."verb_id" = $1  [["verb_id", 1252]]
11:08:32 web.1  |   [1m[35m (0.5ms)[0m  SELECT COUNT(*) FROM "personal_connections"  WHERE "personal_connections"."verb_id" = $1  [["verb_id", 1432]]
11:08:32 web.1  |   [1m[36m (0.3ms)[0m  [1mSELECT COUNT(*) FROM "personal_connections"  WHERE "personal_connections"."verb_id" = $1[0m  [["verb_id", 1087]]
11:08:32 web.1  |   [1m[36m (0.5ms)[0m  [1mSELECT COUNT(*) FROM "personal_connections"  WHERE "personal_connections"."verb_id" = $1[0m  [["verb_id", 1429]]
11:08:32 web.1  |   [1m[35m (0.3ms)[0m  SELECT COUNT(*) FROM "personal_connections"  WHERE "personal_connections"."verb_id" = $1  [["verb_id", 769]]
11:08:32 web.1  |   [1m[35m (0.4ms)[0m  SELECT COUNT(*) FROM "personal_connections"  WHERE "personal_connections"."verb_id" = $1  [["verb_id", 1567]]
11:08:32 web.1  |   [1m[36m (0.3ms)[0m  [1mSELECT COUNT(*) FROM "personal_connections"  WHERE "personal_connections"."verb_id" = $1[0m  [["verb_id", 720]]
11:08:32 web.1  |   [1m[36m (0.7ms)[0m  [1mSELECT COUNT(*) FROM "personal_connections"  WHERE "personal_connections"."verb_id" = $1[0m  [["verb_id", 1581]]
11:08:32 web.1  |   [1m[35m (0.5ms)[0m  SELECT COUNT(*) FROM "personal_connections"  WHERE "personal_connections"."verb_id" = $1  [["verb_id", 157]]
11:08:32 web.1  |   [1m[35m (0.5ms)[0m  SELECT COUNT(*) FROM "personal_connections"  WHERE "personal_connections"."verb_id" = $1  [["verb_id", 1580]]
11:08:32 web.1  |   [1m[36m (0.3ms)[0m  [1mSELECT COUNT(*) FROM "personal_connections"  WHERE "personal_connections"."verb_id" = $1[0m  [["verb_id", 1397]]
11:08:32 web.1  |   [1m[36m (0.5ms)[0m  [1mSELECT COUNT(*) FROM "personal_connections"  WHERE "personal_connections"."verb_id" = $1[0m  [["verb_id", 795]]
11:08:32 web.1  |   [1m[35m (0.5ms)[0m  SELECT COUNT(*) FROM "personal_connections"  WHERE "personal_connections"."verb_id" = $1  [["verb_id", 1432]]
11:08:32 web.1  |   [1m[35m (0.3ms)[0m  SELECT COUNT(*) FROM "personal_connections"  WHERE "personal_connections"."verb_id" = $1  [["verb_id", 1091]]
11:08:32 web.1  |   [1m[36m (0.3ms)[0m  [1mSELECT COUNT(*) FROM "personal_connections"  WHERE "personal_connections"."verb_id" = $1[0m  [["verb_id", 1429]]
11:08:32 web.1  |   [1m[36m (0.3ms)[0m  [1mSELECT COUNT(*) FROM "personal_connections"  WHERE "personal_connections"."verb_id" = $1[0m  [["verb_id", 290]]
11:08:32 web.1  |   [1m[35m (0.3ms)[0m  SELECT COUNT(*) FROM "personal_connections"  WHERE "personal_connections"."verb_id" = $1  [["verb_id", 1567]]
11:08:32 web.1  |   [1m[35m (0.6ms)[0m  SELECT COUNT(*) FROM "personal_connections"  WHERE "personal_connections"."verb_id" = $1  [["verb_id", 860]]
11:08:32 web.1  |   [1m[36m (0.3ms)[0m  [1mSELECT COUNT(*) FROM "personal_connections"  WHERE "personal_connections"."verb_id" = $1[0m  [["verb_id", 1581]]
11:08:32 web.1  |   [1m[36m (0.3ms)[0m  [1mSELECT COUNT(*) FROM "personal_connections"  WHERE "personal_connections"."verb_id" = $1[0m  [["verb_id", 830]]
11:08:32 web.1  |   [1m[35m (0.3ms)[0m  SELECT COUNT(*) FROM "personal_connections"  WHERE "personal_connections"."verb_id" = $1  [["verb_id", 1580]]
11:08:32 web.1  |   [1m[35m (0.3ms)[0m  SELECT COUNT(*) FROM "personal_connections"  WHERE "personal_connections"."verb_id" = $1  [["verb_id", 1196]]
11:08:32 web.1  |   [1m[36m (0.3ms)[0m  [1mSELECT COUNT(*) FROM "personal_connections"  WHERE "personal_connections"."verb_id" = $1[0m  [["verb_id", 795]]
11:08:32 web.1  |   [1m[36m (0.4ms)[0m  [1mSELECT COUNT(*) FROM "personal_connections"  WHERE "personal_connections"."verb_id" = $1[0m  [["verb_id", 318]]
11:08:32 web.1  |   [1m[35m (0.4ms)[0m  SELECT COUNT(*) FROM "personal_connections"  WHERE "personal_connections"."verb_id" = $1  [["verb_id", 1091]]
11:08:32 web.1  |   [1m[35m (0.3ms)[0m  SELECT COUNT(*) FROM "personal_connections"  WHERE "personal_connections"."verb_id" = $1  [["verb_id", 374]]
11:08:32 web.1  |   [1m[36m (0.3ms)[0m  [1mSELECT COUNT(*) FROM "personal_connections"  WHERE "personal_connections"."verb_id" = $1[0m  [["verb_id", 290]]
11:08:32 web.1  |   [1m[36m (0.4ms)[0m  [1mSELECT COUNT(*) FROM "personal_connections"  WHERE "personal_connections"."verb_id" = $1[0m  [["verb_id", 984]]
11:08:32 web.1  |   [1m[35m (0.2ms)[0m  SELECT COUNT(*) FROM "personal_connections"  WHERE "personal_connections"."verb_id" = $1  [["verb_id", 860]]
11:08:32 web.1  |   [1m[36m (0.4ms)[0m  [1mSELECT COUNT(*) FROM "personal_connections"  WHERE "personal_connections"."verb_id" = $1[0m  [["verb_id", 830]]
11:08:32 web.1  |   [1m[35m (0.3ms)[0m  SELECT COUNT(*) FROM "personal_connections"  WHERE "personal_connections"."verb_id" = $1  [["verb_id", 1391]]
11:08:32 web.1  |   [1m[35m (0.3ms)[0m  SELECT COUNT(*) FROM "personal_connections"  WHERE "personal_connections"."verb_id" = $1  [["verb_id", 1196]]
11:08:32 web.1  |   [1m[36m (0.2ms)[0m  [1mSELECT COUNT(*) FROM "personal_connections"  WHERE "personal_connections"."verb_id" = $1[0m  [["verb_id", 270]]
11:08:32 web.1  |   [1m[36m (0.4ms)[0m  [1mSELECT COUNT(*) FROM "personal_connections"  WHERE "personal_connections"."verb_id" = $1[0m  [["verb_id", 318]]
11:08:32 web.1  |   [1m[35m (0.2ms)[0m  SELECT COUNT(*) FROM "personal_connections"  WHERE "personal_connections"."verb_id" = $1  [["verb_id", 428]]
11:08:32 web.1  |   [1m[35m (0.3ms)[0m  SELECT COUNT(*) FROM "personal_connections"  WHERE "personal_connections"."verb_id" = $1  [["verb_id", 374]]
11:08:32 web.1  |   [1m[36m (0.3ms)[0m  [1mSELECT COUNT(*) FROM "personal_connections"  WHERE "personal_connections"."verb_id" = $1[0m  [["verb_id", 1131]]
11:08:32 web.1  |   [1m[36m (0.3ms)[0m  [1mSELECT COUNT(*) FROM "personal_connections"  WHERE "personal_connections"."verb_id" = $1[0m  [["verb_id", 984]]
11:08:32 web.1  |   [1m[35m (0.3ms)[0m  SELECT COUNT(*) FROM "personal_connections"  WHERE "personal_connections"."verb_id" = $1  [["verb_id", 1352]]
11:08:32 web.1  |   [1m[35m (0.3ms)[0m  SELECT COUNT(*) FROM "personal_connections"  WHERE "personal_connections"."verb_id" = $1  [["verb_id", 1391]]
11:08:32 web.1  |   [1m[36m (0.3ms)[0m  [1mSELECT COUNT(*) FROM "personal_connections"  WHERE "personal_connections"."verb_id" = $1[0m  [["verb_id", 270]]
11:08:32 web.1  |   [1m[36m (0.2ms)[0m  [1mSELECT COUNT(*) FROM "personal_connections"  WHERE "personal_connections"."verb_id" = $1[0m  [["verb_id", 1568]]
11:08:32 web.1  |   [1m[35m (0.3ms)[0m  SELECT COUNT(*) FROM "personal_connections"  WHERE "personal_connections"."verb_id" = $1  [["verb_id", 428]]
11:08:32 web.1  |   [1m[35m (0.3ms)[0m  SELECT COUNT(*) FROM "personal_connections"  WHERE "personal_connections"."verb_id" = $1  [["verb_id", 978]]
11:08:32 web.1  |   [1m[36m (0.3ms)[0m  [1mSELECT COUNT(*) FROM "personal_connections"  WHERE "personal_connections"."verb_id" = $1[0m  [["verb_id", 1131]]
11:08:32 web.1  |   [1m[36m (0.3ms)[0m  [1mSELECT COUNT(*) FROM "personal_connections"  WHERE "personal_connections"."verb_id" = $1[0m  [["verb_id", 1559]]
11:08:32 web.1  |   [1m[35m (0.3ms)[0m  SELECT COUNT(*) FROM "personal_connections"  WHERE "personal_connections"."verb_id" = $1  [["verb_id", 1352]]
11:08:32 web.1  |   [1m[35m (0.3ms)[0m  SELECT COUNT(*) FROM "personal_connections"  WHERE "personal_connections"."verb_id" = $1  [["verb_id", 1361]]
11:08:32 web.1  |   [1m[36m (0.2ms)[0m  [1mSELECT COUNT(*) FROM "personal_connections"  WHERE "personal_connections"."verb_id" = $1[0m  [["verb_id", 1568]]
11:08:32 web.1  |   [1m[35m (0.3ms)[0m  SELECT COUNT(*) FROM "personal_connections"  WHERE "personal_connections"."verb_id" = $1  [["verb_id", 978]]
11:08:32 web.1  |   [1m[36m (0.2ms)[0m  [1mSELECT COUNT(*) FROM "personal_connections"  WHERE "personal_connections"."verb_id" = $1[0m  [["verb_id", 1364]]
11:08:32 web.1  |   [1m[36m (1.6ms)[0m  [1mSELECT COUNT(*) FROM "personal_connections"  WHERE "personal_connections"."verb_id" = $1[0m  [["verb_id", 1559]]
11:08:32 web.1  |   [1m[35m (0.3ms)[0m  SELECT COUNT(*) FROM "personal_connections"  WHERE "personal_connections"."verb_id" = $1  [["verb_id", 1378]]
11:08:32 web.1  |   [1m[35m (0.3ms)[0m  SELECT COUNT(*) FROM "personal_connections"  WHERE "personal_connections"."verb_id" = $1  [["verb_id", 1361]]
11:08:32 web.1  |   [1m[36m (0.3ms)[0m  [1mSELECT COUNT(*) FROM "personal_connections"  WHERE "personal_connections"."verb_id" = $1[0m  [["verb_id", 358]]
11:08:32 web.1  |   [1m[36m (0.3ms)[0m  [1mSELECT COUNT(*) FROM "personal_connections"  WHERE "personal_connections"."verb_id" = $1[0m  [["verb_id", 1364]]
11:08:32 web.1  |   [1m[35m (0.7ms)[0m  SELECT COUNT(*) FROM "personal_connections"  WHERE "personal_connections"."verb_id" = $1  [["verb_id", 89]]
11:08:32 web.1  |   [1m[35m (0.9ms)[0m  SELECT COUNT(*) FROM "personal_connections"  WHERE "personal_connections"."verb_id" = $1  [["verb_id", 1378]]
11:08:32 web.1  |   [1m[36m (0.3ms)[0m  [1mSELECT COUNT(*) FROM "personal_connections"  WHERE "personal_connections"."verb_id" = $1[0m  [["verb_id", 1341]]
11:08:32 web.1  |   [1m[36m (0.3ms)[0m  [1mSELECT COUNT(*) FROM "personal_connections"  WHERE "personal_connections"."verb_id" = $1[0m  [["verb_id", 358]]
11:08:32 web.1  |   [1m[35m (0.3ms)[0m  SELECT COUNT(*) FROM "personal_connections"  WHERE "personal_connections"."verb_id" = $1  [["verb_id", 500]]
11:08:32 web.1  |   [1m[35m (0.2ms)[0m  SELECT COUNT(*) FROM "personal_connections"  WHERE "personal_connections"."verb_id" = $1  [["verb_id", 89]]
11:08:32 web.1  |   [1m[36m (0.3ms)[0m  [1mSELECT COUNT(*) FROM "personal_connections"  WHERE "personal_connections"."verb_id" = $1[0m  [["verb_id", 1579]]
11:08:32 web.1  |   [1m[36m (0.3ms)[0m  [1mSELECT COUNT(*) FROM "personal_connections"  WHERE "personal_connections"."verb_id" = $1[0m  [["verb_id", 1341]]
11:08:32 web.1  |   [1m[35m (0.2ms)[0m  SELECT COUNT(*) FROM "personal_connections"  WHERE "personal_connections"."verb_id" = $1  [["verb_id", 500]]
11:08:32 web.1  |   [1m[35m (0.4ms)[0m  SELECT COUNT(*) FROM "personal_connections"  WHERE "personal_connections"."verb_id" = $1  [["verb_id", 68]]
11:08:32 web.1  |   [1m[36m (0.3ms)[0m  [1mSELECT COUNT(*) FROM "personal_connections"  WHERE "personal_connections"."verb_id" = $1[0m  [["verb_id", 1579]]
11:08:32 web.1  |   [1m[36m (0.5ms)[0m  [1mSELECT COUNT(*) FROM "personal_connections"  WHERE "personal_connections"."verb_id" = $1[0m  [["verb_id", 867]]
11:08:32 web.1  |   [1m[35m (0.3ms)[0m  SELECT COUNT(*) FROM "personal_connections"  WHERE "personal_connections"."verb_id" = $1  [["verb_id", 68]]
11:08:32 web.1  |   [1m[35m (0.3ms)[0m  SELECT COUNT(*) FROM "personal_connections"  WHERE "personal_connections"."verb_id" = $1  [["verb_id", 1023]]
11:08:32 web.1  |   [1m[36m (0.3ms)[0m  [1mSELECT COUNT(*) FROM "personal_connections"  WHERE "personal_connections"."verb_id" = $1[0m  [["verb_id", 1453]]
11:08:32 web.1  |   [1m[35m (0.3ms)[0m  SELECT COUNT(*) FROM "personal_connections"  WHERE "personal_connections"."verb_id" = $1  [["verb_id", 1326]]
11:08:32 web.1  |   [1m[36m (0.4ms)[0m  [1mSELECT COUNT(*) FROM "personal_connections"  WHERE "personal_connections"."verb_id" = $1[0m  [["verb_id", 867]]
11:08:32 web.1  |   [1m[36m (0.3ms)[0m  [1mSELECT COUNT(*) FROM "personal_connections"  WHERE "personal_connections"."verb_id" = $1[0m  [["verb_id", 1007]]
11:08:32 web.1  |   [1m[35m (0.3ms)[0m  SELECT COUNT(*) FROM "personal_connections"  WHERE "personal_connections"."verb_id" = $1  [["verb_id", 1023]]
11:08:32 web.1  |   [1m[35m (0.3ms)[0m  SELECT COUNT(*) FROM "personal_connections"  WHERE "personal_connections"."verb_id" = $1  [["verb_id", 578]]
11:08:32 web.1  |   [1m[36m (0.3ms)[0m  [1mSELECT COUNT(*) FROM "personal_connections"  WHERE "personal_connections"."verb_id" = $1[0m  [["verb_id", 1453]]
11:08:32 web.1  |   [1m[36m (0.3ms)[0m  [1mSELECT COUNT(*) FROM "personal_connections"  WHERE "personal_connections"."verb_id" = $1[0m  [["verb_id", 966]]
11:08:32 web.1  |   [1m[35m (0.4ms)[0m  SELECT COUNT(*) FROM "personal_connections"  WHERE "personal_connections"."verb_id" = $1  [["verb_id", 1326]]
11:08:32 web.1  |   [1m[35m (0.3ms)[0m  SELECT COUNT(*) FROM "personal_connections"  WHERE "personal_connections"."verb_id" = $1  [["verb_id", 836]]
11:08:32 web.1  |   [1m[36m (0.3ms)[0m  [1mSELECT COUNT(*) FROM "personal_connections"  WHERE "personal_connections"."verb_id" = $1[0m  [["verb_id", 1007]]
11:08:32 web.1  |   [1m[36m (0.3ms)[0m  [1mSELECT COUNT(*) FROM "personal_connections"  WHERE "personal_connections"."verb_id" = $1[0m  [["verb_id", 1407]]
11:08:32 web.1  |   [1m[35m (0.3ms)[0m  SELECT COUNT(*) FROM "personal_connections"  WHERE "personal_connections"."verb_id" = $1  [["verb_id", 578]]
11:08:32 web.1  |   [1m[36m (0.4ms)[0m  [1mSELECT COUNT(*) FROM "personal_connections"  WHERE "personal_connections"."verb_id" = $1[0m  [["verb_id", 966]]
11:08:32 web.1  |   [1m[35m (0.3ms)[0m  SELECT COUNT(*) FROM "personal_connections"  WHERE "personal_connections"."verb_id" = $1  [["verb_id", 836]]
11:08:32 web.1  |   [1m[35m (1.1ms)[0m  SELECT COUNT(*) FROM "personal_connections"  WHERE "personal_connections"."verb_id" = $1  [["verb_id", 1526]]
11:08:32 web.1  |   [1m[36m (0.3ms)[0m  [1mSELECT COUNT(*) FROM "personal_connections"  WHERE "personal_connections"."verb_id" = $1[0m  [["verb_id", 1407]]
11:08:32 web.1  |   [1m[36m (0.3ms)[0m  [1mSELECT COUNT(*) FROM "personal_connections"  WHERE "personal_connections"."verb_id" = $1[0m  [["verb_id", 1457]]
11:08:32 web.1  |   [1m[35m (0.3ms)[0m  SELECT COUNT(*) FROM "personal_connections"  WHERE "personal_connections"."verb_id" = $1  [["verb_id", 1526]]
11:08:32 web.1  |   [1m[35m (0.3ms)[0m  SELECT COUNT(*) FROM "personal_connections"  WHERE "personal_connections"."verb_id" = $1  [["verb_id", 1215]]
11:08:32 web.1  |   [1m[36m (0.3ms)[0m  [1mSELECT COUNT(*) FROM "personal_connections"  WHERE "personal_connections"."verb_id" = $1[0m  [["verb_id", 1457]]
11:08:32 web.1  |   [1m[36m (0.3ms)[0m  [1mSELECT COUNT(*) FROM "personal_connections"  WHERE "personal_connections"."verb_id" = $1[0m  [["verb_id", 667]]
11:08:32 web.1  |   [1m[35m (0.4ms)[0m  SELECT COUNT(*) FROM "personal_connections"  WHERE "personal_connections"."verb_id" = $1  [["verb_id", 1215]]
11:08:32 web.1  |   [1m[35m (0.5ms)[0m  SELECT COUNT(*) FROM "personal_connections"  WHERE "personal_connections"."verb_id" = $1  [["verb_id", 1086]]
11:08:32 web.1  |   [1m[36m (0.3ms)[0m  [1mSELECT COUNT(*) FROM "personal_connections"  WHERE "personal_connections"."verb_id" = $1[0m  [["verb_id", 667]]
11:08:32 web.1  |   [1m[36m (0.3ms)[0m  [1mSELECT COUNT(*) FROM "personal_connections"  WHERE "personal_connections"."verb_id" = $1[0m  [["verb_id", 1076]]
11:08:32 web.1  |   [1m[35m (0.3ms)[0m  SELECT COUNT(*) FROM "personal_connections"  WHERE "personal_connections"."verb_id" = $1  [["verb_id", 1086]]
11:08:32 web.1  |   [1m[35m (0.3ms)[0m  SELECT COUNT(*) FROM "personal_connections"  WHERE "personal_connections"."verb_id" = $1  [["verb_id", 1292]]
11:08:32 web.1  |   [1m[36m (0.3ms)[0m  [1mSELECT COUNT(*) FROM "personal_connections"  WHERE "personal_connections"."verb_id" = $1[0m  [["verb_id", 1076]]
11:08:32 web.1  |   [1m[36m (0.3ms)[0m  [1mSELECT COUNT(*) FROM "personal_connections"  WHERE "personal_connections"."verb_id" = $1[0m  [["verb_id", 1451]]
11:08:32 web.1  |   [1m[35m (1.4ms)[0m  SELECT COUNT(*) FROM "personal_connections"  WHERE "personal_connections"."verb_id" = $1  [["verb_id", 1292]]
11:08:32 web.1  |   [1m[35m (0.3ms)[0m  SELECT COUNT(*) FROM "personal_connections"  WHERE "personal_connections"."verb_id" = $1  [["verb_id", 967]]
11:08:32 web.1  |   [1m[36m (0.3ms)[0m  [1mSELECT COUNT(*) FROM "personal_connections"  WHERE "personal_connections"."verb_id" = $1[0m  [["verb_id", 1451]]
11:08:32 web.1  |   [1m[36m (0.3ms)[0m  [1mSELECT COUNT(*) FROM "personal_connections"  WHERE "personal_connections"."verb_id" = $1[0m  [["verb_id", 1553]]
11:08:32 web.1  |   [1m[35m (0.3ms)[0m  SELECT COUNT(*) FROM "personal_connections"  WHERE "personal_connections"."verb_id" = $1  [["verb_id", 967]]
11:08:32 web.1  |   [1m[35m (2.7ms)[0m  SELECT COUNT(*) FROM "personal_connections"  WHERE "personal_connections"."verb_id" = $1  [["verb_id", 20]]
11:08:32 web.1  |   [1m[36m (0.3ms)[0m  [1mSELECT COUNT(*) FROM "personal_connections"  WHERE "personal_connections"."verb_id" = $1[0m  [["verb_id", 1553]]
11:08:32 web.1  |   [1m[35m (0.3ms)[0m  SELECT COUNT(*) FROM "personal_connections"  WHERE "personal_connections"."verb_id" = $1  [["verb_id", 20]]
11:08:32 web.1  |   [1m[36m (0.3ms)[0m  [1mSELECT COUNT(*) FROM "personal_connections"  WHERE "personal_connections"."verb_id" = $1[0m  [["verb_id", 895]]
11:08:32 web.1  |   [1m[36m (0.3ms)[0m  [1mSELECT COUNT(*) FROM "personal_connections"  WHERE "personal_connections"."verb_id" = $1[0m  [["verb_id", 895]]
11:08:32 web.1  |   [1m[35m (0.3ms)[0m  SELECT COUNT(*) FROM "personal_connections"  WHERE "personal_connections"."verb_id" = $1  [["verb_id", 1422]]
11:08:32 web.1  |   [1m[35m (0.4ms)[0m  SELECT COUNT(*) FROM "personal_connections"  WHERE "personal_connections"."verb_id" = $1  [["verb_id", 1422]]
11:08:32 web.1  |   [1m[36m (0.3ms)[0m  [1mSELECT COUNT(*) FROM "personal_connections"  WHERE "personal_connections"."verb_id" = $1[0m  [["verb_id", 1346]]
11:08:32 web.1  |   [1m[36m (0.4ms)[0m  [1mSELECT COUNT(*) FROM "personal_connections"  WHERE "personal_connections"."verb_id" = $1[0m  [["verb_id", 1346]]
11:08:32 web.1  |   [1m[35m (2.4ms)[0m  SELECT COUNT(*) FROM "personal_connections"  WHERE "personal_connections"."verb_id" = $1  [["verb_id", 7]]
11:08:32 web.1  |   [1m[35m (0.5ms)[0m  SELECT COUNT(*) FROM "personal_connections"  WHERE "personal_connections"."verb_id" = $1  [["verb_id", 7]]
11:08:32 web.1  |   [1m[36m (0.3ms)[0m  [1mSELECT COUNT(*) FROM "personal_connections"  WHERE "personal_connections"."verb_id" = $1[0m  [["verb_id", 1223]]
11:08:32 web.1  |   [1m[36m (0.2ms)[0m  [1mSELECT COUNT(*) FROM "personal_connections"  WHERE "personal_connections"."verb_id" = $1[0m  [["verb_id", 1223]]
11:08:32 web.1  |   [1m[35m (0.3ms)[0m  SELECT COUNT(*) FROM "personal_connections"  WHERE "personal_connections"."verb_id" = $1  [["verb_id", 1062]]
11:08:32 web.1  |   [1m[35m (0.2ms)[0m  SELECT COUNT(*) FROM "personal_connections"  WHERE "personal_connections"."verb_id" = $1  [["verb_id", 1062]]
11:08:32 web.1  |   [1m[36m (0.3ms)[0m  [1mSELECT COUNT(*) FROM "personal_connections"  WHERE "personal_connections"."verb_id" = $1[0m  [["verb_id", 1022]]
11:08:32 web.1  |   [1m[36m (0.3ms)[0m  [1mSELECT COUNT(*) FROM "personal_connections"  WHERE "personal_connections"."verb_id" = $1[0m  [["verb_id", 1022]]
11:08:32 web.1  |   [1m[35m (0.3ms)[0m  SELECT COUNT(*) FROM "personal_connections"  WHERE "personal_connections"."verb_id" = $1  [["verb_id", 1277]]
11:08:32 web.1  |   [1m[35m (0.3ms)[0m  SELECT COUNT(*) FROM "personal_connections"  WHERE "personal_connections"."verb_id" = $1  [["verb_id", 1277]]
11:08:32 web.1  |   [1m[36m (0.3ms)[0m  [1mSELECT COUNT(*) FROM "personal_connections"  WHERE "personal_connections"."verb_id" = $1[0m  [["verb_id", 1418]]
11:08:32 web.1  |   [1m[36m (0.3ms)[0m  [1mSELECT COUNT(*) FROM "personal_connections"  WHERE "personal_connections"."verb_id" = $1[0m  [["verb_id", 1418]]
11:08:32 web.1  |   [1m[35m (0.3ms)[0m  SELECT COUNT(*) FROM "personal_connections"  WHERE "personal_connections"."verb_id" = $1  [["verb_id", 1222]]
11:08:32 web.1  |   [1m[35m (0.3ms)[0m  SELECT COUNT(*) FROM "personal_connections"  WHERE "personal_connections"."verb_id" = $1  [["verb_id", 1222]]
11:08:32 web.1  |   [1m[36m (0.3ms)[0m  [1mSELECT COUNT(*) FROM "personal_connections"  WHERE "personal_connections"."verb_id" = $1[0m  [["verb_id", 1308]]
11:08:32 web.1  |   [1m[36m (0.3ms)[0m  [1mSELECT COUNT(*) FROM "personal_connections"  WHERE "personal_connections"."verb_id" = $1[0m  [["verb_id", 1308]]
11:08:32 web.1  |   [1m[35m (0.3ms)[0m  SELECT COUNT(*) FROM "personal_connections"  WHERE "personal_connections"."verb_id" = $1  [["verb_id", 1309]]
11:08:32 web.1  |   [1m[35m (0.3ms)[0m  SELECT COUNT(*) FROM "personal_connections"  WHERE "personal_connections"."verb_id" = $1  [["verb_id", 1309]]
11:08:32 web.1  |   [1m[36m (0.2ms)[0m  [1mSELECT COUNT(*) FROM "personal_connections"  WHERE "personal_connections"."verb_id" = $1[0m  [["verb_id", 542]]
11:08:32 web.1  |   [1m[36m (1.8ms)[0m  [1mSELECT COUNT(*) FROM "personal_connections"  WHERE "personal_connections"."verb_id" = $1[0m  [["verb_id", 542]]
11:08:32 web.1  |   [1m[35m (0.3ms)[0m  SELECT COUNT(*) FROM "personal_connections"  WHERE "personal_connections"."verb_id" = $1  [["verb_id", 1491]]
11:08:32 web.1  |   [1m[35m (0.3ms)[0m  SELECT COUNT(*) FROM "personal_connections"  WHERE "personal_connections"."verb_id" = $1  [["verb_id", 1491]]
11:08:32 web.1  |   [1m[36m (0.3ms)[0m  [1mSELECT COUNT(*) FROM "personal_connections"  WHERE "personal_connections"."verb_id" = $1[0m  [["verb_id", 304]]
11:08:32 web.1  |   [1m[36m (0.3ms)[0m  [1mSELECT COUNT(*) FROM "personal_connections"  WHERE "personal_connections"."verb_id" = $1[0m  [["verb_id", 304]]
11:08:32 web.1  |   [1m[35m (0.3ms)[0m  SELECT COUNT(*) FROM "personal_connections"  WHERE "personal_connections"."verb_id" = $1  [["verb_id", 1411]]
11:08:32 web.1  |   [1m[35m (0.3ms)[0m  SELECT COUNT(*) FROM "personal_connections"  WHERE "personal_connections"."verb_id" = $1  [["verb_id", 1411]]
11:08:32 web.1  |   [1m[36m (0.3ms)[0m  [1mSELECT COUNT(*) FROM "personal_connections"  WHERE "personal_connections"."verb_id" = $1[0m  [["verb_id", 1230]]
11:08:32 web.1  |   [1m[36m (0.5ms)[0m  [1mSELECT COUNT(*) FROM "personal_connections"  WHERE "personal_connections"."verb_id" = $1[0m  [["verb_id", 1230]]
11:08:32 web.1  |   [1m[35m (0.3ms)[0m  SELECT COUNT(*) FROM "personal_connections"  WHERE "personal_connections"."verb_id" = $1  [["verb_id", 326]]
11:08:32 web.1  |   [1m[35m (0.3ms)[0m  SELECT COUNT(*) FROM "personal_connections"  WHERE "personal_connections"."verb_id" = $1  [["verb_id", 326]]
11:08:32 web.1  |   [1m[36m (0.3ms)[0m  [1mSELECT COUNT(*) FROM "personal_connections"  WHERE "personal_connections"."verb_id" = $1[0m  [["verb_id", 899]]
11:08:32 web.1  |   [1m[36m (0.2ms)[0m  [1mSELECT COUNT(*) FROM "personal_connections"  WHERE "personal_connections"."verb_id" = $1[0m  [["verb_id", 899]]
11:08:32 web.1  |   [1m[35m (0.3ms)[0m  SELECT COUNT(*) FROM "personal_connections"  WHERE "personal_connections"."verb_id" = $1  [["verb_id", 1589]]
11:08:32 web.1  |   [1m[35m (0.2ms)[0m  SELECT COUNT(*) FROM "personal_connections"  WHERE "personal_connections"."verb_id" = $1  [["verb_id", 1589]]
11:08:32 web.1  |   [1m[36m (0.3ms)[0m  [1mSELECT COUNT(*) FROM "personal_connections"  WHERE "personal_connections"."verb_id" = $1[0m  [["verb_id", 847]]
11:08:32 web.1  |   [1m[36m (0.3ms)[0m  [1mSELECT COUNT(*) FROM "personal_connections"  WHERE "personal_connections"."verb_id" = $1[0m  [["verb_id", 847]]
11:08:32 web.1  |   [1m[35m (0.4ms)[0m  SELECT COUNT(*) FROM "personal_connections"  WHERE "personal_connections"."verb_id" = $1  [["verb_id", 758]]
11:08:32 web.1  |   [1m[35m (0.2ms)[0m  SELECT COUNT(*) FROM "personal_connections"  WHERE "personal_connections"."verb_id" = $1  [["verb_id", 758]]
11:08:32 web.1  |   [1m[36m (0.3ms)[0m  [1mSELECT COUNT(*) FROM "personal_connections"  WHERE "personal_connections"."verb_id" = $1[0m  [["verb_id", 278]]
11:08:32 web.1  |   [1m[36m (0.3ms)[0m  [1mSELECT COUNT(*) FROM "personal_connections"  WHERE "personal_connections"."verb_id" = $1[0m  [["verb_id", 278]]
11:08:32 web.1  |   [1m[35m (0.3ms)[0m  SELECT COUNT(*) FROM "personal_connections"  WHERE "personal_connections"."verb_id" = $1  [["verb_id", 894]]
11:08:32 web.1  |   [1m[35m (0.6ms)[0m  SELECT COUNT(*) FROM "personal_connections"  WHERE "personal_connections"."verb_id" = $1  [["verb_id", 894]]
11:08:32 web.1  |   [1m[36m (0.3ms)[0m  [1mSELECT COUNT(*) FROM "personal_connections"  WHERE "personal_connections"."verb_id" = $1[0m  [["verb_id", 755]]
11:08:32 web.1  |   [1m[36m (0.3ms)[0m  [1mSELECT COUNT(*) FROM "personal_connections"  WHERE "personal_connections"."verb_id" = $1[0m  [["verb_id", 755]]
11:08:32 web.1  |   [1m[35m (0.3ms)[0m  SELECT COUNT(*) FROM "personal_connections"  WHERE "personal_connections"."verb_id" = $1  [["verb_id", 1205]]
11:08:32 web.1  |   [1m[35m (0.8ms)[0m  SELECT COUNT(*) FROM "personal_connections"  WHERE "personal_connections"."verb_id" = $1  [["verb_id", 1205]]
11:08:32 web.1  |   [1m[36m (0.3ms)[0m  [1mSELECT COUNT(*) FROM "personal_connections"  WHERE "personal_connections"."verb_id" = $1[0m  [["verb_id", 731]]
11:08:32 web.1  |   [1m[36m (0.3ms)[0m  [1mSELECT COUNT(*) FROM "personal_connections"  WHERE "personal_connections"."verb_id" = $1[0m  [["verb_id", 731]]
11:08:32 web.1  |   [1m[35m (8.3ms)[0m  SELECT COUNT(*) FROM "personal_connections"  WHERE "personal_connections"."verb_id" = $1  [["verb_id", 3]]
11:08:32 web.1  |   [1m[35m (9.7ms)[0m  SELECT COUNT(*) FROM "personal_connections"  WHERE "personal_connections"."verb_id" = $1  [["verb_id", 3]]
11:08:32 web.1  |   [1m[36m (0.3ms)[0m  [1mSELECT COUNT(*) FROM "personal_connections"  WHERE "personal_connections"."verb_id" = $1[0m  [["verb_id", 426]]
11:08:32 web.1  |   [1m[36m (0.3ms)[0m  [1mSELECT COUNT(*) FROM "personal_connections"  WHERE "personal_connections"."verb_id" = $1[0m  [["verb_id", 426]]
11:08:32 web.1  |   [1m[35m (0.3ms)[0m  SELECT COUNT(*) FROM "personal_connections"  WHERE "personal_connections"."verb_id" = $1  [["verb_id", 566]]
11:08:32 web.1  |   [1m[35m (0.7ms)[0m  SELECT COUNT(*) FROM "personal_connections"  WHERE "personal_connections"."verb_id" = $1  [["verb_id", 566]]
11:08:32 web.1  |   [1m[36m (0.3ms)[0m  [1mSELECT COUNT(*) FROM "personal_connections"  WHERE "personal_connections"."verb_id" = $1[0m  [["verb_id", 1572]]
11:08:32 web.1  |   [1m[36m (0.3ms)[0m  [1mSELECT COUNT(*) FROM "personal_connections"  WHERE "personal_connections"."verb_id" = $1[0m  [["verb_id", 1572]]
11:08:32 web.1  |   [1m[35m (0.3ms)[0m  SELECT COUNT(*) FROM "personal_connections"  WHERE "personal_connections"."verb_id" = $1  [["verb_id", 244]]
11:08:32 web.1  |   [1m[35m (0.3ms)[0m  SELECT COUNT(*) FROM "personal_connections"  WHERE "personal_connections"."verb_id" = $1  [["verb_id", 244]]
11:08:32 web.1  |   [1m[36m (0.3ms)[0m  [1mSELECT COUNT(*) FROM "personal_connections"  WHERE "personal_connections"."verb_id" = $1[0m  [["verb_id", 963]]
11:08:32 web.1  |   [1m[36m (0.3ms)[0m  [1mSELECT COUNT(*) FROM "personal_connections"  WHERE "personal_connections"."verb_id" = $1[0m  [["verb_id", 963]]
11:08:32 web.1  |   [1m[35m (0.3ms)[0m  SELECT COUNT(*) FROM "personal_connections"  WHERE "personal_connections"."verb_id" = $1  [["verb_id", 960]]
11:08:32 web.1  |   [1m[35m (0.3ms)[0m  SELECT COUNT(*) FROM "personal_connections"  WHERE "personal_connections"."verb_id" = $1  [["verb_id", 960]]
11:08:32 web.1  |   [1m[36m (0.3ms)[0m  [1mSELECT COUNT(*) FROM "personal_connections"  WHERE "personal_connections"."verb_id" = $1[0m  [["verb_id", 716]]
11:08:32 web.1  |   [1m[36m (1.2ms)[0m  [1mSELECT COUNT(*) FROM "personal_connections"  WHERE "personal_connections"."verb_id" = $1[0m  [["verb_id", 716]]
11:08:32 web.1  |   [1m[35m (0.3ms)[0m  SELECT COUNT(*) FROM "personal_connections"  WHERE "personal_connections"."verb_id" = $1  [["verb_id", 780]]
11:08:32 web.1  |   [1m[35m (0.3ms)[0m  SELECT COUNT(*) FROM "personal_connections"  WHERE "personal_connections"."verb_id" = $1  [["verb_id", 780]]
11:08:32 web.1  |   [1m[36m (0.3ms)[0m  [1mSELECT COUNT(*) FROM "personal_connections"  WHERE "personal_connections"."verb_id" = $1[0m  [["verb_id", 813]]
11:08:32 web.1  |   [1m[36m (0.6ms)[0m  [1mSELECT COUNT(*) FROM "personal_connections"  WHERE "personal_connections"."verb_id" = $1[0m  [["verb_id", 813]]
11:08:32 web.1  |   [1m[35m (0.4ms)[0m  SELECT COUNT(*) FROM "personal_connections"  WHERE "personal_connections"."verb_id" = $1  [["verb_id", 904]]
11:08:32 web.1  |   [1m[35m (0.3ms)[0m  SELECT COUNT(*) FROM "personal_connections"  WHERE "personal_connections"."verb_id" = $1  [["verb_id", 904]]
11:08:32 web.1  |   [1m[36m (0.3ms)[0m  [1mSELECT COUNT(*) FROM "personal_connections"  WHERE "personal_connections"."verb_id" = $1[0m  [["verb_id", 558]]
11:08:32 web.1  |   [1m[36m (0.3ms)[0m  [1mSELECT COUNT(*) FROM "personal_connections"  WHERE "personal_connections"."verb_id" = $1[0m  [["verb_id", 558]]
11:08:32 web.1  |   [1m[35m (0.3ms)[0m  SELECT COUNT(*) FROM "personal_connections"  WHERE "personal_connections"."verb_id" = $1  [["verb_id", 77]]
11:08:32 web.1  |   [1m[35m (0.3ms)[0m  SELECT COUNT(*) FROM "personal_connections"  WHERE "personal_connections"."verb_id" = $1  [["verb_id", 77]]
11:08:32 web.1  |   [1m[36m (0.3ms)[0m  [1mSELECT COUNT(*) FROM "personal_connections"  WHERE "personal_connections"."verb_id" = $1[0m  [["verb_id", 1354]]
11:08:32 web.1  |   [1m[36m (0.3ms)[0m  [1mSELECT COUNT(*) FROM "personal_connections"  WHERE "personal_connections"."verb_id" = $1[0m  [["verb_id", 1354]]
11:08:32 web.1  |   [1m[35m (0.3ms)[0m  SELECT COUNT(*) FROM "personal_connections"  WHERE "personal_connections"."verb_id" = $1  [["verb_id", 1290]]
11:08:32 web.1  |   [1m[35m (0.3ms)[0m  SELECT COUNT(*) FROM "personal_connections"  WHERE "personal_connections"."verb_id" = $1  [["verb_id", 1290]]
11:08:32 web.1  |   [1m[36m (0.3ms)[0m  [1mSELECT COUNT(*) FROM "personal_connections"  WHERE "personal_connections"."verb_id" = $1[0m  [["verb_id", 850]]
11:08:32 web.1  |   [1m[36m (0.3ms)[0m  [1mSELECT COUNT(*) FROM "personal_connections"  WHERE "personal_connections"."verb_id" = $1[0m  [["verb_id", 850]]
11:08:32 web.1  |   [1m[35m (0.3ms)[0m  SELECT COUNT(*) FROM "personal_connections"  WHERE "personal_connections"."verb_id" = $1  [["verb_id", 480]]
11:08:32 web.1  |   [1m[35m (0.5ms)[0m  SELECT COUNT(*) FROM "personal_connections"  WHERE "personal_connections"."verb_id" = $1  [["verb_id", 480]]
11:08:32 web.1  |   [1m[36m (0.3ms)[0m  [1mSELECT COUNT(*) FROM "personal_connections"  WHERE "personal_connections"."verb_id" = $1[0m  [["verb_id", 908]]
11:08:33 web.1  |   [1m[36m (0.3ms)[0m  [1mSELECT COUNT(*) FROM "personal_connections"  WHERE "personal_connections"."verb_id" = $1[0m  [["verb_id", 908]]
11:08:33 web.1  |   [1m[35m (0.3ms)[0m  SELECT COUNT(*) FROM "personal_connections"  WHERE "personal_connections"."verb_id" = $1  [["verb_id", 538]]
11:08:33 web.1  |   [1m[35m (0.4ms)[0m  SELECT COUNT(*) FROM "personal_connections"  WHERE "personal_connections"."verb_id" = $1  [["verb_id", 538]]
11:08:33 web.1  |   [1m[36m (0.3ms)[0m  [1mSELECT COUNT(*) FROM "personal_connections"  WHERE "personal_connections"."verb_id" = $1[0m  [["verb_id", 456]]
11:08:33 web.1  |   [1m[36m (0.4ms)[0m  [1mSELECT COUNT(*) FROM "personal_connections"  WHERE "personal_connections"."verb_id" = $1[0m  [["verb_id", 456]]
11:08:33 web.1  |   [1m[35m (0.3ms)[0m  SELECT COUNT(*) FROM "personal_connections"  WHERE "personal_connections"."verb_id" = $1  [["verb_id", 964]]
11:08:33 web.1  |   [1m[35m (0.4ms)[0m  SELECT COUNT(*) FROM "personal_connections"  WHERE "personal_connections"."verb_id" = $1  [["verb_id", 964]]
11:08:33 web.1  |   [1m[36m (0.3ms)[0m  [1mSELECT COUNT(*) FROM "personal_connections"  WHERE "personal_connections"."verb_id" = $1[0m  [["verb_id", 1357]]
11:08:33 web.1  |   [1m[36m (0.3ms)[0m  [1mSELECT COUNT(*) FROM "personal_connections"  WHERE "personal_connections"."verb_id" = $1[0m  [["verb_id", 1357]]
11:08:33 web.1  |   [1m[35m (0.3ms)[0m  SELECT COUNT(*) FROM "personal_connections"  WHERE "personal_connections"."verb_id" = $1  [["verb_id", 760]]
11:08:33 web.1  |   [1m[35m (0.3ms)[0m  SELECT COUNT(*) FROM "personal_connections"  WHERE "personal_connections"."verb_id" = $1  [["verb_id", 760]]
11:08:33 web.1  |   [1m[36m (0.2ms)[0m  [1mSELECT COUNT(*) FROM "personal_connections"  WHERE "personal_connections"."verb_id" = $1[0m  [["verb_id", 466]]
11:08:33 web.1  |   [1m[35m (0.4ms)[0m  SELECT COUNT(*) FROM "personal_connections"  WHERE "personal_connections"."verb_id" = $1  [["verb_id", 794]]
11:08:33 web.1  |   [1m[36m (0.2ms)[0m  [1mSELECT COUNT(*) FROM "personal_connections"  WHERE "personal_connections"."verb_id" = $1[0m  [["verb_id", 466]]
11:08:33 web.1  |   [1m[36m (0.3ms)[0m  [1mSELECT COUNT(*) FROM "personal_connections"  WHERE "personal_connections"."verb_id" = $1[0m  [["verb_id", 1534]]
11:08:33 web.1  |   [1m[35m (0.2ms)[0m  SELECT COUNT(*) FROM "personal_connections"  WHERE "personal_connections"."verb_id" = $1  [["verb_id", 794]]
11:08:33 web.1  |   [1m[35m (0.4ms)[0m  SELECT COUNT(*) FROM "personal_connections"  WHERE "personal_connections"."verb_id" = $1  [["verb_id", 450]]
11:08:33 web.1  |   [1m[36m (0.3ms)[0m  [1mSELECT COUNT(*) FROM "personal_connections"  WHERE "personal_connections"."verb_id" = $1[0m  [["verb_id", 1534]]
11:08:33 web.1  |   [1m[36m (0.4ms)[0m  [1mSELECT COUNT(*) FROM "personal_connections"  WHERE "personal_connections"."verb_id" = $1[0m  [["verb_id", 1372]]
11:08:33 web.1  |   [1m[35m (0.3ms)[0m  SELECT COUNT(*) FROM "personal_connections"  WHERE "personal_connections"."verb_id" = $1  [["verb_id", 450]]
11:08:33 web.1  |   [1m[36m (0.3ms)[0m  [1mSELECT COUNT(*) FROM "personal_connections"  WHERE "personal_connections"."verb_id" = $1[0m  [["verb_id", 1372]]
11:08:33 web.1  |   [1m[35m (0.3ms)[0m  SELECT COUNT(*) FROM "personal_connections"  WHERE "personal_connections"."verb_id" = $1  [["verb_id", 1235]]
11:08:33 web.1  |   [1m[35m (0.3ms)[0m  SELECT COUNT(*) FROM "personal_connections"  WHERE "personal_connections"."verb_id" = $1  [["verb_id", 1235]]
11:08:33 web.1  |   [1m[36m (0.3ms)[0m  [1mSELECT COUNT(*) FROM "personal_connections"  WHERE "personal_connections"."verb_id" = $1[0m  [["verb_id", 1142]]
11:08:33 web.1  |   [1m[36m (0.3ms)[0m  [1mSELECT COUNT(*) FROM "personal_connections"  WHERE "personal_connections"."verb_id" = $1[0m  [["verb_id", 1142]]
11:08:33 web.1  |   [1m[35m (0.3ms)[0m  SELECT COUNT(*) FROM "personal_connections"  WHERE "personal_connections"."verb_id" = $1  [["verb_id", 141]]
11:08:33 web.1  |   [1m[35m (0.3ms)[0m  SELECT COUNT(*) FROM "personal_connections"  WHERE "personal_connections"."verb_id" = $1  [["verb_id", 141]]
11:08:33 web.1  |   [1m[36m (0.3ms)[0m  [1mSELECT COUNT(*) FROM "personal_connections"  WHERE "personal_connections"."verb_id" = $1[0m  [["verb_id", 64]]
11:08:33 web.1  |   [1m[36m (0.3ms)[0m  [1mSELECT COUNT(*) FROM "personal_connections"  WHERE "personal_connections"."verb_id" = $1[0m  [["verb_id", 64]]
11:08:33 web.1  |   [1m[35m (0.3ms)[0m  SELECT COUNT(*) FROM "personal_connections"  WHERE "personal_connections"."verb_id" = $1  [["verb_id", 392]]
11:08:33 web.1  |   [1m[35m (0.2ms)[0m  SELECT COUNT(*) FROM "personal_connections"  WHERE "personal_connections"."verb_id" = $1  [["verb_id", 392]]
11:08:33 web.1  |   [1m[36m (0.7ms)[0m  [1mSELECT COUNT(*) FROM "personal_connections"  WHERE "personal_connections"."verb_id" = $1[0m  [["verb_id", 710]]
11:08:33 web.1  |   [1m[36m (0.2ms)[0m  [1mSELECT COUNT(*) FROM "personal_connections"  WHERE "personal_connections"."verb_id" = $1[0m  [["verb_id", 710]]
11:08:33 web.1  |   [1m[35m (0.3ms)[0m  SELECT COUNT(*) FROM "personal_connections"  WHERE "personal_connections"."verb_id" = $1  [["verb_id", 775]]
11:08:33 web.1  |   [1m[35m (0.3ms)[0m  SELECT COUNT(*) FROM "personal_connections"  WHERE "personal_connections"."verb_id" = $1  [["verb_id", 775]]
11:08:33 web.1  |   [1m[36m (0.3ms)[0m  [1mSELECT COUNT(*) FROM "personal_connections"  WHERE "personal_connections"."verb_id" = $1[0m  [["verb_id", 1535]]
11:08:33 web.1  |   [1m[36m (0.3ms)[0m  [1mSELECT COUNT(*) FROM "personal_connections"  WHERE "personal_connections"."verb_id" = $1[0m  [["verb_id", 1535]]
11:08:33 web.1  |   [1m[35m (0.3ms)[0m  SELECT COUNT(*) FROM "personal_connections"  WHERE "personal_connections"."verb_id" = $1  [["verb_id", 1231]]
11:08:33 web.1  |   [1m[35m (0.3ms)[0m  SELECT COUNT(*) FROM "personal_connections"  WHERE "personal_connections"."verb_id" = $1  [["verb_id", 1231]]
11:08:33 web.1  |   [1m[36m (0.4ms)[0m  [1mSELECT COUNT(*) FROM "personal_connections"  WHERE "personal_connections"."verb_id" = $1[0m  [["verb_id", 861]]
11:08:33 web.1  |   [1m[35m (0.3ms)[0m  SELECT COUNT(*) FROM "personal_connections"  WHERE "personal_connections"."verb_id" = $1  [["verb_id", 803]]
11:08:33 web.1  |   [1m[36m (0.3ms)[0m  [1mSELECT COUNT(*) FROM "personal_connections"  WHERE "personal_connections"."verb_id" = $1[0m  [["verb_id", 861]]
11:08:33 web.1  |   [1m[35m (0.4ms)[0m  SELECT COUNT(*) FROM "personal_connections"  WHERE "personal_connections"."verb_id" = $1  [["verb_id", 803]]
11:08:33 web.1  |   [1m[36m (0.4ms)[0m  [1mSELECT COUNT(*) FROM "personal_connections"  WHERE "personal_connections"."verb_id" = $1[0m  [["verb_id", 572]]
11:08:33 web.1  |   [1m[36m (0.4ms)[0m  [1mSELECT COUNT(*) FROM "personal_connections"  WHERE "personal_connections"."verb_id" = $1[0m  [["verb_id", 572]]
11:08:33 web.1  |   [1m[35m (0.3ms)[0m  SELECT COUNT(*) FROM "personal_connections"  WHERE "personal_connections"."verb_id" = $1  [["verb_id", 490]]
11:08:33 web.1  |   [1m[35m (0.4ms)[0m  SELECT COUNT(*) FROM "personal_connections"  WHERE "personal_connections"."verb_id" = $1  [["verb_id", 490]]
11:08:33 web.1  |   [1m[36m (0.3ms)[0m  [1mSELECT COUNT(*) FROM "personal_connections"  WHERE "personal_connections"."verb_id" = $1[0m  [["verb_id", 1015]]
11:08:33 web.1  |   [1m[36m (0.2ms)[0m  [1mSELECT COUNT(*) FROM "personal_connections"  WHERE "personal_connections"."verb_id" = $1[0m  [["verb_id", 1015]]
11:08:33 web.1  |   [1m[35m (0.3ms)[0m  SELECT COUNT(*) FROM "personal_connections"  WHERE "personal_connections"."verb_id" = $1  [["verb_id", 1267]]
11:08:33 web.1  |   [1m[35m (0.2ms)[0m  SELECT COUNT(*) FROM "personal_connections"  WHERE "personal_connections"."verb_id" = $1  [["verb_id", 1267]]
11:08:33 web.1  |   [1m[36m (0.3ms)[0m  [1mSELECT COUNT(*) FROM "personal_connections"  WHERE "personal_connections"."verb_id" = $1[0m  [["verb_id", 300]]
11:08:33 web.1  |   [1m[36m (0.2ms)[0m  [1mSELECT COUNT(*) FROM "personal_connections"  WHERE "personal_connections"."verb_id" = $1[0m  [["verb_id", 300]]
11:08:33 web.1  |   [1m[35m (0.2ms)[0m  SELECT COUNT(*) FROM "personal_connections"  WHERE "personal_connections"."verb_id" = $1  [["verb_id", 885]]
11:08:33 web.1  |   [1m[35m (0.3ms)[0m  SELECT COUNT(*) FROM "personal_connections"  WHERE "personal_connections"."verb_id" = $1  [["verb_id", 885]]
11:08:33 web.1  |   [1m[36m (0.3ms)[0m  [1mSELECT COUNT(*) FROM "personal_connections"  WHERE "personal_connections"."verb_id" = $1[0m  [["verb_id", 1097]]
11:08:33 web.1  |   [1m[36m (0.2ms)[0m  [1mSELECT COUNT(*) FROM "personal_connections"  WHERE "personal_connections"."verb_id" = $1[0m  [["verb_id", 1097]]
11:08:33 web.1  |   [1m[35m (0.4ms)[0m  SELECT COUNT(*) FROM "personal_connections"  WHERE "personal_connections"."verb_id" = $1  [["verb_id", 574]]
11:08:33 web.1  |   [1m[36m (0.3ms)[0m  [1mSELECT COUNT(*) FROM "personal_connections"  WHERE "personal_connections"."verb_id" = $1[0m  [["verb_id", 1030]]
11:08:33 web.1  |   [1m[35m (0.3ms)[0m  SELECT COUNT(*) FROM "personal_connections"  WHERE "personal_connections"."verb_id" = $1  [["verb_id", 574]]
11:08:33 web.1  |   [1m[35m (0.3ms)[0m  SELECT COUNT(*) FROM "personal_connections"  WHERE "personal_connections"."verb_id" = $1  [["verb_id", 24]]
11:08:33 web.1  |   [1m[36m (0.3ms)[0m  [1mSELECT COUNT(*) FROM "personal_connections"  WHERE "personal_connections"."verb_id" = $1[0m  [["verb_id", 1030]]
11:08:33 web.1  |   [1m[36m (0.2ms)[0m  [1mSELECT COUNT(*) FROM "personal_connections"  WHERE "personal_connections"."verb_id" = $1[0m  [["verb_id", 818]]
11:08:33 web.1  |   [1m[35m (0.4ms)[0m  SELECT COUNT(*) FROM "personal_connections"  WHERE "personal_connections"."verb_id" = $1  [["verb_id", 24]]
11:08:33 web.1  |   [1m[35m (0.2ms)[0m  SELECT COUNT(*) FROM "personal_connections"  WHERE "personal_connections"."verb_id" = $1  [["verb_id", 887]]
11:08:33 web.1  |   [1m[36m (0.3ms)[0m  [1mSELECT COUNT(*) FROM "personal_connections"  WHERE "personal_connections"."verb_id" = $1[0m  [["verb_id", 818]]
11:08:33 web.1  |   [1m[36m (0.4ms)[0m  [1mSELECT COUNT(*) FROM "personal_connections"  WHERE "personal_connections"."verb_id" = $1[0m  [["verb_id", 448]]
11:08:33 web.1  |   [1m[35m (0.3ms)[0m  SELECT COUNT(*) FROM "personal_connections"  WHERE "personal_connections"."verb_id" = $1  [["verb_id", 1325]]
11:08:33 web.1  |   [1m[35m (0.3ms)[0m  SELECT COUNT(*) FROM "personal_connections"  WHERE "personal_connections"."verb_id" = $1  [["verb_id", 887]]
11:08:33 web.1  |   [1m[36m (0.3ms)[0m  [1mSELECT COUNT(*) FROM "personal_connections"  WHERE "personal_connections"."verb_id" = $1[0m  [["verb_id", 1125]]
11:08:33 web.1  |   [1m[36m (0.4ms)[0m  [1mSELECT COUNT(*) FROM "personal_connections"  WHERE "personal_connections"."verb_id" = $1[0m  [["verb_id", 448]]
11:08:33 web.1  |   [1m[35m (0.3ms)[0m  SELECT COUNT(*) FROM "personal_connections"  WHERE "personal_connections"."verb_id" = $1  [["verb_id", 496]]
11:08:33 web.1  |   [1m[35m (0.2ms)[0m  SELECT COUNT(*) FROM "personal_connections"  WHERE "personal_connections"."verb_id" = $1  [["verb_id", 1325]]
11:08:33 web.1  |   [1m[36m (0.3ms)[0m  [1mSELECT COUNT(*) FROM "personal_connections"  WHERE "personal_connections"."verb_id" = $1[0m  [["verb_id", 902]]
11:08:33 web.1  |   [1m[36m (0.4ms)[0m  [1mSELECT COUNT(*) FROM "personal_connections"  WHERE "personal_connections"."verb_id" = $1[0m  [["verb_id", 1125]]
11:08:33 web.1  |   [1m[35m (0.3ms)[0m  SELECT COUNT(*) FROM "personal_connections"  WHERE "personal_connections"."verb_id" = $1  [["verb_id", 1359]]
11:08:33 web.1  |   [1m[35m (0.3ms)[0m  SELECT COUNT(*) FROM "personal_connections"  WHERE "personal_connections"."verb_id" = $1  [["verb_id", 496]]
11:08:33 web.1  |   [1m[36m (0.3ms)[0m  [1mSELECT COUNT(*) FROM "personal_connections"  WHERE "personal_connections"."verb_id" = $1[0m  [["verb_id", 522]]
11:08:33 web.1  |   [1m[36m (0.3ms)[0m  [1mSELECT COUNT(*) FROM "personal_connections"  WHERE "personal_connections"."verb_id" = $1[0m  [["verb_id", 902]]
11:08:33 web.1  |   [1m[35m (0.3ms)[0m  SELECT COUNT(*) FROM "personal_connections"  WHERE "personal_connections"."verb_id" = $1  [["verb_id", 848]]
11:08:33 web.1  |   [1m[35m (0.3ms)[0m  SELECT COUNT(*) FROM "personal_connections"  WHERE "personal_connections"."verb_id" = $1  [["verb_id", 1359]]
11:08:33 web.1  |   [1m[36m (0.3ms)[0m  [1mSELECT COUNT(*) FROM "personal_connections"  WHERE "personal_connections"."verb_id" = $1[0m  [["verb_id", 522]]
11:08:33 web.1  |   [1m[36m (0.2ms)[0m  [1mSELECT COUNT(*) FROM "personal_connections"  WHERE "personal_connections"."verb_id" = $1[0m  [["verb_id", 1013]]
11:08:33 web.1  |   [1m[35m (0.4ms)[0m  SELECT COUNT(*) FROM "personal_connections"  WHERE "personal_connections"."verb_id" = $1  [["verb_id", 848]]
11:08:33 web.1  |   [1m[35m (0.2ms)[0m  SELECT COUNT(*) FROM "personal_connections"  WHERE "personal_connections"."verb_id" = $1  [["verb_id", 1381]]
11:08:33 web.1  |   [1m[36m (0.3ms)[0m  [1mSELECT COUNT(*) FROM "personal_connections"  WHERE "personal_connections"."verb_id" = $1[0m  [["verb_id", 1013]]
11:08:33 web.1  |   [1m[36m (0.3ms)[0m  [1mSELECT COUNT(*) FROM "personal_connections"  WHERE "personal_connections"."verb_id" = $1[0m  [["verb_id", 701]]
11:08:33 web.1  |   [1m[35m (0.3ms)[0m  SELECT COUNT(*) FROM "personal_connections"  WHERE "personal_connections"."verb_id" = $1  [["verb_id", 1381]]
11:08:33 web.1  |   [1m[35m (0.6ms)[0m  SELECT COUNT(*) FROM "personal_connections"  WHERE "personal_connections"."verb_id" = $1  [["verb_id", 1234]]
11:08:33 web.1  |   [1m[36m (0.3ms)[0m  [1mSELECT COUNT(*) FROM "personal_connections"  WHERE "personal_connections"."verb_id" = $1[0m  [["verb_id", 701]]
11:08:33 web.1  |   [1m[36m (0.3ms)[0m  [1mSELECT COUNT(*) FROM "personal_connections"  WHERE "personal_connections"."verb_id" = $1[0m  [["verb_id", 486]]
11:08:33 web.1  |   [1m[35m (0.5ms)[0m  SELECT COUNT(*) FROM "personal_connections"  WHERE "personal_connections"."verb_id" = $1  [["verb_id", 1234]]
11:08:33 web.1  |   [1m[35m (0.3ms)[0m  SELECT COUNT(*) FROM "personal_connections"  WHERE "personal_connections"."verb_id" = $1  [["verb_id", 986]]
11:08:33 web.1  |   [1m[36m (0.3ms)[0m  [1mSELECT COUNT(*) FROM "personal_connections"  WHERE "personal_connections"."verb_id" = $1[0m  [["verb_id", 486]]
11:08:33 web.1  |   [1m[36m (0.3ms)[0m  [1mSELECT COUNT(*) FROM "personal_connections"  WHERE "personal_connections"."verb_id" = $1[0m  [["verb_id", 915]]
11:08:33 web.1  |   [1m[35m (0.3ms)[0m  SELECT COUNT(*) FROM "personal_connections"  WHERE "personal_connections"."verb_id" = $1  [["verb_id", 986]]
11:08:33 web.1  |   [1m[35m (0.3ms)[0m  SELECT COUNT(*) FROM "personal_connections"  WHERE "personal_connections"."verb_id" = $1  [["verb_id", 1504]]
11:08:33 web.1  |   [1m[36m (0.3ms)[0m  [1mSELECT COUNT(*) FROM "personal_connections"  WHERE "personal_connections"."verb_id" = $1[0m  [["verb_id", 915]]
11:08:33 web.1  |   [1m[36m (0.3ms)[0m  [1mSELECT COUNT(*) FROM "personal_connections"  WHERE "personal_connections"."verb_id" = $1[0m  [["verb_id", 751]]
11:08:33 web.1  |   [1m[35m (1.8ms)[0m  SELECT COUNT(*) FROM "personal_connections"  WHERE "personal_connections"."verb_id" = $1  [["verb_id", 1504]]
11:08:33 web.1  |   [1m[35m (0.2ms)[0m  SELECT COUNT(*) FROM "personal_connections"  WHERE "personal_connections"."verb_id" = $1  [["verb_id", 540]]
11:08:33 web.1  |   [1m[36m (0.3ms)[0m  [1mSELECT COUNT(*) FROM "personal_connections"  WHERE "personal_connections"."verb_id" = $1[0m  [["verb_id", 751]]
11:08:33 web.1  |   [1m[36m (0.2ms)[0m  [1mSELECT COUNT(*) FROM "personal_connections"  WHERE "personal_connections"."verb_id" = $1[0m  [["verb_id", 652]]
11:08:33 web.1  |   [1m[35m (0.3ms)[0m  SELECT COUNT(*) FROM "personal_connections"  WHERE "personal_connections"."verb_id" = $1  [["verb_id", 540]]
11:08:33 web.1  |   [1m[35m (0.8ms)[0m  SELECT COUNT(*) FROM "personal_connections"  WHERE "personal_connections"."verb_id" = $1  [["verb_id", 1197]]
11:08:33 web.1  |   [1m[36m (0.7ms)[0m  [1mSELECT COUNT(*) FROM "personal_connections"  WHERE "personal_connections"."verb_id" = $1[0m  [["verb_id", 652]]
11:08:33 web.1  |   [1m[36m (0.2ms)[0m  [1mSELECT COUNT(*) FROM "personal_connections"  WHERE "personal_connections"."verb_id" = $1[0m  [["verb_id", 266]]
11:08:33 web.1  |   [1m[35m (0.3ms)[0m  SELECT COUNT(*) FROM "personal_connections"  WHERE "personal_connections"."verb_id" = $1  [["verb_id", 1197]]
11:08:33 web.1  |   [1m[35m (0.2ms)[0m  SELECT COUNT(*) FROM "personal_connections"  WHERE "personal_connections"."verb_id" = $1  [["verb_id", 1446]]
11:08:33 web.1  |   [1m[36m (0.3ms)[0m  [1mSELECT COUNT(*) FROM "personal_connections"  WHERE "personal_connections"."verb_id" = $1[0m  [["verb_id", 266]]
11:08:33 web.1  |   [1m[36m (0.3ms)[0m  [1mSELECT COUNT(*) FROM "personal_connections"  WHERE "personal_connections"."verb_id" = $1[0m  [["verb_id", 1082]]
11:08:33 web.1  |   [1m[35m (0.3ms)[0m  SELECT COUNT(*) FROM "personal_connections"  WHERE "personal_connections"."verb_id" = $1  [["verb_id", 1446]]
11:08:33 web.1  |   [1m[35m (0.3ms)[0m  SELECT COUNT(*) FROM "personal_connections"  WHERE "personal_connections"."verb_id" = $1  [["verb_id", 1305]]
11:08:33 web.1  |   [1m[36m (0.3ms)[0m  [1mSELECT COUNT(*) FROM "personal_connections"  WHERE "personal_connections"."verb_id" = $1[0m  [["verb_id", 1082]]
11:08:33 web.1  |   [1m[36m (0.4ms)[0m  [1mSELECT COUNT(*) FROM "personal_connections"  WHERE "personal_connections"."verb_id" = $1[0m  [["verb_id", 1304]]
11:08:33 web.1  |   [1m[35m (0.3ms)[0m  SELECT COUNT(*) FROM "personal_connections"  WHERE "personal_connections"."verb_id" = $1  [["verb_id", 1305]]
11:08:33 web.1  |   [1m[35m (0.3ms)[0m  SELECT COUNT(*) FROM "personal_connections"  WHERE "personal_connections"."verb_id" = $1  [["verb_id", 262]]
11:08:33 web.1  |   [1m[36m (0.9ms)[0m  [1mSELECT COUNT(*) FROM "personal_connections"  WHERE "personal_connections"."verb_id" = $1[0m  [["verb_id", 1304]]
11:08:33 web.1  |   [1m[36m (0.3ms)[0m  [1mSELECT COUNT(*) FROM "personal_connections"  WHERE "personal_connections"."verb_id" = $1[0m  [["verb_id", 954]]
11:08:33 web.1  |   [1m[35m (0.4ms)[0m  SELECT COUNT(*) FROM "personal_connections"  WHERE "personal_connections"."verb_id" = $1  [["verb_id", 262]]
11:08:33 web.1  |   [1m[35m (0.4ms)[0m  SELECT COUNT(*) FROM "personal_connections"  WHERE "personal_connections"."verb_id" = $1  [["verb_id", 400]]
11:08:33 web.1  |   [1m[36m (0.3ms)[0m  [1mSELECT COUNT(*) FROM "personal_connections"  WHERE "personal_connections"."verb_id" = $1[0m  [["verb_id", 954]]
11:08:33 web.1  |   [1m[36m (0.3ms)[0m  [1mSELECT COUNT(*) FROM "personal_connections"  WHERE "personal_connections"."verb_id" = $1[0m  [["verb_id", 73]]
11:08:33 web.1  |   [1m[35m (0.3ms)[0m  SELECT COUNT(*) FROM "personal_connections"  WHERE "personal_connections"."verb_id" = $1  [["verb_id", 400]]
11:08:33 web.1  |   [1m[35m (0.3ms)[0m  SELECT COUNT(*) FROM "personal_connections"  WHERE "personal_connections"."verb_id" = $1  [["verb_id", 1569]]
11:08:33 web.1  |   [1m[36m (0.3ms)[0m  [1mSELECT COUNT(*) FROM "personal_connections"  WHERE "personal_connections"."verb_id" = $1[0m  [["verb_id", 73]]
11:08:33 web.1  |   [1m[36m (0.3ms)[0m  [1mSELECT COUNT(*) FROM "personal_connections"  WHERE "personal_connections"."verb_id" = $1[0m  [["verb_id", 1077]]
11:08:33 web.1  |   [1m[35m (1.8ms)[0m  SELECT COUNT(*) FROM "personal_connections"  WHERE "personal_connections"."verb_id" = $1  [["verb_id", 1569]]
11:08:33 web.1  |   [1m[35m (0.5ms)[0m  SELECT COUNT(*) FROM "personal_connections"  WHERE "personal_connections"."verb_id" = $1  [["verb_id", 1468]]
11:08:33 web.1  |   [1m[36m (0.4ms)[0m  [1mSELECT COUNT(*) FROM "personal_connections"  WHERE "personal_connections"."verb_id" = $1[0m  [["verb_id", 1077]]
11:08:33 web.1  |   [1m[36m (1.1ms)[0m  [1mSELECT COUNT(*) FROM "personal_connections"  WHERE "personal_connections"."verb_id" = $1[0m  [["verb_id", 1542]]
11:08:33 web.1  |   [1m[35m (0.3ms)[0m  SELECT COUNT(*) FROM "personal_connections"  WHERE "personal_connections"."verb_id" = $1  [["verb_id", 1468]]
11:08:33 web.1  |   [1m[35m (0.5ms)[0m  SELECT COUNT(*) FROM "personal_connections"  WHERE "personal_connections"."verb_id" = $1  [["verb_id", 819]]
11:08:33 web.1  |   [1m[36m (0.4ms)[0m  [1mSELECT COUNT(*) FROM "personal_connections"  WHERE "personal_connections"."verb_id" = $1[0m  [["verb_id", 1542]]
11:08:33 web.1  |   [1m[36m (0.3ms)[0m  [1mSELECT COUNT(*) FROM "personal_connections"  WHERE "personal_connections"."verb_id" = $1[0m  [["verb_id", 1052]]
11:08:33 web.1  |   [1m[35m (0.5ms)[0m  SELECT COUNT(*) FROM "personal_connections"  WHERE "personal_connections"."verb_id" = $1  [["verb_id", 819]]
11:08:33 web.1  |   [1m[35m (0.3ms)[0m  SELECT COUNT(*) FROM "personal_connections"  WHERE "personal_connections"."verb_id" = $1  [["verb_id", 882]]
11:08:33 web.1  |   [1m[36m (0.3ms)[0m  [1mSELECT COUNT(*) FROM "personal_connections"  WHERE "personal_connections"."verb_id" = $1[0m  [["verb_id", 1052]]
11:08:33 web.1  |   [1m[36m (0.3ms)[0m  [1mSELECT COUNT(*) FROM "personal_connections"  WHERE "personal_connections"."verb_id" = $1[0m  [["verb_id", 220]]
11:08:33 web.1  |   [1m[35m (0.4ms)[0m  SELECT COUNT(*) FROM "personal_connections"  WHERE "personal_connections"."verb_id" = $1  [["verb_id", 882]]
11:08:33 web.1  |   [1m[35m (0.2ms)[0m  SELECT COUNT(*) FROM "personal_connections"  WHERE "personal_connections"."verb_id" = $1  [["verb_id", 766]]
11:08:33 web.1  |   [1m[36m (0.3ms)[0m  [1mSELECT COUNT(*) FROM "personal_connections"  WHERE "personal_connections"."verb_id" = $1[0m  [["verb_id", 220]]
11:08:33 web.1  |   [1m[36m (0.3ms)[0m  [1mSELECT COUNT(*) FROM "personal_connections"  WHERE "personal_connections"."verb_id" = $1[0m  [["verb_id", 201]]
11:08:33 web.1  |   [1m[35m (0.3ms)[0m  SELECT COUNT(*) FROM "personal_connections"  WHERE "personal_connections"."verb_id" = $1  [["verb_id", 766]]
11:08:33 web.1  |   [1m[36m (0.3ms)[0m  [1mSELECT COUNT(*) FROM "personal_connections"  WHERE "personal_connections"."verb_id" = $1[0m  [["verb_id", 201]]
11:08:33 web.1  |   [1m[35m (0.5ms)[0m  SELECT COUNT(*) FROM "personal_connections"  WHERE "personal_connections"."verb_id" = $1  [["verb_id", 809]]
11:08:33 web.1  |   [1m[35m (0.3ms)[0m  SELECT COUNT(*) FROM "personal_connections"  WHERE "personal_connections"."verb_id" = $1  [["verb_id", 809]]
11:08:33 web.1  |   [1m[36m (0.3ms)[0m  [1mSELECT COUNT(*) FROM "personal_connections"  WHERE "personal_connections"."verb_id" = $1[0m  [["verb_id", 1420]]
11:08:33 web.1  |   [1m[36m (0.3ms)[0m  [1mSELECT COUNT(*) FROM "personal_connections"  WHERE "personal_connections"."verb_id" = $1[0m  [["verb_id", 1420]]
11:08:33 web.1  |   [1m[35m (0.3ms)[0m  SELECT COUNT(*) FROM "personal_connections"  WHERE "personal_connections"."verb_id" = $1  [["verb_id", 1178]]
11:08:33 web.1  |   [1m[35m (0.3ms)[0m  SELECT COUNT(*) FROM "personal_connections"  WHERE "personal_connections"."verb_id" = $1  [["verb_id", 1178]]
11:08:33 web.1  |   [1m[36m (0.3ms)[0m  [1mSELECT COUNT(*) FROM "personal_connections"  WHERE "personal_connections"."verb_id" = $1[0m  [["verb_id", 1287]]
11:08:33 web.1  |   [1m[36m (0.4ms)[0m  [1mSELECT COUNT(*) FROM "personal_connections"  WHERE "personal_connections"."verb_id" = $1[0m  [["verb_id", 1287]]
11:08:33 web.1  |   [1m[35m (0.3ms)[0m  SELECT COUNT(*) FROM "personal_connections"  WHERE "personal_connections"."verb_id" = $1  [["verb_id", 1496]]
11:08:33 web.1  |   [1m[35m (0.3ms)[0m  SELECT COUNT(*) FROM "personal_connections"  WHERE "personal_connections"."verb_id" = $1  [["verb_id", 1496]]
11:08:33 web.1  |   [1m[36m (0.3ms)[0m  [1mSELECT COUNT(*) FROM "personal_connections"  WHERE "personal_connections"."verb_id" = $1[0m  [["verb_id", 528]]
11:08:33 web.1  |   [1m[36m (0.5ms)[0m  [1mSELECT COUNT(*) FROM "personal_connections"  WHERE "personal_connections"."verb_id" = $1[0m  [["verb_id", 528]]
11:08:33 web.1  |   [1m[35m (0.3ms)[0m  SELECT COUNT(*) FROM "personal_connections"  WHERE "personal_connections"."verb_id" = $1  [["verb_id", 777]]
11:08:33 web.1  |   [1m[35m (0.3ms)[0m  SELECT COUNT(*) FROM "personal_connections"  WHERE "personal_connections"."verb_id" = $1  [["verb_id", 777]]
11:08:33 web.1  |   [1m[36m (0.3ms)[0m  [1mSELECT COUNT(*) FROM "personal_connections"  WHERE "personal_connections"."verb_id" = $1[0m  [["verb_id", 1099]]
11:08:33 web.1  |   [1m[36m (0.3ms)[0m  [1mSELECT COUNT(*) FROM "personal_connections"  WHERE "personal_connections"."verb_id" = $1[0m  [["verb_id", 1099]]
11:08:33 web.1  |   [1m[35m (0.3ms)[0m  SELECT COUNT(*) FROM "personal_connections"  WHERE "personal_connections"."verb_id" = $1  [["verb_id", 408]]
11:08:33 web.1  |   [1m[36m (0.2ms)[0m  [1mSELECT COUNT(*) FROM "personal_connections"  WHERE "personal_connections"."verb_id" = $1[0m  [["verb_id", 1389]]
11:08:33 web.1  |   [1m[35m (0.4ms)[0m  SELECT COUNT(*) FROM "personal_connections"  WHERE "personal_connections"."verb_id" = $1  [["verb_id", 408]]
11:08:33 web.1  |   [1m[35m (0.3ms)[0m  SELECT COUNT(*) FROM "personal_connections"  WHERE "personal_connections"."verb_id" = $1  [["verb_id", 602]]
11:08:33 web.1  |   [1m[36m (0.4ms)[0m  [1mSELECT COUNT(*) FROM "personal_connections"  WHERE "personal_connections"."verb_id" = $1[0m  [["verb_id", 1389]]
11:08:33 web.1  |   [1m[36m (0.3ms)[0m  [1mSELECT COUNT(*) FROM "personal_connections"  WHERE "personal_connections"."verb_id" = $1[0m  [["verb_id", 250]]
11:08:33 web.1  |   [1m[35m (0.3ms)[0m  SELECT COUNT(*) FROM "personal_connections"  WHERE "personal_connections"."verb_id" = $1  [["verb_id", 602]]
11:08:33 web.1  |   [1m[35m (0.3ms)[0m  SELECT COUNT(*) FROM "personal_connections"  WHERE "personal_connections"."verb_id" = $1  [["verb_id", 1005]]
11:08:33 web.1  |   [1m[36m (0.3ms)[0m  [1mSELECT COUNT(*) FROM "personal_connections"  WHERE "personal_connections"."verb_id" = $1[0m  [["verb_id", 250]]
11:08:33 web.1  |   [1m[36m (0.3ms)[0m  [1mSELECT COUNT(*) FROM "personal_connections"  WHERE "personal_connections"."verb_id" = $1[0m  [["verb_id", 1273]]
11:08:33 web.1  |   [1m[35m (0.3ms)[0m  SELECT COUNT(*) FROM "personal_connections"  WHERE "personal_connections"."verb_id" = $1  [["verb_id", 1005]]
11:08:33 web.1  |   [1m[35m (0.3ms)[0m  SELECT COUNT(*) FROM "personal_connections"  WHERE "personal_connections"."verb_id" = $1  [["verb_id", 1272]]
11:08:33 web.1  |   [1m[36m (0.6ms)[0m  [1mSELECT COUNT(*) FROM "personal_connections"  WHERE "personal_connections"."verb_id" = $1[0m  [["verb_id", 1273]]
11:08:33 web.1  |   [1m[36m (0.3ms)[0m  [1mSELECT COUNT(*) FROM "personal_connections"  WHERE "personal_connections"."verb_id" = $1[0m  [["verb_id", 460]]
11:08:33 web.1  |   [1m[35m (0.3ms)[0m  SELECT COUNT(*) FROM "personal_connections"  WHERE "personal_connections"."verb_id" = $1  [["verb_id", 1272]]
11:08:33 web.1  |   [1m[35m (0.2ms)[0m  SELECT COUNT(*) FROM "personal_connections"  WHERE "personal_connections"."verb_id" = $1  [["verb_id", 1336]]
11:08:33 web.1  |   [1m[36m (1.2ms)[0m  [1mSELECT COUNT(*) FROM "personal_connections"  WHERE "personal_connections"."verb_id" = $1[0m  [["verb_id", 874]]
11:08:33 web.1  |   [1m[36m (0.5ms)[0m  [1mSELECT COUNT(*) FROM "personal_connections"  WHERE "personal_connections"."verb_id" = $1[0m  [["verb_id", 460]]
11:08:33 web.1  |   [1m[35m (0.3ms)[0m  SELECT COUNT(*) FROM "personal_connections"  WHERE "personal_connections"."verb_id" = $1  [["verb_id", 934]]
11:08:33 web.1  |   [1m[35m (0.3ms)[0m  SELECT COUNT(*) FROM "personal_connections"  WHERE "personal_connections"."verb_id" = $1  [["verb_id", 1336]]
11:08:33 web.1  |   [1m[36m (0.3ms)[0m  [1mSELECT COUNT(*) FROM "personal_connections"  WHERE "personal_connections"."verb_id" = $1[0m  [["verb_id", 1576]]
11:08:33 web.1  |   [1m[36m (0.3ms)[0m  [1mSELECT COUNT(*) FROM "personal_connections"  WHERE "personal_connections"."verb_id" = $1[0m  [["verb_id", 874]]
11:08:33 web.1  |   [1m[35m (0.3ms)[0m  SELECT COUNT(*) FROM "personal_connections"  WHERE "personal_connections"."verb_id" = $1  [["verb_id", 340]]
11:08:33 web.1  |   [1m[35m (0.3ms)[0m  SELECT COUNT(*) FROM "personal_connections"  WHERE "personal_connections"."verb_id" = $1  [["verb_id", 934]]
11:08:33 web.1  |   [1m[36m (0.3ms)[0m  [1mSELECT COUNT(*) FROM "personal_connections"  WHERE "personal_connections"."verb_id" = $1[0m  [["verb_id", 224]]
11:08:33 web.1  |   [1m[36m (1.2ms)[0m  [1mSELECT COUNT(*) FROM "personal_connections"  WHERE "personal_connections"."verb_id" = $1[0m  [["verb_id", 1576]]
11:08:33 web.1  |   [1m[35m (0.3ms)[0m  SELECT COUNT(*) FROM "personal_connections"  WHERE "personal_connections"."verb_id" = $1  [["verb_id", 1375]]
11:08:33 web.1  |   [1m[36m (0.5ms)[0m  [1mSELECT COUNT(*) FROM "personal_connections"  WHERE "personal_connections"."verb_id" = $1[0m  [["verb_id", 436]]
11:08:33 web.1  |   [1m[35m (0.5ms)[0m  SELECT COUNT(*) FROM "personal_connections"  WHERE "personal_connections"."verb_id" = $1  [["verb_id", 340]]
11:08:33 web.1  |   [1m[35m (0.3ms)[0m  SELECT COUNT(*) FROM "personal_connections"  WHERE "personal_connections"."verb_id" = $1  [["verb_id", 642]]
11:08:33 web.1  |   [1m[36m (0.3ms)[0m  [1mSELECT COUNT(*) FROM "personal_connections"  WHERE "personal_connections"."verb_id" = $1[0m  [["verb_id", 224]]
11:08:33 web.1  |   [1m[36m (0.3ms)[0m  [1mSELECT COUNT(*) FROM "personal_connections"  WHERE "personal_connections"."verb_id" = $1[0m  [["verb_id", 1303]]
11:08:33 web.1  |   [1m[35m (0.3ms)[0m  SELECT COUNT(*) FROM "personal_connections"  WHERE "personal_connections"."verb_id" = $1  [["verb_id", 1375]]
11:08:33 web.1  |   [1m[35m (0.3ms)[0m  SELECT COUNT(*) FROM "personal_connections"  WHERE "personal_connections"."verb_id" = $1  [["verb_id", 1388]]
11:08:33 web.1  |   [1m[36m (0.3ms)[0m  [1mSELECT COUNT(*) FROM "personal_connections"  WHERE "personal_connections"."verb_id" = $1[0m  [["verb_id", 436]]
11:08:33 web.1  |   [1m[36m (0.5ms)[0m  [1mSELECT COUNT(*) FROM "personal_connections"  WHERE "personal_connections"."verb_id" = $1[0m  [["verb_id", 1285]]
11:08:33 web.1  |   [1m[35m (0.3ms)[0m  SELECT COUNT(*) FROM "personal_connections"  WHERE "personal_connections"."verb_id" = $1  [["verb_id", 642]]
11:08:33 web.1  |   [1m[35m (0.3ms)[0m  SELECT COUNT(*) FROM "personal_connections"  WHERE "personal_connections"."verb_id" = $1  [["verb_id", 1376]]
11:08:33 web.1  |   [1m[36m (0.3ms)[0m  [1mSELECT COUNT(*) FROM "personal_connections"  WHERE "personal_connections"."verb_id" = $1[0m  [["verb_id", 1303]]
11:08:33 web.1  |   [1m[36m (0.3ms)[0m  [1mSELECT COUNT(*) FROM "personal_connections"  WHERE "personal_connections"."verb_id" = $1[0m  [["verb_id", 1355]]
11:08:33 web.1  |   [1m[35m (0.3ms)[0m  SELECT COUNT(*) FROM "personal_connections"  WHERE "personal_connections"."verb_id" = $1  [["verb_id", 1388]]
11:08:33 web.1  |   [1m[35m (0.3ms)[0m  SELECT COUNT(*) FROM "personal_connections"  WHERE "personal_connections"."verb_id" = $1  [["verb_id", 1307]]
11:08:33 web.1  |   [1m[36m (0.3ms)[0m  [1mSELECT COUNT(*) FROM "personal_connections"  WHERE "personal_connections"."verb_id" = $1[0m  [["verb_id", 1285]]
11:08:33 web.1  |   [1m[36m (0.4ms)[0m  [1mSELECT COUNT(*) FROM "personal_connections"  WHERE "personal_connections"."verb_id" = $1[0m  [["verb_id", 1115]]
11:08:33 web.1  |   [1m[35m (0.3ms)[0m  SELECT COUNT(*) FROM "personal_connections"  WHERE "personal_connections"."verb_id" = $1  [["verb_id", 1376]]
11:08:33 web.1  |   [1m[36m (0.3ms)[0m  [1mSELECT COUNT(*) FROM "personal_connections"  WHERE "personal_connections"."verb_id" = $1[0m  [["verb_id", 1355]]
11:08:33 web.1  |   [1m[35m (0.4ms)[0m  SELECT COUNT(*) FROM "personal_connections"  WHERE "personal_connections"."verb_id" = $1  [["verb_id", 1547]]
11:08:33 web.1  |   [1m[35m (0.3ms)[0m  SELECT COUNT(*) FROM "personal_connections"  WHERE "personal_connections"."verb_id" = $1  [["verb_id", 1307]]
11:08:33 web.1  |   [1m[36m (0.3ms)[0m  [1mSELECT COUNT(*) FROM "personal_connections"  WHERE "personal_connections"."verb_id" = $1[0m  [["verb_id", 458]]
11:08:33 web.1  |   [1m[36m (0.3ms)[0m  [1mSELECT COUNT(*) FROM "personal_connections"  WHERE "personal_connections"."verb_id" = $1[0m  [["verb_id", 1115]]
11:08:33 web.1  |   [1m[35m (0.8ms)[0m  SELECT COUNT(*) FROM "personal_connections"  WHERE "personal_connections"."verb_id" = $1  [["verb_id", 28]]
11:08:33 web.1  |   [1m[35m (0.5ms)[0m  SELECT COUNT(*) FROM "personal_connections"  WHERE "personal_connections"."verb_id" = $1  [["verb_id", 1547]]
11:08:33 web.1  |   [1m[36m (0.3ms)[0m  [1mSELECT COUNT(*) FROM "personal_connections"  WHERE "personal_connections"."verb_id" = $1[0m  [["verb_id", 1088]]
11:08:33 web.1  |   [1m[36m (0.3ms)[0m  [1mSELECT COUNT(*) FROM "personal_connections"  WHERE "personal_connections"."verb_id" = $1[0m  [["verb_id", 458]]
11:08:33 web.1  |   [1m[35m (0.4ms)[0m  SELECT COUNT(*) FROM "personal_connections"  WHERE "personal_connections"."verb_id" = $1  [["verb_id", 1069]]
11:08:33 web.1  |   [1m[36m (0.4ms)[0m  [1mSELECT COUNT(*) FROM "personal_connections"  WHERE "personal_connections"."verb_id" = $1[0m  [["verb_id", 1510]]
11:08:33 web.1  |   [1m[35m (0.5ms)[0m  SELECT COUNT(*) FROM "personal_connections"  WHERE "personal_connections"."verb_id" = $1  [["verb_id", 28]]
11:08:33 web.1  |   [1m[36m (0.3ms)[0m  [1mSELECT COUNT(*) FROM "personal_connections"  WHERE "personal_connections"."verb_id" = $1[0m  [["verb_id", 1088]]
11:08:33 web.1  |   [1m[35m (0.3ms)[0m  SELECT COUNT(*) FROM "personal_connections"  WHERE "personal_connections"."verb_id" = $1  [["verb_id", 685]]
11:08:33 web.1  |   [1m[35m (0.4ms)[0m  SELECT COUNT(*) FROM "personal_connections"  WHERE "personal_connections"."verb_id" = $1  [["verb_id", 1069]]
11:08:33 web.1  |   [1m[36m (0.4ms)[0m  [1mSELECT COUNT(*) FROM "personal_connections"  WHERE "personal_connections"."verb_id" = $1[0m  [["verb_id", 1289]]
11:08:33 web.1  |   [1m[36m (0.4ms)[0m  [1mSELECT COUNT(*) FROM "personal_connections"  WHERE "personal_connections"."verb_id" = $1[0m  [["verb_id", 1510]]
11:08:33 web.1  |   [1m[35m (0.3ms)[0m  SELECT COUNT(*) FROM "personal_connections"  WHERE "personal_connections"."verb_id" = $1  [["verb_id", 965]]
11:08:33 web.1  |   [1m[35m (0.4ms)[0m  SELECT COUNT(*) FROM "personal_connections"  WHERE "personal_connections"."verb_id" = $1  [["verb_id", 685]]
11:08:33 web.1  |   [1m[36m (0.5ms)[0m  [1mSELECT COUNT(*) FROM "personal_connections"  WHERE "personal_connections"."verb_id" = $1[0m  [["verb_id", 876]]
11:08:33 web.1  |   [1m[36m (0.3ms)[0m  [1mSELECT COUNT(*) FROM "personal_connections"  WHERE "personal_connections"."verb_id" = $1[0m  [["verb_id", 1289]]
11:08:33 web.1  |   [1m[35m (0.3ms)[0m  SELECT COUNT(*) FROM "personal_connections"  WHERE "personal_connections"."verb_id" = $1  [["verb_id", 1122]]
11:08:33 web.1  |   [1m[35m (0.3ms)[0m  SELECT COUNT(*) FROM "personal_connections"  WHERE "personal_connections"."verb_id" = $1  [["verb_id", 965]]
11:08:33 web.1  |   [1m[36m (0.3ms)[0m  [1mSELECT COUNT(*) FROM "personal_connections"  WHERE "personal_connections"."verb_id" = $1[0m  [["verb_id", 732]]
11:08:33 web.1  |   [1m[36m (0.5ms)[0m  [1mSELECT COUNT(*) FROM "personal_connections"  WHERE "personal_connections"."verb_id" = $1[0m  [["verb_id", 876]]
11:08:33 web.1  |   [1m[35m (0.4ms)[0m  SELECT COUNT(*) FROM "personal_connections"  WHERE "personal_connections"."verb_id" = $1  [["verb_id", 6]]
11:08:33 web.1  |   [1m[35m (0.3ms)[0m  SELECT COUNT(*) FROM "personal_connections"  WHERE "personal_connections"."verb_id" = $1  [["verb_id", 1122]]
11:08:33 web.1  |   [1m[36m (0.3ms)[0m  [1mSELECT COUNT(*) FROM "personal_connections"  WHERE "personal_connections"."verb_id" = $1[0m  [["verb_id", 1403]]
11:08:33 web.1  |   [1m[36m (0.3ms)[0m  [1mSELECT COUNT(*) FROM "personal_connections"  WHERE "personal_connections"."verb_id" = $1[0m  [["verb_id", 732]]
11:08:33 web.1  |   [1m[35m (0.3ms)[0m  SELECT COUNT(*) FROM "personal_connections"  WHERE "personal_connections"."verb_id" = $1  [["verb_id", 953]]
11:08:33 web.1  |   [1m[35m (0.4ms)[0m  SELECT COUNT(*) FROM "personal_connections"  WHERE "personal_connections"."verb_id" = $1  [["verb_id", 6]]
11:08:33 web.1  |   [1m[36m (0.3ms)[0m  [1mSELECT COUNT(*) FROM "personal_connections"  WHERE "personal_connections"."verb_id" = $1[0m  [["verb_id", 1317]]
11:08:33 web.1  |   [1m[36m (0.3ms)[0m  [1mSELECT COUNT(*) FROM "personal_connections"  WHERE "personal_connections"."verb_id" = $1[0m  [["verb_id", 1403]]
11:08:33 web.1  |   [1m[35m (0.4ms)[0m  SELECT COUNT(*) FROM "personal_connections"  WHERE "personal_connections"."verb_id" = $1  [["verb_id", 638]]
11:08:33 web.1  |   [1m[35m (0.3ms)[0m  SELECT COUNT(*) FROM "personal_connections"  WHERE "personal_connections"."verb_id" = $1  [["verb_id", 953]]
11:08:33 web.1  |   [1m[36m (0.6ms)[0m  [1mSELECT COUNT(*) FROM "personal_connections"  WHERE "personal_connections"."verb_id" = $1[0m  [["verb_id", 532]]
11:08:33 web.1  |   [1m[36m (0.3ms)[0m  [1mSELECT COUNT(*) FROM "personal_connections"  WHERE "personal_connections"."verb_id" = $1[0m  [["verb_id", 1317]]
11:08:33 web.1  |   [1m[35m (0.3ms)[0m  SELECT COUNT(*) FROM "personal_connections"  WHERE "personal_connections"."verb_id" = $1  [["verb_id", 992]]
11:08:33 web.1  |   [1m[35m (0.3ms)[0m  SELECT COUNT(*) FROM "personal_connections"  WHERE "personal_connections"."verb_id" = $1  [["verb_id", 638]]
11:08:33 web.1  |   [1m[36m (0.3ms)[0m  [1mSELECT COUNT(*) FROM "personal_connections"  WHERE "personal_connections"."verb_id" = $1[0m  [["verb_id", 855]]
11:08:33 web.1  |   [1m[36m (0.3ms)[0m  [1mSELECT COUNT(*) FROM "personal_connections"  WHERE "personal_connections"."verb_id" = $1[0m  [["verb_id", 532]]
11:08:33 web.1  |   [1m[35m (0.3ms)[0m  SELECT COUNT(*) FROM "personal_connections"  WHERE "personal_connections"."verb_id" = $1  [["verb_id", 1209]]
11:08:33 web.1  |   [1m[35m (0.3ms)[0m  SELECT COUNT(*) FROM "personal_connections"  WHERE "personal_connections"."verb_id" = $1  [["verb_id", 992]]
11:08:33 web.1  |   [1m[36m (0.3ms)[0m  [1mSELECT COUNT(*) FROM "personal_connections"  WHERE "personal_connections"."verb_id" = $1[0m  [["verb_id", 1137]]
11:08:33 web.1  |   [1m[36m (0.2ms)[0m  [1mSELECT COUNT(*) FROM "personal_connections"  WHERE "personal_connections"."verb_id" = $1[0m  [["verb_id", 855]]
11:08:33 web.1  |   [1m[35m (0.3ms)[0m  SELECT COUNT(*) FROM "personal_connections"  WHERE "personal_connections"."verb_id" = $1  [["verb_id", 1209]]
11:08:33 web.1  |   [1m[35m (0.5ms)[0m  SELECT COUNT(*) FROM "personal_connections"  WHERE "personal_connections"."verb_id" = $1  [["verb_id", 1066]]
11:08:33 web.1  |   [1m[36m (0.4ms)[0m  [1mSELECT COUNT(*) FROM "personal_connections"  WHERE "personal_connections"."verb_id" = $1[0m  [["verb_id", 1137]]
11:08:33 web.1  |   [1m[36m (0.5ms)[0m  [1mSELECT COUNT(*) FROM "personal_connections"  WHERE "personal_connections"."verb_id" = $1[0m  [["verb_id", 1439]]
11:08:33 web.1  |   [1m[35m (0.3ms)[0m  SELECT COUNT(*) FROM "personal_connections"  WHERE "personal_connections"."verb_id" = $1  [["verb_id", 1066]]
11:08:33 web.1  |   [1m[35m (0.3ms)[0m  SELECT COUNT(*) FROM "personal_connections"  WHERE "personal_connections"."verb_id" = $1  [["verb_id", 1171]]
11:08:33 web.1  |   [1m[36m (0.4ms)[0m  [1mSELECT COUNT(*) FROM "personal_connections"  WHERE "personal_connections"."verb_id" = $1[0m  [["verb_id", 1439]]
11:08:33 web.1  |   [1m[36m (0.5ms)[0m  [1mSELECT COUNT(*) FROM "personal_connections"  WHERE "personal_connections"."verb_id" = $1[0m  [["verb_id", 1449]]
11:08:33 web.1  |   [1m[35m (0.5ms)[0m  SELECT COUNT(*) FROM "personal_connections"  WHERE "personal_connections"."verb_id" = $1  [["verb_id", 1171]]
11:08:33 web.1  |   [1m[35m (0.4ms)[0m  SELECT COUNT(*) FROM "personal_connections"  WHERE "personal_connections"."verb_id" = $1  [["verb_id", 1000]]
11:08:33 web.1  |   [1m[36m (0.4ms)[0m  [1mSELECT COUNT(*) FROM "personal_connections"  WHERE "personal_connections"."verb_id" = $1[0m  [["verb_id", 1449]]
11:08:33 web.1  |   [1m[36m (0.3ms)[0m  [1mSELECT COUNT(*) FROM "personal_connections"  WHERE "personal_connections"."verb_id" = $1[0m  [["verb_id", 839]]
11:08:33 web.1  |   [1m[35m (0.3ms)[0m  SELECT COUNT(*) FROM "personal_connections"  WHERE "personal_connections"."verb_id" = $1  [["verb_id", 1000]]
11:08:33 web.1  |   [1m[35m (0.4ms)[0m  SELECT COUNT(*) FROM "personal_connections"  WHERE "personal_connections"."verb_id" = $1  [["verb_id", 970]]
11:08:33 web.1  |   [1m[36m (0.6ms)[0m  [1mSELECT COUNT(*) FROM "personal_connections"  WHERE "personal_connections"."verb_id" = $1[0m  [["verb_id", 839]]
11:08:33 web.1  |   [1m[36m (0.3ms)[0m  [1mSELECT COUNT(*) FROM "personal_connections"  WHERE "personal_connections"."verb_id" = $1[0m  [["verb_id", 824]]
11:08:33 web.1  |   [1m[35m (0.5ms)[0m  SELECT COUNT(*) FROM "personal_connections"  WHERE "personal_connections"."verb_id" = $1  [["verb_id", 970]]
11:08:33 web.1  |   [1m[35m (0.4ms)[0m  SELECT COUNT(*) FROM "personal_connections"  WHERE "personal_connections"."verb_id" = $1  [["verb_id", 763]]
11:08:33 web.1  |   [1m[36m (0.5ms)[0m  [1mSELECT COUNT(*) FROM "personal_connections"  WHERE "personal_connections"."verb_id" = $1[0m  [["verb_id", 824]]
11:08:33 web.1  |   [1m[36m (0.3ms)[0m  [1mSELECT COUNT(*) FROM "personal_connections"  WHERE "personal_connections"."verb_id" = $1[0m  [["verb_id", 1199]]
11:08:33 web.1  |   [1m[35m (0.5ms)[0m  SELECT COUNT(*) FROM "personal_connections"  WHERE "personal_connections"."verb_id" = $1  [["verb_id", 763]]
11:08:33 web.1  |   [1m[35m (0.3ms)[0m  SELECT COUNT(*) FROM "personal_connections"  WHERE "personal_connections"."verb_id" = $1  [["verb_id", 671]]
11:08:33 web.1  |   [1m[36m (0.5ms)[0m  [1mSELECT COUNT(*) FROM "personal_connections"  WHERE "personal_connections"."verb_id" = $1[0m  [["verb_id", 1199]]
11:08:33 web.1  |   [1m[36m (0.3ms)[0m  [1mSELECT COUNT(*) FROM "personal_connections"  WHERE "personal_connections"."verb_id" = $1[0m  [["verb_id", 808]]
11:08:33 web.1  |   [1m[35m (0.6ms)[0m  SELECT COUNT(*) FROM "personal_connections"  WHERE "personal_connections"."verb_id" = $1  [["verb_id", 671]]
11:08:33 web.1  |   [1m[35m (0.3ms)[0m  SELECT COUNT(*) FROM "personal_connections"  WHERE "personal_connections"."verb_id" = $1  [["verb_id", 1465]]
11:08:33 web.1  |   [1m[36m (0.3ms)[0m  [1mSELECT COUNT(*) FROM "personal_connections"  WHERE "personal_connections"."verb_id" = $1[0m  [["verb_id", 808]]
11:08:33 web.1  |   [1m[36m (0.6ms)[0m  [1mSELECT COUNT(*) FROM "personal_connections"  WHERE "personal_connections"."verb_id" = $1[0m  [["verb_id", 470]]
11:08:33 web.1  |   [1m[35m (0.3ms)[0m  SELECT COUNT(*) FROM "personal_connections"  WHERE "personal_connections"."verb_id" = $1  [["verb_id", 1465]]
11:08:33 web.1  |   [1m[35m (0.3ms)[0m  SELECT COUNT(*) FROM "personal_connections"  WHERE "personal_connections"."verb_id" = $1  [["verb_id", 981]]
11:08:33 web.1  |   [1m[36m (0.3ms)[0m  [1mSELECT COUNT(*) FROM "personal_connections"  WHERE "personal_connections"."verb_id" = $1[0m  [["verb_id", 470]]
11:08:33 web.1  |   [1m[36m (0.6ms)[0m  [1mSELECT COUNT(*) FROM "personal_connections"  WHERE "personal_connections"."verb_id" = $1[0m  [["verb_id", 880]]
11:08:33 web.1  |   [1m[35m (0.3ms)[0m  SELECT COUNT(*) FROM "personal_connections"  WHERE "personal_connections"."verb_id" = $1  [["verb_id", 981]]
11:08:34 web.1  |   [1m[35m (0.5ms)[0m  SELECT COUNT(*) FROM "personal_connections"  WHERE "personal_connections"."verb_id" = $1  [["verb_id", 1050]]
11:08:34 web.1  |   [1m[36m (0.3ms)[0m  [1mSELECT COUNT(*) FROM "personal_connections"  WHERE "personal_connections"."verb_id" = $1[0m  [["verb_id", 880]]
11:08:34 web.1  |   [1m[36m (0.5ms)[0m  [1mSELECT COUNT(*) FROM "personal_connections"  WHERE "personal_connections"."verb_id" = $1[0m  [["verb_id", 980]]
11:08:34 web.1  |   [1m[35m (0.3ms)[0m  SELECT COUNT(*) FROM "personal_connections"  WHERE "personal_connections"."verb_id" = $1  [["verb_id", 1050]]
11:08:34 web.1  |   [1m[35m (0.3ms)[0m  SELECT COUNT(*) FROM "personal_connections"  WHERE "personal_connections"."verb_id" = $1  [["verb_id", 1010]]
11:08:34 web.1  |   [1m[36m (0.4ms)[0m  [1mSELECT COUNT(*) FROM "personal_connections"  WHERE "personal_connections"."verb_id" = $1[0m  [["verb_id", 980]]
11:08:34 web.1  |   [1m[36m (0.3ms)[0m  [1mSELECT COUNT(*) FROM "personal_connections"  WHERE "personal_connections"."verb_id" = $1[0m  [["verb_id", 492]]
11:08:34 web.1  |   [1m[35m (0.3ms)[0m  SELECT COUNT(*) FROM "personal_connections"  WHERE "personal_connections"."verb_id" = $1  [["verb_id", 1010]]
11:08:34 web.1  |   [1m[35m (0.3ms)[0m  SELECT COUNT(*) FROM "personal_connections"  WHERE "personal_connections"."verb_id" = $1  [["verb_id", 1556]]
11:08:34 web.1  |   [1m[36m (0.3ms)[0m  [1mSELECT COUNT(*) FROM "personal_connections"  WHERE "personal_connections"."verb_id" = $1[0m  [["verb_id", 492]]
11:08:34 web.1  |   [1m[35m (0.3ms)[0m  SELECT COUNT(*) FROM "personal_connections"  WHERE "personal_connections"."verb_id" = $1  [["verb_id", 1556]]
11:08:34 web.1  |   [1m[36m (0.3ms)[0m  [1mSELECT COUNT(*) FROM "personal_connections"  WHERE "personal_connections"."verb_id" = $1[0m  [["verb_id", 744]]
11:08:34 web.1  |   [1m[35m (0.6ms)[0m  SELECT COUNT(*) FROM "personal_connections"  WHERE "personal_connections"."verb_id" = $1  [["verb_id", 1509]]
11:08:34 web.1  |   [1m[36m (0.3ms)[0m  [1mSELECT COUNT(*) FROM "personal_connections"  WHERE "personal_connections"."verb_id" = $1[0m  [["verb_id", 744]]
11:08:34 web.1  |   [1m[36m (0.2ms)[0m  [1mSELECT COUNT(*) FROM "personal_connections"  WHERE "personal_connections"."verb_id" = $1[0m  [["verb_id", 1218]]
11:08:34 web.1  |   [1m[35m (0.3ms)[0m  SELECT COUNT(*) FROM "personal_connections"  WHERE "personal_connections"."verb_id" = $1  [["verb_id", 1509]]
11:08:34 web.1  |   [1m[35m (0.3ms)[0m  SELECT COUNT(*) FROM "personal_connections"  WHERE "personal_connections"."verb_id" = $1  [["verb_id", 1490]]
11:08:34 web.1  |   [1m[36m (0.3ms)[0m  [1mSELECT COUNT(*) FROM "personal_connections"  WHERE "personal_connections"."verb_id" = $1[0m  [["verb_id", 1218]]
11:08:34 web.1  |   [1m[36m (0.3ms)[0m  [1mSELECT COUNT(*) FROM "personal_connections"  WHERE "personal_connections"."verb_id" = $1[0m  [["verb_id", 1318]]
11:08:34 web.1  |   [1m[35m (0.3ms)[0m  SELECT COUNT(*) FROM "personal_connections"  WHERE "personal_connections"."verb_id" = $1  [["verb_id", 1490]]
11:08:34 web.1  |   [1m[35m (0.3ms)[0m  SELECT COUNT(*) FROM "personal_connections"  WHERE "personal_connections"."verb_id" = $1  [["verb_id", 708]]
11:08:34 web.1  |   [1m[36m (0.3ms)[0m  [1mSELECT COUNT(*) FROM "personal_connections"  WHERE "personal_connections"."verb_id" = $1[0m  [["verb_id", 1318]]
11:08:34 web.1  |   [1m[36m (0.3ms)[0m  [1mSELECT COUNT(*) FROM "personal_connections"  WHERE "personal_connections"."verb_id" = $1[0m  [["verb_id", 1195]]
11:08:34 web.1  |   [1m[35m (0.3ms)[0m  SELECT COUNT(*) FROM "personal_connections"  WHERE "personal_connections"."verb_id" = $1  [["verb_id", 708]]
11:08:34 web.1  |   [1m[35m (0.3ms)[0m  SELECT COUNT(*) FROM "personal_connections"  WHERE "personal_connections"."verb_id" = $1  [["verb_id", 1335]]
11:08:34 web.1  |   [1m[36m (0.3ms)[0m  [1mSELECT COUNT(*) FROM "personal_connections"  WHERE "personal_connections"."verb_id" = $1[0m  [["verb_id", 1195]]
11:08:34 web.1  |   [1m[36m (0.3ms)[0m  [1mSELECT COUNT(*) FROM "personal_connections"  WHERE "personal_connections"."verb_id" = $1[0m  [["verb_id", 1206]]
11:08:34 web.1  |   [1m[35m (0.3ms)[0m  SELECT COUNT(*) FROM "personal_connections"  WHERE "personal_connections"."verb_id" = $1  [["verb_id", 1335]]
11:08:34 web.1  |   [1m[36m (0.2ms)[0m  [1mSELECT COUNT(*) FROM "personal_connections"  WHERE "personal_connections"."verb_id" = $1[0m  [["verb_id", 1206]]
11:08:34 web.1  |   [1m[35m (0.4ms)[0m  SELECT COUNT(*) FROM "personal_connections"  WHERE "personal_connections"."verb_id" = $1  [["verb_id", 713]]
11:08:34 web.1  |   [1m[35m (0.3ms)[0m  SELECT COUNT(*) FROM "personal_connections"  WHERE "personal_connections"."verb_id" = $1  [["verb_id", 713]]
11:08:34 web.1  |   [1m[36m (0.2ms)[0m  [1mSELECT COUNT(*) FROM "personal_connections"  WHERE "personal_connections"."verb_id" = $1[0m  [["verb_id", 871]]
11:08:34 web.1  |   [1m[36m (0.4ms)[0m  [1mSELECT COUNT(*) FROM "personal_connections"  WHERE "personal_connections"."verb_id" = $1[0m  [["verb_id", 871]]
11:08:34 web.1  |   [1m[35m (0.3ms)[0m  SELECT COUNT(*) FROM "personal_connections"  WHERE "personal_connections"."verb_id" = $1  [["verb_id", 604]]
11:08:34 web.1  |   [1m[35m (0.3ms)[0m  SELECT COUNT(*) FROM "personal_connections"  WHERE "personal_connections"."verb_id" = $1  [["verb_id", 604]]
11:08:34 web.1  |   [1m[36m (0.3ms)[0m  [1mSELECT COUNT(*) FROM "personal_connections"  WHERE "personal_connections"."verb_id" = $1[0m  [["verb_id", 707]]
11:08:34 web.1  |   [1m[36m (0.4ms)[0m  [1mSELECT COUNT(*) FROM "personal_connections"  WHERE "personal_connections"."verb_id" = $1[0m  [["verb_id", 707]]
11:08:34 web.1  |   [1m[35m (0.3ms)[0m  SELECT COUNT(*) FROM "personal_connections"  WHERE "personal_connections"."verb_id" = $1  [["verb_id", 825]]
11:08:34 web.1  |   [1m[35m (0.3ms)[0m  SELECT COUNT(*) FROM "personal_connections"  WHERE "personal_connections"."verb_id" = $1  [["verb_id", 825]]
11:08:34 web.1  |   [1m[36m (0.3ms)[0m  [1mSELECT COUNT(*) FROM "personal_connections"  WHERE "personal_connections"."verb_id" = $1[0m  [["verb_id", 1343]]
11:08:34 web.1  |   [1m[36m (0.3ms)[0m  [1mSELECT COUNT(*) FROM "personal_connections"  WHERE "personal_connections"."verb_id" = $1[0m  [["verb_id", 1343]]
11:08:34 web.1  |   [1m[35m (0.6ms)[0m  SELECT COUNT(*) FROM "personal_connections"  WHERE "personal_connections"."verb_id" = $1  [["verb_id", 332]]
11:08:34 web.1  |   [1m[35m (1.4ms)[0m  SELECT COUNT(*) FROM "personal_connections"  WHERE "personal_connections"."verb_id" = $1  [["verb_id", 332]]
11:08:34 web.1  |   [1m[36m (0.3ms)[0m  [1mSELECT COUNT(*) FROM "personal_connections"  WHERE "personal_connections"."verb_id" = $1[0m  [["verb_id", 380]]
11:08:34 web.1  |   [1m[36m (0.3ms)[0m  [1mSELECT COUNT(*) FROM "personal_connections"  WHERE "personal_connections"."verb_id" = $1[0m  [["verb_id", 380]]
11:08:34 web.1  |   [1m[35m (0.3ms)[0m  SELECT COUNT(*) FROM "personal_connections"  WHERE "personal_connections"."verb_id" = $1  [["verb_id", 1434]]
11:08:34 web.1  |   [1m[35m (0.3ms)[0m  SELECT COUNT(*) FROM "personal_connections"  WHERE "personal_connections"."verb_id" = $1  [["verb_id", 1434]]
11:08:34 web.1  |   [1m[36m (0.3ms)[0m  [1mSELECT COUNT(*) FROM "personal_connections"  WHERE "personal_connections"."verb_id" = $1[0m  [["verb_id", 1466]]
11:08:34 web.1  |   [1m[36m (0.3ms)[0m  [1mSELECT COUNT(*) FROM "personal_connections"  WHERE "personal_connections"."verb_id" = $1[0m  [["verb_id", 1466]]
11:08:34 web.1  |   [1m[35m (0.3ms)[0m  SELECT COUNT(*) FROM "personal_connections"  WHERE "personal_connections"."verb_id" = $1  [["verb_id", 608]]
11:08:34 web.1  |   [1m[35m (0.3ms)[0m  SELECT COUNT(*) FROM "personal_connections"  WHERE "personal_connections"."verb_id" = $1  [["verb_id", 608]]
11:08:34 web.1  |   [1m[36m (0.6ms)[0m  [1mSELECT COUNT(*) FROM "personal_connections"  WHERE "personal_connections"."verb_id" = $1[0m  [["verb_id", 600]]
11:08:34 web.1  |   [1m[36m (0.4ms)[0m  [1mSELECT COUNT(*) FROM "personal_connections"  WHERE "personal_connections"."verb_id" = $1[0m  [["verb_id", 600]]
11:08:34 web.1  |   [1m[35m (0.5ms)[0m  SELECT COUNT(*) FROM "personal_connections"  WHERE "personal_connections"."verb_id" = $1  [["verb_id", 1035]]
11:08:34 web.1  |   [1m[35m (0.3ms)[0m  SELECT COUNT(*) FROM "personal_connections"  WHERE "personal_connections"."verb_id" = $1  [["verb_id", 1035]]
11:08:34 web.1  |   [1m[36m (0.5ms)[0m  [1mSELECT COUNT(*) FROM "personal_connections"  WHERE "personal_connections"."verb_id" = $1[0m  [["verb_id", 656]]
11:08:34 web.1  |   [1m[36m (0.3ms)[0m  [1mSELECT COUNT(*) FROM "personal_connections"  WHERE "personal_connections"."verb_id" = $1[0m  [["verb_id", 656]]
11:08:34 web.1  |   [1m[35m (0.5ms)[0m  SELECT COUNT(*) FROM "personal_connections"  WHERE "personal_connections"."verb_id" = $1  [["verb_id", 910]]
11:08:34 web.1  |   [1m[35m (0.3ms)[0m  SELECT COUNT(*) FROM "personal_connections"  WHERE "personal_connections"."verb_id" = $1  [["verb_id", 910]]
11:08:34 web.1  |   [1m[36m (0.5ms)[0m  [1mSELECT COUNT(*) FROM "personal_connections"  WHERE "personal_connections"."verb_id" = $1[0m  [["verb_id", 360]]
11:08:34 web.1  |   [1m[36m (0.3ms)[0m  [1mSELECT COUNT(*) FROM "personal_connections"  WHERE "personal_connections"."verb_id" = $1[0m  [["verb_id", 360]]
11:08:34 web.1  |   [1m[35m (0.3ms)[0m  SELECT COUNT(*) FROM "personal_connections"  WHERE "personal_connections"."verb_id" = $1  [["verb_id", 1256]]
11:08:34 web.1  |   [1m[35m (0.3ms)[0m  SELECT COUNT(*) FROM "personal_connections"  WHERE "personal_connections"."verb_id" = $1  [["verb_id", 1256]]
11:08:34 web.1  |   [1m[36m (0.3ms)[0m  [1mSELECT COUNT(*) FROM "personal_connections"  WHERE "personal_connections"."verb_id" = $1[0m  [["verb_id", 897]]
11:08:34 web.1  |   [1m[36m (0.2ms)[0m  [1mSELECT COUNT(*) FROM "personal_connections"  WHERE "personal_connections"."verb_id" = $1[0m  [["verb_id", 897]]
11:08:34 web.1  |   [1m[35m (0.3ms)[0m  SELECT COUNT(*) FROM "personal_connections"  WHERE "personal_connections"."verb_id" = $1  [["verb_id", 324]]
11:08:34 web.1  |   [1m[35m (0.2ms)[0m  SELECT COUNT(*) FROM "personal_connections"  WHERE "personal_connections"."verb_id" = $1  [["verb_id", 324]]
11:08:34 web.1  |   [1m[36m (0.3ms)[0m  [1mSELECT COUNT(*) FROM "personal_connections"  WHERE "personal_connections"."verb_id" = $1[0m  [["verb_id", 330]]
11:08:34 web.1  |   [1m[36m (0.2ms)[0m  [1mSELECT COUNT(*) FROM "personal_connections"  WHERE "personal_connections"."verb_id" = $1[0m  [["verb_id", 330]]
11:08:34 web.1  |   [1m[35m (0.3ms)[0m  SELECT COUNT(*) FROM "personal_connections"  WHERE "personal_connections"."verb_id" = $1  [["verb_id", 386]]
11:08:34 web.1  |   [1m[35m (0.2ms)[0m  SELECT COUNT(*) FROM "personal_connections"  WHERE "personal_connections"."verb_id" = $1  [["verb_id", 386]]
11:08:34 web.1  |   [1m[36m (0.3ms)[0m  [1mSELECT COUNT(*) FROM "personal_connections"  WHERE "personal_connections"."verb_id" = $1[0m  [["verb_id", 1183]]
11:08:34 web.1  |   [1m[36m (0.4ms)[0m  [1mSELECT COUNT(*) FROM "personal_connections"  WHERE "personal_connections"."verb_id" = $1[0m  [["verb_id", 1183]]
11:08:34 web.1  |   [1m[35m (0.4ms)[0m  SELECT COUNT(*) FROM "personal_connections"  WHERE "personal_connections"."verb_id" = $1  [["verb_id", 811]]
11:08:34 web.1  |   [1m[35m (0.3ms)[0m  SELECT COUNT(*) FROM "personal_connections"  WHERE "personal_connections"."verb_id" = $1  [["verb_id", 811]]
11:08:34 web.1  |   [1m[36m (0.3ms)[0m  [1mSELECT COUNT(*) FROM "personal_connections"  WHERE "personal_connections"."verb_id" = $1[0m  [["verb_id", 350]]
11:08:34 web.1  |   [1m[36m (0.5ms)[0m  [1mSELECT COUNT(*) FROM "personal_connections"  WHERE "personal_connections"."verb_id" = $1[0m  [["verb_id", 350]]
11:08:34 web.1  |   [1m[35m (0.3ms)[0m  SELECT COUNT(*) FROM "personal_connections"  WHERE "personal_connections"."verb_id" = $1  [["verb_id", 1480]]
11:08:34 web.1  |   [1m[35m (0.3ms)[0m  SELECT COUNT(*) FROM "personal_connections"  WHERE "personal_connections"."verb_id" = $1  [["verb_id", 1480]]
11:08:34 web.1  |   [1m[36m (0.3ms)[0m  [1mSELECT COUNT(*) FROM "personal_connections"  WHERE "personal_connections"."verb_id" = $1[0m  [["verb_id", 368]]
11:08:34 web.1  |   [1m[36m (0.4ms)[0m  [1mSELECT COUNT(*) FROM "personal_connections"  WHERE "personal_connections"."verb_id" = $1[0m  [["verb_id", 368]]
11:08:34 web.1  |   [1m[35m (0.2ms)[0m  SELECT COUNT(*) FROM "personal_connections"  WHERE "personal_connections"."verb_id" = $1  [["verb_id", 366]]
11:08:34 web.1  |   [1m[36m (0.3ms)[0m  [1mSELECT COUNT(*) FROM "personal_connections"  WHERE "personal_connections"."verb_id" = $1[0m  [["verb_id", 344]]
11:08:34 web.1  |   [1m[35m (0.2ms)[0m  SELECT COUNT(*) FROM "personal_connections"  WHERE "personal_connections"."verb_id" = $1  [["verb_id", 366]]
11:08:34 web.1  |   [1m[35m (0.3ms)[0m  SELECT COUNT(*) FROM "personal_connections"  WHERE "personal_connections"."verb_id" = $1  [["verb_id", 1204]]
11:08:34 web.1  |   [1m[36m (0.3ms)[0m  [1mSELECT COUNT(*) FROM "personal_connections"  WHERE "personal_connections"."verb_id" = $1[0m  [["verb_id", 344]]
11:08:34 web.1  |   [1m[36m (0.4ms)[0m  [1mSELECT COUNT(*) FROM "personal_connections"  WHERE "personal_connections"."verb_id" = $1[0m  [["verb_id", 1070]]
11:08:34 web.1  |   [1m[35m (0.5ms)[0m  SELECT COUNT(*) FROM "personal_connections"  WHERE "personal_connections"."verb_id" = $1  [["verb_id", 1204]]
11:08:34 web.1  |   [1m[35m (0.3ms)[0m  SELECT COUNT(*) FROM "personal_connections"  WHERE "personal_connections"."verb_id" = $1  [["verb_id", 996]]
11:08:34 web.1  |   [1m[36m (1.6ms)[0m  [1mSELECT COUNT(*) FROM "personal_connections"  WHERE "personal_connections"."verb_id" = $1[0m  [["verb_id", 1070]]
11:08:34 web.1  |   [1m[36m (0.3ms)[0m  [1mSELECT COUNT(*) FROM "personal_connections"  WHERE "personal_connections"."verb_id" = $1[0m  [["verb_id", 1409]]
11:08:34 web.1  |   [1m[35m (0.3ms)[0m  SELECT COUNT(*) FROM "personal_connections"  WHERE "personal_connections"."verb_id" = $1  [["verb_id", 996]]
11:08:34 web.1  |   [1m[35m (0.3ms)[0m  SELECT COUNT(*) FROM "personal_connections"  WHERE "personal_connections"."verb_id" = $1  [["verb_id", 1072]]
11:08:34 web.1  |   [1m[36m (0.3ms)[0m  [1mSELECT COUNT(*) FROM "personal_connections"  WHERE "personal_connections"."verb_id" = $1[0m  [["verb_id", 1409]]
11:08:34 web.1  |   [1m[36m (0.3ms)[0m  [1mSELECT COUNT(*) FROM "personal_connections"  WHERE "personal_connections"."verb_id" = $1[0m  [["verb_id", 1160]]
11:08:34 web.1  |   [1m[35m (0.4ms)[0m  SELECT COUNT(*) FROM "personal_connections"  WHERE "personal_connections"."verb_id" = $1  [["verb_id", 1587]]
11:08:34 web.1  |   [1m[35m (0.3ms)[0m  SELECT COUNT(*) FROM "personal_connections"  WHERE "personal_connections"."verb_id" = $1  [["verb_id", 1072]]
11:08:34 web.1  |   [1m[36m (0.3ms)[0m  [1mSELECT COUNT(*) FROM "personal_connections"  WHERE "personal_connections"."verb_id" = $1[0m  [["verb_id", 952]]
11:08:34 web.1  |   [1m[36m (0.5ms)[0m  [1mSELECT COUNT(*) FROM "personal_connections"  WHERE "personal_connections"."verb_id" = $1[0m  [["verb_id", 1160]]
11:08:34 web.1  |   [1m[35m (0.3ms)[0m  SELECT COUNT(*) FROM "personal_connections"  WHERE "personal_connections"."verb_id" = $1  [["verb_id", 546]]
11:08:34 web.1  |   [1m[35m (0.7ms)[0m  SELECT COUNT(*) FROM "personal_connections"  WHERE "personal_connections"."verb_id" = $1  [["verb_id", 1587]]
11:08:34 web.1  |   [1m[36m (0.5ms)[0m  [1mSELECT COUNT(*) FROM "personal_connections"  WHERE "personal_connections"."verb_id" = $1[0m  [["verb_id", 209]]
11:08:34 web.1  |   [1m[36m (0.3ms)[0m  [1mSELECT COUNT(*) FROM "personal_connections"  WHERE "personal_connections"."verb_id" = $1[0m  [["verb_id", 952]]
11:08:34 web.1  |   [1m[35m (0.3ms)[0m  SELECT COUNT(*) FROM "personal_connections"  WHERE "personal_connections"."verb_id" = $1  [["verb_id", 169]]
11:08:34 web.1  |   [1m[35m (0.5ms)[0m  SELECT COUNT(*) FROM "personal_connections"  WHERE "personal_connections"."verb_id" = $1  [["verb_id", 546]]
11:08:34 web.1  |   [1m[36m (0.5ms)[0m  [1mSELECT COUNT(*) FROM "personal_connections"  WHERE "personal_connections"."verb_id" = $1[0m  [["verb_id", 1017]]
11:08:34 web.1  |   [1m[36m (0.3ms)[0m  [1mSELECT COUNT(*) FROM "personal_connections"  WHERE "personal_connections"."verb_id" = $1[0m  [["verb_id", 209]]
11:08:34 web.1  |   [1m[35m (0.2ms)[0m  SELECT COUNT(*) FROM "personal_connections"  WHERE "personal_connections"."verb_id" = $1  [["verb_id", 1073]]
11:08:34 web.1  |   [1m[36m (0.4ms)[0m  [1mSELECT COUNT(*) FROM "personal_connections"  WHERE "personal_connections"."verb_id" = $1[0m  [["verb_id", 892]]
11:08:34 web.1  |   [1m[35m (0.6ms)[0m  SELECT COUNT(*) FROM "personal_connections"  WHERE "personal_connections"."verb_id" = $1  [["verb_id", 169]]
11:08:34 web.1  |   [1m[35m (0.3ms)[0m  SELECT COUNT(*) FROM "personal_connections"  WHERE "personal_connections"."verb_id" = $1  [["verb_id", 1316]]
11:08:34 web.1  |   [1m[36m (0.2ms)[0m  [1mSELECT COUNT(*) FROM "personal_connections"  WHERE "personal_connections"."verb_id" = $1[0m  [["verb_id", 1017]]
11:08:34 web.1  |   [1m[36m (0.3ms)[0m  [1mSELECT COUNT(*) FROM "personal_connections"  WHERE "personal_connections"."verb_id" = $1[0m  [["verb_id", 764]]
11:08:34 web.1  |   [1m[35m (0.7ms)[0m  SELECT COUNT(*) FROM "personal_connections"  WHERE "personal_connections"."verb_id" = $1  [["verb_id", 1073]]
11:08:34 web.1  |   [1m[35m (0.3ms)[0m  SELECT COUNT(*) FROM "personal_connections"  WHERE "personal_connections"."verb_id" = $1  [["verb_id", 1410]]
11:08:34 web.1  |   [1m[36m (0.3ms)[0m  [1mSELECT COUNT(*) FROM "personal_connections"  WHERE "personal_connections"."verb_id" = $1[0m  [["verb_id", 892]]
11:08:34 web.1  |   [1m[36m (0.4ms)[0m  [1mSELECT COUNT(*) FROM "personal_connections"  WHERE "personal_connections"."verb_id" = $1[0m  [["verb_id", 800]]
11:08:34 web.1  |   [1m[35m (0.3ms)[0m  SELECT COUNT(*) FROM "personal_connections"  WHERE "personal_connections"."verb_id" = $1  [["verb_id", 1316]]
11:08:34 web.1  |   [1m[35m (0.5ms)[0m  SELECT COUNT(*) FROM "personal_connections"  WHERE "personal_connections"."verb_id" = $1  [["verb_id", 612]]
11:08:34 web.1  |   [1m[36m (0.3ms)[0m  [1mSELECT COUNT(*) FROM "personal_connections"  WHERE "personal_connections"."verb_id" = $1[0m  [["verb_id", 764]]
11:08:34 web.1  |   [1m[36m (0.3ms)[0m  [1mSELECT COUNT(*) FROM "personal_connections"  WHERE "personal_connections"."verb_id" = $1[0m  [["verb_id", 748]]
11:08:34 web.1  |   [1m[35m (0.3ms)[0m  SELECT COUNT(*) FROM "personal_connections"  WHERE "personal_connections"."verb_id" = $1  [["verb_id", 1410]]
11:08:34 web.1  |   [1m[35m (0.3ms)[0m  SELECT COUNT(*) FROM "personal_connections"  WHERE "personal_connections"."verb_id" = $1  [["verb_id", 474]]
11:08:34 web.1  |   [1m[36m (0.3ms)[0m  [1mSELECT COUNT(*) FROM "personal_connections"  WHERE "personal_connections"."verb_id" = $1[0m  [["verb_id", 800]]
11:08:34 web.1  |   [1m[36m (0.3ms)[0m  [1mSELECT COUNT(*) FROM "personal_connections"  WHERE "personal_connections"."verb_id" = $1[0m  [["verb_id", 1428]]
11:08:34 web.1  |   [1m[35m (0.3ms)[0m  SELECT COUNT(*) FROM "personal_connections"  WHERE "personal_connections"."verb_id" = $1  [["verb_id", 612]]
11:08:34 web.1  |   [1m[35m (0.6ms)[0m  SELECT COUNT(*) FROM "personal_connections"  WHERE "personal_connections"."verb_id" = $1  [["verb_id", 752]]
11:08:34 web.1  |   [1m[36m (0.3ms)[0m  [1mSELECT COUNT(*) FROM "personal_connections"  WHERE "personal_connections"."verb_id" = $1[0m  [["verb_id", 748]]
11:08:34 web.1  |   [1m[35m (0.2ms)[0m  SELECT COUNT(*) FROM "personal_connections"  WHERE "personal_connections"."verb_id" = $1  [["verb_id", 474]]
11:08:34 web.1  |   [1m[36m (0.3ms)[0m  [1mSELECT COUNT(*) FROM "personal_connections"  WHERE "personal_connections"."verb_id" = $1[0m  [["verb_id", 1279]]
11:08:34 web.1  |   [1m[36m (0.3ms)[0m  [1mSELECT COUNT(*) FROM "personal_connections"  WHERE "personal_connections"."verb_id" = $1[0m  [["verb_id", 1428]]
11:08:34 web.1  |   [1m[35m (0.3ms)[0m  SELECT COUNT(*) FROM "personal_connections"  WHERE "personal_connections"."verb_id" = $1  [["verb_id", 1406]]
11:08:34 web.1  |   [1m[35m (0.3ms)[0m  SELECT COUNT(*) FROM "personal_connections"  WHERE "personal_connections"."verb_id" = $1  [["verb_id", 752]]
11:08:34 web.1  |   [1m[36m (0.5ms)[0m  [1mSELECT COUNT(*) FROM "personal_connections"  WHERE "personal_connections"."verb_id" = $1[0m  [["verb_id", 870]]
11:08:34 web.1  |   [1m[36m (0.3ms)[0m  [1mSELECT COUNT(*) FROM "personal_connections"  WHERE "personal_connections"."verb_id" = $1[0m  [["verb_id", 1279]]
11:08:34 web.1  |   [1m[35m (0.3ms)[0m  SELECT COUNT(*) FROM "personal_connections"  WHERE "personal_connections"."verb_id" = $1  [["verb_id", 864]]
11:08:34 web.1  |   [1m[35m (0.3ms)[0m  SELECT COUNT(*) FROM "personal_connections"  WHERE "personal_connections"."verb_id" = $1  [["verb_id", 1406]]
11:08:34 web.1  |   [1m[36m (0.5ms)[0m  [1mSELECT COUNT(*) FROM "personal_connections"  WHERE "personal_connections"."verb_id" = $1[0m  [["verb_id", 845]]
11:08:34 web.1  |   [1m[36m (0.3ms)[0m  [1mSELECT COUNT(*) FROM "personal_connections"  WHERE "personal_connections"."verb_id" = $1[0m  [["verb_id", 870]]
11:08:34 web.1  |   [1m[35m (0.3ms)[0m  SELECT COUNT(*) FROM "personal_connections"  WHERE "personal_connections"."verb_id" = $1  [["verb_id", 560]]
11:08:34 web.1  |   [1m[35m (0.3ms)[0m  SELECT COUNT(*) FROM "personal_connections"  WHERE "personal_connections"."verb_id" = $1  [["verb_id", 864]]
11:08:34 web.1  |   [1m[36m (0.6ms)[0m  [1mSELECT COUNT(*) FROM "personal_connections"  WHERE "personal_connections"."verb_id" = $1[0m  [["verb_id", 1019]]
11:08:34 web.1  |   [1m[36m (0.2ms)[0m  [1mSELECT COUNT(*) FROM "personal_connections"  WHERE "personal_connections"."verb_id" = $1[0m  [["verb_id", 845]]
11:08:34 web.1  |   [1m[35m (0.3ms)[0m  SELECT COUNT(*) FROM "personal_connections"  WHERE "personal_connections"."verb_id" = $1  [["verb_id", 560]]
11:08:34 web.1  |   [1m[35m (0.2ms)[0m  SELECT COUNT(*) FROM "personal_connections"  WHERE "personal_connections"."verb_id" = $1  [["verb_id", 821]]
11:08:34 web.1  |   [1m[36m (0.3ms)[0m  [1mSELECT COUNT(*) FROM "personal_connections"  WHERE "personal_connections"."verb_id" = $1[0m  [["verb_id", 1019]]
11:08:34 web.1  |   [1m[36m (0.3ms)[0m  [1mSELECT COUNT(*) FROM "personal_connections"  WHERE "personal_connections"."verb_id" = $1[0m  [["verb_id", 987]]
11:08:34 web.1  |   [1m[35m (0.3ms)[0m  SELECT COUNT(*) FROM "personal_connections"  WHERE "personal_connections"."verb_id" = $1  [["verb_id", 821]]
11:08:34 web.1  |   [1m[35m (0.5ms)[0m  SELECT COUNT(*) FROM "personal_connections"  WHERE "personal_connections"."verb_id" = $1  [["verb_id", 749]]
11:08:34 web.1  |   [1m[36m (0.3ms)[0m  [1mSELECT COUNT(*) FROM "personal_connections"  WHERE "personal_connections"."verb_id" = $1[0m  [["verb_id", 987]]
11:08:34 web.1  |   [1m[36m (0.3ms)[0m  [1mSELECT COUNT(*) FROM "personal_connections"  WHERE "personal_connections"."verb_id" = $1[0m  [["verb_id", 1500]]
11:08:34 web.1  |   [1m[35m (0.3ms)[0m  SELECT COUNT(*) FROM "personal_connections"  WHERE "personal_connections"."verb_id" = $1  [["verb_id", 749]]
11:08:34 web.1  |   [1m[35m (0.5ms)[0m  SELECT COUNT(*) FROM "personal_connections"  WHERE "personal_connections"."verb_id" = $1  [["verb_id", 982]]
11:08:34 web.1  |   [1m[36m (0.3ms)[0m  [1mSELECT COUNT(*) FROM "personal_connections"  WHERE "personal_connections"."verb_id" = $1[0m  [["verb_id", 1500]]
11:08:34 web.1  |   [1m[36m (0.3ms)[0m  [1mSELECT COUNT(*) FROM "personal_connections"  WHERE "personal_connections"."verb_id" = $1[0m  [["verb_id", 570]]
11:08:34 web.1  |   [1m[35m (0.2ms)[0m  SELECT COUNT(*) FROM "personal_connections"  WHERE "personal_connections"."verb_id" = $1  [["verb_id", 982]]
11:08:34 web.1  |   [1m[36m (0.3ms)[0m  [1mSELECT COUNT(*) FROM "personal_connections"  WHERE "personal_connections"."verb_id" = $1[0m  [["verb_id", 570]]
11:08:34 web.1  |   [1m[35m (0.3ms)[0m  SELECT COUNT(*) FROM "personal_connections"  WHERE "personal_connections"."verb_id" = $1  [["verb_id", 784]]
11:08:34 web.1  |   [1m[35m (0.3ms)[0m  SELECT COUNT(*) FROM "personal_connections"  WHERE "personal_connections"."verb_id" = $1  [["verb_id", 784]]
11:08:34 web.1  |   [1m[36m (0.3ms)[0m  [1mSELECT COUNT(*) FROM "personal_connections"  WHERE "personal_connections"."verb_id" = $1[0m  [["verb_id", 911]]
11:08:34 web.1  |   [1m[36m (0.3ms)[0m  [1mSELECT COUNT(*) FROM "personal_connections"  WHERE "personal_connections"."verb_id" = $1[0m  [["verb_id", 911]]
11:08:34 web.1  |   [1m[35m (0.3ms)[0m  SELECT COUNT(*) FROM "personal_connections"  WHERE "personal_connections"."verb_id" = $1  [["verb_id", 988]]
11:08:34 web.1  |   [1m[35m (0.4ms)[0m  SELECT COUNT(*) FROM "personal_connections"  WHERE "personal_connections"."verb_id" = $1  [["verb_id", 988]]
11:08:34 web.1  |   [1m[36m (0.3ms)[0m  [1mSELECT COUNT(*) FROM "personal_connections"  WHERE "personal_connections"."verb_id" = $1[0m  [["verb_id", 1413]]
11:08:34 web.1  |   [1m[36m (0.5ms)[0m  [1mSELECT COUNT(*) FROM "personal_connections"  WHERE "personal_connections"."verb_id" = $1[0m  [["verb_id", 1413]]
11:08:34 web.1  |   [1m[35m (0.3ms)[0m  SELECT COUNT(*) FROM "personal_connections"  WHERE "personal_connections"."verb_id" = $1  [["verb_id", 1064]]
11:08:34 web.1  |   [1m[35m (0.3ms)[0m  SELECT COUNT(*) FROM "personal_connections"  WHERE "personal_connections"."verb_id" = $1  [["verb_id", 1064]]
11:08:34 web.1  |   [1m[36m (0.5ms)[0m  [1mSELECT COUNT(*) FROM "personal_connections"  WHERE "personal_connections"."verb_id" = $1[0m  [["verb_id", 726]]
11:08:34 web.1  |   [1m[36m (0.5ms)[0m  [1mSELECT COUNT(*) FROM "personal_connections"  WHERE "personal_connections"."verb_id" = $1[0m  [["verb_id", 726]]
11:08:34 web.1  |   [1m[35m (0.3ms)[0m  SELECT COUNT(*) FROM "personal_connections"  WHERE "personal_connections"."verb_id" = $1  [["verb_id", 548]]
11:08:34 web.1  |   [1m[36m (0.2ms)[0m  [1mSELECT COUNT(*) FROM "personal_connections"  WHERE "personal_connections"."verb_id" = $1[0m  [["verb_id", 568]]
11:08:34 web.1  |   [1m[35m (0.5ms)[0m  SELECT COUNT(*) FROM "personal_connections"  WHERE "personal_connections"."verb_id" = $1  [["verb_id", 548]]
11:08:34 web.1  |   [1m[35m (0.3ms)[0m  SELECT COUNT(*) FROM "personal_connections"  WHERE "personal_connections"."verb_id" = $1  [["verb_id", 1494]]
11:08:34 web.1  |   [1m[36m (0.2ms)[0m  [1mSELECT COUNT(*) FROM "personal_connections"  WHERE "personal_connections"."verb_id" = $1[0m  [["verb_id", 568]]
11:08:34 web.1  |   [1m[36m (0.3ms)[0m  [1mSELECT COUNT(*) FROM "personal_connections"  WHERE "personal_connections"."verb_id" = $1[0m  [["verb_id", 675]]
11:08:34 web.1  |   [1m[35m (0.3ms)[0m  SELECT COUNT(*) FROM "personal_connections"  WHERE "personal_connections"."verb_id" = $1  [["verb_id", 1494]]
11:08:34 web.1  |   [1m[35m (0.3ms)[0m  SELECT COUNT(*) FROM "personal_connections"  WHERE "personal_connections"."verb_id" = $1  [["verb_id", 1002]]
11:08:34 web.1  |   [1m[36m (0.5ms)[0m  [1mSELECT COUNT(*) FROM "personal_connections"  WHERE "personal_connections"."verb_id" = $1[0m  [["verb_id", 675]]
11:08:34 web.1  |   [1m[36m (0.3ms)[0m  [1mSELECT COUNT(*) FROM "personal_connections"  WHERE "personal_connections"."verb_id" = $1[0m  [["verb_id", 1424]]
11:08:34 web.1  |   [1m[35m (0.5ms)[0m  SELECT COUNT(*) FROM "personal_connections"  WHERE "personal_connections"."verb_id" = $1  [["verb_id", 1002]]
11:08:34 web.1  |   [1m[35m (0.4ms)[0m  SELECT COUNT(*) FROM "personal_connections"  WHERE "personal_connections"."verb_id" = $1  [["verb_id", 689]]
11:08:34 web.1  |   [1m[36m (0.3ms)[0m  [1mSELECT COUNT(*) FROM "personal_connections"  WHERE "personal_connections"."verb_id" = $1[0m  [["verb_id", 1424]]
11:08:34 web.1  |   [1m[36m (0.3ms)[0m  [1mSELECT COUNT(*) FROM "personal_connections"  WHERE "personal_connections"."verb_id" = $1[0m  [["verb_id", 1573]]
11:08:34 web.1  |   [1m[35m (0.5ms)[0m  SELECT COUNT(*) FROM "personal_connections"  WHERE "personal_connections"."verb_id" = $1  [["verb_id", 689]]
11:08:34 web.1  |   [1m[35m (0.3ms)[0m  SELECT COUNT(*) FROM "personal_connections"  WHERE "personal_connections"."verb_id" = $1  [["verb_id", 798]]
11:08:34 web.1  |   [1m[36m (0.5ms)[0m  [1mSELECT COUNT(*) FROM "personal_connections"  WHERE "personal_connections"."verb_id" = $1[0m  [["verb_id", 1573]]
11:08:34 web.1  |   [1m[36m (0.3ms)[0m  [1mSELECT COUNT(*) FROM "personal_connections"  WHERE "personal_connections"."verb_id" = $1[0m  [["verb_id", 730]]
11:08:34 web.1  |   [1m[35m (0.3ms)[0m  SELECT COUNT(*) FROM "personal_connections"  WHERE "personal_connections"."verb_id" = $1  [["verb_id", 798]]
11:08:34 web.1  |   [1m[35m (0.5ms)[0m  SELECT COUNT(*) FROM "personal_connections"  WHERE "personal_connections"."verb_id" = $1  [["verb_id", 929]]
11:08:34 web.1  |   [1m[36m (0.3ms)[0m  [1mSELECT COUNT(*) FROM "personal_connections"  WHERE "personal_connections"."verb_id" = $1[0m  [["verb_id", 730]]
11:08:34 web.1  |   [1m[36m (0.5ms)[0m  [1mSELECT COUNT(*) FROM "personal_connections"  WHERE "personal_connections"."verb_id" = $1[0m  [["verb_id", 1213]]
11:08:34 web.1  |   [1m[35m (0.3ms)[0m  SELECT COUNT(*) FROM "personal_connections"  WHERE "personal_connections"."verb_id" = $1  [["verb_id", 929]]
11:08:34 web.1  |   [1m[35m (0.3ms)[0m  SELECT COUNT(*) FROM "personal_connections"  WHERE "personal_connections"."verb_id" = $1  [["verb_id", 905]]
11:08:34 web.1  |   [1m[36m (0.3ms)[0m  [1mSELECT COUNT(*) FROM "personal_connections"  WHERE "personal_connections"."verb_id" = $1[0m  [["verb_id", 1213]]
11:08:34 web.1  |   [1m[36m (0.3ms)[0m  [1mSELECT COUNT(*) FROM "personal_connections"  WHERE "personal_connections"."verb_id" = $1[0m  [["verb_id", 1214]]
11:08:34 web.1  |   [1m[35m (0.6ms)[0m  SELECT COUNT(*) FROM "personal_connections"  WHERE "personal_connections"."verb_id" = $1  [["verb_id", 905]]
11:08:34 web.1  |   [1m[35m (0.3ms)[0m  SELECT COUNT(*) FROM "personal_connections"  WHERE "personal_connections"."verb_id" = $1  [["verb_id", 999]]
11:08:34 web.1  |   [1m[36m (0.3ms)[0m  [1mSELECT COUNT(*) FROM "personal_connections"  WHERE "personal_connections"."verb_id" = $1[0m  [["verb_id", 681]]
11:08:34 web.1  |   [1m[36m (0.5ms)[0m  [1mSELECT COUNT(*) FROM "personal_connections"  WHERE "personal_connections"."verb_id" = $1[0m  [["verb_id", 1214]]
11:08:34 web.1  |   [1m[35m (0.3ms)[0m  SELECT COUNT(*) FROM "personal_connections"  WHERE "personal_connections"."verb_id" = $1  [["verb_id", 1100]]
11:08:34 web.1  |   [1m[35m (0.5ms)[0m  SELECT COUNT(*) FROM "personal_connections"  WHERE "personal_connections"."verb_id" = $1  [["verb_id", 999]]
11:08:34 web.1  |   [1m[36m (0.3ms)[0m  [1mSELECT COUNT(*) FROM "personal_connections"  WHERE "personal_connections"."verb_id" = $1[0m  [["verb_id", 628]]
11:08:34 web.1  |   [1m[36m (0.5ms)[0m  [1mSELECT COUNT(*) FROM "personal_connections"  WHERE "personal_connections"."verb_id" = $1[0m  [["verb_id", 681]]
11:08:34 web.1  |   [1m[35m (0.6ms)[0m  SELECT COUNT(*) FROM "personal_connections"  WHERE "personal_connections"."verb_id" = $1  [["verb_id", 524]]
11:08:34 web.1  |   [1m[35m (0.3ms)[0m  SELECT COUNT(*) FROM "personal_connections"  WHERE "personal_connections"."verb_id" = $1  [["verb_id", 1100]]
11:08:34 web.1  |   [1m[36m (0.5ms)[0m  [1mSELECT COUNT(*) FROM "personal_connections"  WHERE "personal_connections"."verb_id" = $1[0m  [["verb_id", 145]]
11:08:34 web.1  |   [1m[36m (0.5ms)[0m  [1mSELECT COUNT(*) FROM "personal_connections"  WHERE "personal_connections"."verb_id" = $1[0m  [["verb_id", 628]]
11:08:34 web.1  |   [1m[35m (0.3ms)[0m  SELECT COUNT(*) FROM "personal_connections"  WHERE "personal_connections"."verb_id" = $1  [["verb_id", 524]]
11:08:34 web.1  |   [1m[35m (0.4ms)[0m  SELECT COUNT(*) FROM "personal_connections"  WHERE "personal_connections"."verb_id" = $1  [["verb_id", 1469]]
11:08:34 web.1  |   [1m[36m (0.3ms)[0m  [1mSELECT COUNT(*) FROM "personal_connections"  WHERE "personal_connections"."verb_id" = $1[0m  [["verb_id", 1188]]
11:08:34 web.1  |   [1m[36m (0.2ms)[0m  [1mSELECT COUNT(*) FROM "personal_connections"  WHERE "personal_connections"."verb_id" = $1[0m  [["verb_id", 145]]
11:08:34 web.1  |   [1m[35m (0.4ms)[0m  SELECT COUNT(*) FROM "personal_connections"  WHERE "personal_connections"."verb_id" = $1  [["verb_id", 1039]]
11:08:34 web.1  |   [1m[35m (0.5ms)[0m  SELECT COUNT(*) FROM "personal_connections"  WHERE "personal_connections"."verb_id" = $1  [["verb_id", 1469]]
11:08:34 web.1  |   [1m[36m (0.3ms)[0m  [1mSELECT COUNT(*) FROM "personal_connections"  WHERE "personal_connections"."verb_id" = $1[0m  [["verb_id", 985]]
11:08:34 web.1  |   [1m[36m (0.3ms)[0m  [1mSELECT COUNT(*) FROM "personal_connections"  WHERE "personal_connections"."verb_id" = $1[0m  [["verb_id", 1188]]
11:08:34 web.1  |   [1m[35m (0.3ms)[0m  SELECT COUNT(*) FROM "personal_connections"  WHERE "personal_connections"."verb_id" = $1  [["verb_id", 1482]]
11:08:34 web.1  |   [1m[35m (0.4ms)[0m  SELECT COUNT(*) FROM "personal_connections"  WHERE "personal_connections"."verb_id" = $1  [["verb_id", 1039]]
11:08:34 web.1  |   [1m[36m (0.4ms)[0m  [1mSELECT COUNT(*) FROM "personal_connections"  WHERE "personal_connections"."verb_id" = $1[0m  [["verb_id", 342]]
11:08:34 web.1  |   [1m[36m (0.5ms)[0m  [1mSELECT COUNT(*) FROM "personal_connections"  WHERE "personal_connections"."verb_id" = $1[0m  [["verb_id", 985]]
11:08:34 web.1  |   [1m[35m (0.3ms)[0m  SELECT COUNT(*) FROM "personal_connections"  WHERE "personal_connections"."verb_id" = $1  [["verb_id", 242]]
11:08:34 web.1  |   [1m[35m (0.5ms)[0m  SELECT COUNT(*) FROM "personal_connections"  WHERE "personal_connections"."verb_id" = $1  [["verb_id", 1482]]
11:08:34 web.1  |   [1m[36m (0.3ms)[0m  [1mSELECT COUNT(*) FROM "personal_connections"  WHERE "personal_connections"."verb_id" = $1[0m  [["verb_id", 802]]
11:08:34 web.1  |   [1m[36m (0.3ms)[0m  [1mSELECT COUNT(*) FROM "personal_connections"  WHERE "personal_connections"."verb_id" = $1[0m  [["verb_id", 342]]
11:08:34 web.1  |   [1m[35m (0.3ms)[0m  SELECT COUNT(*) FROM "personal_connections"  WHERE "personal_connections"."verb_id" = $1  [["verb_id", 442]]
11:08:34 web.1  |   [1m[35m (0.3ms)[0m  SELECT COUNT(*) FROM "personal_connections"  WHERE "personal_connections"."verb_id" = $1  [["verb_id", 242]]
11:08:34 web.1  |   [1m[36m (0.3ms)[0m  [1mSELECT COUNT(*) FROM "personal_connections"  WHERE "personal_connections"."verb_id" = $1[0m  [["verb_id", 1156]]
11:08:34 web.1  |   [1m[36m (0.3ms)[0m  [1mSELECT COUNT(*) FROM "personal_connections"  WHERE "personal_connections"."verb_id" = $1[0m  [["verb_id", 802]]
11:08:34 web.1  |   [1m[35m (0.2ms)[0m  SELECT COUNT(*) FROM "personal_connections"  WHERE "personal_connections"."verb_id" = $1  [["verb_id", 370]]
11:08:34 web.1  |   [1m[36m (0.3ms)[0m  [1mSELECT COUNT(*) FROM "personal_connections"  WHERE "personal_connections"."verb_id" = $1[0m  [["verb_id", 1162]]
11:08:34 web.1  |   [1m[35m (0.3ms)[0m  SELECT COUNT(*) FROM "personal_connections"  WHERE "personal_connections"."verb_id" = $1  [["verb_id", 442]]
11:08:34 web.1  |   [1m[35m (0.3ms)[0m  SELECT COUNT(*) FROM "personal_connections"  WHERE "personal_connections"."verb_id" = $1  [["verb_id", 452]]
11:08:34 web.1  |   [1m[36m (0.3ms)[0m  [1mSELECT COUNT(*) FROM "personal_connections"  WHERE "personal_connections"."verb_id" = $1[0m  [["verb_id", 1156]]
11:08:34 web.1  |   [1m[36m (0.3ms)[0m  [1mSELECT COUNT(*) FROM "personal_connections"  WHERE "personal_connections"."verb_id" = $1[0m  [["verb_id", 806]]
11:08:34 web.1  |   [1m[35m (0.5ms)[0m  SELECT COUNT(*) FROM "personal_connections"  WHERE "personal_connections"."verb_id" = $1  [["verb_id", 370]]
11:08:34 web.1  |   [1m[35m (0.3ms)[0m  SELECT COUNT(*) FROM "personal_connections"  WHERE "personal_connections"."verb_id" = $1  [["verb_id", 994]]
11:08:34 web.1  |   [1m[36m (0.3ms)[0m  [1mSELECT COUNT(*) FROM "personal_connections"  WHERE "personal_connections"."verb_id" = $1[0m  [["verb_id", 1162]]
11:08:34 web.1  |   [1m[36m (0.3ms)[0m  [1mSELECT COUNT(*) FROM "personal_connections"  WHERE "personal_connections"."verb_id" = $1[0m  [["verb_id", 1342]]
11:08:34 web.1  |   [1m[35m (0.3ms)[0m  SELECT COUNT(*) FROM "personal_connections"  WHERE "personal_connections"."verb_id" = $1  [["verb_id", 452]]
11:08:34 web.1  |   [1m[35m (0.5ms)[0m  SELECT COUNT(*) FROM "personal_connections"  WHERE "personal_connections"."verb_id" = $1  [["verb_id", 789]]
11:08:34 web.1  |   [1m[36m (0.4ms)[0m  [1mSELECT COUNT(*) FROM "personal_connections"  WHERE "personal_connections"."verb_id" = $1[0m  [["verb_id", 806]]
11:08:34 web.1  |   [1m[36m (0.5ms)[0m  [1mSELECT COUNT(*) FROM "personal_connections"  WHERE "personal_connections"."verb_id" = $1[0m  [["verb_id", 1321]]
11:08:34 web.1  |   [1m[35m (0.3ms)[0m  SELECT COUNT(*) FROM "personal_connections"  WHERE "personal_connections"."verb_id" = $1  [["verb_id", 994]]
11:08:34 web.1  |   [1m[35m (0.3ms)[0m  SELECT COUNT(*) FROM "personal_connections"  WHERE "personal_connections"."verb_id" = $1  [["verb_id", 464]]
11:08:34 web.1  |   [1m[36m (0.5ms)[0m  [1mSELECT COUNT(*) FROM "personal_connections"  WHERE "personal_connections"."verb_id" = $1[0m  [["verb_id", 1342]]
11:08:34 web.1  |   [1m[36m (0.3ms)[0m  [1mSELECT COUNT(*) FROM "personal_connections"  WHERE "personal_connections"."verb_id" = $1[0m  [["verb_id", 272]]
11:08:34 web.1  |   [1m[35m (0.5ms)[0m  SELECT COUNT(*) FROM "personal_connections"  WHERE "personal_connections"."verb_id" = $1  [["verb_id", 789]]
11:08:34 web.1  |   [1m[35m (0.3ms)[0m  SELECT COUNT(*) FROM "personal_connections"  WHERE "personal_connections"."verb_id" = $1  [["verb_id", 923]]
11:08:34 web.1  |   [1m[36m (0.5ms)[0m  [1mSELECT COUNT(*) FROM "personal_connections"  WHERE "personal_connections"."verb_id" = $1[0m  [["verb_id", 1321]]
11:08:34 web.1  |   [1m[36m (0.3ms)[0m  [1mSELECT COUNT(*) FROM "personal_connections"  WHERE "personal_connections"."verb_id" = $1[0m  [["verb_id", 931]]
11:08:34 web.1  |   [1m[35m (0.3ms)[0m  SELECT COUNT(*) FROM "personal_connections"  WHERE "personal_connections"."verb_id" = $1  [["verb_id", 464]]
11:08:34 web.1  |   [1m[35m (0.3ms)[0m  SELECT COUNT(*) FROM "personal_connections"  WHERE "personal_connections"."verb_id" = $1  [["verb_id", 921]]
11:08:34 web.1  |   [1m[36m (0.4ms)[0m  [1mSELECT COUNT(*) FROM "personal_connections"  WHERE "personal_connections"."verb_id" = $1[0m  [["verb_id", 272]]
11:08:34 web.1  |   [1m[35m (0.4ms)[0m  SELECT COUNT(*) FROM "personal_connections"  WHERE "personal_connections"."verb_id" = $1  [["verb_id", 923]]
11:08:34 web.1  |   [1m[36m (0.3ms)[0m  [1mSELECT COUNT(*) FROM "personal_connections"  WHERE "personal_connections"."verb_id" = $1[0m  [["verb_id", 234]]
11:08:34 web.1  |   [1m[36m (0.3ms)[0m  [1mSELECT COUNT(*) FROM "personal_connections"  WHERE "personal_connections"."verb_id" = $1[0m  [["verb_id", 931]]
11:08:34 web.1  |   [1m[35m (0.2ms)[0m  SELECT COUNT(*) FROM "personal_connections"  WHERE "personal_connections"."verb_id" = $1  [["verb_id", 921]]
11:08:34 web.1  |   [1m[35m (0.3ms)[0m  SELECT COUNT(*) FROM "personal_connections"  WHERE "personal_connections"."verb_id" = $1  [["verb_id", 149]]
11:08:34 web.1  |   [1m[36m (0.3ms)[0m  [1mSELECT COUNT(*) FROM "personal_connections"  WHERE "personal_connections"."verb_id" = $1[0m  [["verb_id", 1467]]
11:08:34 web.1  |   [1m[35m (0.3ms)[0m  SELECT COUNT(*) FROM "personal_connections"  WHERE "personal_connections"."verb_id" = $1  [["verb_id", 938]]
11:08:34 web.1  |   [1m[36m (0.5ms)[0m  [1mSELECT COUNT(*) FROM "personal_connections"  WHERE "personal_connections"."verb_id" = $1[0m  [["verb_id", 234]]
11:08:34 web.1  |   [1m[36m (0.5ms)[0m  [1mSELECT COUNT(*) FROM "personal_connections"  WHERE "personal_connections"."verb_id" = $1[0m  [["verb_id", 1109]]
11:08:34 web.1  |   [1m[35m (0.3ms)[0m  SELECT COUNT(*) FROM "personal_connections"  WHERE "personal_connections"."verb_id" = $1  [["verb_id", 149]]
11:08:34 web.1  |   [1m[35m (0.3ms)[0m  SELECT COUNT(*) FROM "personal_connections"  WHERE "personal_connections"."verb_id" = $1  [["verb_id", 1369]]
11:08:34 web.1  |   [1m[36m (0.4ms)[0m  [1mSELECT COUNT(*) FROM "personal_connections"  WHERE "personal_connections"."verb_id" = $1[0m  [["verb_id", 1467]]
11:08:34 web.1  |   [1m[35m (0.3ms)[0m  SELECT COUNT(*) FROM "personal_connections"  WHERE "personal_connections"."verb_id" = $1  [["verb_id", 938]]
11:08:34 web.1  |   [1m[36m (0.3ms)[0m  [1mSELECT COUNT(*) FROM "personal_connections"  WHERE "personal_connections"."verb_id" = $1[0m  [["verb_id", 93]]
11:08:34 web.1  |   [1m[36m (0.3ms)[0m  [1mSELECT COUNT(*) FROM "personal_connections"  WHERE "personal_connections"."verb_id" = $1[0m  [["verb_id", 1109]]
11:08:34 web.1  |   [1m[35m (0.2ms)[0m  SELECT COUNT(*) FROM "personal_connections"  WHERE "personal_connections"."verb_id" = $1  [["verb_id", 336]]
11:08:34 web.1  |   [1m[35m (0.3ms)[0m  SELECT COUNT(*) FROM "personal_connections"  WHERE "personal_connections"."verb_id" = $1  [["verb_id", 1369]]
11:08:34 web.1  |   [1m[36m (0.5ms)[0m  [1mSELECT COUNT(*) FROM "personal_connections"  WHERE "personal_connections"."verb_id" = $1[0m  [["verb_id", 1169]]
11:08:34 web.1  |   [1m[36m (0.3ms)[0m  [1mSELECT COUNT(*) FROM "personal_connections"  WHERE "personal_connections"."verb_id" = $1[0m  [["verb_id", 93]]
11:08:34 web.1  |   [1m[35m (0.4ms)[0m  SELECT COUNT(*) FROM "personal_connections"  WHERE "personal_connections"."verb_id" = $1  [["verb_id", 1380]]
11:08:34 web.1  |   [1m[35m (0.3ms)[0m  SELECT COUNT(*) FROM "personal_connections"  WHERE "personal_connections"."verb_id" = $1  [["verb_id", 336]]
11:08:34 web.1  |   [1m[36m (0.5ms)[0m  [1mSELECT COUNT(*) FROM "personal_connections"  WHERE "personal_connections"."verb_id" = $1[0m  [["verb_id", 1116]]
11:08:34 web.1  |   [1m[36m (0.6ms)[0m  [1mSELECT COUNT(*) FROM "personal_connections"  WHERE "personal_connections"."verb_id" = $1[0m  [["verb_id", 1169]]
11:08:34 web.1  |   [1m[35m (0.5ms)[0m  SELECT COUNT(*) FROM "personal_connections"  WHERE "personal_connections"."verb_id" = $1  [["verb_id", 1408]]
11:08:34 web.1  |   [1m[35m (0.4ms)[0m  SELECT COUNT(*) FROM "personal_connections"  WHERE "personal_connections"."verb_id" = $1  [["verb_id", 1380]]
11:08:34 web.1  |   [1m[36m (0.5ms)[0m  [1mSELECT COUNT(*) FROM "personal_connections"  WHERE "personal_connections"."verb_id" = $1[0m  [["verb_id", 1311]]
11:08:34 web.1  |   [1m[36m (3.6ms)[0m  [1mSELECT COUNT(*) FROM "personal_connections"  WHERE "personal_connections"."verb_id" = $1[0m  [["verb_id", 1116]]
11:08:34 web.1  |   [1m[35m (0.3ms)[0m  SELECT COUNT(*) FROM "personal_connections"  WHERE "personal_connections"."verb_id" = $1  [["verb_id", 654]]
11:08:34 web.1  |   [1m[35m (0.6ms)[0m  SELECT COUNT(*) FROM "personal_connections"  WHERE "personal_connections"."verb_id" = $1  [["verb_id", 1408]]
11:08:34 web.1  |   [1m[36m (0.5ms)[0m  [1mSELECT COUNT(*) FROM "personal_connections"  WHERE "personal_connections"."verb_id" = $1[0m  [["verb_id", 979]]
11:08:34 web.1  |   [1m[36m (0.5ms)[0m  [1mSELECT COUNT(*) FROM "personal_connections"  WHERE "personal_connections"."verb_id" = $1[0m  [["verb_id", 1311]]
11:08:34 web.1  |   [1m[35m (0.5ms)[0m  SELECT COUNT(*) FROM "personal_connections"  WHERE "personal_connections"."verb_id" = $1  [["verb_id", 1486]]
11:08:34 web.1  |   [1m[35m (0.5ms)[0m  SELECT COUNT(*) FROM "personal_connections"  WHERE "personal_connections"."verb_id" = $1  [["verb_id", 654]]
11:08:34 web.1  |   [1m[36m (0.5ms)[0m  [1mSELECT COUNT(*) FROM "personal_connections"  WHERE "personal_connections"."verb_id" = $1[0m  [["verb_id", 1502]]
11:08:34 web.1  |   [1m[36m (0.5ms)[0m  [1mSELECT COUNT(*) FROM "personal_connections"  WHERE "personal_connections"."verb_id" = $1[0m  [["verb_id", 979]]
11:08:35 web.1  |   [1m[35m (0.5ms)[0m  SELECT COUNT(*) FROM "personal_connections"  WHERE "personal_connections"."verb_id" = $1  [["verb_id", 1029]]
11:08:35 web.1  |   [1m[35m (0.5ms)[0m  SELECT COUNT(*) FROM "personal_connections"  WHERE "personal_connections"."verb_id" = $1  [["verb_id", 1486]]
11:08:35 web.1  |   [1m[36m (0.5ms)[0m  [1mSELECT COUNT(*) FROM "personal_connections"  WHERE "personal_connections"."verb_id" = $1[0m  [["verb_id", 1182]]
11:08:35 web.1  |   [1m[36m (0.5ms)[0m  [1mSELECT COUNT(*) FROM "personal_connections"  WHERE "personal_connections"."verb_id" = $1[0m  [["verb_id", 1502]]
11:08:35 web.1  |   [1m[35m (0.7ms)[0m  SELECT COUNT(*) FROM "personal_connections"  WHERE "personal_connections"."verb_id" = $1  [["verb_id", 1227]]
11:08:35 web.1  |   [1m[35m (0.4ms)[0m  SELECT COUNT(*) FROM "personal_connections"  WHERE "personal_connections"."verb_id" = $1  [["verb_id", 1029]]
11:08:35 web.1  |   [1m[36m (0.5ms)[0m  [1mSELECT COUNT(*) FROM "personal_connections"  WHERE "personal_connections"."verb_id" = $1[0m  [["verb_id", 1202]]
11:08:35 web.1  |   [1m[36m (0.4ms)[0m  [1mSELECT COUNT(*) FROM "personal_connections"  WHERE "personal_connections"."verb_id" = $1[0m  [["verb_id", 1182]]
11:08:35 web.1  |   [1m[35m (0.5ms)[0m  SELECT COUNT(*) FROM "personal_connections"  WHERE "personal_connections"."verb_id" = $1  [["verb_id", 308]]
11:08:35 web.1  |   [1m[35m (0.3ms)[0m  SELECT COUNT(*) FROM "personal_connections"  WHERE "personal_connections"."verb_id" = $1  [["verb_id", 1227]]
11:08:35 web.1  |   [1m[36m (0.3ms)[0m  [1mSELECT COUNT(*) FROM "personal_connections"  WHERE "personal_connections"."verb_id" = $1[0m  [["verb_id", 1155]]
11:08:35 web.1  |   [1m[36m (0.3ms)[0m  [1mSELECT COUNT(*) FROM "personal_connections"  WHERE "personal_connections"."verb_id" = $1[0m  [["verb_id", 1202]]
11:08:35 web.1  |   [1m[35m (0.5ms)[0m  SELECT COUNT(*) FROM "personal_connections"  WHERE "personal_connections"."verb_id" = $1  [["verb_id", 1300]]
11:08:35 web.1  |   [1m[35m (0.3ms)[0m  SELECT COUNT(*) FROM "personal_connections"  WHERE "personal_connections"."verb_id" = $1  [["verb_id", 308]]
11:08:35 web.1  |   [1m[36m (0.3ms)[0m  [1mSELECT COUNT(*) FROM "personal_connections"  WHERE "personal_connections"."verb_id" = $1[0m  [["verb_id", 109]]
11:08:35 web.1  |   [1m[36m (0.4ms)[0m  [1mSELECT COUNT(*) FROM "personal_connections"  WHERE "personal_connections"."verb_id" = $1[0m  [["verb_id", 1155]]
11:08:35 web.1  |   [1m[35m (0.4ms)[0m  SELECT COUNT(*) FROM "personal_connections"  WHERE "personal_connections"."verb_id" = $1  [["verb_id", 502]]
11:08:35 web.1  |   [1m[36m (0.3ms)[0m  [1mSELECT COUNT(*) FROM "personal_connections"  WHERE "personal_connections"."verb_id" = $1[0m  [["verb_id", 51]]
11:08:35 web.1  |   [1m[35m (0.5ms)[0m  SELECT COUNT(*) FROM "personal_connections"  WHERE "personal_connections"."verb_id" = $1  [["verb_id", 1300]]
11:08:35 web.1  |   [1m[35m (0.3ms)[0m  SELECT COUNT(*) FROM "personal_connections"  WHERE "personal_connections"."verb_id" = $1  [["verb_id", 1563]]
11:08:35 web.1  |   [1m[36m (0.5ms)[0m  [1mSELECT COUNT(*) FROM "personal_connections"  WHERE "personal_connections"."verb_id" = $1[0m  [["verb_id", 109]]
11:08:35 web.1  |   [1m[36m (0.6ms)[0m  [1mSELECT COUNT(*) FROM "personal_connections"  WHERE "personal_connections"."verb_id" = $1[0m  [["verb_id", 1562]]
11:08:35 web.1  |   [1m[35m (0.2ms)[0m  SELECT COUNT(*) FROM "personal_connections"  WHERE "personal_connections"."verb_id" = $1  [["verb_id", 502]]
11:08:35 web.1  |   [1m[36m (0.5ms)[0m  [1mSELECT COUNT(*) FROM "personal_connections"  WHERE "personal_connections"."verb_id" = $1[0m  [["verb_id", 51]]
11:08:35 web.1  |   [1m[35m (0.2ms)[0m  SELECT COUNT(*) FROM "personal_connections"  WHERE "personal_connections"."verb_id" = $1  [["verb_id", 65]]
11:08:35 web.1  |   [1m[36m (0.3ms)[0m  [1mSELECT COUNT(*) FROM "personal_connections"  WHERE "personal_connections"."verb_id" = $1[0m  [["verb_id", 1399]]
11:08:35 web.1  |   [1m[35m (0.2ms)[0m  SELECT COUNT(*) FROM "personal_connections"  WHERE "personal_connections"."verb_id" = $1  [["verb_id", 1563]]
11:08:35 web.1  |   [1m[36m (0.4ms)[0m  [1mSELECT COUNT(*) FROM "personal_connections"  WHERE "personal_connections"."verb_id" = $1[0m  [["verb_id", 1562]]
11:08:35 web.1  |   [1m[35m (0.2ms)[0m  SELECT COUNT(*) FROM "personal_connections"  WHERE "personal_connections"."verb_id" = $1  [["verb_id", 434]]
11:08:35 web.1  |   [1m[36m (0.3ms)[0m  [1mSELECT COUNT(*) FROM "personal_connections"  WHERE "personal_connections"."verb_id" = $1[0m  [["verb_id", 909]]
11:08:35 web.1  |   [1m[35m (0.2ms)[0m  SELECT COUNT(*) FROM "personal_connections"  WHERE "personal_connections"."verb_id" = $1  [["verb_id", 65]]
11:08:35 web.1  |   [1m[35m (0.4ms)[0m  SELECT COUNT(*) FROM "personal_connections"  WHERE "personal_connections"."verb_id" = $1  [["verb_id", 743]]
11:08:35 web.1  |   [1m[36m (0.2ms)[0m  [1mSELECT COUNT(*) FROM "personal_connections"  WHERE "personal_connections"."verb_id" = $1[0m  [["verb_id", 1399]]
11:08:35 web.1  |   [1m[36m (0.3ms)[0m  [1mSELECT COUNT(*) FROM "personal_connections"  WHERE "personal_connections"."verb_id" = $1[0m  [["verb_id", 1286]]
11:08:35 web.1  |   [1m[35m (0.2ms)[0m  SELECT COUNT(*) FROM "personal_connections"  WHERE "personal_connections"."verb_id" = $1  [["verb_id", 434]]
11:08:35 web.1  |   [1m[35m (0.3ms)[0m  SELECT COUNT(*) FROM "personal_connections"  WHERE "personal_connections"."verb_id" = $1  [["verb_id", 1416]]
11:08:35 web.1  |   [1m[36m (0.2ms)[0m  [1mSELECT COUNT(*) FROM "personal_connections"  WHERE "personal_connections"."verb_id" = $1[0m  [["verb_id", 909]]
11:08:35 web.1  |   [1m[36m (0.3ms)[0m  [1mSELECT COUNT(*) FROM "personal_connections"  WHERE "personal_connections"."verb_id" = $1[0m  [["verb_id", 1111]]
11:08:35 web.1  |   [1m[35m (0.5ms)[0m  SELECT COUNT(*) FROM "personal_connections"  WHERE "personal_connections"."verb_id" = $1  [["verb_id", 743]]
11:08:35 web.1  |   [1m[35m (0.4ms)[0m  SELECT COUNT(*) FROM "personal_connections"  WHERE "personal_connections"."verb_id" = $1  [["verb_id", 1585]]
11:08:35 web.1  |   [1m[36m (0.4ms)[0m  [1mSELECT COUNT(*) FROM "personal_connections"  WHERE "personal_connections"."verb_id" = $1[0m  [["verb_id", 1286]]
11:08:35 web.1  |   [1m[36m (0.3ms)[0m  [1mSELECT COUNT(*) FROM "personal_connections"  WHERE "personal_connections"."verb_id" = $1[0m  [["verb_id", 948]]
11:08:35 web.1  |   [1m[35m (0.5ms)[0m  SELECT COUNT(*) FROM "personal_connections"  WHERE "personal_connections"."verb_id" = $1  [["verb_id", 1416]]
11:08:35 web.1  |   [1m[35m (0.3ms)[0m  SELECT COUNT(*) FROM "personal_connections"  WHERE "personal_connections"."verb_id" = $1  [["verb_id", 1314]]
11:08:35 web.1  |   [1m[36m (0.5ms)[0m  [1mSELECT COUNT(*) FROM "personal_connections"  WHERE "personal_connections"."verb_id" = $1[0m  [["verb_id", 1111]]
11:08:35 web.1  |   [1m[36m (0.3ms)[0m  [1mSELECT COUNT(*) FROM "personal_connections"  WHERE "personal_connections"."verb_id" = $1[0m  [["verb_id", 1315]]
11:08:35 web.1  |   [1m[35m (0.3ms)[0m  SELECT COUNT(*) FROM "personal_connections"  WHERE "personal_connections"."verb_id" = $1  [["verb_id", 1585]]
11:08:35 web.1  |   [1m[35m (0.3ms)[0m  SELECT COUNT(*) FROM "personal_connections"  WHERE "personal_connections"."verb_id" = $1  [["verb_id", 596]]
11:08:35 web.1  |   [1m[36m (0.3ms)[0m  [1mSELECT COUNT(*) FROM "personal_connections"  WHERE "personal_connections"."verb_id" = $1[0m  [["verb_id", 948]]
11:08:35 web.1  |   [1m[36m (0.3ms)[0m  [1mSELECT COUNT(*) FROM "personal_connections"  WHERE "personal_connections"."verb_id" = $1[0m  [["verb_id", 842]]
11:08:35 web.1  |   [1m[35m (0.3ms)[0m  SELECT COUNT(*) FROM "personal_connections"  WHERE "personal_connections"."verb_id" = $1  [["verb_id", 1314]]
11:08:35 web.1  |   [1m[35m (0.3ms)[0m  SELECT COUNT(*) FROM "personal_connections"  WHERE "personal_connections"."verb_id" = $1  [["verb_id", 1295]]
11:08:35 web.1  |   [1m[36m (0.2ms)[0m  [1mSELECT COUNT(*) FROM "personal_connections"  WHERE "personal_connections"."verb_id" = $1[0m  [["verb_id", 468]]
11:08:35 web.1  |   [1m[36m (0.4ms)[0m  [1mSELECT COUNT(*) FROM "personal_connections"  WHERE "personal_connections"."verb_id" = $1[0m  [["verb_id", 1315]]
11:08:35 web.1  |   [1m[35m (0.4ms)[0m  SELECT COUNT(*) FROM "personal_connections"  WHERE "personal_connections"."verb_id" = $1  [["verb_id", 1481]]
11:08:35 web.1  |   [1m[35m (0.6ms)[0m  SELECT COUNT(*) FROM "personal_connections"  WHERE "personal_connections"."verb_id" = $1  [["verb_id", 596]]
11:08:35 web.1  |   [1m[36m (0.3ms)[0m  [1mSELECT COUNT(*) FROM "personal_connections"  WHERE "personal_connections"."verb_id" = $1[0m  [["verb_id", 1574]]
11:08:35 web.1  |   [1m[36m (0.5ms)[0m  [1mSELECT COUNT(*) FROM "personal_connections"  WHERE "personal_connections"."verb_id" = $1[0m  [["verb_id", 842]]
11:08:35 web.1  |   [1m[35m (0.3ms)[0m  SELECT COUNT(*) FROM "personal_connections"  WHERE "personal_connections"."verb_id" = $1  [["verb_id", 1149]]
11:08:35 web.1  |   [1m[35m (0.5ms)[0m  SELECT COUNT(*) FROM "personal_connections"  WHERE "personal_connections"."verb_id" = $1  [["verb_id", 1295]]
11:08:35 web.1  |   [1m[36m (0.4ms)[0m  [1mSELECT COUNT(*) FROM "personal_connections"  WHERE "personal_connections"."verb_id" = $1[0m  [["verb_id", 1541]]
11:08:35 web.1  |   [1m[36m (0.6ms)[0m  [1mSELECT COUNT(*) FROM "personal_connections"  WHERE "personal_connections"."verb_id" = $1[0m  [["verb_id", 468]]
11:08:35 web.1  |   [1m[35m (0.3ms)[0m  SELECT COUNT(*) FROM "personal_connections"  WHERE "personal_connections"."verb_id" = $1  [["verb_id", 646]]
11:08:35 web.1  |   [1m[35m (0.5ms)[0m  SELECT COUNT(*) FROM "personal_connections"  WHERE "personal_connections"."verb_id" = $1  [["verb_id", 1481]]
11:08:35 web.1  |   [1m[36m (0.5ms)[0m  [1mSELECT COUNT(*) FROM "personal_connections"  WHERE "personal_connections"."verb_id" = $1[0m  [["verb_id", 719]]
11:08:35 web.1  |   [1m[36m (0.5ms)[0m  [1mSELECT COUNT(*) FROM "personal_connections"  WHERE "personal_connections"."verb_id" = $1[0m  [["verb_id", 1574]]
11:08:35 web.1  |   [1m[35m (0.3ms)[0m  SELECT COUNT(*) FROM "personal_connections"  WHERE "personal_connections"."verb_id" = $1  [["verb_id", 1402]]
11:08:35 web.1  |   [1m[35m (0.4ms)[0m  SELECT COUNT(*) FROM "personal_connections"  WHERE "personal_connections"."verb_id" = $1  [["verb_id", 1149]]
11:08:35 web.1  |   [1m[36m (0.5ms)[0m  [1mSELECT COUNT(*) FROM "personal_connections"  WHERE "personal_connections"."verb_id" = $1[0m  [["verb_id", 48]]
11:08:35 web.1  |   [1m[36m (0.3ms)[0m  [1mSELECT COUNT(*) FROM "personal_connections"  WHERE "personal_connections"."verb_id" = $1[0m  [["verb_id", 1541]]
11:08:35 web.1  |   [1m[35m (0.5ms)[0m  SELECT COUNT(*) FROM "personal_connections"  WHERE "personal_connections"."verb_id" = $1  [["verb_id", 1266]]
11:08:35 web.1  |   [1m[35m (0.3ms)[0m  SELECT COUNT(*) FROM "personal_connections"  WHERE "personal_connections"."verb_id" = $1  [["verb_id", 646]]
11:08:35 web.1  |   [1m[36m (0.5ms)[0m  [1mSELECT COUNT(*) FROM "personal_connections"  WHERE "personal_connections"."verb_id" = $1[0m  [["verb_id", 376]]
11:08:35 web.1  |   [1m[36m (0.3ms)[0m  [1mSELECT COUNT(*) FROM "personal_connections"  WHERE "personal_connections"."verb_id" = $1[0m  [["verb_id", 719]]
11:08:35 web.1  |   [1m[35m (0.5ms)[0m  SELECT COUNT(*) FROM "personal_connections"  WHERE "personal_connections"."verb_id" = $1  [["verb_id", 1522]]
11:08:35 web.1  |   [1m[35m (0.4ms)[0m  SELECT COUNT(*) FROM "personal_connections"  WHERE "personal_connections"."verb_id" = $1  [["verb_id", 1402]]
11:08:35 web.1  |   [1m[36m (0.5ms)[0m  [1mSELECT COUNT(*) FROM "personal_connections"  WHERE "personal_connections"."verb_id" = $1[0m  [["verb_id", 1150]]
11:08:35 web.1  |   [1m[36m (0.4ms)[0m  [1mSELECT COUNT(*) FROM "personal_connections"  WHERE "personal_connections"."verb_id" = $1[0m  [["verb_id", 48]]
11:08:35 web.1  |   [1m[35m (0.3ms)[0m  SELECT COUNT(*) FROM "personal_connections"  WHERE "personal_connections"."verb_id" = $1  [["verb_id", 356]]
11:08:35 web.1  |   [1m[35m (0.6ms)[0m  SELECT COUNT(*) FROM "personal_connections"  WHERE "personal_connections"."verb_id" = $1  [["verb_id", 1266]]
11:08:35 web.1  |   [1m[36m (0.4ms)[0m  [1mSELECT COUNT(*) FROM "personal_connections"  WHERE "personal_connections"."verb_id" = $1[0m  [["verb_id", 762]]
11:08:35 web.1  |   [1m[36m (0.3ms)[0m  [1mSELECT COUNT(*) FROM "personal_connections"  WHERE "personal_connections"."verb_id" = $1[0m  [["verb_id", 376]]
11:08:35 web.1  |   [1m[35m (0.5ms)[0m  SELECT COUNT(*) FROM "personal_connections"  WHERE "personal_connections"."verb_id" = $1  [["verb_id", 1366]]
11:08:35 web.1  |   [1m[35m (0.6ms)[0m  SELECT COUNT(*) FROM "personal_connections"  WHERE "personal_connections"."verb_id" = $1  [["verb_id", 1522]]
11:08:35 web.1  |   [1m[36m (0.5ms)[0m  [1mSELECT COUNT(*) FROM "personal_connections"  WHERE "personal_connections"."verb_id" = $1[0m  [["verb_id", 1367]]
11:08:35 web.1  |   [1m[36m (0.4ms)[0m  [1mSELECT COUNT(*) FROM "personal_connections"  WHERE "personal_connections"."verb_id" = $1[0m  [["verb_id", 1150]]
11:08:35 web.1  |   [1m[35m (0.5ms)[0m  SELECT COUNT(*) FROM "personal_connections"  WHERE "personal_connections"."verb_id" = $1  [["verb_id", 1270]]
11:08:35 web.1  |   [1m[35m (0.4ms)[0m  SELECT COUNT(*) FROM "personal_connections"  WHERE "personal_connections"."verb_id" = $1  [["verb_id", 356]]
11:08:35 web.1  |   [1m[36m (0.2ms)[0m  [1mSELECT COUNT(*) FROM "personal_connections"  WHERE "personal_connections"."verb_id" = $1[0m  [["verb_id", 1135]]
11:08:35 web.1  |   [1m[36m (0.7ms)[0m  [1mSELECT COUNT(*) FROM "personal_connections"  WHERE "personal_connections"."verb_id" = $1[0m  [["verb_id", 762]]
11:08:35 web.1  |   [1m[35m (0.2ms)[0m  SELECT COUNT(*) FROM "personal_connections"  WHERE "personal_connections"."verb_id" = $1  [["verb_id", 282]]
11:08:35 web.1  |   [1m[36m (0.3ms)[0m  [1mSELECT COUNT(*) FROM "personal_connections"  WHERE "personal_connections"."verb_id" = $1[0m  [["verb_id", 1462]]
11:08:35 web.1  |   [1m[35m (0.2ms)[0m  SELECT COUNT(*) FROM "personal_connections"  WHERE "personal_connections"."verb_id" = $1  [["verb_id", 1366]]
11:08:35 web.1  |   [1m[35m (0.4ms)[0m  SELECT COUNT(*) FROM "personal_connections"  WHERE "personal_connections"."verb_id" = $1  [["verb_id", 912]]
11:08:35 web.1  |   [1m[36m (0.5ms)[0m  [1mSELECT COUNT(*) FROM "personal_connections"  WHERE "personal_connections"."verb_id" = $1[0m  [["verb_id", 1367]]
11:08:35 web.1  |   [1m[36m (0.5ms)[0m  [1mSELECT COUNT(*) FROM "personal_connections"  WHERE "personal_connections"."verb_id" = $1[0m  [["verb_id", 256]]
11:08:35 web.1  |   [1m[35m (0.4ms)[0m  SELECT COUNT(*) FROM "personal_connections"  WHERE "personal_connections"."verb_id" = $1  [["verb_id", 1270]]
11:08:35 web.1  |   [1m[35m (0.4ms)[0m  SELECT COUNT(*) FROM "personal_connections"  WHERE "personal_connections"."verb_id" = $1  [["verb_id", 478]]
11:08:35 web.1  |   [1m[36m (0.3ms)[0m  [1mSELECT COUNT(*) FROM "personal_connections"  WHERE "personal_connections"."verb_id" = $1[0m  [["verb_id", 1135]]
11:08:35 web.1  |   [1m[35m (0.3ms)[0m  SELECT COUNT(*) FROM "personal_connections"  WHERE "personal_connections"."verb_id" = $1  [["verb_id", 282]]
11:08:35 web.1  |   [1m[36m (0.3ms)[0m  [1mSELECT COUNT(*) FROM "personal_connections"  WHERE "personal_connections"."verb_id" = $1[0m  [["verb_id", 1441]]
11:08:35 web.1  |   [1m[35m (0.4ms)[0m  SELECT COUNT(*) FROM "personal_connections"  WHERE "personal_connections"."verb_id" = $1  [["verb_id", 1545]]
11:08:35 web.1  |   [1m[36m (0.5ms)[0m  [1mSELECT COUNT(*) FROM "personal_connections"  WHERE "personal_connections"."verb_id" = $1[0m  [["verb_id", 1462]]
11:08:35 web.1  |   [1m[36m (0.6ms)[0m  [1mSELECT COUNT(*) FROM "personal_connections"  WHERE "personal_connections"."verb_id" = $1[0m  [["verb_id", 424]]
11:08:35 web.1  |   [1m[35m (0.5ms)[0m  SELECT COUNT(*) FROM "personal_connections"  WHERE "personal_connections"."verb_id" = $1  [["verb_id", 912]]
11:08:35 web.1  |   [1m[35m (0.6ms)[0m  SELECT COUNT(*) FROM "personal_connections"  WHERE "personal_connections"."verb_id" = $1  [["verb_id", 306]]
11:08:35 web.1  |   [1m[36m (0.5ms)[0m  [1mSELECT COUNT(*) FROM "personal_connections"  WHERE "personal_connections"."verb_id" = $1[0m  [["verb_id", 256]]
11:08:35 web.1  |   [1m[36m (0.5ms)[0m  [1mSELECT COUNT(*) FROM "personal_connections"  WHERE "personal_connections"."verb_id" = $1[0m  [["verb_id", 1259]]
11:08:35 web.1  |   [1m[35m (0.5ms)[0m  SELECT COUNT(*) FROM "personal_connections"  WHERE "personal_connections"."verb_id" = $1  [["verb_id", 478]]
11:08:35 web.1  |   [1m[35m (0.6ms)[0m  SELECT COUNT(*) FROM "personal_connections"  WHERE "personal_connections"."verb_id" = $1  [["verb_id", 884]]
11:08:35 web.1  |   [1m[36m (0.5ms)[0m  [1mSELECT COUNT(*) FROM "personal_connections"  WHERE "personal_connections"."verb_id" = $1[0m  [["verb_id", 1441]]
11:08:35 web.1  |   [1m[36m (0.3ms)[0m  [1mSELECT COUNT(*) FROM "personal_connections"  WHERE "personal_connections"."verb_id" = $1[0m  [["verb_id", 1025]]
11:08:35 web.1  |   [1m[35m (0.5ms)[0m  SELECT COUNT(*) FROM "personal_connections"  WHERE "personal_connections"."verb_id" = $1  [["verb_id", 1545]]
11:08:35 web.1  |   [1m[35m (0.5ms)[0m  SELECT COUNT(*) FROM "personal_connections"  WHERE "personal_connections"."verb_id" = $1  [["verb_id", 378]]
11:08:35 web.1  |   [1m[36m (0.6ms)[0m  [1mSELECT COUNT(*) FROM "personal_connections"  WHERE "personal_connections"."verb_id" = $1[0m  [["verb_id", 424]]
11:08:35 web.1  |   [1m[36m (0.3ms)[0m  [1mSELECT COUNT(*) FROM "personal_connections"  WHERE "personal_connections"."verb_id" = $1[0m  [["verb_id", 165]]
11:08:35 web.1  |   [1m[35m (0.3ms)[0m  SELECT COUNT(*) FROM "personal_connections"  WHERE "personal_connections"."verb_id" = $1  [["verb_id", 306]]
11:08:35 web.1  |   [1m[36m (0.3ms)[0m  [1mSELECT COUNT(*) FROM "personal_connections"  WHERE "personal_connections"."verb_id" = $1[0m  [["verb_id", 1259]]
11:08:35 web.1  |   [1m[35m (0.4ms)[0m  SELECT COUNT(*) FROM "personal_connections"  WHERE "personal_connections"."verb_id" = $1  [["verb_id", 884]]
11:08:35 web.1  |   [1m[35m (0.3ms)[0m  SELECT COUNT(*) FROM "personal_connections"  WHERE "personal_connections"."verb_id" = $1  [["verb_id", 1113]]
11:08:35 web.1  |   [1m[36m (0.3ms)[0m  [1mSELECT COUNT(*) FROM "personal_connections"  WHERE "personal_connections"."verb_id" = $1[0m  [["verb_id", 1025]]
11:08:35 web.1  |   [1m[35m (0.3ms)[0m  SELECT COUNT(*) FROM "personal_connections"  WHERE "personal_connections"."verb_id" = $1  [["verb_id", 378]]
11:08:35 web.1  |   [1m[36m (0.3ms)[0m  [1mSELECT COUNT(*) FROM "personal_connections"  WHERE "personal_connections"."verb_id" = $1[0m  [["verb_id", 165]]
11:08:35 web.1  |   [1m[35m (0.3ms)[0m  SELECT COUNT(*) FROM "personal_connections"  WHERE "personal_connections"."verb_id" = $1  [["verb_id", 1113]]
11:08:35 web.1  |   [1m[36m (23.9ms)[0m  [1mSELECT COUNT(*) FROM "personal_connections"  WHERE "personal_connections"."verb_id" = $1[0m  [["verb_id", 1]]
11:08:35 web.1  |   [1m[36m (1.6ms)[0m  [1mSELECT COUNT(*) FROM "personal_connections"  WHERE "personal_connections"."verb_id" = $1[0m  [["verb_id", 1]]
11:08:35 web.1  |   [1m[35m (0.6ms)[0m  SELECT COUNT(*) FROM "personal_connections"  WHERE "personal_connections"."verb_id" = $1  [["verb_id", 1151]]
11:08:35 web.1  |   [1m[36m (0.6ms)[0m  [1mSELECT COUNT(*) FROM "personal_connections"  WHERE "personal_connections"."verb_id" = $1[0m  [["verb_id", 1426]]
11:08:35 web.1  |   [1m[35m (0.4ms)[0m  SELECT COUNT(*) FROM "personal_connections"  WHERE "personal_connections"."verb_id" = $1  [["verb_id", 1435]]
11:08:35 web.1  |   [1m[35m (0.5ms)[0m  SELECT COUNT(*) FROM "personal_connections"  WHERE "personal_connections"."verb_id" = $1  [["verb_id", 1151]]
11:08:35 web.1  |   [1m[36m (0.4ms)[0m  [1mSELECT COUNT(*) FROM "personal_connections"  WHERE "personal_connections"."verb_id" = $1[0m  [["verb_id", 1333]]
11:08:35 web.1  |   [1m[36m (0.3ms)[0m  [1mSELECT COUNT(*) FROM "personal_connections"  WHERE "personal_connections"."verb_id" = $1[0m  [["verb_id", 1426]]
11:08:35 web.1  |   [1m[35m (0.4ms)[0m  SELECT COUNT(*) FROM "personal_connections"  WHERE "personal_connections"."verb_id" = $1  [["verb_id", 1383]]
11:08:35 web.1  |   [1m[35m (0.5ms)[0m  SELECT COUNT(*) FROM "personal_connections"  WHERE "personal_connections"."verb_id" = $1  [["verb_id", 1435]]
11:08:35 web.1  |   [1m[36m (0.3ms)[0m  [1mSELECT COUNT(*) FROM "personal_connections"  WHERE "personal_connections"."verb_id" = $1[0m  [["verb_id", 1328]]
11:08:35 web.1  |   [1m[36m (0.3ms)[0m  [1mSELECT COUNT(*) FROM "personal_connections"  WHERE "personal_connections"."verb_id" = $1[0m  [["verb_id", 1333]]
11:08:35 web.1  |   [1m[35m (0.4ms)[0m  SELECT COUNT(*) FROM "personal_connections"  WHERE "personal_connections"."verb_id" = $1  [["verb_id", 534]]
11:08:35 web.1  |   [1m[35m (0.5ms)[0m  SELECT COUNT(*) FROM "personal_connections"  WHERE "personal_connections"."verb_id" = $1  [["verb_id", 1383]]
11:08:35 web.1  |   [1m[36m (0.3ms)[0m  [1mSELECT COUNT(*) FROM "personal_connections"  WHERE "personal_connections"."verb_id" = $1[0m  [["verb_id", 334]]
11:08:35 web.1  |   [1m[36m (1.3ms)[0m  [1mSELECT COUNT(*) FROM "personal_connections"  WHERE "personal_connections"."verb_id" = $1[0m  [["verb_id", 1328]]
11:08:35 web.1  |   [1m[35m (0.6ms)[0m  SELECT COUNT(*) FROM "personal_connections"  WHERE "personal_connections"."verb_id" = $1  [["verb_id", 2]]
11:08:35 web.1  |   [1m[35m (0.5ms)[0m  SELECT COUNT(*) FROM "personal_connections"  WHERE "personal_connections"."verb_id" = $1  [["verb_id", 534]]
11:08:35 web.1  |   [1m[36m (0.2ms)[0m  [1mSELECT COUNT(*) FROM "personal_connections"  WHERE "personal_connections"."verb_id" = $1[0m  [["verb_id", 1120]]
11:08:35 web.1  |   [1m[35m (0.5ms)[0m  SELECT COUNT(*) FROM "personal_connections"  WHERE "personal_connections"."verb_id" = $1  [["verb_id", 844]]
11:08:35 web.1  |   [1m[36m (0.3ms)[0m  [1mSELECT COUNT(*) FROM "personal_connections"  WHERE "personal_connections"."verb_id" = $1[0m  [["verb_id", 334]]
11:08:35 web.1  |   [1m[36m (0.3ms)[0m  [1mSELECT COUNT(*) FROM "personal_connections"  WHERE "personal_connections"."verb_id" = $1[0m  [["verb_id", 1210]]
11:08:35 web.1  |   [1m[35m (0.5ms)[0m  SELECT COUNT(*) FROM "personal_connections"  WHERE "personal_connections"."verb_id" = $1  [["verb_id", 2]]
11:08:35 web.1  |   [1m[35m (0.3ms)[0m  SELECT COUNT(*) FROM "personal_connections"  WHERE "personal_connections"."verb_id" = $1  [["verb_id", 1089]]
11:08:35 web.1  |   [1m[36m (0.3ms)[0m  [1mSELECT COUNT(*) FROM "personal_connections"  WHERE "personal_connections"."verb_id" = $1[0m  [["verb_id", 1120]]
11:08:35 web.1  |   [1m[36m (0.3ms)[0m  [1mSELECT COUNT(*) FROM "personal_connections"  WHERE "personal_connections"."verb_id" = $1[0m  [["verb_id", 314]]
11:08:35 web.1  |   [1m[35m (0.5ms)[0m  SELECT COUNT(*) FROM "personal_connections"  WHERE "personal_connections"."verb_id" = $1  [["verb_id", 844]]
11:08:35 web.1  |   [1m[35m (0.3ms)[0m  SELECT COUNT(*) FROM "personal_connections"  WHERE "personal_connections"."verb_id" = $1  [["verb_id", 205]]
11:08:35 web.1  |   [1m[36m (0.3ms)[0m  [1mSELECT COUNT(*) FROM "personal_connections"  WHERE "personal_connections"."verb_id" = $1[0m  [["verb_id", 1210]]
11:08:35 web.1  |   [1m[36m (0.3ms)[0m  [1mSELECT COUNT(*) FROM "personal_connections"  WHERE "personal_connections"."verb_id" = $1[0m  [["verb_id", 703]]
11:08:35 web.1  |   [1m[35m (0.4ms)[0m  SELECT COUNT(*) FROM "personal_connections"  WHERE "personal_connections"."verb_id" = $1  [["verb_id", 1089]]
11:08:35 web.1  |   [1m[35m (0.3ms)[0m  SELECT COUNT(*) FROM "personal_connections"  WHERE "personal_connections"."verb_id" = $1  [["verb_id", 1219]]
11:08:35 web.1  |   [1m[36m (0.3ms)[0m  [1mSELECT COUNT(*) FROM "personal_connections"  WHERE "personal_connections"."verb_id" = $1[0m  [["verb_id", 314]]
11:08:35 web.1  |   [1m[36m (0.3ms)[0m  [1mSELECT COUNT(*) FROM "personal_connections"  WHERE "personal_connections"."verb_id" = $1[0m  [["verb_id", 640]]
11:08:35 web.1  |   [1m[35m (0.3ms)[0m  SELECT COUNT(*) FROM "personal_connections"  WHERE "personal_connections"."verb_id" = $1  [["verb_id", 205]]
11:08:35 web.1  |   [1m[35m (0.8ms)[0m  SELECT COUNT(*) FROM "personal_connections"  WHERE "personal_connections"."verb_id" = $1  [["verb_id", 248]]
11:08:35 web.1  |   [1m[36m (0.3ms)[0m  [1mSELECT COUNT(*) FROM "personal_connections"  WHERE "personal_connections"."verb_id" = $1[0m  [["verb_id", 703]]
11:08:35 web.1  |   [1m[36m (0.5ms)[0m  [1mSELECT COUNT(*) FROM "personal_connections"  WHERE "personal_connections"."verb_id" = $1[0m  [["verb_id", 781]]
11:08:35 web.1  |   [1m[35m (0.3ms)[0m  SELECT COUNT(*) FROM "personal_connections"  WHERE "personal_connections"."verb_id" = $1  [["verb_id", 1219]]
11:08:35 web.1  |   [1m[35m (0.5ms)[0m  SELECT COUNT(*) FROM "personal_connections"  WHERE "personal_connections"."verb_id" = $1  [["verb_id", 820]]
11:08:35 web.1  |   [1m[36m (0.3ms)[0m  [1mSELECT COUNT(*) FROM "personal_connections"  WHERE "personal_connections"."verb_id" = $1[0m  [["verb_id", 640]]
11:08:35 web.1  |   [1m[36m (0.3ms)[0m  [1mSELECT COUNT(*) FROM "personal_connections"  WHERE "personal_connections"."verb_id" = $1[0m  [["verb_id", 236]]
11:08:35 web.1  |   [1m[35m (0.6ms)[0m  SELECT COUNT(*) FROM "personal_connections"  WHERE "personal_connections"."verb_id" = $1  [["verb_id", 248]]
11:08:35 web.1  |   [1m[35m (0.5ms)[0m  SELECT COUNT(*) FROM "personal_connections"  WHERE "personal_connections"."verb_id" = $1  [["verb_id", 484]]
11:08:35 web.1  |   [1m[36m (0.3ms)[0m  [1mSELECT COUNT(*) FROM "personal_connections"  WHERE "personal_connections"."verb_id" = $1[0m  [["verb_id", 781]]
11:08:35 web.1  |   [1m[36m (0.3ms)[0m  [1mSELECT COUNT(*) FROM "personal_connections"  WHERE "personal_connections"."verb_id" = $1[0m  [["verb_id", 1238]]
11:08:35 web.1  |   [1m[35m (0.3ms)[0m  SELECT COUNT(*) FROM "personal_connections"  WHERE "personal_connections"."verb_id" = $1  [["verb_id", 820]]
11:08:35 web.1  |   [1m[35m (0.3ms)[0m  SELECT COUNT(*) FROM "personal_connections"  WHERE "personal_connections"."verb_id" = $1  [["verb_id", 1337]]
11:08:35 web.1  |   [1m[36m (0.2ms)[0m  [1mSELECT COUNT(*) FROM "personal_connections"  WHERE "personal_connections"."verb_id" = $1[0m  [["verb_id", 236]]
11:08:35 web.1  |   [1m[35m (0.3ms)[0m  SELECT COUNT(*) FROM "personal_connections"  WHERE "personal_connections"."verb_id" = $1  [["verb_id", 484]]
11:08:35 web.1  |   [1m[36m (0.3ms)[0m  [1mSELECT COUNT(*) FROM "personal_connections"  WHERE "personal_connections"."verb_id" = $1[0m  [["verb_id", 1365]]
11:08:35 web.1  |   [1m[36m (0.3ms)[0m  [1mSELECT COUNT(*) FROM "personal_connections"  WHERE "personal_connections"."verb_id" = $1[0m  [["verb_id", 1238]]
11:08:35 web.1  |   [1m[35m (0.2ms)[0m  SELECT COUNT(*) FROM "personal_connections"  WHERE "personal_connections"."verb_id" = $1  [["verb_id", 1417]]
11:08:35 web.1  |   [1m[35m (0.3ms)[0m  SELECT COUNT(*) FROM "personal_connections"  WHERE "personal_connections"."verb_id" = $1  [["verb_id", 1337]]
11:08:35 web.1  |   [1m[36m (0.3ms)[0m  [1mSELECT COUNT(*) FROM "personal_connections"  WHERE "personal_connections"."verb_id" = $1[0m  [["verb_id", 432]]
11:08:35 web.1  |   [1m[36m (0.3ms)[0m  [1mSELECT COUNT(*) FROM "personal_connections"  WHERE "personal_connections"."verb_id" = $1[0m  [["verb_id", 1365]]
11:08:35 web.1  |   [1m[35m (0.3ms)[0m  SELECT COUNT(*) FROM "personal_connections"  WHERE "personal_connections"."verb_id" = $1  [["verb_id", 697]]
11:08:35 web.1  |   [1m[35m (0.3ms)[0m  SELECT COUNT(*) FROM "personal_connections"  WHERE "personal_connections"."verb_id" = $1  [["verb_id", 1417]]
11:08:35 web.1  |   [1m[36m (0.3ms)[0m  [1mSELECT COUNT(*) FROM "personal_connections"  WHERE "personal_connections"."verb_id" = $1[0m  [["verb_id", 228]]
11:08:35 web.1  |   [1m[36m (0.4ms)[0m  [1mSELECT COUNT(*) FROM "personal_connections"  WHERE "personal_connections"."verb_id" = $1[0m  [["verb_id", 432]]
11:08:35 web.1  |   [1m[35m (0.3ms)[0m  SELECT COUNT(*) FROM "personal_connections"  WHERE "personal_connections"."verb_id" = $1  [["verb_id", 1530]]
11:08:35 web.1  |   [1m[35m (0.2ms)[0m  SELECT COUNT(*) FROM "personal_connections"  WHERE "personal_connections"."verb_id" = $1  [["verb_id", 697]]
11:08:35 web.1  |   [1m[36m (0.4ms)[0m  [1mSELECT COUNT(*) FROM "personal_connections"  WHERE "personal_connections"."verb_id" = $1[0m  [["verb_id", 228]]
11:08:35 web.1  |   [1m[36m (0.4ms)[0m  [1mSELECT COUNT(*) FROM "personal_connections"  WHERE "personal_connections"."verb_id" = $1[0m  [["verb_id", 1438]]
11:08:35 web.1  |   [1m[35m (0.3ms)[0m  SELECT COUNT(*) FROM "personal_connections"  WHERE "personal_connections"."verb_id" = $1  [["verb_id", 1530]]
11:08:35 web.1  |   [1m[35m (0.3ms)[0m  SELECT COUNT(*) FROM "personal_connections"  WHERE "personal_connections"."verb_id" = $1  [["verb_id", 61]]
11:08:35 web.1  |   [1m[36m (0.4ms)[0m  [1mSELECT COUNT(*) FROM "personal_connections"  WHERE "personal_connections"."verb_id" = $1[0m  [["verb_id", 1438]]
11:08:35 web.1  |   [1m[36m (0.3ms)[0m  [1mSELECT COUNT(*) FROM "personal_connections"  WHERE "personal_connections"."verb_id" = $1[0m  [["verb_id", 16]]
11:08:35 web.1  |   [1m[35m (0.3ms)[0m  SELECT COUNT(*) FROM "personal_connections"  WHERE "personal_connections"."verb_id" = $1  [["verb_id", 61]]
11:08:35 web.1  |   [1m[35m (0.3ms)[0m  SELECT COUNT(*) FROM "personal_connections"  WHERE "personal_connections"."verb_id" = $1  [["verb_id", 747]]
11:08:35 web.1  |   [1m[36m (0.3ms)[0m  [1mSELECT COUNT(*) FROM "personal_connections"  WHERE "personal_connections"."verb_id" = $1[0m  [["verb_id", 16]]
11:08:35 web.1  |   [1m[36m (0.3ms)[0m  [1mSELECT COUNT(*) FROM "personal_connections"  WHERE "personal_connections"."verb_id" = $1[0m  [["verb_id", 958]]
11:08:35 web.1  |   [1m[35m (0.3ms)[0m  SELECT COUNT(*) FROM "personal_connections"  WHERE "personal_connections"."verb_id" = $1  [["verb_id", 747]]
11:08:35 web.1  |   [1m[35m (0.3ms)[0m  SELECT COUNT(*) FROM "personal_connections"  WHERE "personal_connections"."verb_id" = $1  [["verb_id", 544]]
11:08:35 web.1  |   [1m[36m (0.3ms)[0m  [1mSELECT COUNT(*) FROM "personal_connections"  WHERE "personal_connections"."verb_id" = $1[0m  [["verb_id", 958]]
11:08:35 web.1  |   [1m[35m (0.3ms)[0m  SELECT COUNT(*) FROM "personal_connections"  WHERE "personal_connections"."verb_id" = $1  [["verb_id", 544]]
11:08:35 web.1  |   [1m[36m (0.2ms)[0m  [1mSELECT COUNT(*) FROM "personal_connections"  WHERE "personal_connections"."verb_id" = $1[0m  [["verb_id", 1009]]
11:08:35 web.1  |   [1m[36m (0.3ms)[0m  [1mSELECT COUNT(*) FROM "personal_connections"  WHERE "personal_connections"."verb_id" = $1[0m  [["verb_id", 1009]]
11:08:35 web.1  |   [1m[35m (0.5ms)[0m  SELECT COUNT(*) FROM "personal_connections"  WHERE "personal_connections"."verb_id" = $1  [["verb_id", 1040]]
11:08:35 web.1  |   [1m[35m (0.3ms)[0m  SELECT COUNT(*) FROM "personal_connections"  WHERE "personal_connections"."verb_id" = $1  [["verb_id", 1040]]
11:08:35 web.1  |   [1m[36m (0.3ms)[0m  [1mSELECT COUNT(*) FROM "personal_connections"  WHERE "personal_connections"."verb_id" = $1[0m  [["verb_id", 296]]
11:08:35 web.1  |   [1m[36m (0.3ms)[0m  [1mSELECT COUNT(*) FROM "personal_connections"  WHERE "personal_connections"."verb_id" = $1[0m  [["verb_id", 296]]
11:08:35 web.1  |   [1m[35m (0.3ms)[0m  SELECT COUNT(*) FROM "personal_connections"  WHERE "personal_connections"."verb_id" = $1  [["verb_id", 696]]
11:08:35 web.1  |   [1m[35m (0.3ms)[0m  SELECT COUNT(*) FROM "personal_connections"  WHERE "personal_connections"."verb_id" = $1  [["verb_id", 696]]
11:08:35 web.1  |   [1m[36m (0.3ms)[0m  [1mSELECT COUNT(*) FROM "personal_connections"  WHERE "personal_connections"."verb_id" = $1[0m  [["verb_id", 1103]]
11:08:35 web.1  |   [1m[36m (0.3ms)[0m  [1mSELECT COUNT(*) FROM "personal_connections"  WHERE "personal_connections"."verb_id" = $1[0m  [["verb_id", 1103]]
11:08:35 web.1  |   [1m[35m (0.3ms)[0m  SELECT COUNT(*) FROM "personal_connections"  WHERE "personal_connections"."verb_id" = $1  [["verb_id", 757]]
11:08:35 web.1  |   [1m[35m (0.3ms)[0m  SELECT COUNT(*) FROM "personal_connections"  WHERE "personal_connections"."verb_id" = $1  [["verb_id", 757]]
11:08:35 web.1  |   [1m[36m (0.3ms)[0m  [1mSELECT COUNT(*) FROM "personal_connections"  WHERE "personal_connections"."verb_id" = $1[0m  [["verb_id", 488]]
11:08:35 web.1  |   [1m[36m (0.3ms)[0m  [1mSELECT COUNT(*) FROM "personal_connections"  WHERE "personal_connections"."verb_id" = $1[0m  [["verb_id", 488]]
11:08:35 web.1  |   [1m[35m (0.5ms)[0m  SELECT COUNT(*) FROM "personal_connections"  WHERE "personal_connections"."verb_id" = $1  [["verb_id", 840]]
11:08:35 web.1  |   [1m[35m (0.3ms)[0m  SELECT COUNT(*) FROM "personal_connections"  WHERE "personal_connections"."verb_id" = $1  [["verb_id", 840]]
11:08:35 web.1  |   [1m[36m (0.3ms)[0m  [1mSELECT COUNT(*) FROM "personal_connections"  WHERE "personal_connections"."verb_id" = $1[0m  [["verb_id", 817]]
11:08:35 web.1  |   [1m[36m (0.4ms)[0m  [1mSELECT COUNT(*) FROM "personal_connections"  WHERE "personal_connections"."verb_id" = $1[0m  [["verb_id", 817]]
11:08:35 web.1  |   [1m[35m (0.3ms)[0m  SELECT COUNT(*) FROM "personal_connections"  WHERE "personal_connections"."verb_id" = $1  [["verb_id", 1565]]
11:08:35 web.1  |   [1m[36m (0.3ms)[0m  [1mSELECT COUNT(*) FROM "personal_connections"  WHERE "personal_connections"."verb_id" = $1[0m  [["verb_id", 1173]]
11:08:35 web.1  |   [1m[35m (0.2ms)[0m  SELECT COUNT(*) FROM "personal_connections"  WHERE "personal_connections"."verb_id" = $1  [["verb_id", 1565]]
11:08:35 web.1  |   [1m[35m (0.6ms)[0m  SELECT COUNT(*) FROM "personal_connections"  WHERE "personal_connections"."verb_id" = $1  [["verb_id", 1564]]
11:08:35 web.1  |   [1m[36m (0.3ms)[0m  [1mSELECT COUNT(*) FROM "personal_connections"  WHERE "personal_connections"."verb_id" = $1[0m  [["verb_id", 1173]]
11:08:35 web.1  |   [1m[36m (0.3ms)[0m  [1mSELECT COUNT(*) FROM "personal_connections"  WHERE "personal_connections"."verb_id" = $1[0m  [["verb_id", 1095]]
11:08:35 web.1  |   [1m[35m (0.3ms)[0m  SELECT COUNT(*) FROM "personal_connections"  WHERE "personal_connections"."verb_id" = $1  [["verb_id", 1564]]
11:08:35 web.1  |   [1m[35m (0.3ms)[0m  SELECT COUNT(*) FROM "personal_connections"  WHERE "personal_connections"."verb_id" = $1  [["verb_id", 739]]
11:08:35 web.1  |   [1m[36m (0.3ms)[0m  [1mSELECT COUNT(*) FROM "personal_connections"  WHERE "personal_connections"."verb_id" = $1[0m  [["verb_id", 1095]]
11:08:35 web.1  |   [1m[36m (0.3ms)[0m  [1mSELECT COUNT(*) FROM "personal_connections"  WHERE "personal_connections"."verb_id" = $1[0m  [["verb_id", 1310]]
11:08:35 web.1  |   [1m[35m (0.3ms)[0m  SELECT COUNT(*) FROM "personal_connections"  WHERE "personal_connections"."verb_id" = $1  [["verb_id", 739]]
11:08:35 web.1  |   [1m[35m (0.3ms)[0m  SELECT COUNT(*) FROM "personal_connections"  WHERE "personal_connections"."verb_id" = $1  [["verb_id", 738]]
11:08:35 web.1  |   [1m[36m (0.3ms)[0m  [1mSELECT COUNT(*) FROM "personal_connections"  WHERE "personal_connections"."verb_id" = $1[0m  [["verb_id", 1310]]
11:08:35 web.1  |   [1m[36m (0.3ms)[0m  [1mSELECT COUNT(*) FROM "personal_connections"  WHERE "personal_connections"."verb_id" = $1[0m  [["verb_id", 1139]]
11:08:35 web.1  |   [1m[35m (0.3ms)[0m  SELECT COUNT(*) FROM "personal_connections"  WHERE "personal_connections"."verb_id" = $1  [["verb_id", 738]]
11:08:35 web.1  |   [1m[35m (0.3ms)[0m  SELECT COUNT(*) FROM "personal_connections"  WHERE "personal_connections"."verb_id" = $1  [["verb_id", 728]]
11:08:35 web.1  |   [1m[36m (0.3ms)[0m  [1mSELECT COUNT(*) FROM "personal_connections"  WHERE "personal_connections"."verb_id" = $1[0m  [["verb_id", 1138]]
11:08:35 web.1  |   [1m[36m (0.3ms)[0m  [1mSELECT COUNT(*) FROM "personal_connections"  WHERE "personal_connections"."verb_id" = $1[0m  [["verb_id", 1139]]
11:08:35 web.1  |   [1m[35m (0.3ms)[0m  SELECT COUNT(*) FROM "personal_connections"  WHERE "personal_connections"."verb_id" = $1  [["verb_id", 727]]
11:08:35 web.1  |   [1m[35m (0.3ms)[0m  SELECT COUNT(*) FROM "personal_connections"  WHERE "personal_connections"."verb_id" = $1  [["verb_id", 728]]
11:08:35 web.1  |   [1m[36m (0.3ms)[0m  [1mSELECT COUNT(*) FROM "personal_connections"  WHERE "personal_connections"."verb_id" = $1[0m  [["verb_id", 868]]
11:08:35 web.1  |   [1m[36m (0.3ms)[0m  [1mSELECT COUNT(*) FROM "personal_connections"  WHERE "personal_connections"."verb_id" = $1[0m  [["verb_id", 1138]]
11:08:35 web.1  |   [1m[35m (0.3ms)[0m  SELECT COUNT(*) FROM "personal_connections"  WHERE "personal_connections"."verb_id" = $1  [["verb_id", 1063]]
11:08:35 web.1  |   [1m[35m (0.3ms)[0m  SELECT COUNT(*) FROM "personal_connections"  WHERE "personal_connections"."verb_id" = $1  [["verb_id", 727]]
11:08:35 web.1  |   [1m[36m (0.3ms)[0m  [1mSELECT COUNT(*) FROM "personal_connections"  WHERE "personal_connections"."verb_id" = $1[0m  [["verb_id", 973]]
11:08:35 web.1  |   [1m[36m (0.3ms)[0m  [1mSELECT COUNT(*) FROM "personal_connections"  WHERE "personal_connections"."verb_id" = $1[0m  [["verb_id", 868]]
11:08:35 web.1  |   [1m[35m (0.2ms)[0m  SELECT COUNT(*) FROM "personal_connections"  WHERE "personal_connections"."verb_id" = $1  [["verb_id", 872]]
11:08:35 web.1  |   [1m[36m (0.3ms)[0m  [1mSELECT COUNT(*) FROM "personal_connections"  WHERE "personal_connections"."verb_id" = $1[0m  [["verb_id", 161]]
11:08:35 web.1  |   [1m[35m (0.2ms)[0m  SELECT COUNT(*) FROM "personal_connections"  WHERE "personal_connections"."verb_id" = $1  [["verb_id", 1063]]
11:08:35 web.1  |   [1m[35m (0.4ms)[0m  SELECT COUNT(*) FROM "personal_connections"  WHERE "personal_connections"."verb_id" = $1  [["verb_id", 482]]
11:08:35 web.1  |   [1m[36m (0.3ms)[0m  [1mSELECT COUNT(*) FROM "personal_connections"  WHERE "personal_connections"."verb_id" = $1[0m  [["verb_id", 973]]
11:08:35 web.1  |   [1m[36m (0.4ms)[0m  [1mSELECT COUNT(*) FROM "personal_connections"  WHERE "personal_connections"."verb_id" = $1[0m  [["verb_id", 416]]
11:08:35 web.1  |   [1m[35m (0.3ms)[0m  SELECT COUNT(*) FROM "personal_connections"  WHERE "personal_connections"."verb_id" = $1  [["verb_id", 872]]
11:08:35 web.1  |   [1m[35m (0.9ms)[0m  SELECT COUNT(*) FROM "personal_connections"  WHERE "personal_connections"."verb_id" = $1  [["verb_id", 877]]
11:08:35 web.1  |   [1m[36m (0.3ms)[0m  [1mSELECT COUNT(*) FROM "personal_connections"  WHERE "personal_connections"."verb_id" = $1[0m  [["verb_id", 161]]
11:08:35 web.1  |   [1m[36m (0.3ms)[0m  [1mSELECT COUNT(*) FROM "personal_connections"  WHERE "personal_connections"."verb_id" = $1[0m  [["verb_id", 1460]]
11:08:35 web.1  |   [1m[35m (0.3ms)[0m  SELECT COUNT(*) FROM "personal_connections"  WHERE "personal_connections"."verb_id" = $1  [["verb_id", 482]]
11:08:35 web.1  |   [1m[35m (0.4ms)[0m  SELECT COUNT(*) FROM "personal_connections"  WHERE "personal_connections"."verb_id" = $1  [["verb_id", 510]]
11:08:35 web.1  |   [1m[36m (0.4ms)[0m  [1mSELECT COUNT(*) FROM "personal_connections"  WHERE "personal_connections"."verb_id" = $1[0m  [["verb_id", 416]]
11:08:35 web.1  |   [1m[36m (0.3ms)[0m  [1mSELECT COUNT(*) FROM "personal_connections"  WHERE "personal_connections"."verb_id" = $1[0m  [["verb_id", 779]]
11:08:35 web.1  |   [1m[35m (0.3ms)[0m  SELECT COUNT(*) FROM "personal_connections"  WHERE "personal_connections"."verb_id" = $1  [["verb_id", 877]]
11:08:35 web.1  |   [1m[35m (0.2ms)[0m  SELECT COUNT(*) FROM "personal_connections"  WHERE "personal_connections"."verb_id" = $1  [["verb_id", 594]]
11:08:35 web.1  |   [1m[36m (0.3ms)[0m  [1mSELECT COUNT(*) FROM "personal_connections"  WHERE "personal_connections"."verb_id" = $1[0m  [["verb_id", 717]]
11:08:35 web.1  |   [1m[36m (0.3ms)[0m  [1mSELECT COUNT(*) FROM "personal_connections"  WHERE "personal_connections"."verb_id" = $1[0m  [["verb_id", 1460]]
11:08:35 web.1  |   [1m[35m (0.3ms)[0m  SELECT COUNT(*) FROM "personal_connections"  WHERE "personal_connections"."verb_id" = $1  [["verb_id", 718]]
11:08:35 web.1  |   [1m[35m (0.5ms)[0m  SELECT COUNT(*) FROM "personal_connections"  WHERE "personal_connections"."verb_id" = $1  [["verb_id", 510]]
11:08:35 web.1  |   [1m[36m (0.3ms)[0m  [1mSELECT COUNT(*) FROM "personal_connections"  WHERE "personal_connections"."verb_id" = $1[0m  [["verb_id", 1059]]
11:08:35 web.1  |   [1m[36m (0.5ms)[0m  [1mSELECT COUNT(*) FROM "personal_connections"  WHERE "personal_connections"."verb_id" = $1[0m  [["verb_id", 779]]
11:08:35 web.1  |   [1m[35m (0.4ms)[0m  SELECT COUNT(*) FROM "personal_connections"  WHERE "personal_connections"."verb_id" = $1  [["verb_id", 1057]]
11:08:35 web.1  |   [1m[35m (0.3ms)[0m  SELECT COUNT(*) FROM "personal_connections"  WHERE "personal_connections"."verb_id" = $1  [["verb_id", 594]]
11:08:35 web.1  |   [1m[36m (0.3ms)[0m  [1mSELECT COUNT(*) FROM "personal_connections"  WHERE "personal_connections"."verb_id" = $1[0m  [["verb_id", 1058]]
11:08:35 web.1  |   [1m[36m (0.3ms)[0m  [1mSELECT COUNT(*) FROM "personal_connections"  WHERE "personal_connections"."verb_id" = $1[0m  [["verb_id", 717]]
11:08:35 web.1  |   [1m[35m (0.4ms)[0m  SELECT COUNT(*) FROM "personal_connections"  WHERE "personal_connections"."verb_id" = $1  [["verb_id", 1060]]
11:08:35 web.1  |   [1m[35m (0.3ms)[0m  SELECT COUNT(*) FROM "personal_connections"  WHERE "personal_connections"."verb_id" = $1  [["verb_id", 718]]
11:08:35 web.1  |   [1m[36m (0.3ms)[0m  [1mSELECT COUNT(*) FROM "personal_connections"  WHERE "personal_connections"."verb_id" = $1[0m  [["verb_id", 1055]]
11:08:35 web.1  |   [1m[36m (0.4ms)[0m  [1mSELECT COUNT(*) FROM "personal_connections"  WHERE "personal_connections"."verb_id" = $1[0m  [["verb_id", 1059]]
11:08:35 web.1  |   [1m[35m (0.3ms)[0m  SELECT COUNT(*) FROM "personal_connections"  WHERE "personal_connections"."verb_id" = $1  [["verb_id", 1056]]
11:08:35 web.1  |   [1m[35m (0.4ms)[0m  SELECT COUNT(*) FROM "personal_connections"  WHERE "personal_connections"."verb_id" = $1  [["verb_id", 1057]]
11:08:35 web.1  |   [1m[36m (0.3ms)[0m  [1mSELECT COUNT(*) FROM "personal_connections"  WHERE "personal_connections"."verb_id" = $1[0m  [["verb_id", 1058]]
11:08:35 web.1  |   [1m[36m (0.3ms)[0m  [1mSELECT COUNT(*) FROM "personal_connections"  WHERE "personal_connections"."verb_id" = $1[0m  [["verb_id", 1061]]
11:08:35 web.1  |   [1m[35m (0.3ms)[0m  SELECT COUNT(*) FROM "personal_connections"  WHERE "personal_connections"."verb_id" = $1  [["verb_id", 12]]
11:08:35 web.1  |   [1m[36m (0.4ms)[0m  [1mSELECT COUNT(*) FROM "personal_connections"  WHERE "personal_connections"."verb_id" = $1[0m  [["verb_id", 1412]]
11:08:35 web.1  |   [1m[35m (0.4ms)[0m  SELECT COUNT(*) FROM "personal_connections"  WHERE "personal_connections"."verb_id" = $1  [["verb_id", 1060]]
11:08:35 web.1  |   [1m[35m (0.3ms)[0m  SELECT COUNT(*) FROM "personal_connections"  WHERE "personal_connections"."verb_id" = $1  [["verb_id", 1505]]
11:08:35 web.1  |   [1m[36m (0.3ms)[0m  [1mSELECT COUNT(*) FROM "personal_connections"  WHERE "personal_connections"."verb_id" = $1[0m  [["verb_id", 1055]]
11:08:35 web.1  |   [1m[36m (0.3ms)[0m  [1mSELECT COUNT(*) FROM "personal_connections"  WHERE "personal_connections"."verb_id" = $1[0m  [["verb_id", 1096]]
11:08:35 web.1  |   [1m[35m (0.3ms)[0m  SELECT COUNT(*) FROM "personal_connections"  WHERE "personal_connections"."verb_id" = $1  [["verb_id", 1056]]
11:08:35 web.1  |   [1m[35m (0.3ms)[0m  SELECT COUNT(*) FROM "personal_connections"  WHERE "personal_connections"."verb_id" = $1  [["verb_id", 1492]]
11:08:35 web.1  |   [1m[36m (0.3ms)[0m  [1mSELECT COUNT(*) FROM "personal_connections"  WHERE "personal_connections"."verb_id" = $1[0m  [["verb_id", 1061]]
11:08:35 web.1  |   [1m[36m (0.2ms)[0m  [1mSELECT COUNT(*) FROM "personal_connections"  WHERE "personal_connections"."verb_id" = $1[0m  [["verb_id", 105]]
11:08:35 web.1  |   [1m[35m (0.3ms)[0m  SELECT COUNT(*) FROM "personal_connections"  WHERE "personal_connections"."verb_id" = $1  [["verb_id", 1293]]
11:08:35 web.1  |   [1m[35m (0.2ms)[0m  SELECT COUNT(*) FROM "personal_connections"  WHERE "personal_connections"."verb_id" = $1  [["verb_id", 12]]
11:08:36 web.1  |   [1m[36m (0.3ms)[0m  [1mSELECT COUNT(*) FROM "personal_connections"  WHERE "personal_connections"."verb_id" = $1[0m  [["verb_id", 1020]]
11:08:36 web.1  |   [1m[36m (0.3ms)[0m  [1mSELECT COUNT(*) FROM "personal_connections"  WHERE "personal_connections"."verb_id" = $1[0m  [["verb_id", 1412]]
11:08:36 web.1  |   [1m[35m (0.3ms)[0m  SELECT COUNT(*) FROM "personal_connections"  WHERE "personal_connections"."verb_id" = $1  [["verb_id", 1351]]
11:08:36 web.1  |   [1m[35m (0.3ms)[0m  SELECT COUNT(*) FROM "personal_connections"  WHERE "personal_connections"."verb_id" = $1  [["verb_id", 1505]]
11:08:36 web.1  |   [1m[36m (0.3ms)[0m  [1mSELECT COUNT(*) FROM "personal_connections"  WHERE "personal_connections"."verb_id" = $1[0m  [["verb_id", 737]]
11:08:36 web.1  |   [1m[36m (0.3ms)[0m  [1mSELECT COUNT(*) FROM "personal_connections"  WHERE "personal_connections"."verb_id" = $1[0m  [["verb_id", 1096]]
11:08:36 web.1  |   [1m[35m (0.3ms)[0m  SELECT COUNT(*) FROM "personal_connections"  WHERE "personal_connections"."verb_id" = $1  [["verb_id", 11]]
11:08:36 web.1  |   [1m[35m (0.3ms)[0m  SELECT COUNT(*) FROM "personal_connections"  WHERE "personal_connections"."verb_id" = $1  [["verb_id", 1492]]
11:08:36 web.1  |   [1m[36m (0.3ms)[0m  [1mSELECT COUNT(*) FROM "personal_connections"  WHERE "personal_connections"."verb_id" = $1[0m  [["verb_id", 742]]
11:08:36 web.1  |   [1m[35m (0.3ms)[0m  SELECT COUNT(*) FROM "personal_connections"  WHERE "personal_connections"."verb_id" = $1  [["verb_id", 414]]
11:08:36 web.1  |   [1m[36m (0.2ms)[0m  [1mSELECT COUNT(*) FROM "personal_connections"  WHERE "personal_connections"."verb_id" = $1[0m  [["verb_id", 105]]
11:08:36 web.1  |   [1m[35m (0.3ms)[0m  SELECT COUNT(*) FROM "personal_connections"  WHERE "personal_connections"."verb_id" = $1  [["verb_id", 1293]]
11:08:36 web.1  |   [1m[36m (0.3ms)[0m  [1mSELECT COUNT(*) FROM "personal_connections"  WHERE "personal_connections"."verb_id" = $1[0m  [["verb_id", 753]]
11:08:36 web.1  |   [1m[36m (0.3ms)[0m  [1mSELECT COUNT(*) FROM "personal_connections"  WHERE "personal_connections"."verb_id" = $1[0m  [["verb_id", 1020]]
11:08:36 web.1  |   [1m[35m (0.3ms)[0m  SELECT COUNT(*) FROM "personal_connections"  WHERE "personal_connections"."verb_id" = $1  [["verb_id", 1351]]
11:08:36 web.1  |   [1m[36m (0.3ms)[0m  [1mSELECT COUNT(*) FROM "personal_connections"  WHERE "personal_connections"."verb_id" = $1[0m  [["verb_id", 737]]
11:08:36 web.1  |   [1m[35m (0.6ms)[0m  SELECT COUNT(*) FROM "personal_connections"  WHERE "personal_connections"."verb_id" = $1  [["verb_id", 11]]
11:08:36 web.1  |   [1m[36m (0.3ms)[0m  [1mSELECT COUNT(*) FROM "personal_connections"  WHERE "personal_connections"."verb_id" = $1[0m  [["verb_id", 742]]
11:08:36 web.1  |   [1m[35m (0.3ms)[0m  SELECT COUNT(*) FROM "personal_connections"  WHERE "personal_connections"."verb_id" = $1  [["verb_id", 414]]
11:08:36 web.1  |   [1m[36m (0.4ms)[0m  [1mSELECT COUNT(*) FROM "personal_connections"  WHERE "personal_connections"."verb_id" = $1[0m  [["verb_id", 753]]
11:08:36 web.1  |   [1m[35m (0.4ms)[0m  SELECT COUNT(*) FROM "personal_connections"  WHERE "personal_connections"."verb_id" = $1  [["verb_id", 849]]
11:08:36 web.1  |   [1m[36m (0.6ms)[0m  [1mSELECT COUNT(*) FROM "personal_connections"  WHERE "personal_connections"."verb_id" = $1[0m  [["verb_id", 714]]
11:08:36 web.1  |   [1m[35m (0.4ms)[0m  SELECT COUNT(*) FROM "personal_connections"  WHERE "personal_connections"."verb_id" = $1  [["verb_id", 711]]
11:08:36 web.1  |   [1m[36m (0.3ms)[0m  [1mSELECT COUNT(*) FROM "personal_connections"  WHERE "personal_connections"."verb_id" = $1[0m  [["verb_id", 1472]]
11:08:36 web.1  |   [1m[35m (0.5ms)[0m  SELECT COUNT(*) FROM "personal_connections"  WHERE "personal_connections"."verb_id" = $1  [["verb_id", 849]]
11:08:36 web.1  |   [1m[35m (0.3ms)[0m  SELECT COUNT(*) FROM "personal_connections"  WHERE "personal_connections"."verb_id" = $1  [["verb_id", 1514]]
11:08:36 web.1  |   [1m[36m (0.3ms)[0m  [1mSELECT COUNT(*) FROM "personal_connections"  WHERE "personal_connections"."verb_id" = $1[0m  [["verb_id", 714]]
11:08:36 web.1  |   [1m[36m (0.3ms)[0m  [1mSELECT COUNT(*) FROM "personal_connections"  WHERE "personal_connections"."verb_id" = $1[0m  [["verb_id", 1470]]
11:08:36 web.1  |   [1m[35m (0.3ms)[0m  SELECT COUNT(*) FROM "personal_connections"  WHERE "personal_connections"."verb_id" = $1  [["verb_id", 711]]
11:08:36 web.1  |   [1m[35m (0.3ms)[0m  SELECT COUNT(*) FROM "personal_connections"  WHERE "personal_connections"."verb_id" = $1  [["verb_id", 1034]]
11:08:36 web.1  |   [1m[36m (0.3ms)[0m  [1mSELECT COUNT(*) FROM "personal_connections"  WHERE "personal_connections"."verb_id" = $1[0m  [["verb_id", 1472]]
11:08:36 web.1  |   [1m[36m (0.3ms)[0m  [1mSELECT COUNT(*) FROM "personal_connections"  WHERE "personal_connections"."verb_id" = $1[0m  [["verb_id", 991]]
11:08:36 web.1  |   [1m[35m (0.5ms)[0m  SELECT COUNT(*) FROM "personal_connections"  WHERE "personal_connections"."verb_id" = $1  [["verb_id", 1514]]
11:08:36 web.1  |   [1m[35m (0.2ms)[0m  SELECT COUNT(*) FROM "personal_connections"  WHERE "personal_connections"."verb_id" = $1  [["verb_id", 957]]
11:08:36 web.1  |   [1m[36m (0.4ms)[0m  [1mSELECT COUNT(*) FROM "personal_connections"  WHERE "personal_connections"."verb_id" = $1[0m  [["verb_id", 1470]]
11:08:36 web.1  |   [1m[36m (0.3ms)[0m  [1mSELECT COUNT(*) FROM "personal_connections"  WHERE "personal_connections"."verb_id" = $1[0m  [["verb_id", 254]]
11:08:36 web.1  |   [1m[35m (0.3ms)[0m  SELECT COUNT(*) FROM "personal_connections"  WHERE "personal_connections"."verb_id" = $1  [["verb_id", 1034]]
11:08:36 web.1  |   [1m[35m (0.5ms)[0m  SELECT COUNT(*) FROM "personal_connections"  WHERE "personal_connections"."verb_id" = $1  [["verb_id", 990]]
11:08:36 web.1  |   [1m[36m (0.3ms)[0m  [1mSELECT COUNT(*) FROM "personal_connections"  WHERE "personal_connections"."verb_id" = $1[0m  [["verb_id", 991]]
11:08:36 web.1  |   [1m[36m (0.3ms)[0m  [1mSELECT COUNT(*) FROM "personal_connections"  WHERE "personal_connections"."verb_id" = $1[0m  [["verb_id", 586]]
11:08:36 web.1  |   [1m[35m (0.3ms)[0m  SELECT COUNT(*) FROM "personal_connections"  WHERE "personal_connections"."verb_id" = $1  [["verb_id", 957]]
11:08:36 web.1  |   [1m[35m (0.5ms)[0m  SELECT COUNT(*) FROM "personal_connections"  WHERE "personal_connections"."verb_id" = $1  [["verb_id", 1471]]
11:08:36 web.1  |   [1m[36m (0.3ms)[0m  [1mSELECT COUNT(*) FROM "personal_connections"  WHERE "personal_connections"."verb_id" = $1[0m  [["verb_id", 254]]
11:08:36 web.1  |   [1m[36m (0.3ms)[0m  [1mSELECT COUNT(*) FROM "personal_connections"  WHERE "personal_connections"."verb_id" = $1[0m  [["verb_id", 698]]
11:08:36 web.1  |   [1m[35m (0.3ms)[0m  SELECT COUNT(*) FROM "personal_connections"  WHERE "personal_connections"."verb_id" = $1  [["verb_id", 990]]
11:08:36 web.1  |   [1m[35m (0.3ms)[0m  SELECT COUNT(*) FROM "personal_connections"  WHERE "personal_connections"."verb_id" = $1  [["verb_id", 1006]]
11:08:36 web.1  |   [1m[36m (0.3ms)[0m  [1mSELECT COUNT(*) FROM "personal_connections"  WHERE "personal_connections"."verb_id" = $1[0m  [["verb_id", 586]]
11:08:36 web.1  |   [1m[35m (0.2ms)[0m  SELECT COUNT(*) FROM "personal_connections"  WHERE "personal_connections"."verb_id" = $1  [["verb_id", 1471]]
11:08:36 web.1  |   [1m[36m (0.3ms)[0m  [1mSELECT COUNT(*) FROM "personal_connections"  WHERE "personal_connections"."verb_id" = $1[0m  [["verb_id", 843]]
11:08:36 web.1  |   [1m[36m (0.3ms)[0m  [1mSELECT COUNT(*) FROM "personal_connections"  WHERE "personal_connections"."verb_id" = $1[0m  [["verb_id", 698]]
11:08:36 web.1  |   [1m[35m (0.3ms)[0m  SELECT COUNT(*) FROM "personal_connections"  WHERE "personal_connections"."verb_id" = $1  [["verb_id", 1006]]
11:08:36 web.1  |   [1m[35m (1.4ms)[0m  SELECT COUNT(*) FROM "personal_connections"  WHERE "personal_connections"."verb_id" = $1  [["verb_id", 1128]]
11:08:36 web.1  |   [1m[36m (0.3ms)[0m  [1mSELECT COUNT(*) FROM "personal_connections"  WHERE "personal_connections"."verb_id" = $1[0m  [["verb_id", 843]]
11:08:36 web.1  |   [1m[36m (0.7ms)[0m  [1mSELECT COUNT(*) FROM "personal_connections"  WHERE "personal_connections"."verb_id" = $1[0m  [["verb_id", 588]]
11:08:36 web.1  |   [1m[35m (0.3ms)[0m  SELECT COUNT(*) FROM "personal_connections"  WHERE "personal_connections"."verb_id" = $1  [["verb_id", 1128]]
11:08:36 web.1  |   [1m[36m (0.2ms)[0m  [1mSELECT COUNT(*) FROM "personal_connections"  WHERE "personal_connections"."verb_id" = $1[0m  [["verb_id", 588]]
11:08:36 web.1  |   [1m[35m (0.3ms)[0m  SELECT COUNT(*) FROM "personal_connections"  WHERE "personal_connections"."verb_id" = $1  [["verb_id", 1110]]
11:08:36 web.1  |   [1m[35m (0.3ms)[0m  SELECT COUNT(*) FROM "personal_connections"  WHERE "personal_connections"."verb_id" = $1  [["verb_id", 1110]]
11:08:36 web.1  |   [1m[36m (0.5ms)[0m  [1mSELECT COUNT(*) FROM "personal_connections"  WHERE "personal_connections"."verb_id" = $1[0m  [["verb_id", 1306]]
11:08:36 web.1  |   [1m[36m (0.3ms)[0m  [1mSELECT COUNT(*) FROM "personal_connections"  WHERE "personal_connections"."verb_id" = $1[0m  [["verb_id", 1306]]
11:08:36 web.1  |   [1m[35m (0.5ms)[0m  SELECT COUNT(*) FROM "personal_connections"  WHERE "personal_connections"."verb_id" = $1  [["verb_id", 1450]]
11:08:36 web.1  |   [1m[35m (0.3ms)[0m  SELECT COUNT(*) FROM "personal_connections"  WHERE "personal_connections"."verb_id" = $1  [["verb_id", 1450]]
11:08:36 web.1  |   [1m[36m (1.2ms)[0m  [1mSELECT COUNT(*) FROM "personal_connections"  WHERE "personal_connections"."verb_id" = $1[0m  [["verb_id", 669]]
11:08:36 web.1  |   [1m[36m (0.3ms)[0m  [1mSELECT COUNT(*) FROM "personal_connections"  WHERE "personal_connections"."verb_id" = $1[0m  [["verb_id", 669]]
11:08:36 web.1  |   [1m[35m (0.3ms)[0m  SELECT COUNT(*) FROM "personal_connections"  WHERE "personal_connections"."verb_id" = $1  [["verb_id", 1251]]
11:08:36 web.1  |   [1m[35m (0.5ms)[0m  SELECT COUNT(*) FROM "personal_connections"  WHERE "personal_connections"."verb_id" = $1  [["verb_id", 1251]]
11:08:36 web.1  |   [1m[36m (0.3ms)[0m  [1mSELECT COUNT(*) FROM "personal_connections"  WHERE "personal_connections"."verb_id" = $1[0m  [["verb_id", 1175]]
11:08:36 web.1  |   [1m[36m (0.3ms)[0m  [1mSELECT COUNT(*) FROM "personal_connections"  WHERE "personal_connections"."verb_id" = $1[0m  [["verb_id", 1175]]
11:08:36 web.1  |   [1m[35m (0.3ms)[0m  SELECT COUNT(*) FROM "personal_connections"  WHERE "personal_connections"."verb_id" = $1  [["verb_id", 1174]]
11:08:36 web.1  |   [1m[35m (0.3ms)[0m  SELECT COUNT(*) FROM "personal_connections"  WHERE "personal_connections"."verb_id" = $1  [["verb_id", 1174]]
11:08:36 web.1  |   [1m[36m (0.3ms)[0m  [1mSELECT COUNT(*) FROM "personal_connections"  WHERE "personal_connections"."verb_id" = $1[0m  [["verb_id", 1433]]
11:08:36 web.1  |   [1m[36m (0.3ms)[0m  [1mSELECT COUNT(*) FROM "personal_connections"  WHERE "personal_connections"."verb_id" = $1[0m  [["verb_id", 1433]]
11:08:36 web.1  |   [1m[35m (0.3ms)[0m  SELECT COUNT(*) FROM "personal_connections"  WHERE "personal_connections"."verb_id" = $1  [["verb_id", 137]]
11:08:36 web.1  |   [1m[36m (0.3ms)[0m  [1mSELECT COUNT(*) FROM "personal_connections"  WHERE "personal_connections"."verb_id" = $1[0m  [["verb_id", 722]]
11:08:36 web.1  |   [1m[35m (0.3ms)[0m  SELECT COUNT(*) FROM "personal_connections"  WHERE "personal_connections"."verb_id" = $1  [["verb_id", 137]]
11:08:36 web.1  |   [1m[35m (0.3ms)[0m  SELECT COUNT(*) FROM "personal_connections"  WHERE "personal_connections"."verb_id" = $1  [["verb_id", 975]]
11:08:36 web.1  |   [1m[36m (0.3ms)[0m  [1mSELECT COUNT(*) FROM "personal_connections"  WHERE "personal_connections"."verb_id" = $1[0m  [["verb_id", 722]]
11:08:36 web.1  |   [1m[36m (0.3ms)[0m  [1mSELECT COUNT(*) FROM "personal_connections"  WHERE "personal_connections"."verb_id" = $1[0m  [["verb_id", 873]]
11:08:36 web.1  |   [1m[35m (0.9ms)[0m  SELECT COUNT(*) FROM "personal_connections"  WHERE "personal_connections"."verb_id" = $1  [["verb_id", 975]]
11:08:36 web.1  |   [1m[35m (0.3ms)[0m  SELECT COUNT(*) FROM "personal_connections"  WHERE "personal_connections"."verb_id" = $1  [["verb_id", 536]]
11:08:36 web.1  |   [1m[36m (1.1ms)[0m  [1mSELECT COUNT(*) FROM "personal_connections"  WHERE "personal_connections"."verb_id" = $1[0m  [["verb_id", 873]]
11:08:36 web.1  |   [1m[36m (0.3ms)[0m  [1mSELECT COUNT(*) FROM "personal_connections"  WHERE "personal_connections"."verb_id" = $1[0m  [["verb_id", 1499]]
11:08:36 web.1  |   [1m[35m (1.0ms)[0m  SELECT COUNT(*) FROM "personal_connections"  WHERE "personal_connections"."verb_id" = $1  [["verb_id", 536]]
11:08:36 web.1  |   [1m[35m (0.3ms)[0m  SELECT COUNT(*) FROM "personal_connections"  WHERE "personal_connections"."verb_id" = $1  [["verb_id", 859]]
11:08:36 web.1  |   [1m[36m (0.4ms)[0m  [1mSELECT COUNT(*) FROM "personal_connections"  WHERE "personal_connections"."verb_id" = $1[0m  [["verb_id", 721]]
11:08:36 web.1  |   [1m[36m (0.5ms)[0m  [1mSELECT COUNT(*) FROM "personal_connections"  WHERE "personal_connections"."verb_id" = $1[0m  [["verb_id", 1499]]
11:08:36 web.1  |   [1m[35m (0.4ms)[0m  SELECT COUNT(*) FROM "personal_connections"  WHERE "personal_connections"."verb_id" = $1  [["verb_id", 706]]
11:08:36 web.1  |   [1m[35m (0.5ms)[0m  SELECT COUNT(*) FROM "personal_connections"  WHERE "personal_connections"."verb_id" = $1  [["verb_id", 859]]
11:08:36 web.1  |   [1m[36m (0.4ms)[0m  [1mSELECT COUNT(*) FROM "personal_connections"  WHERE "personal_connections"."verb_id" = $1[0m  [["verb_id", 729]]
11:08:36 web.1  |   [1m[36m (0.7ms)[0m  [1mSELECT COUNT(*) FROM "personal_connections"  WHERE "personal_connections"."verb_id" = $1[0m  [["verb_id", 721]]
11:08:36 web.1  |   [1m[35m (0.3ms)[0m  SELECT COUNT(*) FROM "personal_connections"  WHERE "personal_connections"."verb_id" = $1  [["verb_id", 1536]]
11:08:36 web.1  |   [1m[35m (0.3ms)[0m  SELECT COUNT(*) FROM "personal_connections"  WHERE "personal_connections"."verb_id" = $1  [["verb_id", 706]]
11:08:36 web.1  |   [1m[36m (0.3ms)[0m  [1mSELECT COUNT(*) FROM "personal_connections"  WHERE "personal_connections"."verb_id" = $1[0m  [["verb_id", 514]]
11:08:36 web.1  |   [1m[36m (0.6ms)[0m  [1mSELECT COUNT(*) FROM "personal_connections"  WHERE "personal_connections"."verb_id" = $1[0m  [["verb_id", 729]]
11:08:36 web.1  |   [1m[35m (0.3ms)[0m  SELECT COUNT(*) FROM "personal_connections"  WHERE "personal_connections"."verb_id" = $1  [["verb_id", 1133]]
11:08:36 web.1  |   [1m[35m (0.3ms)[0m  SELECT COUNT(*) FROM "personal_connections"  WHERE "personal_connections"."verb_id" = $1  [["verb_id", 1536]]
11:08:36 web.1  |   [1m[36m (0.2ms)[0m  [1mSELECT COUNT(*) FROM "personal_connections"  WHERE "personal_connections"."verb_id" = $1[0m  [["verb_id", 1177]]
11:08:36 web.1  |   [1m[35m (0.3ms)[0m  SELECT COUNT(*) FROM "personal_connections"  WHERE "personal_connections"."verb_id" = $1  [["verb_id", 1329]]
11:08:36 web.1  |   [1m[36m (0.4ms)[0m  [1mSELECT COUNT(*) FROM "personal_connections"  WHERE "personal_connections"."verb_id" = $1[0m  [["verb_id", 514]]
11:08:36 web.1  |   [1m[36m (0.3ms)[0m  [1mSELECT COUNT(*) FROM "personal_connections"  WHERE "personal_connections"."verb_id" = $1[0m  [["verb_id", 745]]
11:08:36 web.1  |   [1m[35m (0.3ms)[0m  SELECT COUNT(*) FROM "personal_connections"  WHERE "personal_connections"."verb_id" = $1  [["verb_id", 1133]]
11:08:36 web.1  |   [1m[35m (0.3ms)[0m  SELECT COUNT(*) FROM "personal_connections"  WHERE "personal_connections"."verb_id" = $1  [["verb_id", 454]]
11:08:36 web.1  |   [1m[36m (0.2ms)[0m  [1mSELECT COUNT(*) FROM "personal_connections"  WHERE "personal_connections"."verb_id" = $1[0m  [["verb_id", 1177]]
11:08:36 web.1  |   [1m[35m (0.3ms)[0m  SELECT COUNT(*) FROM "personal_connections"  WHERE "personal_connections"."verb_id" = $1  [["verb_id", 1329]]
11:08:36 web.1  |   [1m[36m (0.2ms)[0m  [1mSELECT COUNT(*) FROM "personal_connections"  WHERE "personal_connections"."verb_id" = $1[0m  [["verb_id", 592]]
11:08:36 web.1  |   [1m[36m (0.4ms)[0m  [1mSELECT COUNT(*) FROM "personal_connections"  WHERE "personal_connections"."verb_id" = $1[0m  [["verb_id", 745]]
11:08:36 web.1  |   [1m[35m (0.3ms)[0m  SELECT COUNT(*) FROM "personal_connections"  WHERE "personal_connections"."verb_id" = $1  [["verb_id", 1130]]
11:08:36 web.1  |   [1m[35m (0.3ms)[0m  SELECT COUNT(*) FROM "personal_connections"  WHERE "personal_connections"."verb_id" = $1  [["verb_id", 454]]
11:08:36 web.1  |   [1m[36m (0.5ms)[0m  [1mSELECT COUNT(*) FROM "personal_connections"  WHERE "personal_connections"."verb_id" = $1[0m  [["verb_id", 70]]
11:08:36 web.1  |   [1m[36m (1.2ms)[0m  [1mSELECT COUNT(*) FROM "personal_connections"  WHERE "personal_connections"."verb_id" = $1[0m  [["verb_id", 592]]
11:08:36 web.1  |   [1m[35m (0.3ms)[0m  SELECT COUNT(*) FROM "personal_connections"  WHERE "personal_connections"."verb_id" = $1  [["verb_id", 1130]]
11:08:36 web.1  |   [1m[36m (0.4ms)[0m  [1mSELECT COUNT(*) FROM "personal_connections"  WHERE "personal_connections"."verb_id" = $1[0m  [["verb_id", 70]]
11:08:36 web.1  |   [1m[35m (0.8ms)[0m  SELECT COUNT(*) FROM "personal_connections"  WHERE "personal_connections"."verb_id" = $1  [["verb_id", 1374]]
11:08:36 web.1  |   [1m[36m (0.4ms)[0m  [1mSELECT COUNT(*) FROM "personal_connections"  WHERE "personal_connections"."verb_id" = $1[0m  [["verb_id", 1373]]
11:08:36 web.1  |   [1m[35m (0.3ms)[0m  SELECT COUNT(*) FROM "personal_connections"  WHERE "personal_connections"."verb_id" = $1  [["verb_id", 1437]]
11:08:36 web.1  |   [1m[36m (0.8ms)[0m  [1mSELECT COUNT(*) FROM "personal_connections"  WHERE "personal_connections"."verb_id" = $1[0m  [["verb_id", 1046]]
11:08:36 web.1  |   [1m[35m (0.8ms)[0m  SELECT COUNT(*) FROM "personal_connections"  WHERE "personal_connections"."verb_id" = $1  [["verb_id", 852]]
11:08:36 web.1  |   [1m[36m (0.3ms)[0m  [1mSELECT COUNT(*) FROM "personal_connections"  WHERE "personal_connections"."verb_id" = $1[0m  [["verb_id", 1550]]
11:08:36 web.1  |   [1m[35m (0.4ms)[0m  SELECT COUNT(*) FROM "personal_connections"  WHERE "personal_connections"."verb_id" = $1  [["verb_id", 23]]
11:08:36 web.1  |   [1m[36m (0.3ms)[0m  [1mSELECT COUNT(*) FROM "personal_connections"  WHERE "personal_connections"."verb_id" = $1[0m  [["verb_id", 412]]
11:08:36 web.1  |   [1m[35m (0.6ms)[0m  SELECT COUNT(*) FROM "personal_connections"  WHERE "personal_connections"."verb_id" = $1  [["verb_id", 1071]]
11:08:36 web.1  |   [1m[36m (0.3ms)[0m  [1mSELECT COUNT(*) FROM "personal_connections"  WHERE "personal_connections"."verb_id" = $1[0m  [["verb_id", 1180]]
11:08:36 web.1  |   [1m[35m (0.3ms)[0m  SELECT COUNT(*) FROM "personal_connections"  WHERE "personal_connections"."verb_id" = $1  [["verb_id", 1374]]
11:08:36 web.1  |   [1m[35m (0.3ms)[0m  SELECT COUNT(*) FROM "personal_connections"  WHERE "personal_connections"."verb_id" = $1  [["verb_id", 1544]]
11:08:36 web.1  |   [1m[36m (0.4ms)[0m  [1mSELECT COUNT(*) FROM "personal_connections"  WHERE "personal_connections"."verb_id" = $1[0m  [["verb_id", 1331]]
11:08:36 web.1  |   [1m[36m (1.3ms)[0m  [1mSELECT COUNT(*) FROM "personal_connections"  WHERE "personal_connections"."verb_id" = $1[0m  [["verb_id", 1373]]
11:08:36 web.1  |   [1m[35m (0.5ms)[0m  SELECT COUNT(*) FROM "personal_connections"  WHERE "personal_connections"."verb_id" = $1  [["verb_id", 346]]
11:08:36 web.1  |   [1m[35m (0.3ms)[0m  SELECT COUNT(*) FROM "personal_connections"  WHERE "personal_connections"."verb_id" = $1  [["verb_id", 1437]]
11:08:36 web.1  |   [1m[36m (0.3ms)[0m  [1mSELECT COUNT(*) FROM "personal_connections"  WHERE "personal_connections"."verb_id" = $1[0m  [["verb_id", 1046]]
11:08:36 web.1  |   [1m[36m (0.3ms)[0m  [1mSELECT COUNT(*) FROM "personal_connections"  WHERE "personal_connections"."verb_id" = $1[0m  [["verb_id", 348]]
11:08:36 web.1  |   [1m[35m (0.3ms)[0m  SELECT COUNT(*) FROM "personal_connections"  WHERE "personal_connections"."verb_id" = $1  [["verb_id", 1487]]
11:08:36 web.1  |   [1m[35m (0.3ms)[0m  SELECT COUNT(*) FROM "personal_connections"  WHERE "personal_connections"."verb_id" = $1  [["verb_id", 852]]
11:08:36 web.1  |   [1m[36m (0.3ms)[0m  [1mSELECT COUNT(*) FROM "personal_connections"  WHERE "personal_connections"."verb_id" = $1[0m  [["verb_id", 1550]]
11:08:36 web.1  |   [1m[35m (0.5ms)[0m  SELECT COUNT(*) FROM "personal_connections"  WHERE "personal_connections"."verb_id" = $1  [["verb_id", 23]]
11:08:36 web.1  |   [1m[36m (0.3ms)[0m  [1mSELECT COUNT(*) FROM "personal_connections"  WHERE "personal_connections"."verb_id" = $1[0m  [["verb_id", 1523]]
11:08:36 web.1  |   [1m[35m (2.0ms)[0m  SELECT COUNT(*) FROM "personal_connections"  WHERE "personal_connections"."verb_id" = $1  [["verb_id", 1083]]
11:08:36 web.1  |   [1m[36m (0.3ms)[0m  [1mSELECT COUNT(*) FROM "personal_connections"  WHERE "personal_connections"."verb_id" = $1[0m  [["verb_id", 14]]
11:08:36 web.1  |   [1m[35m (0.3ms)[0m  SELECT COUNT(*) FROM "personal_connections"  WHERE "personal_connections"."verb_id" = $1  [["verb_id", 1301]]
11:08:36 web.1  |   [1m[36m (0.3ms)[0m  [1mSELECT COUNT(*) FROM "personal_connections"  WHERE "personal_connections"."verb_id" = $1[0m  [["verb_id", 412]]
11:08:36 web.1  |   [1m[35m (0.3ms)[0m  SELECT COUNT(*) FROM "personal_connections"  WHERE "personal_connections"."verb_id" = $1  [["verb_id", 1071]]
11:08:36 web.1  |   [1m[36m (0.3ms)[0m  [1mSELECT COUNT(*) FROM "personal_connections"  WHERE "personal_connections"."verb_id" = $1[0m  [["verb_id", 1180]]
11:08:36 web.1  |   [1m[35m (0.3ms)[0m  SELECT COUNT(*) FROM "personal_connections"  WHERE "personal_connections"."verb_id" = $1  [["verb_id", 1544]]
11:08:36 web.1  |   [1m[36m (0.3ms)[0m  [1mSELECT COUNT(*) FROM "personal_connections"  WHERE "personal_connections"."verb_id" = $1[0m  [["verb_id", 246]]
11:08:36 web.1  |   [1m[36m (0.3ms)[0m  [1mSELECT COUNT(*) FROM "personal_connections"  WHERE "personal_connections"."verb_id" = $1[0m  [["verb_id", 1331]]
11:08:36 web.1  |   [1m[35m (0.4ms)[0m  SELECT COUNT(*) FROM "personal_connections"  WHERE "personal_connections"."verb_id" = $1  [["verb_id", 346]]
11:08:36 web.1  |   [1m[35m (0.3ms)[0m  SELECT COUNT(*) FROM "personal_connections"  WHERE "personal_connections"."verb_id" = $1  [["verb_id", 709]]
11:08:36 web.1  |   [1m[36m (0.5ms)[0m  [1mSELECT COUNT(*) FROM "personal_connections"  WHERE "personal_connections"."verb_id" = $1[0m  [["verb_id", 348]]
11:08:36 web.1  |   [1m[36m (0.3ms)[0m  [1mSELECT COUNT(*) FROM "personal_connections"  WHERE "personal_connections"."verb_id" = $1[0m  [["verb_id", 862]]
11:08:36 web.1  |   [1m[35m (0.3ms)[0m  SELECT COUNT(*) FROM "personal_connections"  WHERE "personal_connections"."verb_id" = $1  [["verb_id", 1487]]
11:08:36 web.1  |   [1m[35m (0.4ms)[0m  SELECT COUNT(*) FROM "personal_connections"  WHERE "personal_connections"."verb_id" = $1  [["verb_id", 276]]
11:08:36 web.1  |   [1m[36m (1.2ms)[0m  [1mSELECT COUNT(*) FROM "personal_connections"  WHERE "personal_connections"."verb_id" = $1[0m  [["verb_id", 949]]
11:08:36 web.1  |   [1m[35m (0.4ms)[0m  SELECT COUNT(*) FROM "personal_connections"  WHERE "personal_connections"."verb_id" = $1  [["verb_id", 193]]
11:08:36 web.1  |   [1m[36m (0.3ms)[0m  [1mSELECT COUNT(*) FROM "personal_connections"  WHERE "personal_connections"."verb_id" = $1[0m  [["verb_id", 1248]]
11:08:36 web.1  |   [1m[36m (0.3ms)[0m  [1mSELECT COUNT(*) FROM "personal_connections"  WHERE "personal_connections"."verb_id" = $1[0m  [["verb_id", 1523]]
11:08:36 web.1  |   [1m[35m (0.4ms)[0m  SELECT COUNT(*) FROM "personal_connections"  WHERE "personal_connections"."verb_id" = $1  [["verb_id", 734]]
11:08:36 web.1  |   [1m[36m (0.5ms)[0m  [1mSELECT COUNT(*) FROM "personal_connections"  WHERE "personal_connections"."verb_id" = $1[0m  [["verb_id", 913]]
11:08:36 web.1  |   [1m[35m (0.4ms)[0m  SELECT COUNT(*) FROM "personal_connections"  WHERE "personal_connections"."verb_id" = $1  [["verb_id", 1083]]
11:08:36 web.1  |   [1m[35m (0.3ms)[0m  SELECT COUNT(*) FROM "personal_connections"  WHERE "personal_connections"."verb_id" = $1  [["verb_id", 1571]]
11:08:36 web.1  |   [1m[36m (0.3ms)[0m  [1mSELECT COUNT(*) FROM "personal_connections"  WHERE "personal_connections"."verb_id" = $1[0m  [["verb_id", 700]]
11:08:36 web.1  |   [1m[36m (0.2ms)[0m  [1mSELECT COUNT(*) FROM "personal_connections"  WHERE "personal_connections"."verb_id" = $1[0m  [["verb_id", 14]]
11:08:36 web.1  |   [1m[35m (0.3ms)[0m  SELECT COUNT(*) FROM "personal_connections"  WHERE "personal_connections"."verb_id" = $1  [["verb_id", 1301]]
11:08:36 web.1  |   [1m[36m (0.4ms)[0m  [1mSELECT COUNT(*) FROM "personal_connections"  WHERE "personal_connections"."verb_id" = $1[0m  [["verb_id", 246]]
11:08:36 web.1  |   [1m[35m (2.8ms)[0m  SELECT COUNT(*) FROM "personal_connections"  WHERE "personal_connections"."verb_id" = $1  [["verb_id", 709]]
11:08:36 web.1  |   [1m[35m (0.8ms)[0m  SELECT COUNT(*) FROM "personal_connections"  WHERE "personal_connections"."verb_id" = $1  [["verb_id", 950]]
11:08:36 web.1  |   [1m[36m (0.4ms)[0m  [1mSELECT COUNT(*) FROM "personal_connections"  WHERE "personal_connections"."verb_id" = $1[0m  [["verb_id", 1398]]
11:08:36 web.1  |   [1m[35m (0.4ms)[0m  SELECT COUNT(*) FROM "personal_connections"  WHERE "personal_connections"."verb_id" = $1  [["verb_id", 472]]
11:08:36 web.1  |   [1m[36m (0.4ms)[0m  [1mSELECT COUNT(*) FROM "personal_connections"  WHERE "personal_connections"."verb_id" = $1[0m  [["verb_id", 862]]
11:08:36 web.1  |   [1m[36m (0.3ms)[0m  [1mSELECT COUNT(*) FROM "personal_connections"  WHERE "personal_connections"."verb_id" = $1[0m  [["verb_id", 1519]]
11:08:36 web.1  |   [1m[35m (0.4ms)[0m  SELECT COUNT(*) FROM "personal_connections"  WHERE "personal_connections"."verb_id" = $1  [["verb_id", 276]]
11:08:36 web.1  |   [1m[35m (0.3ms)[0m  SELECT COUNT(*) FROM "personal_connections"  WHERE "personal_connections"."verb_id" = $1  [["verb_id", 699]]
11:08:36 web.1  |   [1m[36m (0.4ms)[0m  [1mSELECT COUNT(*) FROM "personal_connections"  WHERE "personal_connections"."verb_id" = $1[0m  [["verb_id", 949]]
11:08:36 web.1  |   [1m[36m (1.0ms)[0m  [1mSELECT COUNT(*) FROM "personal_connections"  WHERE "personal_connections"."verb_id" = $1[0m  [["verb_id", 976]]
11:08:36 web.1  |   [1m[35m (0.5ms)[0m  SELECT COUNT(*) FROM "personal_connections"  WHERE "personal_connections"."verb_id" = $1  [["verb_id", 1207]]
11:08:36 web.1  |   [1m[35m (0.4ms)[0m  SELECT COUNT(*) FROM "personal_connections"  WHERE "personal_connections"."verb_id" = $1  [["verb_id", 193]]
11:08:36 web.1  |   [1m[36m (0.3ms)[0m  [1mSELECT COUNT(*) FROM "personal_connections"  WHERE "personal_connections"."verb_id" = $1[0m  [["verb_id", 1291]]
11:08:37 web.1  |   [1m[36m (0.5ms)[0m  [1mSELECT COUNT(*) FROM "personal_connections"  WHERE "personal_connections"."verb_id" = $1[0m  [["verb_id", 1248]]
11:08:37 web.1  |   [1m[35m (0.8ms)[0m  SELECT COUNT(*) FROM "personal_connections"  WHERE "personal_connections"."verb_id" = $1  [["verb_id", 863]]
11:08:37 web.1  |   [1m[35m (0.4ms)[0m  SELECT COUNT(*) FROM "personal_connections"  WHERE "personal_connections"."verb_id" = $1  [["verb_id", 734]]
11:08:37 web.1  |   [1m[36m (0.2ms)[0m  [1mSELECT COUNT(*) FROM "personal_connections"  WHERE "personal_connections"."verb_id" = $1[0m  [["verb_id", 1368]]
11:08:37 web.1  |   [1m[36m (0.4ms)[0m  [1mSELECT COUNT(*) FROM "personal_connections"  WHERE "personal_connections"."verb_id" = $1[0m  [["verb_id", 913]]
11:08:37 web.1  |   [1m[35m (2.0ms)[0m  SELECT COUNT(*) FROM "personal_connections"  WHERE "personal_connections"."verb_id" = $1  [["verb_id", 516]]
11:08:37 web.1  |   [1m[35m (0.3ms)[0m  SELECT COUNT(*) FROM "personal_connections"  WHERE "personal_connections"."verb_id" = $1  [["verb_id", 1571]]
11:08:37 web.1  |   [1m[36m (0.4ms)[0m  [1mSELECT COUNT(*) FROM "personal_connections"  WHERE "personal_connections"."verb_id" = $1[0m  [["verb_id", 969]]
11:08:37 web.1  |   [1m[36m (0.2ms)[0m  [1mSELECT COUNT(*) FROM "personal_connections"  WHERE "personal_connections"."verb_id" = $1[0m  [["verb_id", 700]]
11:08:37 web.1  |   [1m[35m (0.3ms)[0m  SELECT COUNT(*) FROM "personal_connections"  WHERE "personal_connections"."verb_id" = $1  [["verb_id", 950]]
11:08:37 web.1  |   [1m[35m (0.3ms)[0m  SELECT COUNT(*) FROM "personal_connections"  WHERE "personal_connections"."verb_id" = $1  [["verb_id", 883]]
11:08:37 web.1  |   [1m[36m (0.3ms)[0m  [1mSELECT COUNT(*) FROM "personal_connections"  WHERE "personal_connections"."verb_id" = $1[0m  [["verb_id", 1398]]
11:08:37 web.1  |   [1m[35m (0.8ms)[0m  SELECT COUNT(*) FROM "personal_connections"  WHERE "personal_connections"."verb_id" = $1  [["verb_id", 472]]
11:08:37 web.1  |   [1m[36m (2.4ms)[0m  [1mSELECT COUNT(*) FROM "personal_connections"  WHERE "personal_connections"."verb_id" = $1[0m  [["verb_id", 1168]]
11:08:37 web.1  |   [1m[36m (0.3ms)[0m  [1mSELECT COUNT(*) FROM "personal_connections"  WHERE "personal_connections"."verb_id" = $1[0m  [["verb_id", 1519]]
11:08:37 web.1  |   [1m[35m (0.3ms)[0m  SELECT COUNT(*) FROM "personal_connections"  WHERE "personal_connections"."verb_id" = $1  [["verb_id", 782]]
11:08:37 web.1  |   [1m[36m (0.2ms)[0m  [1mSELECT COUNT(*) FROM "personal_connections"  WHERE "personal_connections"."verb_id" = $1[0m  [["verb_id", 1588]]
11:08:37 web.1  |   [1m[35m (0.3ms)[0m  SELECT COUNT(*) FROM "personal_connections"  WHERE "personal_connections"."verb_id" = $1  [["verb_id", 699]]
11:08:37 web.1  |   [1m[35m (0.3ms)[0m  SELECT COUNT(*) FROM "personal_connections"  WHERE "personal_connections"."verb_id" = $1  [["verb_id", 740]]
11:08:37 web.1  |   [1m[36m (0.3ms)[0m  [1mSELECT COUNT(*) FROM "personal_connections"  WHERE "personal_connections"."verb_id" = $1[0m  [["verb_id", 976]]
11:08:37 web.1  |   [1m[36m (0.3ms)[0m  [1mSELECT COUNT(*) FROM "personal_connections"  WHERE "personal_connections"."verb_id" = $1[0m  [["verb_id", 1074]]
11:08:37 web.1  |   [1m[35m (0.4ms)[0m  SELECT COUNT(*) FROM "personal_connections"  WHERE "personal_connections"."verb_id" = $1  [["verb_id", 1207]]
11:08:37 web.1  |   [1m[35m (0.4ms)[0m  SELECT COUNT(*) FROM "personal_connections"  WHERE "personal_connections"."verb_id" = $1  [["verb_id", 624]]
11:08:37 web.1  |   [1m[36m (0.3ms)[0m  [1mSELECT COUNT(*) FROM "personal_connections"  WHERE "personal_connections"."verb_id" = $1[0m  [["verb_id", 1291]]
11:08:37 web.1  |   [1m[36m (0.3ms)[0m  [1mSELECT COUNT(*) FROM "personal_connections"  WHERE "personal_connections"."verb_id" = $1[0m  [["verb_id", 989]]
11:08:37 web.1  |   [1m[35m (0.3ms)[0m  SELECT COUNT(*) FROM "personal_connections"  WHERE "personal_connections"."verb_id" = $1  [["verb_id", 863]]
11:08:37 web.1  |   [1m[35m (0.4ms)[0m  SELECT COUNT(*) FROM "personal_connections"  WHERE "personal_connections"."verb_id" = $1  [["verb_id", 1548]]
11:08:37 web.1  |   [1m[36m (0.3ms)[0m  [1mSELECT COUNT(*) FROM "personal_connections"  WHERE "personal_connections"."verb_id" = $1[0m  [["verb_id", 1368]]
11:08:37 web.1  |   [1m[36m (0.4ms)[0m  [1mSELECT COUNT(*) FROM "personal_connections"  WHERE "personal_connections"."verb_id" = $1[0m  [["verb_id", 44]]
11:08:37 web.1  |   [1m[35m (0.3ms)[0m  SELECT COUNT(*) FROM "personal_connections"  WHERE "personal_connections"."verb_id" = $1  [["verb_id", 516]]
11:08:37 web.1  |   [1m[35m (0.3ms)[0m  SELECT COUNT(*) FROM "personal_connections"  WHERE "personal_connections"."verb_id" = $1  [["verb_id", 1260]]
11:08:37 web.1  |   [1m[36m (0.2ms)[0m  [1mSELECT COUNT(*) FROM "personal_connections"  WHERE "personal_connections"."verb_id" = $1[0m  [["verb_id", 969]]
11:08:37 web.1  |   [1m[35m (0.3ms)[0m  SELECT COUNT(*) FROM "personal_connections"  WHERE "personal_connections"."verb_id" = $1  [["verb_id", 883]]
11:08:37 web.1  |   [1m[36m (0.3ms)[0m  [1mSELECT COUNT(*) FROM "personal_connections"  WHERE "personal_connections"."verb_id" = $1[0m  [["verb_id", 1358]]
11:08:37 web.1  |   [1m[36m (0.4ms)[0m  [1mSELECT COUNT(*) FROM "personal_connections"  WHERE "personal_connections"."verb_id" = $1[0m  [["verb_id", 1168]]
11:08:37 web.1  |   [1m[35m (0.3ms)[0m  SELECT COUNT(*) FROM "personal_connections"  WHERE "personal_connections"."verb_id" = $1  [["verb_id", 1021]]
11:08:37 web.1  |   [1m[36m (0.3ms)[0m  [1mSELECT COUNT(*) FROM "personal_connections"  WHERE "personal_connections"."verb_id" = $1[0m  [["verb_id", 268]]
11:08:37 web.1  |   [1m[35m (0.5ms)[0m  SELECT COUNT(*) FROM "personal_connections"  WHERE "personal_connections"."verb_id" = $1  [["verb_id", 782]]
11:08:37 web.1  |   [1m[35m (0.5ms)[0m  SELECT COUNT(*) FROM "personal_connections"  WHERE "personal_connections"."verb_id" = $1  [["verb_id", 983]]
11:08:37 web.1  |   [1m[36m (0.4ms)[0m  [1mSELECT COUNT(*) FROM "personal_connections"  WHERE "personal_connections"."verb_id" = $1[0m  [["verb_id", 1588]]
11:08:37 web.1  |   [1m[36m (0.3ms)[0m  [1mSELECT COUNT(*) FROM "personal_connections"  WHERE "personal_connections"."verb_id" = $1[0m  [["verb_id", 796]]
11:08:37 web.1  |   [1m[35m (0.3ms)[0m  SELECT COUNT(*) FROM "personal_connections"  WHERE "personal_connections"."verb_id" = $1  [["verb_id", 740]]
11:08:37 web.1  |   [1m[35m (0.3ms)[0m  SELECT COUNT(*) FROM "personal_connections"  WHERE "personal_connections"."verb_id" = $1  [["verb_id", 1401]]
11:08:37 web.1  |   [1m[36m (0.3ms)[0m  [1mSELECT COUNT(*) FROM "personal_connections"  WHERE "personal_connections"."verb_id" = $1[0m  [["verb_id", 1074]]
11:08:37 web.1  |   [1m[36m (0.3ms)[0m  [1mSELECT COUNT(*) FROM "personal_connections"  WHERE "personal_connections"."verb_id" = $1[0m  [["verb_id", 1203]]
11:08:37 web.1  |   [1m[35m (1.7ms)[0m  SELECT COUNT(*) FROM "personal_connections"  WHERE "personal_connections"."verb_id" = $1  [["verb_id", 624]]
11:08:37 web.1  |   [1m[35m (0.3ms)[0m  SELECT COUNT(*) FROM "personal_connections"  WHERE "personal_connections"."verb_id" = $1  [["verb_id", 774]]
11:08:37 web.1  |   [1m[36m (0.3ms)[0m  [1mSELECT COUNT(*) FROM "personal_connections"  WHERE "personal_connections"."verb_id" = $1[0m  [["verb_id", 989]]
11:08:37 web.1  |   [1m[36m (0.3ms)[0m  [1mSELECT COUNT(*) FROM "personal_connections"  WHERE "personal_connections"."verb_id" = $1[0m  [["verb_id", 1011]]
11:08:37 web.1  |   [1m[35m (0.4ms)[0m  SELECT COUNT(*) FROM "personal_connections"  WHERE "personal_connections"."verb_id" = $1  [["verb_id", 1548]]
11:08:37 web.1  |   [1m[35m (0.3ms)[0m  SELECT COUNT(*) FROM "personal_connections"  WHERE "personal_connections"."verb_id" = $1  [["verb_id", 712]]
11:08:37 web.1  |   [1m[36m (0.3ms)[0m  [1mSELECT COUNT(*) FROM "personal_connections"  WHERE "personal_connections"."verb_id" = $1[0m  [["verb_id", 328]]
11:08:37 web.1  |   [1m[36m (0.2ms)[0m  [1mSELECT COUNT(*) FROM "personal_connections"  WHERE "personal_connections"."verb_id" = $1[0m  [["verb_id", 44]]
11:08:37 web.1  |   [1m[35m (0.4ms)[0m  SELECT COUNT(*) FROM "personal_connections"  WHERE "personal_connections"."verb_id" = $1  [["verb_id", 733]]
11:08:37 web.1  |   [1m[35m (0.3ms)[0m  SELECT COUNT(*) FROM "personal_connections"  WHERE "personal_connections"."verb_id" = $1  [["verb_id", 1260]]
11:08:37 web.1  |   [1m[36m (0.3ms)[0m  [1mSELECT COUNT(*) FROM "personal_connections"  WHERE "personal_connections"."verb_id" = $1[0m  [["verb_id", 1003]]
11:08:37 web.1  |   [1m[36m (0.3ms)[0m  [1mSELECT COUNT(*) FROM "personal_connections"  WHERE "personal_connections"."verb_id" = $1[0m  [["verb_id", 1358]]
11:08:37 web.1  |   [1m[35m (0.3ms)[0m  SELECT COUNT(*) FROM "personal_connections"  WHERE "personal_connections"."verb_id" = $1  [["verb_id", 1508]]
11:08:37 web.1  |   [1m[35m (0.3ms)[0m  SELECT COUNT(*) FROM "personal_connections"  WHERE "personal_connections"."verb_id" = $1  [["verb_id", 1021]]
11:08:37 web.1  |   [1m[36m (0.3ms)[0m  [1mSELECT COUNT(*) FROM "personal_connections"  WHERE "personal_connections"."verb_id" = $1[0m  [["verb_id", 252]]
11:08:37 web.1  |   [1m[36m (0.3ms)[0m  [1mSELECT COUNT(*) FROM "personal_connections"  WHERE "personal_connections"."verb_id" = $1[0m  [["verb_id", 268]]
11:08:37 web.1  |   [1m[35m (0.3ms)[0m  SELECT COUNT(*) FROM "personal_connections"  WHERE "personal_connections"."verb_id" = $1  [["verb_id", 1127]]
11:08:37 web.1  |   [1m[35m (0.3ms)[0m  SELECT COUNT(*) FROM "personal_connections"  WHERE "personal_connections"."verb_id" = $1  [["verb_id", 983]]
11:08:37 web.1  |   [1m[36m (0.3ms)[0m  [1mSELECT COUNT(*) FROM "personal_connections"  WHERE "personal_connections"."verb_id" = $1[0m  [["verb_id", 1241]]
11:08:37 web.1  |   [1m[36m (0.3ms)[0m  [1mSELECT COUNT(*) FROM "personal_connections"  WHERE "personal_connections"."verb_id" = $1[0m  [["verb_id", 796]]
11:08:37 web.1  |   [1m[35m (0.4ms)[0m  SELECT COUNT(*) FROM "personal_connections"  WHERE "personal_connections"."verb_id" = $1  [["verb_id", 1578]]
11:08:37 web.1  |   [1m[35m (0.4ms)[0m  SELECT COUNT(*) FROM "personal_connections"  WHERE "personal_connections"."verb_id" = $1  [["verb_id", 1401]]
11:08:37 web.1  |   [1m[36m (0.3ms)[0m  [1mSELECT COUNT(*) FROM "personal_connections"  WHERE "personal_connections"."verb_id" = $1[0m  [["verb_id", 1203]]
11:08:37 web.1  |   [1m[36m (0.2ms)[0m  [1mSELECT COUNT(*) FROM "personal_connections"  WHERE "personal_connections"."verb_id" = $1[0m  [["verb_id", 1452]]
11:08:37 web.1  |   [1m[35m (0.3ms)[0m  SELECT COUNT(*) FROM "personal_connections"  WHERE "personal_connections"."verb_id" = $1  [["verb_id", 774]]
11:08:37 web.1  |   [1m[35m (0.3ms)[0m  SELECT COUNT(*) FROM "personal_connections"  WHERE "personal_connections"."verb_id" = $1  [["verb_id", 1051]]
11:08:37 web.1  |   [1m[36m (0.3ms)[0m  [1mSELECT COUNT(*) FROM "personal_connections"  WHERE "personal_connections"."verb_id" = $1[0m  [["verb_id", 1011]]
11:08:37 web.1  |   [1m[36m (1.3ms)[0m  [1mSELECT COUNT(*) FROM "personal_connections"  WHERE "personal_connections"."verb_id" = $1[0m  [["verb_id", 660]]
11:08:37 web.1  |   [1m[35m (0.5ms)[0m  SELECT COUNT(*) FROM "personal_connections"  WHERE "personal_connections"."verb_id" = $1  [["verb_id", 712]]
11:08:37 web.1  |   [1m[35m (0.3ms)[0m  SELECT COUNT(*) FROM "personal_connections"  WHERE "personal_connections"."verb_id" = $1  [["verb_id", 664]]
11:08:37 web.1  |   [1m[36m (0.3ms)[0m  [1mSELECT COUNT(*) FROM "personal_connections"  WHERE "personal_connections"."verb_id" = $1[0m  [["verb_id", 328]]
11:08:37 web.1  |   [1m[36m (0.5ms)[0m  [1mSELECT COUNT(*) FROM "personal_connections"  WHERE "personal_connections"."verb_id" = $1[0m  [["verb_id", 1184]]
11:08:37 web.1  |   [1m[35m (0.3ms)[0m  SELECT COUNT(*) FROM "personal_connections"  WHERE "personal_connections"."verb_id" = $1  [["verb_id", 733]]
11:08:37 web.1  |   [1m[35m (0.4ms)[0m  SELECT COUNT(*) FROM "personal_connections"  WHERE "personal_connections"."verb_id" = $1  [["verb_id", 837]]
11:08:37 web.1  |   [1m[36m (0.3ms)[0m  [1mSELECT COUNT(*) FROM "personal_connections"  WHERE "personal_connections"."verb_id" = $1[0m  [["verb_id", 1003]]
11:08:37 web.1  |   [1m[36m (0.3ms)[0m  [1mSELECT COUNT(*) FROM "personal_connections"  WHERE "personal_connections"."verb_id" = $1[0m  [["verb_id", 1244]]
11:08:37 web.1  |   [1m[35m (0.2ms)[0m  SELECT COUNT(*) FROM "personal_connections"  WHERE "personal_connections"."verb_id" = $1  [["verb_id", 1508]]
11:08:37 web.1  |   [1m[36m (0.3ms)[0m  [1mSELECT COUNT(*) FROM "personal_connections"  WHERE "personal_connections"."verb_id" = $1[0m  [["verb_id", 252]]
11:08:37 web.1  |   [1m[35m (0.3ms)[0m  SELECT COUNT(*) FROM "personal_connections"  WHERE "personal_connections"."verb_id" = $1  [["verb_id", 1527]]
11:08:37 web.1  |   [1m[35m (0.3ms)[0m  SELECT COUNT(*) FROM "personal_connections"  WHERE "personal_connections"."verb_id" = $1  [["verb_id", 1127]]
11:08:37 web.1  |   [1m[36m (1.7ms)[0m  [1mSELECT COUNT(*) FROM "personal_connections"  WHERE "personal_connections"."verb_id" = $1[0m  [["verb_id", 997]]
11:08:37 web.1  |   [1m[36m (0.3ms)[0m  [1mSELECT COUNT(*) FROM "personal_connections"  WHERE "personal_connections"."verb_id" = $1[0m  [["verb_id", 1241]]
11:08:37 web.1  |   [1m[35m (0.4ms)[0m  SELECT COUNT(*) FROM "personal_connections"  WHERE "personal_connections"."verb_id" = $1  [["verb_id", 974]]
11:08:37 web.1  |   [1m[35m (0.3ms)[0m  SELECT COUNT(*) FROM "personal_connections"  WHERE "personal_connections"."verb_id" = $1  [["verb_id", 1578]]
11:08:37 web.1  |   [1m[36m (0.3ms)[0m  [1mSELECT COUNT(*) FROM "personal_connections"  WHERE "personal_connections"."verb_id" = $1[0m  [["verb_id", 1085]]
11:08:37 web.1  |   [1m[36m (0.3ms)[0m  [1mSELECT COUNT(*) FROM "personal_connections"  WHERE "personal_connections"."verb_id" = $1[0m  [["verb_id", 1452]]
11:08:37 web.1  |   [1m[35m (0.2ms)[0m  SELECT COUNT(*) FROM "personal_connections"  WHERE "personal_connections"."verb_id" = $1  [["verb_id", 260]]
11:08:37 web.1  |   [1m[35m (0.4ms)[0m  SELECT COUNT(*) FROM "personal_connections"  WHERE "personal_connections"."verb_id" = $1  [["verb_id", 1051]]
11:08:37 web.1  |   [1m[36m (0.4ms)[0m  [1mSELECT COUNT(*) FROM "personal_connections"  WHERE "personal_connections"."verb_id" = $1[0m  [["verb_id", 660]]
11:08:37 web.1  |   [1m[35m (0.4ms)[0m  SELECT COUNT(*) FROM "personal_connections"  WHERE "personal_connections"."verb_id" = $1  [["verb_id", 664]]
11:08:37 web.1  |   [1m[36m (0.3ms)[0m  [1mSELECT COUNT(*) FROM "personal_connections"  WHERE "personal_connections"."verb_id" = $1[0m  [["verb_id", 1078]]
11:08:37 web.1  |   [1m[36m (0.2ms)[0m  [1mSELECT COUNT(*) FROM "personal_connections"  WHERE "personal_connections"."verb_id" = $1[0m  [["verb_id", 1184]]
11:08:37 web.1  |   [1m[35m (0.4ms)[0m  SELECT COUNT(*) FROM "personal_connections"  WHERE "personal_connections"."verb_id" = $1  [["verb_id", 837]]
11:08:37 web.1  |   [1m[35m (0.3ms)[0m  SELECT COUNT(*) FROM "personal_connections"  WHERE "personal_connections"."verb_id" = $1  [["verb_id", 1187]]
11:08:37 web.1  |   [1m[36m (0.3ms)[0m  [1mSELECT COUNT(*) FROM "personal_connections"  WHERE "personal_connections"."verb_id" = $1[0m  [["verb_id", 1244]]
11:08:37 web.1  |   [1m[36m (0.3ms)[0m  [1mSELECT COUNT(*) FROM "personal_connections"  WHERE "personal_connections"."verb_id" = $1[0m  [["verb_id", 189]]
11:08:37 web.1  |   [1m[35m (0.3ms)[0m  SELECT COUNT(*) FROM "personal_connections"  WHERE "personal_connections"."verb_id" = $1  [["verb_id", 1527]]
11:08:37 web.1  |   [1m[35m (0.3ms)[0m  SELECT COUNT(*) FROM "personal_connections"  WHERE "personal_connections"."verb_id" = $1  [["verb_id", 1419]]
11:08:37 web.1  |   [1m[36m (0.3ms)[0m  [1mSELECT COUNT(*) FROM "personal_connections"  WHERE "personal_connections"."verb_id" = $1[0m  [["verb_id", 997]]
11:08:37 web.1  |   [1m[36m (0.3ms)[0m  [1mSELECT COUNT(*) FROM "personal_connections"  WHERE "personal_connections"."verb_id" = $1[0m  [["verb_id", 1511]]
11:08:37 web.1  |   [1m[35m (0.3ms)[0m  SELECT COUNT(*) FROM "personal_connections"  WHERE "personal_connections"."verb_id" = $1  [["verb_id", 974]]
11:08:37 web.1  |   [1m[35m (0.3ms)[0m  SELECT COUNT(*) FROM "personal_connections"  WHERE "personal_connections"."verb_id" = $1  [["verb_id", 875]]
11:08:37 web.1  |   [1m[36m (0.3ms)[0m  [1mSELECT COUNT(*) FROM "personal_connections"  WHERE "personal_connections"."verb_id" = $1[0m  [["verb_id", 1085]]
11:08:37 web.1  |   [1m[36m (0.3ms)[0m  [1mSELECT COUNT(*) FROM "personal_connections"  WHERE "personal_connections"."verb_id" = $1[0m  [["verb_id", 616]]
11:08:37 web.1  |   [1m[35m (0.3ms)[0m  SELECT COUNT(*) FROM "personal_connections"  WHERE "personal_connections"."verb_id" = $1  [["verb_id", 260]]
11:08:37 web.1  |   [1m[35m (0.3ms)[0m  SELECT COUNT(*) FROM "personal_connections"  WHERE "personal_connections"."verb_id" = $1  [["verb_id", 1080]]
11:08:37 web.1  |   [1m[36m (0.3ms)[0m  [1mSELECT COUNT(*) FROM "personal_connections"  WHERE "personal_connections"."verb_id" = $1[0m  [["verb_id", 1078]]
11:08:37 web.1  |   [1m[36m (0.3ms)[0m  [1mSELECT COUNT(*) FROM "personal_connections"  WHERE "personal_connections"."verb_id" = $1[0m  [["verb_id", 1079]]
11:08:37 web.1  |   [1m[35m (0.3ms)[0m  SELECT COUNT(*) FROM "personal_connections"  WHERE "personal_connections"."verb_id" = $1  [["verb_id", 1187]]
11:08:37 web.1  |   [1m[36m (0.4ms)[0m  [1mSELECT COUNT(*) FROM "personal_connections"  WHERE "personal_connections"."verb_id" = $1[0m  [["verb_id", 189]]
11:08:37 web.1  |   [1m[35m (0.3ms)[0m  SELECT COUNT(*) FROM "personal_connections"  WHERE "personal_connections"."verb_id" = $1  [["verb_id", 1395]]
11:08:37 web.1  |   [1m[35m (0.4ms)[0m  SELECT COUNT(*) FROM "personal_connections"  WHERE "personal_connections"."verb_id" = $1  [["verb_id", 1419]]
11:08:37 web.1  |   [1m[36m (0.5ms)[0m  [1mSELECT COUNT(*) FROM "personal_connections"  WHERE "personal_connections"."verb_id" = $1[0m  [["verb_id", 1236]]
11:08:37 web.1  |   [1m[35m (0.3ms)[0m  SELECT COUNT(*) FROM "personal_connections"  WHERE "personal_connections"."verb_id" = $1  [["verb_id", 1271]]
11:08:37 web.1  |   [1m[36m (0.3ms)[0m  [1mSELECT COUNT(*) FROM "personal_connections"  WHERE "personal_connections"."verb_id" = $1[0m  [["verb_id", 1511]]
11:08:37 web.1  |   [1m[36m (0.3ms)[0m  [1mSELECT COUNT(*) FROM "personal_connections"  WHERE "personal_connections"."verb_id" = $1[0m  [["verb_id", 1344]]
11:08:37 web.1  |   [1m[35m (0.3ms)[0m  SELECT COUNT(*) FROM "personal_connections"  WHERE "personal_connections"."verb_id" = $1  [["verb_id", 875]]
11:08:37 web.1  |   [1m[35m (0.3ms)[0m  SELECT COUNT(*) FROM "personal_connections"  WHERE "personal_connections"."verb_id" = $1  [["verb_id", 891]]
11:08:37 web.1  |   [1m[36m (0.4ms)[0m  [1mSELECT COUNT(*) FROM "personal_connections"  WHERE "personal_connections"."verb_id" = $1[0m  [["verb_id", 770]]
11:08:37 web.1  |   [1m[35m (0.3ms)[0m  SELECT COUNT(*) FROM "personal_connections"  WHERE "personal_connections"."verb_id" = $1  [["verb_id", 1566]]
11:08:37 web.1  |   [1m[36m (0.3ms)[0m  [1mSELECT COUNT(*) FROM "personal_connections"  WHERE "personal_connections"."verb_id" = $1[0m  [["verb_id", 616]]
11:08:37 web.1  |   [1m[36m (0.3ms)[0m  [1mSELECT COUNT(*) FROM "personal_connections"  WHERE "personal_connections"."verb_id" = $1[0m  [["verb_id", 1440]]
11:08:37 web.1  |   [1m[35m (0.3ms)[0m  SELECT COUNT(*) FROM "personal_connections"  WHERE "personal_connections"."verb_id" = $1  [["verb_id", 1080]]
11:08:37 web.1  |   [1m[35m (0.3ms)[0m  SELECT COUNT(*) FROM "personal_connections"  WHERE "personal_connections"."verb_id" = $1  [["verb_id", 1014]]
11:08:37 web.1  |   [1m[36m (0.3ms)[0m  [1mSELECT COUNT(*) FROM "personal_connections"  WHERE "personal_connections"."verb_id" = $1[0m  [["verb_id", 1079]]
11:08:37 web.1  |   [1m[36m (0.3ms)[0m  [1mSELECT COUNT(*) FROM "personal_connections"  WHERE "personal_connections"."verb_id" = $1[0m  [["verb_id", 788]]
11:08:37 web.1  |   [1m[35m (0.3ms)[0m  SELECT COUNT(*) FROM "personal_connections"  WHERE "personal_connections"."verb_id" = $1  [["verb_id", 1395]]
11:08:37 web.1  |   [1m[35m (0.3ms)[0m  SELECT COUNT(*) FROM "personal_connections"  WHERE "personal_connections"."verb_id" = $1  [["verb_id", 1350]]
11:08:37 web.1  |   [1m[36m (0.3ms)[0m  [1mSELECT COUNT(*) FROM "personal_connections"  WHERE "personal_connections"."verb_id" = $1[0m  [["verb_id", 1236]]
11:08:37 web.1  |   [1m[36m (0.4ms)[0m  [1mSELECT COUNT(*) FROM "personal_connections"  WHERE "personal_connections"."verb_id" = $1[0m  [["verb_id", 1377]]
11:08:37 web.1  |   [1m[35m (0.3ms)[0m  SELECT COUNT(*) FROM "personal_connections"  WHERE "personal_connections"."verb_id" = $1  [["verb_id", 1271]]
11:08:37 web.1  |   [1m[35m (0.4ms)[0m  SELECT COUNT(*) FROM "personal_connections"  WHERE "personal_connections"."verb_id" = $1  [["verb_id", 1092]]
11:08:37 web.1  |   [1m[36m (0.3ms)[0m  [1mSELECT COUNT(*) FROM "personal_connections"  WHERE "personal_connections"."verb_id" = $1[0m  [["verb_id", 1344]]
11:08:37 web.1  |   [1m[36m (0.4ms)[0m  [1mSELECT COUNT(*) FROM "personal_connections"  WHERE "personal_connections"."verb_id" = $1[0m  [["verb_id", 22]]
11:08:37 web.1  |   [1m[35m (0.4ms)[0m  SELECT COUNT(*) FROM "personal_connections"  WHERE "personal_connections"."verb_id" = $1  [["verb_id", 891]]
11:08:37 web.1  |   [1m[35m (0.3ms)[0m  SELECT COUNT(*) FROM "personal_connections"  WHERE "personal_connections"."verb_id" = $1  [["verb_id", 947]]
11:08:37 web.1  |   [1m[36m (0.3ms)[0m  [1mSELECT COUNT(*) FROM "personal_connections"  WHERE "personal_connections"."verb_id" = $1[0m  [["verb_id", 770]]
11:08:37 web.1  |   [1m[36m (0.3ms)[0m  [1mSELECT COUNT(*) FROM "personal_connections"  WHERE "personal_connections"."verb_id" = $1[0m  [["verb_id", 790]]
11:08:37 web.1  |   [1m[35m (0.2ms)[0m  SELECT COUNT(*) FROM "personal_connections"  WHERE "personal_connections"."verb_id" = $1  [["verb_id", 1566]]
11:08:37 web.1  |   [1m[36m (0.4ms)[0m  [1mSELECT COUNT(*) FROM "personal_connections"  WHERE "personal_connections"."verb_id" = $1[0m  [["verb_id", 1440]]
11:08:37 web.1  |   [1m[35m (0.5ms)[0m  SELECT COUNT(*) FROM "personal_connections"  WHERE "personal_connections"."verb_id" = $1  [["verb_id", 1528]]
11:08:37 web.1  |   [1m[35m (0.4ms)[0m  SELECT COUNT(*) FROM "personal_connections"  WHERE "personal_connections"."verb_id" = $1  [["verb_id", 1014]]
11:08:37 web.1  |   [1m[36m (0.3ms)[0m  [1mSELECT COUNT(*) FROM "personal_connections"  WHERE "personal_connections"."verb_id" = $1[0m  [["verb_id", 797]]
11:08:37 web.1  |   [1m[36m (0.3ms)[0m  [1mSELECT COUNT(*) FROM "personal_connections"  WHERE "personal_connections"."verb_id" = $1[0m  [["verb_id", 788]]
11:08:37 web.1  |   [1m[35m (0.3ms)[0m  SELECT COUNT(*) FROM "personal_connections"  WHERE "personal_connections"."verb_id" = $1  [["verb_id", 620]]
11:08:37 web.1  |   [1m[35m (0.3ms)[0m  SELECT COUNT(*) FROM "personal_connections"  WHERE "personal_connections"."verb_id" = $1  [["verb_id", 1350]]
11:08:37 web.1  |   [1m[36m (0.3ms)[0m  [1mSELECT COUNT(*) FROM "personal_connections"  WHERE "personal_connections"."verb_id" = $1[0m  [["verb_id", 1340]]
11:08:37 web.1  |   [1m[36m (0.3ms)[0m  [1mSELECT COUNT(*) FROM "personal_connections"  WHERE "personal_connections"."verb_id" = $1[0m  [["verb_id", 1377]]
11:08:37 web.1  |   [1m[35m (0.5ms)[0m  SELECT COUNT(*) FROM "personal_connections"  WHERE "personal_connections"."verb_id" = $1  [["verb_id", 1092]]
11:08:37 web.1  |   [1m[35m (0.3ms)[0m  SELECT COUNT(*) FROM "personal_connections"  WHERE "personal_connections"."verb_id" = $1  [["verb_id", 771]]
11:08:37 web.1  |   [1m[36m (0.4ms)[0m  [1mSELECT COUNT(*) FROM "personal_connections"  WHERE "personal_connections"."verb_id" = $1[0m  [["verb_id", 22]]
11:08:37 web.1  |   [1m[36m (0.4ms)[0m  [1mSELECT COUNT(*) FROM "personal_connections"  WHERE "personal_connections"."verb_id" = $1[0m  [["verb_id", 218]]
11:08:37 web.1  |   [1m[35m (0.3ms)[0m  SELECT COUNT(*) FROM "personal_connections"  WHERE "personal_connections"."verb_id" = $1  [["verb_id", 947]]
11:08:37 web.1  |   [1m[35m (0.3ms)[0m  SELECT COUNT(*) FROM "personal_connections"  WHERE "personal_connections"."verb_id" = $1  [["verb_id", 382]]
11:08:37 web.1  |   [1m[36m (0.3ms)[0m  [1mSELECT COUNT(*) FROM "personal_connections"  WHERE "personal_connections"."verb_id" = $1[0m  [["verb_id", 790]]
11:08:37 web.1  |   [1m[36m (0.3ms)[0m  [1mSELECT COUNT(*) FROM "personal_connections"  WHERE "personal_connections"."verb_id" = $1[0m  [["verb_id", 799]]
11:08:37 web.1  |   [1m[35m (0.3ms)[0m  SELECT COUNT(*) FROM "personal_connections"  WHERE "personal_connections"."verb_id" = $1  [["verb_id", 1528]]
11:08:37 web.1  |   [1m[35m (0.4ms)[0m  SELECT COUNT(*) FROM "personal_connections"  WHERE "personal_connections"."verb_id" = $1  [["verb_id", 1442]]
11:08:37 web.1  |   [1m[36m (0.2ms)[0m  [1mSELECT COUNT(*) FROM "personal_connections"  WHERE "personal_connections"."verb_id" = $1[0m  [["verb_id", 797]]
11:08:37 web.1  |   [1m[35m (0.3ms)[0m  SELECT COUNT(*) FROM "personal_connections"  WHERE "personal_connections"."verb_id" = $1  [["verb_id", 620]]
11:08:37 web.1  |   [1m[36m (0.3ms)[0m  [1mSELECT COUNT(*) FROM "personal_connections"  WHERE "personal_connections"."verb_id" = $1[0m  [["verb_id", 838]]
11:08:37 web.1  |   [1m[36m (0.3ms)[0m  [1mSELECT COUNT(*) FROM "personal_connections"  WHERE "personal_connections"."verb_id" = $1[0m  [["verb_id", 1340]]
11:08:37 web.1  |   [1m[35m (0.4ms)[0m  SELECT COUNT(*) FROM "personal_connections"  WHERE "personal_connections"."verb_id" = $1  [["verb_id", 851]]
11:08:37 web.1  |   [1m[35m (0.4ms)[0m  SELECT COUNT(*) FROM "personal_connections"  WHERE "personal_connections"."verb_id" = $1  [["verb_id", 771]]
11:08:37 web.1  |   [1m[36m (0.4ms)[0m  [1mSELECT COUNT(*) FROM "personal_connections"  WHERE "personal_connections"."verb_id" = $1[0m  [["verb_id", 218]]
11:08:37 web.1  |   [1m[36m (0.2ms)[0m  [1mSELECT COUNT(*) FROM "personal_connections"  WHERE "personal_connections"."verb_id" = $1[0m  [["verb_id", 1546]]
11:08:37 web.1  |   [1m[35m (0.4ms)[0m  SELECT COUNT(*) FROM "personal_connections"  WHERE "personal_connections"."verb_id" = $1  [["verb_id", 382]]
11:08:37 web.1  |   [1m[35m (0.5ms)[0m  SELECT COUNT(*) FROM "personal_connections"  WHERE "personal_connections"."verb_id" = $1  [["verb_id", 925]]
11:08:37 web.1  |   [1m[36m (0.3ms)[0m  [1mSELECT COUNT(*) FROM "personal_connections"  WHERE "personal_connections"."verb_id" = $1[0m  [["verb_id", 799]]
11:08:37 web.1  |   [1m[36m (0.5ms)[0m  [1mSELECT COUNT(*) FROM "personal_connections"  WHERE "personal_connections"."verb_id" = $1[0m  [["verb_id", 956]]
11:08:37 web.1  |   [1m[35m (0.3ms)[0m  SELECT COUNT(*) FROM "personal_connections"  WHERE "personal_connections"."verb_id" = $1  [["verb_id", 1442]]
11:08:37 web.1  |   [1m[35m (0.5ms)[0m  SELECT COUNT(*) FROM "personal_connections"  WHERE "personal_connections"."verb_id" = $1  [["verb_id", 1497]]
11:08:37 web.1  |   [1m[36m (0.4ms)[0m  [1mSELECT COUNT(*) FROM "personal_connections"  WHERE "personal_connections"."verb_id" = $1[0m  [["verb_id", 838]]
11:08:37 web.1  |   [1m[36m (0.5ms)[0m  [1mSELECT COUNT(*) FROM "personal_connections"  WHERE "personal_connections"."verb_id" = $1[0m  [["verb_id", 1512]]
11:08:37 web.1  |   [1m[35m (0.3ms)[0m  SELECT COUNT(*) FROM "personal_connections"  WHERE "personal_connections"."verb_id" = $1  [["verb_id", 851]]
11:08:37 web.1  |   [1m[35m (0.5ms)[0m  SELECT COUNT(*) FROM "personal_connections"  WHERE "personal_connections"."verb_id" = $1  [["verb_id", 1253]]
11:08:37 web.1  |   [1m[36m (0.3ms)[0m  [1mSELECT COUNT(*) FROM "personal_connections"  WHERE "personal_connections"."verb_id" = $1[0m  [["verb_id", 1546]]
11:08:37 web.1  |   [1m[36m (0.5ms)[0m  [1mSELECT COUNT(*) FROM "personal_connections"  WHERE "personal_connections"."verb_id" = $1[0m  [["verb_id", 854]]
11:08:37 web.1  |   [1m[35m (0.5ms)[0m  SELECT COUNT(*) FROM "personal_connections"  WHERE "personal_connections"."verb_id" = $1  [["verb_id", 925]]
11:08:37 web.1  |   [1m[35m (0.5ms)[0m  SELECT COUNT(*) FROM "personal_connections"  WHERE "personal_connections"."verb_id" = $1  [["verb_id", 1145]]
11:08:37 web.1  |   [1m[36m (0.3ms)[0m  [1mSELECT COUNT(*) FROM "personal_connections"  WHERE "personal_connections"."verb_id" = $1[0m  [["verb_id", 956]]
11:08:37 web.1  |   [1m[35m (0.2ms)[0m  SELECT COUNT(*) FROM "personal_connections"  WHERE "personal_connections"."verb_id" = $1  [["verb_id", 1497]]
11:08:37 web.1  |   [1m[36m (0.3ms)[0m  [1mSELECT COUNT(*) FROM "personal_connections"  WHERE "personal_connections"."verb_id" = $1[0m  [["verb_id", 1146]]
11:08:37 web.1  |   [1m[35m (0.4ms)[0m  SELECT COUNT(*) FROM "personal_connections"  WHERE "personal_connections"."verb_id" = $1  [["verb_id", 1075]]
11:08:37 web.1  |   [1m[36m (0.5ms)[0m  [1mSELECT COUNT(*) FROM "personal_connections"  WHERE "personal_connections"."verb_id" = $1[0m  [["verb_id", 1512]]
11:08:37 web.1  |   [1m[35m (0.3ms)[0m  SELECT COUNT(*) FROM "personal_connections"  WHERE "personal_connections"."verb_id" = $1  [["verb_id", 1253]]
11:08:37 web.1  |   [1m[36m (0.3ms)[0m  [1mSELECT COUNT(*) FROM "personal_connections"  WHERE "personal_connections"."verb_id" = $1[0m  [["verb_id", 1067]]
11:08:37 web.1  |   [1m[36m (0.5ms)[0m  [1mSELECT COUNT(*) FROM "personal_connections"  WHERE "personal_connections"."verb_id" = $1[0m  [["verb_id", 854]]
11:08:37 web.1  |   [1m[35m (0.3ms)[0m  SELECT COUNT(*) FROM "personal_connections"  WHERE "personal_connections"."verb_id" = $1  [["verb_id", 590]]
11:08:37 web.1  |   [1m[35m (0.5ms)[0m  SELECT COUNT(*) FROM "personal_connections"  WHERE "personal_connections"."verb_id" = $1  [["verb_id", 1145]]
11:08:37 web.1  |   [1m[36m (0.3ms)[0m  [1mSELECT COUNT(*) FROM "personal_connections"  WHERE "personal_connections"."verb_id" = $1[0m  [["verb_id", 1281]]
11:08:37 web.1  |   [1m[36m (0.3ms)[0m  [1mSELECT COUNT(*) FROM "personal_connections"  WHERE "personal_connections"."verb_id" = $1[0m  [["verb_id", 1146]]
11:08:37 web.1  |   [1m[35m (0.5ms)[0m  SELECT COUNT(*) FROM "personal_connections"  WHERE "personal_connections"."verb_id" = $1  [["verb_id", 662]]
11:08:37 web.1  |   [1m[35m (0.5ms)[0m  SELECT COUNT(*) FROM "personal_connections"  WHERE "personal_connections"."verb_id" = $1  [["verb_id", 1075]]
11:08:37 web.1  |   [1m[36m (0.6ms)[0m  [1mSELECT COUNT(*) FROM "personal_connections"  WHERE "personal_connections"."verb_id" = $1[0m  [["verb_id", 63]]
11:08:37 web.1  |   [1m[36m (1.0ms)[0m  [1mSELECT COUNT(*) FROM "personal_connections"  WHERE "personal_connections"."verb_id" = $1[0m  [["verb_id", 1067]]
11:08:37 web.1  |   [1m[35m (0.4ms)[0m  SELECT COUNT(*) FROM "personal_connections"  WHERE "personal_connections"."verb_id" = $1  [["verb_id", 1503]]
11:08:37 web.1  |   [1m[35m (0.4ms)[0m  SELECT COUNT(*) FROM "personal_connections"  WHERE "personal_connections"."verb_id" = $1  [["verb_id", 590]]
11:08:37 web.1  |   [1m[36m (0.3ms)[0m  [1mSELECT COUNT(*) FROM "personal_connections"  WHERE "personal_connections"."verb_id" = $1[0m  [["verb_id", 1281]]
11:08:37 web.1  |   [1m[36m (0.2ms)[0m  [1mSELECT COUNT(*) FROM "personal_connections"  WHERE "personal_connections"."verb_id" = $1[0m  [["verb_id", 1237]]
11:08:37 web.1  |   [1m[35m (0.4ms)[0m  SELECT COUNT(*) FROM "personal_connections"  WHERE "personal_connections"."verb_id" = $1  [["verb_id", 662]]
11:08:37 web.1  |   [1m[35m (0.3ms)[0m  SELECT COUNT(*) FROM "personal_connections"  WHERE "personal_connections"."verb_id" = $1  [["verb_id", 648]]
11:08:37 web.1  |   [1m[36m (0.3ms)[0m  [1mSELECT COUNT(*) FROM "personal_connections"  WHERE "personal_connections"."verb_id" = $1[0m  [["verb_id", 63]]
11:08:37 web.1  |   [1m[36m (0.3ms)[0m  [1mSELECT COUNT(*) FROM "personal_connections"  WHERE "personal_connections"."verb_id" = $1[0m  [["verb_id", 410]]
11:08:37 web.1  |   [1m[35m (0.3ms)[0m  SELECT COUNT(*) FROM "personal_connections"  WHERE "personal_connections"."verb_id" = $1  [["verb_id", 1503]]
11:08:37 web.1  |   [1m[35m (0.3ms)[0m  SELECT COUNT(*) FROM "personal_connections"  WHERE "personal_connections"."verb_id" = $1  [["verb_id", 1018]]
11:08:37 web.1  |   [1m[36m (0.3ms)[0m  [1mSELECT COUNT(*) FROM "personal_connections"  WHERE "personal_connections"."verb_id" = $1[0m  [["verb_id", 1237]]
11:08:37 web.1  |   [1m[36m (0.3ms)[0m  [1mSELECT COUNT(*) FROM "personal_connections"  WHERE "personal_connections"."verb_id" = $1[0m  [["verb_id", 1228]]
11:08:37 web.1  |   [1m[35m (0.3ms)[0m  SELECT COUNT(*) FROM "personal_connections"  WHERE "personal_connections"."verb_id" = $1  [["verb_id", 648]]
11:08:37 web.1  |   [1m[35m (0.3ms)[0m  SELECT COUNT(*) FROM "personal_connections"  WHERE "personal_connections"."verb_id" = $1  [["verb_id", 1456]]
11:08:37 web.1  |   [1m[36m (0.3ms)[0m  [1mSELECT COUNT(*) FROM "personal_connections"  WHERE "personal_connections"."verb_id" = $1[0m  [["verb_id", 410]]
11:08:37 web.1  |   [1m[36m (0.3ms)[0m  [1mSELECT COUNT(*) FROM "personal_connections"  WHERE "personal_connections"."verb_id" = $1[0m  [["verb_id", 1165]]
11:08:37 web.1  |   [1m[35m (0.3ms)[0m  SELECT COUNT(*) FROM "personal_connections"  WHERE "personal_connections"."verb_id" = $1  [["verb_id", 1018]]
11:08:37 web.1  |   [1m[35m (0.3ms)[0m  SELECT COUNT(*) FROM "personal_connections"  WHERE "personal_connections"."verb_id" = $1  [["verb_id", 185]]
11:08:37 web.1  |   [1m[36m (1.0ms)[0m  [1mSELECT COUNT(*) FROM "personal_connections"  WHERE "personal_connections"."verb_id" = $1[0m  [["verb_id", 1228]]
11:08:37 web.1  |   [1m[36m (0.3ms)[0m  [1mSELECT COUNT(*) FROM "personal_connections"  WHERE "personal_connections"."verb_id" = $1[0m  [["verb_id", 444]]
11:08:37 web.1  |   [1m[35m (0.3ms)[0m  SELECT COUNT(*) FROM "personal_connections"  WHERE "personal_connections"."verb_id" = $1  [["verb_id", 1456]]
11:08:37 web.1  |   [1m[36m (0.3ms)[0m  [1mSELECT COUNT(*) FROM "personal_connections"  WHERE "personal_connections"."verb_id" = $1[0m  [["verb_id", 1165]]
11:08:37 web.1  |   [1m[35m (0.3ms)[0m  SELECT COUNT(*) FROM "personal_connections"  WHERE "personal_connections"."verb_id" = $1  [["verb_id", 650]]
11:08:37 web.1  |   [1m[35m (0.4ms)[0m  SELECT COUNT(*) FROM "personal_connections"  WHERE "personal_connections"."verb_id" = $1  [["verb_id", 185]]
11:08:37 web.1  |   [1m[36m (0.3ms)[0m  [1mSELECT COUNT(*) FROM "personal_connections"  WHERE "personal_connections"."verb_id" = $1[0m  [["verb_id", 1577]]
11:08:37 web.1  |   [1m[36m (0.3ms)[0m  [1mSELECT COUNT(*) FROM "personal_connections"  WHERE "personal_connections"."verb_id" = $1[0m  [["verb_id", 444]]
11:08:37 web.1  |   [1m[35m (0.3ms)[0m  SELECT COUNT(*) FROM "personal_connections"  WHERE "personal_connections"."verb_id" = $1  [["verb_id", 1126]]
11:08:37 web.1  |   [1m[35m (0.4ms)[0m  SELECT COUNT(*) FROM "personal_connections"  WHERE "personal_connections"."verb_id" = $1  [["verb_id", 650]]
11:08:37 web.1  |   [1m[36m (0.3ms)[0m  [1mSELECT COUNT(*) FROM "personal_connections"  WHERE "personal_connections"."verb_id" = $1[0m  [["verb_id", 1012]]
11:08:37 web.1  |   [1m[36m (0.3ms)[0m  [1mSELECT COUNT(*) FROM "personal_connections"  WHERE "personal_connections"."verb_id" = $1[0m  [["verb_id", 1577]]
11:08:37 web.1  |   [1m[35m (0.4ms)[0m  SELECT COUNT(*) FROM "personal_connections"  WHERE "personal_connections"."verb_id" = $1  [["verb_id", 1208]]
11:08:37 web.1  |   [1m[35m (0.2ms)[0m  SELECT COUNT(*) FROM "personal_connections"  WHERE "personal_connections"."verb_id" = $1  [["verb_id", 1126]]
11:08:37 web.1  |   [1m[36m (0.3ms)[0m  [1mSELECT COUNT(*) FROM "personal_connections"  WHERE "personal_connections"."verb_id" = $1[0m  [["verb_id", 1012]]
11:08:37 web.1  |   [1m[36m (1.3ms)[0m  [1mSELECT COUNT(*) FROM "personal_connections"  WHERE "personal_connections"."verb_id" = $1[0m  [["verb_id", 1414]]
11:08:37 web.1  |   [1m[35m (0.3ms)[0m  SELECT COUNT(*) FROM "personal_connections"  WHERE "personal_connections"."verb_id" = $1  [["verb_id", 1208]]
11:08:37 web.1  |   [1m[35m (0.3ms)[0m  SELECT COUNT(*) FROM "personal_connections"  WHERE "personal_connections"."verb_id" = $1  [["verb_id", 1098]]
11:08:37 web.1  |   [1m[36m (0.3ms)[0m  [1mSELECT COUNT(*) FROM "personal_connections"  WHERE "personal_connections"."verb_id" = $1[0m  [["verb_id", 1414]]
11:08:37 web.1  |   [1m[36m (0.3ms)[0m  [1mSELECT COUNT(*) FROM "personal_connections"  WHERE "personal_connections"."verb_id" = $1[0m  [["verb_id", 1513]]
11:08:37 web.1  |   [1m[35m (0.3ms)[0m  SELECT COUNT(*) FROM "personal_connections"  WHERE "personal_connections"."verb_id" = $1  [["verb_id", 1098]]
11:08:37 web.1  |   [1m[35m (1.9ms)[0m  SELECT COUNT(*) FROM "personal_connections"  WHERE "personal_connections"."verb_id" = $1  [["verb_id", 362]]
11:08:37 web.1  |   [1m[36m (0.3ms)[0m  [1mSELECT COUNT(*) FROM "personal_connections"  WHERE "personal_connections"."verb_id" = $1[0m  [["verb_id", 1513]]
11:08:37 web.1  |   [1m[36m (0.2ms)[0m  [1mSELECT COUNT(*) FROM "personal_connections"  WHERE "personal_connections"."verb_id" = $1[0m  [["verb_id", 1136]]
11:08:37 web.1  |   [1m[35m (0.5ms)[0m  SELECT COUNT(*) FROM "personal_connections"  WHERE "personal_connections"."verb_id" = $1  [["verb_id", 362]]
11:08:37 web.1  |   [1m[36m (0.3ms)[0m  [1mSELECT COUNT(*) FROM "personal_connections"  WHERE "personal_connections"."verb_id" = $1[0m  [["verb_id", 1136]]
11:08:37 web.1  |   [1m[35m (0.3ms)[0m  SELECT COUNT(*) FROM "personal_connections"  WHERE "personal_connections"."verb_id" = $1  [["verb_id", 1498]]
11:08:37 web.1  |   [1m[35m (0.3ms)[0m  SELECT COUNT(*) FROM "personal_connections"  WHERE "personal_connections"."verb_id" = $1  [["verb_id", 1498]]
11:08:37 web.1  |   [1m[36m (0.2ms)[0m  [1mSELECT COUNT(*) FROM "personal_connections"  WHERE "personal_connections"."verb_id" = $1[0m  [["verb_id", 1555]]
11:08:37 web.1  |   [1m[36m (0.3ms)[0m  [1mSELECT COUNT(*) FROM "personal_connections"  WHERE "personal_connections"."verb_id" = $1[0m  [["verb_id", 1555]]
11:08:37 web.1  |   [1m[35m (0.3ms)[0m  SELECT COUNT(*) FROM "personal_connections"  WHERE "personal_connections"."verb_id" = $1  [["verb_id", 1475]]
11:08:37 web.1  |   [1m[35m (0.2ms)[0m  SELECT COUNT(*) FROM "personal_connections"  WHERE "personal_connections"."verb_id" = $1  [["verb_id", 1475]]
11:08:37 web.1  |   [1m[36m (0.3ms)[0m  [1mSELECT COUNT(*) FROM "personal_connections"  WHERE "personal_connections"."verb_id" = $1[0m  [["verb_id", 705]]
11:08:37 web.1  |   [1m[36m (0.2ms)[0m  [1mSELECT COUNT(*) FROM "personal_connections"  WHERE "personal_connections"."verb_id" = $1[0m  [["verb_id", 705]]
11:08:37 web.1  |   [1m[35m (0.3ms)[0m  SELECT COUNT(*) FROM "personal_connections"  WHERE "personal_connections"."verb_id" = $1  [["verb_id", 1478]]
11:08:37 web.1  |   [1m[35m (0.3ms)[0m  SELECT COUNT(*) FROM "personal_connections"  WHERE "personal_connections"."verb_id" = $1  [["verb_id", 1478]]
11:08:37 web.1  |   [1m[36m (0.5ms)[0m  [1mSELECT COUNT(*) FROM "personal_connections"  WHERE "personal_connections"."verb_id" = $1[0m  [["verb_id", 1164]]
11:08:37 web.1  |   [1m[36m (0.3ms)[0m  [1mSELECT COUNT(*) FROM "personal_connections"  WHERE "personal_connections"."verb_id" = $1[0m  [["verb_id", 1164]]
11:08:37 web.1  |   [1m[35m (0.3ms)[0m  SELECT COUNT(*) FROM "personal_connections"  WHERE "personal_connections"."verb_id" = $1  [["verb_id", 741]]
11:08:37 web.1  |   [1m[35m (0.3ms)[0m  SELECT COUNT(*) FROM "personal_connections"  WHERE "personal_connections"."verb_id" = $1  [["verb_id", 741]]
11:08:37 web.1  |   [1m[36m (0.3ms)[0m  [1mSELECT COUNT(*) FROM "personal_connections"  WHERE "personal_connections"."verb_id" = $1[0m  [["verb_id", 1360]]
11:08:37 web.1  |   [1m[35m (0.4ms)[0m  SELECT COUNT(*) FROM "personal_connections"  WHERE "personal_connections"."verb_id" = $1  [["verb_id", 773]]
11:08:37 web.1  |   [1m[36m (0.4ms)[0m  [1mSELECT COUNT(*) FROM "personal_connections"  WHERE "personal_connections"."verb_id" = $1[0m  [["verb_id", 1360]]
11:08:37 web.1  |   [1m[36m (0.3ms)[0m  [1mSELECT COUNT(*) FROM "personal_connections"  WHERE "personal_connections"."verb_id" = $1[0m  [["verb_id", 1024]]
11:08:37 web.1  |   [1m[35m (0.3ms)[0m  SELECT COUNT(*) FROM "personal_connections"  WHERE "personal_connections"."verb_id" = $1  [["verb_id", 1192]]
11:08:37 web.1  |   [1m[35m (0.3ms)[0m  SELECT COUNT(*) FROM "personal_connections"  WHERE "personal_connections"."verb_id" = $1  [["verb_id", 773]]
11:08:37 web.1  |   [1m[36m (0.2ms)[0m  [1mSELECT COUNT(*) FROM "personal_connections"  WHERE "personal_connections"."verb_id" = $1[0m  [["verb_id", 584]]
11:08:37 web.1  |   [1m[35m (0.3ms)[0m  SELECT COUNT(*) FROM "personal_connections"  WHERE "personal_connections"."verb_id" = $1  [["verb_id", 512]]
11:08:37 web.1  |   [1m[36m (0.3ms)[0m  [1mSELECT COUNT(*) FROM "personal_connections"  WHERE "personal_connections"."verb_id" = $1[0m  [["verb_id", 1024]]
11:08:37 web.1  |   [1m[36m (0.3ms)[0m  [1mSELECT COUNT(*) FROM "personal_connections"  WHERE "personal_connections"."verb_id" = $1[0m  [["verb_id", 1068]]
11:08:37 web.1  |   [1m[35m (0.3ms)[0m  SELECT COUNT(*) FROM "personal_connections"  WHERE "personal_connections"."verb_id" = $1  [["verb_id", 1192]]
11:08:37 web.1  |   [1m[35m (0.3ms)[0m  SELECT COUNT(*) FROM "personal_connections"  WHERE "personal_connections"."verb_id" = $1  [["verb_id", 1356]]
11:08:37 web.1  |   [1m[36m (0.3ms)[0m  [1mSELECT COUNT(*) FROM "personal_connections"  WHERE "personal_connections"."verb_id" = $1[0m  [["verb_id", 584]]
11:08:37 web.1  |   [1m[36m (0.3ms)[0m  [1mSELECT COUNT(*) FROM "personal_connections"  WHERE "personal_connections"."verb_id" = $1[0m  [["verb_id", 372]]
11:08:37 web.1  |   [1m[35m (0.3ms)[0m  SELECT COUNT(*) FROM "personal_connections"  WHERE "personal_connections"."verb_id" = $1  [["verb_id", 512]]
11:08:37 web.1  |   [1m[35m (0.3ms)[0m  SELECT COUNT(*) FROM "personal_connections"  WHERE "personal_connections"."verb_id" = $1  [["verb_id", 1302]]
11:08:37 web.1  |   [1m[36m (0.3ms)[0m  [1mSELECT COUNT(*) FROM "personal_connections"  WHERE "personal_connections"."verb_id" = $1[0m  [["verb_id", 1068]]
11:08:37 web.1  |   [1m[36m (0.3ms)[0m  [1mSELECT COUNT(*) FROM "personal_connections"  WHERE "personal_connections"."verb_id" = $1[0m  [["verb_id", 1507]]
11:08:37 web.1  |   [1m[35m (0.3ms)[0m  SELECT COUNT(*) FROM "personal_connections"  WHERE "personal_connections"."verb_id" = $1  [["verb_id", 1356]]
11:08:37 web.1  |   [1m[35m (0.2ms)[0m  SELECT COUNT(*) FROM "personal_connections"  WHERE "personal_connections"."verb_id" = $1  [["verb_id", 232]]
11:08:37 web.1  |   [1m[36m (0.3ms)[0m  [1mSELECT COUNT(*) FROM "personal_connections"  WHERE "personal_connections"."verb_id" = $1[0m  [["verb_id", 1495]]
11:08:37 web.1  |   [1m[36m (0.3ms)[0m  [1mSELECT COUNT(*) FROM "personal_connections"  WHERE "personal_connections"."verb_id" = $1[0m  [["verb_id", 372]]
11:08:37 web.1  |   [1m[35m (0.4ms)[0m  SELECT COUNT(*) FROM "personal_connections"  WHERE "personal_connections"."verb_id" = $1  [["verb_id", 1250]]
11:08:37 web.1  |   [1m[35m (0.4ms)[0m  SELECT COUNT(*) FROM "personal_connections"  WHERE "personal_connections"."verb_id" = $1  [["verb_id", 1302]]
11:08:37 web.1  |   [1m[36m (0.5ms)[0m  [1mSELECT COUNT(*) FROM "personal_connections"  WHERE "personal_connections"."verb_id" = $1[0m  [["verb_id", 715]]
11:08:37 web.1  |   [1m[36m (0.3ms)[0m  [1mSELECT COUNT(*) FROM "personal_connections"  WHERE "personal_connections"."verb_id" = $1[0m  [["verb_id", 1507]]
11:08:37 web.1  |   [1m[35m (0.3ms)[0m  SELECT COUNT(*) FROM "personal_connections"  WHERE "personal_connections"."verb_id" = $1  [["verb_id", 396]]
11:08:38 web.1  |   [1m[35m (0.4ms)[0m  SELECT COUNT(*) FROM "personal_connections"  WHERE "personal_connections"."verb_id" = $1  [["verb_id", 232]]
11:08:38 web.1  |   [1m[36m (0.3ms)[0m  [1mSELECT COUNT(*) FROM "personal_connections"  WHERE "personal_connections"."verb_id" = $1[0m  [["verb_id", 1540]]
11:08:38 web.1  |   [1m[36m (0.3ms)[0m  [1mSELECT COUNT(*) FROM "personal_connections"  WHERE "personal_connections"."verb_id" = $1[0m  [["verb_id", 1495]]
11:08:38 web.1  |   [1m[35m (0.5ms)[0m  SELECT COUNT(*) FROM "personal_connections"  WHERE "personal_connections"."verb_id" = $1  [["verb_id", 13]]
11:08:38 web.1  |   [1m[35m (0.3ms)[0m  SELECT COUNT(*) FROM "personal_connections"  WHERE "personal_connections"."verb_id" = $1  [["verb_id", 1250]]
11:08:38 web.1  |   [1m[36m (0.3ms)[0m  [1mSELECT COUNT(*) FROM "personal_connections"  WHERE "personal_connections"."verb_id" = $1[0m  [["verb_id", 1229]]
11:08:38 web.1  |   [1m[36m (0.3ms)[0m  [1mSELECT COUNT(*) FROM "personal_connections"  WHERE "personal_connections"."verb_id" = $1[0m  [["verb_id", 715]]
11:08:38 web.1  |   [1m[35m (0.3ms)[0m  SELECT COUNT(*) FROM "personal_connections"  WHERE "personal_connections"."verb_id" = $1  [["verb_id", 1053]]
11:08:38 web.1  |   [1m[36m (0.4ms)[0m  [1mSELECT COUNT(*) FROM "personal_connections"  WHERE "personal_connections"."verb_id" = $1[0m  [["verb_id", 302]]
11:08:38 web.1  |   [1m[35m (0.2ms)[0m  SELECT COUNT(*) FROM "personal_connections"  WHERE "personal_connections"."verb_id" = $1  [["verb_id", 396]]
11:08:38 web.1  |   [1m[35m (0.4ms)[0m  SELECT COUNT(*) FROM "personal_connections"  WHERE "personal_connections"."verb_id" = $1  [["verb_id", 917]]
11:08:38 web.1  |   [1m[36m (4.1ms)[0m  [1mSELECT COUNT(*) FROM "personal_connections"  WHERE "personal_connections"."verb_id" = $1[0m  [["verb_id", 1540]]
11:08:38 web.1  |   [1m[36m (0.3ms)[0m  [1mSELECT COUNT(*) FROM "personal_connections"  WHERE "personal_connections"."verb_id" = $1[0m  [["verb_id", 1101]]
11:08:38 web.1  |   [1m[35m (0.6ms)[0m  SELECT COUNT(*) FROM "personal_connections"  WHERE "personal_connections"."verb_id" = $1  [["verb_id", 498]]
11:08:38 web.1  |   [1m[35m (1.8ms)[0m  SELECT COUNT(*) FROM "personal_connections"  WHERE "personal_connections"."verb_id" = $1  [["verb_id", 13]]
11:08:38 web.1  |   [1m[36m (0.3ms)[0m  [1mSELECT COUNT(*) FROM "personal_connections"  WHERE "personal_connections"."verb_id" = $1[0m  [["verb_id", 298]]
11:08:38 web.1  |   [1m[36m (0.3ms)[0m  [1mSELECT COUNT(*) FROM "personal_connections"  WHERE "personal_connections"."verb_id" = $1[0m  [["verb_id", 1229]]
11:08:38 web.1  |   [1m[35m (0.3ms)[0m  SELECT COUNT(*) FROM "personal_connections"  WHERE "personal_connections"."verb_id" = $1  [["verb_id", 506]]
11:08:38 web.1  |   [1m[36m (0.3ms)[0m  [1mSELECT COUNT(*) FROM "personal_connections"  WHERE "personal_connections"."verb_id" = $1[0m  [["verb_id", 1330]]
11:08:38 web.1  |   [1m[35m (0.8ms)[0m  SELECT COUNT(*) FROM "personal_connections"  WHERE "personal_connections"."verb_id" = $1  [["verb_id", 10]]
11:08:38 web.1  |   [1m[36m (0.3ms)[0m  [1mSELECT COUNT(*) FROM "personal_connections"  WHERE "personal_connections"."verb_id" = $1[0m  [["verb_id", 776]]
11:08:38 web.1  |   [1m[35m (0.3ms)[0m  SELECT COUNT(*) FROM "personal_connections"  WHERE "personal_connections"."verb_id" = $1  [["verb_id", 310]]
11:08:38 web.1  |   [1m[35m (0.3ms)[0m  SELECT COUNT(*) FROM "personal_connections"  WHERE "personal_connections"."verb_id" = $1  [["verb_id", 1053]]
11:08:38 web.1  |   [1m[36m (0.4ms)[0m  [1mSELECT COUNT(*) FROM "personal_connections"  WHERE "personal_connections"."verb_id" = $1[0m  [["verb_id", 679]]
11:08:38 web.1  |   [1m[36m (0.5ms)[0m  [1mSELECT COUNT(*) FROM "personal_connections"  WHERE "personal_connections"."verb_id" = $1[0m  [["verb_id", 302]]
11:08:38 web.1  |   [1m[35m (0.3ms)[0m  SELECT COUNT(*) FROM "personal_connections"  WHERE "personal_connections"."verb_id" = $1  [["verb_id", 869]]
11:08:38 web.1  |   [1m[35m (0.3ms)[0m  SELECT COUNT(*) FROM "personal_connections"  WHERE "personal_connections"."verb_id" = $1  [["verb_id", 917]]
11:08:38 web.1  |   [1m[36m (0.3ms)[0m  [1mSELECT COUNT(*) FROM "personal_connections"  WHERE "personal_connections"."verb_id" = $1[0m  [["verb_id", 968]]
11:08:38 web.1  |   [1m[36m (1.0ms)[0m  [1mSELECT COUNT(*) FROM "personal_connections"  WHERE "personal_connections"."verb_id" = $1[0m  [["verb_id", 1101]]
11:08:38 web.1  |   [1m[35m (0.3ms)[0m  SELECT COUNT(*) FROM "personal_connections"  WHERE "personal_connections"."verb_id" = $1  [["verb_id", 1575]]
11:08:38 web.1  |   [1m[36m (0.3ms)[0m  [1mSELECT COUNT(*) FROM "personal_connections"  WHERE "personal_connections"."verb_id" = $1[0m  [["verb_id", 901]]
11:08:38 web.1  |   [1m[35m (0.2ms)[0m  SELECT COUNT(*) FROM "personal_connections"  WHERE "personal_connections"."verb_id" = $1  [["verb_id", 498]]
11:08:38 web.1  |   [1m[35m (0.3ms)[0m  SELECT COUNT(*) FROM "personal_connections"  WHERE "personal_connections"."verb_id" = $1  [["verb_id", 736]]
11:08:38 web.1  |   [1m[36m (0.3ms)[0m  [1mSELECT COUNT(*) FROM "personal_connections"  WHERE "personal_connections"."verb_id" = $1[0m  [["verb_id", 298]]
11:08:38 web.1  |   [1m[36m (0.3ms)[0m  [1mSELECT COUNT(*) FROM "personal_connections"  WHERE "personal_connections"."verb_id" = $1[0m  [["verb_id", 462]]
11:08:38 web.1  |   [1m[35m (0.4ms)[0m  SELECT COUNT(*) FROM "personal_connections"  WHERE "personal_connections"."verb_id" = $1  [["verb_id", 506]]
11:08:38 web.1  |   [1m[35m (0.3ms)[0m  SELECT COUNT(*) FROM "personal_connections"  WHERE "personal_connections"."verb_id" = $1  [["verb_id", 930]]
11:08:38 web.1  |   [1m[36m (0.3ms)[0m  [1mSELECT COUNT(*) FROM "personal_connections"  WHERE "personal_connections"."verb_id" = $1[0m  [["verb_id", 1330]]
11:08:38 web.1  |   [1m[36m (0.4ms)[0m  [1mSELECT COUNT(*) FROM "personal_connections"  WHERE "personal_connections"."verb_id" = $1[0m  [["verb_id", 15]]
11:08:38 web.1  |   [1m[35m (0.4ms)[0m  SELECT COUNT(*) FROM "personal_connections"  WHERE "personal_connections"."verb_id" = $1  [["verb_id", 10]]
11:08:38 web.1  |   [1m[35m (0.3ms)[0m  SELECT COUNT(*) FROM "personal_connections"  WHERE "personal_connections"."verb_id" = $1  [["verb_id", 704]]
11:08:38 web.1  |   [1m[36m (0.4ms)[0m  [1mSELECT COUNT(*) FROM "personal_connections"  WHERE "personal_connections"."verb_id" = $1[0m  [["verb_id", 776]]
11:08:38 web.1  |   [1m[36m (0.2ms)[0m  [1mSELECT COUNT(*) FROM "personal_connections"  WHERE "personal_connections"."verb_id" = $1[0m  [["verb_id", 1552]]
11:08:38 web.1  |   [1m[35m (0.3ms)[0m  SELECT COUNT(*) FROM "personal_connections"  WHERE "personal_connections"."verb_id" = $1  [["verb_id", 1172]]
11:08:38 web.1  |   [1m[35m (0.2ms)[0m  SELECT COUNT(*) FROM "personal_connections"  WHERE "personal_connections"."verb_id" = $1  [["verb_id", 310]]
11:08:38 web.1  |   [1m[36m (0.4ms)[0m  [1mSELECT COUNT(*) FROM "personal_connections"  WHERE "personal_connections"."verb_id" = $1[0m  [["verb_id", 1216]]
11:08:38 web.1  |   [1m[36m (0.5ms)[0m  [1mSELECT COUNT(*) FROM "personal_connections"  WHERE "personal_connections"."verb_id" = $1[0m  [["verb_id", 679]]
11:08:38 web.1  |   [1m[35m (0.3ms)[0m  SELECT COUNT(*) FROM "personal_connections"  WHERE "personal_connections"."verb_id" = $1  [["verb_id", 1557]]
11:08:38 web.1  |   [1m[35m (0.5ms)[0m  SELECT COUNT(*) FROM "personal_connections"  WHERE "personal_connections"."verb_id" = $1  [["verb_id", 869]]
11:08:38 web.1  |   [1m[36m (0.3ms)[0m  [1mSELECT COUNT(*) FROM "personal_connections"  WHERE "personal_connections"."verb_id" = $1[0m  [["verb_id", 576]]
11:08:38 web.1  |   [1m[36m (0.4ms)[0m  [1mSELECT COUNT(*) FROM "personal_connections"  WHERE "personal_connections"."verb_id" = $1[0m  [["verb_id", 968]]
11:08:38 web.1  |   [1m[35m (0.3ms)[0m  SELECT COUNT(*) FROM "personal_connections"  WHERE "personal_connections"."verb_id" = $1  [["verb_id", 846]]
11:08:38 web.1  |   [1m[35m (0.3ms)[0m  SELECT COUNT(*) FROM "personal_connections"  WHERE "personal_connections"."verb_id" = $1  [["verb_id", 1575]]
11:08:38 web.1  |   [1m[36m (0.3ms)[0m  [1mSELECT COUNT(*) FROM "personal_connections"  WHERE "personal_connections"."verb_id" = $1[0m  [["verb_id", 1363]]
11:08:38 web.1  |   [1m[36m (0.3ms)[0m  [1mSELECT COUNT(*) FROM "personal_connections"  WHERE "personal_connections"."verb_id" = $1[0m  [["verb_id", 901]]
11:08:38 web.1  |   [1m[35m (0.3ms)[0m  SELECT COUNT(*) FROM "personal_connections"  WHERE "personal_connections"."verb_id" = $1  [["verb_id", 932]]
11:08:38 web.1  |   [1m[35m (0.3ms)[0m  SELECT COUNT(*) FROM "personal_connections"  WHERE "personal_connections"."verb_id" = $1  [["verb_id", 736]]
11:08:38 web.1  |   [1m[36m (0.3ms)[0m  [1mSELECT COUNT(*) FROM "personal_connections"  WHERE "personal_connections"."verb_id" = $1[0m  [["verb_id", 693]]
11:08:38 web.1  |   [1m[35m (0.5ms)[0m  SELECT COUNT(*) FROM "personal_connections"  WHERE "personal_connections"."verb_id" = $1  [["verb_id", 1153]]
11:08:38 web.1  |   [1m[36m (0.2ms)[0m  [1mSELECT COUNT(*) FROM "personal_connections"  WHERE "personal_connections"."verb_id" = $1[0m  [["verb_id", 462]]
11:08:38 web.1  |   [1m[36m (0.3ms)[0m  [1mSELECT COUNT(*) FROM "personal_connections"  WHERE "personal_connections"."verb_id" = $1[0m  [["verb_id", 829]]
11:08:38 web.1  |   [1m[35m (0.2ms)[0m  SELECT COUNT(*) FROM "personal_connections"  WHERE "personal_connections"."verb_id" = $1  [["verb_id", 930]]
11:08:38 web.1  |   [1m[35m (0.3ms)[0m  SELECT COUNT(*) FROM "personal_connections"  WHERE "personal_connections"."verb_id" = $1  [["verb_id", 1445]]
11:08:38 web.1  |   [1m[36m (0.4ms)[0m  [1mSELECT COUNT(*) FROM "personal_connections"  WHERE "personal_connections"."verb_id" = $1[0m  [["verb_id", 15]]
11:08:38 web.1  |   [1m[36m (0.4ms)[0m  [1mSELECT COUNT(*) FROM "personal_connections"  WHERE "personal_connections"."verb_id" = $1[0m  [["verb_id", 133]]
11:08:38 web.1  |   [1m[35m (0.3ms)[0m  SELECT COUNT(*) FROM "personal_connections"  WHERE "personal_connections"."verb_id" = $1  [["verb_id", 704]]
11:08:38 web.1  |   [1m[35m (0.3ms)[0m  SELECT COUNT(*) FROM "personal_connections"  WHERE "personal_connections"."verb_id" = $1  [["verb_id", 25]]
11:08:38 web.1  |   [1m[36m (0.3ms)[0m  [1mSELECT COUNT(*) FROM "personal_connections"  WHERE "personal_connections"."verb_id" = $1[0m  [["verb_id", 1552]]
11:08:38 web.1  |   [1m[36m (0.3ms)[0m  [1mSELECT COUNT(*) FROM "personal_connections"  WHERE "personal_connections"."verb_id" = $1[0m  [["verb_id", 614]]
11:08:38 web.1  |   [1m[35m (0.3ms)[0m  SELECT COUNT(*) FROM "personal_connections"  WHERE "personal_connections"."verb_id" = $1  [["verb_id", 1172]]
11:08:38 web.1  |   [1m[35m (0.3ms)[0m  SELECT COUNT(*) FROM "personal_connections"  WHERE "personal_connections"."verb_id" = $1  [["verb_id", 117]]
11:08:38 web.1  |   [1m[36m (0.3ms)[0m  [1mSELECT COUNT(*) FROM "personal_connections"  WHERE "personal_connections"."verb_id" = $1[0m  [["verb_id", 1216]]
11:08:38 web.1  |   [1m[36m (0.2ms)[0m  [1mSELECT COUNT(*) FROM "personal_connections"  WHERE "personal_connections"."verb_id" = $1[0m  [["verb_id", 264]]
11:08:38 web.1  |   [1m[35m (0.3ms)[0m  SELECT COUNT(*) FROM "personal_connections"  WHERE "personal_connections"."verb_id" = $1  [["verb_id", 1557]]
11:08:38 web.1  |   [1m[35m (0.3ms)[0m  SELECT COUNT(*) FROM "personal_connections"  WHERE "personal_connections"."verb_id" = $1  [["verb_id", 1382]]
11:08:38 web.1  |   [1m[36m (0.3ms)[0m  [1mSELECT COUNT(*) FROM "personal_connections"  WHERE "personal_connections"."verb_id" = $1[0m  [["verb_id", 352]]
11:08:38 web.1  |   [1m[36m (0.3ms)[0m  [1mSELECT COUNT(*) FROM "personal_connections"  WHERE "personal_connections"."verb_id" = $1[0m  [["verb_id", 576]]
11:08:38 web.1  |   [1m[35m (0.3ms)[0m  SELECT COUNT(*) FROM "personal_connections"  WHERE "personal_connections"."verb_id" = $1  [["verb_id", 1065]]
11:08:38 web.1  |   [1m[35m (0.3ms)[0m  SELECT COUNT(*) FROM "personal_connections"  WHERE "personal_connections"."verb_id" = $1  [["verb_id", 846]]
11:08:38 web.1  |   [1m[36m (0.3ms)[0m  [1mSELECT COUNT(*) FROM "personal_connections"  WHERE "personal_connections"."verb_id" = $1[0m  [["verb_id", 822]]
11:08:38 web.1  |   [1m[36m (0.3ms)[0m  [1mSELECT COUNT(*) FROM "personal_connections"  WHERE "personal_connections"."verb_id" = $1[0m  [["verb_id", 1363]]
11:08:38 web.1  |   [1m[35m (0.3ms)[0m  SELECT COUNT(*) FROM "personal_connections"  WHERE "personal_connections"."verb_id" = $1  [["verb_id", 364]]
11:08:38 web.1  |   [1m[35m (0.3ms)[0m  SELECT COUNT(*) FROM "personal_connections"  WHERE "personal_connections"."verb_id" = $1  [["verb_id", 932]]
11:08:38 web.1  |   [1m[36m (0.4ms)[0m  [1mSELECT COUNT(*) FROM "personal_connections"  WHERE "personal_connections"."verb_id" = $1[0m  [["verb_id", 693]]
11:08:38 web.1  |   [1m[35m (0.3ms)[0m  SELECT COUNT(*) FROM "personal_connections"  WHERE "personal_connections"."verb_id" = $1  [["verb_id", 1153]]
11:08:38 web.1  |   [1m[36m (0.3ms)[0m  [1mSELECT COUNT(*) FROM "personal_connections"  WHERE "personal_connections"."verb_id" = $1[0m  [["verb_id", 39]]
11:08:38 web.1  |   [1m[36m (0.3ms)[0m  [1mSELECT COUNT(*) FROM "personal_connections"  WHERE "personal_connections"."verb_id" = $1[0m  [["verb_id", 829]]
11:08:38 web.1  |   [1m[35m (0.3ms)[0m  SELECT COUNT(*) FROM "personal_connections"  WHERE "personal_connections"."verb_id" = $1  [["verb_id", 1518]]
11:08:38 web.1  |   [1m[35m (0.5ms)[0m  SELECT COUNT(*) FROM "personal_connections"  WHERE "personal_connections"."verb_id" = $1  [["verb_id", 1445]]
11:08:38 web.1  |   [1m[36m (0.9ms)[0m  [1mSELECT COUNT(*) FROM "personal_connections"  WHERE "personal_connections"."verb_id" = $1[0m  [["verb_id", 1044]]
11:08:38 web.1  |   [1m[35m (0.2ms)[0m  SELECT COUNT(*) FROM "personal_connections"  WHERE "personal_connections"."verb_id" = $1  [["verb_id", 856]]
11:08:38 web.1  |   [1m[36m (0.4ms)[0m  [1mSELECT COUNT(*) FROM "personal_connections"  WHERE "personal_connections"."verb_id" = $1[0m  [["verb_id", 133]]
11:08:38 web.1  |   [1m[36m (0.4ms)[0m  [1mSELECT COUNT(*) FROM "personal_connections"  WHERE "personal_connections"."verb_id" = $1[0m  [["verb_id", 1191]]
11:08:38 web.1  |   [1m[35m (2.5ms)[0m  SELECT COUNT(*) FROM "personal_connections"  WHERE "personal_connections"."verb_id" = $1  [["verb_id", 25]]
11:08:38 web.1  |   [1m[35m (0.3ms)[0m  SELECT COUNT(*) FROM "personal_connections"  WHERE "personal_connections"."verb_id" = $1  [["verb_id", 446]]
11:08:38 web.1  |   [1m[36m (0.3ms)[0m  [1mSELECT COUNT(*) FROM "personal_connections"  WHERE "personal_connections"."verb_id" = $1[0m  [["verb_id", 614]]
11:08:38 web.1  |   [1m[36m (0.3ms)[0m  [1mSELECT COUNT(*) FROM "personal_connections"  WHERE "personal_connections"."verb_id" = $1[0m  [["verb_id", 890]]
11:08:38 web.1  |   [1m[35m (0.3ms)[0m  SELECT COUNT(*) FROM "personal_connections"  WHERE "personal_connections"."verb_id" = $1  [["verb_id", 1094]]
11:08:38 web.1  |   [1m[35m (0.3ms)[0m  SELECT COUNT(*) FROM "personal_connections"  WHERE "personal_connections"."verb_id" = $1  [["verb_id", 117]]
11:08:38 web.1  |   [1m[36m (0.4ms)[0m  [1mSELECT COUNT(*) FROM "personal_connections"  WHERE "personal_connections"."verb_id" = $1[0m  [["verb_id", 69]]
11:08:38 web.1  |   [1m[35m (0.5ms)[0m  SELECT COUNT(*) FROM "personal_connections"  WHERE "personal_connections"."verb_id" = $1  [["verb_id", 1246]]
11:08:38 web.1  |   [1m[36m (0.5ms)[0m  [1mSELECT COUNT(*) FROM "personal_connections"  WHERE "personal_connections"."verb_id" = $1[0m  [["verb_id", 264]]
11:08:38 web.1  |   [1m[36m (0.3ms)[0m  [1mSELECT COUNT(*) FROM "personal_connections"  WHERE "personal_connections"."verb_id" = $1[0m  [["verb_id", 831]]
11:08:38 web.1  |   [1m[35m (0.3ms)[0m  SELECT COUNT(*) FROM "personal_connections"  WHERE "personal_connections"."verb_id" = $1  [["verb_id", 1382]]
11:08:38 web.1  |   [1m[36m (0.5ms)[0m  [1mSELECT COUNT(*) FROM "personal_connections"  WHERE "personal_connections"."verb_id" = $1[0m  [["verb_id", 352]]
11:08:38 web.1  |   [1m[35m (0.3ms)[0m  SELECT COUNT(*) FROM "personal_connections"  WHERE "personal_connections"."verb_id" = $1  [["verb_id", 765]]
11:08:38 web.1  |   [1m[35m (0.3ms)[0m  SELECT COUNT(*) FROM "personal_connections"  WHERE "personal_connections"."verb_id" = $1  [["verb_id", 1065]]
11:08:38 web.1  |   [1m[36m (0.3ms)[0m  [1mSELECT COUNT(*) FROM "personal_connections"  WHERE "personal_connections"."verb_id" = $1[0m  [["verb_id", 834]]
11:08:38 web.1  |   [1m[36m (0.4ms)[0m  [1mSELECT COUNT(*) FROM "personal_connections"  WHERE "personal_connections"."verb_id" = $1[0m  [["verb_id", 822]]
11:08:38 web.1  |   [1m[35m (2.3ms)[0m  SELECT COUNT(*) FROM "personal_connections"  WHERE "personal_connections"."verb_id" = $1  [["verb_id", 222]]
11:08:38 web.1  |   [1m[35m (0.5ms)[0m  SELECT COUNT(*) FROM "personal_connections"  WHERE "personal_connections"."verb_id" = $1  [["verb_id", 364]]
11:08:38 web.1  |   [1m[36m (0.3ms)[0m  [1mSELECT COUNT(*) FROM "personal_connections"  WHERE "personal_connections"."verb_id" = $1[0m  [["verb_id", 556]]
11:08:38 web.1  |   [1m[36m (0.3ms)[0m  [1mSELECT COUNT(*) FROM "personal_connections"  WHERE "personal_connections"."verb_id" = $1[0m  [["verb_id", 39]]
11:08:38 web.1  |   [1m[35m (0.3ms)[0m  SELECT COUNT(*) FROM "personal_connections"  WHERE "personal_connections"."verb_id" = $1  [["verb_id", 1032]]
11:08:38 web.1  |   [1m[35m (0.3ms)[0m  SELECT COUNT(*) FROM "personal_connections"  WHERE "personal_connections"."verb_id" = $1  [["verb_id", 1518]]
11:08:38 web.1  |   [1m[36m (0.3ms)[0m  [1mSELECT COUNT(*) FROM "personal_connections"  WHERE "personal_connections"."verb_id" = $1[0m  [["verb_id", 1189]]
11:08:38 web.1  |   [1m[36m (0.2ms)[0m  [1mSELECT COUNT(*) FROM "personal_connections"  WHERE "personal_connections"."verb_id" = $1[0m  [["verb_id", 1044]]
11:08:38 web.1  |   [1m[35m (0.4ms)[0m  SELECT COUNT(*) FROM "personal_connections"  WHERE "personal_connections"."verb_id" = $1  [["verb_id", 856]]
11:08:38 web.1  |   [1m[35m (0.4ms)[0m  SELECT COUNT(*) FROM "personal_connections"  WHERE "personal_connections"."verb_id" = $1  [["verb_id", 691]]
11:08:38 web.1  |   [1m[36m (0.4ms)[0m  [1mSELECT COUNT(*) FROM "personal_connections"  WHERE "personal_connections"."verb_id" = $1[0m  [["verb_id", 1191]]
11:08:38 web.1  |   [1m[36m (0.9ms)[0m  [1mSELECT COUNT(*) FROM "personal_connections"  WHERE "personal_connections"."verb_id" = $1[0m  [["verb_id", 1221]]
11:08:38 web.1  |   [1m[35m (0.4ms)[0m  SELECT COUNT(*) FROM "personal_connections"  WHERE "personal_connections"."verb_id" = $1  [["verb_id", 446]]
11:08:38 web.1  |   [1m[35m (0.3ms)[0m  SELECT COUNT(*) FROM "personal_connections"  WHERE "personal_connections"."verb_id" = $1  [["verb_id", 1033]]
11:08:38 web.1  |   [1m[36m (0.3ms)[0m  [1mSELECT COUNT(*) FROM "personal_connections"  WHERE "personal_connections"."verb_id" = $1[0m  [["verb_id", 890]]
11:08:38 web.1  |   [1m[36m (0.3ms)[0m  [1mSELECT COUNT(*) FROM "personal_connections"  WHERE "personal_connections"."verb_id" = $1[0m  [["verb_id", 322]]
11:08:38 web.1  |   [1m[35m (0.3ms)[0m  SELECT COUNT(*) FROM "personal_connections"  WHERE "personal_connections"."verb_id" = $1  [["verb_id", 1094]]
11:08:38 web.1  |   [1m[35m (0.3ms)[0m  SELECT COUNT(*) FROM "personal_connections"  WHERE "personal_connections"."verb_id" = $1  [["verb_id", 1041]]
11:08:38 web.1  |   [1m[36m (0.5ms)[0m  [1mSELECT COUNT(*) FROM "personal_connections"  WHERE "personal_connections"."verb_id" = $1[0m  [["verb_id", 69]]
11:08:38 web.1  |   [1m[35m (0.3ms)[0m  SELECT COUNT(*) FROM "personal_connections"  WHERE "personal_connections"."verb_id" = $1  [["verb_id", 1246]]
11:08:38 web.1  |   [1m[36m (0.3ms)[0m  [1mSELECT COUNT(*) FROM "personal_connections"  WHERE "personal_connections"."verb_id" = $1[0m  [["verb_id", 1264]]
11:08:38 web.1  |   [1m[35m (0.3ms)[0m  SELECT COUNT(*) FROM "personal_connections"  WHERE "personal_connections"."verb_id" = $1  [["verb_id", 1152]]
11:08:38 web.1  |   [1m[36m (0.3ms)[0m  [1mSELECT COUNT(*) FROM "personal_connections"  WHERE "personal_connections"."verb_id" = $1[0m  [["verb_id", 723]]
11:08:38 web.1  |   [1m[36m (0.2ms)[0m  [1mSELECT COUNT(*) FROM "personal_connections"  WHERE "personal_connections"."verb_id" = $1[0m  [["verb_id", 831]]
11:08:38 web.1  |   [1m[35m (0.3ms)[0m  SELECT COUNT(*) FROM "personal_connections"  WHERE "personal_connections"."verb_id" = $1  [["verb_id", 765]]
11:08:38 web.1  |   [1m[35m (1.7ms)[0m  SELECT COUNT(*) FROM "personal_connections"  WHERE "personal_connections"."verb_id" = $1  [["verb_id", 552]]
11:08:38 web.1  |   [1m[36m (0.3ms)[0m  [1mSELECT COUNT(*) FROM "personal_connections"  WHERE "personal_connections"."verb_id" = $1[0m  [["verb_id", 834]]
11:08:38 web.1  |   [1m[36m (0.3ms)[0m  [1mSELECT COUNT(*) FROM "personal_connections"  WHERE "personal_connections"."verb_id" = $1[0m  [["verb_id", 1166]]
11:08:38 web.1  |   [1m[35m (1.6ms)[0m  SELECT COUNT(*) FROM "personal_connections"  WHERE "personal_connections"."verb_id" = $1  [["verb_id", 222]]
11:08:38 web.1  |   [1m[35m (1.2ms)[0m  SELECT COUNT(*) FROM "personal_connections"  WHERE "personal_connections"."verb_id" = $1  [["verb_id", 1211]]
11:08:38 web.1  |   [1m[36m (0.3ms)[0m  [1mSELECT COUNT(*) FROM "personal_connections"  WHERE "personal_connections"."verb_id" = $1[0m  [["verb_id", 556]]
11:08:38 web.1  |   [1m[36m (0.4ms)[0m  [1mSELECT COUNT(*) FROM "personal_connections"  WHERE "personal_connections"."verb_id" = $1[0m  [["verb_id", 564]]
11:08:38 web.1  |   [1m[35m (0.3ms)[0m  SELECT COUNT(*) FROM "personal_connections"  WHERE "personal_connections"."verb_id" = $1  [["verb_id", 1032]]
11:08:38 web.1  |   [1m[36m (0.3ms)[0m  [1mSELECT COUNT(*) FROM "personal_connections"  WHERE "personal_connections"."verb_id" = $1[0m  [["verb_id", 1189]]
11:08:38 web.1  |   [1m[35m (0.3ms)[0m  SELECT COUNT(*) FROM "personal_connections"  WHERE "personal_connections"."verb_id" = $1  [["verb_id", 518]]
11:08:38 web.1  |   [1m[35m (0.3ms)[0m  SELECT COUNT(*) FROM "personal_connections"  WHERE "personal_connections"."verb_id" = $1  [["verb_id", 691]]
11:08:38 web.1  |   [1m[36m (0.3ms)[0m  [1mSELECT COUNT(*) FROM "personal_connections"  WHERE "personal_connections"."verb_id" = $1[0m  [["verb_id", 1048]]
11:08:38 web.1  |   [1m[36m (0.3ms)[0m  [1mSELECT COUNT(*) FROM "personal_connections"  WHERE "personal_connections"."verb_id" = $1[0m  [["verb_id", 1221]]
11:08:38 web.1  |   [1m[35m (0.3ms)[0m  SELECT COUNT(*) FROM "personal_connections"  WHERE "personal_connections"."verb_id" = $1  [["verb_id", 230]]
11:08:38 web.1  |   [1m[35m (0.3ms)[0m  SELECT COUNT(*) FROM "personal_connections"  WHERE "personal_connections"."verb_id" = $1  [["verb_id", 1033]]
11:08:38 web.1  |   [1m[36m (0.3ms)[0m  [1mSELECT COUNT(*) FROM "personal_connections"  WHERE "personal_connections"."verb_id" = $1[0m  [["verb_id", 998]]
11:08:38 web.1  |   [1m[36m (0.3ms)[0m  [1mSELECT COUNT(*) FROM "personal_connections"  WHERE "personal_connections"."verb_id" = $1[0m  [["verb_id", 322]]
11:08:38 web.1  |   [1m[35m (0.3ms)[0m  SELECT COUNT(*) FROM "personal_connections"  WHERE "personal_connections"."verb_id" = $1  [["verb_id", 288]]
11:08:38 web.1  |   [1m[36m (0.3ms)[0m  [1mSELECT COUNT(*) FROM "personal_connections"  WHERE "personal_connections"."verb_id" = $1[0m  [["verb_id", 1560]]
11:08:38 web.1  |   [1m[35m (0.3ms)[0m  SELECT COUNT(*) FROM "personal_connections"  WHERE "personal_connections"."verb_id" = $1  [["verb_id", 1041]]
11:08:38 web.1  |   [1m[35m (0.3ms)[0m  SELECT COUNT(*) FROM "personal_connections"  WHERE "personal_connections"."verb_id" = $1  [["verb_id", 1533]]
11:08:38 web.1  |   [1m[36m (0.5ms)[0m  [1mSELECT COUNT(*) FROM "personal_connections"  WHERE "personal_connections"."verb_id" = $1[0m  [["verb_id", 1264]]
11:08:38 web.1  |   [1m[36m (0.3ms)[0m  [1mSELECT COUNT(*) FROM "personal_connections"  WHERE "personal_connections"."verb_id" = $1[0m  [["verb_id", 866]]
11:08:38 web.1  |   [1m[35m (0.3ms)[0m  SELECT COUNT(*) FROM "personal_connections"  WHERE "personal_connections"."verb_id" = $1  [["verb_id", 1152]]
11:08:38 web.1  |   [1m[35m (0.3ms)[0m  SELECT COUNT(*) FROM "personal_connections"  WHERE "personal_connections"."verb_id" = $1  [["verb_id", 1108]]
11:08:38 web.1  |   [1m[36m (0.3ms)[0m  [1mSELECT COUNT(*) FROM "personal_connections"  WHERE "personal_connections"."verb_id" = $1[0m  [["verb_id", 723]]
11:08:38 web.1  |   [1m[36m (0.3ms)[0m  [1mSELECT COUNT(*) FROM "personal_connections"  WHERE "personal_connections"."verb_id" = $1[0m  [["verb_id", 1163]]
11:08:38 web.1  |   [1m[35m (0.3ms)[0m  SELECT COUNT(*) FROM "personal_connections"  WHERE "personal_connections"."verb_id" = $1  [["verb_id", 552]]
11:08:38 web.1  |   [1m[35m (0.3ms)[0m  SELECT COUNT(*) FROM "personal_connections"  WHERE "personal_connections"."verb_id" = $1  [["verb_id", 1123]]
11:08:38 web.1  |   [1m[36m (0.4ms)[0m  [1mSELECT COUNT(*) FROM "personal_connections"  WHERE "personal_connections"."verb_id" = $1[0m  [["verb_id", 1166]]
11:08:38 web.1  |   [1m[36m (1.9ms)[0m  [1mSELECT COUNT(*) FROM "personal_connections"  WHERE "personal_connections"."verb_id" = $1[0m  [["verb_id", 8]]
11:08:38 web.1  |   [1m[35m (0.3ms)[0m  SELECT COUNT(*) FROM "personal_connections"  WHERE "personal_connections"."verb_id" = $1  [["verb_id", 1211]]
11:08:38 web.1  |   [1m[36m (0.3ms)[0m  [1mSELECT COUNT(*) FROM "personal_connections"  WHERE "personal_connections"."verb_id" = $1[0m  [["verb_id", 564]]
11:08:38 web.1  |   [1m[35m (0.4ms)[0m  SELECT COUNT(*) FROM "personal_connections"  WHERE "personal_connections"."verb_id" = $1  [["verb_id", 504]]
11:08:38 web.1  |   [1m[36m (0.4ms)[0m  [1mSELECT COUNT(*) FROM "personal_connections"  WHERE "personal_connections"."verb_id" = $1[0m  [["verb_id", 1031]]
11:08:38 web.1  |   [1m[35m (0.3ms)[0m  SELECT COUNT(*) FROM "personal_connections"  WHERE "personal_connections"."verb_id" = $1  [["verb_id", 518]]
11:08:38 web.1  |   [1m[35m (0.3ms)[0m  SELECT COUNT(*) FROM "personal_connections"  WHERE "personal_connections"."verb_id" = $1  [["verb_id", 778]]
11:08:38 web.1  |   [1m[36m (0.3ms)[0m  [1mSELECT COUNT(*) FROM "personal_connections"  WHERE "personal_connections"."verb_id" = $1[0m  [["verb_id", 1048]]
11:08:38 web.1  |   [1m[36m (0.4ms)[0m  [1mSELECT COUNT(*) FROM "personal_connections"  WHERE "personal_connections"."verb_id" = $1[0m  [["verb_id", 1036]]
11:08:38 web.1  |   [1m[35m (0.4ms)[0m  SELECT COUNT(*) FROM "personal_connections"  WHERE "personal_connections"."verb_id" = $1  [["verb_id", 292]]
11:08:38 web.1  |   [1m[35m (0.3ms)[0m  SELECT COUNT(*) FROM "personal_connections"  WHERE "personal_connections"."verb_id" = $1  [["verb_id", 230]]
11:08:38 web.1  |   [1m[36m (0.4ms)[0m  [1mSELECT COUNT(*) FROM "personal_connections"  WHERE "personal_connections"."verb_id" = $1[0m  [["verb_id", 1459]]
11:08:38 web.1  |   [1m[36m (0.3ms)[0m  [1mSELECT COUNT(*) FROM "personal_connections"  WHERE "personal_connections"."verb_id" = $1[0m  [["verb_id", 998]]
11:08:38 web.1  |   [1m[35m (0.4ms)[0m  SELECT COUNT(*) FROM "personal_connections"  WHERE "personal_connections"."verb_id" = $1  [["verb_id", 881]]
11:08:38 web.1  |   [1m[35m (0.3ms)[0m  SELECT COUNT(*) FROM "personal_connections"  WHERE "personal_connections"."verb_id" = $1  [["verb_id", 288]]
11:08:38 web.1  |   [1m[36m (0.6ms)[0m  [1mSELECT COUNT(*) FROM "personal_connections"  WHERE "personal_connections"."verb_id" = $1[0m  [["verb_id", 1233]]
11:08:38 web.1  |   [1m[35m (0.4ms)[0m  SELECT COUNT(*) FROM "personal_connections"  WHERE "personal_connections"."verb_id" = $1  [["verb_id", 1185]]
11:08:38 web.1  |   [1m[36m (0.2ms)[0m  [1mSELECT COUNT(*) FROM "personal_connections"  WHERE "personal_connections"."verb_id" = $1[0m  [["verb_id", 1560]]
11:08:38 web.1  |   [1m[36m (0.3ms)[0m  [1mSELECT COUNT(*) FROM "personal_connections"  WHERE "personal_connections"."verb_id" = $1[0m  [["verb_id", 1037]]
11:08:38 web.1  |   [1m[35m (0.3ms)[0m  SELECT COUNT(*) FROM "personal_connections"  WHERE "personal_connections"."verb_id" = $1  [["verb_id", 1533]]
11:08:38 web.1  |   [1m[35m (0.3ms)[0m  SELECT COUNT(*) FROM "personal_connections"  WHERE "personal_connections"."verb_id" = $1  [["verb_id", 816]]
11:08:38 web.1  |   [1m[36m (0.3ms)[0m  [1mSELECT COUNT(*) FROM "personal_connections"  WHERE "personal_connections"."verb_id" = $1[0m  [["verb_id", 866]]
11:08:38 web.1  |   [1m[36m (0.3ms)[0m  [1mSELECT COUNT(*) FROM "personal_connections"  WHERE "personal_connections"."verb_id" = $1[0m  [["verb_id", 1045]]
11:08:38 web.1  |   [1m[35m (1.2ms)[0m  SELECT COUNT(*) FROM "personal_connections"  WHERE "personal_connections"."verb_id" = $1  [["verb_id", 1108]]
11:08:38 web.1  |   [1m[35m (0.3ms)[0m  SELECT COUNT(*) FROM "personal_connections"  WHERE "personal_connections"."verb_id" = $1  [["verb_id", 1140]]
11:08:38 web.1  |   [1m[36m (0.5ms)[0m  [1mSELECT COUNT(*) FROM "personal_connections"  WHERE "personal_connections"."verb_id" = $1[0m  [["verb_id", 1163]]
11:08:38 web.1  |   [1m[36m (0.3ms)[0m  [1mSELECT COUNT(*) FROM "personal_connections"  WHERE "personal_connections"."verb_id" = $1[0m  [["verb_id", 1525]]
11:08:38 web.1  |   [1m[35m (0.4ms)[0m  SELECT COUNT(*) FROM "personal_connections"  WHERE "personal_connections"."verb_id" = $1  [["verb_id", 1458]]
11:08:38 web.1  |   [1m[35m (0.2ms)[0m  SELECT COUNT(*) FROM "personal_connections"  WHERE "personal_connections"."verb_id" = $1  [["verb_id", 1123]]
11:08:38 web.1  |   [1m[36m (0.4ms)[0m  [1mSELECT COUNT(*) FROM "personal_connections"  WHERE "personal_connections"."verb_id" = $1[0m  [["verb_id", 896]]
11:08:38 web.1  |   [1m[36m (0.9ms)[0m  [1mSELECT COUNT(*) FROM "personal_connections"  WHERE "personal_connections"."verb_id" = $1[0m  [["verb_id", 8]]
11:08:38 web.1  |   [1m[35m (0.3ms)[0m  SELECT COUNT(*) FROM "personal_connections"  WHERE "personal_connections"."verb_id" = $1  [["verb_id", 1479]]
11:08:38 web.1  |   [1m[35m (0.4ms)[0m  SELECT COUNT(*) FROM "personal_connections"  WHERE "personal_connections"."verb_id" = $1  [["verb_id", 504]]
11:08:38 web.1  |   [1m[36m (0.3ms)[0m  [1mSELECT COUNT(*) FROM "personal_connections"  WHERE "personal_connections"."verb_id" = $1[0m  [["verb_id", 1186]]
11:08:38 web.1  |   [1m[36m (0.3ms)[0m  [1mSELECT COUNT(*) FROM "personal_connections"  WHERE "personal_connections"."verb_id" = $1[0m  [["verb_id", 1031]]
11:08:38 web.1  |   [1m[35m (0.4ms)[0m  SELECT COUNT(*) FROM "personal_connections"  WHERE "personal_connections"."verb_id" = $1  [["verb_id", 1161]]
11:08:38 web.1  |   [1m[35m (0.3ms)[0m  SELECT COUNT(*) FROM "personal_connections"  WHERE "personal_connections"."verb_id" = $1  [["verb_id", 778]]
11:08:38 web.1  |   [1m[36m (0.3ms)[0m  [1mSELECT COUNT(*) FROM "personal_connections"  WHERE "personal_connections"."verb_id" = $1[0m  [["verb_id", 805]]
11:08:38 web.1  |   [1m[36m (0.3ms)[0m  [1mSELECT COUNT(*) FROM "personal_connections"  WHERE "personal_connections"."verb_id" = $1[0m  [["verb_id", 1036]]
11:08:38 web.1  |   [1m[35m (0.3ms)[0m  SELECT COUNT(*) FROM "personal_connections"  WHERE "personal_connections"."verb_id" = $1  [["verb_id", 900]]
11:08:38 web.1  |   [1m[35m (0.4ms)[0m  SELECT COUNT(*) FROM "personal_connections"  WHERE "personal_connections"."verb_id" = $1  [["verb_id", 292]]
11:08:38 web.1  |   [1m[36m (0.3ms)[0m  [1mSELECT COUNT(*) FROM "personal_connections"  WHERE "personal_connections"."verb_id" = $1[0m  [["verb_id", 814]]
11:08:38 web.1  |   [1m[35m (0.3ms)[0m  SELECT COUNT(*) FROM "personal_connections"  WHERE "personal_connections"."verb_id" = $1  [["verb_id", 226]]
11:08:38 web.1  |   [1m[36m (0.3ms)[0m  [1mSELECT COUNT(*) FROM "personal_connections"  WHERE "personal_connections"."verb_id" = $1[0m  [["verb_id", 1459]]
11:08:38 web.1  |   [1m[36m (0.3ms)[0m  [1mSELECT COUNT(*) FROM "personal_connections"  WHERE "personal_connections"."verb_id" = $1[0m  [["verb_id", 644]]
11:08:38 web.1  |   [1m[35m (0.3ms)[0m  SELECT COUNT(*) FROM "personal_connections"  WHERE "personal_connections"."verb_id" = $1  [["verb_id", 881]]
11:08:38 web.1  |   [1m[35m (0.3ms)[0m  SELECT COUNT(*) FROM "personal_connections"  WHERE "personal_connections"."verb_id" = $1  [["verb_id", 804]]
11:08:38 web.1  |   [1m[36m (0.3ms)[0m  [1mSELECT COUNT(*) FROM "personal_connections"  WHERE "personal_connections"."verb_id" = $1[0m  [["verb_id", 1233]]
11:08:38 web.1  |   [1m[36m (0.3ms)[0m  [1mSELECT COUNT(*) FROM "personal_connections"  WHERE "personal_connections"."verb_id" = $1[0m  [["verb_id", 937]]
11:08:38 web.1  |   [1m[35m (0.3ms)[0m  SELECT COUNT(*) FROM "personal_connections"  WHERE "personal_connections"."verb_id" = $1  [["verb_id", 1185]]
11:08:38 web.1  |   [1m[35m (0.3ms)[0m  SELECT COUNT(*) FROM "personal_connections"  WHERE "personal_connections"."verb_id" = $1  [["verb_id", 926]]
11:08:38 web.1  |   [1m[36m (0.3ms)[0m  [1mSELECT COUNT(*) FROM "personal_connections"  WHERE "personal_connections"."verb_id" = $1[0m  [["verb_id", 1037]]
11:08:38 web.1  |   [1m[35m (0.3ms)[0m  SELECT COUNT(*) FROM "personal_connections"  WHERE "personal_connections"."verb_id" = $1  [["verb_id", 816]]
11:08:38 web.1  |   [1m[36m (0.3ms)[0m  [1mSELECT COUNT(*) FROM "personal_connections"  WHERE "personal_connections"."verb_id" = $1[0m  [["verb_id", 1045]]
11:08:38 web.1  |   [1m[36m (0.3ms)[0m  [1mSELECT COUNT(*) FROM "personal_connections"  WHERE "personal_connections"."verb_id" = $1[0m  [["verb_id", 916]]
11:08:38 web.1  |   [1m[35m (0.3ms)[0m  SELECT COUNT(*) FROM "personal_connections"  WHERE "personal_connections"."verb_id" = $1  [["verb_id", 1140]]
11:08:38 web.1  |   [1m[35m (0.3ms)[0m  SELECT COUNT(*) FROM "personal_connections"  WHERE "personal_connections"."verb_id" = $1  [["verb_id", 49]]
11:08:38 web.1  |   [1m[36m (0.3ms)[0m  [1mSELECT COUNT(*) FROM "personal_connections"  WHERE "personal_connections"."verb_id" = $1[0m  [["verb_id", 1525]]
11:08:38 web.1  |   [1m[36m (0.3ms)[0m  [1mSELECT COUNT(*) FROM "personal_connections"  WHERE "personal_connections"."verb_id" = $1[0m  [["verb_id", 430]]
11:08:38 web.1  |   [1m[35m (0.3ms)[0m  SELECT COUNT(*) FROM "personal_connections"  WHERE "personal_connections"."verb_id" = $1  [["verb_id", 1458]]
11:08:38 web.1  |   [1m[35m (0.4ms)[0m  SELECT COUNT(*) FROM "personal_connections"  WHERE "personal_connections"."verb_id" = $1  [["verb_id", 1054]]
11:08:38 web.1  |   [1m[36m (0.3ms)[0m  [1mSELECT COUNT(*) FROM "personal_connections"  WHERE "personal_connections"."verb_id" = $1[0m  [["verb_id", 896]]
11:08:38 web.1  |   [1m[36m (0.3ms)[0m  [1mSELECT COUNT(*) FROM "personal_connections"  WHERE "personal_connections"."verb_id" = $1[0m  [["verb_id", 1538]]
11:08:38 web.1  |   [1m[35m (0.2ms)[0m  SELECT COUNT(*) FROM "personal_connections"  WHERE "personal_connections"."verb_id" = $1  [["verb_id", 1479]]
11:08:38 web.1  |   [1m[36m (0.3ms)[0m  [1mSELECT COUNT(*) FROM "personal_connections"  WHERE "personal_connections"."verb_id" = $1[0m  [["verb_id", 1186]]
11:08:38 web.1  |   [1m[35m (0.3ms)[0m  SELECT COUNT(*) FROM "personal_connections"  WHERE "personal_connections"."verb_id" = $1  [["verb_id", 1004]]
11:08:38 web.1  |   [1m[35m (0.3ms)[0m  SELECT COUNT(*) FROM "personal_connections"  WHERE "personal_connections"."verb_id" = $1  [["verb_id", 1161]]
11:08:38 web.1  |   [1m[36m (0.2ms)[0m  [1mSELECT COUNT(*) FROM "personal_connections"  WHERE "personal_connections"."verb_id" = $1[0m  [["verb_id", 1298]]
11:08:38 web.1  |   [1m[36m (0.3ms)[0m  [1mSELECT COUNT(*) FROM "personal_connections"  WHERE "personal_connections"."verb_id" = $1[0m  [["verb_id", 805]]
11:08:38 web.1  |   [1m[35m (0.3ms)[0m  SELECT COUNT(*) FROM "personal_connections"  WHERE "personal_connections"."verb_id" = $1  [["verb_id", 1118]]
11:08:38 web.1  |   [1m[35m (0.3ms)[0m  SELECT COUNT(*) FROM "personal_connections"  WHERE "personal_connections"."verb_id" = $1  [["verb_id", 900]]
11:08:38 web.1  |   [1m[36m (0.3ms)[0m  [1mSELECT COUNT(*) FROM "personal_connections"  WHERE "personal_connections"."verb_id" = $1[0m  [["verb_id", 1532]]
11:08:38 web.1  |   [1m[36m (0.3ms)[0m  [1mSELECT COUNT(*) FROM "personal_connections"  WHERE "personal_connections"."verb_id" = $1[0m  [["verb_id", 814]]
11:08:38 web.1  |   [1m[35m (0.3ms)[0m  SELECT COUNT(*) FROM "personal_connections"  WHERE "personal_connections"."verb_id" = $1  [["verb_id", 1198]]
11:08:38 web.1  |   [1m[35m (0.3ms)[0m  SELECT COUNT(*) FROM "personal_connections"  WHERE "personal_connections"."verb_id" = $1  [["verb_id", 226]]
11:08:38 web.1  |   [1m[36m (0.3ms)[0m  [1mSELECT COUNT(*) FROM "personal_connections"  WHERE "personal_connections"."verb_id" = $1[0m  [["verb_id", 826]]
11:08:38 web.1  |   [1m[36m (0.3ms)[0m  [1mSELECT COUNT(*) FROM "personal_connections"  WHERE "personal_connections"."verb_id" = $1[0m  [["verb_id", 644]]
11:08:38 web.1  |   [1m[35m (0.3ms)[0m  SELECT COUNT(*) FROM "personal_connections"  WHERE "personal_connections"."verb_id" = $1  [["verb_id", 1349]]
11:08:38 web.1  |   [1m[35m (0.3ms)[0m  SELECT COUNT(*) FROM "personal_connections"  WHERE "personal_connections"."verb_id" = $1  [["verb_id", 804]]
11:08:38 web.1  |   [1m[36m (0.3ms)[0m  [1mSELECT COUNT(*) FROM "personal_connections"  WHERE "personal_connections"."verb_id" = $1[0m  [["verb_id", 1338]]
11:08:38 web.1  |   [1m[36m (0.3ms)[0m  [1mSELECT COUNT(*) FROM "personal_connections"  WHERE "personal_connections"."verb_id" = $1[0m  [["verb_id", 937]]
11:08:38 web.1  |   [1m[35m (0.3ms)[0m  SELECT COUNT(*) FROM "personal_connections"  WHERE "personal_connections"."verb_id" = $1  [["verb_id", 384]]
11:08:38 web.1  |   [1m[35m (0.3ms)[0m  SELECT COUNT(*) FROM "personal_connections"  WHERE "personal_connections"."verb_id" = $1  [["verb_id", 926]]
11:08:38 web.1  |   [1m[36m (0.3ms)[0m  [1mSELECT COUNT(*) FROM "personal_connections"  WHERE "personal_connections"."verb_id" = $1[0m  [["verb_id", 630]]
11:08:38 web.1  |   [1m[36m (0.3ms)[0m  [1mSELECT COUNT(*) FROM "personal_connections"  WHERE "personal_connections"."verb_id" = $1[0m  [["verb_id", 916]]
11:08:38 web.1  |   [1m[35m (0.3ms)[0m  SELECT COUNT(*) FROM "personal_connections"  WHERE "personal_connections"."verb_id" = $1  [["verb_id", 284]]
11:08:38 web.1  |   [1m[36m (0.3ms)[0m  [1mSELECT COUNT(*) FROM "personal_connections"  WHERE "personal_connections"."verb_id" = $1[0m  [["verb_id", 1179]]
11:08:38 web.1  |   [1m[35m (0.2ms)[0m  SELECT COUNT(*) FROM "personal_connections"  WHERE "personal_connections"."verb_id" = $1  [["verb_id", 49]]
11:08:38 web.1  |   [1m[35m (0.3ms)[0m  SELECT COUNT(*) FROM "personal_connections"  WHERE "personal_connections"."verb_id" = $1  [["verb_id", 920]]
11:08:38 web.1  |   [1m[36m (0.5ms)[0m  [1mSELECT COUNT(*) FROM "personal_connections"  WHERE "personal_connections"."verb_id" = $1[0m  [["verb_id", 430]]
11:08:38 web.1  |   [1m[36m (0.4ms)[0m  [1mSELECT COUNT(*) FROM "personal_connections"  WHERE "personal_connections"."verb_id" = $1[0m  [["verb_id", 1212]]
11:08:38 web.1  |   [1m[35m (0.4ms)[0m  SELECT COUNT(*) FROM "personal_connections"  WHERE "personal_connections"."verb_id" = $1  [["verb_id", 1054]]
11:08:39 web.1  |   [1m[35m (0.4ms)[0m  SELECT COUNT(*) FROM "personal_connections"  WHERE "personal_connections"."verb_id" = $1  [["verb_id", 622]]
11:08:39 web.1  |   [1m[36m (0.3ms)[0m  [1mSELECT COUNT(*) FROM "personal_connections"  WHERE "personal_connections"."verb_id" = $1[0m  [["verb_id", 1538]]
11:08:39 web.1  |   [1m[36m (0.3ms)[0m  [1mSELECT COUNT(*) FROM "personal_connections"  WHERE "personal_connections"."verb_id" = $1[0m  [["verb_id", 898]]
11:08:39 web.1  |   [1m[35m (0.2ms)[0m  SELECT COUNT(*) FROM "personal_connections"  WHERE "personal_connections"."verb_id" = $1  [["verb_id", 1004]]
11:08:39 web.1  |   [1m[36m (0.3ms)[0m  [1mSELECT COUNT(*) FROM "personal_connections"  WHERE "personal_connections"."verb_id" = $1[0m  [["verb_id", 1298]]
11:08:39 web.1  |   [1m[35m (0.2ms)[0m  SELECT COUNT(*) FROM "personal_connections"  WHERE "personal_connections"."verb_id" = $1  [["verb_id", 1190]]
11:08:39 web.1  |   [1m[35m (0.3ms)[0m  SELECT COUNT(*) FROM "personal_connections"  WHERE "personal_connections"."verb_id" = $1  [["verb_id", 1118]]
11:08:39 web.1  |   [1m[36m (0.3ms)[0m  [1mSELECT COUNT(*) FROM "personal_connections"  WHERE "personal_connections"."verb_id" = $1[0m  [["verb_id", 1134]]
11:08:39 web.1  |   [1m[36m (0.3ms)[0m  [1mSELECT COUNT(*) FROM "personal_connections"  WHERE "personal_connections"."verb_id" = $1[0m  [["verb_id", 1532]]
11:08:39 web.1  |   [1m[35m (0.3ms)[0m  SELECT COUNT(*) FROM "personal_connections"  WHERE "personal_connections"."verb_id" = $1  [["verb_id", 955]]
11:08:39 web.1  |   [1m[35m (0.3ms)[0m  SELECT COUNT(*) FROM "personal_connections"  WHERE "personal_connections"."verb_id" = $1  [["verb_id", 1198]]
11:08:39 web.1  |   [1m[36m (0.3ms)[0m  [1mSELECT COUNT(*) FROM "personal_connections"  WHERE "personal_connections"."verb_id" = $1[0m  [["verb_id", 280]]
11:08:39 web.1  |   [1m[36m (0.4ms)[0m  [1mSELECT COUNT(*) FROM "personal_connections"  WHERE "personal_connections"."verb_id" = $1[0m  [["verb_id", 826]]
11:08:39 web.1  |   [1m[35m (0.5ms)[0m  SELECT COUNT(*) FROM "personal_connections"  WHERE "personal_connections"."verb_id" = $1  [["verb_id", 735]]
11:08:39 web.1  |   [1m[36m (0.3ms)[0m  [1mSELECT COUNT(*) FROM "personal_connections"  WHERE "personal_connections"."verb_id" = $1[0m  [["verb_id", 750]]
11:08:39 web.1  |   [1m[35m (0.2ms)[0m  SELECT COUNT(*) FROM "personal_connections"  WHERE "personal_connections"."verb_id" = $1  [["verb_id", 1349]]
11:08:39 web.1  |   [1m[35m (0.4ms)[0m  SELECT COUNT(*) FROM "personal_connections"  WHERE "personal_connections"."verb_id" = $1  [["verb_id", 1147]]
11:08:39 web.1  |   [1m[36m (0.3ms)[0m  [1mSELECT COUNT(*) FROM "personal_connections"  WHERE "personal_connections"."verb_id" = $1[0m  [["verb_id", 1362]]
11:08:39 web.1  |   [1m[35m (0.3ms)[0m  SELECT COUNT(*) FROM "personal_connections"  WHERE "personal_connections"."verb_id" = $1  [["verb_id", 772]]
11:08:39 web.1  |   [1m[36m (0.3ms)[0m  [1mSELECT COUNT(*) FROM "personal_connections"  WHERE "personal_connections"."verb_id" = $1[0m  [["verb_id", 1338]]
11:08:39 web.1  |   [1m[36m (0.4ms)[0m  [1mSELECT COUNT(*) FROM "personal_connections"  WHERE "personal_connections"."verb_id" = $1[0m  [["verb_id", 1090]]
11:08:39 web.1  |   [1m[35m (0.3ms)[0m  SELECT COUNT(*) FROM "personal_connections"  WHERE "personal_connections"."verb_id" = $1  [["verb_id", 384]]
11:08:39 web.1  |   [1m[35m (0.3ms)[0m  SELECT COUNT(*) FROM "personal_connections"  WHERE "personal_connections"."verb_id" = $1  [["verb_id", 1240]]
11:08:39 web.1  |   [1m[36m (0.3ms)[0m  [1mSELECT COUNT(*) FROM "personal_connections"  WHERE "personal_connections"."verb_id" = $1[0m  [["verb_id", 630]]
11:08:39 web.1  |   [1m[36m (0.4ms)[0m  [1mSELECT COUNT(*) FROM "personal_connections"  WHERE "personal_connections"."verb_id" = $1[0m  [["verb_id", 878]]
11:08:39 web.1  |   [1m[35m (0.3ms)[0m  SELECT COUNT(*) FROM "personal_connections"  WHERE "personal_connections"."verb_id" = $1  [["verb_id", 284]]
11:08:39 web.1  |   [1m[35m (0.3ms)[0m  SELECT COUNT(*) FROM "personal_connections"  WHERE "personal_connections"."verb_id" = $1  [["verb_id", 1239]]
11:08:39 web.1  |   [1m[36m (0.3ms)[0m  [1mSELECT COUNT(*) FROM "personal_connections"  WHERE "personal_connections"."verb_id" = $1[0m  [["verb_id", 1179]]
11:08:39 web.1  |   [1m[36m (0.3ms)[0m  [1mSELECT COUNT(*) FROM "personal_connections"  WHERE "personal_connections"."verb_id" = $1[0m  [["verb_id", 810]]
11:08:39 web.1  |   [1m[35m (0.3ms)[0m  SELECT COUNT(*) FROM "personal_connections"  WHERE "personal_connections"."verb_id" = $1  [["verb_id", 920]]
11:08:39 web.1  |   [1m[35m (0.3ms)[0m  SELECT COUNT(*) FROM "personal_connections"  WHERE "personal_connections"."verb_id" = $1  [["verb_id", 907]]
11:08:39 web.1  |   [1m[36m (0.5ms)[0m  [1mSELECT COUNT(*) FROM "personal_connections"  WHERE "personal_connections"."verb_id" = $1[0m  [["verb_id", 1212]]
11:08:39 web.1  |   [1m[36m (0.3ms)[0m  [1mSELECT COUNT(*) FROM "personal_connections"  WHERE "personal_connections"."verb_id" = $1[0m  [["verb_id", 1275]]
11:08:39 web.1  |   [1m[35m (0.3ms)[0m  SELECT COUNT(*) FROM "personal_connections"  WHERE "personal_connections"."verb_id" = $1  [["verb_id", 622]]
11:08:39 web.1  |   [1m[35m (0.3ms)[0m  SELECT COUNT(*) FROM "personal_connections"  WHERE "personal_connections"."verb_id" = $1  [["verb_id", 1170]]
11:08:39 web.1  |   [1m[36m (0.3ms)[0m  [1mSELECT COUNT(*) FROM "personal_connections"  WHERE "personal_connections"."verb_id" = $1[0m  [["verb_id", 898]]
11:08:39 web.1  |   [1m[36m (0.3ms)[0m  [1mSELECT COUNT(*) FROM "personal_connections"  WHERE "personal_connections"."verb_id" = $1[0m  [["verb_id", 1464]]
11:08:39 web.1  |   [1m[35m (0.6ms)[0m  SELECT COUNT(*) FROM "personal_connections"  WHERE "personal_connections"."verb_id" = $1  [["verb_id", 1190]]
11:08:39 web.1  |   [1m[35m (0.3ms)[0m  SELECT COUNT(*) FROM "personal_connections"  WHERE "personal_connections"."verb_id" = $1  [["verb_id", 286]]
11:08:39 web.1  |   [1m[36m (0.3ms)[0m  [1mSELECT COUNT(*) FROM "personal_connections"  WHERE "personal_connections"."verb_id" = $1[0m  [["verb_id", 1134]]
11:08:39 web.1  |   [1m[36m (0.4ms)[0m  [1mSELECT COUNT(*) FROM "personal_connections"  WHERE "personal_connections"."verb_id" = $1[0m  [["verb_id", 933]]
11:08:39 web.1  |   [1m[35m (0.6ms)[0m  SELECT COUNT(*) FROM "personal_connections"  WHERE "personal_connections"."verb_id" = $1  [["verb_id", 955]]
11:08:39 web.1  |   [1m[35m (0.3ms)[0m  SELECT COUNT(*) FROM "personal_connections"  WHERE "personal_connections"."verb_id" = $1  [["verb_id", 1220]]
11:08:39 web.1  |   [1m[36m (0.3ms)[0m  [1mSELECT COUNT(*) FROM "personal_connections"  WHERE "personal_connections"."verb_id" = $1[0m  [["verb_id", 626]]
11:08:39 web.1  |   [1m[36m (1.9ms)[0m  [1mSELECT COUNT(*) FROM "personal_connections"  WHERE "personal_connections"."verb_id" = $1[0m  [["verb_id", 280]]
11:08:39 web.1  |   [1m[35m (0.3ms)[0m  SELECT COUNT(*) FROM "personal_connections"  WHERE "personal_connections"."verb_id" = $1  [["verb_id", 1549]]
11:08:39 web.1  |   [1m[35m (0.3ms)[0m  SELECT COUNT(*) FROM "personal_connections"  WHERE "personal_connections"."verb_id" = $1  [["verb_id", 735]]
11:08:39 web.1  |   [1m[36m (0.5ms)[0m  [1mSELECT COUNT(*) FROM "personal_connections"  WHERE "personal_connections"."verb_id" = $1[0m  [["verb_id", 858]]
11:08:39 web.1  |   [1m[36m (0.3ms)[0m  [1mSELECT COUNT(*) FROM "personal_connections"  WHERE "personal_connections"."verb_id" = $1[0m  [["verb_id", 750]]
11:08:39 web.1  |   [1m[35m (0.4ms)[0m  SELECT COUNT(*) FROM "personal_connections"  WHERE "personal_connections"."verb_id" = $1  [["verb_id", 1147]]
11:08:39 web.1  |   [1m[35m (0.2ms)[0m  SELECT COUNT(*) FROM "personal_connections"  WHERE "personal_connections"."verb_id" = $1  [["verb_id", 1154]]
11:08:39 web.1  |   [1m[36m (0.3ms)[0m  [1mSELECT COUNT(*) FROM "personal_connections"  WHERE "personal_connections"."verb_id" = $1[0m  [["verb_id", 1362]]
11:08:39 web.1  |   [1m[36m (0.2ms)[0m  [1mSELECT COUNT(*) FROM "personal_connections"  WHERE "personal_connections"."verb_id" = $1[0m  [["verb_id", 746]]
11:08:39 web.1  |   [1m[35m (0.4ms)[0m  SELECT COUNT(*) FROM "personal_connections"  WHERE "personal_connections"."verb_id" = $1  [["verb_id", 772]]
11:08:39 web.1  |   [1m[35m (0.3ms)[0m  SELECT COUNT(*) FROM "personal_connections"  WHERE "personal_connections"."verb_id" = $1  [["verb_id", 1194]]
11:08:39 web.1  |   [1m[36m (0.3ms)[0m  [1mSELECT COUNT(*) FROM "personal_connections"  WHERE "personal_connections"."verb_id" = $1[0m  [["verb_id", 1090]]
11:08:39 web.1  |   [1m[36m (0.3ms)[0m  [1mSELECT COUNT(*) FROM "personal_connections"  WHERE "personal_connections"."verb_id" = $1[0m  [["verb_id", 1258]]
11:08:39 web.1  |   [1m[35m (0.5ms)[0m  SELECT COUNT(*) FROM "personal_connections"  WHERE "personal_connections"."verb_id" = $1  [["verb_id", 1240]]
11:08:39 web.1  |   [1m[35m (0.3ms)[0m  SELECT COUNT(*) FROM "personal_connections"  WHERE "personal_connections"."verb_id" = $1  [["verb_id", 918]]
11:08:39 web.1  |   [1m[36m (0.3ms)[0m  [1mSELECT COUNT(*) FROM "personal_connections"  WHERE "personal_connections"."verb_id" = $1[0m  [["verb_id", 878]]
11:08:39 web.1  |   [1m[36m (0.4ms)[0m  [1mSELECT COUNT(*) FROM "personal_connections"  WHERE "personal_connections"."verb_id" = $1[0m  [["verb_id", 1288]]
11:08:39 web.1  |   [1m[35m (0.5ms)[0m  SELECT COUNT(*) FROM "personal_connections"  WHERE "personal_connections"."verb_id" = $1  [["verb_id", 1239]]
11:08:39 web.1  |   [1m[35m (0.3ms)[0m  SELECT COUNT(*) FROM "personal_connections"  WHERE "personal_connections"."verb_id" = $1  [["verb_id", 1586]]
11:08:39 web.1  |   [1m[36m (0.3ms)[0m  [1mSELECT COUNT(*) FROM "personal_connections"  WHERE "personal_connections"."verb_id" = $1[0m  [["verb_id", 810]]
11:08:39 web.1  |   [1m[36m (0.5ms)[0m  [1mSELECT COUNT(*) FROM "personal_connections"  WHERE "personal_connections"."verb_id" = $1[0m  [["verb_id", 1537]]
11:08:39 web.1  |   [1m[35m (0.6ms)[0m  SELECT COUNT(*) FROM "personal_connections"  WHERE "personal_connections"."verb_id" = $1  [["verb_id", 907]]
11:08:39 web.1  |   [1m[35m (0.3ms)[0m  SELECT COUNT(*) FROM "personal_connections"  WHERE "personal_connections"."verb_id" = $1  [["verb_id", 1393]]
11:08:39 web.1  |   [1m[36m (0.3ms)[0m  [1mSELECT COUNT(*) FROM "personal_connections"  WHERE "personal_connections"."verb_id" = $1[0m  [["verb_id", 1275]]
11:08:39 web.1  |   [1m[36m (0.4ms)[0m  [1mSELECT COUNT(*) FROM "personal_connections"  WHERE "personal_connections"."verb_id" = $1[0m  [["verb_id", 1396]]
11:08:39 web.1  |   [1m[35m (0.7ms)[0m  SELECT COUNT(*) FROM "personal_connections"  WHERE "personal_connections"."verb_id" = $1  [["verb_id", 1170]]
11:08:39 web.1  |   [1m[36m (0.4ms)[0m  [1mSELECT COUNT(*) FROM "personal_connections"  WHERE "personal_connections"."verb_id" = $1[0m  [["verb_id", 1464]]
11:08:39 web.1  |   [1m[35m (0.2ms)[0m  SELECT COUNT(*) FROM "personal_connections"  WHERE "personal_connections"."verb_id" = $1  [["verb_id", 1049]]
11:08:39 web.1  |   [1m[36m (0.3ms)[0m  [1mSELECT COUNT(*) FROM "personal_connections"  WHERE "personal_connections"."verb_id" = $1[0m  [["verb_id", 1543]]
11:08:39 web.1  |   [1m[35m (0.5ms)[0m  SELECT COUNT(*) FROM "personal_connections"  WHERE "personal_connections"."verb_id" = $1  [["verb_id", 286]]
11:08:39 web.1  |   [1m[35m (0.3ms)[0m  SELECT COUNT(*) FROM "personal_connections"  WHERE "personal_connections"."verb_id" = $1  [["verb_id", 1447]]
11:08:39 web.1  |   [1m[36m (0.6ms)[0m  [1mSELECT COUNT(*) FROM "personal_connections"  WHERE "personal_connections"."verb_id" = $1[0m  [["verb_id", 933]]
11:08:39 web.1  |   [1m[36m (0.5ms)[0m  [1mSELECT COUNT(*) FROM "personal_connections"  WHERE "personal_connections"."verb_id" = $1[0m  [["verb_id", 216]]
11:08:39 web.1  |   [1m[35m (0.3ms)[0m  SELECT COUNT(*) FROM "personal_connections"  WHERE "personal_connections"."verb_id" = $1  [["verb_id", 1220]]
11:08:39 web.1  |   [1m[35m (0.3ms)[0m  SELECT COUNT(*) FROM "personal_connections"  WHERE "personal_connections"."verb_id" = $1  [["verb_id", 1371]]
11:08:39 web.1  |   [1m[36m (0.3ms)[0m  [1mSELECT COUNT(*) FROM "personal_connections"  WHERE "personal_connections"."verb_id" = $1[0m  [["verb_id", 626]]
11:08:39 web.1  |   [1m[36m (0.3ms)[0m  [1mSELECT COUNT(*) FROM "personal_connections"  WHERE "personal_connections"."verb_id" = $1[0m  [["verb_id", 832]]
11:08:39 web.1  |   [1m[35m (0.5ms)[0m  SELECT COUNT(*) FROM "personal_connections"  WHERE "personal_connections"."verb_id" = $1  [["verb_id", 1549]]
11:08:39 web.1  |   [1m[35m (0.3ms)[0m  SELECT COUNT(*) FROM "personal_connections"  WHERE "personal_connections"."verb_id" = $1  [["verb_id", 1524]]
11:08:39 web.1  |   [1m[36m (0.5ms)[0m  [1mSELECT COUNT(*) FROM "personal_connections"  WHERE "personal_connections"."verb_id" = $1[0m  [["verb_id", 858]]
11:08:39 web.1  |   [1m[36m (0.5ms)[0m  [1mSELECT COUNT(*) FROM "personal_connections"  WHERE "personal_connections"."verb_id" = $1[0m  [["verb_id", 1129]]
11:08:39 web.1  |   [1m[35m (0.3ms)[0m  SELECT COUNT(*) FROM "personal_connections"  WHERE "personal_connections"."verb_id" = $1  [["verb_id", 1154]]
11:08:39 web.1  |   [1m[35m (0.3ms)[0m  SELECT COUNT(*) FROM "personal_connections"  WHERE "personal_connections"."verb_id" = $1  [["verb_id", 922]]
11:08:39 web.1  |   [1m[36m (0.3ms)[0m  [1mSELECT COUNT(*) FROM "personal_connections"  WHERE "personal_connections"."verb_id" = $1[0m  [["verb_id", 746]]
11:08:39 web.1  |   [1m[36m (0.5ms)[0m  [1mSELECT COUNT(*) FROM "personal_connections"  WHERE "personal_connections"."verb_id" = $1[0m  [["verb_id", 928]]
11:08:39 web.1  |   [1m[35m (0.6ms)[0m  SELECT COUNT(*) FROM "personal_connections"  WHERE "personal_connections"."verb_id" = $1  [["verb_id", 1194]]
11:08:39 web.1  |   [1m[35m (0.5ms)[0m  SELECT COUNT(*) FROM "personal_connections"  WHERE "personal_connections"."verb_id" = $1  [["verb_id", 294]]
11:08:39 web.1  |   [1m[36m (0.6ms)[0m  [1mSELECT COUNT(*) FROM "personal_connections"  WHERE "personal_connections"."verb_id" = $1[0m  [["verb_id", 1258]]
11:08:39 web.1  |   [1m[36m (0.3ms)[0m  [1mSELECT COUNT(*) FROM "personal_connections"  WHERE "personal_connections"."verb_id" = $1[0m  [["verb_id", 1501]]
11:08:39 web.1  |   [1m[35m (0.6ms)[0m  SELECT COUNT(*) FROM "personal_connections"  WHERE "personal_connections"."verb_id" = $1  [["verb_id", 918]]
11:08:39 web.1  |   [1m[36m (0.4ms)[0m  [1mSELECT COUNT(*) FROM "personal_connections"  WHERE "personal_connections"."verb_id" = $1[0m  [["verb_id", 1288]]
11:08:39 web.1  |   [1m[35m (0.4ms)[0m  SELECT COUNT(*) FROM "personal_connections"  WHERE "personal_connections"."verb_id" = $1  [["verb_id", 1249]]
11:08:39 web.1  |   [1m[35m (0.5ms)[0m  SELECT COUNT(*) FROM "personal_connections"  WHERE "personal_connections"."verb_id" = $1  [["verb_id", 1586]]
11:08:39 web.1  |   [1m[36m (0.4ms)[0m  [1mSELECT COUNT(*) FROM "personal_connections"  WHERE "personal_connections"."verb_id" = $1[0m  [["verb_id", 1225]]
11:08:39 web.1  |   [1m[36m (0.5ms)[0m  [1mSELECT COUNT(*) FROM "personal_connections"  WHERE "personal_connections"."verb_id" = $1[0m  [["verb_id", 1537]]
11:08:39 web.1  |   [1m[35m (0.6ms)[0m  SELECT COUNT(*) FROM "personal_connections"  WHERE "personal_connections"."verb_id" = $1  [["verb_id", 5]]
11:08:39 web.1  |   [1m[35m (0.2ms)[0m  SELECT COUNT(*) FROM "personal_connections"  WHERE "personal_connections"."verb_id" = $1  [["verb_id", 1393]]
11:08:39 web.1  |   [1m[36m (0.4ms)[0m  [1mSELECT COUNT(*) FROM "personal_connections"  WHERE "personal_connections"."verb_id" = $1[0m  [["verb_id", 1396]]
11:08:39 web.1  |   [1m[36m (0.7ms)[0m  [1mSELECT COUNT(*) FROM "personal_connections"  WHERE "personal_connections"."verb_id" = $1[0m  [["verb_id", 959]]
11:08:39 web.1  |   [1m[35m (0.4ms)[0m  SELECT COUNT(*) FROM "personal_connections"  WHERE "personal_connections"."verb_id" = $1  [["verb_id", 1049]]
11:08:39 web.1  |   [1m[35m (0.5ms)[0m  SELECT COUNT(*) FROM "personal_connections"  WHERE "personal_connections"."verb_id" = $1  [["verb_id", 1483]]
11:08:39 web.1  |   [1m[36m (0.3ms)[0m  [1mSELECT COUNT(*) FROM "personal_connections"  WHERE "personal_connections"."verb_id" = $1[0m  [["verb_id", 1543]]
11:08:39 web.1  |   [1m[36m (0.5ms)[0m  [1mSELECT COUNT(*) FROM "personal_connections"  WHERE "personal_connections"."verb_id" = $1[0m  [["verb_id", 27]]
11:08:39 web.1  |   [1m[35m (0.3ms)[0m  SELECT COUNT(*) FROM "personal_connections"  WHERE "personal_connections"."verb_id" = $1  [["verb_id", 1447]]
11:08:39 web.1  |   [1m[35m (0.6ms)[0m  SELECT COUNT(*) FROM "personal_connections"  WHERE "personal_connections"."verb_id" = $1  [["verb_id", 240]]
11:08:39 web.1  |   [1m[36m (0.5ms)[0m  [1mSELECT COUNT(*) FROM "personal_connections"  WHERE "personal_connections"."verb_id" = $1[0m  [["verb_id", 216]]
11:08:39 web.1  |   [1m[36m (0.7ms)[0m  [1mSELECT COUNT(*) FROM "personal_connections"  WHERE "personal_connections"."verb_id" = $1[0m  [["verb_id", 1332]]
11:08:39 web.1  |   [1m[35m (0.3ms)[0m  SELECT COUNT(*) FROM "personal_connections"  WHERE "personal_connections"."verb_id" = $1  [["verb_id", 1371]]
11:08:39 web.1  |   [1m[35m (0.3ms)[0m  SELECT COUNT(*) FROM "personal_connections"  WHERE "personal_connections"."verb_id" = $1  [["verb_id", 1193]]
11:08:39 web.1  |   [1m[36m (0.4ms)[0m  [1mSELECT COUNT(*) FROM "personal_connections"  WHERE "personal_connections"."verb_id" = $1[0m  [["verb_id", 832]]
11:08:39 web.1  |   [1m[35m (0.2ms)[0m  SELECT COUNT(*) FROM "personal_connections"  WHERE "personal_connections"."verb_id" = $1  [["verb_id", 1524]]
11:08:39 web.1  |   [1m[36m (0.6ms)[0m  [1mSELECT COUNT(*) FROM "personal_connections"  WHERE "personal_connections"."verb_id" = $1[0m  [["verb_id", 1093]]
11:08:39 web.1  |   [1m[36m (0.3ms)[0m  [1mSELECT COUNT(*) FROM "personal_connections"  WHERE "personal_connections"."verb_id" = $1[0m  [["verb_id", 1129]]
11:08:39 web.1  |   [1m[35m (0.2ms)[0m  SELECT COUNT(*) FROM "personal_connections"  WHERE "personal_connections"."verb_id" = $1  [["verb_id", 4]]
11:08:39 web.1  |   [1m[35m (0.4ms)[0m  SELECT COUNT(*) FROM "personal_connections"  WHERE "personal_connections"."verb_id" = $1  [["verb_id", 922]]
11:08:39 web.1  |   [1m[36m (0.2ms)[0m  [1mSELECT COUNT(*) FROM "personal_connections"  WHERE "personal_connections"."verb_id" = $1[0m  [["verb_id", 807]]
11:08:39 web.1  |   [1m[35m (0.3ms)[0m  SELECT COUNT(*) FROM "personal_connections"  WHERE "personal_connections"."verb_id" = $1  [["verb_id", 812]]
11:08:39 web.1  |   [1m[36m (0.5ms)[0m  [1mSELECT COUNT(*) FROM "personal_connections"  WHERE "personal_connections"."verb_id" = $1[0m  [["verb_id", 928]]
11:08:39 web.1  |   [1m[36m (0.4ms)[0m  [1mSELECT COUNT(*) FROM "personal_connections"  WHERE "personal_connections"."verb_id" = $1[0m  [["verb_id", 1106]]
11:08:39 web.1  |   [1m[35m (0.4ms)[0m  SELECT COUNT(*) FROM "personal_connections"  WHERE "personal_connections"."verb_id" = $1  [["verb_id", 294]]
11:08:39 web.1  |   [1m[35m (0.3ms)[0m  SELECT COUNT(*) FROM "personal_connections"  WHERE "personal_connections"."verb_id" = $1  [["verb_id", 1493]]
11:08:39 web.1  |   [1m[36m (0.3ms)[0m  [1mSELECT COUNT(*) FROM "personal_connections"  WHERE "personal_connections"."verb_id" = $1[0m  [["verb_id", 1501]]
11:08:39 web.1  |   [1m[36m (0.3ms)[0m  [1mSELECT COUNT(*) FROM "personal_connections"  WHERE "personal_connections"."verb_id" = $1[0m  [["verb_id", 1423]]
11:08:39 web.1  |   [1m[35m (0.3ms)[0m  SELECT COUNT(*) FROM "personal_connections"  WHERE "personal_connections"."verb_id" = $1  [["verb_id", 1249]]
11:08:39 web.1  |   [1m[35m (0.4ms)[0m  SELECT COUNT(*) FROM "personal_connections"  WHERE "personal_connections"."verb_id" = $1  [["verb_id", 754]]
11:08:39 web.1  |   [1m[36m (0.3ms)[0m  [1mSELECT COUNT(*) FROM "personal_connections"  WHERE "personal_connections"."verb_id" = $1[0m  [["verb_id", 1225]]
11:08:39 web.1  |   [1m[36m (0.2ms)[0m  [1mSELECT COUNT(*) FROM "personal_connections"  WHERE "personal_connections"."verb_id" = $1[0m  [["verb_id", 1324]]
11:08:39 web.1  |   [1m[35m (0.3ms)[0m  SELECT COUNT(*) FROM "personal_connections"  WHERE "personal_connections"."verb_id" = $1  [["verb_id", 1323]]
11:08:39 web.1  |   [1m[35m (0.5ms)[0m  SELECT COUNT(*) FROM "personal_connections"  WHERE "personal_connections"."verb_id" = $1  [["verb_id", 5]]
11:08:39 web.1  |   [1m[36m (0.4ms)[0m  [1mSELECT COUNT(*) FROM "personal_connections"  WHERE "personal_connections"."verb_id" = $1[0m  [["verb_id", 801]]
11:08:39 web.1  |   [1m[36m (0.4ms)[0m  [1mSELECT COUNT(*) FROM "personal_connections"  WHERE "personal_connections"."verb_id" = $1[0m  [["verb_id", 959]]
11:08:39 web.1  |   [1m[35m (0.3ms)[0m  SELECT COUNT(*) FROM "personal_connections"  WHERE "personal_connections"."verb_id" = $1  [["verb_id", 1444]]
11:08:39 web.1  |   [1m[35m (0.5ms)[0m  SELECT COUNT(*) FROM "personal_connections"  WHERE "personal_connections"."verb_id" = $1  [["verb_id", 1483]]
11:08:39 web.1  |   [1m[36m (0.3ms)[0m  [1mSELECT COUNT(*) FROM "personal_connections"  WHERE "personal_connections"."verb_id" = $1[0m  [["verb_id", 759]]
11:08:39 web.1  |   [1m[36m (0.3ms)[0m  [1mSELECT COUNT(*) FROM "personal_connections"  WHERE "personal_connections"."verb_id" = $1[0m  [["verb_id", 27]]
11:08:39 web.1  |   [1m[35m (0.3ms)[0m  SELECT COUNT(*) FROM "personal_connections"  WHERE "personal_connections"."verb_id" = $1  [["verb_id", 26]]
11:08:39 web.1  |   [1m[35m (0.4ms)[0m  SELECT COUNT(*) FROM "personal_connections"  WHERE "personal_connections"."verb_id" = $1  [["verb_id", 240]]
11:08:39 web.1  |   [1m[36m (0.3ms)[0m  [1mSELECT COUNT(*) FROM "personal_connections"  WHERE "personal_connections"."verb_id" = $1[0m  [["verb_id", 889]]
11:08:39 web.1  |   [1m[36m (0.5ms)[0m  [1mSELECT COUNT(*) FROM "personal_connections"  WHERE "personal_connections"."verb_id" = $1[0m  [["verb_id", 1332]]
11:08:39 web.1  |   [1m[35m (0.4ms)[0m  SELECT COUNT(*) FROM "personal_connections"  WHERE "personal_connections"."verb_id" = $1  [["verb_id", 827]]
11:08:39 web.1  |   [1m[35m (0.4ms)[0m  SELECT COUNT(*) FROM "personal_connections"  WHERE "personal_connections"."verb_id" = $1  [["verb_id", 1193]]
11:08:39 web.1  |   [1m[36m (0.3ms)[0m  [1mSELECT COUNT(*) FROM "personal_connections"  WHERE "personal_connections"."verb_id" = $1[0m  [["verb_id", 903]]
11:08:39 web.1  |   [1m[36m (0.5ms)[0m  [1mSELECT COUNT(*) FROM "personal_connections"  WHERE "personal_connections"."verb_id" = $1[0m  [["verb_id", 1093]]
11:08:39 web.1  |   [1m[35m (0.3ms)[0m  SELECT COUNT(*) FROM "personal_connections"  WHERE "personal_connections"."verb_id" = $1  [["verb_id", 828]]
11:08:39 web.1  |   [1m[36m (0.3ms)[0m  [1mSELECT COUNT(*) FROM "personal_connections"  WHERE "personal_connections"."verb_id" = $1[0m  [["verb_id", 1463]]
11:08:39 web.1  |   [1m[35m (0.2ms)[0m  SELECT COUNT(*) FROM "personal_connections"  WHERE "personal_connections"."verb_id" = $1  [["verb_id", 4]]
11:08:39 web.1  |   [1m[35m (0.3ms)[0m  SELECT COUNT(*) FROM "personal_connections"  WHERE "personal_connections"."verb_id" = $1  [["verb_id", 1284]]
11:08:39 web.1  |   [1m[36m (0.2ms)[0m  [1mSELECT COUNT(*) FROM "personal_connections"  WHERE "personal_connections"."verb_id" = $1[0m  [["verb_id", 807]]
11:08:39 web.1  |   [1m[36m (0.4ms)[0m  [1mSELECT COUNT(*) FROM "personal_connections"  WHERE "personal_connections"."verb_id" = $1[0m  [["verb_id", 939]]
11:08:39 web.1  |   [1m[35m (0.4ms)[0m  SELECT COUNT(*) FROM "personal_connections"  WHERE "personal_connections"."verb_id" = $1  [["verb_id", 812]]
11:08:39 web.1  |   [1m[35m (0.3ms)[0m  SELECT COUNT(*) FROM "personal_connections"  WHERE "personal_connections"."verb_id" = $1  [["verb_id", 1263]]
11:08:39 web.1  |   [1m[36m (0.4ms)[0m  [1mSELECT COUNT(*) FROM "personal_connections"  WHERE "personal_connections"."verb_id" = $1[0m  [["verb_id", 1132]]
11:08:39 web.1  |   [1m[36m (0.3ms)[0m  [1mSELECT COUNT(*) FROM "personal_connections"  WHERE "personal_connections"."verb_id" = $1[0m  [["verb_id", 1106]]
11:08:39 web.1  |   [1m[35m (0.2ms)[0m  SELECT COUNT(*) FROM "personal_connections"  WHERE "personal_connections"."verb_id" = $1  [["verb_id", 153]]
11:08:39 web.1  |   [1m[36m (0.3ms)[0m  [1mSELECT COUNT(*) FROM "personal_connections"  WHERE "personal_connections"."verb_id" = $1[0m  [["verb_id", 1443]]
11:08:39 web.1  |   [1m[35m (0.3ms)[0m  SELECT COUNT(*) FROM "personal_connections"  WHERE "personal_connections"."verb_id" = $1  [["verb_id", 1493]]
11:08:39 web.1  |   [1m[35m (0.3ms)[0m  SELECT COUNT(*) FROM "personal_connections"  WHERE "personal_connections"."verb_id" = $1  [["verb_id", 406]]
11:08:39 web.1  |   [1m[36m (0.3ms)[0m  [1mSELECT COUNT(*) FROM "personal_connections"  WHERE "personal_connections"."verb_id" = $1[0m  [["verb_id", 1423]]
11:08:39 web.1  |   [1m[36m (0.3ms)[0m  [1mSELECT COUNT(*) FROM "personal_connections"  WHERE "personal_connections"."verb_id" = $1[0m  [["verb_id", 508]]
11:08:39 web.1  |   [1m[35m (0.3ms)[0m  SELECT COUNT(*) FROM "personal_connections"  WHERE "personal_connections"."verb_id" = $1  [["verb_id", 754]]
11:08:39 web.1  |   [1m[35m (0.3ms)[0m  SELECT COUNT(*) FROM "personal_connections"  WHERE "personal_connections"."verb_id" = $1  [["verb_id", 1224]]
11:08:39 web.1  |   [1m[36m (0.3ms)[0m  [1mSELECT COUNT(*) FROM "personal_connections"  WHERE "personal_connections"."verb_id" = $1[0m  [["verb_id", 1324]]
11:08:39 web.1  |   [1m[36m (0.3ms)[0m  [1mSELECT COUNT(*) FROM "personal_connections"  WHERE "personal_connections"."verb_id" = $1[0m  [["verb_id", 1276]]
11:08:39 web.1  |   [1m[35m (0.3ms)[0m  SELECT COUNT(*) FROM "personal_connections"  WHERE "personal_connections"."verb_id" = $1  [["verb_id", 1323]]
11:08:39 web.1  |   [1m[36m (0.3ms)[0m  [1mSELECT COUNT(*) FROM "personal_connections"  WHERE "personal_connections"."verb_id" = $1[0m  [["verb_id", 801]]
11:08:39 web.1  |   [1m[35m (0.3ms)[0m  SELECT COUNT(*) FROM "personal_connections"  WHERE "personal_connections"."verb_id" = $1  [["verb_id", 1274]]
11:08:39 web.1  |   [1m[35m (0.3ms)[0m  SELECT COUNT(*) FROM "personal_connections"  WHERE "personal_connections"."verb_id" = $1  [["verb_id", 1444]]
11:08:39 web.1  |   [1m[36m (0.3ms)[0m  [1mSELECT COUNT(*) FROM "personal_connections"  WHERE "personal_connections"."verb_id" = $1[0m  [["verb_id", 1159]]
11:08:39 web.1  |   [1m[36m (0.3ms)[0m  [1mSELECT COUNT(*) FROM "personal_connections"  WHERE "personal_connections"."verb_id" = $1[0m  [["verb_id", 759]]
11:08:39 web.1  |   Rendered verbs/_verb.html.erb (8568.0ms)
11:08:39 web.1  |   Rendered verbs/index.html.erb within layouts/application (8818.0ms)
11:08:39 web.1  |   [1m[35m (0.4ms)[0m  SELECT COUNT(*) FROM "personal_connections"  WHERE "personal_connections"."verb_id" = $1  [["verb_id", 26]]
11:08:39 web.1  |   [1m[36m (0.3ms)[0m  [1mSELECT COUNT(*) FROM "personal_connections"  WHERE "personal_connections"."verb_id" = $1[0m  [["verb_id", 889]]
11:08:39 web.1  |   [1m[35m (0.3ms)[0m  SELECT COUNT(*) FROM "personal_connections"  WHERE "personal_connections"."verb_id" = $1  [["verb_id", 827]]
11:08:39 web.1  |   [1m[36m (0.3ms)[0m  [1mSELECT COUNT(*) FROM "personal_connections"  WHERE "personal_connections"."verb_id" = $1[0m  [["verb_id", 903]]
11:08:39 web.1  |   [1m[35m (0.3ms)[0m  SELECT COUNT(*) FROM "personal_connections"  WHERE "personal_connections"."verb_id" = $1  [["verb_id", 828]]
11:08:39 web.1  |   [1m[36m (0.3ms)[0m  [1mSELECT COUNT(*) FROM "personal_connections"  WHERE "personal_connections"."verb_id" = $1[0m  [["verb_id", 1463]]
11:08:39 web.1  |   [1m[35m (0.3ms)[0m  SELECT COUNT(*) FROM "personal_connections"  WHERE "personal_connections"."verb_id" = $1  [["verb_id", 1284]]
11:08:39 web.1  |   [1m[36m (0.3ms)[0m  [1mSELECT COUNT(*) FROM "personal_connections"  WHERE "personal_connections"."verb_id" = $1[0m  [["verb_id", 939]]
11:08:39 web.1  |   [1m[35m (0.3ms)[0m  SELECT COUNT(*) FROM "personal_connections"  WHERE "personal_connections"."verb_id" = $1  [["verb_id", 1263]]
11:08:39 web.1  |   [1m[36m (0.3ms)[0m  [1mSELECT COUNT(*) FROM "personal_connections"  WHERE "personal_connections"."verb_id" = $1[0m  [["verb_id", 1132]]
11:08:39 web.1  |   [1m[35m (0.3ms)[0m  SELECT COUNT(*) FROM "personal_connections"  WHERE "personal_connections"."verb_id" = $1  [["verb_id", 153]]
11:08:39 web.1  |   [1m[36m (0.3ms)[0m  [1mSELECT COUNT(*) FROM "personal_connections"  WHERE "personal_connections"."verb_id" = $1[0m  [["verb_id", 1443]]
11:08:39 web.1  |   [1m[35m (0.3ms)[0m  SELECT COUNT(*) FROM "personal_connections"  WHERE "personal_connections"."verb_id" = $1  [["verb_id", 406]]
11:08:39 web.1  |   [1m[36m (0.3ms)[0m  [1mSELECT COUNT(*) FROM "personal_connections"  WHERE "personal_connections"."verb_id" = $1[0m  [["verb_id", 508]]
11:08:39 web.1  |   [1m[35m (0.3ms)[0m  SELECT COUNT(*) FROM "personal_connections"  WHERE "personal_connections"."verb_id" = $1  [["verb_id", 1224]]
11:08:39 web.1  |   [1m[36m (0.4ms)[0m  [1mSELECT COUNT(*) FROM "personal_connections"  WHERE "personal_connections"."verb_id" = $1[0m  [["verb_id", 1276]]
11:08:39 web.1  |   [1m[35m (0.3ms)[0m  SELECT COUNT(*) FROM "personal_connections"  WHERE "personal_connections"."verb_id" = $1  [["verb_id", 1274]]
11:08:39 web.1  |   [1m[36m (0.3ms)[0m  [1mSELECT COUNT(*) FROM "personal_connections"  WHERE "personal_connections"."verb_id" = $1[0m  [["verb_id", 1159]]
11:08:39 web.1  | Completed 200 OK in 9005ms (Views: 8248.5ms | ActiveRecord: 754.6ms)
11:08:39 web.1  | Oink Action: verbs#index
11:08:39 web.1  |   Rendered verbs/_verb.html.erb (8506.4ms)
11:08:39 web.1  |   Rendered verbs/index.html.erb within layouts/application (8932.8ms)
11:08:39 web.1  | Memory usage: 2594400 | PID: 40431
11:08:39 web.1  | Instantiation Breakdown: Total: 1126 | Verb: 1126
11:08:39 web.1  | Oink Log Entry Complete
11:08:39 web.1  | Completed 200 OK in 9033ms (Views: 8467.7ms | ActiveRecord: 556.7ms)
11:08:39 web.1  | Oink Action: verbs#index
11:08:39 web.1  | Memory usage: 2594400 | PID: 40432
11:08:39 web.1  | Instantiation Breakdown: Total: 1126 | Verb: 1126
11:08:39 web.1  | Oink Log Entry Complete
11:08:40 web.1  | [40432] 127.0.0.1 - - [16/May/2015 11:08:40] "GET /verbs HTTP/1.0" 200 - 10.2876
11:08:40 web.1  | Started GET "/verbs" for 127.0.0.1 at 2015-05-16 11:08:40 +0100
11:08:40 web.1  | Processing by VerbsController#index as */*
11:08:40 web.1  | USERAGENT: /verbs ApacheBench/2.3
11:08:40 web.1  | [40431] 127.0.0.1 - - [16/May/2015 11:08:40] "GET /verbs HTTP/1.0" 200 - 10.3498
11:08:40 web.1  |   [1m[35mVerb Load (26.6ms)[0m  SELECT "verbs".* FROM "verbs"   ORDER BY "verbs"."name" ASC
11:08:40 web.1  |   [1m[36m (0.3ms)[0m  [1mSELECT COUNT(*) FROM "personal_connections"  WHERE "personal_connections"."verb_id" = $1[0m  [["verb_id", 687]]
11:08:40 web.1  |   [1m[35m (0.3ms)[0m  SELECT COUNT(*) FROM "personal_connections"  WHERE "personal_connections"."verb_id" = $1  [["verb_id", 1294]]
11:08:40 web.1  |   [1m[36m (0.3ms)[0m  [1mSELECT COUNT(*) FROM "personal_connections"  WHERE "personal_connections"."verb_id" = $1[0m  [["verb_id", 316]]
11:08:40 web.1  |   [1m[35m (0.3ms)[0m  SELECT COUNT(*) FROM "personal_connections"  WHERE "personal_connections"."verb_id" = $1  [["verb_id", 1158]]
11:08:40 web.1  |   [1m[36m (0.3ms)[0m  [1mSELECT COUNT(*) FROM "personal_connections"  WHERE "personal_connections"."verb_id" = $1[0m  [["verb_id", 1461]]
11:08:40 web.1  |   [1m[35m (0.3ms)[0m  SELECT COUNT(*) FROM "personal_connections"  WHERE "personal_connections"."verb_id" = $1  [["verb_id", 995]]
11:08:40 web.1  |   [1m[36m (0.3ms)[0m  [1mSELECT COUNT(*) FROM "personal_connections"  WHERE "personal_connections"."verb_id" = $1[0m  [["verb_id", 1176]]
11:08:40 web.1  |   [1m[35m (0.3ms)[0m  SELECT COUNT(*) FROM "personal_connections"  WHERE "personal_connections"."verb_id" = $1  [["verb_id", 1102]]
11:08:40 web.1  |   [1m[36m (0.3ms)[0m  [1mSELECT COUNT(*) FROM "personal_connections"  WHERE "personal_connections"."verb_id" = $1[0m  [["verb_id", 1028]]
11:08:40 web.1  |   [1m[35m (0.3ms)[0m  SELECT COUNT(*) FROM "personal_connections"  WHERE "personal_connections"."verb_id" = $1  [["verb_id", 1521]]
11:08:40 web.1  |   [1m[36m (0.4ms)[0m  [1mSELECT COUNT(*) FROM "personal_connections"  WHERE "personal_connections"."verb_id" = $1[0m  [["verb_id", 1582]]
11:08:40 web.1  |   [1m[35m (0.3ms)[0m  SELECT COUNT(*) FROM "personal_connections"  WHERE "personal_connections"."verb_id" = $1  [["verb_id", 695]]
11:08:40 web.1  |   [1m[36m (0.3ms)[0m  [1mSELECT COUNT(*) FROM "personal_connections"  WHERE "personal_connections"."verb_id" = $1[0m  [["verb_id", 618]]
11:08:41 web.1  |   [1m[35m (0.3ms)[0m  SELECT COUNT(*) FROM "personal_connections"  WHERE "personal_connections"."verb_id" = $1  [["verb_id", 972]]
11:08:41 web.1  |   [1m[36m (0.4ms)[0m  [1mSELECT COUNT(*) FROM "personal_connections"  WHERE "personal_connections"."verb_id" = $1[0m  [["verb_id", 943]]
11:08:41 web.1  |   [1m[35m (0.4ms)[0m  SELECT COUNT(*) FROM "personal_connections"  WHERE "personal_connections"."verb_id" = $1  [["verb_id", 1117]]
11:08:41 web.1  |   [1m[36m (0.3ms)[0m  [1mSELECT COUNT(*) FROM "personal_connections"  WHERE "personal_connections"."verb_id" = $1[0m  [["verb_id", 1353]]
11:08:41 web.1  |   [1m[35m (0.4ms)[0m  SELECT COUNT(*) FROM "personal_connections"  WHERE "personal_connections"."verb_id" = $1  [["verb_id", 941]]
11:08:41 web.1  |   [1m[36m (0.3ms)[0m  [1mSELECT COUNT(*) FROM "personal_connections"  WHERE "personal_connections"."verb_id" = $1[0m  [["verb_id", 1141]]
11:08:41 web.1  |   [1m[35m (0.3ms)[0m  SELECT COUNT(*) FROM "personal_connections"  WHERE "personal_connections"."verb_id" = $1  [["verb_id", 1217]]
11:08:41 web.1  |   [1m[36m (0.4ms)[0m  [1mSELECT COUNT(*) FROM "personal_connections"  WHERE "personal_connections"."verb_id" = $1[0m  [["verb_id", 1043]]
11:08:41 web.1  |   [1m[35m (0.3ms)[0m  SELECT COUNT(*) FROM "personal_connections"  WHERE "personal_connections"."verb_id" = $1  [["verb_id", 971]]
11:08:41 web.1  |   [1m[36m (0.3ms)[0m  [1mSELECT COUNT(*) FROM "personal_connections"  WHERE "personal_connections"."verb_id" = $1[0m  [["verb_id", 1282]]
11:08:41 web.1  |   [1m[35m (0.3ms)[0m  SELECT COUNT(*) FROM "personal_connections"  WHERE "personal_connections"."verb_id" = $1  [["verb_id", 767]]
11:08:41 web.1  |   [1m[36m (0.3ms)[0m  [1mSELECT COUNT(*) FROM "personal_connections"  WHERE "personal_connections"."verb_id" = $1[0m  [["verb_id", 530]]
11:08:41 web.1  |   [1m[35m (0.3ms)[0m  SELECT COUNT(*) FROM "personal_connections"  WHERE "personal_connections"."verb_id" = $1  [["verb_id", 886]]
11:08:41 web.1  |   [1m[36m (0.3ms)[0m  [1mSELECT COUNT(*) FROM "personal_connections"  WHERE "personal_connections"."verb_id" = $1[0m  [["verb_id", 1047]]
11:08:41 web.1  |   [1m[35m (0.3ms)[0m  SELECT COUNT(*) FROM "personal_connections"  WHERE "personal_connections"."verb_id" = $1  [["verb_id", 786]]
11:08:41 web.1  |   [1m[36m (0.3ms)[0m  [1mSELECT COUNT(*) FROM "personal_connections"  WHERE "personal_connections"."verb_id" = $1[0m  [["verb_id", 833]]
11:08:41 web.1  |   [1m[35m (0.3ms)[0m  SELECT COUNT(*) FROM "personal_connections"  WHERE "personal_connections"."verb_id" = $1  [["verb_id", 1345]]
11:08:41 web.1  |   [1m[36m (0.3ms)[0m  [1mSELECT COUNT(*) FROM "personal_connections"  WHERE "personal_connections"."verb_id" = $1[0m  [["verb_id", 793]]
11:08:41 web.1  |   [1m[35m (0.3ms)[0m  SELECT COUNT(*) FROM "personal_connections"  WHERE "personal_connections"."verb_id" = $1  [["verb_id", 702]]
11:08:41 web.1  |   [1m[36m (0.3ms)[0m  [1mSELECT COUNT(*) FROM "personal_connections"  WHERE "personal_connections"."verb_id" = $1[0m  [["verb_id", 50]]
11:08:41 web.1  |   [1m[35m (0.3ms)[0m  SELECT COUNT(*) FROM "personal_connections"  WHERE "personal_connections"."verb_id" = $1  [["verb_id", 394]]
11:08:41 web.1  |   [1m[36m (0.3ms)[0m  [1mSELECT COUNT(*) FROM "personal_connections"  WHERE "personal_connections"."verb_id" = $1[0m  [["verb_id", 526]]
11:08:41 web.1  |   [1m[35m (0.3ms)[0m  SELECT COUNT(*) FROM "personal_connections"  WHERE "personal_connections"."verb_id" = $1  [["verb_id", 1551]]
11:08:41 web.1  |   [1m[36m (0.3ms)[0m  [1mSELECT COUNT(*) FROM "personal_connections"  WHERE "personal_connections"."verb_id" = $1[0m  [["verb_id", 1254]]
11:08:41 web.1  |   [1m[35m (0.3ms)[0m  SELECT COUNT(*) FROM "personal_connections"  WHERE "personal_connections"."verb_id" = $1  [["verb_id", 1489]]
11:08:41 web.1  |   [1m[36m (0.3ms)[0m  [1mSELECT COUNT(*) FROM "personal_connections"  WHERE "personal_connections"."verb_id" = $1[0m  [["verb_id", 21]]
11:08:41 web.1  |   [1m[35m (0.4ms)[0m  SELECT COUNT(*) FROM "personal_connections"  WHERE "personal_connections"."verb_id" = $1  [["verb_id", 935]]
11:08:41 web.1  |   [1m[36m (0.3ms)[0m  [1mSELECT COUNT(*) FROM "personal_connections"  WHERE "personal_connections"."verb_id" = $1[0m  [["verb_id", 1370]]
11:08:41 web.1  |   [1m[35m (0.3ms)[0m  SELECT COUNT(*) FROM "personal_connections"  WHERE "personal_connections"."verb_id" = $1  [["verb_id", 398]]
11:08:41 web.1  |   [1m[36m (0.3ms)[0m  [1mSELECT COUNT(*) FROM "personal_connections"  WHERE "personal_connections"."verb_id" = $1[0m  [["verb_id", 58]]
11:08:41 web.1  |   [1m[35m (0.4ms)[0m  SELECT COUNT(*) FROM "personal_connections"  WHERE "personal_connections"."verb_id" = $1  [["verb_id", 177]]
11:08:41 web.1  |   [1m[36m (0.3ms)[0m  [1mSELECT COUNT(*) FROM "personal_connections"  WHERE "personal_connections"."verb_id" = $1[0m  [["verb_id", 582]]
11:08:41 web.1  |   [1m[35m (0.3ms)[0m  SELECT COUNT(*) FROM "personal_connections"  WHERE "personal_connections"."verb_id" = $1  [["verb_id", 1280]]
11:08:41 web.1  |   [1m[36m (0.4ms)[0m  [1mSELECT COUNT(*) FROM "personal_connections"  WHERE "personal_connections"."verb_id" = $1[0m  [["verb_id", 1148]]
11:08:41 web.1  |   [1m[35m (0.3ms)[0m  SELECT COUNT(*) FROM "personal_connections"  WHERE "personal_connections"."verb_id" = $1  [["verb_id", 354]]
11:08:41 web.1  |   [1m[36m (0.4ms)[0m  [1mSELECT COUNT(*) FROM "personal_connections"  WHERE "personal_connections"."verb_id" = $1[0m  [["verb_id", 857]]
11:08:41 web.1  |   [1m[35m (0.3ms)[0m  SELECT COUNT(*) FROM "personal_connections"  WHERE "personal_connections"."verb_id" = $1  [["verb_id", 1119]]
11:08:41 web.1  |   [1m[36m (0.3ms)[0m  [1mSELECT COUNT(*) FROM "personal_connections"  WHERE "personal_connections"."verb_id" = $1[0m  [["verb_id", 865]]
11:08:41 web.1  |   [1m[35m (0.3ms)[0m  SELECT COUNT(*) FROM "personal_connections"  WHERE "personal_connections"."verb_id" = $1  [["verb_id", 841]]
11:08:41 web.1  |   [1m[36m (0.3ms)[0m  [1mSELECT COUNT(*) FROM "personal_connections"  WHERE "personal_connections"."verb_id" = $1[0m  [["verb_id", 1297]]
11:08:41 web.1  |   [1m[35m (0.3ms)[0m  SELECT COUNT(*) FROM "personal_connections"  WHERE "personal_connections"."verb_id" = $1  [["verb_id", 1529]]
11:08:41 web.1  |   [1m[36m (0.3ms)[0m  [1mSELECT COUNT(*) FROM "personal_connections"  WHERE "personal_connections"."verb_id" = $1[0m  [["verb_id", 55]]
11:08:41 web.1  |   [1m[35m (0.3ms)[0m  SELECT COUNT(*) FROM "personal_connections"  WHERE "personal_connections"."verb_id" = $1  [["verb_id", 181]]
11:08:41 web.1  |   [1m[36m (0.3ms)[0m  [1mSELECT COUNT(*) FROM "personal_connections"  WHERE "personal_connections"."verb_id" = $1[0m  [["verb_id", 402]]
11:08:41 web.1  |   [1m[35m (0.3ms)[0m  SELECT COUNT(*) FROM "personal_connections"  WHERE "personal_connections"."verb_id" = $1  [["verb_id", 1488]]
11:08:41 web.1  |   [1m[36m (0.3ms)[0m  [1mSELECT COUNT(*) FROM "personal_connections"  WHERE "personal_connections"."verb_id" = $1[0m  [["verb_id", 404]]
11:08:41 web.1  |   [1m[35m (0.5ms)[0m  SELECT COUNT(*) FROM "personal_connections"  WHERE "personal_connections"."verb_id" = $1  [["verb_id", 338]]
11:08:41 web.1  |   [1m[36m (0.3ms)[0m  [1mSELECT COUNT(*) FROM "personal_connections"  WHERE "personal_connections"."verb_id" = $1[0m  [["verb_id", 919]]
11:08:41 web.1  |   [1m[35m (0.3ms)[0m  SELECT COUNT(*) FROM "personal_connections"  WHERE "personal_connections"."verb_id" = $1  [["verb_id", 1112]]
11:08:41 web.1  |   [1m[36m (0.3ms)[0m  [1mSELECT COUNT(*) FROM "personal_connections"  WHERE "personal_connections"."verb_id" = $1[0m  [["verb_id", 785]]
11:08:41 web.1  |   [1m[35m (0.3ms)[0m  SELECT COUNT(*) FROM "personal_connections"  WHERE "personal_connections"."verb_id" = $1  [["verb_id", 658]]
11:08:41 web.1  |   [1m[36m (0.3ms)[0m  [1mSELECT COUNT(*) FROM "personal_connections"  WHERE "personal_connections"."verb_id" = $1[0m  [["verb_id", 320]]
11:08:41 web.1  |   [1m[35m (0.3ms)[0m  SELECT COUNT(*) FROM "personal_connections"  WHERE "personal_connections"."verb_id" = $1  [["verb_id", 1255]]
11:08:41 web.1  |   [1m[36m (0.3ms)[0m  [1mSELECT COUNT(*) FROM "personal_connections"  WHERE "personal_connections"."verb_id" = $1[0m  [["verb_id", 787]]
11:08:41 web.1  |   [1m[35m (0.3ms)[0m  SELECT COUNT(*) FROM "personal_connections"  WHERE "personal_connections"."verb_id" = $1  [["verb_id", 1257]]
11:08:41 web.1  |   [1m[36m (0.4ms)[0m  [1mSELECT COUNT(*) FROM "personal_connections"  WHERE "personal_connections"."verb_id" = $1[0m  [["verb_id", 121]]
11:08:41 web.1  |   [1m[35m (0.3ms)[0m  SELECT COUNT(*) FROM "personal_connections"  WHERE "personal_connections"."verb_id" = $1  [["verb_id", 1144]]
11:08:41 web.1  |   [1m[36m (0.3ms)[0m  [1mSELECT COUNT(*) FROM "personal_connections"  WHERE "personal_connections"."verb_id" = $1[0m  [["verb_id", 1143]]
11:08:41 web.1  |   [1m[35m (0.3ms)[0m  SELECT COUNT(*) FROM "personal_connections"  WHERE "personal_connections"."verb_id" = $1  [["verb_id", 1554]]
11:08:41 web.1  |   [1m[36m (0.3ms)[0m  [1mSELECT COUNT(*) FROM "personal_connections"  WHERE "personal_connections"."verb_id" = $1[0m  [["verb_id", 1299]]
11:08:41 web.1  |   [1m[35m (0.3ms)[0m  SELECT COUNT(*) FROM "personal_connections"  WHERE "personal_connections"."verb_id" = $1  [["verb_id", 768]]
11:08:41 web.1  |   [1m[36m (0.4ms)[0m  [1mSELECT COUNT(*) FROM "personal_connections"  WHERE "personal_connections"."verb_id" = $1[0m  [["verb_id", 725]]
11:08:41 web.1  |   [1m[35m (0.3ms)[0m  SELECT COUNT(*) FROM "personal_connections"  WHERE "personal_connections"."verb_id" = $1  [["verb_id", 1394]]
11:08:41 web.1  |   [1m[36m (0.3ms)[0m  [1mSELECT COUNT(*) FROM "personal_connections"  WHERE "personal_connections"."verb_id" = $1[0m  [["verb_id", 1201]]
11:08:41 web.1  |   [1m[35m (0.3ms)[0m  SELECT COUNT(*) FROM "personal_connections"  WHERE "personal_connections"."verb_id" = $1  [["verb_id", 610]]
11:08:41 web.1  |   [1m[36m (0.3ms)[0m  [1mSELECT COUNT(*) FROM "personal_connections"  WHERE "personal_connections"."verb_id" = $1[0m  [["verb_id", 1539]]
11:08:41 web.1  |   [1m[35m (0.3ms)[0m  SELECT COUNT(*) FROM "personal_connections"  WHERE "personal_connections"."verb_id" = $1  [["verb_id", 1405]]
11:08:41 web.1  |   [1m[36m (0.3ms)[0m  [1mSELECT COUNT(*) FROM "personal_connections"  WHERE "personal_connections"."verb_id" = $1[0m  [["verb_id", 1379]]
11:08:41 web.1  |   [1m[35m (0.5ms)[0m  SELECT COUNT(*) FROM "personal_connections"  WHERE "personal_connections"."verb_id" = $1  [["verb_id", 238]]
11:08:41 web.1  |   [1m[36m (0.3ms)[0m  [1mSELECT COUNT(*) FROM "personal_connections"  WHERE "personal_connections"."verb_id" = $1[0m  [["verb_id", 1425]]
11:08:41 web.1  |   [1m[35m (0.3ms)[0m  SELECT COUNT(*) FROM "personal_connections"  WHERE "personal_connections"."verb_id" = $1  [["verb_id", 1484]]
11:08:41 web.1  |   [1m[36m (0.3ms)[0m  [1mSELECT COUNT(*) FROM "personal_connections"  WHERE "personal_connections"."verb_id" = $1[0m  [["verb_id", 792]]
11:08:41 web.1  |   [1m[35m (0.3ms)[0m  SELECT COUNT(*) FROM "personal_connections"  WHERE "personal_connections"."verb_id" = $1  [["verb_id", 1431]]
11:08:41 web.1  |   [1m[36m (0.3ms)[0m  [1mSELECT COUNT(*) FROM "personal_connections"  WHERE "personal_connections"."verb_id" = $1[0m  [["verb_id", 761]]
11:08:41 web.1  |   [1m[35m (0.3ms)[0m  SELECT COUNT(*) FROM "personal_connections"  WHERE "personal_connections"."verb_id" = $1  [["verb_id", 1038]]
11:08:41 web.1  |   [1m[36m (0.3ms)[0m  [1mSELECT COUNT(*) FROM "personal_connections"  WHERE "personal_connections"."verb_id" = $1[0m  [["verb_id", 1278]]
11:08:41 web.1  |   [1m[35m (0.3ms)[0m  SELECT COUNT(*) FROM "personal_connections"  WHERE "personal_connections"."verb_id" = $1  [["verb_id", 1016]]
11:08:41 web.1  |   [1m[36m (0.4ms)[0m  [1mSELECT COUNT(*) FROM "personal_connections"  WHERE "personal_connections"."verb_id" = $1[0m  [["verb_id", 815]]
11:08:41 web.1  |   [1m[35m (0.3ms)[0m  SELECT COUNT(*) FROM "personal_connections"  WHERE "personal_connections"."verb_id" = $1  [["verb_id", 1476]]
11:08:41 web.1  |   [1m[36m (0.3ms)[0m  [1mSELECT COUNT(*) FROM "personal_connections"  WHERE "personal_connections"."verb_id" = $1[0m  [["verb_id", 665]]
11:08:41 web.1  |   [1m[35m (0.3ms)[0m  SELECT COUNT(*) FROM "personal_connections"  WHERE "personal_connections"."verb_id" = $1  [["verb_id", 1477]]
11:08:41 web.1  |   [1m[36m (0.3ms)[0m  [1mSELECT COUNT(*) FROM "personal_connections"  WHERE "personal_connections"."verb_id" = $1[0m  [["verb_id", 1026]]
11:08:41 web.1  |   [1m[35m (0.4ms)[0m  SELECT COUNT(*) FROM "personal_connections"  WHERE "personal_connections"."verb_id" = $1  [["verb_id", 1042]]
11:08:41 web.1  |   [1m[36m (0.3ms)[0m  [1mSELECT COUNT(*) FROM "personal_connections"  WHERE "personal_connections"."verb_id" = $1[0m  [["verb_id", 724]]
11:08:41 web.1  |   [1m[35m (0.3ms)[0m  SELECT COUNT(*) FROM "personal_connections"  WHERE "personal_connections"."verb_id" = $1  [["verb_id", 1558]]
11:08:41 web.1  |   [1m[36m (0.4ms)[0m  [1mSELECT COUNT(*) FROM "personal_connections"  WHERE "personal_connections"."verb_id" = $1[0m  [["verb_id", 213]]
11:08:41 web.1  |   [1m[35m (0.3ms)[0m  SELECT COUNT(*) FROM "personal_connections"  WHERE "personal_connections"."verb_id" = $1  [["verb_id", 1474]]
11:08:41 web.1  |   [1m[36m (0.3ms)[0m  [1mSELECT COUNT(*) FROM "personal_connections"  WHERE "personal_connections"."verb_id" = $1[0m  [["verb_id", 1245]]
11:08:41 web.1  |   [1m[35m (0.3ms)[0m  SELECT COUNT(*) FROM "personal_connections"  WHERE "personal_connections"."verb_id" = $1  [["verb_id", 476]]
11:08:41 web.1  |   [1m[36m (0.3ms)[0m  [1mSELECT COUNT(*) FROM "personal_connections"  WHERE "personal_connections"."verb_id" = $1[0m  [["verb_id", 1167]]
11:08:41 web.1  |   [1m[35m (0.3ms)[0m  SELECT COUNT(*) FROM "personal_connections"  WHERE "personal_connections"."verb_id" = $1  [["verb_id", 756]]
11:08:41 web.1  |   [1m[36m (0.3ms)[0m  [1mSELECT COUNT(*) FROM "personal_connections"  WHERE "personal_connections"."verb_id" = $1[0m  [["verb_id", 1313]]
11:08:41 web.1  |   [1m[35m (0.3ms)[0m  SELECT COUNT(*) FROM "personal_connections"  WHERE "personal_connections"."verb_id" = $1  [["verb_id", 1415]]
11:08:41 web.1  |   [1m[36m (0.3ms)[0m  [1mSELECT COUNT(*) FROM "personal_connections"  WHERE "personal_connections"."verb_id" = $1[0m  [["verb_id", 1327]]
11:08:41 web.1  |   [1m[35m (0.3ms)[0m  SELECT COUNT(*) FROM "personal_connections"  WHERE "personal_connections"."verb_id" = $1  [["verb_id", 1084]]
11:08:41 web.1  |   [1m[36m (0.3ms)[0m  [1mSELECT COUNT(*) FROM "personal_connections"  WHERE "personal_connections"."verb_id" = $1[0m  [["verb_id", 1242]]
11:08:41 web.1  |   [1m[35m (0.3ms)[0m  SELECT COUNT(*) FROM "personal_connections"  WHERE "personal_connections"."verb_id" = $1  [["verb_id", 1430]]
11:08:41 web.1  |   [1m[36m (0.3ms)[0m  [1mSELECT COUNT(*) FROM "personal_connections"  WHERE "personal_connections"."verb_id" = $1[0m  [["verb_id", 791]]
11:08:41 web.1  |   [1m[35m (0.3ms)[0m  SELECT COUNT(*) FROM "personal_connections"  WHERE "personal_connections"."verb_id" = $1  [["verb_id", 1448]]
11:08:41 web.1  |   [1m[36m (0.3ms)[0m  [1mSELECT COUNT(*) FROM "personal_connections"  WHERE "personal_connections"."verb_id" = $1[0m  [["verb_id", 598]]
11:08:41 web.1  |   [1m[35m (0.3ms)[0m  SELECT COUNT(*) FROM "personal_connections"  WHERE "personal_connections"."verb_id" = $1  [["verb_id", 494]]
11:08:41 web.1  |   [1m[36m (0.4ms)[0m  [1mSELECT COUNT(*) FROM "personal_connections"  WHERE "personal_connections"."verb_id" = $1[0m  [["verb_id", 1226]]
11:08:41 web.1  |   [1m[35m (0.3ms)[0m  SELECT COUNT(*) FROM "personal_connections"  WHERE "personal_connections"."verb_id" = $1  [["verb_id", 388]]
11:08:41 web.1  |   [1m[36m (0.3ms)[0m  [1mSELECT COUNT(*) FROM "personal_connections"  WHERE "personal_connections"."verb_id" = $1[0m  [["verb_id", 1322]]
11:08:41 web.1  |   [1m[35m (0.3ms)[0m  SELECT COUNT(*) FROM "personal_connections"  WHERE "personal_connections"."verb_id" = $1  [["verb_id", 1247]]
11:08:41 web.1  |   [1m[36m (0.3ms)[0m  [1mSELECT COUNT(*) FROM "personal_connections"  WHERE "personal_connections"."verb_id" = $1[0m  [["verb_id", 1319]]
11:08:41 web.1  |   [1m[35m (0.3ms)[0m  SELECT COUNT(*) FROM "personal_connections"  WHERE "personal_connections"."verb_id" = $1  [["verb_id", 1081]]
11:08:41 web.1  |   [1m[36m (0.3ms)[0m  [1mSELECT COUNT(*) FROM "personal_connections"  WHERE "personal_connections"."verb_id" = $1[0m  [["verb_id", 312]]
11:08:41 web.1  |   [1m[35m (0.3ms)[0m  SELECT COUNT(*) FROM "personal_connections"  WHERE "personal_connections"."verb_id" = $1  [["verb_id", 1027]]
11:08:41 web.1  |   [1m[36m (0.3ms)[0m  [1mSELECT COUNT(*) FROM "personal_connections"  WHERE "personal_connections"."verb_id" = $1[0m  [["verb_id", 940]]
11:08:41 web.1  |   [1m[35m (0.3ms)[0m  SELECT COUNT(*) FROM "personal_connections"  WHERE "personal_connections"."verb_id" = $1  [["verb_id", 1320]]
11:08:41 web.1  |   [1m[36m (0.4ms)[0m  [1mSELECT COUNT(*) FROM "personal_connections"  WHERE "personal_connections"."verb_id" = $1[0m  [["verb_id", 1157]]
11:08:41 web.1  |   [1m[35m (0.3ms)[0m  SELECT COUNT(*) FROM "personal_connections"  WHERE "personal_connections"."verb_id" = $1  [["verb_id", 1243]]
11:08:41 web.1  |   [1m[36m (0.3ms)[0m  [1mSELECT COUNT(*) FROM "personal_connections"  WHERE "personal_connections"."verb_id" = $1[0m  [["verb_id", 936]]
11:08:41 web.1  |   [1m[35m (0.3ms)[0m  SELECT COUNT(*) FROM "personal_connections"  WHERE "personal_connections"."verb_id" = $1  [["verb_id", 1392]]
11:08:41 web.1  |   [1m[36m (0.3ms)[0m  [1mSELECT COUNT(*) FROM "personal_connections"  WHERE "personal_connections"."verb_id" = $1[0m  [["verb_id", 977]]
11:08:41 web.1  |   [1m[35m (0.3ms)[0m  SELECT COUNT(*) FROM "personal_connections"  WHERE "personal_connections"."verb_id" = $1  [["verb_id", 45]]
11:08:41 web.1  |   [1m[36m (0.3ms)[0m  [1mSELECT COUNT(*) FROM "personal_connections"  WHERE "personal_connections"."verb_id" = $1[0m  [["verb_id", 418]]
11:08:41 web.1  |   [1m[35m (0.3ms)[0m  SELECT COUNT(*) FROM "personal_connections"  WHERE "personal_connections"."verb_id" = $1  [["verb_id", 1268]]
11:08:41 web.1  |   [1m[36m (0.3ms)[0m  [1mSELECT COUNT(*) FROM "personal_connections"  WHERE "personal_connections"."verb_id" = $1[0m  [["verb_id", 1121]]
11:08:41 web.1  |   [1m[35m (0.3ms)[0m  SELECT COUNT(*) FROM "personal_connections"  WHERE "personal_connections"."verb_id" = $1  [["verb_id", 1570]]
11:08:41 web.1  |   [1m[36m (0.3ms)[0m  [1mSELECT COUNT(*) FROM "personal_connections"  WHERE "personal_connections"."verb_id" = $1[0m  [["verb_id", 1583]]
11:08:41 web.1  |   [1m[35m (0.3ms)[0m  SELECT COUNT(*) FROM "personal_connections"  WHERE "personal_connections"."verb_id" = $1  [["verb_id", 1531]]
11:08:41 web.1  |   [1m[36m (0.3ms)[0m  [1mSELECT COUNT(*) FROM "personal_connections"  WHERE "personal_connections"."verb_id" = $1[0m  [["verb_id", 1561]]
11:08:41 web.1  |   [1m[35m (0.3ms)[0m  SELECT COUNT(*) FROM "personal_connections"  WHERE "personal_connections"."verb_id" = $1  [["verb_id", 1473]]
11:08:41 web.1  |   [1m[36m (0.3ms)[0m  [1mSELECT COUNT(*) FROM "personal_connections"  WHERE "personal_connections"."verb_id" = $1[0m  [["verb_id", 1339]]
11:08:41 web.1  |   [1m[35m (0.3ms)[0m  SELECT COUNT(*) FROM "personal_connections"  WHERE "personal_connections"."verb_id" = $1  [["verb_id", 1455]]
11:08:41 web.1  |   [1m[36m (0.3ms)[0m  [1mSELECT COUNT(*) FROM "personal_connections"  WHERE "personal_connections"."verb_id" = $1[0m  [["verb_id", 1252]]
11:08:41 web.1  |   [1m[35m (0.3ms)[0m  SELECT COUNT(*) FROM "personal_connections"  WHERE "personal_connections"."verb_id" = $1  [["verb_id", 1087]]
11:08:41 web.1  |   [1m[36m (0.3ms)[0m  [1mSELECT COUNT(*) FROM "personal_connections"  WHERE "personal_connections"."verb_id" = $1[0m  [["verb_id", 769]]
11:08:41 web.1  |   [1m[35m (0.3ms)[0m  SELECT COUNT(*) FROM "personal_connections"  WHERE "personal_connections"."verb_id" = $1  [["verb_id", 720]]
11:08:41 web.1  |   [1m[36m (0.5ms)[0m  [1mSELECT COUNT(*) FROM "personal_connections"  WHERE "personal_connections"."verb_id" = $1[0m  [["verb_id", 157]]
11:08:41 web.1  |   [1m[35m (0.3ms)[0m  SELECT COUNT(*) FROM "personal_connections"  WHERE "personal_connections"."verb_id" = $1  [["verb_id", 1397]]
11:08:41 web.1  |   [1m[36m (0.3ms)[0m  [1mSELECT COUNT(*) FROM "personal_connections"  WHERE "personal_connections"."verb_id" = $1[0m  [["verb_id", 1432]]
11:08:41 web.1  |   [1m[35m (0.3ms)[0m  SELECT COUNT(*) FROM "personal_connections"  WHERE "personal_connections"."verb_id" = $1  [["verb_id", 1429]]
11:08:41 web.1  |   [1m[36m (0.3ms)[0m  [1mSELECT COUNT(*) FROM "personal_connections"  WHERE "personal_connections"."verb_id" = $1[0m  [["verb_id", 1567]]
11:08:41 web.1  |   [1m[35m (0.3ms)[0m  SELECT COUNT(*) FROM "personal_connections"  WHERE "personal_connections"."verb_id" = $1  [["verb_id", 1581]]
11:08:41 web.1  |   [1m[36m (0.3ms)[0m  [1mSELECT COUNT(*) FROM "personal_connections"  WHERE "personal_connections"."verb_id" = $1[0m  [["verb_id", 1580]]
11:08:41 web.1  |   [1m[35m (0.3ms)[0m  SELECT COUNT(*) FROM "personal_connections"  WHERE "personal_connections"."verb_id" = $1  [["verb_id", 795]]
11:08:41 web.1  |   [1m[36m (0.3ms)[0m  [1mSELECT COUNT(*) FROM "personal_connections"  WHERE "personal_connections"."verb_id" = $1[0m  [["verb_id", 1091]]
11:08:41 web.1  |   [1m[35m (0.3ms)[0m  SELECT COUNT(*) FROM "personal_connections"  WHERE "personal_connections"."verb_id" = $1  [["verb_id", 290]]
11:08:41 web.1  |   [1m[36m (0.3ms)[0m  [1mSELECT COUNT(*) FROM "personal_connections"  WHERE "personal_connections"."verb_id" = $1[0m  [["verb_id", 860]]
11:08:41 web.1  |   [1m[35m (0.3ms)[0m  SELECT COUNT(*) FROM "personal_connections"  WHERE "personal_connections"."verb_id" = $1  [["verb_id", 830]]
11:08:41 web.1  |   [1m[36m (0.3ms)[0m  [1mSELECT COUNT(*) FROM "personal_connections"  WHERE "personal_connections"."verb_id" = $1[0m  [["verb_id", 1196]]
11:08:41 web.1  |   [1m[35m (0.3ms)[0m  SELECT COUNT(*) FROM "personal_connections"  WHERE "personal_connections"."verb_id" = $1  [["verb_id", 318]]
11:08:41 web.1  |   [1m[36m (0.3ms)[0m  [1mSELECT COUNT(*) FROM "personal_connections"  WHERE "personal_connections"."verb_id" = $1[0m  [["verb_id", 374]]
11:08:41 web.1  |   [1m[35m (0.3ms)[0m  SELECT COUNT(*) FROM "personal_connections"  WHERE "personal_connections"."verb_id" = $1  [["verb_id", 984]]
11:08:41 web.1  |   [1m[36m (0.3ms)[0m  [1mSELECT COUNT(*) FROM "personal_connections"  WHERE "personal_connections"."verb_id" = $1[0m  [["verb_id", 1391]]
11:08:41 web.1  |   [1m[35m (0.3ms)[0m  SELECT COUNT(*) FROM "personal_connections"  WHERE "personal_connections"."verb_id" = $1  [["verb_id", 270]]
11:08:41 web.1  |   [1m[36m (0.3ms)[0m  [1mSELECT COUNT(*) FROM "personal_connections"  WHERE "personal_connections"."verb_id" = $1[0m  [["verb_id", 428]]
11:08:41 web.1  |   [1m[35m (0.3ms)[0m  SELECT COUNT(*) FROM "personal_connections"  WHERE "personal_connections"."verb_id" = $1  [["verb_id", 1131]]
11:08:41 web.1  |   [1m[36m (0.3ms)[0m  [1mSELECT COUNT(*) FROM "personal_connections"  WHERE "personal_connections"."verb_id" = $1[0m  [["verb_id", 1352]]
11:08:41 web.1  |   [1m[35m (0.3ms)[0m  SELECT COUNT(*) FROM "personal_connections"  WHERE "personal_connections"."verb_id" = $1  [["verb_id", 1568]]
11:08:41 web.1  |   [1m[36m (0.3ms)[0m  [1mSELECT COUNT(*) FROM "personal_connections"  WHERE "personal_connections"."verb_id" = $1[0m  [["verb_id", 978]]
11:08:41 web.1  |   [1m[35m (0.3ms)[0m  SELECT COUNT(*) FROM "personal_connections"  WHERE "personal_connections"."verb_id" = $1  [["verb_id", 1559]]
11:08:41 web.1  |   [1m[36m (0.4ms)[0m  [1mSELECT COUNT(*) FROM "personal_connections"  WHERE "personal_connections"."verb_id" = $1[0m  [["verb_id", 1361]]
11:08:41 web.1  |   [1m[35m (0.3ms)[0m  SELECT COUNT(*) FROM "personal_connections"  WHERE "personal_connections"."verb_id" = $1  [["verb_id", 1364]]
11:08:41 web.1  |   [1m[36m (0.3ms)[0m  [1mSELECT COUNT(*) FROM "personal_connections"  WHERE "personal_connections"."verb_id" = $1[0m  [["verb_id", 1378]]
11:08:41 web.1  |   [1m[35m (0.3ms)[0m  SELECT COUNT(*) FROM "personal_connections"  WHERE "personal_connections"."verb_id" = $1  [["verb_id", 358]]
11:08:41 web.1  |   [1m[36m (0.3ms)[0m  [1mSELECT COUNT(*) FROM "personal_connections"  WHERE "personal_connections"."verb_id" = $1[0m  [["verb_id", 89]]
11:08:41 web.1  |   [1m[35m (0.3ms)[0m  SELECT COUNT(*) FROM "personal_connections"  WHERE "personal_connections"."verb_id" = $1  [["verb_id", 1341]]
11:08:41 web.1  |   [1m[36m (0.3ms)[0m  [1mSELECT COUNT(*) FROM "personal_connections"  WHERE "personal_connections"."verb_id" = $1[0m  [["verb_id", 500]]
11:08:41 web.1  |   [1m[35m (0.3ms)[0m  SELECT COUNT(*) FROM "personal_connections"  WHERE "personal_connections"."verb_id" = $1  [["verb_id", 1579]]
11:08:41 web.1  |   [1m[36m (0.3ms)[0m  [1mSELECT COUNT(*) FROM "personal_connections"  WHERE "personal_connections"."verb_id" = $1[0m  [["verb_id", 68]]
11:08:41 web.1  |   [1m[35m (0.3ms)[0m  SELECT COUNT(*) FROM "personal_connections"  WHERE "personal_connections"."verb_id" = $1  [["verb_id", 867]]
11:08:41 web.1  |   [1m[36m (0.3ms)[0m  [1mSELECT COUNT(*) FROM "personal_connections"  WHERE "personal_connections"."verb_id" = $1[0m  [["verb_id", 1023]]
11:08:41 web.1  |   [1m[35m (0.3ms)[0m  SELECT COUNT(*) FROM "personal_connections"  WHERE "personal_connections"."verb_id" = $1  [["verb_id", 1453]]
11:08:41 web.1  |   [1m[36m (0.3ms)[0m  [1mSELECT COUNT(*) FROM "personal_connections"  WHERE "personal_connections"."verb_id" = $1[0m  [["verb_id", 1326]]
11:08:41 web.1  |   [1m[35m (0.3ms)[0m  SELECT COUNT(*) FROM "personal_connections"  WHERE "personal_connections"."verb_id" = $1  [["verb_id", 1007]]
11:08:41 web.1  |   [1m[36m (0.3ms)[0m  [1mSELECT COUNT(*) FROM "personal_connections"  WHERE "personal_connections"."verb_id" = $1[0m  [["verb_id", 578]]
11:08:42 web.1  |   [1m[35m (0.3ms)[0m  SELECT COUNT(*) FROM "personal_connections"  WHERE "personal_connections"."verb_id" = $1  [["verb_id", 966]]
11:08:42 web.1  |   [1m[36m (0.3ms)[0m  [1mSELECT COUNT(*) FROM "personal_connections"  WHERE "personal_connections"."verb_id" = $1[0m  [["verb_id", 836]]
11:08:42 web.1  |   [1m[35m (0.3ms)[0m  SELECT COUNT(*) FROM "personal_connections"  WHERE "personal_connections"."verb_id" = $1  [["verb_id", 1407]]
11:08:42 web.1  |   [1m[36m (0.3ms)[0m  [1mSELECT COUNT(*) FROM "personal_connections"  WHERE "personal_connections"."verb_id" = $1[0m  [["verb_id", 1526]]
11:08:42 web.1  |   [1m[35m (0.3ms)[0m  SELECT COUNT(*) FROM "personal_connections"  WHERE "personal_connections"."verb_id" = $1  [["verb_id", 1457]]
11:08:42 web.1  |   [1m[36m (0.3ms)[0m  [1mSELECT COUNT(*) FROM "personal_connections"  WHERE "personal_connections"."verb_id" = $1[0m  [["verb_id", 1215]]
11:08:42 web.1  |   [1m[35m (0.3ms)[0m  SELECT COUNT(*) FROM "personal_connections"  WHERE "personal_connections"."verb_id" = $1  [["verb_id", 667]]
11:08:42 web.1  |   [1m[36m (0.3ms)[0m  [1mSELECT COUNT(*) FROM "personal_connections"  WHERE "personal_connections"."verb_id" = $1[0m  [["verb_id", 1086]]
11:08:42 web.1  |   [1m[35m (0.3ms)[0m  SELECT COUNT(*) FROM "personal_connections"  WHERE "personal_connections"."verb_id" = $1  [["verb_id", 1076]]
11:08:42 web.1  |   [1m[36m (0.5ms)[0m  [1mSELECT COUNT(*) FROM "personal_connections"  WHERE "personal_connections"."verb_id" = $1[0m  [["verb_id", 1292]]
11:08:42 web.1  |   [1m[35m (0.3ms)[0m  SELECT COUNT(*) FROM "personal_connections"  WHERE "personal_connections"."verb_id" = $1  [["verb_id", 1451]]
11:08:42 web.1  |   [1m[36m (1.7ms)[0m  [1mSELECT COUNT(*) FROM "personal_connections"  WHERE "personal_connections"."verb_id" = $1[0m  [["verb_id", 967]]
11:08:42 web.1  |   [1m[35m (0.3ms)[0m  SELECT COUNT(*) FROM "personal_connections"  WHERE "personal_connections"."verb_id" = $1  [["verb_id", 1553]]
11:08:42 web.1  |   [1m[36m (0.3ms)[0m  [1mSELECT COUNT(*) FROM "personal_connections"  WHERE "personal_connections"."verb_id" = $1[0m  [["verb_id", 20]]
11:08:42 web.1  |   [1m[35m (0.4ms)[0m  SELECT COUNT(*) FROM "personal_connections"  WHERE "personal_connections"."verb_id" = $1  [["verb_id", 895]]
11:08:42 web.1  |   [1m[36m (0.3ms)[0m  [1mSELECT COUNT(*) FROM "personal_connections"  WHERE "personal_connections"."verb_id" = $1[0m  [["verb_id", 1422]]
11:08:42 web.1  |   [1m[35m (0.4ms)[0m  SELECT COUNT(*) FROM "personal_connections"  WHERE "personal_connections"."verb_id" = $1  [["verb_id", 1346]]
11:08:42 web.1  |   [1m[36m (0.6ms)[0m  [1mSELECT COUNT(*) FROM "personal_connections"  WHERE "personal_connections"."verb_id" = $1[0m  [["verb_id", 7]]
11:08:42 web.1  |   [1m[35m (0.3ms)[0m  SELECT COUNT(*) FROM "personal_connections"  WHERE "personal_connections"."verb_id" = $1  [["verb_id", 1223]]
11:08:42 web.1  |   [1m[36m (0.3ms)[0m  [1mSELECT COUNT(*) FROM "personal_connections"  WHERE "personal_connections"."verb_id" = $1[0m  [["verb_id", 1062]]
11:08:42 web.1  |   [1m[35m (0.4ms)[0m  SELECT COUNT(*) FROM "personal_connections"  WHERE "personal_connections"."verb_id" = $1  [["verb_id", 1022]]
11:08:42 web.1  |   [1m[36m (0.3ms)[0m  [1mSELECT COUNT(*) FROM "personal_connections"  WHERE "personal_connections"."verb_id" = $1[0m  [["verb_id", 1277]]
11:08:42 web.1  |   [1m[35m (0.3ms)[0m  SELECT COUNT(*) FROM "personal_connections"  WHERE "personal_connections"."verb_id" = $1  [["verb_id", 1418]]
11:08:42 web.1  |   [1m[36m (0.3ms)[0m  [1mSELECT COUNT(*) FROM "personal_connections"  WHERE "personal_connections"."verb_id" = $1[0m  [["verb_id", 1222]]
11:08:42 web.1  |   [1m[35m (0.3ms)[0m  SELECT COUNT(*) FROM "personal_connections"  WHERE "personal_connections"."verb_id" = $1  [["verb_id", 1308]]
11:08:42 web.1  |   [1m[36m (0.4ms)[0m  [1mSELECT COUNT(*) FROM "personal_connections"  WHERE "personal_connections"."verb_id" = $1[0m  [["verb_id", 1309]]
11:08:42 web.1  |   [1m[35m (0.3ms)[0m  SELECT COUNT(*) FROM "personal_connections"  WHERE "personal_connections"."verb_id" = $1  [["verb_id", 542]]
11:08:42 web.1  |   [1m[36m (0.3ms)[0m  [1mSELECT COUNT(*) FROM "personal_connections"  WHERE "personal_connections"."verb_id" = $1[0m  [["verb_id", 1491]]
11:08:42 web.1  |   [1m[35m (0.3ms)[0m  SELECT COUNT(*) FROM "personal_connections"  WHERE "personal_connections"."verb_id" = $1  [["verb_id", 304]]
11:08:42 web.1  |   [1m[36m (0.3ms)[0m  [1mSELECT COUNT(*) FROM "personal_connections"  WHERE "personal_connections"."verb_id" = $1[0m  [["verb_id", 1411]]
11:08:42 web.1  |   [1m[35m (0.3ms)[0m  SELECT COUNT(*) FROM "personal_connections"  WHERE "personal_connections"."verb_id" = $1  [["verb_id", 1230]]
11:08:42 web.1  |   [1m[36m (0.4ms)[0m  [1mSELECT COUNT(*) FROM "personal_connections"  WHERE "personal_connections"."verb_id" = $1[0m  [["verb_id", 326]]
11:08:42 web.1  |   [1m[35m (0.3ms)[0m  SELECT COUNT(*) FROM "personal_connections"  WHERE "personal_connections"."verb_id" = $1  [["verb_id", 899]]
11:08:42 web.1  |   [1m[36m (0.4ms)[0m  [1mSELECT COUNT(*) FROM "personal_connections"  WHERE "personal_connections"."verb_id" = $1[0m  [["verb_id", 1589]]
11:08:42 web.1  |   [1m[35m (0.4ms)[0m  SELECT COUNT(*) FROM "personal_connections"  WHERE "personal_connections"."verb_id" = $1  [["verb_id", 847]]
11:08:42 web.1  |   [1m[36m (0.3ms)[0m  [1mSELECT COUNT(*) FROM "personal_connections"  WHERE "personal_connections"."verb_id" = $1[0m  [["verb_id", 758]]
11:08:42 web.1  |   [1m[35m (0.3ms)[0m  SELECT COUNT(*) FROM "personal_connections"  WHERE "personal_connections"."verb_id" = $1  [["verb_id", 278]]
11:08:42 web.1  |   [1m[36m (0.3ms)[0m  [1mSELECT COUNT(*) FROM "personal_connections"  WHERE "personal_connections"."verb_id" = $1[0m  [["verb_id", 894]]
11:08:42 web.1  |   [1m[35m (0.4ms)[0m  SELECT COUNT(*) FROM "personal_connections"  WHERE "personal_connections"."verb_id" = $1  [["verb_id", 755]]
11:08:42 web.1  |   [1m[36m (0.3ms)[0m  [1mSELECT COUNT(*) FROM "personal_connections"  WHERE "personal_connections"."verb_id" = $1[0m  [["verb_id", 1205]]
11:08:42 web.1  |   [1m[35m (0.4ms)[0m  SELECT COUNT(*) FROM "personal_connections"  WHERE "personal_connections"."verb_id" = $1  [["verb_id", 731]]
11:08:42 web.1  |   [1m[36m (0.5ms)[0m  [1mSELECT COUNT(*) FROM "personal_connections"  WHERE "personal_connections"."verb_id" = $1[0m  [["verb_id", 3]]
11:08:42 web.1  |   [1m[35m (0.3ms)[0m  SELECT COUNT(*) FROM "personal_connections"  WHERE "personal_connections"."verb_id" = $1  [["verb_id", 426]]
11:08:42 web.1  |   [1m[36m (0.3ms)[0m  [1mSELECT COUNT(*) FROM "personal_connections"  WHERE "personal_connections"."verb_id" = $1[0m  [["verb_id", 566]]
11:08:42 web.1  |   [1m[35m (0.3ms)[0m  SELECT COUNT(*) FROM "personal_connections"  WHERE "personal_connections"."verb_id" = $1  [["verb_id", 1572]]
11:08:42 web.1  |   [1m[36m (0.3ms)[0m  [1mSELECT COUNT(*) FROM "personal_connections"  WHERE "personal_connections"."verb_id" = $1[0m  [["verb_id", 244]]
11:08:42 web.1  |   [1m[35m (0.3ms)[0m  SELECT COUNT(*) FROM "personal_connections"  WHERE "personal_connections"."verb_id" = $1  [["verb_id", 963]]
11:08:42 web.1  |   [1m[36m (0.3ms)[0m  [1mSELECT COUNT(*) FROM "personal_connections"  WHERE "personal_connections"."verb_id" = $1[0m  [["verb_id", 960]]
11:08:42 web.1  |   [1m[35m (0.3ms)[0m  SELECT COUNT(*) FROM "personal_connections"  WHERE "personal_connections"."verb_id" = $1  [["verb_id", 716]]
11:08:42 web.1  |   [1m[36m (0.3ms)[0m  [1mSELECT COUNT(*) FROM "personal_connections"  WHERE "personal_connections"."verb_id" = $1[0m  [["verb_id", 780]]
11:08:42 web.1  |   [1m[35m (0.4ms)[0m  SELECT COUNT(*) FROM "personal_connections"  WHERE "personal_connections"."verb_id" = $1  [["verb_id", 813]]
11:08:42 web.1  |   [1m[36m (0.5ms)[0m  [1mSELECT COUNT(*) FROM "personal_connections"  WHERE "personal_connections"."verb_id" = $1[0m  [["verb_id", 904]]
11:08:42 web.1  |   [1m[35m (0.3ms)[0m  SELECT COUNT(*) FROM "personal_connections"  WHERE "personal_connections"."verb_id" = $1  [["verb_id", 558]]
11:08:42 web.1  |   [1m[36m (0.3ms)[0m  [1mSELECT COUNT(*) FROM "personal_connections"  WHERE "personal_connections"."verb_id" = $1[0m  [["verb_id", 77]]
11:08:42 web.1  |   [1m[35m (0.3ms)[0m  SELECT COUNT(*) FROM "personal_connections"  WHERE "personal_connections"."verb_id" = $1  [["verb_id", 1354]]
11:08:42 web.1  |   [1m[36m (0.3ms)[0m  [1mSELECT COUNT(*) FROM "personal_connections"  WHERE "personal_connections"."verb_id" = $1[0m  [["verb_id", 1290]]
11:08:42 web.1  |   [1m[35m (0.3ms)[0m  SELECT COUNT(*) FROM "personal_connections"  WHERE "personal_connections"."verb_id" = $1  [["verb_id", 850]]
11:08:42 web.1  |   [1m[36m (0.3ms)[0m  [1mSELECT COUNT(*) FROM "personal_connections"  WHERE "personal_connections"."verb_id" = $1[0m  [["verb_id", 480]]
11:08:42 web.1  |   [1m[35m (0.3ms)[0m  SELECT COUNT(*) FROM "personal_connections"  WHERE "personal_connections"."verb_id" = $1  [["verb_id", 908]]
11:08:42 web.1  |   [1m[36m (0.3ms)[0m  [1mSELECT COUNT(*) FROM "personal_connections"  WHERE "personal_connections"."verb_id" = $1[0m  [["verb_id", 538]]
11:08:42 web.1  |   [1m[35m (0.4ms)[0m  SELECT COUNT(*) FROM "personal_connections"  WHERE "personal_connections"."verb_id" = $1  [["verb_id", 456]]
11:08:42 web.1  |   [1m[36m (0.3ms)[0m  [1mSELECT COUNT(*) FROM "personal_connections"  WHERE "personal_connections"."verb_id" = $1[0m  [["verb_id", 964]]
11:08:42 web.1  |   [1m[35m (0.3ms)[0m  SELECT COUNT(*) FROM "personal_connections"  WHERE "personal_connections"."verb_id" = $1  [["verb_id", 1357]]
11:08:42 web.1  |   [1m[36m (0.3ms)[0m  [1mSELECT COUNT(*) FROM "personal_connections"  WHERE "personal_connections"."verb_id" = $1[0m  [["verb_id", 760]]
11:08:42 web.1  |   [1m[35m (0.3ms)[0m  SELECT COUNT(*) FROM "personal_connections"  WHERE "personal_connections"."verb_id" = $1  [["verb_id", 466]]
11:08:42 web.1  |   [1m[36m (0.3ms)[0m  [1mSELECT COUNT(*) FROM "personal_connections"  WHERE "personal_connections"."verb_id" = $1[0m  [["verb_id", 794]]
11:08:42 web.1  |   [1m[35m (0.6ms)[0m  SELECT COUNT(*) FROM "personal_connections"  WHERE "personal_connections"."verb_id" = $1  [["verb_id", 1534]]
11:08:42 web.1  |   [1m[36m (0.3ms)[0m  [1mSELECT COUNT(*) FROM "personal_connections"  WHERE "personal_connections"."verb_id" = $1[0m  [["verb_id", 450]]
11:08:42 web.1  |   [1m[35m (0.4ms)[0m  SELECT COUNT(*) FROM "personal_connections"  WHERE "personal_connections"."verb_id" = $1  [["verb_id", 1372]]
11:08:42 web.1  |   [1m[36m (0.3ms)[0m  [1mSELECT COUNT(*) FROM "personal_connections"  WHERE "personal_connections"."verb_id" = $1[0m  [["verb_id", 1235]]
11:08:42 web.1  |   [1m[35m (0.3ms)[0m  SELECT COUNT(*) FROM "personal_connections"  WHERE "personal_connections"."verb_id" = $1  [["verb_id", 1142]]
11:08:42 web.1  |   [1m[36m (0.6ms)[0m  [1mSELECT COUNT(*) FROM "personal_connections"  WHERE "personal_connections"."verb_id" = $1[0m  [["verb_id", 141]]
11:08:42 web.1  |   [1m[35m (0.3ms)[0m  SELECT COUNT(*) FROM "personal_connections"  WHERE "personal_connections"."verb_id" = $1  [["verb_id", 64]]
11:08:42 web.1  |   [1m[36m (0.3ms)[0m  [1mSELECT COUNT(*) FROM "personal_connections"  WHERE "personal_connections"."verb_id" = $1[0m  [["verb_id", 392]]
11:08:42 web.1  |   [1m[35m (0.3ms)[0m  SELECT COUNT(*) FROM "personal_connections"  WHERE "personal_connections"."verb_id" = $1  [["verb_id", 710]]
11:08:42 web.1  |   [1m[36m (0.4ms)[0m  [1mSELECT COUNT(*) FROM "personal_connections"  WHERE "personal_connections"."verb_id" = $1[0m  [["verb_id", 775]]
11:08:42 web.1  |   [1m[35m (0.3ms)[0m  SELECT COUNT(*) FROM "personal_connections"  WHERE "personal_connections"."verb_id" = $1  [["verb_id", 1535]]
11:08:42 web.1  |   [1m[36m (0.3ms)[0m  [1mSELECT COUNT(*) FROM "personal_connections"  WHERE "personal_connections"."verb_id" = $1[0m  [["verb_id", 1231]]
11:08:42 web.1  |   [1m[35m (0.3ms)[0m  SELECT COUNT(*) FROM "personal_connections"  WHERE "personal_connections"."verb_id" = $1  [["verb_id", 861]]
11:08:42 web.1  |   [1m[36m (0.5ms)[0m  [1mSELECT COUNT(*) FROM "personal_connections"  WHERE "personal_connections"."verb_id" = $1[0m  [["verb_id", 803]]
11:08:42 web.1  |   [1m[35m (0.3ms)[0m  SELECT COUNT(*) FROM "personal_connections"  WHERE "personal_connections"."verb_id" = $1  [["verb_id", 572]]
11:08:42 web.1  |   [1m[36m (0.3ms)[0m  [1mSELECT COUNT(*) FROM "personal_connections"  WHERE "personal_connections"."verb_id" = $1[0m  [["verb_id", 490]]
11:08:42 web.1  |   [1m[35m (0.3ms)[0m  SELECT COUNT(*) FROM "personal_connections"  WHERE "personal_connections"."verb_id" = $1  [["verb_id", 1015]]
11:08:42 web.1  |   [1m[36m (0.4ms)[0m  [1mSELECT COUNT(*) FROM "personal_connections"  WHERE "personal_connections"."verb_id" = $1[0m  [["verb_id", 1267]]
11:08:42 web.1  |   [1m[35m (0.3ms)[0m  SELECT COUNT(*) FROM "personal_connections"  WHERE "personal_connections"."verb_id" = $1  [["verb_id", 300]]
11:08:42 web.1  |   [1m[36m (0.3ms)[0m  [1mSELECT COUNT(*) FROM "personal_connections"  WHERE "personal_connections"."verb_id" = $1[0m  [["verb_id", 885]]
11:08:42 web.1  |   [1m[35m (1.1ms)[0m  SELECT COUNT(*) FROM "personal_connections"  WHERE "personal_connections"."verb_id" = $1  [["verb_id", 1097]]
11:08:42 web.1  |   [1m[36m (0.3ms)[0m  [1mSELECT COUNT(*) FROM "personal_connections"  WHERE "personal_connections"."verb_id" = $1[0m  [["verb_id", 574]]
11:08:42 web.1  |   [1m[35m (0.3ms)[0m  SELECT COUNT(*) FROM "personal_connections"  WHERE "personal_connections"."verb_id" = $1  [["verb_id", 1030]]
11:08:42 web.1  |   [1m[36m (0.3ms)[0m  [1mSELECT COUNT(*) FROM "personal_connections"  WHERE "personal_connections"."verb_id" = $1[0m  [["verb_id", 24]]
11:08:42 web.1  |   [1m[35m (0.3ms)[0m  SELECT COUNT(*) FROM "personal_connections"  WHERE "personal_connections"."verb_id" = $1  [["verb_id", 818]]
11:08:42 web.1  |   [1m[36m (0.4ms)[0m  [1mSELECT COUNT(*) FROM "personal_connections"  WHERE "personal_connections"."verb_id" = $1[0m  [["verb_id", 887]]
11:08:42 web.1  |   [1m[35m (0.3ms)[0m  SELECT COUNT(*) FROM "personal_connections"  WHERE "personal_connections"."verb_id" = $1  [["verb_id", 448]]
11:08:42 web.1  |   [1m[36m (0.3ms)[0m  [1mSELECT COUNT(*) FROM "personal_connections"  WHERE "personal_connections"."verb_id" = $1[0m  [["verb_id", 1325]]
11:08:42 web.1  |   [1m[35m (0.3ms)[0m  SELECT COUNT(*) FROM "personal_connections"  WHERE "personal_connections"."verb_id" = $1  [["verb_id", 1125]]
11:08:42 web.1  |   [1m[36m (0.4ms)[0m  [1mSELECT COUNT(*) FROM "personal_connections"  WHERE "personal_connections"."verb_id" = $1[0m  [["verb_id", 496]]
11:08:42 web.1  |   [1m[35m (0.3ms)[0m  SELECT COUNT(*) FROM "personal_connections"  WHERE "personal_connections"."verb_id" = $1  [["verb_id", 902]]
11:08:42 web.1  |   [1m[36m (0.3ms)[0m  [1mSELECT COUNT(*) FROM "personal_connections"  WHERE "personal_connections"."verb_id" = $1[0m  [["verb_id", 1359]]
11:08:42 web.1  |   [1m[35m (0.6ms)[0m  SELECT COUNT(*) FROM "personal_connections"  WHERE "personal_connections"."verb_id" = $1  [["verb_id", 522]]
11:08:42 web.1  |   [1m[36m (0.3ms)[0m  [1mSELECT COUNT(*) FROM "personal_connections"  WHERE "personal_connections"."verb_id" = $1[0m  [["verb_id", 848]]
11:08:42 web.1  |   [1m[35m (0.3ms)[0m  SELECT COUNT(*) FROM "personal_connections"  WHERE "personal_connections"."verb_id" = $1  [["verb_id", 1013]]
11:08:42 web.1  |   [1m[36m (0.4ms)[0m  [1mSELECT COUNT(*) FROM "personal_connections"  WHERE "personal_connections"."verb_id" = $1[0m  [["verb_id", 1381]]
11:08:42 web.1  |   [1m[35m (0.3ms)[0m  SELECT COUNT(*) FROM "personal_connections"  WHERE "personal_connections"."verb_id" = $1  [["verb_id", 701]]
11:08:42 web.1  |   [1m[36m (0.4ms)[0m  [1mSELECT COUNT(*) FROM "personal_connections"  WHERE "personal_connections"."verb_id" = $1[0m  [["verb_id", 1234]]
11:08:42 web.1  |   [1m[35m (0.3ms)[0m  SELECT COUNT(*) FROM "personal_connections"  WHERE "personal_connections"."verb_id" = $1  [["verb_id", 486]]
11:08:42 web.1  |   [1m[36m (0.4ms)[0m  [1mSELECT COUNT(*) FROM "personal_connections"  WHERE "personal_connections"."verb_id" = $1[0m  [["verb_id", 986]]
11:08:42 web.1  |   [1m[35m (0.3ms)[0m  SELECT COUNT(*) FROM "personal_connections"  WHERE "personal_connections"."verb_id" = $1  [["verb_id", 915]]
11:08:42 web.1  |   [1m[36m (0.3ms)[0m  [1mSELECT COUNT(*) FROM "personal_connections"  WHERE "personal_connections"."verb_id" = $1[0m  [["verb_id", 1504]]
11:08:42 web.1  |   [1m[35m (0.3ms)[0m  SELECT COUNT(*) FROM "personal_connections"  WHERE "personal_connections"."verb_id" = $1  [["verb_id", 751]]
11:08:42 web.1  |   [1m[36m (0.3ms)[0m  [1mSELECT COUNT(*) FROM "personal_connections"  WHERE "personal_connections"."verb_id" = $1[0m  [["verb_id", 540]]
11:08:42 web.1  |   [1m[35m (0.4ms)[0m  SELECT COUNT(*) FROM "personal_connections"  WHERE "personal_connections"."verb_id" = $1  [["verb_id", 652]]
11:08:42 web.1  |   [1m[36m (0.3ms)[0m  [1mSELECT COUNT(*) FROM "personal_connections"  WHERE "personal_connections"."verb_id" = $1[0m  [["verb_id", 1197]]
11:08:42 web.1  |   [1m[35m (0.3ms)[0m  SELECT COUNT(*) FROM "personal_connections"  WHERE "personal_connections"."verb_id" = $1  [["verb_id", 266]]
11:08:42 web.1  |   [1m[36m (0.3ms)[0m  [1mSELECT COUNT(*) FROM "personal_connections"  WHERE "personal_connections"."verb_id" = $1[0m  [["verb_id", 1446]]
11:08:42 web.1  |   [1m[35m (0.3ms)[0m  SELECT COUNT(*) FROM "personal_connections"  WHERE "personal_connections"."verb_id" = $1  [["verb_id", 1082]]
11:08:42 web.1  |   [1m[36m (0.3ms)[0m  [1mSELECT COUNT(*) FROM "personal_connections"  WHERE "personal_connections"."verb_id" = $1[0m  [["verb_id", 1305]]
11:08:42 web.1  |   [1m[35m (0.3ms)[0m  SELECT COUNT(*) FROM "personal_connections"  WHERE "personal_connections"."verb_id" = $1  [["verb_id", 1304]]
11:08:42 web.1  |   [1m[36m (0.3ms)[0m  [1mSELECT COUNT(*) FROM "personal_connections"  WHERE "personal_connections"."verb_id" = $1[0m  [["verb_id", 262]]
11:08:42 web.1  |   [1m[35m (0.3ms)[0m  SELECT COUNT(*) FROM "personal_connections"  WHERE "personal_connections"."verb_id" = $1  [["verb_id", 954]]
11:08:42 web.1  |   [1m[36m (0.4ms)[0m  [1mSELECT COUNT(*) FROM "personal_connections"  WHERE "personal_connections"."verb_id" = $1[0m  [["verb_id", 400]]
11:08:42 web.1  |   [1m[35m (0.3ms)[0m  SELECT COUNT(*) FROM "personal_connections"  WHERE "personal_connections"."verb_id" = $1  [["verb_id", 73]]
11:08:42 web.1  |   [1m[36m (0.3ms)[0m  [1mSELECT COUNT(*) FROM "personal_connections"  WHERE "personal_connections"."verb_id" = $1[0m  [["verb_id", 1569]]
11:08:42 web.1  |   [1m[35m (0.3ms)[0m  SELECT COUNT(*) FROM "personal_connections"  WHERE "personal_connections"."verb_id" = $1  [["verb_id", 1077]]
11:08:42 web.1  |   [1m[36m (1.3ms)[0m  [1mSELECT COUNT(*) FROM "personal_connections"  WHERE "personal_connections"."verb_id" = $1[0m  [["verb_id", 1468]]
11:08:42 web.1  |   [1m[35m (0.3ms)[0m  SELECT COUNT(*) FROM "personal_connections"  WHERE "personal_connections"."verb_id" = $1  [["verb_id", 1542]]
11:08:42 web.1  |   [1m[36m (0.5ms)[0m  [1mSELECT COUNT(*) FROM "personal_connections"  WHERE "personal_connections"."verb_id" = $1[0m  [["verb_id", 819]]
11:08:42 web.1  |   [1m[35m (0.3ms)[0m  SELECT COUNT(*) FROM "personal_connections"  WHERE "personal_connections"."verb_id" = $1  [["verb_id", 1052]]
11:08:42 web.1  |   [1m[36m (0.3ms)[0m  [1mSELECT COUNT(*) FROM "personal_connections"  WHERE "personal_connections"."verb_id" = $1[0m  [["verb_id", 882]]
11:08:42 web.1  |   [1m[35m (0.3ms)[0m  SELECT COUNT(*) FROM "personal_connections"  WHERE "personal_connections"."verb_id" = $1  [["verb_id", 220]]
11:08:42 web.1  |   [1m[36m (0.3ms)[0m  [1mSELECT COUNT(*) FROM "personal_connections"  WHERE "personal_connections"."verb_id" = $1[0m  [["verb_id", 766]]
11:08:42 web.1  |   [1m[35m (0.3ms)[0m  SELECT COUNT(*) FROM "personal_connections"  WHERE "personal_connections"."verb_id" = $1  [["verb_id", 201]]
11:08:42 web.1  |   [1m[36m (0.3ms)[0m  [1mSELECT COUNT(*) FROM "personal_connections"  WHERE "personal_connections"."verb_id" = $1[0m  [["verb_id", 809]]
11:08:42 web.1  |   [1m[35m (0.3ms)[0m  SELECT COUNT(*) FROM "personal_connections"  WHERE "personal_connections"."verb_id" = $1  [["verb_id", 1420]]
11:08:42 web.1  |   [1m[36m (0.3ms)[0m  [1mSELECT COUNT(*) FROM "personal_connections"  WHERE "personal_connections"."verb_id" = $1[0m  [["verb_id", 1178]]
11:08:42 web.1  |   [1m[35m (0.3ms)[0m  SELECT COUNT(*) FROM "personal_connections"  WHERE "personal_connections"."verb_id" = $1  [["verb_id", 1287]]
11:08:42 web.1  |   [1m[36m (0.3ms)[0m  [1mSELECT COUNT(*) FROM "personal_connections"  WHERE "personal_connections"."verb_id" = $1[0m  [["verb_id", 1496]]
11:08:42 web.1  |   [1m[35m (0.3ms)[0m  SELECT COUNT(*) FROM "personal_connections"  WHERE "personal_connections"."verb_id" = $1  [["verb_id", 528]]
11:08:42 web.1  |   [1m[36m (0.3ms)[0m  [1mSELECT COUNT(*) FROM "personal_connections"  WHERE "personal_connections"."verb_id" = $1[0m  [["verb_id", 777]]
11:08:42 web.1  |   [1m[35m (0.3ms)[0m  SELECT COUNT(*) FROM "personal_connections"  WHERE "personal_connections"."verb_id" = $1  [["verb_id", 1099]]
11:08:42 web.1  |   [1m[36m (0.3ms)[0m  [1mSELECT COUNT(*) FROM "personal_connections"  WHERE "personal_connections"."verb_id" = $1[0m  [["verb_id", 408]]
11:08:42 web.1  |   [1m[35m (0.3ms)[0m  SELECT COUNT(*) FROM "personal_connections"  WHERE "personal_connections"."verb_id" = $1  [["verb_id", 1389]]
11:08:42 web.1  |   [1m[36m (0.3ms)[0m  [1mSELECT COUNT(*) FROM "personal_connections"  WHERE "personal_connections"."verb_id" = $1[0m  [["verb_id", 602]]
11:08:43 web.1  |   [1m[35m (0.3ms)[0m  SELECT COUNT(*) FROM "personal_connections"  WHERE "personal_connections"."verb_id" = $1  [["verb_id", 250]]
11:08:43 web.1  |   [1m[36m (0.4ms)[0m  [1mSELECT COUNT(*) FROM "personal_connections"  WHERE "personal_connections"."verb_id" = $1[0m  [["verb_id", 1005]]
11:08:43 web.1  |   [1m[35m (0.3ms)[0m  SELECT COUNT(*) FROM "personal_connections"  WHERE "personal_connections"."verb_id" = $1  [["verb_id", 1273]]
11:08:43 web.1  |   [1m[36m (0.3ms)[0m  [1mSELECT COUNT(*) FROM "personal_connections"  WHERE "personal_connections"."verb_id" = $1[0m  [["verb_id", 1272]]
11:08:43 web.1  |   [1m[35m (0.6ms)[0m  SELECT COUNT(*) FROM "personal_connections"  WHERE "personal_connections"."verb_id" = $1  [["verb_id", 460]]
11:08:43 web.1  |   [1m[36m (0.4ms)[0m  [1mSELECT COUNT(*) FROM "personal_connections"  WHERE "personal_connections"."verb_id" = $1[0m  [["verb_id", 1336]]
11:08:43 web.1  |   [1m[35m (0.3ms)[0m  SELECT COUNT(*) FROM "personal_connections"  WHERE "personal_connections"."verb_id" = $1  [["verb_id", 874]]
11:08:43 web.1  |   [1m[36m (0.3ms)[0m  [1mSELECT COUNT(*) FROM "personal_connections"  WHERE "personal_connections"."verb_id" = $1[0m  [["verb_id", 934]]
11:08:43 web.1  |   [1m[35m (0.3ms)[0m  SELECT COUNT(*) FROM "personal_connections"  WHERE "personal_connections"."verb_id" = $1  [["verb_id", 1576]]
11:08:43 web.1  |   [1m[36m (0.4ms)[0m  [1mSELECT COUNT(*) FROM "personal_connections"  WHERE "personal_connections"."verb_id" = $1[0m  [["verb_id", 340]]
11:08:43 web.1  |   [1m[35m (0.3ms)[0m  SELECT COUNT(*) FROM "personal_connections"  WHERE "personal_connections"."verb_id" = $1  [["verb_id", 224]]
11:08:43 web.1  |   [1m[36m (0.3ms)[0m  [1mSELECT COUNT(*) FROM "personal_connections"  WHERE "personal_connections"."verb_id" = $1[0m  [["verb_id", 1375]]
11:08:43 web.1  |   [1m[35m (0.3ms)[0m  SELECT COUNT(*) FROM "personal_connections"  WHERE "personal_connections"."verb_id" = $1  [["verb_id", 436]]
11:08:43 web.1  |   [1m[36m (0.3ms)[0m  [1mSELECT COUNT(*) FROM "personal_connections"  WHERE "personal_connections"."verb_id" = $1[0m  [["verb_id", 642]]
11:08:43 web.1  |   [1m[35m (0.3ms)[0m  SELECT COUNT(*) FROM "personal_connections"  WHERE "personal_connections"."verb_id" = $1  [["verb_id", 1303]]
11:08:43 web.1  |   [1m[36m (0.3ms)[0m  [1mSELECT COUNT(*) FROM "personal_connections"  WHERE "personal_connections"."verb_id" = $1[0m  [["verb_id", 1388]]
11:08:43 web.1  |   [1m[35m (0.3ms)[0m  SELECT COUNT(*) FROM "personal_connections"  WHERE "personal_connections"."verb_id" = $1  [["verb_id", 1285]]
11:08:43 web.1  |   [1m[36m (0.3ms)[0m  [1mSELECT COUNT(*) FROM "personal_connections"  WHERE "personal_connections"."verb_id" = $1[0m  [["verb_id", 1376]]
11:08:43 web.1  |   [1m[35m (0.3ms)[0m  SELECT COUNT(*) FROM "personal_connections"  WHERE "personal_connections"."verb_id" = $1  [["verb_id", 1355]]
11:08:43 web.1  |   [1m[36m (0.3ms)[0m  [1mSELECT COUNT(*) FROM "personal_connections"  WHERE "personal_connections"."verb_id" = $1[0m  [["verb_id", 1307]]
11:08:43 web.1  |   [1m[35m (0.3ms)[0m  SELECT COUNT(*) FROM "personal_connections"  WHERE "personal_connections"."verb_id" = $1  [["verb_id", 1115]]
11:08:43 web.1  |   [1m[36m (0.3ms)[0m  [1mSELECT COUNT(*) FROM "personal_connections"  WHERE "personal_connections"."verb_id" = $1[0m  [["verb_id", 1547]]
11:08:43 web.1  |   [1m[35m (0.3ms)[0m  SELECT COUNT(*) FROM "personal_connections"  WHERE "personal_connections"."verb_id" = $1  [["verb_id", 458]]
11:08:43 web.1  |   [1m[36m (0.7ms)[0m  [1mSELECT COUNT(*) FROM "personal_connections"  WHERE "personal_connections"."verb_id" = $1[0m  [["verb_id", 28]]
11:08:43 web.1  |   [1m[35m (0.3ms)[0m  SELECT COUNT(*) FROM "personal_connections"  WHERE "personal_connections"."verb_id" = $1  [["verb_id", 1088]]
11:08:43 web.1  |   [1m[36m (0.3ms)[0m  [1mSELECT COUNT(*) FROM "personal_connections"  WHERE "personal_connections"."verb_id" = $1[0m  [["verb_id", 1069]]
11:08:43 web.1  |   [1m[35m (0.3ms)[0m  SELECT COUNT(*) FROM "personal_connections"  WHERE "personal_connections"."verb_id" = $1  [["verb_id", 1510]]
11:08:43 web.1  |   [1m[36m (0.3ms)[0m  [1mSELECT COUNT(*) FROM "personal_connections"  WHERE "personal_connections"."verb_id" = $1[0m  [["verb_id", 685]]
11:08:43 web.1  |   [1m[35m (0.3ms)[0m  SELECT COUNT(*) FROM "personal_connections"  WHERE "personal_connections"."verb_id" = $1  [["verb_id", 1289]]
11:08:43 web.1  |   [1m[36m (0.3ms)[0m  [1mSELECT COUNT(*) FROM "personal_connections"  WHERE "personal_connections"."verb_id" = $1[0m  [["verb_id", 965]]
11:08:43 web.1  |   [1m[35m (0.3ms)[0m  SELECT COUNT(*) FROM "personal_connections"  WHERE "personal_connections"."verb_id" = $1  [["verb_id", 876]]
11:08:43 web.1  |   [1m[36m (0.3ms)[0m  [1mSELECT COUNT(*) FROM "personal_connections"  WHERE "personal_connections"."verb_id" = $1[0m  [["verb_id", 1122]]
11:08:43 web.1  |   [1m[35m (0.3ms)[0m  SELECT COUNT(*) FROM "personal_connections"  WHERE "personal_connections"."verb_id" = $1  [["verb_id", 732]]
11:08:43 web.1  |   [1m[36m (0.4ms)[0m  [1mSELECT COUNT(*) FROM "personal_connections"  WHERE "personal_connections"."verb_id" = $1[0m  [["verb_id", 6]]
11:08:43 web.1  |   [1m[35m (0.3ms)[0m  SELECT COUNT(*) FROM "personal_connections"  WHERE "personal_connections"."verb_id" = $1  [["verb_id", 1403]]
11:08:43 web.1  |   [1m[36m (0.3ms)[0m  [1mSELECT COUNT(*) FROM "personal_connections"  WHERE "personal_connections"."verb_id" = $1[0m  [["verb_id", 953]]
11:08:43 web.1  |   [1m[35m (0.3ms)[0m  SELECT COUNT(*) FROM "personal_connections"  WHERE "personal_connections"."verb_id" = $1  [["verb_id", 1317]]
11:08:43 web.1  |   [1m[36m (0.3ms)[0m  [1mSELECT COUNT(*) FROM "personal_connections"  WHERE "personal_connections"."verb_id" = $1[0m  [["verb_id", 638]]
11:08:43 web.1  |   [1m[35m (0.4ms)[0m  SELECT COUNT(*) FROM "personal_connections"  WHERE "personal_connections"."verb_id" = $1  [["verb_id", 532]]
11:08:43 web.1  |   [1m[36m (0.3ms)[0m  [1mSELECT COUNT(*) FROM "personal_connections"  WHERE "personal_connections"."verb_id" = $1[0m  [["verb_id", 992]]
11:08:43 web.1  |   [1m[35m (0.3ms)[0m  SELECT COUNT(*) FROM "personal_connections"  WHERE "personal_connections"."verb_id" = $1  [["verb_id", 855]]
11:08:43 web.1  |   [1m[36m (0.3ms)[0m  [1mSELECT COUNT(*) FROM "personal_connections"  WHERE "personal_connections"."verb_id" = $1[0m  [["verb_id", 1209]]
11:08:43 web.1  |   [1m[35m (0.3ms)[0m  SELECT COUNT(*) FROM "personal_connections"  WHERE "personal_connections"."verb_id" = $1  [["verb_id", 1137]]
11:08:43 web.1  |   [1m[36m (0.3ms)[0m  [1mSELECT COUNT(*) FROM "personal_connections"  WHERE "personal_connections"."verb_id" = $1[0m  [["verb_id", 1066]]
11:08:43 web.1  |   [1m[35m (0.3ms)[0m  SELECT COUNT(*) FROM "personal_connections"  WHERE "personal_connections"."verb_id" = $1  [["verb_id", 1439]]
11:08:43 web.1  |   [1m[36m (0.3ms)[0m  [1mSELECT COUNT(*) FROM "personal_connections"  WHERE "personal_connections"."verb_id" = $1[0m  [["verb_id", 1171]]
11:08:43 web.1  |   [1m[35m (0.3ms)[0m  SELECT COUNT(*) FROM "personal_connections"  WHERE "personal_connections"."verb_id" = $1  [["verb_id", 1449]]
11:08:43 web.1  |   [1m[36m (0.3ms)[0m  [1mSELECT COUNT(*) FROM "personal_connections"  WHERE "personal_connections"."verb_id" = $1[0m  [["verb_id", 1000]]
11:08:43 web.1  |   [1m[35m (0.3ms)[0m  SELECT COUNT(*) FROM "personal_connections"  WHERE "personal_connections"."verb_id" = $1  [["verb_id", 839]]
11:08:43 web.1  |   [1m[36m (0.3ms)[0m  [1mSELECT COUNT(*) FROM "personal_connections"  WHERE "personal_connections"."verb_id" = $1[0m  [["verb_id", 970]]
11:08:43 web.1  |   [1m[35m (0.3ms)[0m  SELECT COUNT(*) FROM "personal_connections"  WHERE "personal_connections"."verb_id" = $1  [["verb_id", 824]]
11:08:43 web.1  |   [1m[36m (0.3ms)[0m  [1mSELECT COUNT(*) FROM "personal_connections"  WHERE "personal_connections"."verb_id" = $1[0m  [["verb_id", 763]]
11:08:43 web.1  |   [1m[35m (0.3ms)[0m  SELECT COUNT(*) FROM "personal_connections"  WHERE "personal_connections"."verb_id" = $1  [["verb_id", 1199]]
11:08:43 web.1  |   [1m[36m (0.3ms)[0m  [1mSELECT COUNT(*) FROM "personal_connections"  WHERE "personal_connections"."verb_id" = $1[0m  [["verb_id", 671]]
11:08:43 web.1  |   [1m[35m (0.3ms)[0m  SELECT COUNT(*) FROM "personal_connections"  WHERE "personal_connections"."verb_id" = $1  [["verb_id", 808]]
11:08:43 web.1  |   [1m[36m (0.3ms)[0m  [1mSELECT COUNT(*) FROM "personal_connections"  WHERE "personal_connections"."verb_id" = $1[0m  [["verb_id", 1465]]
11:08:43 web.1  |   [1m[35m (0.3ms)[0m  SELECT COUNT(*) FROM "personal_connections"  WHERE "personal_connections"."verb_id" = $1  [["verb_id", 470]]
11:08:43 web.1  |   [1m[36m (0.4ms)[0m  [1mSELECT COUNT(*) FROM "personal_connections"  WHERE "personal_connections"."verb_id" = $1[0m  [["verb_id", 981]]
11:08:43 web.1  |   [1m[35m (0.4ms)[0m  SELECT COUNT(*) FROM "personal_connections"  WHERE "personal_connections"."verb_id" = $1  [["verb_id", 880]]
11:08:43 web.1  |   [1m[36m (0.4ms)[0m  [1mSELECT COUNT(*) FROM "personal_connections"  WHERE "personal_connections"."verb_id" = $1[0m  [["verb_id", 1050]]
11:08:43 web.1  |   [1m[35m (0.3ms)[0m  SELECT COUNT(*) FROM "personal_connections"  WHERE "personal_connections"."verb_id" = $1  [["verb_id", 980]]
11:08:43 web.1  |   [1m[36m (0.3ms)[0m  [1mSELECT COUNT(*) FROM "personal_connections"  WHERE "personal_connections"."verb_id" = $1[0m  [["verb_id", 1010]]
11:08:43 web.1  |   [1m[35m (0.3ms)[0m  SELECT COUNT(*) FROM "personal_connections"  WHERE "personal_connections"."verb_id" = $1  [["verb_id", 492]]
11:08:43 web.1  |   [1m[36m (0.3ms)[0m  [1mSELECT COUNT(*) FROM "personal_connections"  WHERE "personal_connections"."verb_id" = $1[0m  [["verb_id", 1556]]
11:08:43 web.1  |   [1m[35m (0.3ms)[0m  SELECT COUNT(*) FROM "personal_connections"  WHERE "personal_connections"."verb_id" = $1  [["verb_id", 744]]
11:08:43 web.1  |   [1m[36m (0.3ms)[0m  [1mSELECT COUNT(*) FROM "personal_connections"  WHERE "personal_connections"."verb_id" = $1[0m  [["verb_id", 1509]]
11:08:43 web.1  |   [1m[35m (0.3ms)[0m  SELECT COUNT(*) FROM "personal_connections"  WHERE "personal_connections"."verb_id" = $1  [["verb_id", 1218]]
11:08:43 web.1  |   [1m[36m (0.3ms)[0m  [1mSELECT COUNT(*) FROM "personal_connections"  WHERE "personal_connections"."verb_id" = $1[0m  [["verb_id", 1490]]
11:08:43 web.1  |   [1m[35m (0.3ms)[0m  SELECT COUNT(*) FROM "personal_connections"  WHERE "personal_connections"."verb_id" = $1  [["verb_id", 1318]]
11:08:43 web.1  |   [1m[36m (0.3ms)[0m  [1mSELECT COUNT(*) FROM "personal_connections"  WHERE "personal_connections"."verb_id" = $1[0m  [["verb_id", 708]]
11:08:43 web.1  |   [1m[35m (0.3ms)[0m  SELECT COUNT(*) FROM "personal_connections"  WHERE "personal_connections"."verb_id" = $1  [["verb_id", 1195]]
11:08:43 web.1  |   [1m[36m (0.3ms)[0m  [1mSELECT COUNT(*) FROM "personal_connections"  WHERE "personal_connections"."verb_id" = $1[0m  [["verb_id", 1335]]
11:08:43 web.1  |   [1m[35m (0.3ms)[0m  SELECT COUNT(*) FROM "personal_connections"  WHERE "personal_connections"."verb_id" = $1  [["verb_id", 1206]]
11:08:43 web.1  |   [1m[36m (0.3ms)[0m  [1mSELECT COUNT(*) FROM "personal_connections"  WHERE "personal_connections"."verb_id" = $1[0m  [["verb_id", 713]]
11:08:43 web.1  |   [1m[35m (0.3ms)[0m  SELECT COUNT(*) FROM "personal_connections"  WHERE "personal_connections"."verb_id" = $1  [["verb_id", 871]]
11:08:43 web.1  |   [1m[36m (0.3ms)[0m  [1mSELECT COUNT(*) FROM "personal_connections"  WHERE "personal_connections"."verb_id" = $1[0m  [["verb_id", 604]]
11:08:43 web.1  |   [1m[35m (0.3ms)[0m  SELECT COUNT(*) FROM "personal_connections"  WHERE "personal_connections"."verb_id" = $1  [["verb_id", 707]]
11:08:43 web.1  |   [1m[36m (0.3ms)[0m  [1mSELECT COUNT(*) FROM "personal_connections"  WHERE "personal_connections"."verb_id" = $1[0m  [["verb_id", 825]]
11:08:43 web.1  |   [1m[35m (0.3ms)[0m  SELECT COUNT(*) FROM "personal_connections"  WHERE "personal_connections"."verb_id" = $1  [["verb_id", 1343]]
11:08:43 web.1  |   [1m[36m (0.4ms)[0m  [1mSELECT COUNT(*) FROM "personal_connections"  WHERE "personal_connections"."verb_id" = $1[0m  [["verb_id", 332]]
11:08:43 web.1  |   [1m[35m (0.3ms)[0m  SELECT COUNT(*) FROM "personal_connections"  WHERE "personal_connections"."verb_id" = $1  [["verb_id", 380]]
11:08:43 web.1  |   [1m[36m (0.4ms)[0m  [1mSELECT COUNT(*) FROM "personal_connections"  WHERE "personal_connections"."verb_id" = $1[0m  [["verb_id", 1434]]
11:08:43 web.1  |   [1m[35m (0.3ms)[0m  SELECT COUNT(*) FROM "personal_connections"  WHERE "personal_connections"."verb_id" = $1  [["verb_id", 1466]]
11:08:43 web.1  |   [1m[36m (0.3ms)[0m  [1mSELECT COUNT(*) FROM "personal_connections"  WHERE "personal_connections"."verb_id" = $1[0m  [["verb_id", 608]]
11:08:43 web.1  |   [1m[35m (0.3ms)[0m  SELECT COUNT(*) FROM "personal_connections"  WHERE "personal_connections"."verb_id" = $1  [["verb_id", 600]]
11:08:43 web.1  |   [1m[36m (0.3ms)[0m  [1mSELECT COUNT(*) FROM "personal_connections"  WHERE "personal_connections"."verb_id" = $1[0m  [["verb_id", 1035]]
11:08:43 web.1  |   [1m[35m (0.3ms)[0m  SELECT COUNT(*) FROM "personal_connections"  WHERE "personal_connections"."verb_id" = $1  [["verb_id", 656]]
11:08:43 web.1  |   [1m[36m (0.6ms)[0m  [1mSELECT COUNT(*) FROM "personal_connections"  WHERE "personal_connections"."verb_id" = $1[0m  [["verb_id", 910]]
11:08:43 web.1  |   [1m[35m (0.3ms)[0m  SELECT COUNT(*) FROM "personal_connections"  WHERE "personal_connections"."verb_id" = $1  [["verb_id", 360]]
11:08:43 web.1  |   [1m[36m (0.3ms)[0m  [1mSELECT COUNT(*) FROM "personal_connections"  WHERE "personal_connections"."verb_id" = $1[0m  [["verb_id", 1256]]
11:08:43 web.1  |   [1m[35m (0.3ms)[0m  SELECT COUNT(*) FROM "personal_connections"  WHERE "personal_connections"."verb_id" = $1  [["verb_id", 897]]
11:08:43 web.1  |   [1m[36m (0.3ms)[0m  [1mSELECT COUNT(*) FROM "personal_connections"  WHERE "personal_connections"."verb_id" = $1[0m  [["verb_id", 324]]
11:08:43 web.1  |   [1m[35m (0.3ms)[0m  SELECT COUNT(*) FROM "personal_connections"  WHERE "personal_connections"."verb_id" = $1  [["verb_id", 330]]
11:08:43 web.1  |   [1m[36m (0.3ms)[0m  [1mSELECT COUNT(*) FROM "personal_connections"  WHERE "personal_connections"."verb_id" = $1[0m  [["verb_id", 386]]
11:08:43 web.1  |   [1m[35m (0.3ms)[0m  SELECT COUNT(*) FROM "personal_connections"  WHERE "personal_connections"."verb_id" = $1  [["verb_id", 1183]]
11:08:43 web.1  |   [1m[36m (0.3ms)[0m  [1mSELECT COUNT(*) FROM "personal_connections"  WHERE "personal_connections"."verb_id" = $1[0m  [["verb_id", 811]]
11:08:43 web.1  |   [1m[35m (0.3ms)[0m  SELECT COUNT(*) FROM "personal_connections"  WHERE "personal_connections"."verb_id" = $1  [["verb_id", 350]]
11:08:43 web.1  |   [1m[36m (0.3ms)[0m  [1mSELECT COUNT(*) FROM "personal_connections"  WHERE "personal_connections"."verb_id" = $1[0m  [["verb_id", 1480]]
11:08:43 web.1  |   [1m[35m (0.3ms)[0m  SELECT COUNT(*) FROM "personal_connections"  WHERE "personal_connections"."verb_id" = $1  [["verb_id", 368]]
11:08:43 web.1  |   [1m[36m (0.3ms)[0m  [1mSELECT COUNT(*) FROM "personal_connections"  WHERE "personal_connections"."verb_id" = $1[0m  [["verb_id", 366]]
11:08:43 web.1  |   [1m[35m (0.3ms)[0m  SELECT COUNT(*) FROM "personal_connections"  WHERE "personal_connections"."verb_id" = $1  [["verb_id", 344]]
11:08:43 web.1  |   [1m[36m (0.4ms)[0m  [1mSELECT COUNT(*) FROM "personal_connections"  WHERE "personal_connections"."verb_id" = $1[0m  [["verb_id", 1204]]
11:08:43 web.1  |   [1m[35m (0.4ms)[0m  SELECT COUNT(*) FROM "personal_connections"  WHERE "personal_connections"."verb_id" = $1  [["verb_id", 1070]]
11:08:43 web.1  |   [1m[36m (0.3ms)[0m  [1mSELECT COUNT(*) FROM "personal_connections"  WHERE "personal_connections"."verb_id" = $1[0m  [["verb_id", 996]]
11:08:43 web.1  |   [1m[35m (0.3ms)[0m  SELECT COUNT(*) FROM "personal_connections"  WHERE "personal_connections"."verb_id" = $1  [["verb_id", 1409]]
11:08:43 web.1  |   [1m[36m (0.3ms)[0m  [1mSELECT COUNT(*) FROM "personal_connections"  WHERE "personal_connections"."verb_id" = $1[0m  [["verb_id", 1072]]
11:08:43 web.1  |   [1m[35m (0.3ms)[0m  SELECT COUNT(*) FROM "personal_connections"  WHERE "personal_connections"."verb_id" = $1  [["verb_id", 1160]]
11:08:43 web.1  |   [1m[36m (0.5ms)[0m  [1mSELECT COUNT(*) FROM "personal_connections"  WHERE "personal_connections"."verb_id" = $1[0m  [["verb_id", 1587]]
11:08:43 web.1  |   [1m[35m (0.3ms)[0m  SELECT COUNT(*) FROM "personal_connections"  WHERE "personal_connections"."verb_id" = $1  [["verb_id", 952]]
11:08:43 web.1  |   [1m[36m (0.3ms)[0m  [1mSELECT COUNT(*) FROM "personal_connections"  WHERE "personal_connections"."verb_id" = $1[0m  [["verb_id", 546]]
11:08:43 web.1  |   [1m[35m (0.3ms)[0m  SELECT COUNT(*) FROM "personal_connections"  WHERE "personal_connections"."verb_id" = $1  [["verb_id", 209]]
11:08:43 web.1  |   [1m[36m (0.3ms)[0m  [1mSELECT COUNT(*) FROM "personal_connections"  WHERE "personal_connections"."verb_id" = $1[0m  [["verb_id", 169]]
11:08:43 web.1  |   [1m[35m (0.3ms)[0m  SELECT COUNT(*) FROM "personal_connections"  WHERE "personal_connections"."verb_id" = $1  [["verb_id", 1017]]
11:08:43 web.1  |   [1m[36m (0.6ms)[0m  [1mSELECT COUNT(*) FROM "personal_connections"  WHERE "personal_connections"."verb_id" = $1[0m  [["verb_id", 1073]]
11:08:43 web.1  |   [1m[35m (0.3ms)[0m  SELECT COUNT(*) FROM "personal_connections"  WHERE "personal_connections"."verb_id" = $1  [["verb_id", 892]]
11:08:43 web.1  |   [1m[36m (0.4ms)[0m  [1mSELECT COUNT(*) FROM "personal_connections"  WHERE "personal_connections"."verb_id" = $1[0m  [["verb_id", 1316]]
11:08:43 web.1  |   [1m[35m (0.4ms)[0m  SELECT COUNT(*) FROM "personal_connections"  WHERE "personal_connections"."verb_id" = $1  [["verb_id", 764]]
11:08:43 web.1  |   [1m[36m (0.3ms)[0m  [1mSELECT COUNT(*) FROM "personal_connections"  WHERE "personal_connections"."verb_id" = $1[0m  [["verb_id", 1410]]
11:08:43 web.1  |   [1m[35m (0.3ms)[0m  SELECT COUNT(*) FROM "personal_connections"  WHERE "personal_connections"."verb_id" = $1  [["verb_id", 800]]
11:08:43 web.1  |   [1m[36m (0.3ms)[0m  [1mSELECT COUNT(*) FROM "personal_connections"  WHERE "personal_connections"."verb_id" = $1[0m  [["verb_id", 612]]
11:08:43 web.1  |   [1m[35m (0.3ms)[0m  SELECT COUNT(*) FROM "personal_connections"  WHERE "personal_connections"."verb_id" = $1  [["verb_id", 748]]
11:08:43 web.1  |   [1m[36m (0.3ms)[0m  [1mSELECT COUNT(*) FROM "personal_connections"  WHERE "personal_connections"."verb_id" = $1[0m  [["verb_id", 474]]
11:08:43 web.1  |   [1m[35m (0.3ms)[0m  SELECT COUNT(*) FROM "personal_connections"  WHERE "personal_connections"."verb_id" = $1  [["verb_id", 1428]]
11:08:43 web.1  |   [1m[36m (0.3ms)[0m  [1mSELECT COUNT(*) FROM "personal_connections"  WHERE "personal_connections"."verb_id" = $1[0m  [["verb_id", 752]]
11:08:43 web.1  |   [1m[35m (0.5ms)[0m  SELECT COUNT(*) FROM "personal_connections"  WHERE "personal_connections"."verb_id" = $1  [["verb_id", 1279]]
11:08:43 web.1  |   [1m[36m (0.3ms)[0m  [1mSELECT COUNT(*) FROM "personal_connections"  WHERE "personal_connections"."verb_id" = $1[0m  [["verb_id", 1406]]
11:08:43 web.1  |   [1m[35m (0.3ms)[0m  SELECT COUNT(*) FROM "personal_connections"  WHERE "personal_connections"."verb_id" = $1  [["verb_id", 870]]
11:08:43 web.1  |   [1m[36m (0.3ms)[0m  [1mSELECT COUNT(*) FROM "personal_connections"  WHERE "personal_connections"."verb_id" = $1[0m  [["verb_id", 864]]
11:08:43 web.1  |   [1m[35m (0.3ms)[0m  SELECT COUNT(*) FROM "personal_connections"  WHERE "personal_connections"."verb_id" = $1  [["verb_id", 845]]
11:08:43 web.1  |   [1m[36m (0.3ms)[0m  [1mSELECT COUNT(*) FROM "personal_connections"  WHERE "personal_connections"."verb_id" = $1[0m  [["verb_id", 560]]
11:08:43 web.1  |   [1m[35m (0.4ms)[0m  SELECT COUNT(*) FROM "personal_connections"  WHERE "personal_connections"."verb_id" = $1  [["verb_id", 1019]]
11:08:43 web.1  |   [1m[36m (0.3ms)[0m  [1mSELECT COUNT(*) FROM "personal_connections"  WHERE "personal_connections"."verb_id" = $1[0m  [["verb_id", 821]]
11:08:43 web.1  |   [1m[35m (0.5ms)[0m  SELECT COUNT(*) FROM "personal_connections"  WHERE "personal_connections"."verb_id" = $1  [["verb_id", 987]]
11:08:43 web.1  |   [1m[36m (0.3ms)[0m  [1mSELECT COUNT(*) FROM "personal_connections"  WHERE "personal_connections"."verb_id" = $1[0m  [["verb_id", 749]]
11:08:43 web.1  |   [1m[35m (0.3ms)[0m  SELECT COUNT(*) FROM "personal_connections"  WHERE "personal_connections"."verb_id" = $1  [["verb_id", 1500]]
11:08:43 web.1  |   [1m[36m (0.3ms)[0m  [1mSELECT COUNT(*) FROM "personal_connections"  WHERE "personal_connections"."verb_id" = $1[0m  [["verb_id", 982]]
11:08:43 web.1  |   [1m[35m (0.3ms)[0m  SELECT COUNT(*) FROM "personal_connections"  WHERE "personal_connections"."verb_id" = $1  [["verb_id", 570]]
11:08:43 web.1  |   [1m[36m (0.5ms)[0m  [1mSELECT COUNT(*) FROM "personal_connections"  WHERE "personal_connections"."verb_id" = $1[0m  [["verb_id", 784]]
11:08:43 web.1  |   [1m[35m (0.3ms)[0m  SELECT COUNT(*) FROM "personal_connections"  WHERE "personal_connections"."verb_id" = $1  [["verb_id", 911]]
11:08:43 web.1  |   [1m[36m (0.5ms)[0m  [1mSELECT COUNT(*) FROM "personal_connections"  WHERE "personal_connections"."verb_id" = $1[0m  [["verb_id", 988]]
11:08:43 web.1  |   [1m[35m (0.3ms)[0m  SELECT COUNT(*) FROM "personal_connections"  WHERE "personal_connections"."verb_id" = $1  [["verb_id", 1413]]
11:08:43 web.1  |   [1m[36m (0.3ms)[0m  [1mSELECT COUNT(*) FROM "personal_connections"  WHERE "personal_connections"."verb_id" = $1[0m  [["verb_id", 1064]]
11:08:43 web.1  |   [1m[35m (0.8ms)[0m  SELECT COUNT(*) FROM "personal_connections"  WHERE "personal_connections"."verb_id" = $1  [["verb_id", 726]]
11:08:43 web.1  |   [1m[36m (0.4ms)[0m  [1mSELECT COUNT(*) FROM "personal_connections"  WHERE "personal_connections"."verb_id" = $1[0m  [["verb_id", 548]]
11:08:43 web.1  |   [1m[35m (0.6ms)[0m  SELECT COUNT(*) FROM "personal_connections"  WHERE "personal_connections"."verb_id" = $1  [["verb_id", 568]]
11:08:43 web.1  |   [1m[36m (0.3ms)[0m  [1mSELECT COUNT(*) FROM "personal_connections"  WHERE "personal_connections"."verb_id" = $1[0m  [["verb_id", 1494]]
11:08:43 web.1  |   [1m[35m (0.6ms)[0m  SELECT COUNT(*) FROM "personal_connections"  WHERE "personal_connections"."verb_id" = $1  [["verb_id", 675]]
11:08:43 web.1  |   [1m[36m (0.3ms)[0m  [1mSELECT COUNT(*) FROM "personal_connections"  WHERE "personal_connections"."verb_id" = $1[0m  [["verb_id", 1002]]
11:08:43 web.1  |   [1m[35m (0.3ms)[0m  SELECT COUNT(*) FROM "personal_connections"  WHERE "personal_connections"."verb_id" = $1  [["verb_id", 1424]]
11:08:43 web.1  |   [1m[36m (0.3ms)[0m  [1mSELECT COUNT(*) FROM "personal_connections"  WHERE "personal_connections"."verb_id" = $1[0m  [["verb_id", 689]]
11:08:43 web.1  |   [1m[35m (0.3ms)[0m  SELECT COUNT(*) FROM "personal_connections"  WHERE "personal_connections"."verb_id" = $1  [["verb_id", 1573]]
11:08:43 web.1  |   [1m[36m (1.5ms)[0m  [1mSELECT COUNT(*) FROM "personal_connections"  WHERE "personal_connections"."verb_id" = $1[0m  [["verb_id", 798]]
11:08:43 web.1  |   [1m[35m (0.3ms)[0m  SELECT COUNT(*) FROM "personal_connections"  WHERE "personal_connections"."verb_id" = $1  [["verb_id", 730]]
11:08:43 web.1  |   [1m[36m (0.3ms)[0m  [1mSELECT COUNT(*) FROM "personal_connections"  WHERE "personal_connections"."verb_id" = $1[0m  [["verb_id", 929]]
11:08:43 web.1  |   [1m[35m (0.3ms)[0m  SELECT COUNT(*) FROM "personal_connections"  WHERE "personal_connections"."verb_id" = $1  [["verb_id", 1213]]
11:08:43 web.1  |   [1m[36m (0.3ms)[0m  [1mSELECT COUNT(*) FROM "personal_connections"  WHERE "personal_connections"."verb_id" = $1[0m  [["verb_id", 905]]
11:08:43 web.1  |   [1m[35m (0.3ms)[0m  SELECT COUNT(*) FROM "personal_connections"  WHERE "personal_connections"."verb_id" = $1  [["verb_id", 1214]]
11:08:43 web.1  |   [1m[36m (0.3ms)[0m  [1mSELECT COUNT(*) FROM "personal_connections"  WHERE "personal_connections"."verb_id" = $1[0m  [["verb_id", 999]]
11:08:43 web.1  |   [1m[35m (0.3ms)[0m  SELECT COUNT(*) FROM "personal_connections"  WHERE "personal_connections"."verb_id" = $1  [["verb_id", 681]]
11:08:43 web.1  |   [1m[36m (0.4ms)[0m  [1mSELECT COUNT(*) FROM "personal_connections"  WHERE "personal_connections"."verb_id" = $1[0m  [["verb_id", 1100]]
11:08:43 web.1  |   [1m[35m (0.4ms)[0m  SELECT COUNT(*) FROM "personal_connections"  WHERE "personal_connections"."verb_id" = $1  [["verb_id", 628]]
11:08:43 web.1  |   [1m[36m (0.3ms)[0m  [1mSELECT COUNT(*) FROM "personal_connections"  WHERE "personal_connections"."verb_id" = $1[0m  [["verb_id", 524]]
11:08:43 web.1  |   [1m[35m (1.2ms)[0m  SELECT COUNT(*) FROM "personal_connections"  WHERE "personal_connections"."verb_id" = $1  [["verb_id", 145]]
11:08:43 web.1  |   [1m[36m (0.3ms)[0m  [1mSELECT COUNT(*) FROM "personal_connections"  WHERE "personal_connections"."verb_id" = $1[0m  [["verb_id", 1469]]
11:08:43 web.1  |   [1m[35m (0.4ms)[0m  SELECT COUNT(*) FROM "personal_connections"  WHERE "personal_connections"."verb_id" = $1  [["verb_id", 1188]]
11:08:44 web.1  |   [1m[36m (0.3ms)[0m  [1mSELECT COUNT(*) FROM "personal_connections"  WHERE "personal_connections"."verb_id" = $1[0m  [["verb_id", 1039]]
11:08:44 web.1  |   [1m[35m (0.3ms)[0m  SELECT COUNT(*) FROM "personal_connections"  WHERE "personal_connections"."verb_id" = $1  [["verb_id", 985]]
11:08:44 web.1  |   [1m[36m (0.3ms)[0m  [1mSELECT COUNT(*) FROM "personal_connections"  WHERE "personal_connections"."verb_id" = $1[0m  [["verb_id", 1482]]
11:08:44 web.1  |   [1m[35m (0.3ms)[0m  SELECT COUNT(*) FROM "personal_connections"  WHERE "personal_connections"."verb_id" = $1  [["verb_id", 342]]
11:08:44 web.1  |   [1m[36m (0.3ms)[0m  [1mSELECT COUNT(*) FROM "personal_connections"  WHERE "personal_connections"."verb_id" = $1[0m  [["verb_id", 242]]
11:08:44 web.1  |   [1m[35m (0.3ms)[0m  SELECT COUNT(*) FROM "personal_connections"  WHERE "personal_connections"."verb_id" = $1  [["verb_id", 802]]
11:08:44 web.1  |   [1m[36m (0.3ms)[0m  [1mSELECT COUNT(*) FROM "personal_connections"  WHERE "personal_connections"."verb_id" = $1[0m  [["verb_id", 442]]
11:08:44 web.1  |   [1m[35m (0.3ms)[0m  SELECT COUNT(*) FROM "personal_connections"  WHERE "personal_connections"."verb_id" = $1  [["verb_id", 1156]]
11:08:44 web.1  |   [1m[36m (0.3ms)[0m  [1mSELECT COUNT(*) FROM "personal_connections"  WHERE "personal_connections"."verb_id" = $1[0m  [["verb_id", 370]]
11:08:44 web.1  |   [1m[35m (0.3ms)[0m  SELECT COUNT(*) FROM "personal_connections"  WHERE "personal_connections"."verb_id" = $1  [["verb_id", 1162]]
11:08:44 web.1  |   [1m[36m (0.4ms)[0m  [1mSELECT COUNT(*) FROM "personal_connections"  WHERE "personal_connections"."verb_id" = $1[0m  [["verb_id", 452]]
11:08:44 web.1  |   [1m[35m (0.3ms)[0m  SELECT COUNT(*) FROM "personal_connections"  WHERE "personal_connections"."verb_id" = $1  [["verb_id", 806]]
11:08:44 web.1  |   [1m[36m (0.3ms)[0m  [1mSELECT COUNT(*) FROM "personal_connections"  WHERE "personal_connections"."verb_id" = $1[0m  [["verb_id", 994]]
11:08:44 web.1  |   [1m[35m (0.3ms)[0m  SELECT COUNT(*) FROM "personal_connections"  WHERE "personal_connections"."verb_id" = $1  [["verb_id", 1342]]
11:08:44 web.1  |   [1m[36m (0.3ms)[0m  [1mSELECT COUNT(*) FROM "personal_connections"  WHERE "personal_connections"."verb_id" = $1[0m  [["verb_id", 789]]
11:08:44 web.1  |   [1m[35m (0.3ms)[0m  SELECT COUNT(*) FROM "personal_connections"  WHERE "personal_connections"."verb_id" = $1  [["verb_id", 1321]]
11:08:44 web.1  |   [1m[36m (0.3ms)[0m  [1mSELECT COUNT(*) FROM "personal_connections"  WHERE "personal_connections"."verb_id" = $1[0m  [["verb_id", 464]]
11:08:44 web.1  |   [1m[35m (0.4ms)[0m  SELECT COUNT(*) FROM "personal_connections"  WHERE "personal_connections"."verb_id" = $1  [["verb_id", 272]]
11:08:44 web.1  |   [1m[36m (0.4ms)[0m  [1mSELECT COUNT(*) FROM "personal_connections"  WHERE "personal_connections"."verb_id" = $1[0m  [["verb_id", 923]]
11:08:44 web.1  |   [1m[35m (0.3ms)[0m  SELECT COUNT(*) FROM "personal_connections"  WHERE "personal_connections"."verb_id" = $1  [["verb_id", 931]]
11:08:44 web.1  |   [1m[36m (0.3ms)[0m  [1mSELECT COUNT(*) FROM "personal_connections"  WHERE "personal_connections"."verb_id" = $1[0m  [["verb_id", 921]]
11:08:44 web.1  |   [1m[35m (0.3ms)[0m  SELECT COUNT(*) FROM "personal_connections"  WHERE "personal_connections"."verb_id" = $1  [["verb_id", 234]]
11:08:44 web.1  |   [1m[36m (0.4ms)[0m  [1mSELECT COUNT(*) FROM "personal_connections"  WHERE "personal_connections"."verb_id" = $1[0m  [["verb_id", 149]]
11:08:44 web.1  |   [1m[35m (0.3ms)[0m  SELECT COUNT(*) FROM "personal_connections"  WHERE "personal_connections"."verb_id" = $1  [["verb_id", 1467]]
11:08:44 web.1  |   [1m[36m (0.3ms)[0m  [1mSELECT COUNT(*) FROM "personal_connections"  WHERE "personal_connections"."verb_id" = $1[0m  [["verb_id", 938]]
11:08:44 web.1  |   [1m[35m (0.3ms)[0m  SELECT COUNT(*) FROM "personal_connections"  WHERE "personal_connections"."verb_id" = $1  [["verb_id", 1109]]
11:08:44 web.1  |   [1m[36m (0.3ms)[0m  [1mSELECT COUNT(*) FROM "personal_connections"  WHERE "personal_connections"."verb_id" = $1[0m  [["verb_id", 1369]]
11:08:44 web.1  |   [1m[35m (0.3ms)[0m  SELECT COUNT(*) FROM "personal_connections"  WHERE "personal_connections"."verb_id" = $1  [["verb_id", 93]]
11:08:44 web.1  |   [1m[36m (0.3ms)[0m  [1mSELECT COUNT(*) FROM "personal_connections"  WHERE "personal_connections"."verb_id" = $1[0m  [["verb_id", 336]]
11:08:44 web.1  |   [1m[35m (0.3ms)[0m  SELECT COUNT(*) FROM "personal_connections"  WHERE "personal_connections"."verb_id" = $1  [["verb_id", 1169]]
11:08:44 web.1  |   [1m[36m (0.3ms)[0m  [1mSELECT COUNT(*) FROM "personal_connections"  WHERE "personal_connections"."verb_id" = $1[0m  [["verb_id", 1380]]
11:08:44 web.1  |   [1m[35m (0.3ms)[0m  SELECT COUNT(*) FROM "personal_connections"  WHERE "personal_connections"."verb_id" = $1  [["verb_id", 1116]]
11:08:44 web.1  |   [1m[36m (0.3ms)[0m  [1mSELECT COUNT(*) FROM "personal_connections"  WHERE "personal_connections"."verb_id" = $1[0m  [["verb_id", 1408]]
11:08:44 web.1  |   [1m[35m (0.3ms)[0m  SELECT COUNT(*) FROM "personal_connections"  WHERE "personal_connections"."verb_id" = $1  [["verb_id", 1311]]
11:08:44 web.1  |   [1m[36m (0.3ms)[0m  [1mSELECT COUNT(*) FROM "personal_connections"  WHERE "personal_connections"."verb_id" = $1[0m  [["verb_id", 654]]
11:08:44 web.1  |   [1m[35m (0.3ms)[0m  SELECT COUNT(*) FROM "personal_connections"  WHERE "personal_connections"."verb_id" = $1  [["verb_id", 979]]
11:08:44 web.1  |   [1m[36m (0.3ms)[0m  [1mSELECT COUNT(*) FROM "personal_connections"  WHERE "personal_connections"."verb_id" = $1[0m  [["verb_id", 1486]]
11:08:44 web.1  |   [1m[35m (0.5ms)[0m  SELECT COUNT(*) FROM "personal_connections"  WHERE "personal_connections"."verb_id" = $1  [["verb_id", 1502]]
11:08:44 web.1  |   [1m[36m (0.3ms)[0m  [1mSELECT COUNT(*) FROM "personal_connections"  WHERE "personal_connections"."verb_id" = $1[0m  [["verb_id", 1029]]
11:08:44 web.1  |   [1m[35m (0.3ms)[0m  SELECT COUNT(*) FROM "personal_connections"  WHERE "personal_connections"."verb_id" = $1  [["verb_id", 1182]]
11:08:44 web.1  |   [1m[36m (0.3ms)[0m  [1mSELECT COUNT(*) FROM "personal_connections"  WHERE "personal_connections"."verb_id" = $1[0m  [["verb_id", 1227]]
11:08:44 web.1  |   [1m[35m (0.3ms)[0m  SELECT COUNT(*) FROM "personal_connections"  WHERE "personal_connections"."verb_id" = $1  [["verb_id", 1202]]
11:08:44 web.1  |   [1m[36m (0.3ms)[0m  [1mSELECT COUNT(*) FROM "personal_connections"  WHERE "personal_connections"."verb_id" = $1[0m  [["verb_id", 308]]
11:08:44 web.1  |   [1m[35m (0.3ms)[0m  SELECT COUNT(*) FROM "personal_connections"  WHERE "personal_connections"."verb_id" = $1  [["verb_id", 1155]]
11:08:44 web.1  |   [1m[36m (0.3ms)[0m  [1mSELECT COUNT(*) FROM "personal_connections"  WHERE "personal_connections"."verb_id" = $1[0m  [["verb_id", 1300]]
11:08:44 web.1  |   [1m[35m (0.3ms)[0m  SELECT COUNT(*) FROM "personal_connections"  WHERE "personal_connections"."verb_id" = $1  [["verb_id", 109]]
11:08:44 web.1  |   [1m[36m (0.3ms)[0m  [1mSELECT COUNT(*) FROM "personal_connections"  WHERE "personal_connections"."verb_id" = $1[0m  [["verb_id", 502]]
11:08:44 web.1  |   [1m[35m (0.3ms)[0m  SELECT COUNT(*) FROM "personal_connections"  WHERE "personal_connections"."verb_id" = $1  [["verb_id", 51]]
11:08:44 web.1  |   [1m[36m (0.3ms)[0m  [1mSELECT COUNT(*) FROM "personal_connections"  WHERE "personal_connections"."verb_id" = $1[0m  [["verb_id", 1563]]
11:08:44 web.1  |   [1m[35m (0.3ms)[0m  SELECT COUNT(*) FROM "personal_connections"  WHERE "personal_connections"."verb_id" = $1  [["verb_id", 1562]]
11:08:44 web.1  |   [1m[36m (0.4ms)[0m  [1mSELECT COUNT(*) FROM "personal_connections"  WHERE "personal_connections"."verb_id" = $1[0m  [["verb_id", 65]]
11:08:44 web.1  |   [1m[35m (0.3ms)[0m  SELECT COUNT(*) FROM "personal_connections"  WHERE "personal_connections"."verb_id" = $1  [["verb_id", 1399]]
11:08:44 web.1  |   [1m[36m (0.4ms)[0m  [1mSELECT COUNT(*) FROM "personal_connections"  WHERE "personal_connections"."verb_id" = $1[0m  [["verb_id", 434]]
11:08:44 web.1  |   [1m[35m (0.3ms)[0m  SELECT COUNT(*) FROM "personal_connections"  WHERE "personal_connections"."verb_id" = $1  [["verb_id", 909]]
11:08:44 web.1  |   [1m[36m (0.3ms)[0m  [1mSELECT COUNT(*) FROM "personal_connections"  WHERE "personal_connections"."verb_id" = $1[0m  [["verb_id", 743]]
11:08:44 web.1  |   [1m[35m (0.3ms)[0m  SELECT COUNT(*) FROM "personal_connections"  WHERE "personal_connections"."verb_id" = $1  [["verb_id", 1286]]
11:08:44 web.1  |   [1m[36m (0.3ms)[0m  [1mSELECT COUNT(*) FROM "personal_connections"  WHERE "personal_connections"."verb_id" = $1[0m  [["verb_id", 1416]]
11:08:44 web.1  |   [1m[35m (0.3ms)[0m  SELECT COUNT(*) FROM "personal_connections"  WHERE "personal_connections"."verb_id" = $1  [["verb_id", 1111]]
11:08:44 web.1  |   [1m[36m (0.3ms)[0m  [1mSELECT COUNT(*) FROM "personal_connections"  WHERE "personal_connections"."verb_id" = $1[0m  [["verb_id", 1585]]
11:08:44 web.1  |   [1m[35m (0.3ms)[0m  SELECT COUNT(*) FROM "personal_connections"  WHERE "personal_connections"."verb_id" = $1  [["verb_id", 948]]
11:08:44 web.1  |   [1m[36m (0.3ms)[0m  [1mSELECT COUNT(*) FROM "personal_connections"  WHERE "personal_connections"."verb_id" = $1[0m  [["verb_id", 1314]]
11:08:44 web.1  |   [1m[35m (0.3ms)[0m  SELECT COUNT(*) FROM "personal_connections"  WHERE "personal_connections"."verb_id" = $1  [["verb_id", 1315]]
11:08:44 web.1  |   [1m[36m (0.3ms)[0m  [1mSELECT COUNT(*) FROM "personal_connections"  WHERE "personal_connections"."verb_id" = $1[0m  [["verb_id", 596]]
11:08:44 web.1  |   [1m[35m (0.3ms)[0m  SELECT COUNT(*) FROM "personal_connections"  WHERE "personal_connections"."verb_id" = $1  [["verb_id", 842]]
11:08:44 web.1  |   [1m[36m (0.3ms)[0m  [1mSELECT COUNT(*) FROM "personal_connections"  WHERE "personal_connections"."verb_id" = $1[0m  [["verb_id", 1295]]
11:08:44 web.1  |   [1m[35m (0.3ms)[0m  SELECT COUNT(*) FROM "personal_connections"  WHERE "personal_connections"."verb_id" = $1  [["verb_id", 468]]
11:08:44 web.1  |   [1m[36m (0.3ms)[0m  [1mSELECT COUNT(*) FROM "personal_connections"  WHERE "personal_connections"."verb_id" = $1[0m  [["verb_id", 1481]]
11:08:44 web.1  |   [1m[35m (0.3ms)[0m  SELECT COUNT(*) FROM "personal_connections"  WHERE "personal_connections"."verb_id" = $1  [["verb_id", 1574]]
11:08:44 web.1  |   [1m[36m (0.3ms)[0m  [1mSELECT COUNT(*) FROM "personal_connections"  WHERE "personal_connections"."verb_id" = $1[0m  [["verb_id", 1149]]
11:08:44 web.1  |   [1m[35m (0.3ms)[0m  SELECT COUNT(*) FROM "personal_connections"  WHERE "personal_connections"."verb_id" = $1  [["verb_id", 1541]]
11:08:44 web.1  |   [1m[36m (0.4ms)[0m  [1mSELECT COUNT(*) FROM "personal_connections"  WHERE "personal_connections"."verb_id" = $1[0m  [["verb_id", 646]]
11:08:44 web.1  |   [1m[35m (0.3ms)[0m  SELECT COUNT(*) FROM "personal_connections"  WHERE "personal_connections"."verb_id" = $1  [["verb_id", 719]]
11:08:44 web.1  |   [1m[36m (0.3ms)[0m  [1mSELECT COUNT(*) FROM "personal_connections"  WHERE "personal_connections"."verb_id" = $1[0m  [["verb_id", 1402]]
11:08:44 web.1  |   [1m[35m (0.3ms)[0m  SELECT COUNT(*) FROM "personal_connections"  WHERE "personal_connections"."verb_id" = $1  [["verb_id", 48]]
11:08:44 web.1  |   [1m[36m (0.3ms)[0m  [1mSELECT COUNT(*) FROM "personal_connections"  WHERE "personal_connections"."verb_id" = $1[0m  [["verb_id", 1266]]
11:08:44 web.1  |   [1m[35m (0.3ms)[0m  SELECT COUNT(*) FROM "personal_connections"  WHERE "personal_connections"."verb_id" = $1  [["verb_id", 376]]
11:08:44 web.1  |   [1m[36m (0.3ms)[0m  [1mSELECT COUNT(*) FROM "personal_connections"  WHERE "personal_connections"."verb_id" = $1[0m  [["verb_id", 1522]]
11:08:44 web.1  |   [1m[35m (0.3ms)[0m  SELECT COUNT(*) FROM "personal_connections"  WHERE "personal_connections"."verb_id" = $1  [["verb_id", 1150]]
11:08:44 web.1  |   [1m[36m (0.4ms)[0m  [1mSELECT COUNT(*) FROM "personal_connections"  WHERE "personal_connections"."verb_id" = $1[0m  [["verb_id", 356]]
11:08:44 web.1  |   [1m[35m (0.3ms)[0m  SELECT COUNT(*) FROM "personal_connections"  WHERE "personal_connections"."verb_id" = $1  [["verb_id", 762]]
11:08:44 web.1  |   [1m[36m (0.4ms)[0m  [1mSELECT COUNT(*) FROM "personal_connections"  WHERE "personal_connections"."verb_id" = $1[0m  [["verb_id", 1366]]
11:08:44 web.1  |   [1m[35m (2.0ms)[0m  SELECT COUNT(*) FROM "personal_connections"  WHERE "personal_connections"."verb_id" = $1  [["verb_id", 1367]]
11:08:44 web.1  |   [1m[36m (0.3ms)[0m  [1mSELECT COUNT(*) FROM "personal_connections"  WHERE "personal_connections"."verb_id" = $1[0m  [["verb_id", 1270]]
11:08:44 web.1  |   [1m[35m (0.3ms)[0m  SELECT COUNT(*) FROM "personal_connections"  WHERE "personal_connections"."verb_id" = $1  [["verb_id", 1135]]
11:08:44 web.1  |   [1m[36m (1.2ms)[0m  [1mSELECT COUNT(*) FROM "personal_connections"  WHERE "personal_connections"."verb_id" = $1[0m  [["verb_id", 282]]
11:08:44 web.1  |   [1m[35m (0.3ms)[0m  SELECT COUNT(*) FROM "personal_connections"  WHERE "personal_connections"."verb_id" = $1  [["verb_id", 1462]]
11:08:44 web.1  |   [1m[36m (0.3ms)[0m  [1mSELECT COUNT(*) FROM "personal_connections"  WHERE "personal_connections"."verb_id" = $1[0m  [["verb_id", 912]]
11:08:44 web.1  |   [1m[35m (0.3ms)[0m  SELECT COUNT(*) FROM "personal_connections"  WHERE "personal_connections"."verb_id" = $1  [["verb_id", 256]]
11:08:44 web.1  |   [1m[36m (0.3ms)[0m  [1mSELECT COUNT(*) FROM "personal_connections"  WHERE "personal_connections"."verb_id" = $1[0m  [["verb_id", 478]]
11:08:44 web.1  |   [1m[35m (0.4ms)[0m  SELECT COUNT(*) FROM "personal_connections"  WHERE "personal_connections"."verb_id" = $1  [["verb_id", 1441]]
11:08:44 web.1  |   [1m[36m (0.3ms)[0m  [1mSELECT COUNT(*) FROM "personal_connections"  WHERE "personal_connections"."verb_id" = $1[0m  [["verb_id", 1545]]
11:08:44 web.1  |   [1m[35m (0.3ms)[0m  SELECT COUNT(*) FROM "personal_connections"  WHERE "personal_connections"."verb_id" = $1  [["verb_id", 424]]
11:08:44 web.1  |   [1m[36m (0.3ms)[0m  [1mSELECT COUNT(*) FROM "personal_connections"  WHERE "personal_connections"."verb_id" = $1[0m  [["verb_id", 306]]
11:08:44 web.1  |   [1m[35m (0.4ms)[0m  SELECT COUNT(*) FROM "personal_connections"  WHERE "personal_connections"."verb_id" = $1  [["verb_id", 1259]]
11:08:44 web.1  |   [1m[36m (0.3ms)[0m  [1mSELECT COUNT(*) FROM "personal_connections"  WHERE "personal_connections"."verb_id" = $1[0m  [["verb_id", 884]]
11:08:44 web.1  |   [1m[35m (0.3ms)[0m  SELECT COUNT(*) FROM "personal_connections"  WHERE "personal_connections"."verb_id" = $1  [["verb_id", 1025]]
11:08:44 web.1  |   [1m[36m (0.3ms)[0m  [1mSELECT COUNT(*) FROM "personal_connections"  WHERE "personal_connections"."verb_id" = $1[0m  [["verb_id", 378]]
11:08:44 web.1  |   [1m[35m (0.3ms)[0m  SELECT COUNT(*) FROM "personal_connections"  WHERE "personal_connections"."verb_id" = $1  [["verb_id", 165]]
11:08:44 web.1  |   [1m[36m (0.3ms)[0m  [1mSELECT COUNT(*) FROM "personal_connections"  WHERE "personal_connections"."verb_id" = $1[0m  [["verb_id", 1113]]
11:08:44 web.1  |   [1m[35m (1.4ms)[0m  SELECT COUNT(*) FROM "personal_connections"  WHERE "personal_connections"."verb_id" = $1  [["verb_id", 1]]
11:08:44 web.1  |   [1m[36m (0.3ms)[0m  [1mSELECT COUNT(*) FROM "personal_connections"  WHERE "personal_connections"."verb_id" = $1[0m  [["verb_id", 1151]]
11:08:44 web.1  |   [1m[35m (0.3ms)[0m  SELECT COUNT(*) FROM "personal_connections"  WHERE "personal_connections"."verb_id" = $1  [["verb_id", 1426]]
11:08:44 web.1  |   [1m[36m (0.3ms)[0m  [1mSELECT COUNT(*) FROM "personal_connections"  WHERE "personal_connections"."verb_id" = $1[0m  [["verb_id", 1435]]
11:08:44 web.1  |   [1m[35m (0.3ms)[0m  SELECT COUNT(*) FROM "personal_connections"  WHERE "personal_connections"."verb_id" = $1  [["verb_id", 1333]]
11:08:44 web.1  |   [1m[36m (0.9ms)[0m  [1mSELECT COUNT(*) FROM "personal_connections"  WHERE "personal_connections"."verb_id" = $1[0m  [["verb_id", 1383]]
11:08:44 web.1  |   [1m[35m (0.3ms)[0m  SELECT COUNT(*) FROM "personal_connections"  WHERE "personal_connections"."verb_id" = $1  [["verb_id", 1328]]
11:08:44 web.1  |   [1m[36m (0.4ms)[0m  [1mSELECT COUNT(*) FROM "personal_connections"  WHERE "personal_connections"."verb_id" = $1[0m  [["verb_id", 534]]
11:08:44 web.1  |   [1m[35m (0.3ms)[0m  SELECT COUNT(*) FROM "personal_connections"  WHERE "personal_connections"."verb_id" = $1  [["verb_id", 334]]
11:08:44 web.1  |   [1m[36m (0.3ms)[0m  [1mSELECT COUNT(*) FROM "personal_connections"  WHERE "personal_connections"."verb_id" = $1[0m  [["verb_id", 2]]
11:08:44 web.1  |   [1m[35m (0.3ms)[0m  SELECT COUNT(*) FROM "personal_connections"  WHERE "personal_connections"."verb_id" = $1  [["verb_id", 1120]]
11:08:44 web.1  |   [1m[36m (0.3ms)[0m  [1mSELECT COUNT(*) FROM "personal_connections"  WHERE "personal_connections"."verb_id" = $1[0m  [["verb_id", 844]]
11:08:44 web.1  |   [1m[35m (0.3ms)[0m  SELECT COUNT(*) FROM "personal_connections"  WHERE "personal_connections"."verb_id" = $1  [["verb_id", 1210]]
11:08:44 web.1  |   [1m[36m (0.3ms)[0m  [1mSELECT COUNT(*) FROM "personal_connections"  WHERE "personal_connections"."verb_id" = $1[0m  [["verb_id", 1089]]
11:08:44 web.1  |   [1m[35m (0.3ms)[0m  SELECT COUNT(*) FROM "personal_connections"  WHERE "personal_connections"."verb_id" = $1  [["verb_id", 314]]
11:08:44 web.1  |   [1m[36m (0.3ms)[0m  [1mSELECT COUNT(*) FROM "personal_connections"  WHERE "personal_connections"."verb_id" = $1[0m  [["verb_id", 205]]
11:08:44 web.1  |   [1m[35m (0.3ms)[0m  SELECT COUNT(*) FROM "personal_connections"  WHERE "personal_connections"."verb_id" = $1  [["verb_id", 703]]
11:08:44 web.1  |   [1m[36m (0.3ms)[0m  [1mSELECT COUNT(*) FROM "personal_connections"  WHERE "personal_connections"."verb_id" = $1[0m  [["verb_id", 1219]]
11:08:44 web.1  |   [1m[35m (0.3ms)[0m  SELECT COUNT(*) FROM "personal_connections"  WHERE "personal_connections"."verb_id" = $1  [["verb_id", 640]]
11:08:44 web.1  |   [1m[36m (0.3ms)[0m  [1mSELECT COUNT(*) FROM "personal_connections"  WHERE "personal_connections"."verb_id" = $1[0m  [["verb_id", 248]]
11:08:44 web.1  |   [1m[35m (0.3ms)[0m  SELECT COUNT(*) FROM "personal_connections"  WHERE "personal_connections"."verb_id" = $1  [["verb_id", 781]]
11:08:44 web.1  |   [1m[36m (0.3ms)[0m  [1mSELECT COUNT(*) FROM "personal_connections"  WHERE "personal_connections"."verb_id" = $1[0m  [["verb_id", 820]]
11:08:44 web.1  |   [1m[35m (0.3ms)[0m  SELECT COUNT(*) FROM "personal_connections"  WHERE "personal_connections"."verb_id" = $1  [["verb_id", 236]]
11:08:44 web.1  |   [1m[36m (0.3ms)[0m  [1mSELECT COUNT(*) FROM "personal_connections"  WHERE "personal_connections"."verb_id" = $1[0m  [["verb_id", 484]]
11:08:44 web.1  |   [1m[35m (0.3ms)[0m  SELECT COUNT(*) FROM "personal_connections"  WHERE "personal_connections"."verb_id" = $1  [["verb_id", 1238]]
11:08:44 web.1  |   [1m[36m (0.4ms)[0m  [1mSELECT COUNT(*) FROM "personal_connections"  WHERE "personal_connections"."verb_id" = $1[0m  [["verb_id", 1337]]
11:08:44 web.1  |   [1m[35m (0.3ms)[0m  SELECT COUNT(*) FROM "personal_connections"  WHERE "personal_connections"."verb_id" = $1  [["verb_id", 1365]]
11:08:44 web.1  |   [1m[36m (0.4ms)[0m  [1mSELECT COUNT(*) FROM "personal_connections"  WHERE "personal_connections"."verb_id" = $1[0m  [["verb_id", 1417]]
11:08:44 web.1  |   [1m[35m (0.3ms)[0m  SELECT COUNT(*) FROM "personal_connections"  WHERE "personal_connections"."verb_id" = $1  [["verb_id", 432]]
11:08:44 web.1  |   [1m[36m (0.3ms)[0m  [1mSELECT COUNT(*) FROM "personal_connections"  WHERE "personal_connections"."verb_id" = $1[0m  [["verb_id", 697]]
11:08:44 web.1  |   [1m[35m (0.6ms)[0m  SELECT COUNT(*) FROM "personal_connections"  WHERE "personal_connections"."verb_id" = $1  [["verb_id", 228]]
11:08:44 web.1  |   [1m[36m (0.3ms)[0m  [1mSELECT COUNT(*) FROM "personal_connections"  WHERE "personal_connections"."verb_id" = $1[0m  [["verb_id", 1530]]
11:08:44 web.1  |   [1m[35m (0.3ms)[0m  SELECT COUNT(*) FROM "personal_connections"  WHERE "personal_connections"."verb_id" = $1  [["verb_id", 1438]]
11:08:44 web.1  |   [1m[36m (0.4ms)[0m  [1mSELECT COUNT(*) FROM "personal_connections"  WHERE "personal_connections"."verb_id" = $1[0m  [["verb_id", 61]]
11:08:44 web.1  |   [1m[35m (0.3ms)[0m  SELECT COUNT(*) FROM "personal_connections"  WHERE "personal_connections"."verb_id" = $1  [["verb_id", 16]]
11:08:44 web.1  |   [1m[36m (0.3ms)[0m  [1mSELECT COUNT(*) FROM "personal_connections"  WHERE "personal_connections"."verb_id" = $1[0m  [["verb_id", 747]]
11:08:44 web.1  |   [1m[35m (0.3ms)[0m  SELECT COUNT(*) FROM "personal_connections"  WHERE "personal_connections"."verb_id" = $1  [["verb_id", 958]]
11:08:44 web.1  |   [1m[36m (0.3ms)[0m  [1mSELECT COUNT(*) FROM "personal_connections"  WHERE "personal_connections"."verb_id" = $1[0m  [["verb_id", 544]]
11:08:44 web.1  |   [1m[35m (0.4ms)[0m  SELECT COUNT(*) FROM "personal_connections"  WHERE "personal_connections"."verb_id" = $1  [["verb_id", 1009]]
11:08:44 web.1  |   [1m[36m (0.3ms)[0m  [1mSELECT COUNT(*) FROM "personal_connections"  WHERE "personal_connections"."verb_id" = $1[0m  [["verb_id", 1040]]
11:08:44 web.1  |   [1m[35m (0.3ms)[0m  SELECT COUNT(*) FROM "personal_connections"  WHERE "personal_connections"."verb_id" = $1  [["verb_id", 296]]
11:08:44 web.1  |   [1m[36m (0.3ms)[0m  [1mSELECT COUNT(*) FROM "personal_connections"  WHERE "personal_connections"."verb_id" = $1[0m  [["verb_id", 696]]
11:08:44 web.1  |   [1m[35m (0.3ms)[0m  SELECT COUNT(*) FROM "personal_connections"  WHERE "personal_connections"."verb_id" = $1  [["verb_id", 1103]]
11:08:44 web.1  |   [1m[36m (0.3ms)[0m  [1mSELECT COUNT(*) FROM "personal_connections"  WHERE "personal_connections"."verb_id" = $1[0m  [["verb_id", 757]]
11:08:44 web.1  |   [1m[35m (0.3ms)[0m  SELECT COUNT(*) FROM "personal_connections"  WHERE "personal_connections"."verb_id" = $1  [["verb_id", 488]]
11:08:44 web.1  |   [1m[36m (0.3ms)[0m  [1mSELECT COUNT(*) FROM "personal_connections"  WHERE "personal_connections"."verb_id" = $1[0m  [["verb_id", 840]]
11:08:44 web.1  |   [1m[35m (0.4ms)[0m  SELECT COUNT(*) FROM "personal_connections"  WHERE "personal_connections"."verb_id" = $1  [["verb_id", 817]]
11:08:44 web.1  |   [1m[36m (0.4ms)[0m  [1mSELECT COUNT(*) FROM "personal_connections"  WHERE "personal_connections"."verb_id" = $1[0m  [["verb_id", 1565]]
11:08:44 web.1  |   [1m[35m (0.3ms)[0m  SELECT COUNT(*) FROM "personal_connections"  WHERE "personal_connections"."verb_id" = $1  [["verb_id", 1173]]
11:08:44 web.1  |   [1m[36m (0.3ms)[0m  [1mSELECT COUNT(*) FROM "personal_connections"  WHERE "personal_connections"."verb_id" = $1[0m  [["verb_id", 1564]]
11:08:44 web.1  |   [1m[35m (0.3ms)[0m  SELECT COUNT(*) FROM "personal_connections"  WHERE "personal_connections"."verb_id" = $1  [["verb_id", 1095]]
11:08:44 web.1  |   [1m[36m (0.3ms)[0m  [1mSELECT COUNT(*) FROM "personal_connections"  WHERE "personal_connections"."verb_id" = $1[0m  [["verb_id", 739]]
11:08:44 web.1  |   [1m[35m (0.3ms)[0m  SELECT COUNT(*) FROM "personal_connections"  WHERE "personal_connections"."verb_id" = $1  [["verb_id", 1310]]
11:08:44 web.1  |   [1m[36m (0.7ms)[0m  [1mSELECT COUNT(*) FROM "personal_connections"  WHERE "personal_connections"."verb_id" = $1[0m  [["verb_id", 738]]
11:08:44 web.1  |   [1m[35m (0.4ms)[0m  SELECT COUNT(*) FROM "personal_connections"  WHERE "personal_connections"."verb_id" = $1  [["verb_id", 1139]]
11:08:45 web.1  |   [1m[36m (0.3ms)[0m  [1mSELECT COUNT(*) FROM "personal_connections"  WHERE "personal_connections"."verb_id" = $1[0m  [["verb_id", 728]]
11:08:45 web.1  |   [1m[35m (0.5ms)[0m  SELECT COUNT(*) FROM "personal_connections"  WHERE "personal_connections"."verb_id" = $1  [["verb_id", 1138]]
11:08:45 web.1  |   [1m[36m (0.4ms)[0m  [1mSELECT COUNT(*) FROM "personal_connections"  WHERE "personal_connections"."verb_id" = $1[0m  [["verb_id", 727]]
11:08:45 web.1  |   [1m[35m (0.3ms)[0m  SELECT COUNT(*) FROM "personal_connections"  WHERE "personal_connections"."verb_id" = $1  [["verb_id", 868]]
11:08:45 web.1  |   [1m[36m (0.3ms)[0m  [1mSELECT COUNT(*) FROM "personal_connections"  WHERE "personal_connections"."verb_id" = $1[0m  [["verb_id", 1063]]
11:08:45 web.1  |   [1m[35m (3.3ms)[0m  SELECT COUNT(*) FROM "personal_connections"  WHERE "personal_connections"."verb_id" = $1  [["verb_id", 973]]
11:08:45 web.1  |   [1m[36m (0.3ms)[0m  [1mSELECT COUNT(*) FROM "personal_connections"  WHERE "personal_connections"."verb_id" = $1[0m  [["verb_id", 872]]
11:08:45 web.1  |   [1m[35m (0.3ms)[0m  SELECT COUNT(*) FROM "personal_connections"  WHERE "personal_connections"."verb_id" = $1  [["verb_id", 161]]
11:08:45 web.1  |   [1m[36m (0.5ms)[0m  [1mSELECT COUNT(*) FROM "personal_connections"  WHERE "personal_connections"."verb_id" = $1[0m  [["verb_id", 482]]
11:08:45 web.1  |   [1m[35m (0.3ms)[0m  SELECT COUNT(*) FROM "personal_connections"  WHERE "personal_connections"."verb_id" = $1  [["verb_id", 416]]
11:08:45 web.1  |   [1m[36m (0.3ms)[0m  [1mSELECT COUNT(*) FROM "personal_connections"  WHERE "personal_connections"."verb_id" = $1[0m  [["verb_id", 877]]
11:08:45 web.1  |   [1m[35m (0.3ms)[0m  SELECT COUNT(*) FROM "personal_connections"  WHERE "personal_connections"."verb_id" = $1  [["verb_id", 1460]]
11:08:45 web.1  |   [1m[36m (0.3ms)[0m  [1mSELECT COUNT(*) FROM "personal_connections"  WHERE "personal_connections"."verb_id" = $1[0m  [["verb_id", 510]]
11:08:45 web.1  |   [1m[35m (1.6ms)[0m  SELECT COUNT(*) FROM "personal_connections"  WHERE "personal_connections"."verb_id" = $1  [["verb_id", 779]]
11:08:45 web.1  |   [1m[36m (0.3ms)[0m  [1mSELECT COUNT(*) FROM "personal_connections"  WHERE "personal_connections"."verb_id" = $1[0m  [["verb_id", 594]]
11:08:45 web.1  |   [1m[35m (0.4ms)[0m  SELECT COUNT(*) FROM "personal_connections"  WHERE "personal_connections"."verb_id" = $1  [["verb_id", 717]]
11:08:45 web.1  |   [1m[36m (0.3ms)[0m  [1mSELECT COUNT(*) FROM "personal_connections"  WHERE "personal_connections"."verb_id" = $1[0m  [["verb_id", 718]]
11:08:45 web.1  |   [1m[35m (0.3ms)[0m  SELECT COUNT(*) FROM "personal_connections"  WHERE "personal_connections"."verb_id" = $1  [["verb_id", 1059]]
11:08:45 web.1  |   [1m[36m (0.3ms)[0m  [1mSELECT COUNT(*) FROM "personal_connections"  WHERE "personal_connections"."verb_id" = $1[0m  [["verb_id", 1057]]
11:08:45 web.1  |   [1m[35m (0.4ms)[0m  SELECT COUNT(*) FROM "personal_connections"  WHERE "personal_connections"."verb_id" = $1  [["verb_id", 1058]]
11:08:45 web.1  |   [1m[36m (0.3ms)[0m  [1mSELECT COUNT(*) FROM "personal_connections"  WHERE "personal_connections"."verb_id" = $1[0m  [["verb_id", 1060]]
11:08:45 web.1  |   [1m[35m (0.3ms)[0m  SELECT COUNT(*) FROM "personal_connections"  WHERE "personal_connections"."verb_id" = $1  [["verb_id", 1055]]
11:08:45 web.1  |   [1m[36m (0.3ms)[0m  [1mSELECT COUNT(*) FROM "personal_connections"  WHERE "personal_connections"."verb_id" = $1[0m  [["verb_id", 1056]]
11:08:45 web.1  |   [1m[35m (0.3ms)[0m  SELECT COUNT(*) FROM "personal_connections"  WHERE "personal_connections"."verb_id" = $1  [["verb_id", 1061]]
11:08:45 web.1  |   [1m[36m (0.3ms)[0m  [1mSELECT COUNT(*) FROM "personal_connections"  WHERE "personal_connections"."verb_id" = $1[0m  [["verb_id", 12]]
11:08:45 web.1  |   [1m[35m (0.3ms)[0m  SELECT COUNT(*) FROM "personal_connections"  WHERE "personal_connections"."verb_id" = $1  [["verb_id", 1412]]
11:08:45 web.1  |   [1m[36m (0.4ms)[0m  [1mSELECT COUNT(*) FROM "personal_connections"  WHERE "personal_connections"."verb_id" = $1[0m  [["verb_id", 1505]]
11:08:45 web.1  |   [1m[35m (0.3ms)[0m  SELECT COUNT(*) FROM "personal_connections"  WHERE "personal_connections"."verb_id" = $1  [["verb_id", 1096]]
11:08:45 web.1  |   [1m[36m (0.3ms)[0m  [1mSELECT COUNT(*) FROM "personal_connections"  WHERE "personal_connections"."verb_id" = $1[0m  [["verb_id", 1492]]
11:08:45 web.1  |   [1m[35m (0.3ms)[0m  SELECT COUNT(*) FROM "personal_connections"  WHERE "personal_connections"."verb_id" = $1  [["verb_id", 105]]
11:08:45 web.1  |   [1m[36m (0.4ms)[0m  [1mSELECT COUNT(*) FROM "personal_connections"  WHERE "personal_connections"."verb_id" = $1[0m  [["verb_id", 1293]]
11:08:45 web.1  |   [1m[35m (0.3ms)[0m  SELECT COUNT(*) FROM "personal_connections"  WHERE "personal_connections"."verb_id" = $1  [["verb_id", 1020]]
11:08:45 web.1  |   [1m[36m (1.0ms)[0m  [1mSELECT COUNT(*) FROM "personal_connections"  WHERE "personal_connections"."verb_id" = $1[0m  [["verb_id", 1351]]
11:08:45 web.1  |   [1m[35m (0.3ms)[0m  SELECT COUNT(*) FROM "personal_connections"  WHERE "personal_connections"."verb_id" = $1  [["verb_id", 737]]
11:08:45 web.1  |   [1m[36m (0.4ms)[0m  [1mSELECT COUNT(*) FROM "personal_connections"  WHERE "personal_connections"."verb_id" = $1[0m  [["verb_id", 11]]
11:08:45 web.1  |   [1m[35m (0.3ms)[0m  SELECT COUNT(*) FROM "personal_connections"  WHERE "personal_connections"."verb_id" = $1  [["verb_id", 742]]
11:08:45 web.1  |   [1m[36m (0.3ms)[0m  [1mSELECT COUNT(*) FROM "personal_connections"  WHERE "personal_connections"."verb_id" = $1[0m  [["verb_id", 414]]
11:08:45 web.1  |   [1m[35m (0.3ms)[0m  SELECT COUNT(*) FROM "personal_connections"  WHERE "personal_connections"."verb_id" = $1  [["verb_id", 753]]
11:08:45 web.1  |   [1m[36m (0.3ms)[0m  [1mSELECT COUNT(*) FROM "personal_connections"  WHERE "personal_connections"."verb_id" = $1[0m  [["verb_id", 849]]
11:08:45 web.1  |   [1m[35m (0.3ms)[0m  SELECT COUNT(*) FROM "personal_connections"  WHERE "personal_connections"."verb_id" = $1  [["verb_id", 714]]
11:08:45 web.1  |   [1m[36m (0.3ms)[0m  [1mSELECT COUNT(*) FROM "personal_connections"  WHERE "personal_connections"."verb_id" = $1[0m  [["verb_id", 711]]
11:08:45 web.1  |   [1m[35m (0.3ms)[0m  SELECT COUNT(*) FROM "personal_connections"  WHERE "personal_connections"."verb_id" = $1  [["verb_id", 1472]]
11:08:45 web.1  |   [1m[36m (0.4ms)[0m  [1mSELECT COUNT(*) FROM "personal_connections"  WHERE "personal_connections"."verb_id" = $1[0m  [["verb_id", 1514]]
11:08:45 web.1  |   [1m[35m (0.3ms)[0m  SELECT COUNT(*) FROM "personal_connections"  WHERE "personal_connections"."verb_id" = $1  [["verb_id", 1470]]
11:08:45 web.1  |   [1m[36m (0.3ms)[0m  [1mSELECT COUNT(*) FROM "personal_connections"  WHERE "personal_connections"."verb_id" = $1[0m  [["verb_id", 1034]]
11:08:45 web.1  |   [1m[35m (0.3ms)[0m  SELECT COUNT(*) FROM "personal_connections"  WHERE "personal_connections"."verb_id" = $1  [["verb_id", 991]]
11:08:45 web.1  |   [1m[36m (0.4ms)[0m  [1mSELECT COUNT(*) FROM "personal_connections"  WHERE "personal_connections"."verb_id" = $1[0m  [["verb_id", 957]]
11:08:45 web.1  |   [1m[35m (0.6ms)[0m  SELECT COUNT(*) FROM "personal_connections"  WHERE "personal_connections"."verb_id" = $1  [["verb_id", 254]]
11:08:45 web.1  |   [1m[36m (0.3ms)[0m  [1mSELECT COUNT(*) FROM "personal_connections"  WHERE "personal_connections"."verb_id" = $1[0m  [["verb_id", 990]]
11:08:45 web.1  |   [1m[35m (0.7ms)[0m  SELECT COUNT(*) FROM "personal_connections"  WHERE "personal_connections"."verb_id" = $1  [["verb_id", 586]]
11:08:45 web.1  |   [1m[36m (0.3ms)[0m  [1mSELECT COUNT(*) FROM "personal_connections"  WHERE "personal_connections"."verb_id" = $1[0m  [["verb_id", 1471]]
11:08:45 web.1  |   [1m[35m (0.3ms)[0m  SELECT COUNT(*) FROM "personal_connections"  WHERE "personal_connections"."verb_id" = $1  [["verb_id", 698]]
11:08:45 web.1  |   [1m[36m (0.3ms)[0m  [1mSELECT COUNT(*) FROM "personal_connections"  WHERE "personal_connections"."verb_id" = $1[0m  [["verb_id", 1006]]
11:08:45 web.1  |   [1m[35m (0.3ms)[0m  SELECT COUNT(*) FROM "personal_connections"  WHERE "personal_connections"."verb_id" = $1  [["verb_id", 843]]
11:08:45 web.1  |   [1m[36m (0.3ms)[0m  [1mSELECT COUNT(*) FROM "personal_connections"  WHERE "personal_connections"."verb_id" = $1[0m  [["verb_id", 1128]]
11:08:45 web.1  |   [1m[35m (0.3ms)[0m  SELECT COUNT(*) FROM "personal_connections"  WHERE "personal_connections"."verb_id" = $1  [["verb_id", 588]]
11:08:45 web.1  |   [1m[36m (0.3ms)[0m  [1mSELECT COUNT(*) FROM "personal_connections"  WHERE "personal_connections"."verb_id" = $1[0m  [["verb_id", 1110]]
11:08:45 web.1  |   [1m[35m (0.3ms)[0m  SELECT COUNT(*) FROM "personal_connections"  WHERE "personal_connections"."verb_id" = $1  [["verb_id", 1306]]
11:08:45 web.1  |   [1m[36m (0.3ms)[0m  [1mSELECT COUNT(*) FROM "personal_connections"  WHERE "personal_connections"."verb_id" = $1[0m  [["verb_id", 1450]]
11:08:45 web.1  |   [1m[35m (0.3ms)[0m  SELECT COUNT(*) FROM "personal_connections"  WHERE "personal_connections"."verb_id" = $1  [["verb_id", 669]]
11:08:45 web.1  |   [1m[36m (0.3ms)[0m  [1mSELECT COUNT(*) FROM "personal_connections"  WHERE "personal_connections"."verb_id" = $1[0m  [["verb_id", 1251]]
11:08:45 web.1  |   [1m[35m (0.3ms)[0m  SELECT COUNT(*) FROM "personal_connections"  WHERE "personal_connections"."verb_id" = $1  [["verb_id", 1175]]
11:08:45 web.1  |   [1m[36m (0.3ms)[0m  [1mSELECT COUNT(*) FROM "personal_connections"  WHERE "personal_connections"."verb_id" = $1[0m  [["verb_id", 1174]]
11:08:45 web.1  |   [1m[35m (0.4ms)[0m  SELECT COUNT(*) FROM "personal_connections"  WHERE "personal_connections"."verb_id" = $1  [["verb_id", 1433]]
11:08:45 web.1  |   [1m[36m (0.4ms)[0m  [1mSELECT COUNT(*) FROM "personal_connections"  WHERE "personal_connections"."verb_id" = $1[0m  [["verb_id", 137]]
11:08:45 web.1  |   [1m[35m (0.3ms)[0m  SELECT COUNT(*) FROM "personal_connections"  WHERE "personal_connections"."verb_id" = $1  [["verb_id", 722]]
11:08:45 web.1  |   [1m[36m (0.4ms)[0m  [1mSELECT COUNT(*) FROM "personal_connections"  WHERE "personal_connections"."verb_id" = $1[0m  [["verb_id", 975]]
11:08:45 web.1  |   [1m[35m (0.3ms)[0m  SELECT COUNT(*) FROM "personal_connections"  WHERE "personal_connections"."verb_id" = $1  [["verb_id", 873]]
11:08:45 web.1  |   [1m[36m (0.3ms)[0m  [1mSELECT COUNT(*) FROM "personal_connections"  WHERE "personal_connections"."verb_id" = $1[0m  [["verb_id", 536]]
11:08:45 web.1  |   [1m[35m (0.3ms)[0m  SELECT COUNT(*) FROM "personal_connections"  WHERE "personal_connections"."verb_id" = $1  [["verb_id", 1499]]
11:08:45 web.1  |   [1m[36m (0.3ms)[0m  [1mSELECT COUNT(*) FROM "personal_connections"  WHERE "personal_connections"."verb_id" = $1[0m  [["verb_id", 859]]
11:08:45 web.1  |   [1m[35m (0.6ms)[0m  SELECT COUNT(*) FROM "personal_connections"  WHERE "personal_connections"."verb_id" = $1  [["verb_id", 721]]
11:08:45 web.1  |   [1m[36m (0.4ms)[0m  [1mSELECT COUNT(*) FROM "personal_connections"  WHERE "personal_connections"."verb_id" = $1[0m  [["verb_id", 706]]
11:08:45 web.1  |   [1m[35m (0.3ms)[0m  SELECT COUNT(*) FROM "personal_connections"  WHERE "personal_connections"."verb_id" = $1  [["verb_id", 729]]
11:08:45 web.1  |   [1m[36m (0.3ms)[0m  [1mSELECT COUNT(*) FROM "personal_connections"  WHERE "personal_connections"."verb_id" = $1[0m  [["verb_id", 1536]]
11:08:45 web.1  |   [1m[35m (0.3ms)[0m  SELECT COUNT(*) FROM "personal_connections"  WHERE "personal_connections"."verb_id" = $1  [["verb_id", 514]]
11:08:45 web.1  |   [1m[36m (1.0ms)[0m  [1mSELECT COUNT(*) FROM "personal_connections"  WHERE "personal_connections"."verb_id" = $1[0m  [["verb_id", 1133]]
11:08:45 web.1  |   [1m[35m (0.3ms)[0m  SELECT COUNT(*) FROM "personal_connections"  WHERE "personal_connections"."verb_id" = $1  [["verb_id", 1177]]
11:08:45 web.1  |   [1m[36m (0.4ms)[0m  [1mSELECT COUNT(*) FROM "personal_connections"  WHERE "personal_connections"."verb_id" = $1[0m  [["verb_id", 1329]]
11:08:45 web.1  |   [1m[35m (0.7ms)[0m  SELECT COUNT(*) FROM "personal_connections"  WHERE "personal_connections"."verb_id" = $1  [["verb_id", 745]]
11:08:45 web.1  |   [1m[36m (0.4ms)[0m  [1mSELECT COUNT(*) FROM "personal_connections"  WHERE "personal_connections"."verb_id" = $1[0m  [["verb_id", 454]]
11:08:45 web.1  |   [1m[35m (0.3ms)[0m  SELECT COUNT(*) FROM "personal_connections"  WHERE "personal_connections"."verb_id" = $1  [["verb_id", 592]]
11:08:45 web.1  |   [1m[36m (0.4ms)[0m  [1mSELECT COUNT(*) FROM "personal_connections"  WHERE "personal_connections"."verb_id" = $1[0m  [["verb_id", 1130]]
11:08:45 web.1  |   [1m[35m (0.7ms)[0m  SELECT COUNT(*) FROM "personal_connections"  WHERE "personal_connections"."verb_id" = $1  [["verb_id", 70]]
11:08:45 web.1  |   [1m[36m (0.4ms)[0m  [1mSELECT COUNT(*) FROM "personal_connections"  WHERE "personal_connections"."verb_id" = $1[0m  [["verb_id", 1374]]
11:08:45 web.1  |   [1m[35m (0.4ms)[0m  SELECT COUNT(*) FROM "personal_connections"  WHERE "personal_connections"."verb_id" = $1  [["verb_id", 1373]]
11:08:45 web.1  |   [1m[36m (0.3ms)[0m  [1mSELECT COUNT(*) FROM "personal_connections"  WHERE "personal_connections"."verb_id" = $1[0m  [["verb_id", 1437]]
11:08:45 web.1  |   [1m[35m (0.3ms)[0m  SELECT COUNT(*) FROM "personal_connections"  WHERE "personal_connections"."verb_id" = $1  [["verb_id", 1046]]
11:08:45 web.1  |   [1m[36m (0.3ms)[0m  [1mSELECT COUNT(*) FROM "personal_connections"  WHERE "personal_connections"."verb_id" = $1[0m  [["verb_id", 852]]
11:08:45 web.1  |   [1m[35m (11.6ms)[0m  SELECT COUNT(*) FROM "personal_connections"  WHERE "personal_connections"."verb_id" = $1  [["verb_id", 1550]]
11:08:45 web.1  |   [1m[36m (0.4ms)[0m  [1mSELECT COUNT(*) FROM "personal_connections"  WHERE "personal_connections"."verb_id" = $1[0m  [["verb_id", 23]]
11:08:45 web.1  |   [1m[35m (0.4ms)[0m  SELECT COUNT(*) FROM "personal_connections"  WHERE "personal_connections"."verb_id" = $1  [["verb_id", 412]]
11:08:45 web.1  |   [1m[36m (0.3ms)[0m  [1mSELECT COUNT(*) FROM "personal_connections"  WHERE "personal_connections"."verb_id" = $1[0m  [["verb_id", 1071]]
11:08:45 web.1  |   [1m[35m (0.4ms)[0m  SELECT COUNT(*) FROM "personal_connections"  WHERE "personal_connections"."verb_id" = $1  [["verb_id", 1180]]
11:08:45 web.1  |   [1m[36m (0.3ms)[0m  [1mSELECT COUNT(*) FROM "personal_connections"  WHERE "personal_connections"."verb_id" = $1[0m  [["verb_id", 1544]]
11:08:45 web.1  |   [1m[35m (0.3ms)[0m  SELECT COUNT(*) FROM "personal_connections"  WHERE "personal_connections"."verb_id" = $1  [["verb_id", 1331]]
11:08:45 web.1  |   [1m[36m (0.3ms)[0m  [1mSELECT COUNT(*) FROM "personal_connections"  WHERE "personal_connections"."verb_id" = $1[0m  [["verb_id", 346]]
11:08:45 web.1  |   [1m[35m (0.4ms)[0m  SELECT COUNT(*) FROM "personal_connections"  WHERE "personal_connections"."verb_id" = $1  [["verb_id", 348]]
11:08:45 web.1  |   [1m[36m (0.3ms)[0m  [1mSELECT COUNT(*) FROM "personal_connections"  WHERE "personal_connections"."verb_id" = $1[0m  [["verb_id", 1487]]
11:08:45 web.1  |   [1m[35m (0.3ms)[0m  SELECT COUNT(*) FROM "personal_connections"  WHERE "personal_connections"."verb_id" = $1  [["verb_id", 1523]]
11:08:45 web.1  |   [1m[36m (0.4ms)[0m  [1mSELECT COUNT(*) FROM "personal_connections"  WHERE "personal_connections"."verb_id" = $1[0m  [["verb_id", 1083]]
11:08:45 web.1  |   [1m[35m (0.3ms)[0m  SELECT COUNT(*) FROM "personal_connections"  WHERE "personal_connections"."verb_id" = $1  [["verb_id", 14]]
11:08:45 web.1  |   [1m[36m (0.4ms)[0m  [1mSELECT COUNT(*) FROM "personal_connections"  WHERE "personal_connections"."verb_id" = $1[0m  [["verb_id", 1301]]
11:08:45 web.1  |   [1m[35m (0.4ms)[0m  SELECT COUNT(*) FROM "personal_connections"  WHERE "personal_connections"."verb_id" = $1  [["verb_id", 246]]
11:08:45 web.1  |   [1m[36m (0.3ms)[0m  [1mSELECT COUNT(*) FROM "personal_connections"  WHERE "personal_connections"."verb_id" = $1[0m  [["verb_id", 709]]
11:08:45 web.1  |   [1m[35m (0.3ms)[0m  SELECT COUNT(*) FROM "personal_connections"  WHERE "personal_connections"."verb_id" = $1  [["verb_id", 862]]
11:08:45 web.1  |   [1m[36m (0.3ms)[0m  [1mSELECT COUNT(*) FROM "personal_connections"  WHERE "personal_connections"."verb_id" = $1[0m  [["verb_id", 276]]
11:08:45 web.1  |   [1m[35m (0.3ms)[0m  SELECT COUNT(*) FROM "personal_connections"  WHERE "personal_connections"."verb_id" = $1  [["verb_id", 949]]
11:08:45 web.1  |   [1m[36m (0.4ms)[0m  [1mSELECT COUNT(*) FROM "personal_connections"  WHERE "personal_connections"."verb_id" = $1[0m  [["verb_id", 193]]
11:08:45 web.1  |   [1m[35m (0.3ms)[0m  SELECT COUNT(*) FROM "personal_connections"  WHERE "personal_connections"."verb_id" = $1  [["verb_id", 1248]]
11:08:45 web.1  |   [1m[36m (0.4ms)[0m  [1mSELECT COUNT(*) FROM "personal_connections"  WHERE "personal_connections"."verb_id" = $1[0m  [["verb_id", 734]]
11:08:45 web.1  |   [1m[35m (0.3ms)[0m  SELECT COUNT(*) FROM "personal_connections"  WHERE "personal_connections"."verb_id" = $1  [["verb_id", 913]]
11:08:45 web.1  |   [1m[36m (0.3ms)[0m  [1mSELECT COUNT(*) FROM "personal_connections"  WHERE "personal_connections"."verb_id" = $1[0m  [["verb_id", 1571]]
11:08:45 web.1  |   [1m[35m (0.3ms)[0m  SELECT COUNT(*) FROM "personal_connections"  WHERE "personal_connections"."verb_id" = $1  [["verb_id", 700]]
11:08:45 web.1  |   [1m[36m (0.3ms)[0m  [1mSELECT COUNT(*) FROM "personal_connections"  WHERE "personal_connections"."verb_id" = $1[0m  [["verb_id", 950]]
11:08:45 web.1  |   [1m[35m (0.5ms)[0m  SELECT COUNT(*) FROM "personal_connections"  WHERE "personal_connections"."verb_id" = $1  [["verb_id", 1398]]
11:08:45 web.1  |   [1m[36m (0.4ms)[0m  [1mSELECT COUNT(*) FROM "personal_connections"  WHERE "personal_connections"."verb_id" = $1[0m  [["verb_id", 472]]
11:08:45 web.1  |   [1m[35m (0.3ms)[0m  SELECT COUNT(*) FROM "personal_connections"  WHERE "personal_connections"."verb_id" = $1  [["verb_id", 1519]]
11:08:45 web.1  |   [1m[36m (0.3ms)[0m  [1mSELECT COUNT(*) FROM "personal_connections"  WHERE "personal_connections"."verb_id" = $1[0m  [["verb_id", 699]]
11:08:45 web.1  |   [1m[35m (0.3ms)[0m  SELECT COUNT(*) FROM "personal_connections"  WHERE "personal_connections"."verb_id" = $1  [["verb_id", 976]]
11:08:45 web.1  |   [1m[36m (0.3ms)[0m  [1mSELECT COUNT(*) FROM "personal_connections"  WHERE "personal_connections"."verb_id" = $1[0m  [["verb_id", 1207]]
11:08:45 web.1  |   [1m[35m (0.4ms)[0m  SELECT COUNT(*) FROM "personal_connections"  WHERE "personal_connections"."verb_id" = $1  [["verb_id", 1291]]
11:08:45 web.1  |   [1m[36m (0.3ms)[0m  [1mSELECT COUNT(*) FROM "personal_connections"  WHERE "personal_connections"."verb_id" = $1[0m  [["verb_id", 863]]
11:08:45 web.1  |   [1m[35m (0.3ms)[0m  SELECT COUNT(*) FROM "personal_connections"  WHERE "personal_connections"."verb_id" = $1  [["verb_id", 1368]]
11:08:45 web.1  |   [1m[36m (0.3ms)[0m  [1mSELECT COUNT(*) FROM "personal_connections"  WHERE "personal_connections"."verb_id" = $1[0m  [["verb_id", 516]]
11:08:45 web.1  |   [1m[35m (0.4ms)[0m  SELECT COUNT(*) FROM "personal_connections"  WHERE "personal_connections"."verb_id" = $1  [["verb_id", 969]]
11:08:45 web.1  |   [1m[36m (0.4ms)[0m  [1mSELECT COUNT(*) FROM "personal_connections"  WHERE "personal_connections"."verb_id" = $1[0m  [["verb_id", 883]]
11:08:45 web.1  |   [1m[35m (0.4ms)[0m  SELECT COUNT(*) FROM "personal_connections"  WHERE "personal_connections"."verb_id" = $1  [["verb_id", 1168]]
11:08:45 web.1  |   [1m[36m (0.3ms)[0m  [1mSELECT COUNT(*) FROM "personal_connections"  WHERE "personal_connections"."verb_id" = $1[0m  [["verb_id", 782]]
11:08:45 web.1  |   [1m[35m (0.3ms)[0m  SELECT COUNT(*) FROM "personal_connections"  WHERE "personal_connections"."verb_id" = $1  [["verb_id", 1588]]
11:08:45 web.1  |   [1m[36m (0.3ms)[0m  [1mSELECT COUNT(*) FROM "personal_connections"  WHERE "personal_connections"."verb_id" = $1[0m  [["verb_id", 740]]
11:08:45 web.1  |   [1m[35m (0.3ms)[0m  SELECT COUNT(*) FROM "personal_connections"  WHERE "personal_connections"."verb_id" = $1  [["verb_id", 1074]]
11:08:45 web.1  |   [1m[36m (0.3ms)[0m  [1mSELECT COUNT(*) FROM "personal_connections"  WHERE "personal_connections"."verb_id" = $1[0m  [["verb_id", 624]]
11:08:45 web.1  |   [1m[35m (0.3ms)[0m  SELECT COUNT(*) FROM "personal_connections"  WHERE "personal_connections"."verb_id" = $1  [["verb_id", 989]]
11:08:45 web.1  |   [1m[36m (0.3ms)[0m  [1mSELECT COUNT(*) FROM "personal_connections"  WHERE "personal_connections"."verb_id" = $1[0m  [["verb_id", 1548]]
11:08:45 web.1  |   [1m[35m (0.3ms)[0m  SELECT COUNT(*) FROM "personal_connections"  WHERE "personal_connections"."verb_id" = $1  [["verb_id", 44]]
11:08:46 web.1  |   [1m[36m (0.3ms)[0m  [1mSELECT COUNT(*) FROM "personal_connections"  WHERE "personal_connections"."verb_id" = $1[0m  [["verb_id", 1260]]
11:08:46 web.1  |   [1m[35m (0.3ms)[0m  SELECT COUNT(*) FROM "personal_connections"  WHERE "personal_connections"."verb_id" = $1  [["verb_id", 1358]]
11:08:46 web.1  |   [1m[36m (0.3ms)[0m  [1mSELECT COUNT(*) FROM "personal_connections"  WHERE "personal_connections"."verb_id" = $1[0m  [["verb_id", 1021]]
11:08:46 web.1  |   [1m[35m (0.3ms)[0m  SELECT COUNT(*) FROM "personal_connections"  WHERE "personal_connections"."verb_id" = $1  [["verb_id", 268]]
11:08:46 web.1  |   [1m[36m (0.3ms)[0m  [1mSELECT COUNT(*) FROM "personal_connections"  WHERE "personal_connections"."verb_id" = $1[0m  [["verb_id", 983]]
11:08:46 web.1  |   [1m[35m (0.3ms)[0m  SELECT COUNT(*) FROM "personal_connections"  WHERE "personal_connections"."verb_id" = $1  [["verb_id", 796]]
11:08:46 web.1  |   [1m[36m (0.3ms)[0m  [1mSELECT COUNT(*) FROM "personal_connections"  WHERE "personal_connections"."verb_id" = $1[0m  [["verb_id", 1401]]
11:08:46 web.1  |   [1m[35m (0.3ms)[0m  SELECT COUNT(*) FROM "personal_connections"  WHERE "personal_connections"."verb_id" = $1  [["verb_id", 1203]]
11:08:46 web.1  |   [1m[36m (0.3ms)[0m  [1mSELECT COUNT(*) FROM "personal_connections"  WHERE "personal_connections"."verb_id" = $1[0m  [["verb_id", 774]]
11:08:46 web.1  |   [1m[35m (0.3ms)[0m  SELECT COUNT(*) FROM "personal_connections"  WHERE "personal_connections"."verb_id" = $1  [["verb_id", 1011]]
11:08:46 web.1  |   [1m[36m (0.3ms)[0m  [1mSELECT COUNT(*) FROM "personal_connections"  WHERE "personal_connections"."verb_id" = $1[0m  [["verb_id", 712]]
11:08:46 web.1  |   [1m[35m (0.3ms)[0m  SELECT COUNT(*) FROM "personal_connections"  WHERE "personal_connections"."verb_id" = $1  [["verb_id", 328]]
11:08:46 web.1  |   [1m[36m (0.3ms)[0m  [1mSELECT COUNT(*) FROM "personal_connections"  WHERE "personal_connections"."verb_id" = $1[0m  [["verb_id", 733]]
11:08:46 web.1  |   [1m[35m (0.3ms)[0m  SELECT COUNT(*) FROM "personal_connections"  WHERE "personal_connections"."verb_id" = $1  [["verb_id", 1003]]
11:08:46 web.1  |   [1m[36m (0.3ms)[0m  [1mSELECT COUNT(*) FROM "personal_connections"  WHERE "personal_connections"."verb_id" = $1[0m  [["verb_id", 1508]]
11:08:46 web.1  |   [1m[35m (0.4ms)[0m  SELECT COUNT(*) FROM "personal_connections"  WHERE "personal_connections"."verb_id" = $1  [["verb_id", 252]]
11:08:46 web.1  |   [1m[36m (0.3ms)[0m  [1mSELECT COUNT(*) FROM "personal_connections"  WHERE "personal_connections"."verb_id" = $1[0m  [["verb_id", 1127]]
11:08:46 web.1  |   [1m[35m (0.3ms)[0m  SELECT COUNT(*) FROM "personal_connections"  WHERE "personal_connections"."verb_id" = $1  [["verb_id", 1241]]
11:08:46 web.1  |   [1m[36m (0.3ms)[0m  [1mSELECT COUNT(*) FROM "personal_connections"  WHERE "personal_connections"."verb_id" = $1[0m  [["verb_id", 1578]]
11:08:46 web.1  |   [1m[35m (0.3ms)[0m  SELECT COUNT(*) FROM "personal_connections"  WHERE "personal_connections"."verb_id" = $1  [["verb_id", 1452]]
11:08:46 web.1  |   [1m[36m (0.3ms)[0m  [1mSELECT COUNT(*) FROM "personal_connections"  WHERE "personal_connections"."verb_id" = $1[0m  [["verb_id", 1051]]
11:08:46 web.1  |   [1m[35m (0.3ms)[0m  SELECT COUNT(*) FROM "personal_connections"  WHERE "personal_connections"."verb_id" = $1  [["verb_id", 660]]
11:08:46 web.1  |   [1m[36m (0.3ms)[0m  [1mSELECT COUNT(*) FROM "personal_connections"  WHERE "personal_connections"."verb_id" = $1[0m  [["verb_id", 664]]
11:08:46 web.1  |   [1m[35m (0.4ms)[0m  SELECT COUNT(*) FROM "personal_connections"  WHERE "personal_connections"."verb_id" = $1  [["verb_id", 1184]]
11:08:46 web.1  |   [1m[36m (0.4ms)[0m  [1mSELECT COUNT(*) FROM "personal_connections"  WHERE "personal_connections"."verb_id" = $1[0m  [["verb_id", 837]]
11:08:46 web.1  |   [1m[35m (0.3ms)[0m  SELECT COUNT(*) FROM "personal_connections"  WHERE "personal_connections"."verb_id" = $1  [["verb_id", 1244]]
11:08:46 web.1  |   [1m[36m (0.3ms)[0m  [1mSELECT COUNT(*) FROM "personal_connections"  WHERE "personal_connections"."verb_id" = $1[0m  [["verb_id", 1527]]
11:08:46 web.1  |   [1m[35m (0.4ms)[0m  SELECT COUNT(*) FROM "personal_connections"  WHERE "personal_connections"."verb_id" = $1  [["verb_id", 997]]
11:08:46 web.1  |   [1m[36m (0.3ms)[0m  [1mSELECT COUNT(*) FROM "personal_connections"  WHERE "personal_connections"."verb_id" = $1[0m  [["verb_id", 974]]
11:08:46 web.1  |   [1m[35m (0.3ms)[0m  SELECT COUNT(*) FROM "personal_connections"  WHERE "personal_connections"."verb_id" = $1  [["verb_id", 1085]]
11:08:46 web.1  |   [1m[36m (0.3ms)[0m  [1mSELECT COUNT(*) FROM "personal_connections"  WHERE "personal_connections"."verb_id" = $1[0m  [["verb_id", 260]]
11:08:46 web.1  |   [1m[35m (0.3ms)[0m  SELECT COUNT(*) FROM "personal_connections"  WHERE "personal_connections"."verb_id" = $1  [["verb_id", 1078]]
11:08:46 web.1  |   [1m[36m (0.3ms)[0m  [1mSELECT COUNT(*) FROM "personal_connections"  WHERE "personal_connections"."verb_id" = $1[0m  [["verb_id", 1187]]
11:08:46 web.1  |   [1m[35m (0.3ms)[0m  SELECT COUNT(*) FROM "personal_connections"  WHERE "personal_connections"."verb_id" = $1  [["verb_id", 189]]
11:08:46 web.1  |   [1m[36m (0.3ms)[0m  [1mSELECT COUNT(*) FROM "personal_connections"  WHERE "personal_connections"."verb_id" = $1[0m  [["verb_id", 1419]]
11:08:46 web.1  |   [1m[35m (0.5ms)[0m  SELECT COUNT(*) FROM "personal_connections"  WHERE "personal_connections"."verb_id" = $1  [["verb_id", 1511]]
11:08:46 web.1  |   [1m[36m (0.3ms)[0m  [1mSELECT COUNT(*) FROM "personal_connections"  WHERE "personal_connections"."verb_id" = $1[0m  [["verb_id", 875]]
11:08:46 web.1  |   [1m[35m (0.3ms)[0m  SELECT COUNT(*) FROM "personal_connections"  WHERE "personal_connections"."verb_id" = $1  [["verb_id", 616]]
11:08:46 web.1  |   [1m[36m (0.4ms)[0m  [1mSELECT COUNT(*) FROM "personal_connections"  WHERE "personal_connections"."verb_id" = $1[0m  [["verb_id", 1080]]
11:08:46 web.1  |   [1m[35m (0.3ms)[0m  SELECT COUNT(*) FROM "personal_connections"  WHERE "personal_connections"."verb_id" = $1  [["verb_id", 1079]]
11:08:46 web.1  |   [1m[36m (0.3ms)[0m  [1mSELECT COUNT(*) FROM "personal_connections"  WHERE "personal_connections"."verb_id" = $1[0m  [["verb_id", 1395]]
11:08:46 web.1  |   [1m[35m (0.3ms)[0m  SELECT COUNT(*) FROM "personal_connections"  WHERE "personal_connections"."verb_id" = $1  [["verb_id", 1236]]
11:08:46 web.1  |   [1m[36m (0.3ms)[0m  [1mSELECT COUNT(*) FROM "personal_connections"  WHERE "personal_connections"."verb_id" = $1[0m  [["verb_id", 1271]]
11:08:46 web.1  |   [1m[35m (0.3ms)[0m  SELECT COUNT(*) FROM "personal_connections"  WHERE "personal_connections"."verb_id" = $1  [["verb_id", 1344]]
11:08:46 web.1  |   [1m[36m (0.3ms)[0m  [1mSELECT COUNT(*) FROM "personal_connections"  WHERE "personal_connections"."verb_id" = $1[0m  [["verb_id", 891]]
11:08:46 web.1  |   [1m[35m (0.3ms)[0m  SELECT COUNT(*) FROM "personal_connections"  WHERE "personal_connections"."verb_id" = $1  [["verb_id", 770]]
11:08:46 web.1  |   [1m[36m (0.3ms)[0m  [1mSELECT COUNT(*) FROM "personal_connections"  WHERE "personal_connections"."verb_id" = $1[0m  [["verb_id", 1566]]
11:08:46 web.1  |   [1m[35m (0.3ms)[0m  SELECT COUNT(*) FROM "personal_connections"  WHERE "personal_connections"."verb_id" = $1  [["verb_id", 1440]]
11:08:46 web.1  |   [1m[36m (0.3ms)[0m  [1mSELECT COUNT(*) FROM "personal_connections"  WHERE "personal_connections"."verb_id" = $1[0m  [["verb_id", 1014]]
11:08:46 web.1  |   [1m[35m (0.3ms)[0m  SELECT COUNT(*) FROM "personal_connections"  WHERE "personal_connections"."verb_id" = $1  [["verb_id", 788]]
11:08:46 web.1  |   [1m[36m (0.3ms)[0m  [1mSELECT COUNT(*) FROM "personal_connections"  WHERE "personal_connections"."verb_id" = $1[0m  [["verb_id", 1350]]
11:08:46 web.1  |   [1m[35m (0.3ms)[0m  SELECT COUNT(*) FROM "personal_connections"  WHERE "personal_connections"."verb_id" = $1  [["verb_id", 1377]]
11:08:46 web.1  |   [1m[36m (0.3ms)[0m  [1mSELECT COUNT(*) FROM "personal_connections"  WHERE "personal_connections"."verb_id" = $1[0m  [["verb_id", 1092]]
11:08:46 web.1  |   [1m[35m (0.3ms)[0m  SELECT COUNT(*) FROM "personal_connections"  WHERE "personal_connections"."verb_id" = $1  [["verb_id", 22]]
11:08:46 web.1  |   [1m[36m (0.3ms)[0m  [1mSELECT COUNT(*) FROM "personal_connections"  WHERE "personal_connections"."verb_id" = $1[0m  [["verb_id", 947]]
11:08:46 web.1  |   [1m[35m (0.3ms)[0m  SELECT COUNT(*) FROM "personal_connections"  WHERE "personal_connections"."verb_id" = $1  [["verb_id", 790]]
11:08:46 web.1  |   [1m[36m (0.3ms)[0m  [1mSELECT COUNT(*) FROM "personal_connections"  WHERE "personal_connections"."verb_id" = $1[0m  [["verb_id", 1528]]
11:08:46 web.1  |   [1m[35m (0.3ms)[0m  SELECT COUNT(*) FROM "personal_connections"  WHERE "personal_connections"."verb_id" = $1  [["verb_id", 797]]
11:08:46 web.1  |   [1m[36m (0.3ms)[0m  [1mSELECT COUNT(*) FROM "personal_connections"  WHERE "personal_connections"."verb_id" = $1[0m  [["verb_id", 620]]
11:08:46 web.1  |   [1m[35m (0.3ms)[0m  SELECT COUNT(*) FROM "personal_connections"  WHERE "personal_connections"."verb_id" = $1  [["verb_id", 1340]]
11:08:46 web.1  |   [1m[36m (0.4ms)[0m  [1mSELECT COUNT(*) FROM "personal_connections"  WHERE "personal_connections"."verb_id" = $1[0m  [["verb_id", 771]]
11:08:46 web.1  |   [1m[35m (0.3ms)[0m  SELECT COUNT(*) FROM "personal_connections"  WHERE "personal_connections"."verb_id" = $1  [["verb_id", 218]]
11:08:46 web.1  |   [1m[36m (0.3ms)[0m  [1mSELECT COUNT(*) FROM "personal_connections"  WHERE "personal_connections"."verb_id" = $1[0m  [["verb_id", 382]]
11:08:46 web.1  |   [1m[35m (0.3ms)[0m  SELECT COUNT(*) FROM "personal_connections"  WHERE "personal_connections"."verb_id" = $1  [["verb_id", 799]]
11:08:46 web.1  |   [1m[36m (0.3ms)[0m  [1mSELECT COUNT(*) FROM "personal_connections"  WHERE "personal_connections"."verb_id" = $1[0m  [["verb_id", 1442]]
11:08:46 web.1  |   [1m[35m (0.3ms)[0m  SELECT COUNT(*) FROM "personal_connections"  WHERE "personal_connections"."verb_id" = $1  [["verb_id", 838]]
11:08:46 web.1  |   [1m[36m (0.3ms)[0m  [1mSELECT COUNT(*) FROM "personal_connections"  WHERE "personal_connections"."verb_id" = $1[0m  [["verb_id", 851]]
11:08:46 web.1  |   [1m[35m (0.3ms)[0m  SELECT COUNT(*) FROM "personal_connections"  WHERE "personal_connections"."verb_id" = $1  [["verb_id", 1546]]
11:08:46 web.1  |   [1m[36m (0.4ms)[0m  [1mSELECT COUNT(*) FROM "personal_connections"  WHERE "personal_connections"."verb_id" = $1[0m  [["verb_id", 925]]
11:08:46 web.1  |   [1m[35m (0.4ms)[0m  SELECT COUNT(*) FROM "personal_connections"  WHERE "personal_connections"."verb_id" = $1  [["verb_id", 956]]
11:08:46 web.1  |   [1m[36m (0.3ms)[0m  [1mSELECT COUNT(*) FROM "personal_connections"  WHERE "personal_connections"."verb_id" = $1[0m  [["verb_id", 1497]]
11:08:46 web.1  |   [1m[35m (0.3ms)[0m  SELECT COUNT(*) FROM "personal_connections"  WHERE "personal_connections"."verb_id" = $1  [["verb_id", 1512]]
11:08:46 web.1  |   [1m[36m (0.3ms)[0m  [1mSELECT COUNT(*) FROM "personal_connections"  WHERE "personal_connections"."verb_id" = $1[0m  [["verb_id", 1253]]
11:08:46 web.1  |   [1m[35m (0.3ms)[0m  SELECT COUNT(*) FROM "personal_connections"  WHERE "personal_connections"."verb_id" = $1  [["verb_id", 854]]
11:08:46 web.1  |   [1m[36m (0.3ms)[0m  [1mSELECT COUNT(*) FROM "personal_connections"  WHERE "personal_connections"."verb_id" = $1[0m  [["verb_id", 1145]]
11:08:46 web.1  |   [1m[35m (0.3ms)[0m  SELECT COUNT(*) FROM "personal_connections"  WHERE "personal_connections"."verb_id" = $1  [["verb_id", 1146]]
11:08:46 web.1  |   [1m[36m (0.4ms)[0m  [1mSELECT COUNT(*) FROM "personal_connections"  WHERE "personal_connections"."verb_id" = $1[0m  [["verb_id", 1075]]
11:08:46 web.1  |   [1m[35m (0.3ms)[0m  SELECT COUNT(*) FROM "personal_connections"  WHERE "personal_connections"."verb_id" = $1  [["verb_id", 1067]]
11:08:46 web.1  |   [1m[36m (0.4ms)[0m  [1mSELECT COUNT(*) FROM "personal_connections"  WHERE "personal_connections"."verb_id" = $1[0m  [["verb_id", 590]]
11:08:46 web.1  |   [1m[35m (0.3ms)[0m  SELECT COUNT(*) FROM "personal_connections"  WHERE "personal_connections"."verb_id" = $1  [["verb_id", 1281]]
11:08:46 web.1  |   [1m[36m (0.3ms)[0m  [1mSELECT COUNT(*) FROM "personal_connections"  WHERE "personal_connections"."verb_id" = $1[0m  [["verb_id", 662]]
11:08:46 web.1  |   [1m[35m (0.3ms)[0m  SELECT COUNT(*) FROM "personal_connections"  WHERE "personal_connections"."verb_id" = $1  [["verb_id", 63]]
11:08:46 web.1  |   [1m[36m (0.3ms)[0m  [1mSELECT COUNT(*) FROM "personal_connections"  WHERE "personal_connections"."verb_id" = $1[0m  [["verb_id", 1503]]
11:08:46 web.1  |   [1m[35m (0.3ms)[0m  SELECT COUNT(*) FROM "personal_connections"  WHERE "personal_connections"."verb_id" = $1  [["verb_id", 1237]]
11:08:46 web.1  |   [1m[36m (0.3ms)[0m  [1mSELECT COUNT(*) FROM "personal_connections"  WHERE "personal_connections"."verb_id" = $1[0m  [["verb_id", 648]]
11:08:46 web.1  |   [1m[35m (0.3ms)[0m  SELECT COUNT(*) FROM "personal_connections"  WHERE "personal_connections"."verb_id" = $1  [["verb_id", 410]]
11:08:46 web.1  |   [1m[36m (0.3ms)[0m  [1mSELECT COUNT(*) FROM "personal_connections"  WHERE "personal_connections"."verb_id" = $1[0m  [["verb_id", 1018]]
11:08:46 web.1  |   [1m[35m (0.3ms)[0m  SELECT COUNT(*) FROM "personal_connections"  WHERE "personal_connections"."verb_id" = $1  [["verb_id", 1228]]
11:08:46 web.1  |   [1m[36m (0.3ms)[0m  [1mSELECT COUNT(*) FROM "personal_connections"  WHERE "personal_connections"."verb_id" = $1[0m  [["verb_id", 1456]]
11:08:46 web.1  |   [1m[35m (0.4ms)[0m  SELECT COUNT(*) FROM "personal_connections"  WHERE "personal_connections"."verb_id" = $1  [["verb_id", 1165]]
11:08:46 web.1  |   [1m[36m (0.3ms)[0m  [1mSELECT COUNT(*) FROM "personal_connections"  WHERE "personal_connections"."verb_id" = $1[0m  [["verb_id", 185]]
11:08:46 web.1  |   [1m[35m (0.3ms)[0m  SELECT COUNT(*) FROM "personal_connections"  WHERE "personal_connections"."verb_id" = $1  [["verb_id", 444]]
11:08:46 web.1  |   [1m[36m (0.3ms)[0m  [1mSELECT COUNT(*) FROM "personal_connections"  WHERE "personal_connections"."verb_id" = $1[0m  [["verb_id", 650]]
11:08:46 web.1  |   [1m[35m (0.3ms)[0m  SELECT COUNT(*) FROM "personal_connections"  WHERE "personal_connections"."verb_id" = $1  [["verb_id", 1577]]
11:08:46 web.1  |   [1m[36m (0.3ms)[0m  [1mSELECT COUNT(*) FROM "personal_connections"  WHERE "personal_connections"."verb_id" = $1[0m  [["verb_id", 1126]]
11:08:46 web.1  |   [1m[35m (0.4ms)[0m  SELECT COUNT(*) FROM "personal_connections"  WHERE "personal_connections"."verb_id" = $1  [["verb_id", 1012]]
11:08:46 web.1  |   [1m[36m (0.3ms)[0m  [1mSELECT COUNT(*) FROM "personal_connections"  WHERE "personal_connections"."verb_id" = $1[0m  [["verb_id", 1208]]
11:08:46 web.1  |   [1m[35m (0.3ms)[0m  SELECT COUNT(*) FROM "personal_connections"  WHERE "personal_connections"."verb_id" = $1  [["verb_id", 1414]]
11:08:46 web.1  |   [1m[36m (0.3ms)[0m  [1mSELECT COUNT(*) FROM "personal_connections"  WHERE "personal_connections"."verb_id" = $1[0m  [["verb_id", 1098]]
11:08:46 web.1  |   [1m[35m (0.3ms)[0m  SELECT COUNT(*) FROM "personal_connections"  WHERE "personal_connections"."verb_id" = $1  [["verb_id", 1513]]
11:08:46 web.1  |   [1m[36m (0.5ms)[0m  [1mSELECT COUNT(*) FROM "personal_connections"  WHERE "personal_connections"."verb_id" = $1[0m  [["verb_id", 362]]
11:08:46 web.1  |   [1m[35m (0.3ms)[0m  SELECT COUNT(*) FROM "personal_connections"  WHERE "personal_connections"."verb_id" = $1  [["verb_id", 1136]]
11:08:46 web.1  |   [1m[36m (0.3ms)[0m  [1mSELECT COUNT(*) FROM "personal_connections"  WHERE "personal_connections"."verb_id" = $1[0m  [["verb_id", 1498]]
11:08:46 web.1  |   [1m[35m (0.3ms)[0m  SELECT COUNT(*) FROM "personal_connections"  WHERE "personal_connections"."verb_id" = $1  [["verb_id", 1555]]
11:08:46 web.1  |   [1m[36m (0.3ms)[0m  [1mSELECT COUNT(*) FROM "personal_connections"  WHERE "personal_connections"."verb_id" = $1[0m  [["verb_id", 1475]]
11:08:46 web.1  |   [1m[35m (0.3ms)[0m  SELECT COUNT(*) FROM "personal_connections"  WHERE "personal_connections"."verb_id" = $1  [["verb_id", 705]]
11:08:46 web.1  |   [1m[36m (0.3ms)[0m  [1mSELECT COUNT(*) FROM "personal_connections"  WHERE "personal_connections"."verb_id" = $1[0m  [["verb_id", 1478]]
11:08:46 web.1  |   [1m[35m (0.3ms)[0m  SELECT COUNT(*) FROM "personal_connections"  WHERE "personal_connections"."verb_id" = $1  [["verb_id", 1164]]
11:08:46 web.1  |   [1m[36m (0.3ms)[0m  [1mSELECT COUNT(*) FROM "personal_connections"  WHERE "personal_connections"."verb_id" = $1[0m  [["verb_id", 741]]
11:08:46 web.1  |   [1m[35m (0.3ms)[0m  SELECT COUNT(*) FROM "personal_connections"  WHERE "personal_connections"."verb_id" = $1  [["verb_id", 1360]]
11:08:46 web.1  |   [1m[36m (0.3ms)[0m  [1mSELECT COUNT(*) FROM "personal_connections"  WHERE "personal_connections"."verb_id" = $1[0m  [["verb_id", 773]]
11:08:46 web.1  |   [1m[35m (0.3ms)[0m  SELECT COUNT(*) FROM "personal_connections"  WHERE "personal_connections"."verb_id" = $1  [["verb_id", 1024]]
11:08:46 web.1  |   [1m[36m (0.3ms)[0m  [1mSELECT COUNT(*) FROM "personal_connections"  WHERE "personal_connections"."verb_id" = $1[0m  [["verb_id", 1192]]
11:08:46 web.1  |   [1m[35m (0.3ms)[0m  SELECT COUNT(*) FROM "personal_connections"  WHERE "personal_connections"."verb_id" = $1  [["verb_id", 584]]
11:08:46 web.1  |   [1m[36m (0.3ms)[0m  [1mSELECT COUNT(*) FROM "personal_connections"  WHERE "personal_connections"."verb_id" = $1[0m  [["verb_id", 512]]
11:08:46 web.1  |   [1m[35m (0.3ms)[0m  SELECT COUNT(*) FROM "personal_connections"  WHERE "personal_connections"."verb_id" = $1  [["verb_id", 1068]]
11:08:46 web.1  |   [1m[36m (0.3ms)[0m  [1mSELECT COUNT(*) FROM "personal_connections"  WHERE "personal_connections"."verb_id" = $1[0m  [["verb_id", 1356]]
11:08:46 web.1  |   [1m[35m (0.3ms)[0m  SELECT COUNT(*) FROM "personal_connections"  WHERE "personal_connections"."verb_id" = $1  [["verb_id", 372]]
11:08:46 web.1  |   [1m[36m (0.4ms)[0m  [1mSELECT COUNT(*) FROM "personal_connections"  WHERE "personal_connections"."verb_id" = $1[0m  [["verb_id", 1302]]
11:08:46 web.1  |   [1m[35m (0.3ms)[0m  SELECT COUNT(*) FROM "personal_connections"  WHERE "personal_connections"."verb_id" = $1  [["verb_id", 1507]]
11:08:46 web.1  |   [1m[36m (0.3ms)[0m  [1mSELECT COUNT(*) FROM "personal_connections"  WHERE "personal_connections"."verb_id" = $1[0m  [["verb_id", 232]]
11:08:46 web.1  |   [1m[35m (0.3ms)[0m  SELECT COUNT(*) FROM "personal_connections"  WHERE "personal_connections"."verb_id" = $1  [["verb_id", 1495]]
11:08:46 web.1  |   [1m[36m (0.3ms)[0m  [1mSELECT COUNT(*) FROM "personal_connections"  WHERE "personal_connections"."verb_id" = $1[0m  [["verb_id", 1250]]
11:08:46 web.1  |   [1m[35m (0.3ms)[0m  SELECT COUNT(*) FROM "personal_connections"  WHERE "personal_connections"."verb_id" = $1  [["verb_id", 715]]
11:08:46 web.1  |   [1m[36m (0.3ms)[0m  [1mSELECT COUNT(*) FROM "personal_connections"  WHERE "personal_connections"."verb_id" = $1[0m  [["verb_id", 396]]
11:08:46 web.1  |   [1m[35m (0.3ms)[0m  SELECT COUNT(*) FROM "personal_connections"  WHERE "personal_connections"."verb_id" = $1  [["verb_id", 1540]]
11:08:46 web.1  |   [1m[36m (0.5ms)[0m  [1mSELECT COUNT(*) FROM "personal_connections"  WHERE "personal_connections"."verb_id" = $1[0m  [["verb_id", 13]]
11:08:46 web.1  |   [1m[35m (0.3ms)[0m  SELECT COUNT(*) FROM "personal_connections"  WHERE "personal_connections"."verb_id" = $1  [["verb_id", 1229]]
11:08:46 web.1  |   [1m[36m (0.3ms)[0m  [1mSELECT COUNT(*) FROM "personal_connections"  WHERE "personal_connections"."verb_id" = $1[0m  [["verb_id", 1053]]
11:08:46 web.1  |   [1m[35m (0.4ms)[0m  SELECT COUNT(*) FROM "personal_connections"  WHERE "personal_connections"."verb_id" = $1  [["verb_id", 302]]
11:08:46 web.1  |   [1m[36m (0.3ms)[0m  [1mSELECT COUNT(*) FROM "personal_connections"  WHERE "personal_connections"."verb_id" = $1[0m  [["verb_id", 917]]
11:08:46 web.1  |   [1m[35m (0.3ms)[0m  SELECT COUNT(*) FROM "personal_connections"  WHERE "personal_connections"."verb_id" = $1  [["verb_id", 1101]]
11:08:46 web.1  |   [1m[36m (0.3ms)[0m  [1mSELECT COUNT(*) FROM "personal_connections"  WHERE "personal_connections"."verb_id" = $1[0m  [["verb_id", 498]]
11:08:46 web.1  |   [1m[35m (0.3ms)[0m  SELECT COUNT(*) FROM "personal_connections"  WHERE "personal_connections"."verb_id" = $1  [["verb_id", 298]]
11:08:46 web.1  |   [1m[36m (0.3ms)[0m  [1mSELECT COUNT(*) FROM "personal_connections"  WHERE "personal_connections"."verb_id" = $1[0m  [["verb_id", 506]]
11:08:46 web.1  |   [1m[35m (0.3ms)[0m  SELECT COUNT(*) FROM "personal_connections"  WHERE "personal_connections"."verb_id" = $1  [["verb_id", 1330]]
11:08:46 web.1  |   [1m[36m (0.4ms)[0m  [1mSELECT COUNT(*) FROM "personal_connections"  WHERE "personal_connections"."verb_id" = $1[0m  [["verb_id", 10]]
11:08:46 web.1  |   [1m[35m (0.3ms)[0m  SELECT COUNT(*) FROM "personal_connections"  WHERE "personal_connections"."verb_id" = $1  [["verb_id", 776]]
11:08:46 web.1  |   [1m[36m (0.3ms)[0m  [1mSELECT COUNT(*) FROM "personal_connections"  WHERE "personal_connections"."verb_id" = $1[0m  [["verb_id", 310]]
11:08:46 web.1  |   [1m[35m (0.3ms)[0m  SELECT COUNT(*) FROM "personal_connections"  WHERE "personal_connections"."verb_id" = $1  [["verb_id", 679]]
11:08:46 web.1  |   [1m[36m (0.3ms)[0m  [1mSELECT COUNT(*) FROM "personal_connections"  WHERE "personal_connections"."verb_id" = $1[0m  [["verb_id", 869]]
11:08:46 web.1  |   [1m[35m (0.3ms)[0m  SELECT COUNT(*) FROM "personal_connections"  WHERE "personal_connections"."verb_id" = $1  [["verb_id", 968]]
11:08:46 web.1  |   [1m[36m (0.3ms)[0m  [1mSELECT COUNT(*) FROM "personal_connections"  WHERE "personal_connections"."verb_id" = $1[0m  [["verb_id", 1575]]
11:08:46 web.1  |   [1m[35m (0.3ms)[0m  SELECT COUNT(*) FROM "personal_connections"  WHERE "personal_connections"."verb_id" = $1  [["verb_id", 901]]
11:08:46 web.1  |   [1m[36m (0.3ms)[0m  [1mSELECT COUNT(*) FROM "personal_connections"  WHERE "personal_connections"."verb_id" = $1[0m  [["verb_id", 736]]
11:08:46 web.1  |   [1m[35m (0.3ms)[0m  SELECT COUNT(*) FROM "personal_connections"  WHERE "personal_connections"."verb_id" = $1  [["verb_id", 462]]
11:08:46 web.1  |   [1m[36m (0.3ms)[0m  [1mSELECT COUNT(*) FROM "personal_connections"  WHERE "personal_connections"."verb_id" = $1[0m  [["verb_id", 930]]
11:08:46 web.1  |   [1m[35m (0.4ms)[0m  SELECT COUNT(*) FROM "personal_connections"  WHERE "personal_connections"."verb_id" = $1  [["verb_id", 15]]
11:08:46 web.1  |   [1m[36m (0.3ms)[0m  [1mSELECT COUNT(*) FROM "personal_connections"  WHERE "personal_connections"."verb_id" = $1[0m  [["verb_id", 704]]
11:08:46 web.1  |   [1m[35m (0.3ms)[0m  SELECT COUNT(*) FROM "personal_connections"  WHERE "personal_connections"."verb_id" = $1  [["verb_id", 1552]]
11:08:46 web.1  |   [1m[36m (0.3ms)[0m  [1mSELECT COUNT(*) FROM "personal_connections"  WHERE "personal_connections"."verb_id" = $1[0m  [["verb_id", 1172]]
11:08:46 web.1  |   [1m[35m (0.3ms)[0m  SELECT COUNT(*) FROM "personal_connections"  WHERE "personal_connections"."verb_id" = $1  [["verb_id", 1216]]
11:08:46 web.1  |   [1m[36m (0.3ms)[0m  [1mSELECT COUNT(*) FROM "personal_connections"  WHERE "personal_connections"."verb_id" = $1[0m  [["verb_id", 1557]]
11:08:46 web.1  |   [1m[35m (0.3ms)[0m  SELECT COUNT(*) FROM "personal_connections"  WHERE "personal_connections"."verb_id" = $1  [["verb_id", 576]]
11:08:46 web.1  |   [1m[36m (0.3ms)[0m  [1mSELECT COUNT(*) FROM "personal_connections"  WHERE "personal_connections"."verb_id" = $1[0m  [["verb_id", 846]]
11:08:46 web.1  |   [1m[35m (0.3ms)[0m  SELECT COUNT(*) FROM "personal_connections"  WHERE "personal_connections"."verb_id" = $1  [["verb_id", 1363]]
11:08:46 web.1  |   [1m[36m (0.3ms)[0m  [1mSELECT COUNT(*) FROM "personal_connections"  WHERE "personal_connections"."verb_id" = $1[0m  [["verb_id", 932]]
11:08:46 web.1  |   [1m[35m (0.3ms)[0m  SELECT COUNT(*) FROM "personal_connections"  WHERE "personal_connections"."verb_id" = $1  [["verb_id", 693]]
11:08:46 web.1  |   [1m[36m (0.3ms)[0m  [1mSELECT COUNT(*) FROM "personal_connections"  WHERE "personal_connections"."verb_id" = $1[0m  [["verb_id", 1153]]
11:08:46 web.1  |   [1m[35m (0.3ms)[0m  SELECT COUNT(*) FROM "personal_connections"  WHERE "personal_connections"."verb_id" = $1  [["verb_id", 829]]
11:08:46 web.1  |   [1m[36m (0.3ms)[0m  [1mSELECT COUNT(*) FROM "personal_connections"  WHERE "personal_connections"."verb_id" = $1[0m  [["verb_id", 1445]]
11:08:46 web.1  |   [1m[35m (0.3ms)[0m  SELECT COUNT(*) FROM "personal_connections"  WHERE "personal_connections"."verb_id" = $1  [["verb_id", 133]]
11:08:46 web.1  |   [1m[36m (0.3ms)[0m  [1mSELECT COUNT(*) FROM "personal_connections"  WHERE "personal_connections"."verb_id" = $1[0m  [["verb_id", 25]]
11:08:46 web.1  |   [1m[35m (0.3ms)[0m  SELECT COUNT(*) FROM "personal_connections"  WHERE "personal_connections"."verb_id" = $1  [["verb_id", 614]]
11:08:46 web.1  |   [1m[36m (0.3ms)[0m  [1mSELECT COUNT(*) FROM "personal_connections"  WHERE "personal_connections"."verb_id" = $1[0m  [["verb_id", 117]]
11:08:47 web.1  |   [1m[35m (0.3ms)[0m  SELECT COUNT(*) FROM "personal_connections"  WHERE "personal_connections"."verb_id" = $1  [["verb_id", 264]]
11:08:47 web.1  |   [1m[36m (0.3ms)[0m  [1mSELECT COUNT(*) FROM "personal_connections"  WHERE "personal_connections"."verb_id" = $1[0m  [["verb_id", 1382]]
11:08:47 web.1  |   [1m[35m (0.3ms)[0m  SELECT COUNT(*) FROM "personal_connections"  WHERE "personal_connections"."verb_id" = $1  [["verb_id", 352]]
11:08:47 web.1  |   [1m[36m (0.3ms)[0m  [1mSELECT COUNT(*) FROM "personal_connections"  WHERE "personal_connections"."verb_id" = $1[0m  [["verb_id", 1065]]
11:08:47 web.1  |   [1m[35m (0.3ms)[0m  SELECT COUNT(*) FROM "personal_connections"  WHERE "personal_connections"."verb_id" = $1  [["verb_id", 822]]
11:08:47 web.1  |   [1m[36m (0.3ms)[0m  [1mSELECT COUNT(*) FROM "personal_connections"  WHERE "personal_connections"."verb_id" = $1[0m  [["verb_id", 364]]
11:08:47 web.1  |   [1m[35m (0.3ms)[0m  SELECT COUNT(*) FROM "personal_connections"  WHERE "personal_connections"."verb_id" = $1  [["verb_id", 39]]
11:08:47 web.1  |   [1m[36m (0.3ms)[0m  [1mSELECT COUNT(*) FROM "personal_connections"  WHERE "personal_connections"."verb_id" = $1[0m  [["verb_id", 1518]]
11:08:47 web.1  |   [1m[35m (0.3ms)[0m  SELECT COUNT(*) FROM "personal_connections"  WHERE "personal_connections"."verb_id" = $1  [["verb_id", 1044]]
11:08:47 web.1  |   [1m[36m (0.3ms)[0m  [1mSELECT COUNT(*) FROM "personal_connections"  WHERE "personal_connections"."verb_id" = $1[0m  [["verb_id", 856]]
11:08:47 web.1  |   [1m[35m (0.3ms)[0m  SELECT COUNT(*) FROM "personal_connections"  WHERE "personal_connections"."verb_id" = $1  [["verb_id", 1191]]
11:08:47 web.1  |   [1m[36m (0.3ms)[0m  [1mSELECT COUNT(*) FROM "personal_connections"  WHERE "personal_connections"."verb_id" = $1[0m  [["verb_id", 446]]
11:08:47 web.1  |   [1m[35m (0.3ms)[0m  SELECT COUNT(*) FROM "personal_connections"  WHERE "personal_connections"."verb_id" = $1  [["verb_id", 890]]
11:08:47 web.1  |   [1m[36m (0.3ms)[0m  [1mSELECT COUNT(*) FROM "personal_connections"  WHERE "personal_connections"."verb_id" = $1[0m  [["verb_id", 1094]]
11:08:47 web.1  |   [1m[35m (0.5ms)[0m  SELECT COUNT(*) FROM "personal_connections"  WHERE "personal_connections"."verb_id" = $1  [["verb_id", 69]]
11:08:47 web.1  |   [1m[36m (0.3ms)[0m  [1mSELECT COUNT(*) FROM "personal_connections"  WHERE "personal_connections"."verb_id" = $1[0m  [["verb_id", 1246]]
11:08:47 web.1  |   [1m[35m (0.3ms)[0m  SELECT COUNT(*) FROM "personal_connections"  WHERE "personal_connections"."verb_id" = $1  [["verb_id", 831]]
11:08:47 web.1  |   [1m[36m (0.3ms)[0m  [1mSELECT COUNT(*) FROM "personal_connections"  WHERE "personal_connections"."verb_id" = $1[0m  [["verb_id", 765]]
11:08:47 web.1  |   [1m[35m (0.3ms)[0m  SELECT COUNT(*) FROM "personal_connections"  WHERE "personal_connections"."verb_id" = $1  [["verb_id", 834]]
11:08:47 web.1  |   [1m[36m (1.2ms)[0m  [1mSELECT COUNT(*) FROM "personal_connections"  WHERE "personal_connections"."verb_id" = $1[0m  [["verb_id", 222]]
11:08:47 web.1  |   [1m[35m (0.3ms)[0m  SELECT COUNT(*) FROM "personal_connections"  WHERE "personal_connections"."verb_id" = $1  [["verb_id", 556]]
11:08:47 web.1  |   [1m[36m (0.3ms)[0m  [1mSELECT COUNT(*) FROM "personal_connections"  WHERE "personal_connections"."verb_id" = $1[0m  [["verb_id", 1032]]
11:08:47 web.1  |   [1m[35m (0.3ms)[0m  SELECT COUNT(*) FROM "personal_connections"  WHERE "personal_connections"."verb_id" = $1  [["verb_id", 1189]]
11:08:47 web.1  |   [1m[36m (0.4ms)[0m  [1mSELECT COUNT(*) FROM "personal_connections"  WHERE "personal_connections"."verb_id" = $1[0m  [["verb_id", 691]]
11:08:47 web.1  |   [1m[35m (0.4ms)[0m  SELECT COUNT(*) FROM "personal_connections"  WHERE "personal_connections"."verb_id" = $1  [["verb_id", 1221]]
11:08:47 web.1  |   [1m[36m (0.3ms)[0m  [1mSELECT COUNT(*) FROM "personal_connections"  WHERE "personal_connections"."verb_id" = $1[0m  [["verb_id", 1033]]
11:08:47 web.1  |   [1m[35m (0.3ms)[0m  SELECT COUNT(*) FROM "personal_connections"  WHERE "personal_connections"."verb_id" = $1  [["verb_id", 322]]
11:08:47 web.1  |   [1m[36m (0.5ms)[0m  [1mSELECT COUNT(*) FROM "personal_connections"  WHERE "personal_connections"."verb_id" = $1[0m  [["verb_id", 1041]]
11:08:47 web.1  |   [1m[35m (0.3ms)[0m  SELECT COUNT(*) FROM "personal_connections"  WHERE "personal_connections"."verb_id" = $1  [["verb_id", 1264]]
11:08:47 web.1  |   [1m[36m (0.3ms)[0m  [1mSELECT COUNT(*) FROM "personal_connections"  WHERE "personal_connections"."verb_id" = $1[0m  [["verb_id", 1152]]
11:08:47 web.1  |   [1m[35m (0.3ms)[0m  SELECT COUNT(*) FROM "personal_connections"  WHERE "personal_connections"."verb_id" = $1  [["verb_id", 723]]
11:08:47 web.1  |   [1m[36m (0.3ms)[0m  [1mSELECT COUNT(*) FROM "personal_connections"  WHERE "personal_connections"."verb_id" = $1[0m  [["verb_id", 552]]
11:08:47 web.1  |   [1m[35m (0.3ms)[0m  SELECT COUNT(*) FROM "personal_connections"  WHERE "personal_connections"."verb_id" = $1  [["verb_id", 1166]]
11:08:47 web.1  |   [1m[36m (0.3ms)[0m  [1mSELECT COUNT(*) FROM "personal_connections"  WHERE "personal_connections"."verb_id" = $1[0m  [["verb_id", 1211]]
11:08:47 web.1  |   [1m[35m (0.5ms)[0m  SELECT COUNT(*) FROM "personal_connections"  WHERE "personal_connections"."verb_id" = $1  [["verb_id", 564]]
11:08:47 web.1  |   [1m[36m (0.4ms)[0m  [1mSELECT COUNT(*) FROM "personal_connections"  WHERE "personal_connections"."verb_id" = $1[0m  [["verb_id", 518]]
11:08:47 web.1  |   [1m[35m (0.3ms)[0m  SELECT COUNT(*) FROM "personal_connections"  WHERE "personal_connections"."verb_id" = $1  [["verb_id", 1048]]
11:08:47 web.1  |   [1m[36m (0.3ms)[0m  [1mSELECT COUNT(*) FROM "personal_connections"  WHERE "personal_connections"."verb_id" = $1[0m  [["verb_id", 230]]
11:08:47 web.1  |   [1m[35m (0.3ms)[0m  SELECT COUNT(*) FROM "personal_connections"  WHERE "personal_connections"."verb_id" = $1  [["verb_id", 998]]
11:08:47 web.1  |   [1m[36m (0.3ms)[0m  [1mSELECT COUNT(*) FROM "personal_connections"  WHERE "personal_connections"."verb_id" = $1[0m  [["verb_id", 288]]
11:08:47 web.1  |   [1m[35m (0.3ms)[0m  SELECT COUNT(*) FROM "personal_connections"  WHERE "personal_connections"."verb_id" = $1  [["verb_id", 1560]]
11:08:47 web.1  |   [1m[36m (0.3ms)[0m  [1mSELECT COUNT(*) FROM "personal_connections"  WHERE "personal_connections"."verb_id" = $1[0m  [["verb_id", 1533]]
11:08:47 web.1  |   [1m[35m (0.3ms)[0m  SELECT COUNT(*) FROM "personal_connections"  WHERE "personal_connections"."verb_id" = $1  [["verb_id", 866]]
11:08:47 web.1  |   [1m[36m (0.3ms)[0m  [1mSELECT COUNT(*) FROM "personal_connections"  WHERE "personal_connections"."verb_id" = $1[0m  [["verb_id", 1108]]
11:08:47 web.1  |   [1m[35m (0.3ms)[0m  SELECT COUNT(*) FROM "personal_connections"  WHERE "personal_connections"."verb_id" = $1  [["verb_id", 1163]]
11:08:47 web.1  |   [1m[36m (0.3ms)[0m  [1mSELECT COUNT(*) FROM "personal_connections"  WHERE "personal_connections"."verb_id" = $1[0m  [["verb_id", 1123]]
11:08:47 web.1  |   [1m[35m (0.7ms)[0m  SELECT COUNT(*) FROM "personal_connections"  WHERE "personal_connections"."verb_id" = $1  [["verb_id", 8]]
11:08:47 web.1  |   [1m[36m (0.4ms)[0m  [1mSELECT COUNT(*) FROM "personal_connections"  WHERE "personal_connections"."verb_id" = $1[0m  [["verb_id", 504]]
11:08:47 web.1  |   [1m[35m (0.3ms)[0m  SELECT COUNT(*) FROM "personal_connections"  WHERE "personal_connections"."verb_id" = $1  [["verb_id", 1031]]
11:08:47 web.1  |   [1m[36m (0.3ms)[0m  [1mSELECT COUNT(*) FROM "personal_connections"  WHERE "personal_connections"."verb_id" = $1[0m  [["verb_id", 778]]
11:08:47 web.1  |   [1m[35m (0.3ms)[0m  SELECT COUNT(*) FROM "personal_connections"  WHERE "personal_connections"."verb_id" = $1  [["verb_id", 1036]]
11:08:47 web.1  |   [1m[36m (0.4ms)[0m  [1mSELECT COUNT(*) FROM "personal_connections"  WHERE "personal_connections"."verb_id" = $1[0m  [["verb_id", 292]]
11:08:47 web.1  |   [1m[35m (0.3ms)[0m  SELECT COUNT(*) FROM "personal_connections"  WHERE "personal_connections"."verb_id" = $1  [["verb_id", 1459]]
11:08:47 web.1  |   [1m[36m (0.3ms)[0m  [1mSELECT COUNT(*) FROM "personal_connections"  WHERE "personal_connections"."verb_id" = $1[0m  [["verb_id", 881]]
11:08:47 web.1  |   [1m[35m (0.3ms)[0m  SELECT COUNT(*) FROM "personal_connections"  WHERE "personal_connections"."verb_id" = $1  [["verb_id", 1233]]
11:08:47 web.1  |   [1m[36m (0.3ms)[0m  [1mSELECT COUNT(*) FROM "personal_connections"  WHERE "personal_connections"."verb_id" = $1[0m  [["verb_id", 1185]]
11:08:47 web.1  |   [1m[35m (0.3ms)[0m  SELECT COUNT(*) FROM "personal_connections"  WHERE "personal_connections"."verb_id" = $1  [["verb_id", 1037]]
11:08:47 web.1  |   [1m[36m (0.3ms)[0m  [1mSELECT COUNT(*) FROM "personal_connections"  WHERE "personal_connections"."verb_id" = $1[0m  [["verb_id", 816]]
11:08:47 web.1  |   [1m[35m (0.3ms)[0m  SELECT COUNT(*) FROM "personal_connections"  WHERE "personal_connections"."verb_id" = $1  [["verb_id", 1045]]
11:08:47 web.1  |   [1m[36m (0.3ms)[0m  [1mSELECT COUNT(*) FROM "personal_connections"  WHERE "personal_connections"."verb_id" = $1[0m  [["verb_id", 1140]]
11:08:47 web.1  |   [1m[35m (0.3ms)[0m  SELECT COUNT(*) FROM "personal_connections"  WHERE "personal_connections"."verb_id" = $1  [["verb_id", 1525]]
11:08:47 web.1  |   [1m[36m (0.3ms)[0m  [1mSELECT COUNT(*) FROM "personal_connections"  WHERE "personal_connections"."verb_id" = $1[0m  [["verb_id", 1458]]
11:08:47 web.1  |   [1m[35m (0.3ms)[0m  SELECT COUNT(*) FROM "personal_connections"  WHERE "personal_connections"."verb_id" = $1  [["verb_id", 896]]
11:08:47 web.1  |   [1m[36m (0.3ms)[0m  [1mSELECT COUNT(*) FROM "personal_connections"  WHERE "personal_connections"."verb_id" = $1[0m  [["verb_id", 1479]]
11:08:47 web.1  |   [1m[35m (0.4ms)[0m  SELECT COUNT(*) FROM "personal_connections"  WHERE "personal_connections"."verb_id" = $1  [["verb_id", 1186]]
11:08:47 web.1  |   [1m[36m (0.3ms)[0m  [1mSELECT COUNT(*) FROM "personal_connections"  WHERE "personal_connections"."verb_id" = $1[0m  [["verb_id", 1161]]
11:08:47 web.1  |   [1m[35m (0.3ms)[0m  SELECT COUNT(*) FROM "personal_connections"  WHERE "personal_connections"."verb_id" = $1  [["verb_id", 805]]
11:08:47 web.1  |   [1m[36m (0.3ms)[0m  [1mSELECT COUNT(*) FROM "personal_connections"  WHERE "personal_connections"."verb_id" = $1[0m  [["verb_id", 900]]
11:08:47 web.1  |   [1m[35m (0.4ms)[0m  SELECT COUNT(*) FROM "personal_connections"  WHERE "personal_connections"."verb_id" = $1  [["verb_id", 814]]
11:08:47 web.1  |   [1m[36m (0.3ms)[0m  [1mSELECT COUNT(*) FROM "personal_connections"  WHERE "personal_connections"."verb_id" = $1[0m  [["verb_id", 226]]
11:08:47 web.1  |   [1m[35m (0.3ms)[0m  SELECT COUNT(*) FROM "personal_connections"  WHERE "personal_connections"."verb_id" = $1  [["verb_id", 644]]
11:08:47 web.1  |   [1m[36m (0.4ms)[0m  [1mSELECT COUNT(*) FROM "personal_connections"  WHERE "personal_connections"."verb_id" = $1[0m  [["verb_id", 804]]
11:08:47 web.1  |   [1m[35m (0.3ms)[0m  SELECT COUNT(*) FROM "personal_connections"  WHERE "personal_connections"."verb_id" = $1  [["verb_id", 937]]
11:08:47 web.1  |   [1m[36m (0.3ms)[0m  [1mSELECT COUNT(*) FROM "personal_connections"  WHERE "personal_connections"."verb_id" = $1[0m  [["verb_id", 926]]
11:08:47 web.1  |   [1m[35m (0.3ms)[0m  SELECT COUNT(*) FROM "personal_connections"  WHERE "personal_connections"."verb_id" = $1  [["verb_id", 916]]
11:08:47 web.1  |   [1m[36m (0.4ms)[0m  [1mSELECT COUNT(*) FROM "personal_connections"  WHERE "personal_connections"."verb_id" = $1[0m  [["verb_id", 49]]
11:08:47 web.1  |   [1m[35m (0.3ms)[0m  SELECT COUNT(*) FROM "personal_connections"  WHERE "personal_connections"."verb_id" = $1  [["verb_id", 430]]
11:08:47 web.1  |   [1m[36m (0.3ms)[0m  [1mSELECT COUNT(*) FROM "personal_connections"  WHERE "personal_connections"."verb_id" = $1[0m  [["verb_id", 1054]]
11:08:47 web.1  |   [1m[35m (0.3ms)[0m  SELECT COUNT(*) FROM "personal_connections"  WHERE "personal_connections"."verb_id" = $1  [["verb_id", 1538]]
11:08:47 web.1  |   [1m[36m (0.4ms)[0m  [1mSELECT COUNT(*) FROM "personal_connections"  WHERE "personal_connections"."verb_id" = $1[0m  [["verb_id", 1004]]
11:08:47 web.1  |   [1m[35m (0.3ms)[0m  SELECT COUNT(*) FROM "personal_connections"  WHERE "personal_connections"."verb_id" = $1  [["verb_id", 1298]]
11:08:47 web.1  |   [1m[36m (0.4ms)[0m  [1mSELECT COUNT(*) FROM "personal_connections"  WHERE "personal_connections"."verb_id" = $1[0m  [["verb_id", 1118]]
11:08:47 web.1  |   [1m[35m (0.3ms)[0m  SELECT COUNT(*) FROM "personal_connections"  WHERE "personal_connections"."verb_id" = $1  [["verb_id", 1532]]
11:08:47 web.1  |   [1m[36m (0.3ms)[0m  [1mSELECT COUNT(*) FROM "personal_connections"  WHERE "personal_connections"."verb_id" = $1[0m  [["verb_id", 1198]]
11:08:47 web.1  |   [1m[35m (0.4ms)[0m  SELECT COUNT(*) FROM "personal_connections"  WHERE "personal_connections"."verb_id" = $1  [["verb_id", 826]]
11:08:47 web.1  |   [1m[36m (0.3ms)[0m  [1mSELECT COUNT(*) FROM "personal_connections"  WHERE "personal_connections"."verb_id" = $1[0m  [["verb_id", 1349]]
11:08:47 web.1  |   [1m[35m (0.4ms)[0m  SELECT COUNT(*) FROM "personal_connections"  WHERE "personal_connections"."verb_id" = $1  [["verb_id", 1338]]
11:08:47 web.1  |   [1m[36m (0.3ms)[0m  [1mSELECT COUNT(*) FROM "personal_connections"  WHERE "personal_connections"."verb_id" = $1[0m  [["verb_id", 384]]
11:08:47 web.1  |   [1m[35m (0.3ms)[0m  SELECT COUNT(*) FROM "personal_connections"  WHERE "personal_connections"."verb_id" = $1  [["verb_id", 630]]
11:08:47 web.1  |   [1m[36m (0.3ms)[0m  [1mSELECT COUNT(*) FROM "personal_connections"  WHERE "personal_connections"."verb_id" = $1[0m  [["verb_id", 284]]
11:08:47 web.1  |   [1m[35m (0.3ms)[0m  SELECT COUNT(*) FROM "personal_connections"  WHERE "personal_connections"."verb_id" = $1  [["verb_id", 1179]]
11:08:47 web.1  |   [1m[36m (0.3ms)[0m  [1mSELECT COUNT(*) FROM "personal_connections"  WHERE "personal_connections"."verb_id" = $1[0m  [["verb_id", 920]]
11:08:47 web.1  |   [1m[35m (0.4ms)[0m  SELECT COUNT(*) FROM "personal_connections"  WHERE "personal_connections"."verb_id" = $1  [["verb_id", 1212]]
11:08:47 web.1  |   [1m[36m (0.3ms)[0m  [1mSELECT COUNT(*) FROM "personal_connections"  WHERE "personal_connections"."verb_id" = $1[0m  [["verb_id", 622]]
11:08:47 web.1  |   [1m[35m (0.3ms)[0m  SELECT COUNT(*) FROM "personal_connections"  WHERE "personal_connections"."verb_id" = $1  [["verb_id", 898]]
11:08:47 web.1  |   [1m[36m (0.3ms)[0m  [1mSELECT COUNT(*) FROM "personal_connections"  WHERE "personal_connections"."verb_id" = $1[0m  [["verb_id", 1190]]
11:08:47 web.1  |   [1m[35m (0.3ms)[0m  SELECT COUNT(*) FROM "personal_connections"  WHERE "personal_connections"."verb_id" = $1  [["verb_id", 1134]]
11:08:47 web.1  |   [1m[36m (0.3ms)[0m  [1mSELECT COUNT(*) FROM "personal_connections"  WHERE "personal_connections"."verb_id" = $1[0m  [["verb_id", 955]]
11:08:47 web.1  |   [1m[35m (0.3ms)[0m  SELECT COUNT(*) FROM "personal_connections"  WHERE "personal_connections"."verb_id" = $1  [["verb_id", 280]]
11:08:47 web.1  |   [1m[36m (0.3ms)[0m  [1mSELECT COUNT(*) FROM "personal_connections"  WHERE "personal_connections"."verb_id" = $1[0m  [["verb_id", 735]]
11:08:47 web.1  |   [1m[35m (0.3ms)[0m  SELECT COUNT(*) FROM "personal_connections"  WHERE "personal_connections"."verb_id" = $1  [["verb_id", 750]]
11:08:47 web.1  |   [1m[36m (0.4ms)[0m  [1mSELECT COUNT(*) FROM "personal_connections"  WHERE "personal_connections"."verb_id" = $1[0m  [["verb_id", 1147]]
11:08:47 web.1  |   [1m[35m (0.3ms)[0m  SELECT COUNT(*) FROM "personal_connections"  WHERE "personal_connections"."verb_id" = $1  [["verb_id", 1362]]
11:08:47 web.1  |   [1m[36m (0.3ms)[0m  [1mSELECT COUNT(*) FROM "personal_connections"  WHERE "personal_connections"."verb_id" = $1[0m  [["verb_id", 772]]
11:08:47 web.1  |   [1m[35m (0.3ms)[0m  SELECT COUNT(*) FROM "personal_connections"  WHERE "personal_connections"."verb_id" = $1  [["verb_id", 1090]]
11:08:47 web.1  |   [1m[36m (0.3ms)[0m  [1mSELECT COUNT(*) FROM "personal_connections"  WHERE "personal_connections"."verb_id" = $1[0m  [["verb_id", 1240]]
11:08:47 web.1  |   [1m[35m (0.3ms)[0m  SELECT COUNT(*) FROM "personal_connections"  WHERE "personal_connections"."verb_id" = $1  [["verb_id", 878]]
11:08:47 web.1  |   [1m[36m (0.5ms)[0m  [1mSELECT COUNT(*) FROM "personal_connections"  WHERE "personal_connections"."verb_id" = $1[0m  [["verb_id", 1239]]
11:08:47 web.1  |   [1m[35m (0.6ms)[0m  SELECT COUNT(*) FROM "personal_connections"  WHERE "personal_connections"."verb_id" = $1  [["verb_id", 810]]
11:08:47 web.1  |   [1m[36m (0.5ms)[0m  [1mSELECT COUNT(*) FROM "personal_connections"  WHERE "personal_connections"."verb_id" = $1[0m  [["verb_id", 907]]
11:08:47 web.1  |   [1m[35m (0.8ms)[0m  SELECT COUNT(*) FROM "personal_connections"  WHERE "personal_connections"."verb_id" = $1  [["verb_id", 1275]]
11:08:47 web.1  |   [1m[36m (0.5ms)[0m  [1mSELECT COUNT(*) FROM "personal_connections"  WHERE "personal_connections"."verb_id" = $1[0m  [["verb_id", 1170]]
11:08:47 web.1  |   [1m[35m (0.6ms)[0m  SELECT COUNT(*) FROM "personal_connections"  WHERE "personal_connections"."verb_id" = $1  [["verb_id", 1464]]
11:08:47 web.1  |   [1m[36m (0.5ms)[0m  [1mSELECT COUNT(*) FROM "personal_connections"  WHERE "personal_connections"."verb_id" = $1[0m  [["verb_id", 286]]
11:08:47 web.1  |   [1m[35m (1.1ms)[0m  SELECT COUNT(*) FROM "personal_connections"  WHERE "personal_connections"."verb_id" = $1  [["verb_id", 933]]
11:08:47 web.1  |   [1m[36m (0.3ms)[0m  [1mSELECT COUNT(*) FROM "personal_connections"  WHERE "personal_connections"."verb_id" = $1[0m  [["verb_id", 1220]]
11:08:47 web.1  |   [1m[35m (0.3ms)[0m  SELECT COUNT(*) FROM "personal_connections"  WHERE "personal_connections"."verb_id" = $1  [["verb_id", 626]]
11:08:47 web.1  |   [1m[36m (0.3ms)[0m  [1mSELECT COUNT(*) FROM "personal_connections"  WHERE "personal_connections"."verb_id" = $1[0m  [["verb_id", 1549]]
11:08:47 web.1  |   [1m[35m (0.4ms)[0m  SELECT COUNT(*) FROM "personal_connections"  WHERE "personal_connections"."verb_id" = $1  [["verb_id", 858]]
11:08:47 web.1  |   [1m[36m (0.3ms)[0m  [1mSELECT COUNT(*) FROM "personal_connections"  WHERE "personal_connections"."verb_id" = $1[0m  [["verb_id", 1154]]
11:08:47 web.1  |   [1m[35m (0.3ms)[0m  SELECT COUNT(*) FROM "personal_connections"  WHERE "personal_connections"."verb_id" = $1  [["verb_id", 746]]
11:08:47 web.1  |   [1m[36m (0.3ms)[0m  [1mSELECT COUNT(*) FROM "personal_connections"  WHERE "personal_connections"."verb_id" = $1[0m  [["verb_id", 1194]]
11:08:47 web.1  |   [1m[35m (0.3ms)[0m  SELECT COUNT(*) FROM "personal_connections"  WHERE "personal_connections"."verb_id" = $1  [["verb_id", 1258]]
11:08:47 web.1  |   [1m[36m (0.4ms)[0m  [1mSELECT COUNT(*) FROM "personal_connections"  WHERE "personal_connections"."verb_id" = $1[0m  [["verb_id", 918]]
11:08:47 web.1  |   [1m[35m (0.3ms)[0m  SELECT COUNT(*) FROM "personal_connections"  WHERE "personal_connections"."verb_id" = $1  [["verb_id", 1288]]
11:08:47 web.1  |   [1m[36m (0.3ms)[0m  [1mSELECT COUNT(*) FROM "personal_connections"  WHERE "personal_connections"."verb_id" = $1[0m  [["verb_id", 1586]]
11:08:47 web.1  |   [1m[35m (0.3ms)[0m  SELECT COUNT(*) FROM "personal_connections"  WHERE "personal_connections"."verb_id" = $1  [["verb_id", 1537]]
11:08:47 web.1  |   [1m[36m (0.3ms)[0m  [1mSELECT COUNT(*) FROM "personal_connections"  WHERE "personal_connections"."verb_id" = $1[0m  [["verb_id", 1393]]
11:08:47 web.1  |   [1m[35m (0.3ms)[0m  SELECT COUNT(*) FROM "personal_connections"  WHERE "personal_connections"."verb_id" = $1  [["verb_id", 1396]]
11:08:47 web.1  |   [1m[36m (0.3ms)[0m  [1mSELECT COUNT(*) FROM "personal_connections"  WHERE "personal_connections"."verb_id" = $1[0m  [["verb_id", 1049]]
11:08:47 web.1  |   [1m[35m (0.3ms)[0m  SELECT COUNT(*) FROM "personal_connections"  WHERE "personal_connections"."verb_id" = $1  [["verb_id", 1543]]
11:08:47 web.1  |   [1m[36m (0.3ms)[0m  [1mSELECT COUNT(*) FROM "personal_connections"  WHERE "personal_connections"."verb_id" = $1[0m  [["verb_id", 1447]]
11:08:48 web.1  |   [1m[35m (0.5ms)[0m  SELECT COUNT(*) FROM "personal_connections"  WHERE "personal_connections"."verb_id" = $1  [["verb_id", 216]]
11:08:48 web.1  |   [1m[36m (0.4ms)[0m  [1mSELECT COUNT(*) FROM "personal_connections"  WHERE "personal_connections"."verb_id" = $1[0m  [["verb_id", 1371]]
11:08:48 web.1  |   [1m[35m (0.3ms)[0m  SELECT COUNT(*) FROM "personal_connections"  WHERE "personal_connections"."verb_id" = $1  [["verb_id", 832]]
11:08:48 web.1  |   [1m[36m (0.3ms)[0m  [1mSELECT COUNT(*) FROM "personal_connections"  WHERE "personal_connections"."verb_id" = $1[0m  [["verb_id", 1524]]
11:08:48 web.1  |   [1m[35m (0.3ms)[0m  SELECT COUNT(*) FROM "personal_connections"  WHERE "personal_connections"."verb_id" = $1  [["verb_id", 1129]]
11:08:48 web.1  |   [1m[36m (0.3ms)[0m  [1mSELECT COUNT(*) FROM "personal_connections"  WHERE "personal_connections"."verb_id" = $1[0m  [["verb_id", 922]]
11:08:48 web.1  |   [1m[35m (0.3ms)[0m  SELECT COUNT(*) FROM "personal_connections"  WHERE "personal_connections"."verb_id" = $1  [["verb_id", 928]]
11:08:48 web.1  |   [1m[36m (0.4ms)[0m  [1mSELECT COUNT(*) FROM "personal_connections"  WHERE "personal_connections"."verb_id" = $1[0m  [["verb_id", 294]]
11:08:48 web.1  |   [1m[35m (0.3ms)[0m  SELECT COUNT(*) FROM "personal_connections"  WHERE "personal_connections"."verb_id" = $1  [["verb_id", 1501]]
11:08:48 web.1  |   [1m[36m (0.3ms)[0m  [1mSELECT COUNT(*) FROM "personal_connections"  WHERE "personal_connections"."verb_id" = $1[0m  [["verb_id", 1249]]
11:08:48 web.1  |   [1m[35m (0.3ms)[0m  SELECT COUNT(*) FROM "personal_connections"  WHERE "personal_connections"."verb_id" = $1  [["verb_id", 1225]]
11:08:48 web.1  |   [1m[36m (0.8ms)[0m  [1mSELECT COUNT(*) FROM "personal_connections"  WHERE "personal_connections"."verb_id" = $1[0m  [["verb_id", 5]]
11:08:48 web.1  |   [1m[35m (0.3ms)[0m  SELECT COUNT(*) FROM "personal_connections"  WHERE "personal_connections"."verb_id" = $1  [["verb_id", 959]]
11:08:48 web.1  |   [1m[36m (0.4ms)[0m  [1mSELECT COUNT(*) FROM "personal_connections"  WHERE "personal_connections"."verb_id" = $1[0m  [["verb_id", 1483]]
11:08:48 web.1  |   [1m[35m (0.3ms)[0m  SELECT COUNT(*) FROM "personal_connections"  WHERE "personal_connections"."verb_id" = $1  [["verb_id", 27]]
11:08:48 web.1  |   [1m[36m (0.3ms)[0m  [1mSELECT COUNT(*) FROM "personal_connections"  WHERE "personal_connections"."verb_id" = $1[0m  [["verb_id", 240]]
11:08:48 web.1  |   [1m[35m (0.3ms)[0m  SELECT COUNT(*) FROM "personal_connections"  WHERE "personal_connections"."verb_id" = $1  [["verb_id", 1332]]
11:08:48 web.1  |   [1m[36m (0.3ms)[0m  [1mSELECT COUNT(*) FROM "personal_connections"  WHERE "personal_connections"."verb_id" = $1[0m  [["verb_id", 1193]]
11:08:48 web.1  |   [1m[35m (0.3ms)[0m  SELECT COUNT(*) FROM "personal_connections"  WHERE "personal_connections"."verb_id" = $1  [["verb_id", 1093]]
11:08:48 web.1  |   [1m[36m (0.3ms)[0m  [1mSELECT COUNT(*) FROM "personal_connections"  WHERE "personal_connections"."verb_id" = $1[0m  [["verb_id", 4]]
11:08:48 web.1  |   [1m[35m (0.4ms)[0m  SELECT COUNT(*) FROM "personal_connections"  WHERE "personal_connections"."verb_id" = $1  [["verb_id", 807]]
11:08:48 web.1  |   [1m[36m (0.3ms)[0m  [1mSELECT COUNT(*) FROM "personal_connections"  WHERE "personal_connections"."verb_id" = $1[0m  [["verb_id", 812]]
11:08:48 web.1  |   [1m[35m (0.3ms)[0m  SELECT COUNT(*) FROM "personal_connections"  WHERE "personal_connections"."verb_id" = $1  [["verb_id", 1106]]
11:08:48 web.1  |   [1m[36m (0.3ms)[0m  [1mSELECT COUNT(*) FROM "personal_connections"  WHERE "personal_connections"."verb_id" = $1[0m  [["verb_id", 1493]]
11:08:48 web.1  |   [1m[35m (0.3ms)[0m  SELECT COUNT(*) FROM "personal_connections"  WHERE "personal_connections"."verb_id" = $1  [["verb_id", 1423]]
11:08:48 web.1  |   [1m[36m (0.3ms)[0m  [1mSELECT COUNT(*) FROM "personal_connections"  WHERE "personal_connections"."verb_id" = $1[0m  [["verb_id", 754]]
11:08:48 web.1  |   [1m[35m (0.3ms)[0m  SELECT COUNT(*) FROM "personal_connections"  WHERE "personal_connections"."verb_id" = $1  [["verb_id", 1324]]
11:08:48 web.1  |   [1m[36m (0.3ms)[0m  [1mSELECT COUNT(*) FROM "personal_connections"  WHERE "personal_connections"."verb_id" = $1[0m  [["verb_id", 1323]]
11:08:48 web.1  |   [1m[35m (0.3ms)[0m  SELECT COUNT(*) FROM "personal_connections"  WHERE "personal_connections"."verb_id" = $1  [["verb_id", 801]]
11:08:48 web.1  |   [1m[36m (0.3ms)[0m  [1mSELECT COUNT(*) FROM "personal_connections"  WHERE "personal_connections"."verb_id" = $1[0m  [["verb_id", 1444]]
11:08:48 web.1  |   [1m[35m (0.3ms)[0m  SELECT COUNT(*) FROM "personal_connections"  WHERE "personal_connections"."verb_id" = $1  [["verb_id", 759]]
11:08:48 web.1  |   [1m[36m (0.6ms)[0m  [1mSELECT COUNT(*) FROM "personal_connections"  WHERE "personal_connections"."verb_id" = $1[0m  [["verb_id", 26]]
11:08:48 web.1  |   [1m[35m (0.9ms)[0m  SELECT COUNT(*) FROM "personal_connections"  WHERE "personal_connections"."verb_id" = $1  [["verb_id", 889]]
11:08:48 web.1  |   [1m[36m (0.4ms)[0m  [1mSELECT COUNT(*) FROM "personal_connections"  WHERE "personal_connections"."verb_id" = $1[0m  [["verb_id", 827]]
11:08:48 web.1  |   [1m[35m (0.4ms)[0m  SELECT COUNT(*) FROM "personal_connections"  WHERE "personal_connections"."verb_id" = $1  [["verb_id", 903]]
11:08:48 web.1  |   [1m[36m (0.3ms)[0m  [1mSELECT COUNT(*) FROM "personal_connections"  WHERE "personal_connections"."verb_id" = $1[0m  [["verb_id", 828]]
11:08:48 web.1  |   [1m[35m (0.3ms)[0m  SELECT COUNT(*) FROM "personal_connections"  WHERE "personal_connections"."verb_id" = $1  [["verb_id", 1463]]
11:08:48 web.1  |   [1m[36m (0.3ms)[0m  [1mSELECT COUNT(*) FROM "personal_connections"  WHERE "personal_connections"."verb_id" = $1[0m  [["verb_id", 1284]]
11:08:48 web.1  |   [1m[35m (0.3ms)[0m  SELECT COUNT(*) FROM "personal_connections"  WHERE "personal_connections"."verb_id" = $1  [["verb_id", 939]]
11:08:48 web.1  |   [1m[36m (0.3ms)[0m  [1mSELECT COUNT(*) FROM "personal_connections"  WHERE "personal_connections"."verb_id" = $1[0m  [["verb_id", 1263]]
11:08:48 web.1  |   [1m[35m (0.3ms)[0m  SELECT COUNT(*) FROM "personal_connections"  WHERE "personal_connections"."verb_id" = $1  [["verb_id", 1132]]
11:08:48 web.1  |   [1m[36m (0.3ms)[0m  [1mSELECT COUNT(*) FROM "personal_connections"  WHERE "personal_connections"."verb_id" = $1[0m  [["verb_id", 153]]
11:08:48 web.1  |   [1m[35m (0.4ms)[0m  SELECT COUNT(*) FROM "personal_connections"  WHERE "personal_connections"."verb_id" = $1  [["verb_id", 1443]]
11:08:48 web.1  |   [1m[36m (0.3ms)[0m  [1mSELECT COUNT(*) FROM "personal_connections"  WHERE "personal_connections"."verb_id" = $1[0m  [["verb_id", 406]]
11:08:48 web.1  |   [1m[35m (0.3ms)[0m  SELECT COUNT(*) FROM "personal_connections"  WHERE "personal_connections"."verb_id" = $1  [["verb_id", 508]]
11:08:48 web.1  |   [1m[36m (0.3ms)[0m  [1mSELECT COUNT(*) FROM "personal_connections"  WHERE "personal_connections"."verb_id" = $1[0m  [["verb_id", 1224]]
11:08:48 web.1  |   [1m[35m (0.3ms)[0m  SELECT COUNT(*) FROM "personal_connections"  WHERE "personal_connections"."verb_id" = $1  [["verb_id", 1276]]
11:08:48 web.1  |   [1m[36m (0.3ms)[0m  [1mSELECT COUNT(*) FROM "personal_connections"  WHERE "personal_connections"."verb_id" = $1[0m  [["verb_id", 1274]]
11:08:48 web.1  |   [1m[35m (0.3ms)[0m  SELECT COUNT(*) FROM "personal_connections"  WHERE "personal_connections"."verb_id" = $1  [["verb_id", 1159]]
11:08:48 web.1  |   Rendered verbs/_verb.html.erb (7535.8ms)
11:08:48 web.1  |   Rendered verbs/index.html.erb within layouts/application (7618.0ms)
11:08:48 web.1  | Completed 200 OK in 7645ms (Views: 7216.8ms | ActiveRecord: 427.5ms)
11:08:48 web.1  | Oink Action: verbs#index
11:08:48 web.1  | Memory usage: 2633644 | PID: 40432
11:08:48 web.1  | Instantiation Breakdown: Total: 1126 | Verb: 1126
11:08:48 web.1  | Oink Log Entry Complete
11:08:49 web.1  | Started GET "/verbs" for 127.0.0.1 at 2015-05-16 11:08:49 +0100
11:08:49 web.1  | [40432] 127.0.0.1 - - [16/May/2015 11:08:49] "GET /verbs HTTP/1.0" 200 - 8.6842
11:08:49 web.1  | Processing by VerbsController#index as */*
11:08:49 web.1  | USERAGENT: /verbs ApacheBench/2.3
11:08:49 web.1  | Started GET "/verbs" for 127.0.0.1 at 2015-05-16 11:08:49 +0100
11:08:49 web.1  |   [1m[36mVerb Load (25.8ms)[0m  [1mSELECT "verbs".* FROM "verbs"   ORDER BY "verbs"."name" ASC[0m
11:08:49 web.1  | Processing by VerbsController#index as */*
11:08:49 web.1  | USERAGENT: /verbs ApacheBench/2.3
11:08:49 web.1  |   [1m[35mVerb Load (25.1ms)[0m  SELECT "verbs".* FROM "verbs"   ORDER BY "verbs"."name" ASC
11:08:49 web.1  |   [1m[35m (0.3ms)[0m  SELECT COUNT(*) FROM "personal_connections"  WHERE "personal_connections"."verb_id" = $1  [["verb_id", 687]]
11:08:49 web.1  |   [1m[36m (0.5ms)[0m  [1mSELECT COUNT(*) FROM "personal_connections"  WHERE "personal_connections"."verb_id" = $1[0m  [["verb_id", 1294]]
11:08:49 web.1  |   [1m[35m (0.3ms)[0m  SELECT COUNT(*) FROM "personal_connections"  WHERE "personal_connections"."verb_id" = $1  [["verb_id", 316]]
11:08:49 web.1  |   [1m[36m (0.5ms)[0m  [1mSELECT COUNT(*) FROM "personal_connections"  WHERE "personal_connections"."verb_id" = $1[0m  [["verb_id", 687]]
11:08:49 web.1  |   [1m[36m (0.9ms)[0m  [1mSELECT COUNT(*) FROM "personal_connections"  WHERE "personal_connections"."verb_id" = $1[0m  [["verb_id", 1158]]
11:08:49 web.1  |   [1m[35m (0.5ms)[0m  SELECT COUNT(*) FROM "personal_connections"  WHERE "personal_connections"."verb_id" = $1  [["verb_id", 1294]]
11:08:49 web.1  |   [1m[35m (0.5ms)[0m  SELECT COUNT(*) FROM "personal_connections"  WHERE "personal_connections"."verb_id" = $1  [["verb_id", 1461]]
11:08:49 web.1  |   [1m[36m (0.5ms)[0m  [1mSELECT COUNT(*) FROM "personal_connections"  WHERE "personal_connections"."verb_id" = $1[0m  [["verb_id", 316]]
11:08:49 web.1  |   [1m[36m (0.5ms)[0m  [1mSELECT COUNT(*) FROM "personal_connections"  WHERE "personal_connections"."verb_id" = $1[0m  [["verb_id", 995]]
11:08:49 web.1  |   [1m[35m (0.5ms)[0m  SELECT COUNT(*) FROM "personal_connections"  WHERE "personal_connections"."verb_id" = $1  [["verb_id", 1158]]
11:08:49 web.1  |   [1m[35m (0.5ms)[0m  SELECT COUNT(*) FROM "personal_connections"  WHERE "personal_connections"."verb_id" = $1  [["verb_id", 1176]]
11:08:49 web.1  |   [1m[36m (0.5ms)[0m  [1mSELECT COUNT(*) FROM "personal_connections"  WHERE "personal_connections"."verb_id" = $1[0m  [["verb_id", 1461]]
11:08:49 web.1  |   [1m[36m (0.5ms)[0m  [1mSELECT COUNT(*) FROM "personal_connections"  WHERE "personal_connections"."verb_id" = $1[0m  [["verb_id", 1102]]
11:08:49 web.1  |   [1m[35m (0.5ms)[0m  SELECT COUNT(*) FROM "personal_connections"  WHERE "personal_connections"."verb_id" = $1  [["verb_id", 995]]
11:08:49 web.1  |   [1m[35m (0.5ms)[0m  SELECT COUNT(*) FROM "personal_connections"  WHERE "personal_connections"."verb_id" = $1  [["verb_id", 1028]]
11:08:49 web.1  |   [1m[36m (0.5ms)[0m  [1mSELECT COUNT(*) FROM "personal_connections"  WHERE "personal_connections"."verb_id" = $1[0m  [["verb_id", 1176]]
11:08:49 web.1  |   [1m[36m (0.7ms)[0m  [1mSELECT COUNT(*) FROM "personal_connections"  WHERE "personal_connections"."verb_id" = $1[0m  [["verb_id", 1521]]
11:08:49 web.1  |   [1m[35m (0.5ms)[0m  SELECT COUNT(*) FROM "personal_connections"  WHERE "personal_connections"."verb_id" = $1  [["verb_id", 1102]]
11:08:49 web.1  |   [1m[35m (0.4ms)[0m  SELECT COUNT(*) FROM "personal_connections"  WHERE "personal_connections"."verb_id" = $1  [["verb_id", 1582]]
11:08:49 web.1  |   [1m[36m (1.2ms)[0m  [1mSELECT COUNT(*) FROM "personal_connections"  WHERE "personal_connections"."verb_id" = $1[0m  [["verb_id", 1028]]
11:08:49 web.1  |   [1m[36m (0.3ms)[0m  [1mSELECT COUNT(*) FROM "personal_connections"  WHERE "personal_connections"."verb_id" = $1[0m  [["verb_id", 695]]
11:08:49 web.1  |   [1m[35m (0.3ms)[0m  SELECT COUNT(*) FROM "personal_connections"  WHERE "personal_connections"."verb_id" = $1  [["verb_id", 1521]]
11:08:49 web.1  |   [1m[35m (0.3ms)[0m  SELECT COUNT(*) FROM "personal_connections"  WHERE "personal_connections"."verb_id" = $1  [["verb_id", 618]]
11:08:49 web.1  |   [1m[36m (0.2ms)[0m  [1mSELECT COUNT(*) FROM "personal_connections"  WHERE "personal_connections"."verb_id" = $1[0m  [["verb_id", 1582]]
11:08:49 web.1  |   [1m[35m (0.3ms)[0m  SELECT COUNT(*) FROM "personal_connections"  WHERE "personal_connections"."verb_id" = $1  [["verb_id", 695]]
11:08:49 web.1  |   [1m[36m (0.5ms)[0m  [1mSELECT COUNT(*) FROM "personal_connections"  WHERE "personal_connections"."verb_id" = $1[0m  [["verb_id", 972]]
11:08:49 web.1  |   [1m[36m (0.3ms)[0m  [1mSELECT COUNT(*) FROM "personal_connections"  WHERE "personal_connections"."verb_id" = $1[0m  [["verb_id", 618]]
11:08:49 web.1  |   [1m[35m (0.6ms)[0m  SELECT COUNT(*) FROM "personal_connections"  WHERE "personal_connections"."verb_id" = $1  [["verb_id", 943]]
11:08:49 web.1  |   [1m[35m (0.3ms)[0m  SELECT COUNT(*) FROM "personal_connections"  WHERE "personal_connections"."verb_id" = $1  [["verb_id", 972]]
11:08:49 web.1  |   [1m[36m (0.3ms)[0m  [1mSELECT COUNT(*) FROM "personal_connections"  WHERE "personal_connections"."verb_id" = $1[0m  [["verb_id", 1117]]
11:08:49 web.1  |   [1m[36m (0.3ms)[0m  [1mSELECT COUNT(*) FROM "personal_connections"  WHERE "personal_connections"."verb_id" = $1[0m  [["verb_id", 943]]
11:08:49 web.1  |   [1m[35m (0.3ms)[0m  SELECT COUNT(*) FROM "personal_connections"  WHERE "personal_connections"."verb_id" = $1  [["verb_id", 1353]]
11:08:49 web.1  |   [1m[35m (0.3ms)[0m  SELECT COUNT(*) FROM "personal_connections"  WHERE "personal_connections"."verb_id" = $1  [["verb_id", 1117]]
11:08:49 web.1  |   [1m[36m (0.5ms)[0m  [1mSELECT COUNT(*) FROM "personal_connections"  WHERE "personal_connections"."verb_id" = $1[0m  [["verb_id", 941]]
11:08:49 web.1  |   [1m[36m (0.3ms)[0m  [1mSELECT COUNT(*) FROM "personal_connections"  WHERE "personal_connections"."verb_id" = $1[0m  [["verb_id", 1353]]
11:08:49 web.1  |   [1m[35m (0.3ms)[0m  SELECT COUNT(*) FROM "personal_connections"  WHERE "personal_connections"."verb_id" = $1  [["verb_id", 1141]]
11:08:49 web.1  |   [1m[35m (0.2ms)[0m  SELECT COUNT(*) FROM "personal_connections"  WHERE "personal_connections"."verb_id" = $1  [["verb_id", 941]]
11:08:49 web.1  |   [1m[36m (0.3ms)[0m  [1mSELECT COUNT(*) FROM "personal_connections"  WHERE "personal_connections"."verb_id" = $1[0m  [["verb_id", 1217]]
11:08:49 web.1  |   [1m[36m (0.3ms)[0m  [1mSELECT COUNT(*) FROM "personal_connections"  WHERE "personal_connections"."verb_id" = $1[0m  [["verb_id", 1141]]
11:08:49 web.1  |   [1m[35m (0.3ms)[0m  SELECT COUNT(*) FROM "personal_connections"  WHERE "personal_connections"."verb_id" = $1  [["verb_id", 1217]]
11:08:49 web.1  |   [1m[35m (0.2ms)[0m  SELECT COUNT(*) FROM "personal_connections"  WHERE "personal_connections"."verb_id" = $1  [["verb_id", 1043]]
11:08:49 web.1  |   [1m[36m (0.3ms)[0m  [1mSELECT COUNT(*) FROM "personal_connections"  WHERE "personal_connections"."verb_id" = $1[0m  [["verb_id", 971]]
11:08:49 web.1  |   [1m[36m (0.3ms)[0m  [1mSELECT COUNT(*) FROM "personal_connections"  WHERE "personal_connections"."verb_id" = $1[0m  [["verb_id", 1043]]
11:08:49 web.1  |   [1m[35m (0.2ms)[0m  SELECT COUNT(*) FROM "personal_connections"  WHERE "personal_connections"."verb_id" = $1  [["verb_id", 1282]]
11:08:49 web.1  |   [1m[35m (0.3ms)[0m  SELECT COUNT(*) FROM "personal_connections"  WHERE "personal_connections"."verb_id" = $1  [["verb_id", 971]]
11:08:49 web.1  |   [1m[36m (0.5ms)[0m  [1mSELECT COUNT(*) FROM "personal_connections"  WHERE "personal_connections"."verb_id" = $1[0m  [["verb_id", 767]]
11:08:49 web.1  |   [1m[36m (0.3ms)[0m  [1mSELECT COUNT(*) FROM "personal_connections"  WHERE "personal_connections"."verb_id" = $1[0m  [["verb_id", 1282]]
11:08:49 web.1  |   [1m[35m (0.3ms)[0m  SELECT COUNT(*) FROM "personal_connections"  WHERE "personal_connections"."verb_id" = $1  [["verb_id", 530]]
11:08:49 web.1  |   [1m[35m (0.3ms)[0m  SELECT COUNT(*) FROM "personal_connections"  WHERE "personal_connections"."verb_id" = $1  [["verb_id", 767]]
11:08:49 web.1  |   [1m[36m (0.3ms)[0m  [1mSELECT COUNT(*) FROM "personal_connections"  WHERE "personal_connections"."verb_id" = $1[0m  [["verb_id", 886]]
11:08:49 web.1  |   [1m[36m (0.3ms)[0m  [1mSELECT COUNT(*) FROM "personal_connections"  WHERE "personal_connections"."verb_id" = $1[0m  [["verb_id", 530]]
11:08:49 web.1  |   [1m[35m (0.3ms)[0m  SELECT COUNT(*) FROM "personal_connections"  WHERE "personal_connections"."verb_id" = $1  [["verb_id", 1047]]
11:08:49 web.1  |   [1m[35m (0.3ms)[0m  SELECT COUNT(*) FROM "personal_connections"  WHERE "personal_connections"."verb_id" = $1  [["verb_id", 886]]
11:08:49 web.1  |   [1m[36m (0.3ms)[0m  [1mSELECT COUNT(*) FROM "personal_connections"  WHERE "personal_connections"."verb_id" = $1[0m  [["verb_id", 786]]
11:08:49 web.1  |   [1m[36m (0.3ms)[0m  [1mSELECT COUNT(*) FROM "personal_connections"  WHERE "personal_connections"."verb_id" = $1[0m  [["verb_id", 1047]]
11:08:49 web.1  |   [1m[35m (0.3ms)[0m  SELECT COUNT(*) FROM "personal_connections"  WHERE "personal_connections"."verb_id" = $1  [["verb_id", 786]]
11:08:49 web.1  |   [1m[35m (0.2ms)[0m  SELECT COUNT(*) FROM "personal_connections"  WHERE "personal_connections"."verb_id" = $1  [["verb_id", 833]]
11:08:49 web.1  |   [1m[36m (0.4ms)[0m  [1mSELECT COUNT(*) FROM "personal_connections"  WHERE "personal_connections"."verb_id" = $1[0m  [["verb_id", 833]]
11:08:49 web.1  |   [1m[36m (0.3ms)[0m  [1mSELECT COUNT(*) FROM "personal_connections"  WHERE "personal_connections"."verb_id" = $1[0m  [["verb_id", 1345]]
11:08:49 web.1  |   [1m[35m (0.3ms)[0m  SELECT COUNT(*) FROM "personal_connections"  WHERE "personal_connections"."verb_id" = $1  [["verb_id", 1345]]
11:08:49 web.1  |   [1m[35m (0.3ms)[0m  SELECT COUNT(*) FROM "personal_connections"  WHERE "personal_connections"."verb_id" = $1  [["verb_id", 793]]
11:08:49 web.1  |   [1m[36m (0.3ms)[0m  [1mSELECT COUNT(*) FROM "personal_connections"  WHERE "personal_connections"."verb_id" = $1[0m  [["verb_id", 793]]
11:08:49 web.1  |   [1m[36m (0.3ms)[0m  [1mSELECT COUNT(*) FROM "personal_connections"  WHERE "personal_connections"."verb_id" = $1[0m  [["verb_id", 702]]
11:08:49 web.1  |   [1m[35m (0.3ms)[0m  SELECT COUNT(*) FROM "personal_connections"  WHERE "personal_connections"."verb_id" = $1  [["verb_id", 702]]
11:08:49 web.1  |   [1m[36m (0.3ms)[0m  [1mSELECT COUNT(*) FROM "personal_connections"  WHERE "personal_connections"."verb_id" = $1[0m  [["verb_id", 50]]
11:08:49 web.1  |   [1m[35m (0.3ms)[0m  SELECT COUNT(*) FROM "personal_connections"  WHERE "personal_connections"."verb_id" = $1  [["verb_id", 50]]
11:08:49 web.1  |   [1m[35m (0.3ms)[0m  SELECT COUNT(*) FROM "personal_connections"  WHERE "personal_connections"."verb_id" = $1  [["verb_id", 394]]
11:08:49 web.1  |   [1m[36m (0.3ms)[0m  [1mSELECT COUNT(*) FROM "personal_connections"  WHERE "personal_connections"."verb_id" = $1[0m  [["verb_id", 394]]
11:08:49 web.1  |   [1m[36m (0.3ms)[0m  [1mSELECT COUNT(*) FROM "personal_connections"  WHERE "personal_connections"."verb_id" = $1[0m  [["verb_id", 526]]
11:08:49 web.1  |   [1m[35m (0.3ms)[0m  SELECT COUNT(*) FROM "personal_connections"  WHERE "personal_connections"."verb_id" = $1  [["verb_id", 526]]
11:08:49 web.1  |   [1m[35m (0.3ms)[0m  SELECT COUNT(*) FROM "personal_connections"  WHERE "personal_connections"."verb_id" = $1  [["verb_id", 1551]]
11:08:49 web.1  |   [1m[36m (0.3ms)[0m  [1mSELECT COUNT(*) FROM "personal_connections"  WHERE "personal_connections"."verb_id" = $1[0m  [["verb_id", 1254]]
11:08:49 web.1  |   [1m[36m (0.2ms)[0m  [1mSELECT COUNT(*) FROM "personal_connections"  WHERE "personal_connections"."verb_id" = $1[0m  [["verb_id", 1551]]
11:08:49 web.1  |   [1m[35m (0.4ms)[0m  SELECT COUNT(*) FROM "personal_connections"  WHERE "personal_connections"."verb_id" = $1  [["verb_id", 1489]]
11:08:49 web.1  |   [1m[35m (0.4ms)[0m  SELECT COUNT(*) FROM "personal_connections"  WHERE "personal_connections"."verb_id" = $1  [["verb_id", 1254]]
11:08:49 web.1  |   [1m[36m (0.3ms)[0m  [1mSELECT COUNT(*) FROM "personal_connections"  WHERE "personal_connections"."verb_id" = $1[0m  [["verb_id", 21]]
11:08:49 web.1  |   [1m[36m (0.2ms)[0m  [1mSELECT COUNT(*) FROM "personal_connections"  WHERE "personal_connections"."verb_id" = $1[0m  [["verb_id", 1489]]
11:08:49 web.1  |   [1m[35m (0.3ms)[0m  SELECT COUNT(*) FROM "personal_connections"  WHERE "personal_connections"."verb_id" = $1  [["verb_id", 935]]
11:08:49 web.1  |   [1m[35m (0.2ms)[0m  SELECT COUNT(*) FROM "personal_connections"  WHERE "personal_connections"."verb_id" = $1  [["verb_id", 21]]
11:08:49 web.1  |   [1m[36m (0.3ms)[0m  [1mSELECT COUNT(*) FROM "personal_connections"  WHERE "personal_connections"."verb_id" = $1[0m  [["verb_id", 1370]]
11:08:49 web.1  |   [1m[36m (0.5ms)[0m  [1mSELECT COUNT(*) FROM "personal_connections"  WHERE "personal_connections"."verb_id" = $1[0m  [["verb_id", 935]]
11:08:49 web.1  |   [1m[35m (0.3ms)[0m  SELECT COUNT(*) FROM "personal_connections"  WHERE "personal_connections"."verb_id" = $1  [["verb_id", 398]]
11:08:49 web.1  |   [1m[35m (0.3ms)[0m  SELECT COUNT(*) FROM "personal_connections"  WHERE "personal_connections"."verb_id" = $1  [["verb_id", 1370]]
11:08:49 web.1  |   [1m[36m (0.3ms)[0m  [1mSELECT COUNT(*) FROM "personal_connections"  WHERE "personal_connections"."verb_id" = $1[0m  [["verb_id", 58]]
11:08:49 web.1  |   [1m[36m (0.3ms)[0m  [1mSELECT COUNT(*) FROM "personal_connections"  WHERE "personal_connections"."verb_id" = $1[0m  [["verb_id", 398]]
11:08:49 web.1  |   [1m[35m (0.3ms)[0m  SELECT COUNT(*) FROM "personal_connections"  WHERE "personal_connections"."verb_id" = $1  [["verb_id", 177]]
11:08:49 web.1  |   [1m[35m (1.6ms)[0m  SELECT COUNT(*) FROM "personal_connections"  WHERE "personal_connections"."verb_id" = $1  [["verb_id", 58]]
11:08:49 web.1  |   [1m[36m (0.3ms)[0m  [1mSELECT COUNT(*) FROM "personal_connections"  WHERE "personal_connections"."verb_id" = $1[0m  [["verb_id", 582]]
11:08:49 web.1  |   [1m[36m (0.4ms)[0m  [1mSELECT COUNT(*) FROM "personal_connections"  WHERE "personal_connections"."verb_id" = $1[0m  [["verb_id", 177]]
11:08:49 web.1  |   [1m[35m (0.3ms)[0m  SELECT COUNT(*) FROM "personal_connections"  WHERE "personal_connections"."verb_id" = $1  [["verb_id", 1280]]
11:08:49 web.1  |   [1m[35m (0.3ms)[0m  SELECT COUNT(*) FROM "personal_connections"  WHERE "personal_connections"."verb_id" = $1  [["verb_id", 582]]
11:08:49 web.1  |   [1m[36m (0.2ms)[0m  [1mSELECT COUNT(*) FROM "personal_connections"  WHERE "personal_connections"."verb_id" = $1[0m  [["verb_id", 1148]]
11:08:49 web.1  |   [1m[35m (0.8ms)[0m  SELECT COUNT(*) FROM "personal_connections"  WHERE "personal_connections"."verb_id" = $1  [["verb_id", 354]]
11:08:49 web.1  |   [1m[36m (0.3ms)[0m  [1mSELECT COUNT(*) FROM "personal_connections"  WHERE "personal_connections"."verb_id" = $1[0m  [["verb_id", 1280]]
11:08:49 web.1  |   [1m[36m (0.3ms)[0m  [1mSELECT COUNT(*) FROM "personal_connections"  WHERE "personal_connections"."verb_id" = $1[0m  [["verb_id", 857]]
11:08:49 web.1  |   [1m[35m (0.3ms)[0m  SELECT COUNT(*) FROM "personal_connections"  WHERE "personal_connections"."verb_id" = $1  [["verb_id", 1148]]
11:08:49 web.1  |   [1m[35m (0.3ms)[0m  SELECT COUNT(*) FROM "personal_connections"  WHERE "personal_connections"."verb_id" = $1  [["verb_id", 1119]]
11:08:49 web.1  |   [1m[36m (0.3ms)[0m  [1mSELECT COUNT(*) FROM "personal_connections"  WHERE "personal_connections"."verb_id" = $1[0m  [["verb_id", 354]]
11:08:49 web.1  |   [1m[36m (0.3ms)[0m  [1mSELECT COUNT(*) FROM "personal_connections"  WHERE "personal_connections"."verb_id" = $1[0m  [["verb_id", 865]]
11:08:49 web.1  |   [1m[35m (0.3ms)[0m  SELECT COUNT(*) FROM "personal_connections"  WHERE "personal_connections"."verb_id" = $1  [["verb_id", 857]]
11:08:49 web.1  |   [1m[35m (0.3ms)[0m  SELECT COUNT(*) FROM "personal_connections"  WHERE "personal_connections"."verb_id" = $1  [["verb_id", 841]]
11:08:49 web.1  |   [1m[36m (0.3ms)[0m  [1mSELECT COUNT(*) FROM "personal_connections"  WHERE "personal_connections"."verb_id" = $1[0m  [["verb_id", 1119]]
11:08:49 web.1  |   [1m[36m (0.2ms)[0m  [1mSELECT COUNT(*) FROM "personal_connections"  WHERE "personal_connections"."verb_id" = $1[0m  [["verb_id", 1297]]
11:08:49 web.1  |   [1m[35m (0.3ms)[0m  SELECT COUNT(*) FROM "personal_connections"  WHERE "personal_connections"."verb_id" = $1  [["verb_id", 1529]]
11:08:49 web.1  |   [1m[35m (0.5ms)[0m  SELECT COUNT(*) FROM "personal_connections"  WHERE "personal_connections"."verb_id" = $1  [["verb_id", 865]]
11:08:49 web.1  |   [1m[36m (0.3ms)[0m  [1mSELECT COUNT(*) FROM "personal_connections"  WHERE "personal_connections"."verb_id" = $1[0m  [["verb_id", 55]]
11:08:49 web.1  |   [1m[36m (0.3ms)[0m  [1mSELECT COUNT(*) FROM "personal_connections"  WHERE "personal_connections"."verb_id" = $1[0m  [["verb_id", 841]]
11:08:49 web.1  |   [1m[35m (0.3ms)[0m  SELECT COUNT(*) FROM "personal_connections"  WHERE "personal_connections"."verb_id" = $1  [["verb_id", 181]]
11:08:49 web.1  |   [1m[35m (0.3ms)[0m  SELECT COUNT(*) FROM "personal_connections"  WHERE "personal_connections"."verb_id" = $1  [["verb_id", 1297]]
11:08:49 web.1  |   [1m[36m (0.3ms)[0m  [1mSELECT COUNT(*) FROM "personal_connections"  WHERE "personal_connections"."verb_id" = $1[0m  [["verb_id", 402]]
11:08:50 web.1  |   [1m[36m (0.3ms)[0m  [1mSELECT COUNT(*) FROM "personal_connections"  WHERE "personal_connections"."verb_id" = $1[0m  [["verb_id", 1529]]
11:08:50 web.1  |   [1m[35m (0.3ms)[0m  SELECT COUNT(*) FROM "personal_connections"  WHERE "personal_connections"."verb_id" = $1  [["verb_id", 1488]]
11:08:50 web.1  |   [1m[35m (0.3ms)[0m  SELECT COUNT(*) FROM "personal_connections"  WHERE "personal_connections"."verb_id" = $1  [["verb_id", 55]]
11:08:50 web.1  |   [1m[36m (0.3ms)[0m  [1mSELECT COUNT(*) FROM "personal_connections"  WHERE "personal_connections"."verb_id" = $1[0m  [["verb_id", 404]]
11:08:50 web.1  |   [1m[36m (0.3ms)[0m  [1mSELECT COUNT(*) FROM "personal_connections"  WHERE "personal_connections"."verb_id" = $1[0m  [["verb_id", 181]]
11:08:50 web.1  |   [1m[35m (0.4ms)[0m  SELECT COUNT(*) FROM "personal_connections"  WHERE "personal_connections"."verb_id" = $1  [["verb_id", 402]]
11:08:50 web.1  |   [1m[36m (0.4ms)[0m  [1mSELECT COUNT(*) FROM "personal_connections"  WHERE "personal_connections"."verb_id" = $1[0m  [["verb_id", 1488]]
11:08:50 web.1  |   [1m[35m (0.3ms)[0m  SELECT COUNT(*) FROM "personal_connections"  WHERE "personal_connections"."verb_id" = $1  [["verb_id", 338]]
11:08:50 web.1  |   [1m[35m (0.4ms)[0m  SELECT COUNT(*) FROM "personal_connections"  WHERE "personal_connections"."verb_id" = $1  [["verb_id", 404]]
11:08:50 web.1  |   [1m[36m (0.3ms)[0m  [1mSELECT COUNT(*) FROM "personal_connections"  WHERE "personal_connections"."verb_id" = $1[0m  [["verb_id", 919]]
11:08:50 web.1  |   [1m[36m (0.3ms)[0m  [1mSELECT COUNT(*) FROM "personal_connections"  WHERE "personal_connections"."verb_id" = $1[0m  [["verb_id", 338]]
11:08:50 web.1  |   [1m[35m (0.3ms)[0m  SELECT COUNT(*) FROM "personal_connections"  WHERE "personal_connections"."verb_id" = $1  [["verb_id", 1112]]
11:08:50 web.1  |   [1m[35m (0.3ms)[0m  SELECT COUNT(*) FROM "personal_connections"  WHERE "personal_connections"."verb_id" = $1  [["verb_id", 919]]
11:08:50 web.1  |   [1m[36m (0.6ms)[0m  [1mSELECT COUNT(*) FROM "personal_connections"  WHERE "personal_connections"."verb_id" = $1[0m  [["verb_id", 785]]
11:08:50 web.1  |   [1m[36m (0.3ms)[0m  [1mSELECT COUNT(*) FROM "personal_connections"  WHERE "personal_connections"."verb_id" = $1[0m  [["verb_id", 1112]]
11:08:50 web.1  |   [1m[35m (0.3ms)[0m  SELECT COUNT(*) FROM "personal_connections"  WHERE "personal_connections"."verb_id" = $1  [["verb_id", 658]]
11:08:50 web.1  |   [1m[36m (0.3ms)[0m  [1mSELECT COUNT(*) FROM "personal_connections"  WHERE "personal_connections"."verb_id" = $1[0m  [["verb_id", 320]]
11:08:50 web.1  |   [1m[35m (0.3ms)[0m  SELECT COUNT(*) FROM "personal_connections"  WHERE "personal_connections"."verb_id" = $1  [["verb_id", 785]]
11:08:50 web.1  |   [1m[36m (0.3ms)[0m  [1mSELECT COUNT(*) FROM "personal_connections"  WHERE "personal_connections"."verb_id" = $1[0m  [["verb_id", 658]]
11:08:50 web.1  |   [1m[35m (0.3ms)[0m  SELECT COUNT(*) FROM "personal_connections"  WHERE "personal_connections"."verb_id" = $1  [["verb_id", 1255]]
11:08:50 web.1  |   [1m[36m (0.4ms)[0m  [1mSELECT COUNT(*) FROM "personal_connections"  WHERE "personal_connections"."verb_id" = $1[0m  [["verb_id", 787]]
11:08:50 web.1  |   [1m[35m (0.3ms)[0m  SELECT COUNT(*) FROM "personal_connections"  WHERE "personal_connections"."verb_id" = $1  [["verb_id", 320]]
11:08:50 web.1  |   [1m[36m (0.3ms)[0m  [1mSELECT COUNT(*) FROM "personal_connections"  WHERE "personal_connections"."verb_id" = $1[0m  [["verb_id", 1255]]
11:08:50 web.1  |   [1m[35m (0.3ms)[0m  SELECT COUNT(*) FROM "personal_connections"  WHERE "personal_connections"."verb_id" = $1  [["verb_id", 1257]]
11:08:50 web.1  |   [1m[36m (0.3ms)[0m  [1mSELECT COUNT(*) FROM "personal_connections"  WHERE "personal_connections"."verb_id" = $1[0m  [["verb_id", 121]]
11:08:50 web.1  |   [1m[35m (0.3ms)[0m  SELECT COUNT(*) FROM "personal_connections"  WHERE "personal_connections"."verb_id" = $1  [["verb_id", 787]]
11:08:50 web.1  |   [1m[35m (0.5ms)[0m  SELECT COUNT(*) FROM "personal_connections"  WHERE "personal_connections"."verb_id" = $1  [["verb_id", 1144]]
11:08:50 web.1  |   [1m[36m (0.5ms)[0m  [1mSELECT COUNT(*) FROM "personal_connections"  WHERE "personal_connections"."verb_id" = $1[0m  [["verb_id", 1257]]
11:08:50 web.1  |   [1m[36m (0.3ms)[0m  [1mSELECT COUNT(*) FROM "personal_connections"  WHERE "personal_connections"."verb_id" = $1[0m  [["verb_id", 1143]]
11:08:50 web.1  |   [1m[35m (0.3ms)[0m  SELECT COUNT(*) FROM "personal_connections"  WHERE "personal_connections"."verb_id" = $1  [["verb_id", 121]]
11:08:50 web.1  |   [1m[35m (0.5ms)[0m  SELECT COUNT(*) FROM "personal_connections"  WHERE "personal_connections"."verb_id" = $1  [["verb_id", 1554]]
11:08:50 web.1  |   [1m[36m (0.5ms)[0m  [1mSELECT COUNT(*) FROM "personal_connections"  WHERE "personal_connections"."verb_id" = $1[0m  [["verb_id", 1144]]
11:08:50 web.1  |   [1m[36m (0.3ms)[0m  [1mSELECT COUNT(*) FROM "personal_connections"  WHERE "personal_connections"."verb_id" = $1[0m  [["verb_id", 1299]]
11:08:50 web.1  |   [1m[35m (0.3ms)[0m  SELECT COUNT(*) FROM "personal_connections"  WHERE "personal_connections"."verb_id" = $1  [["verb_id", 1143]]
11:08:50 web.1  |   [1m[35m (0.5ms)[0m  SELECT COUNT(*) FROM "personal_connections"  WHERE "personal_connections"."verb_id" = $1  [["verb_id", 768]]
11:08:50 web.1  |   [1m[36m (0.3ms)[0m  [1mSELECT COUNT(*) FROM "personal_connections"  WHERE "personal_connections"."verb_id" = $1[0m  [["verb_id", 1554]]
11:08:50 web.1  |   [1m[36m (0.3ms)[0m  [1mSELECT COUNT(*) FROM "personal_connections"  WHERE "personal_connections"."verb_id" = $1[0m  [["verb_id", 725]]
11:08:50 web.1  |   [1m[35m (0.5ms)[0m  SELECT COUNT(*) FROM "personal_connections"  WHERE "personal_connections"."verb_id" = $1  [["verb_id", 1299]]
11:08:50 web.1  |   [1m[35m (0.5ms)[0m  SELECT COUNT(*) FROM "personal_connections"  WHERE "personal_connections"."verb_id" = $1  [["verb_id", 1394]]
11:08:50 web.1  |   [1m[36m (0.3ms)[0m  [1mSELECT COUNT(*) FROM "personal_connections"  WHERE "personal_connections"."verb_id" = $1[0m  [["verb_id", 768]]
11:08:50 web.1  |   [1m[36m (0.5ms)[0m  [1mSELECT COUNT(*) FROM "personal_connections"  WHERE "personal_connections"."verb_id" = $1[0m  [["verb_id", 1201]]
11:08:50 web.1  |   [1m[35m (0.5ms)[0m  SELECT COUNT(*) FROM "personal_connections"  WHERE "personal_connections"."verb_id" = $1  [["verb_id", 725]]
11:08:50 web.1  |   [1m[35m (0.5ms)[0m  SELECT COUNT(*) FROM "personal_connections"  WHERE "personal_connections"."verb_id" = $1  [["verb_id", 610]]
11:08:50 web.1  |   [1m[36m (0.3ms)[0m  [1mSELECT COUNT(*) FROM "personal_connections"  WHERE "personal_connections"."verb_id" = $1[0m  [["verb_id", 1394]]
11:08:50 web.1  |   [1m[36m (0.3ms)[0m  [1mSELECT COUNT(*) FROM "personal_connections"  WHERE "personal_connections"."verb_id" = $1[0m  [["verb_id", 1539]]
11:08:50 web.1  |   [1m[35m (0.3ms)[0m  SELECT COUNT(*) FROM "personal_connections"  WHERE "personal_connections"."verb_id" = $1  [["verb_id", 1201]]
11:08:50 web.1  |   [1m[35m (0.5ms)[0m  SELECT COUNT(*) FROM "personal_connections"  WHERE "personal_connections"."verb_id" = $1  [["verb_id", 1405]]
11:08:50 web.1  |   [1m[36m (1.6ms)[0m  [1mSELECT COUNT(*) FROM "personal_connections"  WHERE "personal_connections"."verb_id" = $1[0m  [["verb_id", 610]]
11:08:50 web.1  |   [1m[36m (0.5ms)[0m  [1mSELECT COUNT(*) FROM "personal_connections"  WHERE "personal_connections"."verb_id" = $1[0m  [["verb_id", 1379]]
11:08:50 web.1  |   [1m[35m (0.5ms)[0m  SELECT COUNT(*) FROM "personal_connections"  WHERE "personal_connections"."verb_id" = $1  [["verb_id", 1539]]
11:08:50 web.1  |   [1m[35m (0.7ms)[0m  SELECT COUNT(*) FROM "personal_connections"  WHERE "personal_connections"."verb_id" = $1  [["verb_id", 238]]
11:08:50 web.1  |   [1m[36m (0.4ms)[0m  [1mSELECT COUNT(*) FROM "personal_connections"  WHERE "personal_connections"."verb_id" = $1[0m  [["verb_id", 1425]]
11:08:50 web.1  |   [1m[35m (0.3ms)[0m  SELECT COUNT(*) FROM "personal_connections"  WHERE "personal_connections"."verb_id" = $1  [["verb_id", 1484]]
11:08:50 web.1  |   [1m[36m (0.3ms)[0m  [1mSELECT COUNT(*) FROM "personal_connections"  WHERE "personal_connections"."verb_id" = $1[0m  [["verb_id", 792]]
11:08:50 web.1  |   [1m[35m (0.3ms)[0m  SELECT COUNT(*) FROM "personal_connections"  WHERE "personal_connections"."verb_id" = $1  [["verb_id", 1431]]
11:08:50 web.1  |   [1m[36m (0.3ms)[0m  [1mSELECT COUNT(*) FROM "personal_connections"  WHERE "personal_connections"."verb_id" = $1[0m  [["verb_id", 1405]]
11:08:50 web.1  |   [1m[36m (0.3ms)[0m  [1mSELECT COUNT(*) FROM "personal_connections"  WHERE "personal_connections"."verb_id" = $1[0m  [["verb_id", 761]]
11:08:50 web.1  |   [1m[35m (0.3ms)[0m  SELECT COUNT(*) FROM "personal_connections"  WHERE "personal_connections"."verb_id" = $1  [["verb_id", 1379]]
11:08:50 web.1  |   [1m[35m (0.3ms)[0m  SELECT COUNT(*) FROM "personal_connections"  WHERE "personal_connections"."verb_id" = $1  [["verb_id", 1038]]
11:08:50 web.1  |   [1m[36m (0.5ms)[0m  [1mSELECT COUNT(*) FROM "personal_connections"  WHERE "personal_connections"."verb_id" = $1[0m  [["verb_id", 238]]
11:08:50 web.1  |   [1m[36m (0.3ms)[0m  [1mSELECT COUNT(*) FROM "personal_connections"  WHERE "personal_connections"."verb_id" = $1[0m  [["verb_id", 1278]]
11:08:50 web.1  |   [1m[35m (0.3ms)[0m  SELECT COUNT(*) FROM "personal_connections"  WHERE "personal_connections"."verb_id" = $1  [["verb_id", 1425]]
11:08:50 web.1  |   [1m[35m (0.3ms)[0m  SELECT COUNT(*) FROM "personal_connections"  WHERE "personal_connections"."verb_id" = $1  [["verb_id", 1016]]
11:08:50 web.1  |   [1m[36m (0.3ms)[0m  [1mSELECT COUNT(*) FROM "personal_connections"  WHERE "personal_connections"."verb_id" = $1[0m  [["verb_id", 1484]]
11:08:50 web.1  |   [1m[36m (0.3ms)[0m  [1mSELECT COUNT(*) FROM "personal_connections"  WHERE "personal_connections"."verb_id" = $1[0m  [["verb_id", 815]]
11:08:50 web.1  |   [1m[35m (0.2ms)[0m  SELECT COUNT(*) FROM "personal_connections"  WHERE "personal_connections"."verb_id" = $1  [["verb_id", 1476]]
11:08:50 web.1  |   [1m[35m (0.3ms)[0m  SELECT COUNT(*) FROM "personal_connections"  WHERE "personal_connections"."verb_id" = $1  [["verb_id", 792]]
11:08:50 web.1  |   [1m[36m (0.3ms)[0m  [1mSELECT COUNT(*) FROM "personal_connections"  WHERE "personal_connections"."verb_id" = $1[0m  [["verb_id", 665]]
11:08:50 web.1  |   [1m[36m (0.2ms)[0m  [1mSELECT COUNT(*) FROM "personal_connections"  WHERE "personal_connections"."verb_id" = $1[0m  [["verb_id", 1431]]
11:08:50 web.1  |   [1m[35m (0.3ms)[0m  SELECT COUNT(*) FROM "personal_connections"  WHERE "personal_connections"."verb_id" = $1  [["verb_id", 1477]]
11:08:50 web.1  |   [1m[35m (0.3ms)[0m  SELECT COUNT(*) FROM "personal_connections"  WHERE "personal_connections"."verb_id" = $1  [["verb_id", 761]]
11:08:50 web.1  |   [1m[36m (0.3ms)[0m  [1mSELECT COUNT(*) FROM "personal_connections"  WHERE "personal_connections"."verb_id" = $1[0m  [["verb_id", 1026]]
11:08:50 web.1  |   [1m[36m (0.4ms)[0m  [1mSELECT COUNT(*) FROM "personal_connections"  WHERE "personal_connections"."verb_id" = $1[0m  [["verb_id", 1038]]
11:08:50 web.1  |   [1m[35m (0.3ms)[0m  SELECT COUNT(*) FROM "personal_connections"  WHERE "personal_connections"."verb_id" = $1  [["verb_id", 1042]]
11:08:50 web.1  |   [1m[35m (0.2ms)[0m  SELECT COUNT(*) FROM "personal_connections"  WHERE "personal_connections"."verb_id" = $1  [["verb_id", 1278]]
11:08:50 web.1  |   [1m[36m (0.3ms)[0m  [1mSELECT COUNT(*) FROM "personal_connections"  WHERE "personal_connections"."verb_id" = $1[0m  [["verb_id", 724]]
11:08:50 web.1  |   [1m[36m (0.2ms)[0m  [1mSELECT COUNT(*) FROM "personal_connections"  WHERE "personal_connections"."verb_id" = $1[0m  [["verb_id", 1016]]
11:08:50 web.1  |   [1m[35m (0.3ms)[0m  SELECT COUNT(*) FROM "personal_connections"  WHERE "personal_connections"."verb_id" = $1  [["verb_id", 1558]]
11:08:50 web.1  |   [1m[35m (0.2ms)[0m  SELECT COUNT(*) FROM "personal_connections"  WHERE "personal_connections"."verb_id" = $1  [["verb_id", 815]]
11:08:50 web.1  |   [1m[36m (0.3ms)[0m  [1mSELECT COUNT(*) FROM "personal_connections"  WHERE "personal_connections"."verb_id" = $1[0m  [["verb_id", 213]]
11:08:50 web.1  |   [1m[36m (0.2ms)[0m  [1mSELECT COUNT(*) FROM "personal_connections"  WHERE "personal_connections"."verb_id" = $1[0m  [["verb_id", 1476]]
11:08:50 web.1  |   [1m[35m (0.3ms)[0m  SELECT COUNT(*) FROM "personal_connections"  WHERE "personal_connections"."verb_id" = $1  [["verb_id", 1474]]
11:08:50 web.1  |   [1m[35m (0.3ms)[0m  SELECT COUNT(*) FROM "personal_connections"  WHERE "personal_connections"."verb_id" = $1  [["verb_id", 665]]
11:08:50 web.1  |   [1m[36m (0.3ms)[0m  [1mSELECT COUNT(*) FROM "personal_connections"  WHERE "personal_connections"."verb_id" = $1[0m  [["verb_id", 1245]]
11:08:50 web.1  |   [1m[36m (0.4ms)[0m  [1mSELECT COUNT(*) FROM "personal_connections"  WHERE "personal_connections"."verb_id" = $1[0m  [["verb_id", 1477]]
11:08:50 web.1  |   [1m[35m (0.3ms)[0m  SELECT COUNT(*) FROM "personal_connections"  WHERE "personal_connections"."verb_id" = $1  [["verb_id", 476]]
11:08:50 web.1  |   [1m[35m (0.3ms)[0m  SELECT COUNT(*) FROM "personal_connections"  WHERE "personal_connections"."verb_id" = $1  [["verb_id", 1026]]
11:08:50 web.1  |   [1m[36m (0.3ms)[0m  [1mSELECT COUNT(*) FROM "personal_connections"  WHERE "personal_connections"."verb_id" = $1[0m  [["verb_id", 1167]]
11:08:50 web.1  |   [1m[36m (0.3ms)[0m  [1mSELECT COUNT(*) FROM "personal_connections"  WHERE "personal_connections"."verb_id" = $1[0m  [["verb_id", 1042]]
11:08:50 web.1  |   [1m[35m (0.3ms)[0m  SELECT COUNT(*) FROM "personal_connections"  WHERE "personal_connections"."verb_id" = $1  [["verb_id", 756]]
11:08:50 web.1  |   [1m[35m (0.3ms)[0m  SELECT COUNT(*) FROM "personal_connections"  WHERE "personal_connections"."verb_id" = $1  [["verb_id", 724]]
11:08:50 web.1  |   [1m[36m (0.3ms)[0m  [1mSELECT COUNT(*) FROM "personal_connections"  WHERE "personal_connections"."verb_id" = $1[0m  [["verb_id", 1313]]
11:08:50 web.1  |   [1m[36m (0.3ms)[0m  [1mSELECT COUNT(*) FROM "personal_connections"  WHERE "personal_connections"."verb_id" = $1[0m  [["verb_id", 1558]]
11:08:50 web.1  |   [1m[35m (0.3ms)[0m  SELECT COUNT(*) FROM "personal_connections"  WHERE "personal_connections"."verb_id" = $1  [["verb_id", 1415]]
11:08:50 web.1  |   [1m[35m (0.3ms)[0m  SELECT COUNT(*) FROM "personal_connections"  WHERE "personal_connections"."verb_id" = $1  [["verb_id", 213]]
11:08:50 web.1  |   [1m[36m (0.3ms)[0m  [1mSELECT COUNT(*) FROM "personal_connections"  WHERE "personal_connections"."verb_id" = $1[0m  [["verb_id", 1327]]
11:08:50 web.1  |   [1m[36m (0.3ms)[0m  [1mSELECT COUNT(*) FROM "personal_connections"  WHERE "personal_connections"."verb_id" = $1[0m  [["verb_id", 1474]]
11:08:50 web.1  |   [1m[35m (0.4ms)[0m  SELECT COUNT(*) FROM "personal_connections"  WHERE "personal_connections"."verb_id" = $1  [["verb_id", 1084]]
11:08:50 web.1  |   [1m[36m (0.3ms)[0m  [1mSELECT COUNT(*) FROM "personal_connections"  WHERE "personal_connections"."verb_id" = $1[0m  [["verb_id", 1242]]
11:08:50 web.1  |   [1m[35m (0.3ms)[0m  SELECT COUNT(*) FROM "personal_connections"  WHERE "personal_connections"."verb_id" = $1  [["verb_id", 1245]]
11:08:50 web.1  |   [1m[35m (0.2ms)[0m  SELECT COUNT(*) FROM "personal_connections"  WHERE "personal_connections"."verb_id" = $1  [["verb_id", 1430]]
11:08:50 web.1  |   [1m[36m (0.3ms)[0m  [1mSELECT COUNT(*) FROM "personal_connections"  WHERE "personal_connections"."verb_id" = $1[0m  [["verb_id", 791]]
11:08:50 web.1  |   [1m[36m (0.3ms)[0m  [1mSELECT COUNT(*) FROM "personal_connections"  WHERE "personal_connections"."verb_id" = $1[0m  [["verb_id", 476]]
11:08:50 web.1  |   [1m[35m (0.3ms)[0m  SELECT COUNT(*) FROM "personal_connections"  WHERE "personal_connections"."verb_id" = $1  [["verb_id", 1167]]
11:08:50 web.1  |   [1m[36m (0.3ms)[0m  [1mSELECT COUNT(*) FROM "personal_connections"  WHERE "personal_connections"."verb_id" = $1[0m  [["verb_id", 756]]
11:08:50 web.1  |   [1m[35m (11.9ms)[0m  SELECT COUNT(*) FROM "personal_connections"  WHERE "personal_connections"."verb_id" = $1  [["verb_id", 1448]]
11:08:50 web.1  |   [1m[36m (0.3ms)[0m  [1mSELECT COUNT(*) FROM "personal_connections"  WHERE "personal_connections"."verb_id" = $1[0m  [["verb_id", 598]]
11:08:50 web.1  |   [1m[35m (0.3ms)[0m  SELECT COUNT(*) FROM "personal_connections"  WHERE "personal_connections"."verb_id" = $1  [["verb_id", 494]]
11:08:50 web.1  |   [1m[36m (0.4ms)[0m  [1mSELECT COUNT(*) FROM "personal_connections"  WHERE "personal_connections"."verb_id" = $1[0m  [["verb_id", 1226]]
11:08:50 web.1  |   [1m[35m (0.3ms)[0m  SELECT COUNT(*) FROM "personal_connections"  WHERE "personal_connections"."verb_id" = $1  [["verb_id", 388]]
11:08:50 web.1  |   [1m[35m (1.0ms)[0m  SELECT COUNT(*) FROM "personal_connections"  WHERE "personal_connections"."verb_id" = $1  [["verb_id", 1313]]
11:08:50 web.1  |   [1m[36m (0.3ms)[0m  [1mSELECT COUNT(*) FROM "personal_connections"  WHERE "personal_connections"."verb_id" = $1[0m  [["verb_id", 1415]]
11:08:50 web.1  |   [1m[36m (0.3ms)[0m  [1mSELECT COUNT(*) FROM "personal_connections"  WHERE "personal_connections"."verb_id" = $1[0m  [["verb_id", 1322]]
11:08:50 web.1  |   [1m[35m (0.3ms)[0m  SELECT COUNT(*) FROM "personal_connections"  WHERE "personal_connections"."verb_id" = $1  [["verb_id", 1247]]
11:08:50 web.1  |   [1m[35m (0.3ms)[0m  SELECT COUNT(*) FROM "personal_connections"  WHERE "personal_connections"."verb_id" = $1  [["verb_id", 1327]]
11:08:50 web.1  |   [1m[36m (0.2ms)[0m  [1mSELECT COUNT(*) FROM "personal_connections"  WHERE "personal_connections"."verb_id" = $1[0m  [["verb_id", 1319]]
11:08:50 web.1  |   [1m[36m (0.3ms)[0m  [1mSELECT COUNT(*) FROM "personal_connections"  WHERE "personal_connections"."verb_id" = $1[0m  [["verb_id", 1084]]
11:08:50 web.1  |   [1m[35m (0.2ms)[0m  SELECT COUNT(*) FROM "personal_connections"  WHERE "personal_connections"."verb_id" = $1  [["verb_id", 1081]]
11:08:50 web.1  |   [1m[35m (0.3ms)[0m  SELECT COUNT(*) FROM "personal_connections"  WHERE "personal_connections"."verb_id" = $1  [["verb_id", 1242]]
11:08:50 web.1  |   [1m[36m (0.5ms)[0m  [1mSELECT COUNT(*) FROM "personal_connections"  WHERE "personal_connections"."verb_id" = $1[0m  [["verb_id", 312]]
11:08:50 web.1  |   [1m[36m (0.3ms)[0m  [1mSELECT COUNT(*) FROM "personal_connections"  WHERE "personal_connections"."verb_id" = $1[0m  [["verb_id", 1430]]
11:08:50 web.1  |   [1m[35m (0.3ms)[0m  SELECT COUNT(*) FROM "personal_connections"  WHERE "personal_connections"."verb_id" = $1  [["verb_id", 1027]]
11:08:50 web.1  |   [1m[36m (0.3ms)[0m  [1mSELECT COUNT(*) FROM "personal_connections"  WHERE "personal_connections"."verb_id" = $1[0m  [["verb_id", 940]]
11:08:50 web.1  |   [1m[35m (0.3ms)[0m  SELECT COUNT(*) FROM "personal_connections"  WHERE "personal_connections"."verb_id" = $1  [["verb_id", 1320]]
11:08:50 web.1  |   [1m[35m (9.5ms)[0m  SELECT COUNT(*) FROM "personal_connections"  WHERE "personal_connections"."verb_id" = $1  [["verb_id", 791]]
11:08:50 web.1  |   [1m[36m (0.3ms)[0m  [1mSELECT COUNT(*) FROM "personal_connections"  WHERE "personal_connections"."verb_id" = $1[0m  [["verb_id", 1157]]
11:08:50 web.1  |   [1m[36m (0.3ms)[0m  [1mSELECT COUNT(*) FROM "personal_connections"  WHERE "personal_connections"."verb_id" = $1[0m  [["verb_id", 1448]]
11:08:50 web.1  |   [1m[35m (0.4ms)[0m  SELECT COUNT(*) FROM "personal_connections"  WHERE "personal_connections"."verb_id" = $1  [["verb_id", 598]]
11:08:50 web.1  |   [1m[35m (0.3ms)[0m  SELECT COUNT(*) FROM "personal_connections"  WHERE "personal_connections"."verb_id" = $1  [["verb_id", 1243]]
11:08:50 web.1  |   [1m[36m (0.3ms)[0m  [1mSELECT COUNT(*) FROM "personal_connections"  WHERE "personal_connections"."verb_id" = $1[0m  [["verb_id", 494]]
11:08:50 web.1  |   [1m[36m (0.3ms)[0m  [1mSELECT COUNT(*) FROM "personal_connections"  WHERE "personal_connections"."verb_id" = $1[0m  [["verb_id", 936]]
11:08:50 web.1  |   [1m[35m (0.3ms)[0m  SELECT COUNT(*) FROM "personal_connections"  WHERE "personal_connections"."verb_id" = $1  [["verb_id", 1226]]
11:08:50 web.1  |   [1m[35m (0.3ms)[0m  SELECT COUNT(*) FROM "personal_connections"  WHERE "personal_connections"."verb_id" = $1  [["verb_id", 1392]]
11:08:50 web.1  |   [1m[36m (0.3ms)[0m  [1mSELECT COUNT(*) FROM "personal_connections"  WHERE "personal_connections"."verb_id" = $1[0m  [["verb_id", 388]]
11:08:50 web.1  |   [1m[36m (0.4ms)[0m  [1mSELECT COUNT(*) FROM "personal_connections"  WHERE "personal_connections"."verb_id" = $1[0m  [["verb_id", 977]]
11:08:50 web.1  |   [1m[35m (0.3ms)[0m  SELECT COUNT(*) FROM "personal_connections"  WHERE "personal_connections"."verb_id" = $1  [["verb_id", 1322]]
11:08:50 web.1  |   [1m[35m (0.3ms)[0m  SELECT COUNT(*) FROM "personal_connections"  WHERE "personal_connections"."verb_id" = $1  [["verb_id", 45]]
11:08:50 web.1  |   [1m[36m (0.3ms)[0m  [1mSELECT COUNT(*) FROM "personal_connections"  WHERE "personal_connections"."verb_id" = $1[0m  [["verb_id", 1247]]
11:08:50 web.1  |   [1m[36m (0.3ms)[0m  [1mSELECT COUNT(*) FROM "personal_connections"  WHERE "personal_connections"."verb_id" = $1[0m  [["verb_id", 418]]
11:08:50 web.1  |   [1m[35m (0.3ms)[0m  SELECT COUNT(*) FROM "personal_connections"  WHERE "personal_connections"."verb_id" = $1  [["verb_id", 1319]]
11:08:50 web.1  |   [1m[35m (0.3ms)[0m  SELECT COUNT(*) FROM "personal_connections"  WHERE "personal_connections"."verb_id" = $1  [["verb_id", 1268]]
11:08:50 web.1  |   [1m[36m (0.3ms)[0m  [1mSELECT COUNT(*) FROM "personal_connections"  WHERE "personal_connections"."verb_id" = $1[0m  [["verb_id", 1081]]
11:08:50 web.1  |   [1m[36m (0.3ms)[0m  [1mSELECT COUNT(*) FROM "personal_connections"  WHERE "personal_connections"."verb_id" = $1[0m  [["verb_id", 1121]]
11:08:50 web.1  |   [1m[35m (0.3ms)[0m  SELECT COUNT(*) FROM "personal_connections"  WHERE "personal_connections"."verb_id" = $1  [["verb_id", 312]]
11:08:50 web.1  |   [1m[35m (0.3ms)[0m  SELECT COUNT(*) FROM "personal_connections"  WHERE "personal_connections"."verb_id" = $1  [["verb_id", 1570]]
11:08:50 web.1  |   [1m[36m (0.4ms)[0m  [1mSELECT COUNT(*) FROM "personal_connections"  WHERE "personal_connections"."verb_id" = $1[0m  [["verb_id", 1027]]
11:08:50 web.1  |   [1m[36m (0.4ms)[0m  [1mSELECT COUNT(*) FROM "personal_connections"  WHERE "personal_connections"."verb_id" = $1[0m  [["verb_id", 1583]]
11:08:50 web.1  |   [1m[35m (0.3ms)[0m  SELECT COUNT(*) FROM "personal_connections"  WHERE "personal_connections"."verb_id" = $1  [["verb_id", 940]]
11:08:50 web.1  |   [1m[35m (0.3ms)[0m  SELECT COUNT(*) FROM "personal_connections"  WHERE "personal_connections"."verb_id" = $1  [["verb_id", 1531]]
11:08:50 web.1  |   [1m[36m (0.3ms)[0m  [1mSELECT COUNT(*) FROM "personal_connections"  WHERE "personal_connections"."verb_id" = $1[0m  [["verb_id", 1561]]
11:08:50 web.1  |   [1m[35m (0.3ms)[0m  SELECT COUNT(*) FROM "personal_connections"  WHERE "personal_connections"."verb_id" = $1  [["verb_id", 1473]]
11:08:50 web.1  |   [1m[36m (0.3ms)[0m  [1mSELECT COUNT(*) FROM "personal_connections"  WHERE "personal_connections"."verb_id" = $1[0m  [["verb_id", 1339]]
11:08:50 web.1  |   [1m[36m (0.3ms)[0m  [1mSELECT COUNT(*) FROM "personal_connections"  WHERE "personal_connections"."verb_id" = $1[0m  [["verb_id", 1320]]
11:08:50 web.1  |   [1m[35m (0.3ms)[0m  SELECT COUNT(*) FROM "personal_connections"  WHERE "personal_connections"."verb_id" = $1  [["verb_id", 1455]]
11:08:50 web.1  |   [1m[35m (0.4ms)[0m  SELECT COUNT(*) FROM "personal_connections"  WHERE "personal_connections"."verb_id" = $1  [["verb_id", 1157]]
11:08:50 web.1  |   [1m[36m (0.3ms)[0m  [1mSELECT COUNT(*) FROM "personal_connections"  WHERE "personal_connections"."verb_id" = $1[0m  [["verb_id", 1252]]
11:08:50 web.1  |   [1m[35m (0.4ms)[0m  SELECT COUNT(*) FROM "personal_connections"  WHERE "personal_connections"."verb_id" = $1  [["verb_id", 1087]]
11:08:50 web.1  |   [1m[36m (0.3ms)[0m  [1mSELECT COUNT(*) FROM "personal_connections"  WHERE "personal_connections"."verb_id" = $1[0m  [["verb_id", 1243]]
11:08:50 web.1  |   [1m[36m (0.3ms)[0m  [1mSELECT COUNT(*) FROM "personal_connections"  WHERE "personal_connections"."verb_id" = $1[0m  [["verb_id", 769]]
11:08:50 web.1  |   [1m[35m (0.6ms)[0m  SELECT COUNT(*) FROM "personal_connections"  WHERE "personal_connections"."verb_id" = $1  [["verb_id", 936]]
11:08:50 web.1  |   [1m[35m (0.3ms)[0m  SELECT COUNT(*) FROM "personal_connections"  WHERE "personal_connections"."verb_id" = $1  [["verb_id", 720]]
11:08:50 web.1  |   [1m[36m (0.3ms)[0m  [1mSELECT COUNT(*) FROM "personal_connections"  WHERE "personal_connections"."verb_id" = $1[0m  [["verb_id", 1392]]
11:08:50 web.1  |   [1m[36m (0.5ms)[0m  [1mSELECT COUNT(*) FROM "personal_connections"  WHERE "personal_connections"."verb_id" = $1[0m  [["verb_id", 157]]
11:08:50 web.1  |   [1m[35m (0.3ms)[0m  SELECT COUNT(*) FROM "personal_connections"  WHERE "personal_connections"."verb_id" = $1  [["verb_id", 977]]
11:08:50 web.1  |   [1m[35m (0.2ms)[0m  SELECT COUNT(*) FROM "personal_connections"  WHERE "personal_connections"."verb_id" = $1  [["verb_id", 1397]]
11:08:50 web.1  |   [1m[36m (0.4ms)[0m  [1mSELECT COUNT(*) FROM "personal_connections"  WHERE "personal_connections"."verb_id" = $1[0m  [["verb_id", 45]]
11:08:50 web.1  |   [1m[36m (0.4ms)[0m  [1mSELECT COUNT(*) FROM "personal_connections"  WHERE "personal_connections"."verb_id" = $1[0m  [["verb_id", 1432]]
11:08:50 web.1  |   [1m[35m (0.4ms)[0m  SELECT COUNT(*) FROM "personal_connections"  WHERE "personal_connections"."verb_id" = $1  [["verb_id", 418]]
11:08:50 web.1  |   [1m[36m (0.3ms)[0m  [1mSELECT COUNT(*) FROM "personal_connections"  WHERE "personal_connections"."verb_id" = $1[0m  [["verb_id", 1268]]
11:08:50 web.1  |   [1m[35m (0.2ms)[0m  SELECT COUNT(*) FROM "personal_connections"  WHERE "personal_connections"."verb_id" = $1  [["verb_id", 1429]]
11:08:50 web.1  |   [1m[36m (0.3ms)[0m  [1mSELECT COUNT(*) FROM "personal_connections"  WHERE "personal_connections"."verb_id" = $1[0m  [["verb_id", 1567]]
11:08:50 web.1  |   [1m[35m (0.3ms)[0m  SELECT COUNT(*) FROM "personal_connections"  WHERE "personal_connections"."verb_id" = $1  [["verb_id", 1581]]
11:08:50 web.1  |   [1m[35m (0.3ms)[0m  SELECT COUNT(*) FROM "personal_connections"  WHERE "personal_connections"."verb_id" = $1  [["verb_id", 1121]]
11:08:50 web.1  |   [1m[36m (0.3ms)[0m  [1mSELECT COUNT(*) FROM "personal_connections"  WHERE "personal_connections"."verb_id" = $1[0m  [["verb_id", 1570]]
11:08:50 web.1  |   [1m[36m (11.6ms)[0m  [1mSELECT COUNT(*) FROM "personal_connections"  WHERE "personal_connections"."verb_id" = $1[0m  [["verb_id", 1580]]
11:08:50 web.1  |   [1m[35m (0.7ms)[0m  SELECT COUNT(*) FROM "personal_connections"  WHERE "personal_connections"."verb_id" = $1  [["verb_id", 795]]
11:08:50 web.1  |   [1m[36m (0.3ms)[0m  [1mSELECT COUNT(*) FROM "personal_connections"  WHERE "personal_connections"."verb_id" = $1[0m  [["verb_id", 1091]]
11:08:50 web.1  |   [1m[35m (0.3ms)[0m  SELECT COUNT(*) FROM "personal_connections"  WHERE "personal_connections"."verb_id" = $1  [["verb_id", 290]]
11:08:50 web.1  |   [1m[36m (0.3ms)[0m  [1mSELECT COUNT(*) FROM "personal_connections"  WHERE "personal_connections"."verb_id" = $1[0m  [["verb_id", 860]]
11:08:50 web.1  |   [1m[35m (0.3ms)[0m  SELECT COUNT(*) FROM "personal_connections"  WHERE "personal_connections"."verb_id" = $1  [["verb_id", 830]]
11:08:50 web.1  |   [1m[36m (0.3ms)[0m  [1mSELECT COUNT(*) FROM "personal_connections"  WHERE "personal_connections"."verb_id" = $1[0m  [["verb_id", 1196]]
11:08:50 web.1  |   [1m[35m (0.6ms)[0m  SELECT COUNT(*) FROM "personal_connections"  WHERE "personal_connections"."verb_id" = $1  [["verb_id", 318]]
11:08:50 web.1  |   [1m[35m (0.3ms)[0m  SELECT COUNT(*) FROM "personal_connections"  WHERE "personal_connections"."verb_id" = $1  [["verb_id", 1583]]
11:08:50 web.1  |   [1m[36m (0.3ms)[0m  [1mSELECT COUNT(*) FROM "personal_connections"  WHERE "personal_connections"."verb_id" = $1[0m  [["verb_id", 1531]]
11:08:50 web.1  |   [1m[35m (0.3ms)[0m  SELECT COUNT(*) FROM "personal_connections"  WHERE "personal_connections"."verb_id" = $1  [["verb_id", 1561]]
11:08:50 web.1  |   [1m[36m (40.5ms)[0m  [1mSELECT COUNT(*) FROM "personal_connections"  WHERE "personal_connections"."verb_id" = $1[0m  [["verb_id", 374]]
11:08:50 web.1  |   [1m[36m (0.3ms)[0m  [1mSELECT COUNT(*) FROM "personal_connections"  WHERE "personal_connections"."verb_id" = $1[0m  [["verb_id", 1473]]
11:08:50 web.1  |   [1m[35m (0.2ms)[0m  SELECT COUNT(*) FROM "personal_connections"  WHERE "personal_connections"."verb_id" = $1  [["verb_id", 984]]
11:08:50 web.1  |   [1m[35m (0.4ms)[0m  SELECT COUNT(*) FROM "personal_connections"  WHERE "personal_connections"."verb_id" = $1  [["verb_id", 1339]]
11:08:50 web.1  |   [1m[36m (0.5ms)[0m  [1mSELECT COUNT(*) FROM "personal_connections"  WHERE "personal_connections"."verb_id" = $1[0m  [["verb_id", 1391]]
11:08:50 web.1  |   [1m[36m (0.3ms)[0m  [1mSELECT COUNT(*) FROM "personal_connections"  WHERE "personal_connections"."verb_id" = $1[0m  [["verb_id", 1455]]
11:08:50 web.1  |   [1m[35m (0.2ms)[0m  SELECT COUNT(*) FROM "personal_connections"  WHERE "personal_connections"."verb_id" = $1  [["verb_id", 270]]
11:08:50 web.1  |   [1m[35m (0.3ms)[0m  SELECT COUNT(*) FROM "personal_connections"  WHERE "personal_connections"."verb_id" = $1  [["verb_id", 1252]]
11:08:50 web.1  |   [1m[36m (0.2ms)[0m  [1mSELECT COUNT(*) FROM "personal_connections"  WHERE "personal_connections"."verb_id" = $1[0m  [["verb_id", 428]]
11:08:50 web.1  |   [1m[36m (0.3ms)[0m  [1mSELECT COUNT(*) FROM "personal_connections"  WHERE "personal_connections"."verb_id" = $1[0m  [["verb_id", 1087]]
11:08:50 web.1  |   [1m[35m (0.2ms)[0m  SELECT COUNT(*) FROM "personal_connections"  WHERE "personal_connections"."verb_id" = $1  [["verb_id", 1131]]
11:08:50 web.1  |   [1m[36m (0.2ms)[0m  [1mSELECT COUNT(*) FROM "personal_connections"  WHERE "personal_connections"."verb_id" = $1[0m  [["verb_id", 1352]]
11:08:50 web.1  |   [1m[35m (0.3ms)[0m  SELECT COUNT(*) FROM "personal_connections"  WHERE "personal_connections"."verb_id" = $1  [["verb_id", 769]]
11:08:50 web.1  |   [1m[36m (0.4ms)[0m  [1mSELECT COUNT(*) FROM "personal_connections"  WHERE "personal_connections"."verb_id" = $1[0m  [["verb_id", 720]]
11:08:50 web.1  |   [1m[35m (0.5ms)[0m  SELECT COUNT(*) FROM "personal_connections"  WHERE "personal_connections"."verb_id" = $1  [["verb_id", 1568]]
11:08:50 web.1  |   [1m[36m (0.2ms)[0m  [1mSELECT COUNT(*) FROM "personal_connections"  WHERE "personal_connections"."verb_id" = $1[0m  [["verb_id", 978]]
11:08:50 web.1  |   [1m[35m (0.5ms)[0m  SELECT COUNT(*) FROM "personal_connections"  WHERE "personal_connections"."verb_id" = $1  [["verb_id", 157]]
11:08:50 web.1  |   [1m[36m (0.3ms)[0m  [1mSELECT COUNT(*) FROM "personal_connections"  WHERE "personal_connections"."verb_id" = $1[0m  [["verb_id", 1397]]
11:08:50 web.1  |   [1m[35m (0.2ms)[0m  SELECT COUNT(*) FROM "personal_connections"  WHERE "personal_connections"."verb_id" = $1  [["verb_id", 1559]]
11:08:50 web.1  |   [1m[36m (0.3ms)[0m  [1mSELECT COUNT(*) FROM "personal_connections"  WHERE "personal_connections"."verb_id" = $1[0m  [["verb_id", 1361]]
11:08:50 web.1  |   [1m[35m (0.2ms)[0m  SELECT COUNT(*) FROM "personal_connections"  WHERE "personal_connections"."verb_id" = $1  [["verb_id", 1432]]
11:08:50 web.1  |   [1m[36m (0.2ms)[0m  [1mSELECT COUNT(*) FROM "personal_connections"  WHERE "personal_connections"."verb_id" = $1[0m  [["verb_id", 1429]]
11:08:50 web.1  |   [1m[35m (0.3ms)[0m  SELECT COUNT(*) FROM "personal_connections"  WHERE "personal_connections"."verb_id" = $1  [["verb_id", 1364]]
11:08:50 web.1  |   [1m[35m (0.3ms)[0m  SELECT COUNT(*) FROM "personal_connections"  WHERE "personal_connections"."verb_id" = $1  [["verb_id", 1567]]
11:08:50 web.1  |   [1m[36m (0.2ms)[0m  [1mSELECT COUNT(*) FROM "personal_connections"  WHERE "personal_connections"."verb_id" = $1[0m  [["verb_id", 1378]]
11:08:50 web.1  |   [1m[35m (0.4ms)[0m  SELECT COUNT(*) FROM "personal_connections"  WHERE "personal_connections"."verb_id" = $1  [["verb_id", 358]]
11:08:50 web.1  |   [1m[36m (0.2ms)[0m  [1mSELECT COUNT(*) FROM "personal_connections"  WHERE "personal_connections"."verb_id" = $1[0m  [["verb_id", 1581]]
11:08:50 web.1  |   [1m[35m (0.3ms)[0m  SELECT COUNT(*) FROM "personal_connections"  WHERE "personal_connections"."verb_id" = $1  [["verb_id", 1580]]
11:08:50 web.1  |   [1m[36m (0.3ms)[0m  [1mSELECT COUNT(*) FROM "personal_connections"  WHERE "personal_connections"."verb_id" = $1[0m  [["verb_id", 89]]
11:08:50 web.1  |   [1m[36m (0.3ms)[0m  [1mSELECT COUNT(*) FROM "personal_connections"  WHERE "personal_connections"."verb_id" = $1[0m  [["verb_id", 795]]
11:08:50 web.1  |   [1m[35m (0.3ms)[0m  SELECT COUNT(*) FROM "personal_connections"  WHERE "personal_connections"."verb_id" = $1  [["verb_id", 1341]]
11:08:50 web.1  |   [1m[35m (0.3ms)[0m  SELECT COUNT(*) FROM "personal_connections"  WHERE "personal_connections"."verb_id" = $1  [["verb_id", 1091]]
11:08:50 web.1  |   [1m[36m (0.3ms)[0m  [1mSELECT COUNT(*) FROM "personal_connections"  WHERE "personal_connections"."verb_id" = $1[0m  [["verb_id", 500]]
11:08:50 web.1  |   [1m[36m (0.3ms)[0m  [1mSELECT COUNT(*) FROM "personal_connections"  WHERE "personal_connections"."verb_id" = $1[0m  [["verb_id", 290]]
11:08:50 web.1  |   [1m[35m (0.2ms)[0m  SELECT COUNT(*) FROM "personal_connections"  WHERE "personal_connections"."verb_id" = $1  [["verb_id", 1579]]
11:08:50 web.1  |   [1m[35m (0.3ms)[0m  SELECT COUNT(*) FROM "personal_connections"  WHERE "personal_connections"."verb_id" = $1  [["verb_id", 860]]
11:08:50 web.1  |   [1m[36m (0.4ms)[0m  [1mSELECT COUNT(*) FROM "personal_connections"  WHERE "personal_connections"."verb_id" = $1[0m  [["verb_id", 68]]
11:08:50 web.1  |   [1m[36m (0.2ms)[0m  [1mSELECT COUNT(*) FROM "personal_connections"  WHERE "personal_connections"."verb_id" = $1[0m  [["verb_id", 830]]
11:08:50 web.1  |   [1m[35m (0.3ms)[0m  SELECT COUNT(*) FROM "personal_connections"  WHERE "personal_connections"."verb_id" = $1  [["verb_id", 867]]
11:08:50 web.1  |   [1m[35m (0.3ms)[0m  SELECT COUNT(*) FROM "personal_connections"  WHERE "personal_connections"."verb_id" = $1  [["verb_id", 1196]]
11:08:50 web.1  |   [1m[36m (0.3ms)[0m  [1mSELECT COUNT(*) FROM "personal_connections"  WHERE "personal_connections"."verb_id" = $1[0m  [["verb_id", 1023]]
11:08:50 web.1  |   [1m[36m (0.3ms)[0m  [1mSELECT COUNT(*) FROM "personal_connections"  WHERE "personal_connections"."verb_id" = $1[0m  [["verb_id", 318]]
11:08:50 web.1  |   [1m[35m (0.3ms)[0m  SELECT COUNT(*) FROM "personal_connections"  WHERE "personal_connections"."verb_id" = $1  [["verb_id", 1453]]
11:08:50 web.1  |   [1m[35m (0.3ms)[0m  SELECT COUNT(*) FROM "personal_connections"  WHERE "personal_connections"."verb_id" = $1  [["verb_id", 374]]
11:08:50 web.1  |   [1m[36m (0.3ms)[0m  [1mSELECT COUNT(*) FROM "personal_connections"  WHERE "personal_connections"."verb_id" = $1[0m  [["verb_id", 1326]]
11:08:50 web.1  |   [1m[35m (0.4ms)[0m  SELECT COUNT(*) FROM "personal_connections"  WHERE "personal_connections"."verb_id" = $1  [["verb_id", 1007]]
11:08:50 web.1  |   [1m[36m (0.3ms)[0m  [1mSELECT COUNT(*) FROM "personal_connections"  WHERE "personal_connections"."verb_id" = $1[0m  [["verb_id", 984]]
11:08:51 web.1  |   [1m[36m (0.3ms)[0m  [1mSELECT COUNT(*) FROM "personal_connections"  WHERE "personal_connections"."verb_id" = $1[0m  [["verb_id", 578]]
11:08:51 web.1  |   [1m[35m (0.3ms)[0m  SELECT COUNT(*) FROM "personal_connections"  WHERE "personal_connections"."verb_id" = $1  [["verb_id", 1391]]
11:08:51 web.1  |   [1m[35m (0.3ms)[0m  SELECT COUNT(*) FROM "personal_connections"  WHERE "personal_connections"."verb_id" = $1  [["verb_id", 966]]
11:08:51 web.1  |   [1m[36m (0.3ms)[0m  [1mSELECT COUNT(*) FROM "personal_connections"  WHERE "personal_connections"."verb_id" = $1[0m  [["verb_id", 270]]
11:08:51 web.1  |   [1m[36m (0.3ms)[0m  [1mSELECT COUNT(*) FROM "personal_connections"  WHERE "personal_connections"."verb_id" = $1[0m  [["verb_id", 836]]
11:08:51 web.1  |   [1m[35m (0.3ms)[0m  SELECT COUNT(*) FROM "personal_connections"  WHERE "personal_connections"."verb_id" = $1  [["verb_id", 428]]
11:08:51 web.1  |   [1m[35m (0.3ms)[0m  SELECT COUNT(*) FROM "personal_connections"  WHERE "personal_connections"."verb_id" = $1  [["verb_id", 1407]]
11:08:51 web.1  |   [1m[36m (0.3ms)[0m  [1mSELECT COUNT(*) FROM "personal_connections"  WHERE "personal_connections"."verb_id" = $1[0m  [["verb_id", 1526]]
11:08:51 web.1  |   [1m[36m (0.3ms)[0m  [1mSELECT COUNT(*) FROM "personal_connections"  WHERE "personal_connections"."verb_id" = $1[0m  [["verb_id", 1131]]
11:08:51 web.1  |   [1m[35m (0.3ms)[0m  SELECT COUNT(*) FROM "personal_connections"  WHERE "personal_connections"."verb_id" = $1  [["verb_id", 1457]]
11:08:51 web.1  |   [1m[35m (0.3ms)[0m  SELECT COUNT(*) FROM "personal_connections"  WHERE "personal_connections"."verb_id" = $1  [["verb_id", 1352]]
11:08:51 web.1  |   [1m[36m (0.3ms)[0m  [1mSELECT COUNT(*) FROM "personal_connections"  WHERE "personal_connections"."verb_id" = $1[0m  [["verb_id", 1215]]
11:08:51 web.1  |   [1m[36m (0.6ms)[0m  [1mSELECT COUNT(*) FROM "personal_connections"  WHERE "personal_connections"."verb_id" = $1[0m  [["verb_id", 1568]]
11:08:51 web.1  |   [1m[35m (0.3ms)[0m  SELECT COUNT(*) FROM "personal_connections"  WHERE "personal_connections"."verb_id" = $1  [["verb_id", 667]]
11:08:51 web.1  |   [1m[35m (0.3ms)[0m  SELECT COUNT(*) FROM "personal_connections"  WHERE "personal_connections"."verb_id" = $1  [["verb_id", 978]]
11:08:51 web.1  |   [1m[36m (0.3ms)[0m  [1mSELECT COUNT(*) FROM "personal_connections"  WHERE "personal_connections"."verb_id" = $1[0m  [["verb_id", 1086]]
11:08:51 web.1  |   [1m[36m (0.8ms)[0m  [1mSELECT COUNT(*) FROM "personal_connections"  WHERE "personal_connections"."verb_id" = $1[0m  [["verb_id", 1559]]
11:08:51 web.1  |   [1m[35m (0.3ms)[0m  SELECT COUNT(*) FROM "personal_connections"  WHERE "personal_connections"."verb_id" = $1  [["verb_id", 1076]]
11:08:51 web.1  |   [1m[36m (0.3ms)[0m  [1mSELECT COUNT(*) FROM "personal_connections"  WHERE "personal_connections"."verb_id" = $1[0m  [["verb_id", 1292]]
11:08:51 web.1  |   [1m[35m (0.3ms)[0m  SELECT COUNT(*) FROM "personal_connections"  WHERE "personal_connections"."verb_id" = $1  [["verb_id", 1451]]
11:08:51 web.1  |   [1m[35m (0.3ms)[0m  SELECT COUNT(*) FROM "personal_connections"  WHERE "personal_connections"."verb_id" = $1  [["verb_id", 1361]]
11:08:51 web.1  |   [1m[36m (0.3ms)[0m  [1mSELECT COUNT(*) FROM "personal_connections"  WHERE "personal_connections"."verb_id" = $1[0m  [["verb_id", 967]]
11:08:51 web.1  |   [1m[35m (0.5ms)[0m  SELECT COUNT(*) FROM "personal_connections"  WHERE "personal_connections"."verb_id" = $1  [["verb_id", 1553]]
11:08:51 web.1  |   [1m[36m (0.4ms)[0m  [1mSELECT COUNT(*) FROM "personal_connections"  WHERE "personal_connections"."verb_id" = $1[0m  [["verb_id", 20]]
11:08:51 web.1  |   [1m[35m (0.3ms)[0m  SELECT COUNT(*) FROM "personal_connections"  WHERE "personal_connections"."verb_id" = $1  [["verb_id", 895]]
11:08:51 web.1  |   [1m[36m (0.3ms)[0m  [1mSELECT COUNT(*) FROM "personal_connections"  WHERE "personal_connections"."verb_id" = $1[0m  [["verb_id", 1422]]
11:08:51 web.1  |   [1m[35m (0.3ms)[0m  SELECT COUNT(*) FROM "personal_connections"  WHERE "personal_connections"."verb_id" = $1  [["verb_id", 1346]]
11:08:51 web.1  |   [1m[36m (0.5ms)[0m  [1mSELECT COUNT(*) FROM "personal_connections"  WHERE "personal_connections"."verb_id" = $1[0m  [["verb_id", 7]]
11:08:51 web.1  |   [1m[35m (0.3ms)[0m  SELECT COUNT(*) FROM "personal_connections"  WHERE "personal_connections"."verb_id" = $1  [["verb_id", 1223]]
11:08:51 web.1  |   [1m[36m (0.3ms)[0m  [1mSELECT COUNT(*) FROM "personal_connections"  WHERE "personal_connections"."verb_id" = $1[0m  [["verb_id", 1062]]
11:08:51 web.1  |   [1m[35m (0.3ms)[0m  SELECT COUNT(*) FROM "personal_connections"  WHERE "personal_connections"."verb_id" = $1  [["verb_id", 1022]]
11:08:51 web.1  |   [1m[36m (0.3ms)[0m  [1mSELECT COUNT(*) FROM "personal_connections"  WHERE "personal_connections"."verb_id" = $1[0m  [["verb_id", 1277]]
11:08:51 web.1  |   [1m[35m (0.3ms)[0m  SELECT COUNT(*) FROM "personal_connections"  WHERE "personal_connections"."verb_id" = $1  [["verb_id", 1418]]
11:08:51 web.1  |   [1m[36m (0.4ms)[0m  [1mSELECT COUNT(*) FROM "personal_connections"  WHERE "personal_connections"."verb_id" = $1[0m  [["verb_id", 1222]]
11:08:51 web.1  |   [1m[35m (0.3ms)[0m  SELECT COUNT(*) FROM "personal_connections"  WHERE "personal_connections"."verb_id" = $1  [["verb_id", 1308]]
11:08:51 web.1  |   [1m[36m (0.3ms)[0m  [1mSELECT COUNT(*) FROM "personal_connections"  WHERE "personal_connections"."verb_id" = $1[0m  [["verb_id", 1309]]
11:08:51 web.1  |   [1m[35m (0.3ms)[0m  SELECT COUNT(*) FROM "personal_connections"  WHERE "personal_connections"."verb_id" = $1  [["verb_id", 542]]
11:08:51 web.1  |   [1m[36m (0.3ms)[0m  [1mSELECT COUNT(*) FROM "personal_connections"  WHERE "personal_connections"."verb_id" = $1[0m  [["verb_id", 1491]]
11:08:51 web.1  |   [1m[35m (0.3ms)[0m  SELECT COUNT(*) FROM "personal_connections"  WHERE "personal_connections"."verb_id" = $1  [["verb_id", 304]]
11:08:51 web.1  |   [1m[36m (125.9ms)[0m  [1mSELECT COUNT(*) FROM "personal_connections"  WHERE "personal_connections"."verb_id" = $1[0m  [["verb_id", 1364]]
11:08:51 web.1  |   [1m[36m (0.3ms)[0m  [1mSELECT COUNT(*) FROM "personal_connections"  WHERE "personal_connections"."verb_id" = $1[0m  [["verb_id", 1411]]
11:08:51 web.1  |   [1m[35m (0.3ms)[0m  SELECT COUNT(*) FROM "personal_connections"  WHERE "personal_connections"."verb_id" = $1  [["verb_id", 1230]]
11:08:51 web.1  |   [1m[35m (0.2ms)[0m  SELECT COUNT(*) FROM "personal_connections"  WHERE "personal_connections"."verb_id" = $1  [["verb_id", 1378]]
11:08:51 web.1  |   [1m[36m (0.3ms)[0m  [1mSELECT COUNT(*) FROM "personal_connections"  WHERE "personal_connections"."verb_id" = $1[0m  [["verb_id", 326]]
11:08:51 web.1  |   [1m[36m (0.3ms)[0m  [1mSELECT COUNT(*) FROM "personal_connections"  WHERE "personal_connections"."verb_id" = $1[0m  [["verb_id", 358]]
11:08:51 web.1  |   [1m[35m (0.3ms)[0m  SELECT COUNT(*) FROM "personal_connections"  WHERE "personal_connections"."verb_id" = $1  [["verb_id", 899]]
11:08:51 web.1  |   [1m[35m (0.3ms)[0m  SELECT COUNT(*) FROM "personal_connections"  WHERE "personal_connections"."verb_id" = $1  [["verb_id", 89]]
11:08:51 web.1  |   [1m[36m (0.3ms)[0m  [1mSELECT COUNT(*) FROM "personal_connections"  WHERE "personal_connections"."verb_id" = $1[0m  [["verb_id", 1589]]
11:08:51 web.1  |   [1m[35m (0.3ms)[0m  SELECT COUNT(*) FROM "personal_connections"  WHERE "personal_connections"."verb_id" = $1  [["verb_id", 847]]
11:08:51 web.1  |   [1m[36m (0.5ms)[0m  [1mSELECT COUNT(*) FROM "personal_connections"  WHERE "personal_connections"."verb_id" = $1[0m  [["verb_id", 1341]]
11:08:51 web.1  |   [1m[35m (0.4ms)[0m  SELECT COUNT(*) FROM "personal_connections"  WHERE "personal_connections"."verb_id" = $1  [["verb_id", 500]]
11:08:51 web.1  |   [1m[36m (0.3ms)[0m  [1mSELECT COUNT(*) FROM "personal_connections"  WHERE "personal_connections"."verb_id" = $1[0m  [["verb_id", 1579]]
11:08:51 web.1  |   [1m[36m (0.3ms)[0m  [1mSELECT COUNT(*) FROM "personal_connections"  WHERE "personal_connections"."verb_id" = $1[0m  [["verb_id", 758]]
11:08:51 web.1  |   [1m[35m (0.3ms)[0m  SELECT COUNT(*) FROM "personal_connections"  WHERE "personal_connections"."verb_id" = $1  [["verb_id", 68]]
11:08:51 web.1  |   [1m[35m (0.4ms)[0m  SELECT COUNT(*) FROM "personal_connections"  WHERE "personal_connections"."verb_id" = $1  [["verb_id", 278]]
11:08:51 web.1  |   [1m[36m (0.3ms)[0m  [1mSELECT COUNT(*) FROM "personal_connections"  WHERE "personal_connections"."verb_id" = $1[0m  [["verb_id", 867]]
11:08:51 web.1  |   [1m[36m (0.3ms)[0m  [1mSELECT COUNT(*) FROM "personal_connections"  WHERE "personal_connections"."verb_id" = $1[0m  [["verb_id", 894]]
11:08:51 web.1  |   [1m[35m (0.3ms)[0m  SELECT COUNT(*) FROM "personal_connections"  WHERE "personal_connections"."verb_id" = $1  [["verb_id", 1023]]
11:08:51 web.1  |   [1m[35m (0.3ms)[0m  SELECT COUNT(*) FROM "personal_connections"  WHERE "personal_connections"."verb_id" = $1  [["verb_id", 755]]
11:08:51 web.1  |   [1m[36m (0.3ms)[0m  [1mSELECT COUNT(*) FROM "personal_connections"  WHERE "personal_connections"."verb_id" = $1[0m  [["verb_id", 1453]]
11:08:51 web.1  |   [1m[36m (0.3ms)[0m  [1mSELECT COUNT(*) FROM "personal_connections"  WHERE "personal_connections"."verb_id" = $1[0m  [["verb_id", 1205]]
11:08:51 web.1  |   [1m[35m (0.3ms)[0m  SELECT COUNT(*) FROM "personal_connections"  WHERE "personal_connections"."verb_id" = $1  [["verb_id", 1326]]
11:08:51 web.1  |   [1m[35m (0.3ms)[0m  SELECT COUNT(*) FROM "personal_connections"  WHERE "personal_connections"."verb_id" = $1  [["verb_id", 731]]
11:08:51 web.1  |   [1m[36m (0.3ms)[0m  [1mSELECT COUNT(*) FROM "personal_connections"  WHERE "personal_connections"."verb_id" = $1[0m  [["verb_id", 1007]]
11:08:51 web.1  |   [1m[36m (0.6ms)[0m  [1mSELECT COUNT(*) FROM "personal_connections"  WHERE "personal_connections"."verb_id" = $1[0m  [["verb_id", 3]]
11:08:51 web.1  |   [1m[35m (0.3ms)[0m  SELECT COUNT(*) FROM "personal_connections"  WHERE "personal_connections"."verb_id" = $1  [["verb_id", 578]]
11:08:51 web.1  |   [1m[35m (0.3ms)[0m  SELECT COUNT(*) FROM "personal_connections"  WHERE "personal_connections"."verb_id" = $1  [["verb_id", 426]]
11:08:51 web.1  |   [1m[36m (0.7ms)[0m  [1mSELECT COUNT(*) FROM "personal_connections"  WHERE "personal_connections"."verb_id" = $1[0m  [["verb_id", 966]]
11:08:51 web.1  |   [1m[36m (0.3ms)[0m  [1mSELECT COUNT(*) FROM "personal_connections"  WHERE "personal_connections"."verb_id" = $1[0m  [["verb_id", 566]]
11:08:51 web.1  |   [1m[35m (0.3ms)[0m  SELECT COUNT(*) FROM "personal_connections"  WHERE "personal_connections"."verb_id" = $1  [["verb_id", 836]]
11:08:51 web.1  |   [1m[35m (0.3ms)[0m  SELECT COUNT(*) FROM "personal_connections"  WHERE "personal_connections"."verb_id" = $1  [["verb_id", 1572]]
11:08:51 web.1  |   [1m[36m (0.3ms)[0m  [1mSELECT COUNT(*) FROM "personal_connections"  WHERE "personal_connections"."verb_id" = $1[0m  [["verb_id", 244]]
11:08:51 web.1  |   [1m[36m (1.3ms)[0m  [1mSELECT COUNT(*) FROM "personal_connections"  WHERE "personal_connections"."verb_id" = $1[0m  [["verb_id", 1407]]
11:08:51 web.1  |   [1m[35m (0.3ms)[0m  SELECT COUNT(*) FROM "personal_connections"  WHERE "personal_connections"."verb_id" = $1  [["verb_id", 963]]
11:08:51 web.1  |   [1m[35m (0.3ms)[0m  SELECT COUNT(*) FROM "personal_connections"  WHERE "personal_connections"."verb_id" = $1  [["verb_id", 1526]]
11:08:51 web.1  |   [1m[36m (0.3ms)[0m  [1mSELECT COUNT(*) FROM "personal_connections"  WHERE "personal_connections"."verb_id" = $1[0m  [["verb_id", 960]]
11:08:51 web.1  |   [1m[36m (0.3ms)[0m  [1mSELECT COUNT(*) FROM "personal_connections"  WHERE "personal_connections"."verb_id" = $1[0m  [["verb_id", 1457]]
11:08:51 web.1  |   [1m[35m (0.3ms)[0m  SELECT COUNT(*) FROM "personal_connections"  WHERE "personal_connections"."verb_id" = $1  [["verb_id", 716]]
11:08:51 web.1  |   [1m[35m (0.3ms)[0m  SELECT COUNT(*) FROM "personal_connections"  WHERE "personal_connections"."verb_id" = $1  [["verb_id", 1215]]
11:08:51 web.1  |   [1m[36m (0.3ms)[0m  [1mSELECT COUNT(*) FROM "personal_connections"  WHERE "personal_connections"."verb_id" = $1[0m  [["verb_id", 667]]
11:08:51 web.1  |   [1m[36m (0.3ms)[0m  [1mSELECT COUNT(*) FROM "personal_connections"  WHERE "personal_connections"."verb_id" = $1[0m  [["verb_id", 780]]
11:08:51 web.1  |   [1m[35m (0.3ms)[0m  SELECT COUNT(*) FROM "personal_connections"  WHERE "personal_connections"."verb_id" = $1  [["verb_id", 813]]
11:08:51 web.1  |   [1m[36m (0.3ms)[0m  [1mSELECT COUNT(*) FROM "personal_connections"  WHERE "personal_connections"."verb_id" = $1[0m  [["verb_id", 904]]
11:08:51 web.1  |   [1m[35m (0.3ms)[0m  SELECT COUNT(*) FROM "personal_connections"  WHERE "personal_connections"."verb_id" = $1  [["verb_id", 1086]]
11:08:51 web.1  |   [1m[35m (0.9ms)[0m  SELECT COUNT(*) FROM "personal_connections"  WHERE "personal_connections"."verb_id" = $1  [["verb_id", 558]]
11:08:51 web.1  |   [1m[36m (0.3ms)[0m  [1mSELECT COUNT(*) FROM "personal_connections"  WHERE "personal_connections"."verb_id" = $1[0m  [["verb_id", 1076]]
11:08:51 web.1  |   [1m[36m (12.6ms)[0m  [1mSELECT COUNT(*) FROM "personal_connections"  WHERE "personal_connections"."verb_id" = $1[0m  [["verb_id", 77]]
11:08:51 web.1  |   [1m[35m (0.4ms)[0m  SELECT COUNT(*) FROM "personal_connections"  WHERE "personal_connections"."verb_id" = $1  [["verb_id", 1354]]
11:08:51 web.1  |   [1m[35m (0.3ms)[0m  SELECT COUNT(*) FROM "personal_connections"  WHERE "personal_connections"."verb_id" = $1  [["verb_id", 1292]]
11:08:51 web.1  |   [1m[36m (0.3ms)[0m  [1mSELECT COUNT(*) FROM "personal_connections"  WHERE "personal_connections"."verb_id" = $1[0m  [["verb_id", 1290]]
11:08:51 web.1  |   [1m[36m (0.2ms)[0m  [1mSELECT COUNT(*) FROM "personal_connections"  WHERE "personal_connections"."verb_id" = $1[0m  [["verb_id", 1451]]
11:08:51 web.1  |   [1m[35m (0.4ms)[0m  SELECT COUNT(*) FROM "personal_connections"  WHERE "personal_connections"."verb_id" = $1  [["verb_id", 967]]
11:08:51 web.1  |   [1m[36m (0.3ms)[0m  [1mSELECT COUNT(*) FROM "personal_connections"  WHERE "personal_connections"."verb_id" = $1[0m  [["verb_id", 1553]]
11:08:51 web.1  |   [1m[35m (19.5ms)[0m  SELECT COUNT(*) FROM "personal_connections"  WHERE "personal_connections"."verb_id" = $1  [["verb_id", 850]]
11:08:51 web.1  |   [1m[35m (0.4ms)[0m  SELECT COUNT(*) FROM "personal_connections"  WHERE "personal_connections"."verb_id" = $1  [["verb_id", 20]]
11:08:51 web.1  |   [1m[36m (0.8ms)[0m  [1mSELECT COUNT(*) FROM "personal_connections"  WHERE "personal_connections"."verb_id" = $1[0m  [["verb_id", 480]]
11:08:51 web.1  |   [1m[36m (0.3ms)[0m  [1mSELECT COUNT(*) FROM "personal_connections"  WHERE "personal_connections"."verb_id" = $1[0m  [["verb_id", 895]]
11:08:51 web.1  |   [1m[35m (0.3ms)[0m  SELECT COUNT(*) FROM "personal_connections"  WHERE "personal_connections"."verb_id" = $1  [["verb_id", 1422]]
11:08:51 web.1  |   [1m[35m (0.7ms)[0m  SELECT COUNT(*) FROM "personal_connections"  WHERE "personal_connections"."verb_id" = $1  [["verb_id", 908]]
11:08:51 web.1  |   [1m[36m (0.3ms)[0m  [1mSELECT COUNT(*) FROM "personal_connections"  WHERE "personal_connections"."verb_id" = $1[0m  [["verb_id", 1346]]
11:08:51 web.1  |   [1m[36m (0.7ms)[0m  [1mSELECT COUNT(*) FROM "personal_connections"  WHERE "personal_connections"."verb_id" = $1[0m  [["verb_id", 538]]
11:08:51 web.1  |   [1m[35m (0.5ms)[0m  SELECT COUNT(*) FROM "personal_connections"  WHERE "personal_connections"."verb_id" = $1  [["verb_id", 7]]
11:08:51 web.1  |   [1m[35m (0.3ms)[0m  SELECT COUNT(*) FROM "personal_connections"  WHERE "personal_connections"."verb_id" = $1  [["verb_id", 456]]
11:08:51 web.1  |   [1m[36m (0.3ms)[0m  [1mSELECT COUNT(*) FROM "personal_connections"  WHERE "personal_connections"."verb_id" = $1[0m  [["verb_id", 1223]]
11:08:51 web.1  |   [1m[35m (0.4ms)[0m  SELECT COUNT(*) FROM "personal_connections"  WHERE "personal_connections"."verb_id" = $1  [["verb_id", 1062]]
11:08:51 web.1  |   [1m[36m (0.3ms)[0m  [1mSELECT COUNT(*) FROM "personal_connections"  WHERE "personal_connections"."verb_id" = $1[0m  [["verb_id", 964]]
11:08:51 web.1  |   [1m[36m (0.3ms)[0m  [1mSELECT COUNT(*) FROM "personal_connections"  WHERE "personal_connections"."verb_id" = $1[0m  [["verb_id", 1022]]
11:08:51 web.1  |   [1m[35m (0.3ms)[0m  SELECT COUNT(*) FROM "personal_connections"  WHERE "personal_connections"."verb_id" = $1  [["verb_id", 1277]]
11:08:51 web.1  |   [1m[36m (0.3ms)[0m  [1mSELECT COUNT(*) FROM "personal_connections"  WHERE "personal_connections"."verb_id" = $1[0m  [["verb_id", 1418]]
11:08:51 web.1  |   [1m[35m (0.3ms)[0m  SELECT COUNT(*) FROM "personal_connections"  WHERE "personal_connections"."verb_id" = $1  [["verb_id", 1222]]
11:08:51 web.1  |   [1m[36m (0.3ms)[0m  [1mSELECT COUNT(*) FROM "personal_connections"  WHERE "personal_connections"."verb_id" = $1[0m  [["verb_id", 1308]]
11:08:51 web.1  |   [1m[35m (0.3ms)[0m  SELECT COUNT(*) FROM "personal_connections"  WHERE "personal_connections"."verb_id" = $1  [["verb_id", 1309]]
11:08:51 web.1  |   [1m[36m (0.3ms)[0m  [1mSELECT COUNT(*) FROM "personal_connections"  WHERE "personal_connections"."verb_id" = $1[0m  [["verb_id", 542]]
11:08:51 web.1  |   [1m[35m (0.3ms)[0m  SELECT COUNT(*) FROM "personal_connections"  WHERE "personal_connections"."verb_id" = $1  [["verb_id", 1491]]
11:08:51 web.1  |   [1m[35m (0.5ms)[0m  SELECT COUNT(*) FROM "personal_connections"  WHERE "personal_connections"."verb_id" = $1  [["verb_id", 1357]]
11:08:51 web.1  |   [1m[36m (0.6ms)[0m  [1mSELECT COUNT(*) FROM "personal_connections"  WHERE "personal_connections"."verb_id" = $1[0m  [["verb_id", 304]]
11:08:51 web.1  |   [1m[36m (0.4ms)[0m  [1mSELECT COUNT(*) FROM "personal_connections"  WHERE "personal_connections"."verb_id" = $1[0m  [["verb_id", 760]]
11:08:51 web.1  |   [1m[35m (0.3ms)[0m  SELECT COUNT(*) FROM "personal_connections"  WHERE "personal_connections"."verb_id" = $1  [["verb_id", 1411]]
11:08:51 web.1  |   [1m[35m (0.2ms)[0m  SELECT COUNT(*) FROM "personal_connections"  WHERE "personal_connections"."verb_id" = $1  [["verb_id", 466]]
11:08:51 web.1  |   [1m[36m (0.2ms)[0m  [1mSELECT COUNT(*) FROM "personal_connections"  WHERE "personal_connections"."verb_id" = $1[0m  [["verb_id", 1230]]
11:08:51 web.1  |   [1m[36m (0.3ms)[0m  [1mSELECT COUNT(*) FROM "personal_connections"  WHERE "personal_connections"."verb_id" = $1[0m  [["verb_id", 794]]
11:08:51 web.1  |   [1m[35m (0.3ms)[0m  SELECT COUNT(*) FROM "personal_connections"  WHERE "personal_connections"."verb_id" = $1  [["verb_id", 1534]]
11:08:51 web.1  |   [1m[35m (0.2ms)[0m  SELECT COUNT(*) FROM "personal_connections"  WHERE "personal_connections"."verb_id" = $1  [["verb_id", 326]]
11:08:51 web.1  |   [1m[36m (0.4ms)[0m  [1mSELECT COUNT(*) FROM "personal_connections"  WHERE "personal_connections"."verb_id" = $1[0m  [["verb_id", 450]]
11:08:51 web.1  |   [1m[36m (0.3ms)[0m  [1mSELECT COUNT(*) FROM "personal_connections"  WHERE "personal_connections"."verb_id" = $1[0m  [["verb_id", 899]]
11:08:51 web.1  |   [1m[35m (0.3ms)[0m  SELECT COUNT(*) FROM "personal_connections"  WHERE "personal_connections"."verb_id" = $1  [["verb_id", 1372]]
11:08:51 web.1  |   [1m[35m (1.0ms)[0m  SELECT COUNT(*) FROM "personal_connections"  WHERE "personal_connections"."verb_id" = $1  [["verb_id", 1589]]
11:08:51 web.1  |   [1m[36m (0.3ms)[0m  [1mSELECT COUNT(*) FROM "personal_connections"  WHERE "personal_connections"."verb_id" = $1[0m  [["verb_id", 1235]]
11:08:51 web.1  |   [1m[36m (0.3ms)[0m  [1mSELECT COUNT(*) FROM "personal_connections"  WHERE "personal_connections"."verb_id" = $1[0m  [["verb_id", 847]]
11:08:51 web.1  |   [1m[35m (0.3ms)[0m  SELECT COUNT(*) FROM "personal_connections"  WHERE "personal_connections"."verb_id" = $1  [["verb_id", 1142]]
11:08:51 web.1  |   [1m[35m (0.3ms)[0m  SELECT COUNT(*) FROM "personal_connections"  WHERE "personal_connections"."verb_id" = $1  [["verb_id", 758]]
11:08:51 web.1  |   [1m[36m (0.3ms)[0m  [1mSELECT COUNT(*) FROM "personal_connections"  WHERE "personal_connections"."verb_id" = $1[0m  [["verb_id", 141]]
11:08:51 web.1  |   [1m[36m (0.3ms)[0m  [1mSELECT COUNT(*) FROM "personal_connections"  WHERE "personal_connections"."verb_id" = $1[0m  [["verb_id", 278]]
11:08:51 web.1  |   [1m[35m (0.7ms)[0m  SELECT COUNT(*) FROM "personal_connections"  WHERE "personal_connections"."verb_id" = $1  [["verb_id", 64]]
11:08:51 web.1  |   [1m[35m (0.7ms)[0m  SELECT COUNT(*) FROM "personal_connections"  WHERE "personal_connections"."verb_id" = $1  [["verb_id", 894]]
11:08:51 web.1  |   [1m[36m (0.3ms)[0m  [1mSELECT COUNT(*) FROM "personal_connections"  WHERE "personal_connections"."verb_id" = $1[0m  [["verb_id", 392]]
11:08:51 web.1  |   [1m[36m (0.6ms)[0m  [1mSELECT COUNT(*) FROM "personal_connections"  WHERE "personal_connections"."verb_id" = $1[0m  [["verb_id", 755]]
11:08:51 web.1  |   [1m[35m (0.2ms)[0m  SELECT COUNT(*) FROM "personal_connections"  WHERE "personal_connections"."verb_id" = $1  [["verb_id", 710]]
11:08:51 web.1  |   [1m[36m (0.4ms)[0m  [1mSELECT COUNT(*) FROM "personal_connections"  WHERE "personal_connections"."verb_id" = $1[0m  [["verb_id", 775]]
11:08:51 web.1  |   [1m[35m (0.5ms)[0m  SELECT COUNT(*) FROM "personal_connections"  WHERE "personal_connections"."verb_id" = $1  [["verb_id", 1205]]
11:08:51 web.1  |   [1m[35m (0.3ms)[0m  SELECT COUNT(*) FROM "personal_connections"  WHERE "personal_connections"."verb_id" = $1  [["verb_id", 1535]]
11:08:51 web.1  |   [1m[36m (0.5ms)[0m  [1mSELECT COUNT(*) FROM "personal_connections"  WHERE "personal_connections"."verb_id" = $1[0m  [["verb_id", 731]]
11:08:51 web.1  |   [1m[36m (0.4ms)[0m  [1mSELECT COUNT(*) FROM "personal_connections"  WHERE "personal_connections"."verb_id" = $1[0m  [["verb_id", 1231]]
11:08:51 web.1  |   [1m[35m (1.2ms)[0m  SELECT COUNT(*) FROM "personal_connections"  WHERE "personal_connections"."verb_id" = $1  [["verb_id", 3]]
11:08:51 web.1  |   [1m[35m (0.3ms)[0m  SELECT COUNT(*) FROM "personal_connections"  WHERE "personal_connections"."verb_id" = $1  [["verb_id", 861]]
11:08:51 web.1  |   [1m[36m (0.3ms)[0m  [1mSELECT COUNT(*) FROM "personal_connections"  WHERE "personal_connections"."verb_id" = $1[0m  [["verb_id", 426]]
11:08:51 web.1  |   [1m[36m (0.4ms)[0m  [1mSELECT COUNT(*) FROM "personal_connections"  WHERE "personal_connections"."verb_id" = $1[0m  [["verb_id", 803]]
11:08:51 web.1  |   [1m[35m (0.3ms)[0m  SELECT COUNT(*) FROM "personal_connections"  WHERE "personal_connections"."verb_id" = $1  [["verb_id", 566]]
11:08:51 web.1  |   [1m[35m (0.3ms)[0m  SELECT COUNT(*) FROM "personal_connections"  WHERE "personal_connections"."verb_id" = $1  [["verb_id", 572]]
11:08:51 web.1  |   [1m[36m (1.9ms)[0m  [1mSELECT COUNT(*) FROM "personal_connections"  WHERE "personal_connections"."verb_id" = $1[0m  [["verb_id", 490]]
11:08:51 web.1  |   [1m[36m (0.3ms)[0m  [1mSELECT COUNT(*) FROM "personal_connections"  WHERE "personal_connections"."verb_id" = $1[0m  [["verb_id", 1572]]
11:08:51 web.1  |   [1m[35m (0.3ms)[0m  SELECT COUNT(*) FROM "personal_connections"  WHERE "personal_connections"."verb_id" = $1  [["verb_id", 1015]]
11:08:51 web.1  |   [1m[35m (0.4ms)[0m  SELECT COUNT(*) FROM "personal_connections"  WHERE "personal_connections"."verb_id" = $1  [["verb_id", 244]]
11:08:51 web.1  |   [1m[36m (0.3ms)[0m  [1mSELECT COUNT(*) FROM "personal_connections"  WHERE "personal_connections"."verb_id" = $1[0m  [["verb_id", 963]]
11:08:51 web.1  |   [1m[35m (0.3ms)[0m  SELECT COUNT(*) FROM "personal_connections"  WHERE "personal_connections"."verb_id" = $1  [["verb_id", 960]]
11:08:51 web.1  |   [1m[36m (0.3ms)[0m  [1mSELECT COUNT(*) FROM "personal_connections"  WHERE "personal_connections"."verb_id" = $1[0m  [["verb_id", 1267]]
11:08:51 web.1  |   [1m[36m (0.3ms)[0m  [1mSELECT COUNT(*) FROM "personal_connections"  WHERE "personal_connections"."verb_id" = $1[0m  [["verb_id", 716]]
11:08:51 web.1  |   [1m[35m (0.3ms)[0m  SELECT COUNT(*) FROM "personal_connections"  WHERE "personal_connections"."verb_id" = $1  [["verb_id", 300]]
11:08:51 web.1  |   [1m[35m (0.3ms)[0m  SELECT COUNT(*) FROM "personal_connections"  WHERE "personal_connections"."verb_id" = $1  [["verb_id", 780]]
11:08:51 web.1  |   [1m[36m (0.3ms)[0m  [1mSELECT COUNT(*) FROM "personal_connections"  WHERE "personal_connections"."verb_id" = $1[0m  [["verb_id", 885]]
11:08:51 web.1  |   [1m[36m (0.3ms)[0m  [1mSELECT COUNT(*) FROM "personal_connections"  WHERE "personal_connections"."verb_id" = $1[0m  [["verb_id", 813]]
11:08:51 web.1  |   [1m[35m (0.3ms)[0m  SELECT COUNT(*) FROM "personal_connections"  WHERE "personal_connections"."verb_id" = $1  [["verb_id", 1097]]
11:08:51 web.1  |   [1m[35m (0.3ms)[0m  SELECT COUNT(*) FROM "personal_connections"  WHERE "personal_connections"."verb_id" = $1  [["verb_id", 904]]
11:08:51 web.1  |   [1m[36m (0.3ms)[0m  [1mSELECT COUNT(*) FROM "personal_connections"  WHERE "personal_connections"."verb_id" = $1[0m  [["verb_id", 574]]
11:08:51 web.1  |   [1m[36m (0.3ms)[0m  [1mSELECT COUNT(*) FROM "personal_connections"  WHERE "personal_connections"."verb_id" = $1[0m  [["verb_id", 558]]
11:08:51 web.1  |   [1m[35m (0.3ms)[0m  SELECT COUNT(*) FROM "personal_connections"  WHERE "personal_connections"."verb_id" = $1  [["verb_id", 1030]]
11:08:51 web.1  |   [1m[35m (0.3ms)[0m  SELECT COUNT(*) FROM "personal_connections"  WHERE "personal_connections"."verb_id" = $1  [["verb_id", 77]]
11:08:51 web.1  |   [1m[36m (0.4ms)[0m  [1mSELECT COUNT(*) FROM "personal_connections"  WHERE "personal_connections"."verb_id" = $1[0m  [["verb_id", 24]]
11:08:51 web.1  |   [1m[36m (0.3ms)[0m  [1mSELECT COUNT(*) FROM "personal_connections"  WHERE "personal_connections"."verb_id" = $1[0m  [["verb_id", 1354]]
11:08:51 web.1  |   [1m[35m (0.3ms)[0m  SELECT COUNT(*) FROM "personal_connections"  WHERE "personal_connections"."verb_id" = $1  [["verb_id", 818]]
11:08:51 web.1  |   [1m[35m (0.3ms)[0m  SELECT COUNT(*) FROM "personal_connections"  WHERE "personal_connections"."verb_id" = $1  [["verb_id", 1290]]
11:08:51 web.1  |   [1m[36m (2.9ms)[0m  [1mSELECT COUNT(*) FROM "personal_connections"  WHERE "personal_connections"."verb_id" = $1[0m  [["verb_id", 850]]
11:08:51 web.1  |   [1m[36m (5.1ms)[0m  [1mSELECT COUNT(*) FROM "personal_connections"  WHERE "personal_connections"."verb_id" = $1[0m  [["verb_id", 887]]
11:08:51 web.1  |   [1m[35m (0.4ms)[0m  SELECT COUNT(*) FROM "personal_connections"  WHERE "personal_connections"."verb_id" = $1  [["verb_id", 448]]
11:08:51 web.1  |   [1m[35m (0.8ms)[0m  SELECT COUNT(*) FROM "personal_connections"  WHERE "personal_connections"."verb_id" = $1  [["verb_id", 480]]
11:08:51 web.1  |   [1m[36m (0.3ms)[0m  [1mSELECT COUNT(*) FROM "personal_connections"  WHERE "personal_connections"."verb_id" = $1[0m  [["verb_id", 1325]]
11:08:51 web.1  |   [1m[36m (12.6ms)[0m  [1mSELECT COUNT(*) FROM "personal_connections"  WHERE "personal_connections"."verb_id" = $1[0m  [["verb_id", 908]]
11:08:51 web.1  |   [1m[35m (0.3ms)[0m  SELECT COUNT(*) FROM "personal_connections"  WHERE "personal_connections"."verb_id" = $1  [["verb_id", 1125]]
11:08:51 web.1  |   [1m[35m (11.4ms)[0m  SELECT COUNT(*) FROM "personal_connections"  WHERE "personal_connections"."verb_id" = $1  [["verb_id", 538]]
11:08:51 web.1  |   [1m[36m (0.3ms)[0m  [1mSELECT COUNT(*) FROM "personal_connections"  WHERE "personal_connections"."verb_id" = $1[0m  [["verb_id", 496]]
11:08:51 web.1  |   [1m[35m (0.4ms)[0m  SELECT COUNT(*) FROM "personal_connections"  WHERE "personal_connections"."verb_id" = $1  [["verb_id", 902]]
11:08:51 web.1  |   [1m[36m (12.1ms)[0m  [1mSELECT COUNT(*) FROM "personal_connections"  WHERE "personal_connections"."verb_id" = $1[0m  [["verb_id", 456]]
11:08:51 web.1  |   [1m[36m (0.3ms)[0m  [1mSELECT COUNT(*) FROM "personal_connections"  WHERE "personal_connections"."verb_id" = $1[0m  [["verb_id", 1359]]
11:08:51 web.1  |   [1m[35m (11.6ms)[0m  SELECT COUNT(*) FROM "personal_connections"  WHERE "personal_connections"."verb_id" = $1  [["verb_id", 964]]
11:08:51 web.1  |   [1m[35m (0.3ms)[0m  SELECT COUNT(*) FROM "personal_connections"  WHERE "personal_connections"."verb_id" = $1  [["verb_id", 522]]
11:08:51 web.1  |   [1m[36m (11.0ms)[0m  [1mSELECT COUNT(*) FROM "personal_connections"  WHERE "personal_connections"."verb_id" = $1[0m  [["verb_id", 1357]]
11:08:51 web.1  |   [1m[36m (0.3ms)[0m  [1mSELECT COUNT(*) FROM "personal_connections"  WHERE "personal_connections"."verb_id" = $1[0m  [["verb_id", 848]]
11:08:51 web.1  |   [1m[35m (0.3ms)[0m  SELECT COUNT(*) FROM "personal_connections"  WHERE "personal_connections"."verb_id" = $1  [["verb_id", 1013]]
11:08:51 web.1  |   [1m[35m (0.3ms)[0m  SELECT COUNT(*) FROM "personal_connections"  WHERE "personal_connections"."verb_id" = $1  [["verb_id", 760]]
11:08:51 web.1  |   [1m[36m (0.3ms)[0m  [1mSELECT COUNT(*) FROM "personal_connections"  WHERE "personal_connections"."verb_id" = $1[0m  [["verb_id", 466]]
11:08:51 web.1  |   [1m[36m (0.3ms)[0m  [1mSELECT COUNT(*) FROM "personal_connections"  WHERE "personal_connections"."verb_id" = $1[0m  [["verb_id", 1381]]
11:08:51 web.1  |   [1m[35m (0.3ms)[0m  SELECT COUNT(*) FROM "personal_connections"  WHERE "personal_connections"."verb_id" = $1  [["verb_id", 794]]
11:08:51 web.1  |   [1m[35m (0.3ms)[0m  SELECT COUNT(*) FROM "personal_connections"  WHERE "personal_connections"."verb_id" = $1  [["verb_id", 701]]
11:08:51 web.1  |   [1m[36m (0.3ms)[0m  [1mSELECT COUNT(*) FROM "personal_connections"  WHERE "personal_connections"."verb_id" = $1[0m  [["verb_id", 1534]]
11:08:51 web.1  |   [1m[35m (0.3ms)[0m  SELECT COUNT(*) FROM "personal_connections"  WHERE "personal_connections"."verb_id" = $1  [["verb_id", 450]]
11:08:52 web.1  |   [1m[36m (0.3ms)[0m  [1mSELECT COUNT(*) FROM "personal_connections"  WHERE "personal_connections"."verb_id" = $1[0m  [["verb_id", 1234]]
11:08:52 web.1  |   [1m[36m (0.3ms)[0m  [1mSELECT COUNT(*) FROM "personal_connections"  WHERE "personal_connections"."verb_id" = $1[0m  [["verb_id", 1372]]
11:08:52 web.1  |   [1m[35m (0.3ms)[0m  SELECT COUNT(*) FROM "personal_connections"  WHERE "personal_connections"."verb_id" = $1  [["verb_id", 486]]
11:08:52 web.1  |   [1m[35m (0.3ms)[0m  SELECT COUNT(*) FROM "personal_connections"  WHERE "personal_connections"."verb_id" = $1  [["verb_id", 1235]]
11:08:52 web.1  |   [1m[36m (0.3ms)[0m  [1mSELECT COUNT(*) FROM "personal_connections"  WHERE "personal_connections"."verb_id" = $1[0m  [["verb_id", 986]]
11:08:52 web.1  |   [1m[36m (0.3ms)[0m  [1mSELECT COUNT(*) FROM "personal_connections"  WHERE "personal_connections"."verb_id" = $1[0m  [["verb_id", 1142]]
11:08:52 web.1  |   [1m[35m (0.3ms)[0m  SELECT COUNT(*) FROM "personal_connections"  WHERE "personal_connections"."verb_id" = $1  [["verb_id", 915]]
11:08:52 web.1  |   [1m[35m (0.3ms)[0m  SELECT COUNT(*) FROM "personal_connections"  WHERE "personal_connections"."verb_id" = $1  [["verb_id", 141]]
11:08:52 web.1  |   [1m[36m (0.5ms)[0m  [1mSELECT COUNT(*) FROM "personal_connections"  WHERE "personal_connections"."verb_id" = $1[0m  [["verb_id", 64]]
11:08:52 web.1  |   [1m[36m (0.3ms)[0m  [1mSELECT COUNT(*) FROM "personal_connections"  WHERE "personal_connections"."verb_id" = $1[0m  [["verb_id", 1504]]
11:08:52 web.1  |   [1m[35m (0.3ms)[0m  SELECT COUNT(*) FROM "personal_connections"  WHERE "personal_connections"."verb_id" = $1  [["verb_id", 392]]
11:08:52 web.1  |   [1m[35m (0.3ms)[0m  SELECT COUNT(*) FROM "personal_connections"  WHERE "personal_connections"."verb_id" = $1  [["verb_id", 751]]
11:08:52 web.1  |   [1m[36m (0.3ms)[0m  [1mSELECT COUNT(*) FROM "personal_connections"  WHERE "personal_connections"."verb_id" = $1[0m  [["verb_id", 710]]
11:08:52 web.1  |   [1m[35m (0.5ms)[0m  SELECT COUNT(*) FROM "personal_connections"  WHERE "personal_connections"."verb_id" = $1  [["verb_id", 775]]
11:08:52 web.1  |   [1m[36m (0.2ms)[0m  [1mSELECT COUNT(*) FROM "personal_connections"  WHERE "personal_connections"."verb_id" = $1[0m  [["verb_id", 540]]
11:08:52 web.1  |   [1m[36m (0.2ms)[0m  [1mSELECT COUNT(*) FROM "personal_connections"  WHERE "personal_connections"."verb_id" = $1[0m  [["verb_id", 1535]]
11:08:52 web.1  |   [1m[35m (0.3ms)[0m  SELECT COUNT(*) FROM "personal_connections"  WHERE "personal_connections"."verb_id" = $1  [["verb_id", 652]]
11:08:52 web.1  |   [1m[36m (0.3ms)[0m  [1mSELECT COUNT(*) FROM "personal_connections"  WHERE "personal_connections"."verb_id" = $1[0m  [["verb_id", 1197]]
11:08:52 web.1  |   [1m[35m (0.2ms)[0m  SELECT COUNT(*) FROM "personal_connections"  WHERE "personal_connections"."verb_id" = $1  [["verb_id", 1231]]
11:08:52 web.1  |   [1m[35m (0.3ms)[0m  SELECT COUNT(*) FROM "personal_connections"  WHERE "personal_connections"."verb_id" = $1  [["verb_id", 266]]
11:08:52 web.1  |   [1m[36m (0.5ms)[0m  [1mSELECT COUNT(*) FROM "personal_connections"  WHERE "personal_connections"."verb_id" = $1[0m  [["verb_id", 861]]
11:08:52 web.1  |   [1m[36m (0.7ms)[0m  [1mSELECT COUNT(*) FROM "personal_connections"  WHERE "personal_connections"."verb_id" = $1[0m  [["verb_id", 1446]]
11:08:52 web.1  |   [1m[35m (0.3ms)[0m  SELECT COUNT(*) FROM "personal_connections"  WHERE "personal_connections"."verb_id" = $1  [["verb_id", 803]]
11:08:52 web.1  |   [1m[35m (0.3ms)[0m  SELECT COUNT(*) FROM "personal_connections"  WHERE "personal_connections"."verb_id" = $1  [["verb_id", 1082]]
11:08:52 web.1  |   [1m[36m (0.3ms)[0m  [1mSELECT COUNT(*) FROM "personal_connections"  WHERE "personal_connections"."verb_id" = $1[0m  [["verb_id", 572]]
11:08:52 web.1  |   [1m[36m (0.3ms)[0m  [1mSELECT COUNT(*) FROM "personal_connections"  WHERE "personal_connections"."verb_id" = $1[0m  [["verb_id", 1305]]
11:08:52 web.1  |   [1m[35m (0.3ms)[0m  SELECT COUNT(*) FROM "personal_connections"  WHERE "personal_connections"."verb_id" = $1  [["verb_id", 490]]
11:08:52 web.1  |   [1m[35m (0.3ms)[0m  SELECT COUNT(*) FROM "personal_connections"  WHERE "personal_connections"."verb_id" = $1  [["verb_id", 1304]]
11:08:52 web.1  |   [1m[36m (0.3ms)[0m  [1mSELECT COUNT(*) FROM "personal_connections"  WHERE "personal_connections"."verb_id" = $1[0m  [["verb_id", 1015]]
11:08:52 web.1  |   [1m[36m (0.3ms)[0m  [1mSELECT COUNT(*) FROM "personal_connections"  WHERE "personal_connections"."verb_id" = $1[0m  [["verb_id", 262]]
11:08:52 web.1  |   [1m[35m (0.3ms)[0m  SELECT COUNT(*) FROM "personal_connections"  WHERE "personal_connections"."verb_id" = $1  [["verb_id", 1267]]
11:08:52 web.1  |   [1m[35m (0.3ms)[0m  SELECT COUNT(*) FROM "personal_connections"  WHERE "personal_connections"."verb_id" = $1  [["verb_id", 954]]
11:08:52 web.1  |   [1m[36m (0.9ms)[0m  [1mSELECT COUNT(*) FROM "personal_connections"  WHERE "personal_connections"."verb_id" = $1[0m  [["verb_id", 300]]
11:08:52 web.1  |   [1m[36m (0.3ms)[0m  [1mSELECT COUNT(*) FROM "personal_connections"  WHERE "personal_connections"."verb_id" = $1[0m  [["verb_id", 400]]
11:08:52 web.1  |   [1m[35m (0.3ms)[0m  SELECT COUNT(*) FROM "personal_connections"  WHERE "personal_connections"."verb_id" = $1  [["verb_id", 885]]
11:08:52 web.1  |   [1m[35m (0.2ms)[0m  SELECT COUNT(*) FROM "personal_connections"  WHERE "personal_connections"."verb_id" = $1  [["verb_id", 73]]
11:08:52 web.1  |   [1m[36m (0.3ms)[0m  [1mSELECT COUNT(*) FROM "personal_connections"  WHERE "personal_connections"."verb_id" = $1[0m  [["verb_id", 1569]]
11:08:52 web.1  |   [1m[36m (1.6ms)[0m  [1mSELECT COUNT(*) FROM "personal_connections"  WHERE "personal_connections"."verb_id" = $1[0m  [["verb_id", 1097]]
11:08:52 web.1  |   [1m[35m (0.3ms)[0m  SELECT COUNT(*) FROM "personal_connections"  WHERE "personal_connections"."verb_id" = $1  [["verb_id", 1077]]
11:08:52 web.1  |   [1m[35m (0.3ms)[0m  SELECT COUNT(*) FROM "personal_connections"  WHERE "personal_connections"."verb_id" = $1  [["verb_id", 574]]
11:08:52 web.1  |   [1m[36m (0.3ms)[0m  [1mSELECT COUNT(*) FROM "personal_connections"  WHERE "personal_connections"."verb_id" = $1[0m  [["verb_id", 1468]]
11:08:52 web.1  |   [1m[36m (0.5ms)[0m  [1mSELECT COUNT(*) FROM "personal_connections"  WHERE "personal_connections"."verb_id" = $1[0m  [["verb_id", 1030]]
11:08:52 web.1  |   [1m[35m (0.3ms)[0m  SELECT COUNT(*) FROM "personal_connections"  WHERE "personal_connections"."verb_id" = $1  [["verb_id", 1542]]
11:08:52 web.1  |   [1m[35m (0.3ms)[0m  SELECT COUNT(*) FROM "personal_connections"  WHERE "personal_connections"."verb_id" = $1  [["verb_id", 24]]
11:08:52 web.1  |   [1m[36m (0.5ms)[0m  [1mSELECT COUNT(*) FROM "personal_connections"  WHERE "personal_connections"."verb_id" = $1[0m  [["verb_id", 819]]
11:08:52 web.1  |   [1m[36m (0.5ms)[0m  [1mSELECT COUNT(*) FROM "personal_connections"  WHERE "personal_connections"."verb_id" = $1[0m  [["verb_id", 818]]
11:08:52 web.1  |   [1m[35m (0.3ms)[0m  SELECT COUNT(*) FROM "personal_connections"  WHERE "personal_connections"."verb_id" = $1  [["verb_id", 1052]]
11:08:52 web.1  |   [1m[35m (0.3ms)[0m  SELECT COUNT(*) FROM "personal_connections"  WHERE "personal_connections"."verb_id" = $1  [["verb_id", 887]]
11:08:52 web.1  |   [1m[36m (0.3ms)[0m  [1mSELECT COUNT(*) FROM "personal_connections"  WHERE "personal_connections"."verb_id" = $1[0m  [["verb_id", 882]]
11:08:52 web.1  |   [1m[36m (0.3ms)[0m  [1mSELECT COUNT(*) FROM "personal_connections"  WHERE "personal_connections"."verb_id" = $1[0m  [["verb_id", 448]]
11:08:52 web.1  |   [1m[35m (0.4ms)[0m  SELECT COUNT(*) FROM "personal_connections"  WHERE "personal_connections"."verb_id" = $1  [["verb_id", 220]]
11:08:52 web.1  |   [1m[35m (0.2ms)[0m  SELECT COUNT(*) FROM "personal_connections"  WHERE "personal_connections"."verb_id" = $1  [["verb_id", 1325]]
11:08:52 web.1  |   [1m[36m (0.4ms)[0m  [1mSELECT COUNT(*) FROM "personal_connections"  WHERE "personal_connections"."verb_id" = $1[0m  [["verb_id", 766]]
11:08:52 web.1  |   [1m[36m (0.3ms)[0m  [1mSELECT COUNT(*) FROM "personal_connections"  WHERE "personal_connections"."verb_id" = $1[0m  [["verb_id", 1125]]
11:08:52 web.1  |   [1m[35m (0.3ms)[0m  SELECT COUNT(*) FROM "personal_connections"  WHERE "personal_connections"."verb_id" = $1  [["verb_id", 201]]
11:08:52 web.1  |   [1m[35m (0.3ms)[0m  SELECT COUNT(*) FROM "personal_connections"  WHERE "personal_connections"."verb_id" = $1  [["verb_id", 496]]
11:08:52 web.1  |   [1m[36m (0.3ms)[0m  [1mSELECT COUNT(*) FROM "personal_connections"  WHERE "personal_connections"."verb_id" = $1[0m  [["verb_id", 809]]
11:08:52 web.1  |   [1m[36m (0.3ms)[0m  [1mSELECT COUNT(*) FROM "personal_connections"  WHERE "personal_connections"."verb_id" = $1[0m  [["verb_id", 902]]
11:08:52 web.1  |   [1m[35m (0.3ms)[0m  SELECT COUNT(*) FROM "personal_connections"  WHERE "personal_connections"."verb_id" = $1  [["verb_id", 1420]]
11:08:52 web.1  |   [1m[35m (0.3ms)[0m  SELECT COUNT(*) FROM "personal_connections"  WHERE "personal_connections"."verb_id" = $1  [["verb_id", 1359]]
11:08:52 web.1  |   [1m[36m (0.2ms)[0m  [1mSELECT COUNT(*) FROM "personal_connections"  WHERE "personal_connections"."verb_id" = $1[0m  [["verb_id", 1178]]
11:08:52 web.1  |   [1m[35m (0.3ms)[0m  SELECT COUNT(*) FROM "personal_connections"  WHERE "personal_connections"."verb_id" = $1  [["verb_id", 1287]]
11:08:52 web.1  |   [1m[36m (0.3ms)[0m  [1mSELECT COUNT(*) FROM "personal_connections"  WHERE "personal_connections"."verb_id" = $1[0m  [["verb_id", 522]]
11:08:52 web.1  |   [1m[36m (0.3ms)[0m  [1mSELECT COUNT(*) FROM "personal_connections"  WHERE "personal_connections"."verb_id" = $1[0m  [["verb_id", 1496]]
11:08:52 web.1  |   [1m[35m (0.3ms)[0m  SELECT COUNT(*) FROM "personal_connections"  WHERE "personal_connections"."verb_id" = $1  [["verb_id", 848]]
11:08:52 web.1  |   [1m[35m (0.4ms)[0m  SELECT COUNT(*) FROM "personal_connections"  WHERE "personal_connections"."verb_id" = $1  [["verb_id", 528]]
11:08:52 web.1  |   [1m[36m (0.3ms)[0m  [1mSELECT COUNT(*) FROM "personal_connections"  WHERE "personal_connections"."verb_id" = $1[0m  [["verb_id", 1013]]
11:08:52 web.1  |   [1m[36m (0.3ms)[0m  [1mSELECT COUNT(*) FROM "personal_connections"  WHERE "personal_connections"."verb_id" = $1[0m  [["verb_id", 777]]
11:08:52 web.1  |   [1m[35m (0.3ms)[0m  SELECT COUNT(*) FROM "personal_connections"  WHERE "personal_connections"."verb_id" = $1  [["verb_id", 1381]]
11:08:52 web.1  |   [1m[35m (0.3ms)[0m  SELECT COUNT(*) FROM "personal_connections"  WHERE "personal_connections"."verb_id" = $1  [["verb_id", 1099]]
11:08:52 web.1  |   [1m[36m (0.3ms)[0m  [1mSELECT COUNT(*) FROM "personal_connections"  WHERE "personal_connections"."verb_id" = $1[0m  [["verb_id", 701]]
11:08:52 web.1  |   [1m[36m (0.3ms)[0m  [1mSELECT COUNT(*) FROM "personal_connections"  WHERE "personal_connections"."verb_id" = $1[0m  [["verb_id", 408]]
11:08:52 web.1  |   [1m[35m (0.3ms)[0m  SELECT COUNT(*) FROM "personal_connections"  WHERE "personal_connections"."verb_id" = $1  [["verb_id", 1234]]
11:08:52 web.1  |   [1m[35m (0.3ms)[0m  SELECT COUNT(*) FROM "personal_connections"  WHERE "personal_connections"."verb_id" = $1  [["verb_id", 1389]]
11:08:52 web.1  |   [1m[36m (0.4ms)[0m  [1mSELECT COUNT(*) FROM "personal_connections"  WHERE "personal_connections"."verb_id" = $1[0m  [["verb_id", 486]]
11:08:52 web.1  |   [1m[36m (0.3ms)[0m  [1mSELECT COUNT(*) FROM "personal_connections"  WHERE "personal_connections"."verb_id" = $1[0m  [["verb_id", 602]]
11:08:52 web.1  |   [1m[35m (0.4ms)[0m  SELECT COUNT(*) FROM "personal_connections"  WHERE "personal_connections"."verb_id" = $1  [["verb_id", 986]]
11:08:52 web.1  |   [1m[35m (0.2ms)[0m  SELECT COUNT(*) FROM "personal_connections"  WHERE "personal_connections"."verb_id" = $1  [["verb_id", 250]]
11:08:52 web.1  |   [1m[36m (0.3ms)[0m  [1mSELECT COUNT(*) FROM "personal_connections"  WHERE "personal_connections"."verb_id" = $1[0m  [["verb_id", 1005]]
11:08:52 web.1  |   [1m[36m (1.6ms)[0m  [1mSELECT COUNT(*) FROM "personal_connections"  WHERE "personal_connections"."verb_id" = $1[0m  [["verb_id", 915]]
11:08:52 web.1  |   [1m[35m (0.3ms)[0m  SELECT COUNT(*) FROM "personal_connections"  WHERE "personal_connections"."verb_id" = $1  [["verb_id", 1273]]
11:08:52 web.1  |   [1m[35m (0.4ms)[0m  SELECT COUNT(*) FROM "personal_connections"  WHERE "personal_connections"."verb_id" = $1  [["verb_id", 1504]]
11:08:52 web.1  |   [1m[36m (0.3ms)[0m  [1mSELECT COUNT(*) FROM "personal_connections"  WHERE "personal_connections"."verb_id" = $1[0m  [["verb_id", 1272]]
11:08:52 web.1  |   [1m[35m (0.3ms)[0m  SELECT COUNT(*) FROM "personal_connections"  WHERE "personal_connections"."verb_id" = $1  [["verb_id", 460]]
11:08:52 web.1  |   [1m[36m (0.5ms)[0m  [1mSELECT COUNT(*) FROM "personal_connections"  WHERE "personal_connections"."verb_id" = $1[0m  [["verb_id", 751]]
11:08:52 web.1  |   [1m[36m (0.3ms)[0m  [1mSELECT COUNT(*) FROM "personal_connections"  WHERE "personal_connections"."verb_id" = $1[0m  [["verb_id", 1336]]
11:08:52 web.1  |   [1m[35m (0.2ms)[0m  SELECT COUNT(*) FROM "personal_connections"  WHERE "personal_connections"."verb_id" = $1  [["verb_id", 540]]
11:08:52 web.1  |   [1m[35m (0.3ms)[0m  SELECT COUNT(*) FROM "personal_connections"  WHERE "personal_connections"."verb_id" = $1  [["verb_id", 874]]
11:08:52 web.1  |   [1m[36m (0.3ms)[0m  [1mSELECT COUNT(*) FROM "personal_connections"  WHERE "personal_connections"."verb_id" = $1[0m  [["verb_id", 652]]
11:08:52 web.1  |   [1m[36m (0.3ms)[0m  [1mSELECT COUNT(*) FROM "personal_connections"  WHERE "personal_connections"."verb_id" = $1[0m  [["verb_id", 934]]
11:08:52 web.1  |   [1m[35m (0.3ms)[0m  SELECT COUNT(*) FROM "personal_connections"  WHERE "personal_connections"."verb_id" = $1  [["verb_id", 1197]]
11:08:52 web.1  |   [1m[35m (0.3ms)[0m  SELECT COUNT(*) FROM "personal_connections"  WHERE "personal_connections"."verb_id" = $1  [["verb_id", 1576]]
11:08:52 web.1  |   [1m[36m (0.3ms)[0m  [1mSELECT COUNT(*) FROM "personal_connections"  WHERE "personal_connections"."verb_id" = $1[0m  [["verb_id", 266]]
11:08:52 web.1  |   [1m[36m (0.3ms)[0m  [1mSELECT COUNT(*) FROM "personal_connections"  WHERE "personal_connections"."verb_id" = $1[0m  [["verb_id", 340]]
11:08:52 web.1  |   [1m[35m (0.3ms)[0m  SELECT COUNT(*) FROM "personal_connections"  WHERE "personal_connections"."verb_id" = $1  [["verb_id", 1446]]
11:08:52 web.1  |   [1m[35m (0.3ms)[0m  SELECT COUNT(*) FROM "personal_connections"  WHERE "personal_connections"."verb_id" = $1  [["verb_id", 224]]
11:08:52 web.1  |   [1m[36m (0.3ms)[0m  [1mSELECT COUNT(*) FROM "personal_connections"  WHERE "personal_connections"."verb_id" = $1[0m  [["verb_id", 1082]]
11:08:52 web.1  |   [1m[36m (0.3ms)[0m  [1mSELECT COUNT(*) FROM "personal_connections"  WHERE "personal_connections"."verb_id" = $1[0m  [["verb_id", 1375]]
11:08:52 web.1  |   [1m[35m (0.4ms)[0m  SELECT COUNT(*) FROM "personal_connections"  WHERE "personal_connections"."verb_id" = $1  [["verb_id", 1305]]
11:08:52 web.1  |   [1m[35m (0.3ms)[0m  SELECT COUNT(*) FROM "personal_connections"  WHERE "personal_connections"."verb_id" = $1  [["verb_id", 436]]
11:08:52 web.1  |   [1m[36m (0.3ms)[0m  [1mSELECT COUNT(*) FROM "personal_connections"  WHERE "personal_connections"."verb_id" = $1[0m  [["verb_id", 1304]]
11:08:52 web.1  |   [1m[36m (0.3ms)[0m  [1mSELECT COUNT(*) FROM "personal_connections"  WHERE "personal_connections"."verb_id" = $1[0m  [["verb_id", 642]]
11:08:52 web.1  |   [1m[35m (0.3ms)[0m  SELECT COUNT(*) FROM "personal_connections"  WHERE "personal_connections"."verb_id" = $1  [["verb_id", 262]]
11:08:52 web.1  |   [1m[35m (0.3ms)[0m  SELECT COUNT(*) FROM "personal_connections"  WHERE "personal_connections"."verb_id" = $1  [["verb_id", 1303]]
11:08:52 web.1  |   [1m[36m (0.4ms)[0m  [1mSELECT COUNT(*) FROM "personal_connections"  WHERE "personal_connections"."verb_id" = $1[0m  [["verb_id", 954]]
11:08:52 web.1  |   [1m[36m (0.3ms)[0m  [1mSELECT COUNT(*) FROM "personal_connections"  WHERE "personal_connections"."verb_id" = $1[0m  [["verb_id", 1388]]
11:08:52 web.1  |   [1m[35m (0.3ms)[0m  SELECT COUNT(*) FROM "personal_connections"  WHERE "personal_connections"."verb_id" = $1  [["verb_id", 400]]
11:08:52 web.1  |   [1m[35m (0.3ms)[0m  SELECT COUNT(*) FROM "personal_connections"  WHERE "personal_connections"."verb_id" = $1  [["verb_id", 1285]]
11:08:52 web.1  |   [1m[36m (0.3ms)[0m  [1mSELECT COUNT(*) FROM "personal_connections"  WHERE "personal_connections"."verb_id" = $1[0m  [["verb_id", 73]]
11:08:52 web.1  |   [1m[35m (0.4ms)[0m  SELECT COUNT(*) FROM "personal_connections"  WHERE "personal_connections"."verb_id" = $1  [["verb_id", 1569]]
11:08:52 web.1  |   [1m[36m (0.3ms)[0m  [1mSELECT COUNT(*) FROM "personal_connections"  WHERE "personal_connections"."verb_id" = $1[0m  [["verb_id", 1376]]
11:08:52 web.1  |   [1m[35m (0.5ms)[0m  SELECT COUNT(*) FROM "personal_connections"  WHERE "personal_connections"."verb_id" = $1  [["verb_id", 1355]]
11:08:52 web.1  |   [1m[36m (0.3ms)[0m  [1mSELECT COUNT(*) FROM "personal_connections"  WHERE "personal_connections"."verb_id" = $1[0m  [["verb_id", 1077]]
11:08:52 web.1  |   [1m[36m (0.3ms)[0m  [1mSELECT COUNT(*) FROM "personal_connections"  WHERE "personal_connections"."verb_id" = $1[0m  [["verb_id", 1307]]
11:08:52 web.1  |   [1m[35m (0.3ms)[0m  SELECT COUNT(*) FROM "personal_connections"  WHERE "personal_connections"."verb_id" = $1  [["verb_id", 1468]]
11:08:52 web.1  |   [1m[35m (0.3ms)[0m  SELECT COUNT(*) FROM "personal_connections"  WHERE "personal_connections"."verb_id" = $1  [["verb_id", 1115]]
11:08:52 web.1  |   [1m[36m (0.3ms)[0m  [1mSELECT COUNT(*) FROM "personal_connections"  WHERE "personal_connections"."verb_id" = $1[0m  [["verb_id", 1542]]
11:08:52 web.1  |   [1m[36m (0.3ms)[0m  [1mSELECT COUNT(*) FROM "personal_connections"  WHERE "personal_connections"."verb_id" = $1[0m  [["verb_id", 1547]]
11:08:52 web.1  |   [1m[35m (0.4ms)[0m  SELECT COUNT(*) FROM "personal_connections"  WHERE "personal_connections"."verb_id" = $1  [["verb_id", 819]]
11:08:52 web.1  |   [1m[35m (0.3ms)[0m  SELECT COUNT(*) FROM "personal_connections"  WHERE "personal_connections"."verb_id" = $1  [["verb_id", 458]]
11:08:52 web.1  |   [1m[36m (0.5ms)[0m  [1mSELECT COUNT(*) FROM "personal_connections"  WHERE "personal_connections"."verb_id" = $1[0m  [["verb_id", 1052]]
11:08:52 web.1  |   [1m[36m (0.3ms)[0m  [1mSELECT COUNT(*) FROM "personal_connections"  WHERE "personal_connections"."verb_id" = $1[0m  [["verb_id", 28]]
11:08:52 web.1  |   [1m[35m (0.3ms)[0m  SELECT COUNT(*) FROM "personal_connections"  WHERE "personal_connections"."verb_id" = $1  [["verb_id", 882]]
11:08:52 web.1  |   [1m[35m (0.3ms)[0m  SELECT COUNT(*) FROM "personal_connections"  WHERE "personal_connections"."verb_id" = $1  [["verb_id", 1088]]
11:08:52 web.1  |   [1m[36m (0.3ms)[0m  [1mSELECT COUNT(*) FROM "personal_connections"  WHERE "personal_connections"."verb_id" = $1[0m  [["verb_id", 220]]
11:08:52 web.1  |   [1m[36m (0.3ms)[0m  [1mSELECT COUNT(*) FROM "personal_connections"  WHERE "personal_connections"."verb_id" = $1[0m  [["verb_id", 1069]]
11:08:52 web.1  |   [1m[35m (0.3ms)[0m  SELECT COUNT(*) FROM "personal_connections"  WHERE "personal_connections"."verb_id" = $1  [["verb_id", 766]]
11:08:52 web.1  |   [1m[35m (0.3ms)[0m  SELECT COUNT(*) FROM "personal_connections"  WHERE "personal_connections"."verb_id" = $1  [["verb_id", 1510]]
11:08:52 web.1  |   [1m[36m (0.3ms)[0m  [1mSELECT COUNT(*) FROM "personal_connections"  WHERE "personal_connections"."verb_id" = $1[0m  [["verb_id", 201]]
11:08:52 web.1  |   [1m[36m (0.4ms)[0m  [1mSELECT COUNT(*) FROM "personal_connections"  WHERE "personal_connections"."verb_id" = $1[0m  [["verb_id", 685]]
11:08:52 web.1  |   [1m[35m (0.2ms)[0m  SELECT COUNT(*) FROM "personal_connections"  WHERE "personal_connections"."verb_id" = $1  [["verb_id", 809]]
11:08:52 web.1  |   [1m[35m (0.3ms)[0m  SELECT COUNT(*) FROM "personal_connections"  WHERE "personal_connections"."verb_id" = $1  [["verb_id", 1289]]
11:08:52 web.1  |   [1m[36m (0.2ms)[0m  [1mSELECT COUNT(*) FROM "personal_connections"  WHERE "personal_connections"."verb_id" = $1[0m  [["verb_id", 1420]]
11:08:52 web.1  |   [1m[36m (0.3ms)[0m  [1mSELECT COUNT(*) FROM "personal_connections"  WHERE "personal_connections"."verb_id" = $1[0m  [["verb_id", 965]]
11:08:52 web.1  |   [1m[35m (0.2ms)[0m  SELECT COUNT(*) FROM "personal_connections"  WHERE "personal_connections"."verb_id" = $1  [["verb_id", 1178]]
11:08:52 web.1  |   [1m[36m (0.4ms)[0m  [1mSELECT COUNT(*) FROM "personal_connections"  WHERE "personal_connections"."verb_id" = $1[0m  [["verb_id", 1287]]
11:08:52 web.1  |   [1m[35m (0.2ms)[0m  SELECT COUNT(*) FROM "personal_connections"  WHERE "personal_connections"."verb_id" = $1  [["verb_id", 876]]
11:08:52 web.1  |   [1m[35m (0.3ms)[0m  SELECT COUNT(*) FROM "personal_connections"  WHERE "personal_connections"."verb_id" = $1  [["verb_id", 1496]]
11:08:52 web.1  |   [1m[36m (0.3ms)[0m  [1mSELECT COUNT(*) FROM "personal_connections"  WHERE "personal_connections"."verb_id" = $1[0m  [["verb_id", 1122]]
11:08:52 web.1  |   [1m[36m (0.3ms)[0m  [1mSELECT COUNT(*) FROM "personal_connections"  WHERE "personal_connections"."verb_id" = $1[0m  [["verb_id", 528]]
11:08:52 web.1  |   [1m[35m (0.3ms)[0m  SELECT COUNT(*) FROM "personal_connections"  WHERE "personal_connections"."verb_id" = $1  [["verb_id", 732]]
11:08:52 web.1  |   [1m[35m (0.3ms)[0m  SELECT COUNT(*) FROM "personal_connections"  WHERE "personal_connections"."verb_id" = $1  [["verb_id", 777]]
11:08:52 web.1  |   [1m[36m (0.4ms)[0m  [1mSELECT COUNT(*) FROM "personal_connections"  WHERE "personal_connections"."verb_id" = $1[0m  [["verb_id", 1099]]
11:08:52 web.1  |   [1m[35m (0.4ms)[0m  SELECT COUNT(*) FROM "personal_connections"  WHERE "personal_connections"."verb_id" = $1  [["verb_id", 408]]
11:08:52 web.1  |   [1m[36m (0.4ms)[0m  [1mSELECT COUNT(*) FROM "personal_connections"  WHERE "personal_connections"."verb_id" = $1[0m  [["verb_id", 6]]
11:08:52 web.1  |   [1m[36m (0.3ms)[0m  [1mSELECT COUNT(*) FROM "personal_connections"  WHERE "personal_connections"."verb_id" = $1[0m  [["verb_id", 1389]]
11:08:52 web.1  |   [1m[35m (0.3ms)[0m  SELECT COUNT(*) FROM "personal_connections"  WHERE "personal_connections"."verb_id" = $1  [["verb_id", 1403]]
11:08:52 web.1  |   [1m[35m (0.4ms)[0m  SELECT COUNT(*) FROM "personal_connections"  WHERE "personal_connections"."verb_id" = $1  [["verb_id", 602]]
11:08:52 web.1  |   [1m[36m (0.4ms)[0m  [1mSELECT COUNT(*) FROM "personal_connections"  WHERE "personal_connections"."verb_id" = $1[0m  [["verb_id", 250]]
11:08:52 web.1  |   [1m[35m (0.3ms)[0m  SELECT COUNT(*) FROM "personal_connections"  WHERE "personal_connections"."verb_id" = $1  [["verb_id", 1005]]
11:08:52 web.1  |   [1m[36m (0.4ms)[0m  [1mSELECT COUNT(*) FROM "personal_connections"  WHERE "personal_connections"."verb_id" = $1[0m  [["verb_id", 1273]]
11:08:52 web.1  |   [1m[36m (0.3ms)[0m  [1mSELECT COUNT(*) FROM "personal_connections"  WHERE "personal_connections"."verb_id" = $1[0m  [["verb_id", 953]]
11:08:52 web.1  |   [1m[35m (0.3ms)[0m  SELECT COUNT(*) FROM "personal_connections"  WHERE "personal_connections"."verb_id" = $1  [["verb_id", 1272]]
11:08:52 web.1  |   [1m[35m (0.3ms)[0m  SELECT COUNT(*) FROM "personal_connections"  WHERE "personal_connections"."verb_id" = $1  [["verb_id", 1317]]
11:08:52 web.1  |   [1m[36m (0.3ms)[0m  [1mSELECT COUNT(*) FROM "personal_connections"  WHERE "personal_connections"."verb_id" = $1[0m  [["verb_id", 460]]
11:08:52 web.1  |   [1m[36m (0.3ms)[0m  [1mSELECT COUNT(*) FROM "personal_connections"  WHERE "personal_connections"."verb_id" = $1[0m  [["verb_id", 638]]
11:08:52 web.1  |   [1m[35m (0.3ms)[0m  SELECT COUNT(*) FROM "personal_connections"  WHERE "personal_connections"."verb_id" = $1  [["verb_id", 1336]]
11:08:52 web.1  |   [1m[35m (0.3ms)[0m  SELECT COUNT(*) FROM "personal_connections"  WHERE "personal_connections"."verb_id" = $1  [["verb_id", 532]]
11:08:52 web.1  |   [1m[36m (0.3ms)[0m  [1mSELECT COUNT(*) FROM "personal_connections"  WHERE "personal_connections"."verb_id" = $1[0m  [["verb_id", 874]]
11:08:52 web.1  |   [1m[36m (0.3ms)[0m  [1mSELECT COUNT(*) FROM "personal_connections"  WHERE "personal_connections"."verb_id" = $1[0m  [["verb_id", 992]]
11:08:52 web.1  |   [1m[35m (0.3ms)[0m  SELECT COUNT(*) FROM "personal_connections"  WHERE "personal_connections"."verb_id" = $1  [["verb_id", 934]]
11:08:52 web.1  |   [1m[35m (0.4ms)[0m  SELECT COUNT(*) FROM "personal_connections"  WHERE "personal_connections"."verb_id" = $1  [["verb_id", 855]]
11:08:52 web.1  |   [1m[36m (0.2ms)[0m  [1mSELECT COUNT(*) FROM "personal_connections"  WHERE "personal_connections"."verb_id" = $1[0m  [["verb_id", 1576]]
11:08:52 web.1  |   [1m[36m (0.3ms)[0m  [1mSELECT COUNT(*) FROM "personal_connections"  WHERE "personal_connections"."verb_id" = $1[0m  [["verb_id", 1209]]
11:08:52 web.1  |   [1m[35m (0.2ms)[0m  SELECT COUNT(*) FROM "personal_connections"  WHERE "personal_connections"."verb_id" = $1  [["verb_id", 340]]
11:08:52 web.1  |   [1m[36m (0.3ms)[0m  [1mSELECT COUNT(*) FROM "personal_connections"  WHERE "personal_connections"."verb_id" = $1[0m  [["verb_id", 224]]
11:08:52 web.1  |   [1m[35m (0.4ms)[0m  SELECT COUNT(*) FROM "personal_connections"  WHERE "personal_connections"."verb_id" = $1  [["verb_id", 1137]]
11:08:52 web.1  |   [1m[35m (0.3ms)[0m  SELECT COUNT(*) FROM "personal_connections"  WHERE "personal_connections"."verb_id" = $1  [["verb_id", 1375]]
11:08:52 web.1  |   [1m[36m (0.5ms)[0m  [1mSELECT COUNT(*) FROM "personal_connections"  WHERE "personal_connections"."verb_id" = $1[0m  [["verb_id", 436]]
11:08:52 web.1  |   [1m[36m (0.6ms)[0m  [1mSELECT COUNT(*) FROM "personal_connections"  WHERE "personal_connections"."verb_id" = $1[0m  [["verb_id", 1066]]
11:08:52 web.1  |   [1m[35m (0.4ms)[0m  SELECT COUNT(*) FROM "personal_connections"  WHERE "personal_connections"."verb_id" = $1  [["verb_id", 1439]]
11:08:52 web.1  |   [1m[35m (0.3ms)[0m  SELECT COUNT(*) FROM "personal_connections"  WHERE "personal_connections"."verb_id" = $1  [["verb_id", 642]]
11:08:52 web.1  |   [1m[36m (0.3ms)[0m  [1mSELECT COUNT(*) FROM "personal_connections"  WHERE "personal_connections"."verb_id" = $1[0m  [["verb_id", 1303]]
11:08:52 web.1  |   [1m[36m (0.2ms)[0m  [1mSELECT COUNT(*) FROM "personal_connections"  WHERE "personal_connections"."verb_id" = $1[0m  [["verb_id", 1171]]
11:08:52 web.1  |   [1m[35m (0.3ms)[0m  SELECT COUNT(*) FROM "personal_connections"  WHERE "personal_connections"."verb_id" = $1  [["verb_id", 1388]]
11:08:52 web.1  |   [1m[35m (0.3ms)[0m  SELECT COUNT(*) FROM "personal_connections"  WHERE "personal_connections"."verb_id" = $1  [["verb_id", 1449]]
11:08:52 web.1  |   [1m[36m (0.3ms)[0m  [1mSELECT COUNT(*) FROM "personal_connections"  WHERE "personal_connections"."verb_id" = $1[0m  [["verb_id", 1285]]
11:08:52 web.1  |   [1m[36m (0.3ms)[0m  [1mSELECT COUNT(*) FROM "personal_connections"  WHERE "personal_connections"."verb_id" = $1[0m  [["verb_id", 1000]]
11:08:52 web.1  |   [1m[35m (0.3ms)[0m  SELECT COUNT(*) FROM "personal_connections"  WHERE "personal_connections"."verb_id" = $1  [["verb_id", 1376]]
11:08:52 web.1  |   [1m[35m (0.4ms)[0m  SELECT COUNT(*) FROM "personal_connections"  WHERE "personal_connections"."verb_id" = $1  [["verb_id", 839]]
11:08:52 web.1  |   [1m[36m (0.3ms)[0m  [1mSELECT COUNT(*) FROM "personal_connections"  WHERE "personal_connections"."verb_id" = $1[0m  [["verb_id", 1355]]
11:08:52 web.1  |   [1m[36m (0.3ms)[0m  [1mSELECT COUNT(*) FROM "personal_connections"  WHERE "personal_connections"."verb_id" = $1[0m  [["verb_id", 970]]
11:08:52 web.1  |   [1m[35m (0.3ms)[0m  SELECT COUNT(*) FROM "personal_connections"  WHERE "personal_connections"."verb_id" = $1  [["verb_id", 1307]]
11:08:52 web.1  |   [1m[35m (0.3ms)[0m  SELECT COUNT(*) FROM "personal_connections"  WHERE "personal_connections"."verb_id" = $1  [["verb_id", 824]]
11:08:52 web.1  |   [1m[36m (0.3ms)[0m  [1mSELECT COUNT(*) FROM "personal_connections"  WHERE "personal_connections"."verb_id" = $1[0m  [["verb_id", 1115]]
11:08:52 web.1  |   [1m[36m (0.3ms)[0m  [1mSELECT COUNT(*) FROM "personal_connections"  WHERE "personal_connections"."verb_id" = $1[0m  [["verb_id", 763]]
11:08:52 web.1  |   [1m[35m (0.3ms)[0m  SELECT COUNT(*) FROM "personal_connections"  WHERE "personal_connections"."verb_id" = $1  [["verb_id", 1547]]
11:08:52 web.1  |   [1m[35m (0.3ms)[0m  SELECT COUNT(*) FROM "personal_connections"  WHERE "personal_connections"."verb_id" = $1  [["verb_id", 1199]]
11:08:52 web.1  |   [1m[36m (0.3ms)[0m  [1mSELECT COUNT(*) FROM "personal_connections"  WHERE "personal_connections"."verb_id" = $1[0m  [["verb_id", 458]]
11:08:52 web.1  |   [1m[36m (0.3ms)[0m  [1mSELECT COUNT(*) FROM "personal_connections"  WHERE "personal_connections"."verb_id" = $1[0m  [["verb_id", 671]]
11:08:52 web.1  |   [1m[35m (0.3ms)[0m  SELECT COUNT(*) FROM "personal_connections"  WHERE "personal_connections"."verb_id" = $1  [["verb_id", 28]]
11:08:52 web.1  |   [1m[35m (0.7ms)[0m  SELECT COUNT(*) FROM "personal_connections"  WHERE "personal_connections"."verb_id" = $1  [["verb_id", 808]]
11:08:52 web.1  |   [1m[36m (0.3ms)[0m  [1mSELECT COUNT(*) FROM "personal_connections"  WHERE "personal_connections"."verb_id" = $1[0m  [["verb_id", 1088]]
11:08:52 web.1  |   [1m[36m (0.3ms)[0m  [1mSELECT COUNT(*) FROM "personal_connections"  WHERE "personal_connections"."verb_id" = $1[0m  [["verb_id", 1465]]
11:08:52 web.1  |   [1m[35m (0.3ms)[0m  SELECT COUNT(*) FROM "personal_connections"  WHERE "personal_connections"."verb_id" = $1  [["verb_id", 1069]]
11:08:52 web.1  |   [1m[35m (0.3ms)[0m  SELECT COUNT(*) FROM "personal_connections"  WHERE "personal_connections"."verb_id" = $1  [["verb_id", 470]]
11:08:52 web.1  |   [1m[36m (0.3ms)[0m  [1mSELECT COUNT(*) FROM "personal_connections"  WHERE "personal_connections"."verb_id" = $1[0m  [["verb_id", 1510]]
11:08:52 web.1  |   [1m[36m (0.3ms)[0m  [1mSELECT COUNT(*) FROM "personal_connections"  WHERE "personal_connections"."verb_id" = $1[0m  [["verb_id", 981]]
11:08:52 web.1  |   [1m[35m (0.4ms)[0m  SELECT COUNT(*) FROM "personal_connections"  WHERE "personal_connections"."verb_id" = $1  [["verb_id", 685]]
11:08:52 web.1  |   [1m[35m (0.3ms)[0m  SELECT COUNT(*) FROM "personal_connections"  WHERE "personal_connections"."verb_id" = $1  [["verb_id", 880]]
11:08:52 web.1  |   [1m[36m (0.3ms)[0m  [1mSELECT COUNT(*) FROM "personal_connections"  WHERE "personal_connections"."verb_id" = $1[0m  [["verb_id", 1289]]
11:08:52 web.1  |   [1m[35m (0.3ms)[0m  SELECT COUNT(*) FROM "personal_connections"  WHERE "personal_connections"."verb_id" = $1  [["verb_id", 965]]
11:08:52 web.1  |   [1m[36m (0.2ms)[0m  [1mSELECT COUNT(*) FROM "personal_connections"  WHERE "personal_connections"."verb_id" = $1[0m  [["verb_id", 1050]]
11:08:52 web.1  |   [1m[35m (0.3ms)[0m  SELECT COUNT(*) FROM "personal_connections"  WHERE "personal_connections"."verb_id" = $1  [["verb_id", 980]]
11:08:52 web.1  |   [1m[36m (0.3ms)[0m  [1mSELECT COUNT(*) FROM "personal_connections"  WHERE "personal_connections"."verb_id" = $1[0m  [["verb_id", 876]]
11:08:52 web.1  |   [1m[36m (0.3ms)[0m  [1mSELECT COUNT(*) FROM "personal_connections"  WHERE "personal_connections"."verb_id" = $1[0m  [["verb_id", 1010]]
11:08:52 web.1  |   [1m[35m (0.3ms)[0m  SELECT COUNT(*) FROM "personal_connections"  WHERE "personal_connections"."verb_id" = $1  [["verb_id", 1122]]
11:08:52 web.1  |   [1m[36m (0.2ms)[0m  [1mSELECT COUNT(*) FROM "personal_connections"  WHERE "personal_connections"."verb_id" = $1[0m  [["verb_id", 732]]
11:08:52 web.1  |   [1m[35m (0.4ms)[0m  SELECT COUNT(*) FROM "personal_connections"  WHERE "personal_connections"."verb_id" = $1  [["verb_id", 492]]
11:08:52 web.1  |   [1m[35m (0.4ms)[0m  SELECT COUNT(*) FROM "personal_connections"  WHERE "personal_connections"."verb_id" = $1  [["verb_id", 6]]
11:08:52 web.1  |   [1m[36m (0.3ms)[0m  [1mSELECT COUNT(*) FROM "personal_connections"  WHERE "personal_connections"."verb_id" = $1[0m  [["verb_id", 1556]]
11:08:52 web.1  |   [1m[36m (0.3ms)[0m  [1mSELECT COUNT(*) FROM "personal_connections"  WHERE "personal_connections"."verb_id" = $1[0m  [["verb_id", 1403]]
11:08:52 web.1  |   [1m[35m (0.3ms)[0m  SELECT COUNT(*) FROM "personal_connections"  WHERE "personal_connections"."verb_id" = $1  [["verb_id", 744]]
11:08:52 web.1  |   [1m[35m (0.3ms)[0m  SELECT COUNT(*) FROM "personal_connections"  WHERE "personal_connections"."verb_id" = $1  [["verb_id", 953]]
11:08:52 web.1  |   [1m[36m (0.3ms)[0m  [1mSELECT COUNT(*) FROM "personal_connections"  WHERE "personal_connections"."verb_id" = $1[0m  [["verb_id", 1509]]
11:08:52 web.1  |   [1m[36m (0.3ms)[0m  [1mSELECT COUNT(*) FROM "personal_connections"  WHERE "personal_connections"."verb_id" = $1[0m  [["verb_id", 1317]]
11:08:52 web.1  |   [1m[35m (0.3ms)[0m  SELECT COUNT(*) FROM "personal_connections"  WHERE "personal_connections"."verb_id" = $1  [["verb_id", 1218]]
11:08:52 web.1  |   [1m[35m (0.3ms)[0m  SELECT COUNT(*) FROM "personal_connections"  WHERE "personal_connections"."verb_id" = $1  [["verb_id", 638]]
11:08:52 web.1  |   [1m[36m (0.3ms)[0m  [1mSELECT COUNT(*) FROM "personal_connections"  WHERE "personal_connections"."verb_id" = $1[0m  [["verb_id", 1490]]
11:08:52 web.1  |   [1m[36m (0.3ms)[0m  [1mSELECT COUNT(*) FROM "personal_connections"  WHERE "personal_connections"."verb_id" = $1[0m  [["verb_id", 532]]
11:08:52 web.1  |   [1m[35m (0.3ms)[0m  SELECT COUNT(*) FROM "personal_connections"  WHERE "personal_connections"."verb_id" = $1  [["verb_id", 1318]]
11:08:52 web.1  |   [1m[35m (0.3ms)[0m  SELECT COUNT(*) FROM "personal_connections"  WHERE "personal_connections"."verb_id" = $1  [["verb_id", 992]]
11:08:52 web.1  |   [1m[36m (0.3ms)[0m  [1mSELECT COUNT(*) FROM "personal_connections"  WHERE "personal_connections"."verb_id" = $1[0m  [["verb_id", 708]]
11:08:52 web.1  |   [1m[36m (0.3ms)[0m  [1mSELECT COUNT(*) FROM "personal_connections"  WHERE "personal_connections"."verb_id" = $1[0m  [["verb_id", 855]]
11:08:52 web.1  |   [1m[35m (0.3ms)[0m  SELECT COUNT(*) FROM "personal_connections"  WHERE "personal_connections"."verb_id" = $1  [["verb_id", 1195]]
11:08:52 web.1  |   [1m[35m (0.2ms)[0m  SELECT COUNT(*) FROM "personal_connections"  WHERE "personal_connections"."verb_id" = $1  [["verb_id", 1209]]
11:08:52 web.1  |   [1m[36m (0.4ms)[0m  [1mSELECT COUNT(*) FROM "personal_connections"  WHERE "personal_connections"."verb_id" = $1[0m  [["verb_id", 1137]]
11:08:52 web.1  |   [1m[36m (0.2ms)[0m  [1mSELECT COUNT(*) FROM "personal_connections"  WHERE "personal_connections"."verb_id" = $1[0m  [["verb_id", 1335]]
11:08:52 web.1  |   [1m[35m (0.3ms)[0m  SELECT COUNT(*) FROM "personal_connections"  WHERE "personal_connections"."verb_id" = $1  [["verb_id", 1066]]
11:08:52 web.1  |   [1m[35m (0.2ms)[0m  SELECT COUNT(*) FROM "personal_connections"  WHERE "personal_connections"."verb_id" = $1  [["verb_id", 1206]]
11:08:52 web.1  |   [1m[36m (0.4ms)[0m  [1mSELECT COUNT(*) FROM "personal_connections"  WHERE "personal_connections"."verb_id" = $1[0m  [["verb_id", 713]]
11:08:52 web.1  |   [1m[36m (0.2ms)[0m  [1mSELECT COUNT(*) FROM "personal_connections"  WHERE "personal_connections"."verb_id" = $1[0m  [["verb_id", 1439]]
11:08:52 web.1  |   [1m[35m (0.3ms)[0m  SELECT COUNT(*) FROM "personal_connections"  WHERE "personal_connections"."verb_id" = $1  [["verb_id", 871]]
11:08:52 web.1  |   [1m[35m (0.2ms)[0m  SELECT COUNT(*) FROM "personal_connections"  WHERE "personal_connections"."verb_id" = $1  [["verb_id", 1171]]
11:08:52 web.1  |   [1m[36m (0.3ms)[0m  [1mSELECT COUNT(*) FROM "personal_connections"  WHERE "personal_connections"."verb_id" = $1[0m  [["verb_id", 604]]
11:08:52 web.1  |   [1m[36m (0.3ms)[0m  [1mSELECT COUNT(*) FROM "personal_connections"  WHERE "personal_connections"."verb_id" = $1[0m  [["verb_id", 1449]]
11:08:52 web.1  |   [1m[35m (0.4ms)[0m  SELECT COUNT(*) FROM "personal_connections"  WHERE "personal_connections"."verb_id" = $1  [["verb_id", 1000]]
11:08:52 web.1  |   [1m[35m (0.4ms)[0m  SELECT COUNT(*) FROM "personal_connections"  WHERE "personal_connections"."verb_id" = $1  [["verb_id", 707]]
11:08:52 web.1  |   [1m[36m (0.3ms)[0m  [1mSELECT COUNT(*) FROM "personal_connections"  WHERE "personal_connections"."verb_id" = $1[0m  [["verb_id", 839]]
11:08:52 web.1  |   [1m[36m (0.5ms)[0m  [1mSELECT COUNT(*) FROM "personal_connections"  WHERE "personal_connections"."verb_id" = $1[0m  [["verb_id", 825]]
11:08:52 web.1  |   [1m[35m (0.3ms)[0m  SELECT COUNT(*) FROM "personal_connections"  WHERE "personal_connections"."verb_id" = $1  [["verb_id", 970]]
11:08:52 web.1  |   [1m[35m (4.2ms)[0m  SELECT COUNT(*) FROM "personal_connections"  WHERE "personal_connections"."verb_id" = $1  [["verb_id", 1343]]
11:08:52 web.1  |   [1m[36m (0.3ms)[0m  [1mSELECT COUNT(*) FROM "personal_connections"  WHERE "personal_connections"."verb_id" = $1[0m  [["verb_id", 824]]
11:08:52 web.1  |   [1m[36m (0.3ms)[0m  [1mSELECT COUNT(*) FROM "personal_connections"  WHERE "personal_connections"."verb_id" = $1[0m  [["verb_id", 332]]
11:08:52 web.1  |   [1m[35m (0.3ms)[0m  SELECT COUNT(*) FROM "personal_connections"  WHERE "personal_connections"."verb_id" = $1  [["verb_id", 763]]
11:08:52 web.1  |   [1m[35m (0.3ms)[0m  SELECT COUNT(*) FROM "personal_connections"  WHERE "personal_connections"."verb_id" = $1  [["verb_id", 380]]
11:08:52 web.1  |   [1m[36m (0.3ms)[0m  [1mSELECT COUNT(*) FROM "personal_connections"  WHERE "personal_connections"."verb_id" = $1[0m  [["verb_id", 1199]]
11:08:52 web.1  |   [1m[36m (0.3ms)[0m  [1mSELECT COUNT(*) FROM "personal_connections"  WHERE "personal_connections"."verb_id" = $1[0m  [["verb_id", 1434]]
11:08:52 web.1  |   [1m[35m (0.3ms)[0m  SELECT COUNT(*) FROM "personal_connections"  WHERE "personal_connections"."verb_id" = $1  [["verb_id", 671]]
11:08:52 web.1  |   [1m[35m (0.3ms)[0m  SELECT COUNT(*) FROM "personal_connections"  WHERE "personal_connections"."verb_id" = $1  [["verb_id", 1466]]
11:08:52 web.1  |   [1m[36m (0.3ms)[0m  [1mSELECT COUNT(*) FROM "personal_connections"  WHERE "personal_connections"."verb_id" = $1[0m  [["verb_id", 808]]
11:08:52 web.1  |   [1m[35m (0.3ms)[0m  SELECT COUNT(*) FROM "personal_connections"  WHERE "personal_connections"."verb_id" = $1  [["verb_id", 1465]]
11:08:52 web.1  |   [1m[36m (0.3ms)[0m  [1mSELECT COUNT(*) FROM "personal_connections"  WHERE "personal_connections"."verb_id" = $1[0m  [["verb_id", 608]]
11:08:52 web.1  |   [1m[36m (0.3ms)[0m  [1mSELECT COUNT(*) FROM "personal_connections"  WHERE "personal_connections"."verb_id" = $1[0m  [["verb_id", 470]]
11:08:52 web.1  |   [1m[35m (0.4ms)[0m  SELECT COUNT(*) FROM "personal_connections"  WHERE "personal_connections"."verb_id" = $1  [["verb_id", 600]]
11:08:52 web.1  |   [1m[35m (0.5ms)[0m  SELECT COUNT(*) FROM "personal_connections"  WHERE "personal_connections"."verb_id" = $1  [["verb_id", 981]]
11:08:52 web.1  |   [1m[36m (0.3ms)[0m  [1mSELECT COUNT(*) FROM "personal_connections"  WHERE "personal_connections"."verb_id" = $1[0m  [["verb_id", 1035]]
11:08:52 web.1  |   [1m[35m (0.3ms)[0m  SELECT COUNT(*) FROM "personal_connections"  WHERE "personal_connections"."verb_id" = $1  [["verb_id", 656]]
11:08:52 web.1  |   [1m[36m (0.2ms)[0m  [1mSELECT COUNT(*) FROM "personal_connections"  WHERE "personal_connections"."verb_id" = $1[0m  [["verb_id", 880]]
11:08:52 web.1  |   [1m[36m (0.3ms)[0m  [1mSELECT COUNT(*) FROM "personal_connections"  WHERE "personal_connections"."verb_id" = $1[0m  [["verb_id", 910]]
11:08:52 web.1  |   [1m[35m (0.3ms)[0m  SELECT COUNT(*) FROM "personal_connections"  WHERE "personal_connections"."verb_id" = $1  [["verb_id", 1050]]
11:08:52 web.1  |   [1m[35m (0.3ms)[0m  SELECT COUNT(*) FROM "personal_connections"  WHERE "personal_connections"."verb_id" = $1  [["verb_id", 360]]
11:08:52 web.1  |   [1m[36m (0.3ms)[0m  [1mSELECT COUNT(*) FROM "personal_connections"  WHERE "personal_connections"."verb_id" = $1[0m  [["verb_id", 980]]
11:08:52 web.1  |   [1m[36m (0.3ms)[0m  [1mSELECT COUNT(*) FROM "personal_connections"  WHERE "personal_connections"."verb_id" = $1[0m  [["verb_id", 1256]]
11:08:52 web.1  |   [1m[35m (0.3ms)[0m  SELECT COUNT(*) FROM "personal_connections"  WHERE "personal_connections"."verb_id" = $1  [["verb_id", 1010]]
11:08:52 web.1  |   [1m[35m (0.3ms)[0m  SELECT COUNT(*) FROM "personal_connections"  WHERE "personal_connections"."verb_id" = $1  [["verb_id", 897]]
11:08:52 web.1  |   [1m[36m (0.3ms)[0m  [1mSELECT COUNT(*) FROM "personal_connections"  WHERE "personal_connections"."verb_id" = $1[0m  [["verb_id", 492]]
11:08:52 web.1  |   [1m[36m (0.3ms)[0m  [1mSELECT COUNT(*) FROM "personal_connections"  WHERE "personal_connections"."verb_id" = $1[0m  [["verb_id", 324]]
11:08:52 web.1  |   [1m[35m (0.3ms)[0m  SELECT COUNT(*) FROM "personal_connections"  WHERE "personal_connections"."verb_id" = $1  [["verb_id", 1556]]
11:08:52 web.1  |   [1m[35m (0.3ms)[0m  SELECT COUNT(*) FROM "personal_connections"  WHERE "personal_connections"."verb_id" = $1  [["verb_id", 330]]
11:08:52 web.1  |   [1m[36m (0.3ms)[0m  [1mSELECT COUNT(*) FROM "personal_connections"  WHERE "personal_connections"."verb_id" = $1[0m  [["verb_id", 744]]
11:08:52 web.1  |   [1m[36m (0.2ms)[0m  [1mSELECT COUNT(*) FROM "personal_connections"  WHERE "personal_connections"."verb_id" = $1[0m  [["verb_id", 386]]
11:08:52 web.1  |   [1m[35m (0.3ms)[0m  SELECT COUNT(*) FROM "personal_connections"  WHERE "personal_connections"."verb_id" = $1  [["verb_id", 1183]]
11:08:52 web.1  |   [1m[35m (0.4ms)[0m  SELECT COUNT(*) FROM "personal_connections"  WHERE "personal_connections"."verb_id" = $1  [["verb_id", 1509]]
11:08:52 web.1  |   [1m[36m (0.3ms)[0m  [1mSELECT COUNT(*) FROM "personal_connections"  WHERE "personal_connections"."verb_id" = $1[0m  [["verb_id", 811]]
11:08:52 web.1  |   [1m[36m (0.3ms)[0m  [1mSELECT COUNT(*) FROM "personal_connections"  WHERE "personal_connections"."verb_id" = $1[0m  [["verb_id", 1218]]
11:08:52 web.1  |   [1m[35m (0.3ms)[0m  SELECT COUNT(*) FROM "personal_connections"  WHERE "personal_connections"."verb_id" = $1  [["verb_id", 350]]
11:08:52 web.1  |   [1m[35m (0.3ms)[0m  SELECT COUNT(*) FROM "personal_connections"  WHERE "personal_connections"."verb_id" = $1  [["verb_id", 1490]]
11:08:52 web.1  |   [1m[36m (0.3ms)[0m  [1mSELECT COUNT(*) FROM "personal_connections"  WHERE "personal_connections"."verb_id" = $1[0m  [["verb_id", 1480]]
11:08:52 web.1  |   [1m[36m (0.3ms)[0m  [1mSELECT COUNT(*) FROM "personal_connections"  WHERE "personal_connections"."verb_id" = $1[0m  [["verb_id", 1318]]
11:08:52 web.1  |   [1m[35m (0.3ms)[0m  SELECT COUNT(*) FROM "personal_connections"  WHERE "personal_connections"."verb_id" = $1  [["verb_id", 368]]
11:08:52 web.1  |   [1m[35m (0.3ms)[0m  SELECT COUNT(*) FROM "personal_connections"  WHERE "personal_connections"."verb_id" = $1  [["verb_id", 708]]
11:08:52 web.1  |   [1m[36m (0.3ms)[0m  [1mSELECT COUNT(*) FROM "personal_connections"  WHERE "personal_connections"."verb_id" = $1[0m  [["verb_id", 366]]
11:08:52 web.1  |   [1m[36m (0.3ms)[0m  [1mSELECT COUNT(*) FROM "personal_connections"  WHERE "personal_connections"."verb_id" = $1[0m  [["verb_id", 1195]]
11:08:53 web.1  |   [1m[35m (0.2ms)[0m  SELECT COUNT(*) FROM "personal_connections"  WHERE "personal_connections"."verb_id" = $1  [["verb_id", 344]]
11:08:53 web.1  |   [1m[35m (0.3ms)[0m  SELECT COUNT(*) FROM "personal_connections"  WHERE "personal_connections"."verb_id" = $1  [["verb_id", 1335]]
11:08:53 web.1  |   [1m[36m (0.3ms)[0m  [1mSELECT COUNT(*) FROM "personal_connections"  WHERE "personal_connections"."verb_id" = $1[0m  [["verb_id", 1204]]
11:08:53 web.1  |   [1m[36m (0.2ms)[0m  [1mSELECT COUNT(*) FROM "personal_connections"  WHERE "personal_connections"."verb_id" = $1[0m  [["verb_id", 1206]]
11:08:53 web.1  |   [1m[35m (0.4ms)[0m  SELECT COUNT(*) FROM "personal_connections"  WHERE "personal_connections"."verb_id" = $1  [["verb_id", 1070]]
11:08:53 web.1  |   [1m[35m (0.2ms)[0m  SELECT COUNT(*) FROM "personal_connections"  WHERE "personal_connections"."verb_id" = $1  [["verb_id", 713]]
11:08:53 web.1  |   [1m[36m (0.3ms)[0m  [1mSELECT COUNT(*) FROM "personal_connections"  WHERE "personal_connections"."verb_id" = $1[0m  [["verb_id", 996]]
11:08:53 web.1  |   [1m[36m (0.5ms)[0m  [1mSELECT COUNT(*) FROM "personal_connections"  WHERE "personal_connections"."verb_id" = $1[0m  [["verb_id", 871]]
11:08:53 web.1  |   [1m[35m (0.4ms)[0m  SELECT COUNT(*) FROM "personal_connections"  WHERE "personal_connections"."verb_id" = $1  [["verb_id", 1409]]
11:08:53 web.1  |   [1m[35m (0.5ms)[0m  SELECT COUNT(*) FROM "personal_connections"  WHERE "personal_connections"."verb_id" = $1  [["verb_id", 604]]
11:08:53 web.1  |   [1m[36m (0.3ms)[0m  [1mSELECT COUNT(*) FROM "personal_connections"  WHERE "personal_connections"."verb_id" = $1[0m  [["verb_id", 1072]]
11:08:53 web.1  |   [1m[36m (0.6ms)[0m  [1mSELECT COUNT(*) FROM "personal_connections"  WHERE "personal_connections"."verb_id" = $1[0m  [["verb_id", 707]]
11:08:53 web.1  |   [1m[35m (0.5ms)[0m  SELECT COUNT(*) FROM "personal_connections"  WHERE "personal_connections"."verb_id" = $1  [["verb_id", 1160]]
11:08:53 web.1  |   [1m[35m (0.4ms)[0m  SELECT COUNT(*) FROM "personal_connections"  WHERE "personal_connections"."verb_id" = $1  [["verb_id", 825]]
11:08:53 web.1  |   [1m[36m (0.5ms)[0m  [1mSELECT COUNT(*) FROM "personal_connections"  WHERE "personal_connections"."verb_id" = $1[0m  [["verb_id", 1587]]
11:08:53 web.1  |   [1m[36m (0.3ms)[0m  [1mSELECT COUNT(*) FROM "personal_connections"  WHERE "personal_connections"."verb_id" = $1[0m  [["verb_id", 1343]]
11:08:53 web.1  |   [1m[35m (0.5ms)[0m  SELECT COUNT(*) FROM "personal_connections"  WHERE "personal_connections"."verb_id" = $1  [["verb_id", 952]]
11:08:53 web.1  |   [1m[35m (0.3ms)[0m  SELECT COUNT(*) FROM "personal_connections"  WHERE "personal_connections"."verb_id" = $1  [["verb_id", 332]]
11:08:53 web.1  |   [1m[36m (0.5ms)[0m  [1mSELECT COUNT(*) FROM "personal_connections"  WHERE "personal_connections"."verb_id" = $1[0m  [["verb_id", 546]]
11:08:53 web.1  |   [1m[36m (0.4ms)[0m  [1mSELECT COUNT(*) FROM "personal_connections"  WHERE "personal_connections"."verb_id" = $1[0m  [["verb_id", 380]]
11:08:53 web.1  |   [1m[35m (0.3ms)[0m  SELECT COUNT(*) FROM "personal_connections"  WHERE "personal_connections"."verb_id" = $1  [["verb_id", 209]]
11:08:53 web.1  |   [1m[35m (0.3ms)[0m  SELECT COUNT(*) FROM "personal_connections"  WHERE "personal_connections"."verb_id" = $1  [["verb_id", 1434]]
11:08:53 web.1  |   [1m[36m (0.5ms)[0m  [1mSELECT COUNT(*) FROM "personal_connections"  WHERE "personal_connections"."verb_id" = $1[0m  [["verb_id", 169]]
11:08:53 web.1  |   [1m[36m (0.3ms)[0m  [1mSELECT COUNT(*) FROM "personal_connections"  WHERE "personal_connections"."verb_id" = $1[0m  [["verb_id", 1466]]
11:08:53 web.1  |   [1m[35m (0.5ms)[0m  SELECT COUNT(*) FROM "personal_connections"  WHERE "personal_connections"."verb_id" = $1  [["verb_id", 1017]]
11:08:53 web.1  |   [1m[35m (0.3ms)[0m  SELECT COUNT(*) FROM "personal_connections"  WHERE "personal_connections"."verb_id" = $1  [["verb_id", 608]]
11:08:53 web.1  |   [1m[36m (0.3ms)[0m  [1mSELECT COUNT(*) FROM "personal_connections"  WHERE "personal_connections"."verb_id" = $1[0m  [["verb_id", 1073]]
11:08:53 web.1  |   [1m[36m (0.3ms)[0m  [1mSELECT COUNT(*) FROM "personal_connections"  WHERE "personal_connections"."verb_id" = $1[0m  [["verb_id", 600]]
11:08:53 web.1  |   [1m[35m (1.0ms)[0m  SELECT COUNT(*) FROM "personal_connections"  WHERE "personal_connections"."verb_id" = $1  [["verb_id", 892]]
11:08:53 web.1  |   [1m[35m (0.3ms)[0m  SELECT COUNT(*) FROM "personal_connections"  WHERE "personal_connections"."verb_id" = $1  [["verb_id", 1035]]
11:08:53 web.1  |   [1m[36m (0.4ms)[0m  [1mSELECT COUNT(*) FROM "personal_connections"  WHERE "personal_connections"."verb_id" = $1[0m  [["verb_id", 1316]]
11:08:53 web.1  |   [1m[36m (0.3ms)[0m  [1mSELECT COUNT(*) FROM "personal_connections"  WHERE "personal_connections"."verb_id" = $1[0m  [["verb_id", 656]]
11:08:53 web.1  |   [1m[35m (0.4ms)[0m  SELECT COUNT(*) FROM "personal_connections"  WHERE "personal_connections"."verb_id" = $1  [["verb_id", 764]]
11:08:53 web.1  |   [1m[35m (0.3ms)[0m  SELECT COUNT(*) FROM "personal_connections"  WHERE "personal_connections"."verb_id" = $1  [["verb_id", 910]]
11:08:53 web.1  |   [1m[36m (0.3ms)[0m  [1mSELECT COUNT(*) FROM "personal_connections"  WHERE "personal_connections"."verb_id" = $1[0m  [["verb_id", 1410]]
11:08:53 web.1  |   [1m[36m (0.3ms)[0m  [1mSELECT COUNT(*) FROM "personal_connections"  WHERE "personal_connections"."verb_id" = $1[0m  [["verb_id", 360]]
11:08:53 web.1  |   [1m[35m (0.3ms)[0m  SELECT COUNT(*) FROM "personal_connections"  WHERE "personal_connections"."verb_id" = $1  [["verb_id", 800]]
11:08:53 web.1  |   [1m[35m (0.3ms)[0m  SELECT COUNT(*) FROM "personal_connections"  WHERE "personal_connections"."verb_id" = $1  [["verb_id", 1256]]
11:08:53 web.1  |   [1m[36m (0.4ms)[0m  [1mSELECT COUNT(*) FROM "personal_connections"  WHERE "personal_connections"."verb_id" = $1[0m  [["verb_id", 612]]
11:08:53 web.1  |   [1m[35m (0.3ms)[0m  SELECT COUNT(*) FROM "personal_connections"  WHERE "personal_connections"."verb_id" = $1  [["verb_id", 748]]
11:08:53 web.1  |   [1m[36m (0.3ms)[0m  [1mSELECT COUNT(*) FROM "personal_connections"  WHERE "personal_connections"."verb_id" = $1[0m  [["verb_id", 897]]
11:08:53 web.1  |   [1m[36m (0.2ms)[0m  [1mSELECT COUNT(*) FROM "personal_connections"  WHERE "personal_connections"."verb_id" = $1[0m  [["verb_id", 474]]
11:08:53 web.1  |   [1m[35m (0.5ms)[0m  SELECT COUNT(*) FROM "personal_connections"  WHERE "personal_connections"."verb_id" = $1  [["verb_id", 324]]
11:08:53 web.1  |   [1m[35m (0.3ms)[0m  SELECT COUNT(*) FROM "personal_connections"  WHERE "personal_connections"."verb_id" = $1  [["verb_id", 1428]]
11:08:53 web.1  |   [1m[36m (0.3ms)[0m  [1mSELECT COUNT(*) FROM "personal_connections"  WHERE "personal_connections"."verb_id" = $1[0m  [["verb_id", 330]]
11:08:53 web.1  |   [1m[36m (0.3ms)[0m  [1mSELECT COUNT(*) FROM "personal_connections"  WHERE "personal_connections"."verb_id" = $1[0m  [["verb_id", 752]]
11:08:53 web.1  |   [1m[35m (0.3ms)[0m  SELECT COUNT(*) FROM "personal_connections"  WHERE "personal_connections"."verb_id" = $1  [["verb_id", 386]]
11:08:53 web.1  |   [1m[35m (0.3ms)[0m  SELECT COUNT(*) FROM "personal_connections"  WHERE "personal_connections"."verb_id" = $1  [["verb_id", 1279]]
11:08:53 web.1  |   [1m[36m (0.3ms)[0m  [1mSELECT COUNT(*) FROM "personal_connections"  WHERE "personal_connections"."verb_id" = $1[0m  [["verb_id", 1183]]
11:08:53 web.1  |   [1m[36m (0.3ms)[0m  [1mSELECT COUNT(*) FROM "personal_connections"  WHERE "personal_connections"."verb_id" = $1[0m  [["verb_id", 1406]]
11:08:53 web.1  |   [1m[35m (0.3ms)[0m  SELECT COUNT(*) FROM "personal_connections"  WHERE "personal_connections"."verb_id" = $1  [["verb_id", 811]]
11:08:53 web.1  |   [1m[35m (0.3ms)[0m  SELECT COUNT(*) FROM "personal_connections"  WHERE "personal_connections"."verb_id" = $1  [["verb_id", 870]]
11:08:53 web.1  |   [1m[36m (0.3ms)[0m  [1mSELECT COUNT(*) FROM "personal_connections"  WHERE "personal_connections"."verb_id" = $1[0m  [["verb_id", 350]]
11:08:53 web.1  |   [1m[36m (0.3ms)[0m  [1mSELECT COUNT(*) FROM "personal_connections"  WHERE "personal_connections"."verb_id" = $1[0m  [["verb_id", 864]]
11:08:53 web.1  |   [1m[35m (0.3ms)[0m  SELECT COUNT(*) FROM "personal_connections"  WHERE "personal_connections"."verb_id" = $1  [["verb_id", 1480]]
11:08:53 web.1  |   [1m[36m (0.2ms)[0m  [1mSELECT COUNT(*) FROM "personal_connections"  WHERE "personal_connections"."verb_id" = $1[0m  [["verb_id", 368]]
11:08:53 web.1  |   [1m[35m (0.3ms)[0m  SELECT COUNT(*) FROM "personal_connections"  WHERE "personal_connections"."verb_id" = $1  [["verb_id", 845]]
11:08:53 web.1  |   [1m[35m (0.3ms)[0m  SELECT COUNT(*) FROM "personal_connections"  WHERE "personal_connections"."verb_id" = $1  [["verb_id", 366]]
11:08:53 web.1  |   [1m[36m (0.2ms)[0m  [1mSELECT COUNT(*) FROM "personal_connections"  WHERE "personal_connections"."verb_id" = $1[0m  [["verb_id", 560]]
11:08:53 web.1  |   [1m[36m (0.3ms)[0m  [1mSELECT COUNT(*) FROM "personal_connections"  WHERE "personal_connections"."verb_id" = $1[0m  [["verb_id", 344]]
11:08:53 web.1  |   [1m[35m (0.2ms)[0m  SELECT COUNT(*) FROM "personal_connections"  WHERE "personal_connections"."verb_id" = $1  [["verb_id", 1019]]
11:08:53 web.1  |   [1m[35m (0.3ms)[0m  SELECT COUNT(*) FROM "personal_connections"  WHERE "personal_connections"."verb_id" = $1  [["verb_id", 1204]]
11:08:53 web.1  |   [1m[36m (1.2ms)[0m  [1mSELECT COUNT(*) FROM "personal_connections"  WHERE "personal_connections"."verb_id" = $1[0m  [["verb_id", 821]]
11:08:53 web.1  |   [1m[36m (0.4ms)[0m  [1mSELECT COUNT(*) FROM "personal_connections"  WHERE "personal_connections"."verb_id" = $1[0m  [["verb_id", 1070]]
11:08:53 web.1  |   [1m[35m (0.3ms)[0m  SELECT COUNT(*) FROM "personal_connections"  WHERE "personal_connections"."verb_id" = $1  [["verb_id", 987]]
11:08:53 web.1  |   [1m[35m (0.3ms)[0m  SELECT COUNT(*) FROM "personal_connections"  WHERE "personal_connections"."verb_id" = $1  [["verb_id", 996]]
11:08:53 web.1  |   [1m[36m (0.3ms)[0m  [1mSELECT COUNT(*) FROM "personal_connections"  WHERE "personal_connections"."verb_id" = $1[0m  [["verb_id", 749]]
11:08:53 web.1  |   [1m[36m (0.3ms)[0m  [1mSELECT COUNT(*) FROM "personal_connections"  WHERE "personal_connections"."verb_id" = $1[0m  [["verb_id", 1409]]
11:08:53 web.1  |   [1m[35m (0.3ms)[0m  SELECT COUNT(*) FROM "personal_connections"  WHERE "personal_connections"."verb_id" = $1  [["verb_id", 1500]]
11:08:53 web.1  |   [1m[35m (0.3ms)[0m  SELECT COUNT(*) FROM "personal_connections"  WHERE "personal_connections"."verb_id" = $1  [["verb_id", 1072]]
11:08:53 web.1  |   [1m[36m (0.3ms)[0m  [1mSELECT COUNT(*) FROM "personal_connections"  WHERE "personal_connections"."verb_id" = $1[0m  [["verb_id", 982]]
11:08:53 web.1  |   [1m[36m (0.3ms)[0m  [1mSELECT COUNT(*) FROM "personal_connections"  WHERE "personal_connections"."verb_id" = $1[0m  [["verb_id", 1160]]
11:08:53 web.1  |   [1m[35m (0.3ms)[0m  SELECT COUNT(*) FROM "personal_connections"  WHERE "personal_connections"."verb_id" = $1  [["verb_id", 570]]
11:08:53 web.1  |   [1m[36m (0.3ms)[0m  [1mSELECT COUNT(*) FROM "personal_connections"  WHERE "personal_connections"."verb_id" = $1[0m  [["verb_id", 784]]
11:08:53 web.1  |   [1m[35m (0.3ms)[0m  SELECT COUNT(*) FROM "personal_connections"  WHERE "personal_connections"."verb_id" = $1  [["verb_id", 911]]
11:08:53 web.1  |   [1m[35m (0.2ms)[0m  SELECT COUNT(*) FROM "personal_connections"  WHERE "personal_connections"."verb_id" = $1  [["verb_id", 1587]]
11:08:53 web.1  |   [1m[36m (0.3ms)[0m  [1mSELECT COUNT(*) FROM "personal_connections"  WHERE "personal_connections"."verb_id" = $1[0m  [["verb_id", 952]]
11:08:53 web.1  |   [1m[36m (0.2ms)[0m  [1mSELECT COUNT(*) FROM "personal_connections"  WHERE "personal_connections"."verb_id" = $1[0m  [["verb_id", 988]]
11:08:53 web.1  |   [1m[35m (0.3ms)[0m  SELECT COUNT(*) FROM "personal_connections"  WHERE "personal_connections"."verb_id" = $1  [["verb_id", 546]]
11:08:53 web.1  |   [1m[35m (0.2ms)[0m  SELECT COUNT(*) FROM "personal_connections"  WHERE "personal_connections"."verb_id" = $1  [["verb_id", 1413]]
11:08:53 web.1  |   [1m[36m (0.3ms)[0m  [1mSELECT COUNT(*) FROM "personal_connections"  WHERE "personal_connections"."verb_id" = $1[0m  [["verb_id", 209]]
11:08:53 web.1  |   [1m[36m (0.3ms)[0m  [1mSELECT COUNT(*) FROM "personal_connections"  WHERE "personal_connections"."verb_id" = $1[0m  [["verb_id", 1064]]
11:08:53 web.1  |   [1m[35m (0.4ms)[0m  SELECT COUNT(*) FROM "personal_connections"  WHERE "personal_connections"."verb_id" = $1  [["verb_id", 169]]
11:08:53 web.1  |   [1m[35m (0.3ms)[0m  SELECT COUNT(*) FROM "personal_connections"  WHERE "personal_connections"."verb_id" = $1  [["verb_id", 726]]
11:08:53 web.1  |   [1m[36m (0.3ms)[0m  [1mSELECT COUNT(*) FROM "personal_connections"  WHERE "personal_connections"."verb_id" = $1[0m  [["verb_id", 1017]]
11:08:53 web.1  |   [1m[36m (0.3ms)[0m  [1mSELECT COUNT(*) FROM "personal_connections"  WHERE "personal_connections"."verb_id" = $1[0m  [["verb_id", 548]]
11:08:53 web.1  |   [1m[35m (0.3ms)[0m  SELECT COUNT(*) FROM "personal_connections"  WHERE "personal_connections"."verb_id" = $1  [["verb_id", 1073]]
11:08:53 web.1  |   [1m[35m (0.4ms)[0m  SELECT COUNT(*) FROM "personal_connections"  WHERE "personal_connections"."verb_id" = $1  [["verb_id", 568]]
11:08:53 web.1  |   [1m[36m (0.3ms)[0m  [1mSELECT COUNT(*) FROM "personal_connections"  WHERE "personal_connections"."verb_id" = $1[0m  [["verb_id", 892]]
11:08:53 web.1  |   [1m[35m (0.3ms)[0m  SELECT COUNT(*) FROM "personal_connections"  WHERE "personal_connections"."verb_id" = $1  [["verb_id", 1316]]
11:08:53 web.1  |   [1m[36m (0.3ms)[0m  [1mSELECT COUNT(*) FROM "personal_connections"  WHERE "personal_connections"."verb_id" = $1[0m  [["verb_id", 1494]]
11:08:53 web.1  |   [1m[36m (0.3ms)[0m  [1mSELECT COUNT(*) FROM "personal_connections"  WHERE "personal_connections"."verb_id" = $1[0m  [["verb_id", 764]]
11:08:53 web.1  |   [1m[35m (0.2ms)[0m  SELECT COUNT(*) FROM "personal_connections"  WHERE "personal_connections"."verb_id" = $1  [["verb_id", 675]]
11:08:53 web.1  |   [1m[35m (0.3ms)[0m  SELECT COUNT(*) FROM "personal_connections"  WHERE "personal_connections"."verb_id" = $1  [["verb_id", 1410]]
11:08:53 web.1  |   [1m[36m (0.5ms)[0m  [1mSELECT COUNT(*) FROM "personal_connections"  WHERE "personal_connections"."verb_id" = $1[0m  [["verb_id", 1002]]
11:08:53 web.1  |   [1m[36m (0.3ms)[0m  [1mSELECT COUNT(*) FROM "personal_connections"  WHERE "personal_connections"."verb_id" = $1[0m  [["verb_id", 800]]
11:08:53 web.1  |   [1m[35m (0.3ms)[0m  SELECT COUNT(*) FROM "personal_connections"  WHERE "personal_connections"."verb_id" = $1  [["verb_id", 1424]]
11:08:53 web.1  |   [1m[35m (0.3ms)[0m  SELECT COUNT(*) FROM "personal_connections"  WHERE "personal_connections"."verb_id" = $1  [["verb_id", 612]]
11:08:53 web.1  |   [1m[36m (0.3ms)[0m  [1mSELECT COUNT(*) FROM "personal_connections"  WHERE "personal_connections"."verb_id" = $1[0m  [["verb_id", 689]]
11:08:53 web.1  |   [1m[36m (0.3ms)[0m  [1mSELECT COUNT(*) FROM "personal_connections"  WHERE "personal_connections"."verb_id" = $1[0m  [["verb_id", 748]]
11:08:53 web.1  |   [1m[35m (0.3ms)[0m  SELECT COUNT(*) FROM "personal_connections"  WHERE "personal_connections"."verb_id" = $1  [["verb_id", 1573]]
11:08:53 web.1  |   [1m[35m (0.3ms)[0m  SELECT COUNT(*) FROM "personal_connections"  WHERE "personal_connections"."verb_id" = $1  [["verb_id", 474]]
11:08:53 web.1  |   [1m[36m (0.3ms)[0m  [1mSELECT COUNT(*) FROM "personal_connections"  WHERE "personal_connections"."verb_id" = $1[0m  [["verb_id", 798]]
11:08:53 web.1  |   [1m[36m (0.3ms)[0m  [1mSELECT COUNT(*) FROM "personal_connections"  WHERE "personal_connections"."verb_id" = $1[0m  [["verb_id", 1428]]
11:08:53 web.1  |   [1m[35m (0.4ms)[0m  SELECT COUNT(*) FROM "personal_connections"  WHERE "personal_connections"."verb_id" = $1  [["verb_id", 752]]
11:08:53 web.1  |   [1m[35m (0.3ms)[0m  SELECT COUNT(*) FROM "personal_connections"  WHERE "personal_connections"."verb_id" = $1  [["verb_id", 730]]
11:08:53 web.1  |   [1m[36m (0.3ms)[0m  [1mSELECT COUNT(*) FROM "personal_connections"  WHERE "personal_connections"."verb_id" = $1[0m  [["verb_id", 1279]]
11:08:53 web.1  |   [1m[36m (0.2ms)[0m  [1mSELECT COUNT(*) FROM "personal_connections"  WHERE "personal_connections"."verb_id" = $1[0m  [["verb_id", 929]]
11:08:53 web.1  |   [1m[35m (0.3ms)[0m  SELECT COUNT(*) FROM "personal_connections"  WHERE "personal_connections"."verb_id" = $1  [["verb_id", 1406]]
11:08:53 web.1  |   [1m[35m (0.3ms)[0m  SELECT COUNT(*) FROM "personal_connections"  WHERE "personal_connections"."verb_id" = $1  [["verb_id", 1213]]
11:08:53 web.1  |   [1m[36m (0.3ms)[0m  [1mSELECT COUNT(*) FROM "personal_connections"  WHERE "personal_connections"."verb_id" = $1[0m  [["verb_id", 870]]
11:08:53 web.1  |   [1m[35m (0.3ms)[0m  SELECT COUNT(*) FROM "personal_connections"  WHERE "personal_connections"."verb_id" = $1  [["verb_id", 864]]
11:08:53 web.1  |   [1m[36m (0.3ms)[0m  [1mSELECT COUNT(*) FROM "personal_connections"  WHERE "personal_connections"."verb_id" = $1[0m  [["verb_id", 845]]
11:08:53 web.1  |   [1m[36m (0.3ms)[0m  [1mSELECT COUNT(*) FROM "personal_connections"  WHERE "personal_connections"."verb_id" = $1[0m  [["verb_id", 905]]
11:08:53 web.1  |   [1m[35m (0.3ms)[0m  SELECT COUNT(*) FROM "personal_connections"  WHERE "personal_connections"."verb_id" = $1  [["verb_id", 1214]]
11:08:53 web.1  |   [1m[36m (0.3ms)[0m  [1mSELECT COUNT(*) FROM "personal_connections"  WHERE "personal_connections"."verb_id" = $1[0m  [["verb_id", 999]]
11:08:53 web.1  |   [1m[35m (0.3ms)[0m  SELECT COUNT(*) FROM "personal_connections"  WHERE "personal_connections"."verb_id" = $1  [["verb_id", 560]]
11:08:53 web.1  |   [1m[35m (0.3ms)[0m  SELECT COUNT(*) FROM "personal_connections"  WHERE "personal_connections"."verb_id" = $1  [["verb_id", 681]]
11:08:53 web.1  |   [1m[36m (0.2ms)[0m  [1mSELECT COUNT(*) FROM "personal_connections"  WHERE "personal_connections"."verb_id" = $1[0m  [["verb_id", 1019]]
11:08:53 web.1  |   [1m[35m (0.4ms)[0m  SELECT COUNT(*) FROM "personal_connections"  WHERE "personal_connections"."verb_id" = $1  [["verb_id", 821]]
11:08:53 web.1  |   [1m[36m (0.2ms)[0m  [1mSELECT COUNT(*) FROM "personal_connections"  WHERE "personal_connections"."verb_id" = $1[0m  [["verb_id", 1100]]
11:08:53 web.1  |   [1m[36m (0.3ms)[0m  [1mSELECT COUNT(*) FROM "personal_connections"  WHERE "personal_connections"."verb_id" = $1[0m  [["verb_id", 987]]
11:08:53 web.1  |   [1m[35m (0.3ms)[0m  SELECT COUNT(*) FROM "personal_connections"  WHERE "personal_connections"."verb_id" = $1  [["verb_id", 628]]
11:08:53 web.1  |   [1m[35m (0.3ms)[0m  SELECT COUNT(*) FROM "personal_connections"  WHERE "personal_connections"."verb_id" = $1  [["verb_id", 749]]
11:08:53 web.1  |   [1m[36m (0.4ms)[0m  [1mSELECT COUNT(*) FROM "personal_connections"  WHERE "personal_connections"."verb_id" = $1[0m  [["verb_id", 524]]
11:08:53 web.1  |   [1m[36m (0.3ms)[0m  [1mSELECT COUNT(*) FROM "personal_connections"  WHERE "personal_connections"."verb_id" = $1[0m  [["verb_id", 1500]]
11:08:53 web.1  |   [1m[35m (0.3ms)[0m  SELECT COUNT(*) FROM "personal_connections"  WHERE "personal_connections"."verb_id" = $1  [["verb_id", 145]]
11:08:53 web.1  |   [1m[35m (0.3ms)[0m  SELECT COUNT(*) FROM "personal_connections"  WHERE "personal_connections"."verb_id" = $1  [["verb_id", 982]]
11:08:53 web.1  |   [1m[36m (0.3ms)[0m  [1mSELECT COUNT(*) FROM "personal_connections"  WHERE "personal_connections"."verb_id" = $1[0m  [["verb_id", 1469]]
11:08:53 web.1  |   [1m[36m (0.3ms)[0m  [1mSELECT COUNT(*) FROM "personal_connections"  WHERE "personal_connections"."verb_id" = $1[0m  [["verb_id", 570]]
11:08:53 web.1  |   [1m[35m (0.3ms)[0m  SELECT COUNT(*) FROM "personal_connections"  WHERE "personal_connections"."verb_id" = $1  [["verb_id", 1188]]
11:08:53 web.1  |   [1m[35m (0.3ms)[0m  SELECT COUNT(*) FROM "personal_connections"  WHERE "personal_connections"."verb_id" = $1  [["verb_id", 784]]
11:08:53 web.1  |   [1m[36m (0.3ms)[0m  [1mSELECT COUNT(*) FROM "personal_connections"  WHERE "personal_connections"."verb_id" = $1[0m  [["verb_id", 1039]]
11:08:53 web.1  |   [1m[36m (0.3ms)[0m  [1mSELECT COUNT(*) FROM "personal_connections"  WHERE "personal_connections"."verb_id" = $1[0m  [["verb_id", 911]]
11:08:53 web.1  |   [1m[35m (0.3ms)[0m  SELECT COUNT(*) FROM "personal_connections"  WHERE "personal_connections"."verb_id" = $1  [["verb_id", 985]]
11:08:53 web.1  |   [1m[35m (0.2ms)[0m  SELECT COUNT(*) FROM "personal_connections"  WHERE "personal_connections"."verb_id" = $1  [["verb_id", 988]]
11:08:53 web.1  |   [1m[36m (0.3ms)[0m  [1mSELECT COUNT(*) FROM "personal_connections"  WHERE "personal_connections"."verb_id" = $1[0m  [["verb_id", 1413]]
11:08:53 web.1  |   [1m[36m (0.3ms)[0m  [1mSELECT COUNT(*) FROM "personal_connections"  WHERE "personal_connections"."verb_id" = $1[0m  [["verb_id", 1482]]
11:08:53 web.1  |   [1m[35m (0.3ms)[0m  SELECT COUNT(*) FROM "personal_connections"  WHERE "personal_connections"."verb_id" = $1  [["verb_id", 1064]]
11:08:53 web.1  |   [1m[35m (0.3ms)[0m  SELECT COUNT(*) FROM "personal_connections"  WHERE "personal_connections"."verb_id" = $1  [["verb_id", 342]]
11:08:53 web.1  |   [1m[36m (0.3ms)[0m  [1mSELECT COUNT(*) FROM "personal_connections"  WHERE "personal_connections"."verb_id" = $1[0m  [["verb_id", 726]]
11:08:53 web.1  |   [1m[36m (0.3ms)[0m  [1mSELECT COUNT(*) FROM "personal_connections"  WHERE "personal_connections"."verb_id" = $1[0m  [["verb_id", 242]]
11:08:53 web.1  |   [1m[35m (0.3ms)[0m  SELECT COUNT(*) FROM "personal_connections"  WHERE "personal_connections"."verb_id" = $1  [["verb_id", 548]]
11:08:53 web.1  |   [1m[35m (0.3ms)[0m  SELECT COUNT(*) FROM "personal_connections"  WHERE "personal_connections"."verb_id" = $1  [["verb_id", 802]]
11:08:53 web.1  |   [1m[36m (0.3ms)[0m  [1mSELECT COUNT(*) FROM "personal_connections"  WHERE "personal_connections"."verb_id" = $1[0m  [["verb_id", 568]]
11:08:53 web.1  |   [1m[36m (0.5ms)[0m  [1mSELECT COUNT(*) FROM "personal_connections"  WHERE "personal_connections"."verb_id" = $1[0m  [["verb_id", 442]]
11:08:53 web.1  |   [1m[35m (0.3ms)[0m  SELECT COUNT(*) FROM "personal_connections"  WHERE "personal_connections"."verb_id" = $1  [["verb_id", 1494]]
11:08:53 web.1  |   [1m[36m (0.4ms)[0m  [1mSELECT COUNT(*) FROM "personal_connections"  WHERE "personal_connections"."verb_id" = $1[0m  [["verb_id", 675]]
11:08:53 web.1  |   [1m[35m (0.3ms)[0m  SELECT COUNT(*) FROM "personal_connections"  WHERE "personal_connections"."verb_id" = $1  [["verb_id", 1156]]
11:08:53 web.1  |   [1m[35m (0.3ms)[0m  SELECT COUNT(*) FROM "personal_connections"  WHERE "personal_connections"."verb_id" = $1  [["verb_id", 1002]]
11:08:53 web.1  |   [1m[36m (0.3ms)[0m  [1mSELECT COUNT(*) FROM "personal_connections"  WHERE "personal_connections"."verb_id" = $1[0m  [["verb_id", 370]]
11:08:53 web.1  |   [1m[36m (0.3ms)[0m  [1mSELECT COUNT(*) FROM "personal_connections"  WHERE "personal_connections"."verb_id" = $1[0m  [["verb_id", 1424]]
11:08:53 web.1  |   [1m[35m (0.3ms)[0m  SELECT COUNT(*) FROM "personal_connections"  WHERE "personal_connections"."verb_id" = $1  [["verb_id", 689]]
11:08:53 web.1  |   [1m[35m (0.5ms)[0m  SELECT COUNT(*) FROM "personal_connections"  WHERE "personal_connections"."verb_id" = $1  [["verb_id", 1162]]
11:08:53 web.1  |   [1m[36m (0.3ms)[0m  [1mSELECT COUNT(*) FROM "personal_connections"  WHERE "personal_connections"."verb_id" = $1[0m  [["verb_id", 1573]]
11:08:53 web.1  |   [1m[35m (0.3ms)[0m  SELECT COUNT(*) FROM "personal_connections"  WHERE "personal_connections"."verb_id" = $1  [["verb_id", 798]]
11:08:53 web.1  |   [1m[36m (0.4ms)[0m  [1mSELECT COUNT(*) FROM "personal_connections"  WHERE "personal_connections"."verb_id" = $1[0m  [["verb_id", 730]]
11:08:53 web.1  |   [1m[35m (0.3ms)[0m  SELECT COUNT(*) FROM "personal_connections"  WHERE "personal_connections"."verb_id" = $1  [["verb_id", 929]]
11:08:53 web.1  |   [1m[36m (0.3ms)[0m  [1mSELECT COUNT(*) FROM "personal_connections"  WHERE "personal_connections"."verb_id" = $1[0m  [["verb_id", 1213]]
11:08:53 web.1  |   [1m[35m (0.3ms)[0m  SELECT COUNT(*) FROM "personal_connections"  WHERE "personal_connections"."verb_id" = $1  [["verb_id", 905]]
11:08:53 web.1  |   [1m[36m (0.3ms)[0m  [1mSELECT COUNT(*) FROM "personal_connections"  WHERE "personal_connections"."verb_id" = $1[0m  [["verb_id", 1214]]
11:08:53 web.1  |   [1m[35m (0.3ms)[0m  SELECT COUNT(*) FROM "personal_connections"  WHERE "personal_connections"."verb_id" = $1  [["verb_id", 999]]
11:08:53 web.1  |   [1m[36m (0.3ms)[0m  [1mSELECT COUNT(*) FROM "personal_connections"  WHERE "personal_connections"."verb_id" = $1[0m  [["verb_id", 681]]
11:08:53 web.1  |   [1m[35m (0.3ms)[0m  SELECT COUNT(*) FROM "personal_connections"  WHERE "personal_connections"."verb_id" = $1  [["verb_id", 1100]]
11:08:53 web.1  |   [1m[36m (0.3ms)[0m  [1mSELECT COUNT(*) FROM "personal_connections"  WHERE "personal_connections"."verb_id" = $1[0m  [["verb_id", 628]]
11:08:53 web.1  |   [1m[35m (0.3ms)[0m  SELECT COUNT(*) FROM "personal_connections"  WHERE "personal_connections"."verb_id" = $1  [["verb_id", 524]]
11:08:53 web.1  |   [1m[36m (0.3ms)[0m  [1mSELECT COUNT(*) FROM "personal_connections"  WHERE "personal_connections"."verb_id" = $1[0m  [["verb_id", 452]]
11:08:53 web.1  |   [1m[36m (0.3ms)[0m  [1mSELECT COUNT(*) FROM "personal_connections"  WHERE "personal_connections"."verb_id" = $1[0m  [["verb_id", 145]]
11:08:53 web.1  |   [1m[35m (0.4ms)[0m  SELECT COUNT(*) FROM "personal_connections"  WHERE "personal_connections"."verb_id" = $1  [["verb_id", 806]]
11:08:53 web.1  |   [1m[35m (1.0ms)[0m  SELECT COUNT(*) FROM "personal_connections"  WHERE "personal_connections"."verb_id" = $1  [["verb_id", 1469]]
11:08:53 web.1  |   [1m[36m (0.3ms)[0m  [1mSELECT COUNT(*) FROM "personal_connections"  WHERE "personal_connections"."verb_id" = $1[0m  [["verb_id", 994]]
11:08:53 web.1  |   [1m[36m (0.3ms)[0m  [1mSELECT COUNT(*) FROM "personal_connections"  WHERE "personal_connections"."verb_id" = $1[0m  [["verb_id", 1188]]
11:08:53 web.1  |   [1m[35m (0.3ms)[0m  SELECT COUNT(*) FROM "personal_connections"  WHERE "personal_connections"."verb_id" = $1  [["verb_id", 1342]]
11:08:53 web.1  |   [1m[35m (0.3ms)[0m  SELECT COUNT(*) FROM "personal_connections"  WHERE "personal_connections"."verb_id" = $1  [["verb_id", 1039]]
11:08:53 web.1  |   [1m[36m (0.3ms)[0m  [1mSELECT COUNT(*) FROM "personal_connections"  WHERE "personal_connections"."verb_id" = $1[0m  [["verb_id", 789]]
11:08:53 web.1  |   [1m[36m (0.3ms)[0m  [1mSELECT COUNT(*) FROM "personal_connections"  WHERE "personal_connections"."verb_id" = $1[0m  [["verb_id", 985]]
11:08:53 web.1  |   [1m[35m (0.3ms)[0m  SELECT COUNT(*) FROM "personal_connections"  WHERE "personal_connections"."verb_id" = $1  [["verb_id", 1321]]
11:08:53 web.1  |   [1m[35m (0.3ms)[0m  SELECT COUNT(*) FROM "personal_connections"  WHERE "personal_connections"."verb_id" = $1  [["verb_id", 1482]]
11:08:53 web.1  |   [1m[36m (0.3ms)[0m  [1mSELECT COUNT(*) FROM "personal_connections"  WHERE "personal_connections"."verb_id" = $1[0m  [["verb_id", 464]]
11:08:53 web.1  |   [1m[36m (1.7ms)[0m  [1mSELECT COUNT(*) FROM "personal_connections"  WHERE "personal_connections"."verb_id" = $1[0m  [["verb_id", 342]]
11:08:53 web.1  |   [1m[35m (0.2ms)[0m  SELECT COUNT(*) FROM "personal_connections"  WHERE "personal_connections"."verb_id" = $1  [["verb_id", 272]]
11:08:53 web.1  |   [1m[35m (0.4ms)[0m  SELECT COUNT(*) FROM "personal_connections"  WHERE "personal_connections"."verb_id" = $1  [["verb_id", 242]]
11:08:53 web.1  |   [1m[36m (0.2ms)[0m  [1mSELECT COUNT(*) FROM "personal_connections"  WHERE "personal_connections"."verb_id" = $1[0m  [["verb_id", 923]]
11:08:53 web.1  |   [1m[36m (0.4ms)[0m  [1mSELECT COUNT(*) FROM "personal_connections"  WHERE "personal_connections"."verb_id" = $1[0m  [["verb_id", 802]]
11:08:53 web.1  |   [1m[35m (0.3ms)[0m  SELECT COUNT(*) FROM "personal_connections"  WHERE "personal_connections"."verb_id" = $1  [["verb_id", 931]]
11:08:53 web.1  |   [1m[36m (0.3ms)[0m  [1mSELECT COUNT(*) FROM "personal_connections"  WHERE "personal_connections"."verb_id" = $1[0m  [["verb_id", 921]]
11:08:53 web.1  |   [1m[35m (0.2ms)[0m  SELECT COUNT(*) FROM "personal_connections"  WHERE "personal_connections"."verb_id" = $1  [["verb_id", 442]]
11:08:53 web.1  |   [1m[35m (0.4ms)[0m  SELECT COUNT(*) FROM "personal_connections"  WHERE "personal_connections"."verb_id" = $1  [["verb_id", 234]]
11:08:53 web.1  |   [1m[36m (0.2ms)[0m  [1mSELECT COUNT(*) FROM "personal_connections"  WHERE "personal_connections"."verb_id" = $1[0m  [["verb_id", 1156]]
11:08:53 web.1  |   [1m[36m (0.3ms)[0m  [1mSELECT COUNT(*) FROM "personal_connections"  WHERE "personal_connections"."verb_id" = $1[0m  [["verb_id", 149]]
11:08:53 web.1  |   [1m[35m (0.3ms)[0m  SELECT COUNT(*) FROM "personal_connections"  WHERE "personal_connections"."verb_id" = $1  [["verb_id", 370]]
11:08:53 web.1  |   [1m[35m (0.3ms)[0m  SELECT COUNT(*) FROM "personal_connections"  WHERE "personal_connections"."verb_id" = $1  [["verb_id", 1467]]
11:08:53 web.1  |   [1m[36m (0.3ms)[0m  [1mSELECT COUNT(*) FROM "personal_connections"  WHERE "personal_connections"."verb_id" = $1[0m  [["verb_id", 1162]]
11:08:53 web.1  |   [1m[36m (0.3ms)[0m  [1mSELECT COUNT(*) FROM "personal_connections"  WHERE "personal_connections"."verb_id" = $1[0m  [["verb_id", 938]]
11:08:53 web.1  |   [1m[35m (0.3ms)[0m  SELECT COUNT(*) FROM "personal_connections"  WHERE "personal_connections"."verb_id" = $1  [["verb_id", 452]]
11:08:53 web.1  |   [1m[35m (0.3ms)[0m  SELECT COUNT(*) FROM "personal_connections"  WHERE "personal_connections"."verb_id" = $1  [["verb_id", 1109]]
11:08:53 web.1  |   [1m[36m (0.3ms)[0m  [1mSELECT COUNT(*) FROM "personal_connections"  WHERE "personal_connections"."verb_id" = $1[0m  [["verb_id", 806]]
11:08:53 web.1  |   [1m[36m (0.3ms)[0m  [1mSELECT COUNT(*) FROM "personal_connections"  WHERE "personal_connections"."verb_id" = $1[0m  [["verb_id", 1369]]
11:08:53 web.1  |   [1m[35m (0.3ms)[0m  SELECT COUNT(*) FROM "personal_connections"  WHERE "personal_connections"."verb_id" = $1  [["verb_id", 994]]
11:08:53 web.1  |   [1m[35m (0.3ms)[0m  SELECT COUNT(*) FROM "personal_connections"  WHERE "personal_connections"."verb_id" = $1  [["verb_id", 93]]
11:08:53 web.1  |   [1m[36m (0.3ms)[0m  [1mSELECT COUNT(*) FROM "personal_connections"  WHERE "personal_connections"."verb_id" = $1[0m  [["verb_id", 336]]
11:08:53 web.1  |   [1m[36m (0.4ms)[0m  [1mSELECT COUNT(*) FROM "personal_connections"  WHERE "personal_connections"."verb_id" = $1[0m  [["verb_id", 1342]]
11:08:53 web.1  |   [1m[35m (0.3ms)[0m  SELECT COUNT(*) FROM "personal_connections"  WHERE "personal_connections"."verb_id" = $1  [["verb_id", 1169]]
11:08:53 web.1  |   [1m[35m (0.2ms)[0m  SELECT COUNT(*) FROM "personal_connections"  WHERE "personal_connections"."verb_id" = $1  [["verb_id", 789]]
11:08:53 web.1  |   [1m[36m (0.3ms)[0m  [1mSELECT COUNT(*) FROM "personal_connections"  WHERE "personal_connections"."verb_id" = $1[0m  [["verb_id", 1321]]
11:08:53 web.1  |   [1m[36m (0.2ms)[0m  [1mSELECT COUNT(*) FROM "personal_connections"  WHERE "personal_connections"."verb_id" = $1[0m  [["verb_id", 1380]]
11:08:53 web.1  |   [1m[35m (0.4ms)[0m  SELECT COUNT(*) FROM "personal_connections"  WHERE "personal_connections"."verb_id" = $1  [["verb_id", 464]]
11:08:53 web.1  |   [1m[35m (0.2ms)[0m  SELECT COUNT(*) FROM "personal_connections"  WHERE "personal_connections"."verb_id" = $1  [["verb_id", 1116]]
11:08:53 web.1  |   [1m[36m (0.3ms)[0m  [1mSELECT COUNT(*) FROM "personal_connections"  WHERE "personal_connections"."verb_id" = $1[0m  [["verb_id", 1408]]
11:08:53 web.1  |   [1m[36m (0.3ms)[0m  [1mSELECT COUNT(*) FROM "personal_connections"  WHERE "personal_connections"."verb_id" = $1[0m  [["verb_id", 272]]
11:08:53 web.1  |   [1m[35m (0.3ms)[0m  SELECT COUNT(*) FROM "personal_connections"  WHERE "personal_connections"."verb_id" = $1  [["verb_id", 1311]]
11:08:53 web.1  |   [1m[35m (0.6ms)[0m  SELECT COUNT(*) FROM "personal_connections"  WHERE "personal_connections"."verb_id" = $1  [["verb_id", 923]]
11:08:53 web.1  |   [1m[36m (0.3ms)[0m  [1mSELECT COUNT(*) FROM "personal_connections"  WHERE "personal_connections"."verb_id" = $1[0m  [["verb_id", 654]]
11:08:53 web.1  |   [1m[36m (0.5ms)[0m  [1mSELECT COUNT(*) FROM "personal_connections"  WHERE "personal_connections"."verb_id" = $1[0m  [["verb_id", 931]]
11:08:53 web.1  |   [1m[35m (0.3ms)[0m  SELECT COUNT(*) FROM "personal_connections"  WHERE "personal_connections"."verb_id" = $1  [["verb_id", 979]]
11:08:53 web.1  |   [1m[36m (0.2ms)[0m  [1mSELECT COUNT(*) FROM "personal_connections"  WHERE "personal_connections"."verb_id" = $1[0m  [["verb_id", 1486]]
11:08:53 web.1  |   [1m[35m (1.0ms)[0m  SELECT COUNT(*) FROM "personal_connections"  WHERE "personal_connections"."verb_id" = $1  [["verb_id", 921]]
11:08:53 web.1  |   [1m[36m (0.3ms)[0m  [1mSELECT COUNT(*) FROM "personal_connections"  WHERE "personal_connections"."verb_id" = $1[0m  [["verb_id", 234]]
11:08:53 web.1  |   [1m[35m (0.3ms)[0m  SELECT COUNT(*) FROM "personal_connections"  WHERE "personal_connections"."verb_id" = $1  [["verb_id", 149]]
11:08:53 web.1  |   [1m[35m (0.3ms)[0m  SELECT COUNT(*) FROM "personal_connections"  WHERE "personal_connections"."verb_id" = $1  [["verb_id", 1502]]
11:08:53 web.1  |   [1m[36m (0.3ms)[0m  [1mSELECT COUNT(*) FROM "personal_connections"  WHERE "personal_connections"."verb_id" = $1[0m  [["verb_id", 1029]]
11:08:53 web.1  |   [1m[36m (0.3ms)[0m  [1mSELECT COUNT(*) FROM "personal_connections"  WHERE "personal_connections"."verb_id" = $1[0m  [["verb_id", 1467]]
11:08:53 web.1  |   [1m[35m (0.3ms)[0m  SELECT COUNT(*) FROM "personal_connections"  WHERE "personal_connections"."verb_id" = $1  [["verb_id", 938]]
11:08:53 web.1  |   [1m[35m (0.2ms)[0m  SELECT COUNT(*) FROM "personal_connections"  WHERE "personal_connections"."verb_id" = $1  [["verb_id", 1182]]
11:08:53 web.1  |   [1m[36m (0.4ms)[0m  [1mSELECT COUNT(*) FROM "personal_connections"  WHERE "personal_connections"."verb_id" = $1[0m  [["verb_id", 1109]]
11:08:53 web.1  |   [1m[36m (0.3ms)[0m  [1mSELECT COUNT(*) FROM "personal_connections"  WHERE "personal_connections"."verb_id" = $1[0m  [["verb_id", 1227]]
11:08:53 web.1  |   [1m[35m (0.3ms)[0m  SELECT COUNT(*) FROM "personal_connections"  WHERE "personal_connections"."verb_id" = $1  [["verb_id", 1369]]
11:08:53 web.1  |   [1m[35m (0.5ms)[0m  SELECT COUNT(*) FROM "personal_connections"  WHERE "personal_connections"."verb_id" = $1  [["verb_id", 1202]]
11:08:53 web.1  |   [1m[36m (0.3ms)[0m  [1mSELECT COUNT(*) FROM "personal_connections"  WHERE "personal_connections"."verb_id" = $1[0m  [["verb_id", 93]]
11:08:53 web.1  |   [1m[36m (0.2ms)[0m  [1mSELECT COUNT(*) FROM "personal_connections"  WHERE "personal_connections"."verb_id" = $1[0m  [["verb_id", 308]]
11:08:53 web.1  |   [1m[35m (0.3ms)[0m  SELECT COUNT(*) FROM "personal_connections"  WHERE "personal_connections"."verb_id" = $1  [["verb_id", 336]]
11:08:53 web.1  |   [1m[36m (0.4ms)[0m  [1mSELECT COUNT(*) FROM "personal_connections"  WHERE "personal_connections"."verb_id" = $1[0m  [["verb_id", 1169]]
11:08:53 web.1  |   [1m[35m (0.4ms)[0m  SELECT COUNT(*) FROM "personal_connections"  WHERE "personal_connections"."verb_id" = $1  [["verb_id", 1155]]
11:08:53 web.1  |   [1m[36m (0.3ms)[0m  [1mSELECT COUNT(*) FROM "personal_connections"  WHERE "personal_connections"."verb_id" = $1[0m  [["verb_id", 1300]]
11:08:53 web.1  |   [1m[35m (0.5ms)[0m  SELECT COUNT(*) FROM "personal_connections"  WHERE "personal_connections"."verb_id" = $1  [["verb_id", 1380]]
11:08:53 web.1  |   [1m[35m (0.4ms)[0m  SELECT COUNT(*) FROM "personal_connections"  WHERE "personal_connections"."verb_id" = $1  [["verb_id", 109]]
11:08:53 web.1  |   [1m[36m (0.5ms)[0m  [1mSELECT COUNT(*) FROM "personal_connections"  WHERE "personal_connections"."verb_id" = $1[0m  [["verb_id", 1116]]
11:08:53 web.1  |   [1m[36m (0.3ms)[0m  [1mSELECT COUNT(*) FROM "personal_connections"  WHERE "personal_connections"."verb_id" = $1[0m  [["verb_id", 502]]
11:08:53 web.1  |   [1m[35m (0.6ms)[0m  SELECT COUNT(*) FROM "personal_connections"  WHERE "personal_connections"."verb_id" = $1  [["verb_id", 1408]]
11:08:53 web.1  |   [1m[35m (0.4ms)[0m  SELECT COUNT(*) FROM "personal_connections"  WHERE "personal_connections"."verb_id" = $1  [["verb_id", 51]]
11:08:53 web.1  |   [1m[36m (0.3ms)[0m  [1mSELECT COUNT(*) FROM "personal_connections"  WHERE "personal_connections"."verb_id" = $1[0m  [["verb_id", 1311]]
11:08:53 web.1  |   [1m[36m (0.3ms)[0m  [1mSELECT COUNT(*) FROM "personal_connections"  WHERE "personal_connections"."verb_id" = $1[0m  [["verb_id", 1563]]
11:08:53 web.1  |   [1m[35m (0.3ms)[0m  SELECT COUNT(*) FROM "personal_connections"  WHERE "personal_connections"."verb_id" = $1  [["verb_id", 654]]
11:08:53 web.1  |   [1m[36m (0.3ms)[0m  [1mSELECT COUNT(*) FROM "personal_connections"  WHERE "personal_connections"."verb_id" = $1[0m  [["verb_id", 979]]
11:08:53 web.1  |   [1m[35m (0.3ms)[0m  SELECT COUNT(*) FROM "personal_connections"  WHERE "personal_connections"."verb_id" = $1  [["verb_id", 1486]]
11:08:53 web.1  |   [1m[35m (0.3ms)[0m  SELECT COUNT(*) FROM "personal_connections"  WHERE "personal_connections"."verb_id" = $1  [["verb_id", 1562]]
11:08:53 web.1  |   [1m[36m (0.3ms)[0m  [1mSELECT COUNT(*) FROM "personal_connections"  WHERE "personal_connections"."verb_id" = $1[0m  [["verb_id", 1502]]
11:08:53 web.1  |   [1m[35m (0.3ms)[0m  SELECT COUNT(*) FROM "personal_connections"  WHERE "personal_connections"."verb_id" = $1  [["verb_id", 1029]]
11:08:53 web.1  |   [1m[36m (0.5ms)[0m  [1mSELECT COUNT(*) FROM "personal_connections"  WHERE "personal_connections"."verb_id" = $1[0m  [["verb_id", 65]]
11:08:53 web.1  |   [1m[36m (0.3ms)[0m  [1mSELECT COUNT(*) FROM "personal_connections"  WHERE "personal_connections"."verb_id" = $1[0m  [["verb_id", 1182]]
11:08:53 web.1  |   [1m[35m (0.4ms)[0m  SELECT COUNT(*) FROM "personal_connections"  WHERE "personal_connections"."verb_id" = $1  [["verb_id", 1399]]
11:08:53 web.1  |   [1m[35m (0.3ms)[0m  SELECT COUNT(*) FROM "personal_connections"  WHERE "personal_connections"."verb_id" = $1  [["verb_id", 1227]]
11:08:53 web.1  |   [1m[36m (0.3ms)[0m  [1mSELECT COUNT(*) FROM "personal_connections"  WHERE "personal_connections"."verb_id" = $1[0m  [["verb_id", 434]]
11:08:53 web.1  |   [1m[36m (0.5ms)[0m  [1mSELECT COUNT(*) FROM "personal_connections"  WHERE "personal_connections"."verb_id" = $1[0m  [["verb_id", 1202]]
11:08:53 web.1  |   [1m[35m (0.5ms)[0m  SELECT COUNT(*) FROM "personal_connections"  WHERE "personal_connections"."verb_id" = $1  [["verb_id", 909]]
11:08:53 web.1  |   [1m[35m (0.3ms)[0m  SELECT COUNT(*) FROM "personal_connections"  WHERE "personal_connections"."verb_id" = $1  [["verb_id", 308]]
11:08:53 web.1  |   [1m[36m (0.3ms)[0m  [1mSELECT COUNT(*) FROM "personal_connections"  WHERE "personal_connections"."verb_id" = $1[0m  [["verb_id", 743]]
11:08:53 web.1  |   [1m[36m (0.3ms)[0m  [1mSELECT COUNT(*) FROM "personal_connections"  WHERE "personal_connections"."verb_id" = $1[0m  [["verb_id", 1155]]
11:08:53 web.1  |   [1m[35m (0.3ms)[0m  SELECT COUNT(*) FROM "personal_connections"  WHERE "personal_connections"."verb_id" = $1  [["verb_id", 1286]]
11:08:53 web.1  |   [1m[35m (0.3ms)[0m  SELECT COUNT(*) FROM "personal_connections"  WHERE "personal_connections"."verb_id" = $1  [["verb_id", 1300]]
11:08:53 web.1  |   [1m[36m (0.3ms)[0m  [1mSELECT COUNT(*) FROM "personal_connections"  WHERE "personal_connections"."verb_id" = $1[0m  [["verb_id", 1416]]
11:08:53 web.1  |   [1m[36m (0.3ms)[0m  [1mSELECT COUNT(*) FROM "personal_connections"  WHERE "personal_connections"."verb_id" = $1[0m  [["verb_id", 109]]
11:08:53 web.1  |   [1m[35m (0.5ms)[0m  SELECT COUNT(*) FROM "personal_connections"  WHERE "personal_connections"."verb_id" = $1  [["verb_id", 1111]]
11:08:53 web.1  |   [1m[35m (0.3ms)[0m  SELECT COUNT(*) FROM "personal_connections"  WHERE "personal_connections"."verb_id" = $1  [["verb_id", 502]]
11:08:53 web.1  |   [1m[36m (0.3ms)[0m  [1mSELECT COUNT(*) FROM "personal_connections"  WHERE "personal_connections"."verb_id" = $1[0m  [["verb_id", 1585]]
11:08:53 web.1  |   [1m[36m (0.4ms)[0m  [1mSELECT COUNT(*) FROM "personal_connections"  WHERE "personal_connections"."verb_id" = $1[0m  [["verb_id", 51]]
11:08:53 web.1  |   [1m[35m (0.3ms)[0m  SELECT COUNT(*) FROM "personal_connections"  WHERE "personal_connections"."verb_id" = $1  [["verb_id", 1563]]
11:08:53 web.1  |   [1m[35m (0.3ms)[0m  SELECT COUNT(*) FROM "personal_connections"  WHERE "personal_connections"."verb_id" = $1  [["verb_id", 948]]
11:08:53 web.1  |   [1m[36m (0.3ms)[0m  [1mSELECT COUNT(*) FROM "personal_connections"  WHERE "personal_connections"."verb_id" = $1[0m  [["verb_id", 1562]]
11:08:53 web.1  |   [1m[36m (0.6ms)[0m  [1mSELECT COUNT(*) FROM "personal_connections"  WHERE "personal_connections"."verb_id" = $1[0m  [["verb_id", 1314]]
11:08:53 web.1  |   [1m[35m (0.3ms)[0m  SELECT COUNT(*) FROM "personal_connections"  WHERE "personal_connections"."verb_id" = $1  [["verb_id", 65]]
11:08:53 web.1  |   [1m[35m (0.3ms)[0m  SELECT COUNT(*) FROM "personal_connections"  WHERE "personal_connections"."verb_id" = $1  [["verb_id", 1315]]
11:08:53 web.1  |   [1m[36m (0.3ms)[0m  [1mSELECT COUNT(*) FROM "personal_connections"  WHERE "personal_connections"."verb_id" = $1[0m  [["verb_id", 1399]]
11:08:53 web.1  |   [1m[35m (0.3ms)[0m  SELECT COUNT(*) FROM "personal_connections"  WHERE "personal_connections"."verb_id" = $1  [["verb_id", 434]]
11:08:53 web.1  |   [1m[36m (0.3ms)[0m  [1mSELECT COUNT(*) FROM "personal_connections"  WHERE "personal_connections"."verb_id" = $1[0m  [["verb_id", 596]]
11:08:53 web.1  |   [1m[36m (0.3ms)[0m  [1mSELECT COUNT(*) FROM "personal_connections"  WHERE "personal_connections"."verb_id" = $1[0m  [["verb_id", 909]]
11:08:53 web.1  |   [1m[35m (0.2ms)[0m  SELECT COUNT(*) FROM "personal_connections"  WHERE "personal_connections"."verb_id" = $1  [["verb_id", 842]]
11:08:53 web.1  |   [1m[35m (0.3ms)[0m  SELECT COUNT(*) FROM "personal_connections"  WHERE "personal_connections"."verb_id" = $1  [["verb_id", 743]]
11:08:53 web.1  |   [1m[36m (0.3ms)[0m  [1mSELECT COUNT(*) FROM "personal_connections"  WHERE "personal_connections"."verb_id" = $1[0m  [["verb_id", 1295]]
11:08:54 web.1  |   [1m[36m (0.3ms)[0m  [1mSELECT COUNT(*) FROM "personal_connections"  WHERE "personal_connections"."verb_id" = $1[0m  [["verb_id", 1286]]
11:08:54 web.1  |   [1m[35m (0.3ms)[0m  SELECT COUNT(*) FROM "personal_connections"  WHERE "personal_connections"."verb_id" = $1  [["verb_id", 468]]
11:08:54 web.1  |   [1m[35m (0.3ms)[0m  SELECT COUNT(*) FROM "personal_connections"  WHERE "personal_connections"."verb_id" = $1  [["verb_id", 1416]]
11:08:54 web.1  |   [1m[36m (0.3ms)[0m  [1mSELECT COUNT(*) FROM "personal_connections"  WHERE "personal_connections"."verb_id" = $1[0m  [["verb_id", 1481]]
11:08:54 web.1  |   [1m[35m (0.3ms)[0m  SELECT COUNT(*) FROM "personal_connections"  WHERE "personal_connections"."verb_id" = $1  [["verb_id", 1574]]
11:08:54 web.1  |   [1m[36m (0.5ms)[0m  [1mSELECT COUNT(*) FROM "personal_connections"  WHERE "personal_connections"."verb_id" = $1[0m  [["verb_id", 1149]]
11:08:54 web.1  |   [1m[36m (0.3ms)[0m  [1mSELECT COUNT(*) FROM "personal_connections"  WHERE "personal_connections"."verb_id" = $1[0m  [["verb_id", 1111]]
11:08:54 web.1  |   [1m[35m (0.3ms)[0m  SELECT COUNT(*) FROM "personal_connections"  WHERE "personal_connections"."verb_id" = $1  [["verb_id", 1541]]
11:08:54 web.1  |   [1m[35m (0.3ms)[0m  SELECT COUNT(*) FROM "personal_connections"  WHERE "personal_connections"."verb_id" = $1  [["verb_id", 1585]]
11:08:54 web.1  |   [1m[36m (0.3ms)[0m  [1mSELECT COUNT(*) FROM "personal_connections"  WHERE "personal_connections"."verb_id" = $1[0m  [["verb_id", 646]]
11:08:54 web.1  |   [1m[36m (0.3ms)[0m  [1mSELECT COUNT(*) FROM "personal_connections"  WHERE "personal_connections"."verb_id" = $1[0m  [["verb_id", 948]]
11:08:54 web.1  |   [1m[35m (0.3ms)[0m  SELECT COUNT(*) FROM "personal_connections"  WHERE "personal_connections"."verb_id" = $1  [["verb_id", 719]]
11:08:54 web.1  |   [1m[35m (0.3ms)[0m  SELECT COUNT(*) FROM "personal_connections"  WHERE "personal_connections"."verb_id" = $1  [["verb_id", 1314]]
11:08:54 web.1  |   [1m[36m (0.3ms)[0m  [1mSELECT COUNT(*) FROM "personal_connections"  WHERE "personal_connections"."verb_id" = $1[0m  [["verb_id", 1402]]
11:08:54 web.1  |   [1m[36m (0.3ms)[0m  [1mSELECT COUNT(*) FROM "personal_connections"  WHERE "personal_connections"."verb_id" = $1[0m  [["verb_id", 1315]]
11:08:54 web.1  |   [1m[35m (0.4ms)[0m  SELECT COUNT(*) FROM "personal_connections"  WHERE "personal_connections"."verb_id" = $1  [["verb_id", 48]]
11:08:54 web.1  |   [1m[35m (0.2ms)[0m  SELECT COUNT(*) FROM "personal_connections"  WHERE "personal_connections"."verb_id" = $1  [["verb_id", 596]]
11:08:54 web.1  |   [1m[36m (0.3ms)[0m  [1mSELECT COUNT(*) FROM "personal_connections"  WHERE "personal_connections"."verb_id" = $1[0m  [["verb_id", 1266]]
11:08:54 web.1  |   [1m[36m (0.3ms)[0m  [1mSELECT COUNT(*) FROM "personal_connections"  WHERE "personal_connections"."verb_id" = $1[0m  [["verb_id", 842]]
11:08:54 web.1  |   [1m[35m (0.3ms)[0m  SELECT COUNT(*) FROM "personal_connections"  WHERE "personal_connections"."verb_id" = $1  [["verb_id", 1295]]
11:08:54 web.1  |   [1m[35m (0.4ms)[0m  SELECT COUNT(*) FROM "personal_connections"  WHERE "personal_connections"."verb_id" = $1  [["verb_id", 376]]
11:08:54 web.1  |   [1m[36m (0.3ms)[0m  [1mSELECT COUNT(*) FROM "personal_connections"  WHERE "personal_connections"."verb_id" = $1[0m  [["verb_id", 468]]
11:08:54 web.1  |   [1m[36m (0.2ms)[0m  [1mSELECT COUNT(*) FROM "personal_connections"  WHERE "personal_connections"."verb_id" = $1[0m  [["verb_id", 1522]]
11:08:54 web.1  |   [1m[35m (0.3ms)[0m  SELECT COUNT(*) FROM "personal_connections"  WHERE "personal_connections"."verb_id" = $1  [["verb_id", 1481]]
11:08:54 web.1  |   [1m[35m (0.3ms)[0m  SELECT COUNT(*) FROM "personal_connections"  WHERE "personal_connections"."verb_id" = $1  [["verb_id", 1150]]
11:08:54 web.1  |   [1m[36m (0.3ms)[0m  [1mSELECT COUNT(*) FROM "personal_connections"  WHERE "personal_connections"."verb_id" = $1[0m  [["verb_id", 1574]]
11:08:54 web.1  |   [1m[36m (0.3ms)[0m  [1mSELECT COUNT(*) FROM "personal_connections"  WHERE "personal_connections"."verb_id" = $1[0m  [["verb_id", 356]]
11:08:54 web.1  |   [1m[35m (0.4ms)[0m  SELECT COUNT(*) FROM "personal_connections"  WHERE "personal_connections"."verb_id" = $1  [["verb_id", 1149]]
11:08:54 web.1  |   [1m[35m (0.3ms)[0m  SELECT COUNT(*) FROM "personal_connections"  WHERE "personal_connections"."verb_id" = $1  [["verb_id", 762]]
11:08:54 web.1  |   [1m[36m (0.3ms)[0m  [1mSELECT COUNT(*) FROM "personal_connections"  WHERE "personal_connections"."verb_id" = $1[0m  [["verb_id", 1541]]
11:08:54 web.1  |   [1m[36m (0.3ms)[0m  [1mSELECT COUNT(*) FROM "personal_connections"  WHERE "personal_connections"."verb_id" = $1[0m  [["verb_id", 1366]]
11:08:54 web.1  |   [1m[35m (0.3ms)[0m  SELECT COUNT(*) FROM "personal_connections"  WHERE "personal_connections"."verb_id" = $1  [["verb_id", 646]]
11:08:54 web.1  |   [1m[35m (0.4ms)[0m  SELECT COUNT(*) FROM "personal_connections"  WHERE "personal_connections"."verb_id" = $1  [["verb_id", 1367]]
11:08:54 web.1  |   [1m[36m (0.3ms)[0m  [1mSELECT COUNT(*) FROM "personal_connections"  WHERE "personal_connections"."verb_id" = $1[0m  [["verb_id", 719]]
11:08:54 web.1  |   [1m[36m (0.3ms)[0m  [1mSELECT COUNT(*) FROM "personal_connections"  WHERE "personal_connections"."verb_id" = $1[0m  [["verb_id", 1270]]
11:08:54 web.1  |   [1m[35m (0.2ms)[0m  SELECT COUNT(*) FROM "personal_connections"  WHERE "personal_connections"."verb_id" = $1  [["verb_id", 1402]]
11:08:54 web.1  |   [1m[36m (0.3ms)[0m  [1mSELECT COUNT(*) FROM "personal_connections"  WHERE "personal_connections"."verb_id" = $1[0m  [["verb_id", 48]]
11:08:54 web.1  |   [1m[35m (0.5ms)[0m  SELECT COUNT(*) FROM "personal_connections"  WHERE "personal_connections"."verb_id" = $1  [["verb_id", 1135]]
11:08:54 web.1  |   [1m[35m (0.3ms)[0m  SELECT COUNT(*) FROM "personal_connections"  WHERE "personal_connections"."verb_id" = $1  [["verb_id", 1266]]
11:08:54 web.1  |   [1m[36m (0.3ms)[0m  [1mSELECT COUNT(*) FROM "personal_connections"  WHERE "personal_connections"."verb_id" = $1[0m  [["verb_id", 282]]
11:08:54 web.1  |   [1m[36m (0.4ms)[0m  [1mSELECT COUNT(*) FROM "personal_connections"  WHERE "personal_connections"."verb_id" = $1[0m  [["verb_id", 376]]
11:08:54 web.1  |   [1m[35m (0.3ms)[0m  SELECT COUNT(*) FROM "personal_connections"  WHERE "personal_connections"."verb_id" = $1  [["verb_id", 1462]]
11:08:54 web.1  |   [1m[35m (0.3ms)[0m  SELECT COUNT(*) FROM "personal_connections"  WHERE "personal_connections"."verb_id" = $1  [["verb_id", 1522]]
11:08:54 web.1  |   [1m[36m (0.3ms)[0m  [1mSELECT COUNT(*) FROM "personal_connections"  WHERE "personal_connections"."verb_id" = $1[0m  [["verb_id", 912]]
11:08:54 web.1  |   [1m[36m (0.3ms)[0m  [1mSELECT COUNT(*) FROM "personal_connections"  WHERE "personal_connections"."verb_id" = $1[0m  [["verb_id", 1150]]
11:08:54 web.1  |   [1m[35m (0.3ms)[0m  SELECT COUNT(*) FROM "personal_connections"  WHERE "personal_connections"."verb_id" = $1  [["verb_id", 256]]
11:08:54 web.1  |   [1m[35m (0.3ms)[0m  SELECT COUNT(*) FROM "personal_connections"  WHERE "personal_connections"."verb_id" = $1  [["verb_id", 356]]
11:08:54 web.1  |   [1m[36m (0.3ms)[0m  [1mSELECT COUNT(*) FROM "personal_connections"  WHERE "personal_connections"."verb_id" = $1[0m  [["verb_id", 478]]
11:08:54 web.1  |   [1m[36m (0.4ms)[0m  [1mSELECT COUNT(*) FROM "personal_connections"  WHERE "personal_connections"."verb_id" = $1[0m  [["verb_id", 762]]
11:08:54 web.1  |   [1m[35m (0.3ms)[0m  SELECT COUNT(*) FROM "personal_connections"  WHERE "personal_connections"."verb_id" = $1  [["verb_id", 1441]]
11:08:54 web.1  |   [1m[35m (0.4ms)[0m  SELECT COUNT(*) FROM "personal_connections"  WHERE "personal_connections"."verb_id" = $1  [["verb_id", 1366]]
11:08:54 web.1  |   [1m[36m (0.3ms)[0m  [1mSELECT COUNT(*) FROM "personal_connections"  WHERE "personal_connections"."verb_id" = $1[0m  [["verb_id", 1545]]
11:08:54 web.1  |   [1m[36m (0.2ms)[0m  [1mSELECT COUNT(*) FROM "personal_connections"  WHERE "personal_connections"."verb_id" = $1[0m  [["verb_id", 1367]]
11:08:54 web.1  |   [1m[35m (0.3ms)[0m  SELECT COUNT(*) FROM "personal_connections"  WHERE "personal_connections"."verb_id" = $1  [["verb_id", 424]]
11:08:54 web.1  |   [1m[35m (0.2ms)[0m  SELECT COUNT(*) FROM "personal_connections"  WHERE "personal_connections"."verb_id" = $1  [["verb_id", 1270]]
11:08:54 web.1  |   [1m[36m (0.3ms)[0m  [1mSELECT COUNT(*) FROM "personal_connections"  WHERE "personal_connections"."verb_id" = $1[0m  [["verb_id", 1135]]
11:08:54 web.1  |   [1m[36m (0.3ms)[0m  [1mSELECT COUNT(*) FROM "personal_connections"  WHERE "personal_connections"."verb_id" = $1[0m  [["verb_id", 306]]
11:08:54 web.1  |   [1m[35m (0.2ms)[0m  SELECT COUNT(*) FROM "personal_connections"  WHERE "personal_connections"."verb_id" = $1  [["verb_id", 282]]
11:08:54 web.1  |   [1m[35m (0.3ms)[0m  SELECT COUNT(*) FROM "personal_connections"  WHERE "personal_connections"."verb_id" = $1  [["verb_id", 1259]]
11:08:54 web.1  |   [1m[36m (0.3ms)[0m  [1mSELECT COUNT(*) FROM "personal_connections"  WHERE "personal_connections"."verb_id" = $1[0m  [["verb_id", 1462]]
11:08:54 web.1  |   [1m[35m (0.5ms)[0m  SELECT COUNT(*) FROM "personal_connections"  WHERE "personal_connections"."verb_id" = $1  [["verb_id", 912]]
11:08:54 web.1  |   [1m[36m (0.4ms)[0m  [1mSELECT COUNT(*) FROM "personal_connections"  WHERE "personal_connections"."verb_id" = $1[0m  [["verb_id", 256]]
11:08:54 web.1  |   [1m[35m (0.4ms)[0m  SELECT COUNT(*) FROM "personal_connections"  WHERE "personal_connections"."verb_id" = $1  [["verb_id", 478]]
11:08:54 web.1  |   [1m[36m (0.5ms)[0m  [1mSELECT COUNT(*) FROM "personal_connections"  WHERE "personal_connections"."verb_id" = $1[0m  [["verb_id", 884]]
11:08:54 web.1  |   [1m[36m (0.3ms)[0m  [1mSELECT COUNT(*) FROM "personal_connections"  WHERE "personal_connections"."verb_id" = $1[0m  [["verb_id", 1441]]
11:08:54 web.1  |   [1m[35m (0.5ms)[0m  SELECT COUNT(*) FROM "personal_connections"  WHERE "personal_connections"."verb_id" = $1  [["verb_id", 1025]]
11:08:54 web.1  |   [1m[36m (0.3ms)[0m  [1mSELECT COUNT(*) FROM "personal_connections"  WHERE "personal_connections"."verb_id" = $1[0m  [["verb_id", 378]]
11:08:54 web.1  |   [1m[35m (0.4ms)[0m  SELECT COUNT(*) FROM "personal_connections"  WHERE "personal_connections"."verb_id" = $1  [["verb_id", 165]]
11:08:54 web.1  |   [1m[35m (0.4ms)[0m  SELECT COUNT(*) FROM "personal_connections"  WHERE "personal_connections"."verb_id" = $1  [["verb_id", 1545]]
11:08:54 web.1  |   [1m[36m (0.3ms)[0m  [1mSELECT COUNT(*) FROM "personal_connections"  WHERE "personal_connections"."verb_id" = $1[0m  [["verb_id", 1113]]
11:08:54 web.1  |   [1m[36m (0.3ms)[0m  [1mSELECT COUNT(*) FROM "personal_connections"  WHERE "personal_connections"."verb_id" = $1[0m  [["verb_id", 424]]
11:08:54 web.1  |   [1m[35m (1.6ms)[0m  SELECT COUNT(*) FROM "personal_connections"  WHERE "personal_connections"."verb_id" = $1  [["verb_id", 1]]
11:08:54 web.1  |   [1m[35m (0.3ms)[0m  SELECT COUNT(*) FROM "personal_connections"  WHERE "personal_connections"."verb_id" = $1  [["verb_id", 306]]
11:08:54 web.1  |   [1m[36m (0.3ms)[0m  [1mSELECT COUNT(*) FROM "personal_connections"  WHERE "personal_connections"."verb_id" = $1[0m  [["verb_id", 1259]]
11:08:54 web.1  |   [1m[36m (0.4ms)[0m  [1mSELECT COUNT(*) FROM "personal_connections"  WHERE "personal_connections"."verb_id" = $1[0m  [["verb_id", 1151]]
11:08:54 web.1  |   [1m[35m (0.3ms)[0m  SELECT COUNT(*) FROM "personal_connections"  WHERE "personal_connections"."verb_id" = $1  [["verb_id", 884]]
11:08:54 web.1  |   [1m[35m (0.5ms)[0m  SELECT COUNT(*) FROM "personal_connections"  WHERE "personal_connections"."verb_id" = $1  [["verb_id", 1426]]
11:08:54 web.1  |   [1m[36m (0.3ms)[0m  [1mSELECT COUNT(*) FROM "personal_connections"  WHERE "personal_connections"."verb_id" = $1[0m  [["verb_id", 1025]]
11:08:54 web.1  |   [1m[36m (0.6ms)[0m  [1mSELECT COUNT(*) FROM "personal_connections"  WHERE "personal_connections"."verb_id" = $1[0m  [["verb_id", 1435]]
11:08:54 web.1  |   [1m[35m (0.3ms)[0m  SELECT COUNT(*) FROM "personal_connections"  WHERE "personal_connections"."verb_id" = $1  [["verb_id", 378]]
11:08:54 web.1  |   [1m[35m (0.5ms)[0m  SELECT COUNT(*) FROM "personal_connections"  WHERE "personal_connections"."verb_id" = $1  [["verb_id", 1333]]
11:08:54 web.1  |   [1m[36m (0.4ms)[0m  [1mSELECT COUNT(*) FROM "personal_connections"  WHERE "personal_connections"."verb_id" = $1[0m  [["verb_id", 165]]
11:08:54 web.1  |   [1m[36m (0.5ms)[0m  [1mSELECT COUNT(*) FROM "personal_connections"  WHERE "personal_connections"."verb_id" = $1[0m  [["verb_id", 1383]]
11:08:54 web.1  |   [1m[35m (0.3ms)[0m  SELECT COUNT(*) FROM "personal_connections"  WHERE "personal_connections"."verb_id" = $1  [["verb_id", 1113]]
11:08:54 web.1  |   [1m[36m (1.5ms)[0m  [1mSELECT COUNT(*) FROM "personal_connections"  WHERE "personal_connections"."verb_id" = $1[0m  [["verb_id", 1]]
11:08:54 web.1  |   [1m[35m (0.3ms)[0m  SELECT COUNT(*) FROM "personal_connections"  WHERE "personal_connections"."verb_id" = $1  [["verb_id", 1151]]
11:08:54 web.1  |   [1m[36m (0.3ms)[0m  [1mSELECT COUNT(*) FROM "personal_connections"  WHERE "personal_connections"."verb_id" = $1[0m  [["verb_id", 1426]]
11:08:54 web.1  |   [1m[35m (0.3ms)[0m  SELECT COUNT(*) FROM "personal_connections"  WHERE "personal_connections"."verb_id" = $1  [["verb_id", 1435]]
11:08:54 web.1  |   [1m[36m (0.4ms)[0m  [1mSELECT COUNT(*) FROM "personal_connections"  WHERE "personal_connections"."verb_id" = $1[0m  [["verb_id", 1333]]
11:08:54 web.1  |   [1m[35m (0.4ms)[0m  SELECT COUNT(*) FROM "personal_connections"  WHERE "personal_connections"."verb_id" = $1  [["verb_id", 1383]]
11:08:54 web.1  |   [1m[35m (0.3ms)[0m  SELECT COUNT(*) FROM "personal_connections"  WHERE "personal_connections"."verb_id" = $1  [["verb_id", 1328]]
11:08:54 web.1  |   [1m[36m (0.5ms)[0m  [1mSELECT COUNT(*) FROM "personal_connections"  WHERE "personal_connections"."verb_id" = $1[0m  [["verb_id", 534]]
11:08:54 web.1  |   [1m[35m (0.6ms)[0m  SELECT COUNT(*) FROM "personal_connections"  WHERE "personal_connections"."verb_id" = $1  [["verb_id", 334]]
11:08:54 web.1  |   [1m[36m (0.4ms)[0m  [1mSELECT COUNT(*) FROM "personal_connections"  WHERE "personal_connections"."verb_id" = $1[0m  [["verb_id", 2]]
11:08:54 web.1  |   [1m[36m (0.3ms)[0m  [1mSELECT COUNT(*) FROM "personal_connections"  WHERE "personal_connections"."verb_id" = $1[0m  [["verb_id", 1328]]
11:08:54 web.1  |   [1m[35m (0.3ms)[0m  SELECT COUNT(*) FROM "personal_connections"  WHERE "personal_connections"."verb_id" = $1  [["verb_id", 1120]]
11:08:54 web.1  |   [1m[36m (0.3ms)[0m  [1mSELECT COUNT(*) FROM "personal_connections"  WHERE "personal_connections"."verb_id" = $1[0m  [["verb_id", 844]]
11:08:54 web.1  |   [1m[35m (0.3ms)[0m  SELECT COUNT(*) FROM "personal_connections"  WHERE "personal_connections"."verb_id" = $1  [["verb_id", 1210]]
11:08:54 web.1  |   [1m[35m (0.5ms)[0m  SELECT COUNT(*) FROM "personal_connections"  WHERE "personal_connections"."verb_id" = $1  [["verb_id", 534]]
11:08:54 web.1  |   [1m[36m (0.3ms)[0m  [1mSELECT COUNT(*) FROM "personal_connections"  WHERE "personal_connections"."verb_id" = $1[0m  [["verb_id", 1089]]
11:08:54 web.1  |   [1m[36m (0.5ms)[0m  [1mSELECT COUNT(*) FROM "personal_connections"  WHERE "personal_connections"."verb_id" = $1[0m  [["verb_id", 334]]
11:08:54 web.1  |   [1m[35m (0.5ms)[0m  SELECT COUNT(*) FROM "personal_connections"  WHERE "personal_connections"."verb_id" = $1  [["verb_id", 314]]
11:08:54 web.1  |   [1m[35m (0.5ms)[0m  SELECT COUNT(*) FROM "personal_connections"  WHERE "personal_connections"."verb_id" = $1  [["verb_id", 2]]
11:08:54 web.1  |   [1m[36m (0.3ms)[0m  [1mSELECT COUNT(*) FROM "personal_connections"  WHERE "personal_connections"."verb_id" = $1[0m  [["verb_id", 205]]
11:08:54 web.1  |   [1m[36m (0.5ms)[0m  [1mSELECT COUNT(*) FROM "personal_connections"  WHERE "personal_connections"."verb_id" = $1[0m  [["verb_id", 1120]]
11:08:54 web.1  |   [1m[35m (0.3ms)[0m  SELECT COUNT(*) FROM "personal_connections"  WHERE "personal_connections"."verb_id" = $1  [["verb_id", 703]]
11:08:54 web.1  |   [1m[35m (0.3ms)[0m  SELECT COUNT(*) FROM "personal_connections"  WHERE "personal_connections"."verb_id" = $1  [["verb_id", 844]]
11:08:54 web.1  |   [1m[36m (0.3ms)[0m  [1mSELECT COUNT(*) FROM "personal_connections"  WHERE "personal_connections"."verb_id" = $1[0m  [["verb_id", 1219]]
11:08:54 web.1  |   [1m[36m (0.3ms)[0m  [1mSELECT COUNT(*) FROM "personal_connections"  WHERE "personal_connections"."verb_id" = $1[0m  [["verb_id", 1210]]
11:08:54 web.1  |   [1m[35m (0.5ms)[0m  SELECT COUNT(*) FROM "personal_connections"  WHERE "personal_connections"."verb_id" = $1  [["verb_id", 640]]
11:08:54 web.1  |   [1m[35m (0.3ms)[0m  SELECT COUNT(*) FROM "personal_connections"  WHERE "personal_connections"."verb_id" = $1  [["verb_id", 1089]]
11:08:54 web.1  |   [1m[36m (0.2ms)[0m  [1mSELECT COUNT(*) FROM "personal_connections"  WHERE "personal_connections"."verb_id" = $1[0m  [["verb_id", 248]]
11:08:54 web.1  |   [1m[36m (0.5ms)[0m  [1mSELECT COUNT(*) FROM "personal_connections"  WHERE "personal_connections"."verb_id" = $1[0m  [["verb_id", 314]]
11:08:54 web.1  |   [1m[35m (0.5ms)[0m  SELECT COUNT(*) FROM "personal_connections"  WHERE "personal_connections"."verb_id" = $1  [["verb_id", 781]]
11:08:54 web.1  |   [1m[36m (0.3ms)[0m  [1mSELECT COUNT(*) FROM "personal_connections"  WHERE "personal_connections"."verb_id" = $1[0m  [["verb_id", 820]]
11:08:54 web.1  |   [1m[35m (0.3ms)[0m  SELECT COUNT(*) FROM "personal_connections"  WHERE "personal_connections"."verb_id" = $1  [["verb_id", 236]]
11:08:54 web.1  |   [1m[36m (0.3ms)[0m  [1mSELECT COUNT(*) FROM "personal_connections"  WHERE "personal_connections"."verb_id" = $1[0m  [["verb_id", 484]]
11:08:54 web.1  |   [1m[35m (0.3ms)[0m  SELECT COUNT(*) FROM "personal_connections"  WHERE "personal_connections"."verb_id" = $1  [["verb_id", 1238]]
11:08:54 web.1  |   [1m[36m (0.3ms)[0m  [1mSELECT COUNT(*) FROM "personal_connections"  WHERE "personal_connections"."verb_id" = $1[0m  [["verb_id", 1337]]
11:08:54 web.1  |   [1m[35m (0.2ms)[0m  SELECT COUNT(*) FROM "personal_connections"  WHERE "personal_connections"."verb_id" = $1  [["verb_id", 205]]
11:08:54 web.1  |   [1m[35m (0.3ms)[0m  SELECT COUNT(*) FROM "personal_connections"  WHERE "personal_connections"."verb_id" = $1  [["verb_id", 1365]]
11:08:54 web.1  |   [1m[36m (0.3ms)[0m  [1mSELECT COUNT(*) FROM "personal_connections"  WHERE "personal_connections"."verb_id" = $1[0m  [["verb_id", 1417]]
11:08:54 web.1  |   [1m[36m (0.3ms)[0m  [1mSELECT COUNT(*) FROM "personal_connections"  WHERE "personal_connections"."verb_id" = $1[0m  [["verb_id", 703]]
11:08:54 web.1  |   [1m[35m (0.3ms)[0m  SELECT COUNT(*) FROM "personal_connections"  WHERE "personal_connections"."verb_id" = $1  [["verb_id", 432]]
11:08:54 web.1  |   [1m[35m (0.3ms)[0m  SELECT COUNT(*) FROM "personal_connections"  WHERE "personal_connections"."verb_id" = $1  [["verb_id", 1219]]
11:08:54 web.1  |   [1m[36m (0.3ms)[0m  [1mSELECT COUNT(*) FROM "personal_connections"  WHERE "personal_connections"."verb_id" = $1[0m  [["verb_id", 697]]
11:08:54 web.1  |   [1m[36m (0.3ms)[0m  [1mSELECT COUNT(*) FROM "personal_connections"  WHERE "personal_connections"."verb_id" = $1[0m  [["verb_id", 640]]
11:08:54 web.1  |   [1m[35m (0.3ms)[0m  SELECT COUNT(*) FROM "personal_connections"  WHERE "personal_connections"."verb_id" = $1  [["verb_id", 228]]
11:08:54 web.1  |   [1m[35m (0.3ms)[0m  SELECT COUNT(*) FROM "personal_connections"  WHERE "personal_connections"."verb_id" = $1  [["verb_id", 248]]
11:08:54 web.1  |   [1m[36m (0.3ms)[0m  [1mSELECT COUNT(*) FROM "personal_connections"  WHERE "personal_connections"."verb_id" = $1[0m  [["verb_id", 1530]]
11:08:54 web.1  |   [1m[35m (0.3ms)[0m  SELECT COUNT(*) FROM "personal_connections"  WHERE "personal_connections"."verb_id" = $1  [["verb_id", 1438]]
11:08:54 web.1  |   [1m[36m (0.2ms)[0m  [1mSELECT COUNT(*) FROM "personal_connections"  WHERE "personal_connections"."verb_id" = $1[0m  [["verb_id", 781]]
11:08:54 web.1  |   [1m[36m (0.4ms)[0m  [1mSELECT COUNT(*) FROM "personal_connections"  WHERE "personal_connections"."verb_id" = $1[0m  [["verb_id", 61]]
11:08:54 web.1  |   [1m[35m (0.2ms)[0m  SELECT COUNT(*) FROM "personal_connections"  WHERE "personal_connections"."verb_id" = $1  [["verb_id", 820]]
11:08:54 web.1  |   [1m[35m (0.4ms)[0m  SELECT COUNT(*) FROM "personal_connections"  WHERE "personal_connections"."verb_id" = $1  [["verb_id", 16]]
11:08:54 web.1  |   [1m[36m (0.3ms)[0m  [1mSELECT COUNT(*) FROM "personal_connections"  WHERE "personal_connections"."verb_id" = $1[0m  [["verb_id", 236]]
11:08:54 web.1  |   [1m[36m (0.3ms)[0m  [1mSELECT COUNT(*) FROM "personal_connections"  WHERE "personal_connections"."verb_id" = $1[0m  [["verb_id", 747]]
11:08:54 web.1  |   [1m[35m (0.3ms)[0m  SELECT COUNT(*) FROM "personal_connections"  WHERE "personal_connections"."verb_id" = $1  [["verb_id", 484]]
11:08:54 web.1  |   [1m[35m (0.3ms)[0m  SELECT COUNT(*) FROM "personal_connections"  WHERE "personal_connections"."verb_id" = $1  [["verb_id", 958]]
11:08:54 web.1  |   [1m[36m (0.5ms)[0m  [1mSELECT COUNT(*) FROM "personal_connections"  WHERE "personal_connections"."verb_id" = $1[0m  [["verb_id", 1238]]
11:08:54 web.1  |   [1m[36m (0.3ms)[0m  [1mSELECT COUNT(*) FROM "personal_connections"  WHERE "personal_connections"."verb_id" = $1[0m  [["verb_id", 544]]
11:08:54 web.1  |   [1m[35m (0.4ms)[0m  SELECT COUNT(*) FROM "personal_connections"  WHERE "personal_connections"."verb_id" = $1  [["verb_id", 1337]]
11:08:54 web.1  |   [1m[35m (0.3ms)[0m  SELECT COUNT(*) FROM "personal_connections"  WHERE "personal_connections"."verb_id" = $1  [["verb_id", 1009]]
11:08:54 web.1  |   [1m[36m (0.3ms)[0m  [1mSELECT COUNT(*) FROM "personal_connections"  WHERE "personal_connections"."verb_id" = $1[0m  [["verb_id", 1365]]
11:08:54 web.1  |   [1m[36m (0.3ms)[0m  [1mSELECT COUNT(*) FROM "personal_connections"  WHERE "personal_connections"."verb_id" = $1[0m  [["verb_id", 1040]]
11:08:54 web.1  |   [1m[35m (0.3ms)[0m  SELECT COUNT(*) FROM "personal_connections"  WHERE "personal_connections"."verb_id" = $1  [["verb_id", 1417]]
11:08:54 web.1  |   [1m[35m (0.2ms)[0m  SELECT COUNT(*) FROM "personal_connections"  WHERE "personal_connections"."verb_id" = $1  [["verb_id", 296]]
11:08:54 web.1  |   [1m[36m (0.3ms)[0m  [1mSELECT COUNT(*) FROM "personal_connections"  WHERE "personal_connections"."verb_id" = $1[0m  [["verb_id", 696]]
11:08:54 web.1  |   [1m[36m (0.3ms)[0m  [1mSELECT COUNT(*) FROM "personal_connections"  WHERE "personal_connections"."verb_id" = $1[0m  [["verb_id", 432]]
11:08:54 web.1  |   [1m[35m (0.4ms)[0m  SELECT COUNT(*) FROM "personal_connections"  WHERE "personal_connections"."verb_id" = $1  [["verb_id", 1103]]
11:08:54 web.1  |   [1m[35m (0.5ms)[0m  SELECT COUNT(*) FROM "personal_connections"  WHERE "personal_connections"."verb_id" = $1  [["verb_id", 697]]
11:08:54 web.1  |   [1m[36m (0.3ms)[0m  [1mSELECT COUNT(*) FROM "personal_connections"  WHERE "personal_connections"."verb_id" = $1[0m  [["verb_id", 757]]
11:08:54 web.1  |   [1m[36m (0.3ms)[0m  [1mSELECT COUNT(*) FROM "personal_connections"  WHERE "personal_connections"."verb_id" = $1[0m  [["verb_id", 228]]
11:08:54 web.1  |   [1m[35m (0.3ms)[0m  SELECT COUNT(*) FROM "personal_connections"  WHERE "personal_connections"."verb_id" = $1  [["verb_id", 488]]
11:08:54 web.1  |   [1m[35m (0.3ms)[0m  SELECT COUNT(*) FROM "personal_connections"  WHERE "personal_connections"."verb_id" = $1  [["verb_id", 1530]]
11:08:54 web.1  |   [1m[36m (0.3ms)[0m  [1mSELECT COUNT(*) FROM "personal_connections"  WHERE "personal_connections"."verb_id" = $1[0m  [["verb_id", 840]]
11:08:54 web.1  |   [1m[36m (0.3ms)[0m  [1mSELECT COUNT(*) FROM "personal_connections"  WHERE "personal_connections"."verb_id" = $1[0m  [["verb_id", 1438]]
11:08:54 web.1  |   [1m[35m (0.3ms)[0m  SELECT COUNT(*) FROM "personal_connections"  WHERE "personal_connections"."verb_id" = $1  [["verb_id", 817]]
11:08:54 web.1  |   [1m[35m (0.3ms)[0m  SELECT COUNT(*) FROM "personal_connections"  WHERE "personal_connections"."verb_id" = $1  [["verb_id", 61]]
11:08:54 web.1  |   [1m[36m (0.3ms)[0m  [1mSELECT COUNT(*) FROM "personal_connections"  WHERE "personal_connections"."verb_id" = $1[0m  [["verb_id", 1565]]
11:08:54 web.1  |   [1m[35m (0.4ms)[0m  SELECT COUNT(*) FROM "personal_connections"  WHERE "personal_connections"."verb_id" = $1  [["verb_id", 1173]]
11:08:54 web.1  |   [1m[36m (0.3ms)[0m  [1mSELECT COUNT(*) FROM "personal_connections"  WHERE "personal_connections"."verb_id" = $1[0m  [["verb_id", 16]]
11:08:54 web.1  |   [1m[36m (0.3ms)[0m  [1mSELECT COUNT(*) FROM "personal_connections"  WHERE "personal_connections"."verb_id" = $1[0m  [["verb_id", 1564]]
11:08:54 web.1  |   [1m[35m (0.3ms)[0m  SELECT COUNT(*) FROM "personal_connections"  WHERE "personal_connections"."verb_id" = $1  [["verb_id", 747]]
11:08:54 web.1  |   [1m[35m (0.3ms)[0m  SELECT COUNT(*) FROM "personal_connections"  WHERE "personal_connections"."verb_id" = $1  [["verb_id", 1095]]
11:08:54 web.1  |   [1m[36m (0.4ms)[0m  [1mSELECT COUNT(*) FROM "personal_connections"  WHERE "personal_connections"."verb_id" = $1[0m  [["verb_id", 958]]
11:08:54 web.1  |   [1m[36m (0.3ms)[0m  [1mSELECT COUNT(*) FROM "personal_connections"  WHERE "personal_connections"."verb_id" = $1[0m  [["verb_id", 739]]
11:08:54 web.1  |   [1m[35m (0.3ms)[0m  SELECT COUNT(*) FROM "personal_connections"  WHERE "personal_connections"."verb_id" = $1  [["verb_id", 544]]
11:08:54 web.1  |   [1m[35m (0.3ms)[0m  SELECT COUNT(*) FROM "personal_connections"  WHERE "personal_connections"."verb_id" = $1  [["verb_id", 1310]]
11:08:54 web.1  |   [1m[36m (0.3ms)[0m  [1mSELECT COUNT(*) FROM "personal_connections"  WHERE "personal_connections"."verb_id" = $1[0m  [["verb_id", 1009]]
11:08:54 web.1  |   [1m[36m (0.3ms)[0m  [1mSELECT COUNT(*) FROM "personal_connections"  WHERE "personal_connections"."verb_id" = $1[0m  [["verb_id", 738]]
11:08:54 web.1  |   [1m[35m (0.3ms)[0m  SELECT COUNT(*) FROM "personal_connections"  WHERE "personal_connections"."verb_id" = $1  [["verb_id", 1040]]
11:08:54 web.1  |   [1m[35m (0.3ms)[0m  SELECT COUNT(*) FROM "personal_connections"  WHERE "personal_connections"."verb_id" = $1  [["verb_id", 1139]]
11:08:54 web.1  |   [1m[36m (0.3ms)[0m  [1mSELECT COUNT(*) FROM "personal_connections"  WHERE "personal_connections"."verb_id" = $1[0m  [["verb_id", 296]]
11:08:54 web.1  |   [1m[36m (0.3ms)[0m  [1mSELECT COUNT(*) FROM "personal_connections"  WHERE "personal_connections"."verb_id" = $1[0m  [["verb_id", 728]]
11:08:54 web.1  |   [1m[35m (0.3ms)[0m  SELECT COUNT(*) FROM "personal_connections"  WHERE "personal_connections"."verb_id" = $1  [["verb_id", 696]]
11:08:54 web.1  |   [1m[35m (0.3ms)[0m  SELECT COUNT(*) FROM "personal_connections"  WHERE "personal_connections"."verb_id" = $1  [["verb_id", 1138]]
11:08:54 web.1  |   [1m[36m (0.3ms)[0m  [1mSELECT COUNT(*) FROM "personal_connections"  WHERE "personal_connections"."verb_id" = $1[0m  [["verb_id", 1103]]
11:08:54 web.1  |   [1m[36m (0.3ms)[0m  [1mSELECT COUNT(*) FROM "personal_connections"  WHERE "personal_connections"."verb_id" = $1[0m  [["verb_id", 727]]
11:08:54 web.1  |   [1m[35m (0.3ms)[0m  SELECT COUNT(*) FROM "personal_connections"  WHERE "personal_connections"."verb_id" = $1  [["verb_id", 757]]
11:08:54 web.1  |   [1m[35m (0.2ms)[0m  SELECT COUNT(*) FROM "personal_connections"  WHERE "personal_connections"."verb_id" = $1  [["verb_id", 868]]
11:08:54 web.1  |   [1m[36m (0.2ms)[0m  [1mSELECT COUNT(*) FROM "personal_connections"  WHERE "personal_connections"."verb_id" = $1[0m  [["verb_id", 1063]]
11:08:54 web.1  |   [1m[36m (0.3ms)[0m  [1mSELECT COUNT(*) FROM "personal_connections"  WHERE "personal_connections"."verb_id" = $1[0m  [["verb_id", 488]]
11:08:54 web.1  |   [1m[35m (0.4ms)[0m  SELECT COUNT(*) FROM "personal_connections"  WHERE "personal_connections"."verb_id" = $1  [["verb_id", 973]]
11:08:54 web.1  |   [1m[35m (0.4ms)[0m  SELECT COUNT(*) FROM "personal_connections"  WHERE "personal_connections"."verb_id" = $1  [["verb_id", 840]]
11:08:54 web.1  |   [1m[36m (0.4ms)[0m  [1mSELECT COUNT(*) FROM "personal_connections"  WHERE "personal_connections"."verb_id" = $1[0m  [["verb_id", 817]]
11:08:54 web.1  |   [1m[36m (0.3ms)[0m  [1mSELECT COUNT(*) FROM "personal_connections"  WHERE "personal_connections"."verb_id" = $1[0m  [["verb_id", 872]]
11:08:54 web.1  |   [1m[35m (0.2ms)[0m  SELECT COUNT(*) FROM "personal_connections"  WHERE "personal_connections"."verb_id" = $1  [["verb_id", 161]]
11:08:54 web.1  |   [1m[35m (0.4ms)[0m  SELECT COUNT(*) FROM "personal_connections"  WHERE "personal_connections"."verb_id" = $1  [["verb_id", 1565]]
11:08:54 web.1  |   [1m[36m (0.3ms)[0m  [1mSELECT COUNT(*) FROM "personal_connections"  WHERE "personal_connections"."verb_id" = $1[0m  [["verb_id", 482]]
11:08:54 web.1  |   [1m[36m (0.2ms)[0m  [1mSELECT COUNT(*) FROM "personal_connections"  WHERE "personal_connections"."verb_id" = $1[0m  [["verb_id", 1173]]
11:08:54 web.1  |   [1m[35m (0.4ms)[0m  SELECT COUNT(*) FROM "personal_connections"  WHERE "personal_connections"."verb_id" = $1  [["verb_id", 416]]
11:08:54 web.1  |   [1m[35m (0.3ms)[0m  SELECT COUNT(*) FROM "personal_connections"  WHERE "personal_connections"."verb_id" = $1  [["verb_id", 1564]]
11:08:54 web.1  |   [1m[36m (0.3ms)[0m  [1mSELECT COUNT(*) FROM "personal_connections"  WHERE "personal_connections"."verb_id" = $1[0m  [["verb_id", 877]]
11:08:54 web.1  |   [1m[36m (0.3ms)[0m  [1mSELECT COUNT(*) FROM "personal_connections"  WHERE "personal_connections"."verb_id" = $1[0m  [["verb_id", 1095]]
11:08:54 web.1  |   [1m[35m (0.4ms)[0m  SELECT COUNT(*) FROM "personal_connections"  WHERE "personal_connections"."verb_id" = $1  [["verb_id", 1460]]
11:08:54 web.1  |   [1m[35m (0.3ms)[0m  SELECT COUNT(*) FROM "personal_connections"  WHERE "personal_connections"."verb_id" = $1  [["verb_id", 739]]
11:08:54 web.1  |   [1m[36m (0.4ms)[0m  [1mSELECT COUNT(*) FROM "personal_connections"  WHERE "personal_connections"."verb_id" = $1[0m  [["verb_id", 510]]
11:08:54 web.1  |   [1m[36m (0.5ms)[0m  [1mSELECT COUNT(*) FROM "personal_connections"  WHERE "personal_connections"."verb_id" = $1[0m  [["verb_id", 1310]]
11:08:54 web.1  |   [1m[35m (0.3ms)[0m  SELECT COUNT(*) FROM "personal_connections"  WHERE "personal_connections"."verb_id" = $1  [["verb_id", 779]]
11:08:54 web.1  |   [1m[36m (0.3ms)[0m  [1mSELECT COUNT(*) FROM "personal_connections"  WHERE "personal_connections"."verb_id" = $1[0m  [["verb_id", 594]]
11:08:54 web.1  |   [1m[35m (0.3ms)[0m  SELECT COUNT(*) FROM "personal_connections"  WHERE "personal_connections"."verb_id" = $1  [["verb_id", 738]]
11:08:54 web.1  |   [1m[35m (0.3ms)[0m  SELECT COUNT(*) FROM "personal_connections"  WHERE "personal_connections"."verb_id" = $1  [["verb_id", 717]]
11:08:54 web.1  |   [1m[36m (0.3ms)[0m  [1mSELECT COUNT(*) FROM "personal_connections"  WHERE "personal_connections"."verb_id" = $1[0m  [["verb_id", 1139]]
11:08:54 web.1  |   [1m[36m (0.3ms)[0m  [1mSELECT COUNT(*) FROM "personal_connections"  WHERE "personal_connections"."verb_id" = $1[0m  [["verb_id", 718]]
11:08:54 web.1  |   [1m[35m (0.3ms)[0m  SELECT COUNT(*) FROM "personal_connections"  WHERE "personal_connections"."verb_id" = $1  [["verb_id", 728]]
11:08:54 web.1  |   [1m[35m (0.3ms)[0m  SELECT COUNT(*) FROM "personal_connections"  WHERE "personal_connections"."verb_id" = $1  [["verb_id", 1059]]
11:08:54 web.1  |   [1m[36m (0.3ms)[0m  [1mSELECT COUNT(*) FROM "personal_connections"  WHERE "personal_connections"."verb_id" = $1[0m  [["verb_id", 1138]]
11:08:54 web.1  |   [1m[36m (0.2ms)[0m  [1mSELECT COUNT(*) FROM "personal_connections"  WHERE "personal_connections"."verb_id" = $1[0m  [["verb_id", 1057]]
11:08:54 web.1  |   [1m[35m (0.3ms)[0m  SELECT COUNT(*) FROM "personal_connections"  WHERE "personal_connections"."verb_id" = $1  [["verb_id", 727]]
11:08:54 web.1  |   [1m[35m (0.3ms)[0m  SELECT COUNT(*) FROM "personal_connections"  WHERE "personal_connections"."verb_id" = $1  [["verb_id", 1058]]
11:08:54 web.1  |   [1m[36m (0.3ms)[0m  [1mSELECT COUNT(*) FROM "personal_connections"  WHERE "personal_connections"."verb_id" = $1[0m  [["verb_id", 1060]]
11:08:54 web.1  |   [1m[36m (0.3ms)[0m  [1mSELECT COUNT(*) FROM "personal_connections"  WHERE "personal_connections"."verb_id" = $1[0m  [["verb_id", 868]]
11:08:54 web.1  |   [1m[35m (0.3ms)[0m  SELECT COUNT(*) FROM "personal_connections"  WHERE "personal_connections"."verb_id" = $1  [["verb_id", 1055]]
11:08:54 web.1  |   [1m[35m (0.3ms)[0m  SELECT COUNT(*) FROM "personal_connections"  WHERE "personal_connections"."verb_id" = $1  [["verb_id", 1063]]
11:08:54 web.1  |   [1m[36m (0.4ms)[0m  [1mSELECT COUNT(*) FROM "personal_connections"  WHERE "personal_connections"."verb_id" = $1[0m  [["verb_id", 1056]]
11:08:54 web.1  |   [1m[36m (0.3ms)[0m  [1mSELECT COUNT(*) FROM "personal_connections"  WHERE "personal_connections"."verb_id" = $1[0m  [["verb_id", 973]]
11:08:54 web.1  |   [1m[35m (0.3ms)[0m  SELECT COUNT(*) FROM "personal_connections"  WHERE "personal_connections"."verb_id" = $1  [["verb_id", 1061]]
11:08:54 web.1  |   [1m[35m (0.3ms)[0m  SELECT COUNT(*) FROM "personal_connections"  WHERE "personal_connections"."verb_id" = $1  [["verb_id", 872]]
11:08:54 web.1  |   [1m[36m (0.3ms)[0m  [1mSELECT COUNT(*) FROM "personal_connections"  WHERE "personal_connections"."verb_id" = $1[0m  [["verb_id", 12]]
11:08:54 web.1  |   [1m[36m (0.3ms)[0m  [1mSELECT COUNT(*) FROM "personal_connections"  WHERE "personal_connections"."verb_id" = $1[0m  [["verb_id", 161]]
11:08:54 web.1  |   [1m[35m (0.3ms)[0m  SELECT COUNT(*) FROM "personal_connections"  WHERE "personal_connections"."verb_id" = $1  [["verb_id", 1412]]
11:08:54 web.1  |   [1m[35m (0.3ms)[0m  SELECT COUNT(*) FROM "personal_connections"  WHERE "personal_connections"."verb_id" = $1  [["verb_id", 482]]
11:08:54 web.1  |   [1m[36m (0.3ms)[0m  [1mSELECT COUNT(*) FROM "personal_connections"  WHERE "personal_connections"."verb_id" = $1[0m  [["verb_id", 1505]]
11:08:54 web.1  |   [1m[36m (0.3ms)[0m  [1mSELECT COUNT(*) FROM "personal_connections"  WHERE "personal_connections"."verb_id" = $1[0m  [["verb_id", 416]]
11:08:54 web.1  |   [1m[35m (0.4ms)[0m  SELECT COUNT(*) FROM "personal_connections"  WHERE "personal_connections"."verb_id" = $1  [["verb_id", 1096]]
11:08:54 web.1  |   [1m[35m (0.3ms)[0m  SELECT COUNT(*) FROM "personal_connections"  WHERE "personal_connections"."verb_id" = $1  [["verb_id", 877]]
11:08:54 web.1  |   [1m[36m (0.3ms)[0m  [1mSELECT COUNT(*) FROM "personal_connections"  WHERE "personal_connections"."verb_id" = $1[0m  [["verb_id", 1492]]
11:08:54 web.1  |   [1m[36m (0.3ms)[0m  [1mSELECT COUNT(*) FROM "personal_connections"  WHERE "personal_connections"."verb_id" = $1[0m  [["verb_id", 1460]]
11:08:54 web.1  |   [1m[35m (0.3ms)[0m  SELECT COUNT(*) FROM "personal_connections"  WHERE "personal_connections"."verb_id" = $1  [["verb_id", 105]]
11:08:54 web.1  |   [1m[36m (0.3ms)[0m  [1mSELECT COUNT(*) FROM "personal_connections"  WHERE "personal_connections"."verb_id" = $1[0m  [["verb_id", 1293]]
11:08:54 web.1  |   [1m[35m (0.3ms)[0m  SELECT COUNT(*) FROM "personal_connections"  WHERE "personal_connections"."verb_id" = $1  [["verb_id", 510]]
11:08:54 web.1  |   [1m[35m (0.3ms)[0m  SELECT COUNT(*) FROM "personal_connections"  WHERE "personal_connections"."verb_id" = $1  [["verb_id", 1020]]
11:08:54 web.1  |   [1m[36m (0.5ms)[0m  [1mSELECT COUNT(*) FROM "personal_connections"  WHERE "personal_connections"."verb_id" = $1[0m  [["verb_id", 779]]
11:08:54 web.1  |   [1m[36m (0.3ms)[0m  [1mSELECT COUNT(*) FROM "personal_connections"  WHERE "personal_connections"."verb_id" = $1[0m  [["verb_id", 1351]]
11:08:54 web.1  |   [1m[35m (0.3ms)[0m  SELECT COUNT(*) FROM "personal_connections"  WHERE "personal_connections"."verb_id" = $1  [["verb_id", 594]]
11:08:54 web.1  |   [1m[35m (0.3ms)[0m  SELECT COUNT(*) FROM "personal_connections"  WHERE "personal_connections"."verb_id" = $1  [["verb_id", 737]]
11:08:54 web.1  |   [1m[36m (0.6ms)[0m  [1mSELECT COUNT(*) FROM "personal_connections"  WHERE "personal_connections"."verb_id" = $1[0m  [["verb_id", 717]]
11:08:54 web.1  |   [1m[36m (0.4ms)[0m  [1mSELECT COUNT(*) FROM "personal_connections"  WHERE "personal_connections"."verb_id" = $1[0m  [["verb_id", 11]]
11:08:54 web.1  |   [1m[35m (0.4ms)[0m  SELECT COUNT(*) FROM "personal_connections"  WHERE "personal_connections"."verb_id" = $1  [["verb_id", 718]]
11:08:54 web.1  |   [1m[35m (0.2ms)[0m  SELECT COUNT(*) FROM "personal_connections"  WHERE "personal_connections"."verb_id" = $1  [["verb_id", 742]]
11:08:54 web.1  |   [1m[36m (0.3ms)[0m  [1mSELECT COUNT(*) FROM "personal_connections"  WHERE "personal_connections"."verb_id" = $1[0m  [["verb_id", 414]]
11:08:54 web.1  |   [1m[36m (0.3ms)[0m  [1mSELECT COUNT(*) FROM "personal_connections"  WHERE "personal_connections"."verb_id" = $1[0m  [["verb_id", 1059]]
11:08:54 web.1  |   [1m[35m (0.3ms)[0m  SELECT COUNT(*) FROM "personal_connections"  WHERE "personal_connections"."verb_id" = $1  [["verb_id", 1057]]
11:08:54 web.1  |   [1m[35m (0.2ms)[0m  SELECT COUNT(*) FROM "personal_connections"  WHERE "personal_connections"."verb_id" = $1  [["verb_id", 753]]
11:08:54 web.1  |   [1m[36m (0.3ms)[0m  [1mSELECT COUNT(*) FROM "personal_connections"  WHERE "personal_connections"."verb_id" = $1[0m  [["verb_id", 1058]]
11:08:54 web.1  |   [1m[36m (0.5ms)[0m  [1mSELECT COUNT(*) FROM "personal_connections"  WHERE "personal_connections"."verb_id" = $1[0m  [["verb_id", 849]]
11:08:54 web.1  |   [1m[35m (0.3ms)[0m  SELECT COUNT(*) FROM "personal_connections"  WHERE "personal_connections"."verb_id" = $1  [["verb_id", 1060]]
11:08:54 web.1  |   [1m[35m (0.5ms)[0m  SELECT COUNT(*) FROM "personal_connections"  WHERE "personal_connections"."verb_id" = $1  [["verb_id", 714]]
11:08:54 web.1  |   [1m[36m (0.3ms)[0m  [1mSELECT COUNT(*) FROM "personal_connections"  WHERE "personal_connections"."verb_id" = $1[0m  [["verb_id", 1055]]
11:08:54 web.1  |   [1m[35m (0.2ms)[0m  SELECT COUNT(*) FROM "personal_connections"  WHERE "personal_connections"."verb_id" = $1  [["verb_id", 1056]]
11:08:54 web.1  |   [1m[36m (0.4ms)[0m  [1mSELECT COUNT(*) FROM "personal_connections"  WHERE "personal_connections"."verb_id" = $1[0m  [["verb_id", 711]]
11:08:54 web.1  |   [1m[36m (0.4ms)[0m  [1mSELECT COUNT(*) FROM "personal_connections"  WHERE "personal_connections"."verb_id" = $1[0m  [["verb_id", 1061]]
11:08:54 web.1  |   [1m[35m (0.2ms)[0m  SELECT COUNT(*) FROM "personal_connections"  WHERE "personal_connections"."verb_id" = $1  [["verb_id", 1472]]
11:08:54 web.1  |   [1m[35m (0.3ms)[0m  SELECT COUNT(*) FROM "personal_connections"  WHERE "personal_connections"."verb_id" = $1  [["verb_id", 12]]
11:08:54 web.1  |   [1m[36m (0.3ms)[0m  [1mSELECT COUNT(*) FROM "personal_connections"  WHERE "personal_connections"."verb_id" = $1[0m  [["verb_id", 1412]]
11:08:54 web.1  |   [1m[35m (0.3ms)[0m  SELECT COUNT(*) FROM "personal_connections"  WHERE "personal_connections"."verb_id" = $1  [["verb_id", 1505]]
11:08:54 web.1  |   [1m[36m (0.3ms)[0m  [1mSELECT COUNT(*) FROM "personal_connections"  WHERE "personal_connections"."verb_id" = $1[0m  [["verb_id", 1096]]
11:08:54 web.1  |   [1m[35m (0.3ms)[0m  SELECT COUNT(*) FROM "personal_connections"  WHERE "personal_connections"."verb_id" = $1  [["verb_id", 1492]]
11:08:54 web.1  |   [1m[36m (0.3ms)[0m  [1mSELECT COUNT(*) FROM "personal_connections"  WHERE "personal_connections"."verb_id" = $1[0m  [["verb_id", 105]]
11:08:54 web.1  |   [1m[35m (0.3ms)[0m  SELECT COUNT(*) FROM "personal_connections"  WHERE "personal_connections"."verb_id" = $1  [["verb_id", 1293]]
11:08:54 web.1  |   [1m[36m (0.3ms)[0m  [1mSELECT COUNT(*) FROM "personal_connections"  WHERE "personal_connections"."verb_id" = $1[0m  [["verb_id", 1020]]
11:08:54 web.1  |   [1m[35m (0.3ms)[0m  SELECT COUNT(*) FROM "personal_connections"  WHERE "personal_connections"."verb_id" = $1  [["verb_id", 1351]]
11:08:54 web.1  |   [1m[36m (0.3ms)[0m  [1mSELECT COUNT(*) FROM "personal_connections"  WHERE "personal_connections"."verb_id" = $1[0m  [["verb_id", 1514]]
11:08:54 web.1  |   [1m[36m (0.3ms)[0m  [1mSELECT COUNT(*) FROM "personal_connections"  WHERE "personal_connections"."verb_id" = $1[0m  [["verb_id", 737]]
11:08:54 web.1  |   [1m[35m (0.3ms)[0m  SELECT COUNT(*) FROM "personal_connections"  WHERE "personal_connections"."verb_id" = $1  [["verb_id", 1470]]
11:08:54 web.1  |   [1m[35m (0.4ms)[0m  SELECT COUNT(*) FROM "personal_connections"  WHERE "personal_connections"."verb_id" = $1  [["verb_id", 11]]
11:08:54 web.1  |   [1m[36m (0.3ms)[0m  [1mSELECT COUNT(*) FROM "personal_connections"  WHERE "personal_connections"."verb_id" = $1[0m  [["verb_id", 1034]]
11:08:55 web.1  |   [1m[35m (0.3ms)[0m  SELECT COUNT(*) FROM "personal_connections"  WHERE "personal_connections"."verb_id" = $1  [["verb_id", 991]]
11:08:55 web.1  |   [1m[36m (0.3ms)[0m  [1mSELECT COUNT(*) FROM "personal_connections"  WHERE "personal_connections"."verb_id" = $1[0m  [["verb_id", 742]]
11:08:55 web.1  |   [1m[36m (0.3ms)[0m  [1mSELECT COUNT(*) FROM "personal_connections"  WHERE "personal_connections"."verb_id" = $1[0m  [["verb_id", 957]]
11:08:55 web.1  |   [1m[35m (0.3ms)[0m  SELECT COUNT(*) FROM "personal_connections"  WHERE "personal_connections"."verb_id" = $1  [["verb_id", 254]]
11:08:55 web.1  |   [1m[35m (0.3ms)[0m  SELECT COUNT(*) FROM "personal_connections"  WHERE "personal_connections"."verb_id" = $1  [["verb_id", 414]]
11:08:55 web.1  |   [1m[36m (0.3ms)[0m  [1mSELECT COUNT(*) FROM "personal_connections"  WHERE "personal_connections"."verb_id" = $1[0m  [["verb_id", 990]]
11:08:55 web.1  |   [1m[36m (0.3ms)[0m  [1mSELECT COUNT(*) FROM "personal_connections"  WHERE "personal_connections"."verb_id" = $1[0m  [["verb_id", 753]]
11:08:55 web.1  |   [1m[35m (0.3ms)[0m  SELECT COUNT(*) FROM "personal_connections"  WHERE "personal_connections"."verb_id" = $1  [["verb_id", 586]]
11:08:55 web.1  |   [1m[35m (0.3ms)[0m  SELECT COUNT(*) FROM "personal_connections"  WHERE "personal_connections"."verb_id" = $1  [["verb_id", 849]]
11:08:55 web.1  |   [1m[36m (0.3ms)[0m  [1mSELECT COUNT(*) FROM "personal_connections"  WHERE "personal_connections"."verb_id" = $1[0m  [["verb_id", 714]]
11:08:55 web.1  |   [1m[36m (0.3ms)[0m  [1mSELECT COUNT(*) FROM "personal_connections"  WHERE "personal_connections"."verb_id" = $1[0m  [["verb_id", 1471]]
11:08:55 web.1  |   [1m[35m (0.2ms)[0m  SELECT COUNT(*) FROM "personal_connections"  WHERE "personal_connections"."verb_id" = $1  [["verb_id", 711]]
11:08:55 web.1  |   [1m[35m (0.3ms)[0m  SELECT COUNT(*) FROM "personal_connections"  WHERE "personal_connections"."verb_id" = $1  [["verb_id", 698]]
11:08:55 web.1  |   [1m[36m (0.3ms)[0m  [1mSELECT COUNT(*) FROM "personal_connections"  WHERE "personal_connections"."verb_id" = $1[0m  [["verb_id", 1472]]
11:08:55 web.1  |   [1m[36m (0.3ms)[0m  [1mSELECT COUNT(*) FROM "personal_connections"  WHERE "personal_connections"."verb_id" = $1[0m  [["verb_id", 1006]]
11:08:55 web.1  |   [1m[35m (0.3ms)[0m  SELECT COUNT(*) FROM "personal_connections"  WHERE "personal_connections"."verb_id" = $1  [["verb_id", 1514]]
11:08:55 web.1  |   [1m[35m (0.3ms)[0m  SELECT COUNT(*) FROM "personal_connections"  WHERE "personal_connections"."verb_id" = $1  [["verb_id", 843]]
11:08:55 web.1  |   [1m[36m (0.3ms)[0m  [1mSELECT COUNT(*) FROM "personal_connections"  WHERE "personal_connections"."verb_id" = $1[0m  [["verb_id", 1470]]
11:08:55 web.1  |   [1m[36m (0.3ms)[0m  [1mSELECT COUNT(*) FROM "personal_connections"  WHERE "personal_connections"."verb_id" = $1[0m  [["verb_id", 1128]]
11:08:55 web.1  |   [1m[35m (0.3ms)[0m  SELECT COUNT(*) FROM "personal_connections"  WHERE "personal_connections"."verb_id" = $1  [["verb_id", 1034]]
11:08:55 web.1  |   [1m[35m (0.3ms)[0m  SELECT COUNT(*) FROM "personal_connections"  WHERE "personal_connections"."verb_id" = $1  [["verb_id", 588]]
11:08:55 web.1  |   [1m[36m (0.3ms)[0m  [1mSELECT COUNT(*) FROM "personal_connections"  WHERE "personal_connections"."verb_id" = $1[0m  [["verb_id", 991]]
11:08:55 web.1  |   [1m[36m (0.3ms)[0m  [1mSELECT COUNT(*) FROM "personal_connections"  WHERE "personal_connections"."verb_id" = $1[0m  [["verb_id", 1110]]
11:08:55 web.1  |   [1m[35m (0.3ms)[0m  SELECT COUNT(*) FROM "personal_connections"  WHERE "personal_connections"."verb_id" = $1  [["verb_id", 957]]
11:08:55 web.1  |   [1m[35m (0.3ms)[0m  SELECT COUNT(*) FROM "personal_connections"  WHERE "personal_connections"."verb_id" = $1  [["verb_id", 1306]]
11:08:55 web.1  |   [1m[36m (0.2ms)[0m  [1mSELECT COUNT(*) FROM "personal_connections"  WHERE "personal_connections"."verb_id" = $1[0m  [["verb_id", 1450]]
11:08:55 web.1  |   [1m[36m (0.4ms)[0m  [1mSELECT COUNT(*) FROM "personal_connections"  WHERE "personal_connections"."verb_id" = $1[0m  [["verb_id", 254]]
11:08:55 web.1  |   [1m[35m (0.3ms)[0m  SELECT COUNT(*) FROM "personal_connections"  WHERE "personal_connections"."verb_id" = $1  [["verb_id", 669]]
11:08:55 web.1  |   [1m[35m (0.2ms)[0m  SELECT COUNT(*) FROM "personal_connections"  WHERE "personal_connections"."verb_id" = $1  [["verb_id", 990]]
11:08:55 web.1  |   [1m[36m (1.4ms)[0m  [1mSELECT COUNT(*) FROM "personal_connections"  WHERE "personal_connections"."verb_id" = $1[0m  [["verb_id", 1251]]
11:08:55 web.1  |   [1m[35m (0.4ms)[0m  SELECT COUNT(*) FROM "personal_connections"  WHERE "personal_connections"."verb_id" = $1  [["verb_id", 1175]]
11:08:55 web.1  |   [1m[36m (0.3ms)[0m  [1mSELECT COUNT(*) FROM "personal_connections"  WHERE "personal_connections"."verb_id" = $1[0m  [["verb_id", 1174]]
11:08:55 web.1  |   [1m[35m (0.3ms)[0m  SELECT COUNT(*) FROM "personal_connections"  WHERE "personal_connections"."verb_id" = $1  [["verb_id", 1433]]
11:08:55 web.1  |   [1m[36m (0.3ms)[0m  [1mSELECT COUNT(*) FROM "personal_connections"  WHERE "personal_connections"."verb_id" = $1[0m  [["verb_id", 137]]
11:08:55 web.1  |   [1m[35m (0.3ms)[0m  SELECT COUNT(*) FROM "personal_connections"  WHERE "personal_connections"."verb_id" = $1  [["verb_id", 722]]
11:08:55 web.1  |   [1m[36m (0.3ms)[0m  [1mSELECT COUNT(*) FROM "personal_connections"  WHERE "personal_connections"."verb_id" = $1[0m  [["verb_id", 975]]
11:08:55 web.1  |   [1m[35m (0.4ms)[0m  SELECT COUNT(*) FROM "personal_connections"  WHERE "personal_connections"."verb_id" = $1  [["verb_id", 873]]
11:08:55 web.1  |   [1m[36m (0.3ms)[0m  [1mSELECT COUNT(*) FROM "personal_connections"  WHERE "personal_connections"."verb_id" = $1[0m  [["verb_id", 536]]
11:08:55 web.1  |   [1m[35m (0.3ms)[0m  SELECT COUNT(*) FROM "personal_connections"  WHERE "personal_connections"."verb_id" = $1  [["verb_id", 1499]]
11:08:55 web.1  |   [1m[36m (0.3ms)[0m  [1mSELECT COUNT(*) FROM "personal_connections"  WHERE "personal_connections"."verb_id" = $1[0m  [["verb_id", 859]]
11:08:55 web.1  |   [1m[35m (0.3ms)[0m  SELECT COUNT(*) FROM "personal_connections"  WHERE "personal_connections"."verb_id" = $1  [["verb_id", 721]]
11:08:55 web.1  |   [1m[36m (0.3ms)[0m  [1mSELECT COUNT(*) FROM "personal_connections"  WHERE "personal_connections"."verb_id" = $1[0m  [["verb_id", 706]]
11:08:55 web.1  |   [1m[35m (0.3ms)[0m  SELECT COUNT(*) FROM "personal_connections"  WHERE "personal_connections"."verb_id" = $1  [["verb_id", 729]]
11:08:55 web.1  |   [1m[36m (0.3ms)[0m  [1mSELECT COUNT(*) FROM "personal_connections"  WHERE "personal_connections"."verb_id" = $1[0m  [["verb_id", 1536]]
11:08:55 web.1  |   [1m[35m (0.3ms)[0m  SELECT COUNT(*) FROM "personal_connections"  WHERE "personal_connections"."verb_id" = $1  [["verb_id", 514]]
11:08:55 web.1  |   [1m[36m (0.3ms)[0m  [1mSELECT COUNT(*) FROM "personal_connections"  WHERE "personal_connections"."verb_id" = $1[0m  [["verb_id", 1133]]
11:08:55 web.1  |   [1m[35m (0.3ms)[0m  SELECT COUNT(*) FROM "personal_connections"  WHERE "personal_connections"."verb_id" = $1  [["verb_id", 1177]]
11:08:55 web.1  |   [1m[36m (0.4ms)[0m  [1mSELECT COUNT(*) FROM "personal_connections"  WHERE "personal_connections"."verb_id" = $1[0m  [["verb_id", 1329]]
11:08:55 web.1  |   [1m[35m (0.4ms)[0m  SELECT COUNT(*) FROM "personal_connections"  WHERE "personal_connections"."verb_id" = $1  [["verb_id", 745]]
11:08:55 web.1  |   [1m[36m (125.3ms)[0m  [1mSELECT COUNT(*) FROM "personal_connections"  WHERE "personal_connections"."verb_id" = $1[0m  [["verb_id", 586]]
11:08:55 web.1  |   [1m[36m (0.3ms)[0m  [1mSELECT COUNT(*) FROM "personal_connections"  WHERE "personal_connections"."verb_id" = $1[0m  [["verb_id", 454]]
11:08:55 web.1  |   [1m[35m (0.3ms)[0m  SELECT COUNT(*) FROM "personal_connections"  WHERE "personal_connections"."verb_id" = $1  [["verb_id", 1471]]
11:08:55 web.1  |   [1m[35m (0.4ms)[0m  SELECT COUNT(*) FROM "personal_connections"  WHERE "personal_connections"."verb_id" = $1  [["verb_id", 592]]
11:08:55 web.1  |   [1m[36m (0.2ms)[0m  [1mSELECT COUNT(*) FROM "personal_connections"  WHERE "personal_connections"."verb_id" = $1[0m  [["verb_id", 698]]
11:08:55 web.1  |   [1m[35m (0.3ms)[0m  SELECT COUNT(*) FROM "personal_connections"  WHERE "personal_connections"."verb_id" = $1  [["verb_id", 1006]]
11:08:55 web.1  |   [1m[36m (0.3ms)[0m  [1mSELECT COUNT(*) FROM "personal_connections"  WHERE "personal_connections"."verb_id" = $1[0m  [["verb_id", 1130]]
11:08:55 web.1  |   [1m[36m (0.3ms)[0m  [1mSELECT COUNT(*) FROM "personal_connections"  WHERE "personal_connections"."verb_id" = $1[0m  [["verb_id", 843]]
11:08:55 web.1  |   [1m[35m (0.5ms)[0m  SELECT COUNT(*) FROM "personal_connections"  WHERE "personal_connections"."verb_id" = $1  [["verb_id", 70]]
11:08:55 web.1  |   [1m[35m (0.3ms)[0m  SELECT COUNT(*) FROM "personal_connections"  WHERE "personal_connections"."verb_id" = $1  [["verb_id", 1128]]
11:08:55 web.1  |   [1m[36m (0.3ms)[0m  [1mSELECT COUNT(*) FROM "personal_connections"  WHERE "personal_connections"."verb_id" = $1[0m  [["verb_id", 1374]]
11:08:55 web.1  |   [1m[36m (0.3ms)[0m  [1mSELECT COUNT(*) FROM "personal_connections"  WHERE "personal_connections"."verb_id" = $1[0m  [["verb_id", 588]]
11:08:55 web.1  |   [1m[35m (0.3ms)[0m  SELECT COUNT(*) FROM "personal_connections"  WHERE "personal_connections"."verb_id" = $1  [["verb_id", 1373]]
11:08:55 web.1  |   [1m[35m (0.3ms)[0m  SELECT COUNT(*) FROM "personal_connections"  WHERE "personal_connections"."verb_id" = $1  [["verb_id", 1110]]
11:08:55 web.1  |   [1m[36m (0.3ms)[0m  [1mSELECT COUNT(*) FROM "personal_connections"  WHERE "personal_connections"."verb_id" = $1[0m  [["verb_id", 1437]]
11:08:55 web.1  |   [1m[36m (0.3ms)[0m  [1mSELECT COUNT(*) FROM "personal_connections"  WHERE "personal_connections"."verb_id" = $1[0m  [["verb_id", 1306]]
11:08:55 web.1  |   [1m[35m (0.4ms)[0m  SELECT COUNT(*) FROM "personal_connections"  WHERE "personal_connections"."verb_id" = $1  [["verb_id", 1450]]
11:08:55 web.1  |   [1m[35m (0.3ms)[0m  SELECT COUNT(*) FROM "personal_connections"  WHERE "personal_connections"."verb_id" = $1  [["verb_id", 1046]]
11:08:55 web.1  |   [1m[36m (0.3ms)[0m  [1mSELECT COUNT(*) FROM "personal_connections"  WHERE "personal_connections"."verb_id" = $1[0m  [["verb_id", 669]]
11:08:55 web.1  |   [1m[36m (0.3ms)[0m  [1mSELECT COUNT(*) FROM "personal_connections"  WHERE "personal_connections"."verb_id" = $1[0m  [["verb_id", 852]]
11:08:55 web.1  |   [1m[35m (0.3ms)[0m  SELECT COUNT(*) FROM "personal_connections"  WHERE "personal_connections"."verb_id" = $1  [["verb_id", 1251]]
11:08:55 web.1  |   [1m[35m (0.3ms)[0m  SELECT COUNT(*) FROM "personal_connections"  WHERE "personal_connections"."verb_id" = $1  [["verb_id", 1550]]
11:08:55 web.1  |   [1m[36m (0.5ms)[0m  [1mSELECT COUNT(*) FROM "personal_connections"  WHERE "personal_connections"."verb_id" = $1[0m  [["verb_id", 1175]]
11:08:55 web.1  |   [1m[36m (0.3ms)[0m  [1mSELECT COUNT(*) FROM "personal_connections"  WHERE "personal_connections"."verb_id" = $1[0m  [["verb_id", 23]]
11:08:55 web.1  |   [1m[35m (0.3ms)[0m  SELECT COUNT(*) FROM "personal_connections"  WHERE "personal_connections"."verb_id" = $1  [["verb_id", 1174]]
11:08:55 web.1  |   [1m[35m (0.3ms)[0m  SELECT COUNT(*) FROM "personal_connections"  WHERE "personal_connections"."verb_id" = $1  [["verb_id", 412]]
11:08:55 web.1  |   [1m[36m (0.3ms)[0m  [1mSELECT COUNT(*) FROM "personal_connections"  WHERE "personal_connections"."verb_id" = $1[0m  [["verb_id", 1433]]
11:08:55 web.1  |   [1m[36m (0.3ms)[0m  [1mSELECT COUNT(*) FROM "personal_connections"  WHERE "personal_connections"."verb_id" = $1[0m  [["verb_id", 1071]]
11:08:55 web.1  |   [1m[35m (0.3ms)[0m  SELECT COUNT(*) FROM "personal_connections"  WHERE "personal_connections"."verb_id" = $1  [["verb_id", 137]]
11:08:55 web.1  |   [1m[35m (0.3ms)[0m  SELECT COUNT(*) FROM "personal_connections"  WHERE "personal_connections"."verb_id" = $1  [["verb_id", 1180]]
11:08:55 web.1  |   [1m[36m (0.3ms)[0m  [1mSELECT COUNT(*) FROM "personal_connections"  WHERE "personal_connections"."verb_id" = $1[0m  [["verb_id", 722]]
11:08:55 web.1  |   [1m[36m (0.2ms)[0m  [1mSELECT COUNT(*) FROM "personal_connections"  WHERE "personal_connections"."verb_id" = $1[0m  [["verb_id", 1544]]
11:08:55 web.1  |   [1m[35m (0.4ms)[0m  SELECT COUNT(*) FROM "personal_connections"  WHERE "personal_connections"."verb_id" = $1  [["verb_id", 975]]
11:08:55 web.1  |   [1m[36m (0.4ms)[0m  [1mSELECT COUNT(*) FROM "personal_connections"  WHERE "personal_connections"."verb_id" = $1[0m  [["verb_id", 873]]
11:08:55 web.1  |   [1m[35m (0.2ms)[0m  SELECT COUNT(*) FROM "personal_connections"  WHERE "personal_connections"."verb_id" = $1  [["verb_id", 1331]]
11:08:55 web.1  |   [1m[35m (0.3ms)[0m  SELECT COUNT(*) FROM "personal_connections"  WHERE "personal_connections"."verb_id" = $1  [["verb_id", 536]]
11:08:55 web.1  |   [1m[36m (0.4ms)[0m  [1mSELECT COUNT(*) FROM "personal_connections"  WHERE "personal_connections"."verb_id" = $1[0m  [["verb_id", 1499]]
11:08:55 web.1  |   [1m[36m (0.3ms)[0m  [1mSELECT COUNT(*) FROM "personal_connections"  WHERE "personal_connections"."verb_id" = $1[0m  [["verb_id", 346]]
11:08:55 web.1  |   [1m[35m (0.4ms)[0m  SELECT COUNT(*) FROM "personal_connections"  WHERE "personal_connections"."verb_id" = $1  [["verb_id", 859]]
11:08:55 web.1  |   [1m[35m (0.3ms)[0m  SELECT COUNT(*) FROM "personal_connections"  WHERE "personal_connections"."verb_id" = $1  [["verb_id", 348]]
11:08:55 web.1  |   [1m[36m (0.3ms)[0m  [1mSELECT COUNT(*) FROM "personal_connections"  WHERE "personal_connections"."verb_id" = $1[0m  [["verb_id", 721]]
11:08:55 web.1  |   [1m[36m (0.4ms)[0m  [1mSELECT COUNT(*) FROM "personal_connections"  WHERE "personal_connections"."verb_id" = $1[0m  [["verb_id", 1487]]
11:08:55 web.1  |   [1m[35m (0.3ms)[0m  SELECT COUNT(*) FROM "personal_connections"  WHERE "personal_connections"."verb_id" = $1  [["verb_id", 706]]
11:08:55 web.1  |   [1m[36m (0.4ms)[0m  [1mSELECT COUNT(*) FROM "personal_connections"  WHERE "personal_connections"."verb_id" = $1[0m  [["verb_id", 729]]
11:08:55 web.1  |   [1m[35m (0.3ms)[0m  SELECT COUNT(*) FROM "personal_connections"  WHERE "personal_connections"."verb_id" = $1  [["verb_id", 1536]]
11:08:55 web.1  |   [1m[35m (0.3ms)[0m  SELECT COUNT(*) FROM "personal_connections"  WHERE "personal_connections"."verb_id" = $1  [["verb_id", 1523]]
11:08:55 web.1  |   [1m[36m (0.3ms)[0m  [1mSELECT COUNT(*) FROM "personal_connections"  WHERE "personal_connections"."verb_id" = $1[0m  [["verb_id", 1083]]
11:08:55 web.1  |   [1m[35m (0.3ms)[0m  SELECT COUNT(*) FROM "personal_connections"  WHERE "personal_connections"."verb_id" = $1  [["verb_id", 14]]
11:08:55 web.1  |   [1m[36m (0.2ms)[0m  [1mSELECT COUNT(*) FROM "personal_connections"  WHERE "personal_connections"."verb_id" = $1[0m  [["verb_id", 514]]
11:08:55 web.1  |   [1m[35m (0.3ms)[0m  SELECT COUNT(*) FROM "personal_connections"  WHERE "personal_connections"."verb_id" = $1  [["verb_id", 1133]]
11:08:55 web.1  |   [1m[36m (0.6ms)[0m  [1mSELECT COUNT(*) FROM "personal_connections"  WHERE "personal_connections"."verb_id" = $1[0m  [["verb_id", 1301]]
11:08:55 web.1  |   [1m[35m (0.4ms)[0m  SELECT COUNT(*) FROM "personal_connections"  WHERE "personal_connections"."verb_id" = $1  [["verb_id", 246]]
11:08:55 web.1  |   [1m[36m (0.2ms)[0m  [1mSELECT COUNT(*) FROM "personal_connections"  WHERE "personal_connections"."verb_id" = $1[0m  [["verb_id", 1177]]
11:08:55 web.1  |   [1m[36m (0.3ms)[0m  [1mSELECT COUNT(*) FROM "personal_connections"  WHERE "personal_connections"."verb_id" = $1[0m  [["verb_id", 709]]
11:08:55 web.1  |   [1m[35m (0.2ms)[0m  SELECT COUNT(*) FROM "personal_connections"  WHERE "personal_connections"."verb_id" = $1  [["verb_id", 1329]]
11:08:55 web.1  |   [1m[36m (0.3ms)[0m  [1mSELECT COUNT(*) FROM "personal_connections"  WHERE "personal_connections"."verb_id" = $1[0m  [["verb_id", 745]]
11:08:55 web.1  |   [1m[35m (0.3ms)[0m  SELECT COUNT(*) FROM "personal_connections"  WHERE "personal_connections"."verb_id" = $1  [["verb_id", 862]]
11:08:55 web.1  |   [1m[35m (0.3ms)[0m  SELECT COUNT(*) FROM "personal_connections"  WHERE "personal_connections"."verb_id" = $1  [["verb_id", 454]]
11:08:55 web.1  |   [1m[36m (0.2ms)[0m  [1mSELECT COUNT(*) FROM "personal_connections"  WHERE "personal_connections"."verb_id" = $1[0m  [["verb_id", 276]]
11:08:55 web.1  |   [1m[36m (0.4ms)[0m  [1mSELECT COUNT(*) FROM "personal_connections"  WHERE "personal_connections"."verb_id" = $1[0m  [["verb_id", 592]]
11:08:55 web.1  |   [1m[35m (0.2ms)[0m  SELECT COUNT(*) FROM "personal_connections"  WHERE "personal_connections"."verb_id" = $1  [["verb_id", 949]]
11:08:55 web.1  |   [1m[35m (0.3ms)[0m  SELECT COUNT(*) FROM "personal_connections"  WHERE "personal_connections"."verb_id" = $1  [["verb_id", 1130]]
11:08:55 web.1  |   [1m[36m (0.4ms)[0m  [1mSELECT COUNT(*) FROM "personal_connections"  WHERE "personal_connections"."verb_id" = $1[0m  [["verb_id", 193]]
11:08:55 web.1  |   [1m[36m (0.4ms)[0m  [1mSELECT COUNT(*) FROM "personal_connections"  WHERE "personal_connections"."verb_id" = $1[0m  [["verb_id", 70]]
11:08:55 web.1  |   [1m[35m (0.3ms)[0m  SELECT COUNT(*) FROM "personal_connections"  WHERE "personal_connections"."verb_id" = $1  [["verb_id", 1248]]
11:08:55 web.1  |   [1m[35m (0.6ms)[0m  SELECT COUNT(*) FROM "personal_connections"  WHERE "personal_connections"."verb_id" = $1  [["verb_id", 1374]]
11:08:55 web.1  |   [1m[36m (0.5ms)[0m  [1mSELECT COUNT(*) FROM "personal_connections"  WHERE "personal_connections"."verb_id" = $1[0m  [["verb_id", 734]]
11:08:55 web.1  |   [1m[36m (0.3ms)[0m  [1mSELECT COUNT(*) FROM "personal_connections"  WHERE "personal_connections"."verb_id" = $1[0m  [["verb_id", 1373]]
11:08:55 web.1  |   [1m[35m (0.4ms)[0m  SELECT COUNT(*) FROM "personal_connections"  WHERE "personal_connections"."verb_id" = $1  [["verb_id", 1437]]
11:08:55 web.1  |   [1m[36m (0.3ms)[0m  [1mSELECT COUNT(*) FROM "personal_connections"  WHERE "personal_connections"."verb_id" = $1[0m  [["verb_id", 1046]]
11:08:55 web.1  |   [1m[35m (0.3ms)[0m  SELECT COUNT(*) FROM "personal_connections"  WHERE "personal_connections"."verb_id" = $1  [["verb_id", 913]]
11:08:55 web.1  |   [1m[35m (0.3ms)[0m  SELECT COUNT(*) FROM "personal_connections"  WHERE "personal_connections"."verb_id" = $1  [["verb_id", 852]]
11:08:55 web.1  |   [1m[36m (0.3ms)[0m  [1mSELECT COUNT(*) FROM "personal_connections"  WHERE "personal_connections"."verb_id" = $1[0m  [["verb_id", 1571]]
11:08:55 web.1  |   [1m[36m (0.3ms)[0m  [1mSELECT COUNT(*) FROM "personal_connections"  WHERE "personal_connections"."verb_id" = $1[0m  [["verb_id", 1550]]
11:08:55 web.1  |   [1m[35m (0.3ms)[0m  SELECT COUNT(*) FROM "personal_connections"  WHERE "personal_connections"."verb_id" = $1  [["verb_id", 700]]
11:08:55 web.1  |   [1m[35m (0.3ms)[0m  SELECT COUNT(*) FROM "personal_connections"  WHERE "personal_connections"."verb_id" = $1  [["verb_id", 23]]
11:08:55 web.1  |   [1m[36m (0.3ms)[0m  [1mSELECT COUNT(*) FROM "personal_connections"  WHERE "personal_connections"."verb_id" = $1[0m  [["verb_id", 950]]
11:08:55 web.1  |   [1m[36m (0.3ms)[0m  [1mSELECT COUNT(*) FROM "personal_connections"  WHERE "personal_connections"."verb_id" = $1[0m  [["verb_id", 412]]
11:08:55 web.1  |   [1m[35m (0.4ms)[0m  SELECT COUNT(*) FROM "personal_connections"  WHERE "personal_connections"."verb_id" = $1  [["verb_id", 1398]]
11:08:55 web.1  |   [1m[35m (0.3ms)[0m  SELECT COUNT(*) FROM "personal_connections"  WHERE "personal_connections"."verb_id" = $1  [["verb_id", 1071]]
11:08:55 web.1  |   [1m[36m (0.3ms)[0m  [1mSELECT COUNT(*) FROM "personal_connections"  WHERE "personal_connections"."verb_id" = $1[0m  [["verb_id", 472]]
11:08:55 web.1  |   [1m[36m (0.2ms)[0m  [1mSELECT COUNT(*) FROM "personal_connections"  WHERE "personal_connections"."verb_id" = $1[0m  [["verb_id", 1180]]
11:08:55 web.1  |   [1m[35m (0.3ms)[0m  SELECT COUNT(*) FROM "personal_connections"  WHERE "personal_connections"."verb_id" = $1  [["verb_id", 1544]]
11:08:55 web.1  |   [1m[35m (0.2ms)[0m  SELECT COUNT(*) FROM "personal_connections"  WHERE "personal_connections"."verb_id" = $1  [["verb_id", 1519]]
11:08:55 web.1  |   [1m[36m (0.3ms)[0m  [1mSELECT COUNT(*) FROM "personal_connections"  WHERE "personal_connections"."verb_id" = $1[0m  [["verb_id", 1331]]
11:08:55 web.1  |   [1m[36m (0.3ms)[0m  [1mSELECT COUNT(*) FROM "personal_connections"  WHERE "personal_connections"."verb_id" = $1[0m  [["verb_id", 699]]
11:08:55 web.1  |   [1m[35m (0.3ms)[0m  SELECT COUNT(*) FROM "personal_connections"  WHERE "personal_connections"."verb_id" = $1  [["verb_id", 346]]
11:08:55 web.1  |   [1m[35m (0.3ms)[0m  SELECT COUNT(*) FROM "personal_connections"  WHERE "personal_connections"."verb_id" = $1  [["verb_id", 976]]
11:08:55 web.1  |   [1m[36m (0.4ms)[0m  [1mSELECT COUNT(*) FROM "personal_connections"  WHERE "personal_connections"."verb_id" = $1[0m  [["verb_id", 348]]
11:08:55 web.1  |   [1m[36m (0.3ms)[0m  [1mSELECT COUNT(*) FROM "personal_connections"  WHERE "personal_connections"."verb_id" = $1[0m  [["verb_id", 1207]]
11:08:55 web.1  |   [1m[35m (0.3ms)[0m  SELECT COUNT(*) FROM "personal_connections"  WHERE "personal_connections"."verb_id" = $1  [["verb_id", 1291]]
11:08:55 web.1  |   [1m[36m (0.4ms)[0m  [1mSELECT COUNT(*) FROM "personal_connections"  WHERE "personal_connections"."verb_id" = $1[0m  [["verb_id", 863]]
11:08:55 web.1  |   [1m[35m (0.4ms)[0m  SELECT COUNT(*) FROM "personal_connections"  WHERE "personal_connections"."verb_id" = $1  [["verb_id", 1487]]
11:08:55 web.1  |   [1m[35m (0.3ms)[0m  SELECT COUNT(*) FROM "personal_connections"  WHERE "personal_connections"."verb_id" = $1  [["verb_id", 1368]]
11:08:55 web.1  |   [1m[36m (0.3ms)[0m  [1mSELECT COUNT(*) FROM "personal_connections"  WHERE "personal_connections"."verb_id" = $1[0m  [["verb_id", 1523]]
11:08:55 web.1  |   [1m[36m (0.3ms)[0m  [1mSELECT COUNT(*) FROM "personal_connections"  WHERE "personal_connections"."verb_id" = $1[0m  [["verb_id", 516]]
11:08:55 web.1  |   [1m[35m (0.3ms)[0m  SELECT COUNT(*) FROM "personal_connections"  WHERE "personal_connections"."verb_id" = $1  [["verb_id", 1083]]
11:08:55 web.1  |   [1m[35m (0.3ms)[0m  SELECT COUNT(*) FROM "personal_connections"  WHERE "personal_connections"."verb_id" = $1  [["verb_id", 969]]
11:08:55 web.1  |   [1m[36m (0.4ms)[0m  [1mSELECT COUNT(*) FROM "personal_connections"  WHERE "personal_connections"."verb_id" = $1[0m  [["verb_id", 14]]
11:08:55 web.1  |   [1m[36m (0.4ms)[0m  [1mSELECT COUNT(*) FROM "personal_connections"  WHERE "personal_connections"."verb_id" = $1[0m  [["verb_id", 883]]
11:08:55 web.1  |   [1m[35m (0.3ms)[0m  SELECT COUNT(*) FROM "personal_connections"  WHERE "personal_connections"."verb_id" = $1  [["verb_id", 1301]]
11:08:55 web.1  |   [1m[35m (0.3ms)[0m  SELECT COUNT(*) FROM "personal_connections"  WHERE "personal_connections"."verb_id" = $1  [["verb_id", 1168]]
11:08:55 web.1  |   [1m[36m (0.3ms)[0m  [1mSELECT COUNT(*) FROM "personal_connections"  WHERE "personal_connections"."verb_id" = $1[0m  [["verb_id", 246]]
11:08:55 web.1  |   [1m[36m (0.3ms)[0m  [1mSELECT COUNT(*) FROM "personal_connections"  WHERE "personal_connections"."verb_id" = $1[0m  [["verb_id", 782]]
11:08:55 web.1  |   [1m[35m (0.3ms)[0m  SELECT COUNT(*) FROM "personal_connections"  WHERE "personal_connections"."verb_id" = $1  [["verb_id", 709]]
11:08:55 web.1  |   [1m[35m (0.3ms)[0m  SELECT COUNT(*) FROM "personal_connections"  WHERE "personal_connections"."verb_id" = $1  [["verb_id", 1588]]
11:08:55 web.1  |   [1m[36m (0.4ms)[0m  [1mSELECT COUNT(*) FROM "personal_connections"  WHERE "personal_connections"."verb_id" = $1[0m  [["verb_id", 862]]
11:08:55 web.1  |   [1m[36m (0.4ms)[0m  [1mSELECT COUNT(*) FROM "personal_connections"  WHERE "personal_connections"."verb_id" = $1[0m  [["verb_id", 740]]
11:08:55 web.1  |   [1m[35m (0.4ms)[0m  SELECT COUNT(*) FROM "personal_connections"  WHERE "personal_connections"."verb_id" = $1  [["verb_id", 276]]
11:08:55 web.1  |   [1m[35m (0.3ms)[0m  SELECT COUNT(*) FROM "personal_connections"  WHERE "personal_connections"."verb_id" = $1  [["verb_id", 1074]]
11:08:55 web.1  |   [1m[36m (0.3ms)[0m  [1mSELECT COUNT(*) FROM "personal_connections"  WHERE "personal_connections"."verb_id" = $1[0m  [["verb_id", 949]]
11:08:55 web.1  |   [1m[36m (0.3ms)[0m  [1mSELECT COUNT(*) FROM "personal_connections"  WHERE "personal_connections"."verb_id" = $1[0m  [["verb_id", 624]]
11:08:55 web.1  |   [1m[35m (0.4ms)[0m  SELECT COUNT(*) FROM "personal_connections"  WHERE "personal_connections"."verb_id" = $1  [["verb_id", 193]]
11:08:55 web.1  |   [1m[35m (0.3ms)[0m  SELECT COUNT(*) FROM "personal_connections"  WHERE "personal_connections"."verb_id" = $1  [["verb_id", 989]]
11:08:55 web.1  |   [1m[36m (0.3ms)[0m  [1mSELECT COUNT(*) FROM "personal_connections"  WHERE "personal_connections"."verb_id" = $1[0m  [["verb_id", 1248]]
11:08:55 web.1  |   [1m[36m (0.3ms)[0m  [1mSELECT COUNT(*) FROM "personal_connections"  WHERE "personal_connections"."verb_id" = $1[0m  [["verb_id", 1548]]
11:08:55 web.1  |   [1m[35m (0.4ms)[0m  SELECT COUNT(*) FROM "personal_connections"  WHERE "personal_connections"."verb_id" = $1  [["verb_id", 44]]
11:08:55 web.1  |   [1m[35m (0.3ms)[0m  SELECT COUNT(*) FROM "personal_connections"  WHERE "personal_connections"."verb_id" = $1  [["verb_id", 734]]
11:08:55 web.1  |   [1m[36m (0.3ms)[0m  [1mSELECT COUNT(*) FROM "personal_connections"  WHERE "personal_connections"."verb_id" = $1[0m  [["verb_id", 1260]]
11:08:55 web.1  |   [1m[36m (0.5ms)[0m  [1mSELECT COUNT(*) FROM "personal_connections"  WHERE "personal_connections"."verb_id" = $1[0m  [["verb_id", 913]]
11:08:55 web.1  |   [1m[35m (0.3ms)[0m  SELECT COUNT(*) FROM "personal_connections"  WHERE "personal_connections"."verb_id" = $1  [["verb_id", 1358]]
11:08:55 web.1  |   [1m[35m (0.3ms)[0m  SELECT COUNT(*) FROM "personal_connections"  WHERE "personal_connections"."verb_id" = $1  [["verb_id", 1571]]
11:08:55 web.1  |   [1m[36m (0.3ms)[0m  [1mSELECT COUNT(*) FROM "personal_connections"  WHERE "personal_connections"."verb_id" = $1[0m  [["verb_id", 1021]]
11:08:55 web.1  |   [1m[36m (0.3ms)[0m  [1mSELECT COUNT(*) FROM "personal_connections"  WHERE "personal_connections"."verb_id" = $1[0m  [["verb_id", 700]]
11:08:55 web.1  |   [1m[35m (0.3ms)[0m  SELECT COUNT(*) FROM "personal_connections"  WHERE "personal_connections"."verb_id" = $1  [["verb_id", 268]]
11:08:55 web.1  |   [1m[35m (0.3ms)[0m  SELECT COUNT(*) FROM "personal_connections"  WHERE "personal_connections"."verb_id" = $1  [["verb_id", 950]]
11:08:55 web.1  |   [1m[36m (0.2ms)[0m  [1mSELECT COUNT(*) FROM "personal_connections"  WHERE "personal_connections"."verb_id" = $1[0m  [["verb_id", 983]]
11:08:55 web.1  |   [1m[35m (0.3ms)[0m  SELECT COUNT(*) FROM "personal_connections"  WHERE "personal_connections"."verb_id" = $1  [["verb_id", 796]]
11:08:55 web.1  |   [1m[36m (0.2ms)[0m  [1mSELECT COUNT(*) FROM "personal_connections"  WHERE "personal_connections"."verb_id" = $1[0m  [["verb_id", 1398]]
11:08:55 web.1  |   [1m[36m (0.3ms)[0m  [1mSELECT COUNT(*) FROM "personal_connections"  WHERE "personal_connections"."verb_id" = $1[0m  [["verb_id", 1401]]
11:08:55 web.1  |   [1m[35m (0.2ms)[0m  SELECT COUNT(*) FROM "personal_connections"  WHERE "personal_connections"."verb_id" = $1  [["verb_id", 472]]
11:08:55 web.1  |   [1m[35m (0.3ms)[0m  SELECT COUNT(*) FROM "personal_connections"  WHERE "personal_connections"."verb_id" = $1  [["verb_id", 1203]]
11:08:55 web.1  |   [1m[36m (0.3ms)[0m  [1mSELECT COUNT(*) FROM "personal_connections"  WHERE "personal_connections"."verb_id" = $1[0m  [["verb_id", 1519]]
11:08:55 web.1  |   [1m[36m (0.3ms)[0m  [1mSELECT COUNT(*) FROM "personal_connections"  WHERE "personal_connections"."verb_id" = $1[0m  [["verb_id", 774]]
11:08:55 web.1  |   [1m[35m (0.3ms)[0m  SELECT COUNT(*) FROM "personal_connections"  WHERE "personal_connections"."verb_id" = $1  [["verb_id", 699]]
11:08:55 web.1  |   [1m[35m (0.3ms)[0m  SELECT COUNT(*) FROM "personal_connections"  WHERE "personal_connections"."verb_id" = $1  [["verb_id", 1011]]
11:08:55 web.1  |   [1m[36m (0.3ms)[0m  [1mSELECT COUNT(*) FROM "personal_connections"  WHERE "personal_connections"."verb_id" = $1[0m  [["verb_id", 976]]
11:08:55 web.1  |   [1m[36m (0.3ms)[0m  [1mSELECT COUNT(*) FROM "personal_connections"  WHERE "personal_connections"."verb_id" = $1[0m  [["verb_id", 712]]
11:08:55 web.1  |   [1m[35m (0.3ms)[0m  SELECT COUNT(*) FROM "personal_connections"  WHERE "personal_connections"."verb_id" = $1  [["verb_id", 1207]]
11:08:55 web.1  |   [1m[35m (0.3ms)[0m  SELECT COUNT(*) FROM "personal_connections"  WHERE "personal_connections"."verb_id" = $1  [["verb_id", 328]]
11:08:55 web.1  |   [1m[36m (0.9ms)[0m  [1mSELECT COUNT(*) FROM "personal_connections"  WHERE "personal_connections"."verb_id" = $1[0m  [["verb_id", 1291]]
11:08:55 web.1  |   [1m[36m (0.3ms)[0m  [1mSELECT COUNT(*) FROM "personal_connections"  WHERE "personal_connections"."verb_id" = $1[0m  [["verb_id", 733]]
11:08:55 web.1  |   [1m[35m (0.3ms)[0m  SELECT COUNT(*) FROM "personal_connections"  WHERE "personal_connections"."verb_id" = $1  [["verb_id", 863]]
11:08:55 web.1  |   [1m[35m (0.2ms)[0m  SELECT COUNT(*) FROM "personal_connections"  WHERE "personal_connections"."verb_id" = $1  [["verb_id", 1003]]
11:08:55 web.1  |   [1m[36m (0.2ms)[0m  [1mSELECT COUNT(*) FROM "personal_connections"  WHERE "personal_connections"."verb_id" = $1[0m  [["verb_id", 1508]]
11:08:55 web.1  |   [1m[36m (0.4ms)[0m  [1mSELECT COUNT(*) FROM "personal_connections"  WHERE "personal_connections"."verb_id" = $1[0m  [["verb_id", 1368]]
11:08:55 web.1  |   [1m[35m (0.3ms)[0m  SELECT COUNT(*) FROM "personal_connections"  WHERE "personal_connections"."verb_id" = $1  [["verb_id", 252]]
11:08:55 web.1  |   [1m[35m (0.5ms)[0m  SELECT COUNT(*) FROM "personal_connections"  WHERE "personal_connections"."verb_id" = $1  [["verb_id", 516]]
11:08:55 web.1  |   [1m[36m (0.3ms)[0m  [1mSELECT COUNT(*) FROM "personal_connections"  WHERE "personal_connections"."verb_id" = $1[0m  [["verb_id", 1127]]
11:08:55 web.1  |   [1m[36m (0.5ms)[0m  [1mSELECT COUNT(*) FROM "personal_connections"  WHERE "personal_connections"."verb_id" = $1[0m  [["verb_id", 969]]
11:08:55 web.1  |   [1m[35m (0.3ms)[0m  SELECT COUNT(*) FROM "personal_connections"  WHERE "personal_connections"."verb_id" = $1  [["verb_id", 1241]]
11:08:55 web.1  |   [1m[35m (0.3ms)[0m  SELECT COUNT(*) FROM "personal_connections"  WHERE "personal_connections"."verb_id" = $1  [["verb_id", 883]]
11:08:55 web.1  |   [1m[36m (0.3ms)[0m  [1mSELECT COUNT(*) FROM "personal_connections"  WHERE "personal_connections"."verb_id" = $1[0m  [["verb_id", 1578]]
11:08:55 web.1  |   [1m[36m (0.4ms)[0m  [1mSELECT COUNT(*) FROM "personal_connections"  WHERE "personal_connections"."verb_id" = $1[0m  [["verb_id", 1168]]
11:08:55 web.1  |   [1m[35m (0.3ms)[0m  SELECT COUNT(*) FROM "personal_connections"  WHERE "personal_connections"."verb_id" = $1  [["verb_id", 1452]]
11:08:55 web.1  |   [1m[35m (0.5ms)[0m  SELECT COUNT(*) FROM "personal_connections"  WHERE "personal_connections"."verb_id" = $1  [["verb_id", 782]]
11:08:55 web.1  |   [1m[36m (0.3ms)[0m  [1mSELECT COUNT(*) FROM "personal_connections"  WHERE "personal_connections"."verb_id" = $1[0m  [["verb_id", 1051]]
11:08:55 web.1  |   [1m[36m (0.3ms)[0m  [1mSELECT COUNT(*) FROM "personal_connections"  WHERE "personal_connections"."verb_id" = $1[0m  [["verb_id", 1588]]
11:08:55 web.1  |   [1m[35m (0.3ms)[0m  SELECT COUNT(*) FROM "personal_connections"  WHERE "personal_connections"."verb_id" = $1  [["verb_id", 660]]
11:08:55 web.1  |   [1m[35m (0.5ms)[0m  SELECT COUNT(*) FROM "personal_connections"  WHERE "personal_connections"."verb_id" = $1  [["verb_id", 740]]
11:08:55 web.1  |   [1m[36m (0.3ms)[0m  [1mSELECT COUNT(*) FROM "personal_connections"  WHERE "personal_connections"."verb_id" = $1[0m  [["verb_id", 664]]
11:08:55 web.1  |   [1m[36m (0.3ms)[0m  [1mSELECT COUNT(*) FROM "personal_connections"  WHERE "personal_connections"."verb_id" = $1[0m  [["verb_id", 1074]]
11:08:55 web.1  |   [1m[35m (0.4ms)[0m  SELECT COUNT(*) FROM "personal_connections"  WHERE "personal_connections"."verb_id" = $1  [["verb_id", 1184]]
11:08:55 web.1  |   [1m[35m (0.3ms)[0m  SELECT COUNT(*) FROM "personal_connections"  WHERE "personal_connections"."verb_id" = $1  [["verb_id", 624]]
11:08:55 web.1  |   [1m[36m (0.3ms)[0m  [1mSELECT COUNT(*) FROM "personal_connections"  WHERE "personal_connections"."verb_id" = $1[0m  [["verb_id", 837]]
11:08:55 web.1  |   [1m[36m (0.5ms)[0m  [1mSELECT COUNT(*) FROM "personal_connections"  WHERE "personal_connections"."verb_id" = $1[0m  [["verb_id", 989]]
11:08:55 web.1  |   [1m[35m (0.4ms)[0m  SELECT COUNT(*) FROM "personal_connections"  WHERE "personal_connections"."verb_id" = $1  [["verb_id", 1244]]
11:08:55 web.1  |   [1m[35m (0.5ms)[0m  SELECT COUNT(*) FROM "personal_connections"  WHERE "personal_connections"."verb_id" = $1  [["verb_id", 1548]]
11:08:55 web.1  |   [1m[36m (0.3ms)[0m  [1mSELECT COUNT(*) FROM "personal_connections"  WHERE "personal_connections"."verb_id" = $1[0m  [["verb_id", 1527]]
11:08:55 web.1  |   [1m[35m (0.5ms)[0m  SELECT COUNT(*) FROM "personal_connections"  WHERE "personal_connections"."verb_id" = $1  [["verb_id", 997]]
11:08:55 web.1  |   [1m[36m (0.5ms)[0m  [1mSELECT COUNT(*) FROM "personal_connections"  WHERE "personal_connections"."verb_id" = $1[0m  [["verb_id", 44]]
11:08:55 web.1  |   [1m[36m (0.8ms)[0m  [1mSELECT COUNT(*) FROM "personal_connections"  WHERE "personal_connections"."verb_id" = $1[0m  [["verb_id", 974]]
11:08:55 web.1  |   [1m[35m (0.5ms)[0m  SELECT COUNT(*) FROM "personal_connections"  WHERE "personal_connections"."verb_id" = $1  [["verb_id", 1260]]
11:08:55 web.1  |   [1m[35m (0.6ms)[0m  SELECT COUNT(*) FROM "personal_connections"  WHERE "personal_connections"."verb_id" = $1  [["verb_id", 1085]]
11:08:55 web.1  |   [1m[36m (0.3ms)[0m  [1mSELECT COUNT(*) FROM "personal_connections"  WHERE "personal_connections"."verb_id" = $1[0m  [["verb_id", 1358]]
11:08:55 web.1  |   [1m[35m (0.4ms)[0m  SELECT COUNT(*) FROM "personal_connections"  WHERE "personal_connections"."verb_id" = $1  [["verb_id", 1021]]
11:08:55 web.1  |   [1m[36m (0.5ms)[0m  [1mSELECT COUNT(*) FROM "personal_connections"  WHERE "personal_connections"."verb_id" = $1[0m  [["verb_id", 268]]
11:08:55 web.1  |   [1m[36m (0.3ms)[0m  [1mSELECT COUNT(*) FROM "personal_connections"  WHERE "personal_connections"."verb_id" = $1[0m  [["verb_id", 260]]
11:08:55 web.1  |   [1m[35m (0.3ms)[0m  SELECT COUNT(*) FROM "personal_connections"  WHERE "personal_connections"."verb_id" = $1  [["verb_id", 983]]
11:08:55 web.1  |   [1m[35m (0.3ms)[0m  SELECT COUNT(*) FROM "personal_connections"  WHERE "personal_connections"."verb_id" = $1  [["verb_id", 1078]]
11:08:55 web.1  |   [1m[36m (0.3ms)[0m  [1mSELECT COUNT(*) FROM "personal_connections"  WHERE "personal_connections"."verb_id" = $1[0m  [["verb_id", 796]]
11:08:55 web.1  |   [1m[36m (0.2ms)[0m  [1mSELECT COUNT(*) FROM "personal_connections"  WHERE "personal_connections"."verb_id" = $1[0m  [["verb_id", 1187]]
11:08:55 web.1  |   [1m[35m (0.4ms)[0m  SELECT COUNT(*) FROM "personal_connections"  WHERE "personal_connections"."verb_id" = $1  [["verb_id", 189]]
11:08:55 web.1  |   [1m[35m (0.4ms)[0m  SELECT COUNT(*) FROM "personal_connections"  WHERE "personal_connections"."verb_id" = $1  [["verb_id", 1401]]
11:08:55 web.1  |   [1m[36m (0.3ms)[0m  [1mSELECT COUNT(*) FROM "personal_connections"  WHERE "personal_connections"."verb_id" = $1[0m  [["verb_id", 1419]]
11:08:55 web.1  |   [1m[36m (0.2ms)[0m  [1mSELECT COUNT(*) FROM "personal_connections"  WHERE "personal_connections"."verb_id" = $1[0m  [["verb_id", 1203]]
11:08:55 web.1  |   [1m[35m (0.3ms)[0m  SELECT COUNT(*) FROM "personal_connections"  WHERE "personal_connections"."verb_id" = $1  [["verb_id", 1511]]
11:08:55 web.1  |   [1m[35m (0.3ms)[0m  SELECT COUNT(*) FROM "personal_connections"  WHERE "personal_connections"."verb_id" = $1  [["verb_id", 774]]
11:08:55 web.1  |   [1m[36m (0.3ms)[0m  [1mSELECT COUNT(*) FROM "personal_connections"  WHERE "personal_connections"."verb_id" = $1[0m  [["verb_id", 875]]
11:08:55 web.1  |   [1m[36m (0.2ms)[0m  [1mSELECT COUNT(*) FROM "personal_connections"  WHERE "personal_connections"."verb_id" = $1[0m  [["verb_id", 1011]]
11:08:55 web.1  |   [1m[35m (0.3ms)[0m  SELECT COUNT(*) FROM "personal_connections"  WHERE "personal_connections"."verb_id" = $1  [["verb_id", 616]]
11:08:55 web.1  |   [1m[35m (0.5ms)[0m  SELECT COUNT(*) FROM "personal_connections"  WHERE "personal_connections"."verb_id" = $1  [["verb_id", 712]]
11:08:55 web.1  |   [1m[36m (0.3ms)[0m  [1mSELECT COUNT(*) FROM "personal_connections"  WHERE "personal_connections"."verb_id" = $1[0m  [["verb_id", 328]]
11:08:55 web.1  |   [1m[36m (0.2ms)[0m  [1mSELECT COUNT(*) FROM "personal_connections"  WHERE "personal_connections"."verb_id" = $1[0m  [["verb_id", 1080]]
11:08:55 web.1  |   [1m[35m (0.3ms)[0m  SELECT COUNT(*) FROM "personal_connections"  WHERE "personal_connections"."verb_id" = $1  [["verb_id", 733]]
11:08:55 web.1  |   [1m[35m (0.2ms)[0m  SELECT COUNT(*) FROM "personal_connections"  WHERE "personal_connections"."verb_id" = $1  [["verb_id", 1079]]
11:08:55 web.1  |   [1m[36m (0.3ms)[0m  [1mSELECT COUNT(*) FROM "personal_connections"  WHERE "personal_connections"."verb_id" = $1[0m  [["verb_id", 1395]]
11:08:55 web.1  |   [1m[36m (0.3ms)[0m  [1mSELECT COUNT(*) FROM "personal_connections"  WHERE "personal_connections"."verb_id" = $1[0m  [["verb_id", 1003]]
11:08:55 web.1  |   [1m[35m (0.3ms)[0m  SELECT COUNT(*) FROM "personal_connections"  WHERE "personal_connections"."verb_id" = $1  [["verb_id", 1508]]
11:08:55 web.1  |   [1m[35m (0.2ms)[0m  SELECT COUNT(*) FROM "personal_connections"  WHERE "personal_connections"."verb_id" = $1  [["verb_id", 1236]]
11:08:55 web.1  |   [1m[36m (0.3ms)[0m  [1mSELECT COUNT(*) FROM "personal_connections"  WHERE "personal_connections"."verb_id" = $1[0m  [["verb_id", 252]]
11:08:55 web.1  |   [1m[36m (0.3ms)[0m  [1mSELECT COUNT(*) FROM "personal_connections"  WHERE "personal_connections"."verb_id" = $1[0m  [["verb_id", 1271]]
11:08:55 web.1  |   [1m[35m (0.3ms)[0m  SELECT COUNT(*) FROM "personal_connections"  WHERE "personal_connections"."verb_id" = $1  [["verb_id", 1344]]
11:08:55 web.1  |   [1m[35m (0.2ms)[0m  SELECT COUNT(*) FROM "personal_connections"  WHERE "personal_connections"."verb_id" = $1  [["verb_id", 1127]]
11:08:55 web.1  |   [1m[36m (0.3ms)[0m  [1mSELECT COUNT(*) FROM "personal_connections"  WHERE "personal_connections"."verb_id" = $1[0m  [["verb_id", 1241]]
11:08:55 web.1  |   [1m[36m (0.3ms)[0m  [1mSELECT COUNT(*) FROM "personal_connections"  WHERE "personal_connections"."verb_id" = $1[0m  [["verb_id", 891]]
11:08:55 web.1  |   [1m[35m (0.3ms)[0m  SELECT COUNT(*) FROM "personal_connections"  WHERE "personal_connections"."verb_id" = $1  [["verb_id", 1578]]
11:08:55 web.1  |   [1m[35m (0.3ms)[0m  SELECT COUNT(*) FROM "personal_connections"  WHERE "personal_connections"."verb_id" = $1  [["verb_id", 770]]
11:08:55 web.1  |   [1m[36m (0.3ms)[0m  [1mSELECT COUNT(*) FROM "personal_connections"  WHERE "personal_connections"."verb_id" = $1[0m  [["verb_id", 1452]]
11:08:55 web.1  |   [1m[36m (0.2ms)[0m  [1mSELECT COUNT(*) FROM "personal_connections"  WHERE "personal_connections"."verb_id" = $1[0m  [["verb_id", 1566]]
11:08:55 web.1  |   [1m[35m (0.4ms)[0m  SELECT COUNT(*) FROM "personal_connections"  WHERE "personal_connections"."verb_id" = $1  [["verb_id", 1440]]
11:08:55 web.1  |   [1m[35m (0.4ms)[0m  SELECT COUNT(*) FROM "personal_connections"  WHERE "personal_connections"."verb_id" = $1  [["verb_id", 1051]]
11:08:55 web.1  |   [1m[36m (0.3ms)[0m  [1mSELECT COUNT(*) FROM "personal_connections"  WHERE "personal_connections"."verb_id" = $1[0m  [["verb_id", 660]]
11:08:55 web.1  |   [1m[36m (0.2ms)[0m  [1mSELECT COUNT(*) FROM "personal_connections"  WHERE "personal_connections"."verb_id" = $1[0m  [["verb_id", 1014]]
11:08:55 web.1  |   [1m[35m (0.5ms)[0m  SELECT COUNT(*) FROM "personal_connections"  WHERE "personal_connections"."verb_id" = $1  [["verb_id", 664]]
11:08:55 web.1  |   [1m[35m (0.3ms)[0m  SELECT COUNT(*) FROM "personal_connections"  WHERE "personal_connections"."verb_id" = $1  [["verb_id", 788]]
11:08:56 web.1  |   [1m[36m (0.3ms)[0m  [1mSELECT COUNT(*) FROM "personal_connections"  WHERE "personal_connections"."verb_id" = $1[0m  [["verb_id", 1184]]
11:08:56 web.1  |   [1m[36m (0.3ms)[0m  [1mSELECT COUNT(*) FROM "personal_connections"  WHERE "personal_connections"."verb_id" = $1[0m  [["verb_id", 1350]]
11:08:56 web.1  |   [1m[35m (0.3ms)[0m  SELECT COUNT(*) FROM "personal_connections"  WHERE "personal_connections"."verb_id" = $1  [["verb_id", 837]]
11:08:56 web.1  |   [1m[35m (0.3ms)[0m  SELECT COUNT(*) FROM "personal_connections"  WHERE "personal_connections"."verb_id" = $1  [["verb_id", 1377]]
11:08:56 web.1  |   [1m[36m (0.3ms)[0m  [1mSELECT COUNT(*) FROM "personal_connections"  WHERE "personal_connections"."verb_id" = $1[0m  [["verb_id", 1244]]
11:08:56 web.1  |   [1m[36m (0.3ms)[0m  [1mSELECT COUNT(*) FROM "personal_connections"  WHERE "personal_connections"."verb_id" = $1[0m  [["verb_id", 1092]]
11:08:56 web.1  |   [1m[35m (0.3ms)[0m  SELECT COUNT(*) FROM "personal_connections"  WHERE "personal_connections"."verb_id" = $1  [["verb_id", 1527]]
11:08:56 web.1  |   [1m[35m (0.5ms)[0m  SELECT COUNT(*) FROM "personal_connections"  WHERE "personal_connections"."verb_id" = $1  [["verb_id", 22]]
11:08:56 web.1  |   [1m[36m (0.3ms)[0m  [1mSELECT COUNT(*) FROM "personal_connections"  WHERE "personal_connections"."verb_id" = $1[0m  [["verb_id", 997]]
11:08:56 web.1  |   [1m[35m (0.3ms)[0m  SELECT COUNT(*) FROM "personal_connections"  WHERE "personal_connections"."verb_id" = $1  [["verb_id", 974]]
11:08:56 web.1  |   [1m[36m (0.3ms)[0m  [1mSELECT COUNT(*) FROM "personal_connections"  WHERE "personal_connections"."verb_id" = $1[0m  [["verb_id", 947]]
11:08:56 web.1  |   [1m[36m (0.3ms)[0m  [1mSELECT COUNT(*) FROM "personal_connections"  WHERE "personal_connections"."verb_id" = $1[0m  [["verb_id", 1085]]
11:08:56 web.1  |   [1m[35m (0.4ms)[0m  SELECT COUNT(*) FROM "personal_connections"  WHERE "personal_connections"."verb_id" = $1  [["verb_id", 260]]
11:08:56 web.1  |   [1m[35m (0.3ms)[0m  SELECT COUNT(*) FROM "personal_connections"  WHERE "personal_connections"."verb_id" = $1  [["verb_id", 790]]
11:08:56 web.1  |   [1m[36m (0.3ms)[0m  [1mSELECT COUNT(*) FROM "personal_connections"  WHERE "personal_connections"."verb_id" = $1[0m  [["verb_id", 1528]]
11:08:56 web.1  |   [1m[36m (0.3ms)[0m  [1mSELECT COUNT(*) FROM "personal_connections"  WHERE "personal_connections"."verb_id" = $1[0m  [["verb_id", 1078]]
11:08:56 web.1  |   [1m[35m (0.4ms)[0m  SELECT COUNT(*) FROM "personal_connections"  WHERE "personal_connections"."verb_id" = $1  [["verb_id", 797]]
11:08:56 web.1  |   [1m[35m (0.4ms)[0m  SELECT COUNT(*) FROM "personal_connections"  WHERE "personal_connections"."verb_id" = $1  [["verb_id", 1187]]
11:08:56 web.1  |   [1m[36m (0.4ms)[0m  [1mSELECT COUNT(*) FROM "personal_connections"  WHERE "personal_connections"."verb_id" = $1[0m  [["verb_id", 620]]
11:08:56 web.1  |   [1m[36m (0.3ms)[0m  [1mSELECT COUNT(*) FROM "personal_connections"  WHERE "personal_connections"."verb_id" = $1[0m  [["verb_id", 189]]
11:08:56 web.1  |   [1m[35m (0.3ms)[0m  SELECT COUNT(*) FROM "personal_connections"  WHERE "personal_connections"."verb_id" = $1  [["verb_id", 1340]]
11:08:56 web.1  |   [1m[35m (0.3ms)[0m  SELECT COUNT(*) FROM "personal_connections"  WHERE "personal_connections"."verb_id" = $1  [["verb_id", 1419]]
11:08:56 web.1  |   [1m[36m (0.3ms)[0m  [1mSELECT COUNT(*) FROM "personal_connections"  WHERE "personal_connections"."verb_id" = $1[0m  [["verb_id", 771]]
11:08:56 web.1  |   [1m[36m (0.3ms)[0m  [1mSELECT COUNT(*) FROM "personal_connections"  WHERE "personal_connections"."verb_id" = $1[0m  [["verb_id", 1511]]
11:08:56 web.1  |   [1m[35m (0.3ms)[0m  SELECT COUNT(*) FROM "personal_connections"  WHERE "personal_connections"."verb_id" = $1  [["verb_id", 218]]
11:08:56 web.1  |   [1m[35m (0.3ms)[0m  SELECT COUNT(*) FROM "personal_connections"  WHERE "personal_connections"."verb_id" = $1  [["verb_id", 875]]
11:08:56 web.1  |   [1m[36m (0.3ms)[0m  [1mSELECT COUNT(*) FROM "personal_connections"  WHERE "personal_connections"."verb_id" = $1[0m  [["verb_id", 382]]
11:08:56 web.1  |   [1m[36m (0.3ms)[0m  [1mSELECT COUNT(*) FROM "personal_connections"  WHERE "personal_connections"."verb_id" = $1[0m  [["verb_id", 616]]
11:08:56 web.1  |   [1m[35m (0.3ms)[0m  SELECT COUNT(*) FROM "personal_connections"  WHERE "personal_connections"."verb_id" = $1  [["verb_id", 799]]
11:08:56 web.1  |   [1m[35m (0.3ms)[0m  SELECT COUNT(*) FROM "personal_connections"  WHERE "personal_connections"."verb_id" = $1  [["verb_id", 1080]]
11:08:56 web.1  |   [1m[36m (0.3ms)[0m  [1mSELECT COUNT(*) FROM "personal_connections"  WHERE "personal_connections"."verb_id" = $1[0m  [["verb_id", 1442]]
11:08:56 web.1  |   [1m[36m (0.3ms)[0m  [1mSELECT COUNT(*) FROM "personal_connections"  WHERE "personal_connections"."verb_id" = $1[0m  [["verb_id", 1079]]
11:08:56 web.1  |   [1m[35m (0.4ms)[0m  SELECT COUNT(*) FROM "personal_connections"  WHERE "personal_connections"."verb_id" = $1  [["verb_id", 838]]
11:08:56 web.1  |   [1m[35m (0.3ms)[0m  SELECT COUNT(*) FROM "personal_connections"  WHERE "personal_connections"."verb_id" = $1  [["verb_id", 1395]]
11:08:56 web.1  |   [1m[36m (0.3ms)[0m  [1mSELECT COUNT(*) FROM "personal_connections"  WHERE "personal_connections"."verb_id" = $1[0m  [["verb_id", 851]]
11:08:56 web.1  |   [1m[35m (0.3ms)[0m  SELECT COUNT(*) FROM "personal_connections"  WHERE "personal_connections"."verb_id" = $1  [["verb_id", 1546]]
11:08:56 web.1  |   [1m[36m (0.2ms)[0m  [1mSELECT COUNT(*) FROM "personal_connections"  WHERE "personal_connections"."verb_id" = $1[0m  [["verb_id", 1236]]
11:08:56 web.1  |   [1m[36m (0.4ms)[0m  [1mSELECT COUNT(*) FROM "personal_connections"  WHERE "personal_connections"."verb_id" = $1[0m  [["verb_id", 925]]
11:08:56 web.1  |   [1m[35m (0.2ms)[0m  SELECT COUNT(*) FROM "personal_connections"  WHERE "personal_connections"."verb_id" = $1  [["verb_id", 1271]]
11:08:56 web.1  |   [1m[35m (0.3ms)[0m  SELECT COUNT(*) FROM "personal_connections"  WHERE "personal_connections"."verb_id" = $1  [["verb_id", 956]]
11:08:56 web.1  |   [1m[36m (0.3ms)[0m  [1mSELECT COUNT(*) FROM "personal_connections"  WHERE "personal_connections"."verb_id" = $1[0m  [["verb_id", 1344]]
11:08:56 web.1  |   [1m[36m (0.3ms)[0m  [1mSELECT COUNT(*) FROM "personal_connections"  WHERE "personal_connections"."verb_id" = $1[0m  [["verb_id", 1497]]
11:08:56 web.1  |   [1m[35m (0.3ms)[0m  SELECT COUNT(*) FROM "personal_connections"  WHERE "personal_connections"."verb_id" = $1  [["verb_id", 891]]
11:08:56 web.1  |   [1m[35m (0.3ms)[0m  SELECT COUNT(*) FROM "personal_connections"  WHERE "personal_connections"."verb_id" = $1  [["verb_id", 1512]]
11:08:56 web.1  |   [1m[36m (0.3ms)[0m  [1mSELECT COUNT(*) FROM "personal_connections"  WHERE "personal_connections"."verb_id" = $1[0m  [["verb_id", 770]]
11:08:56 web.1  |   [1m[36m (0.3ms)[0m  [1mSELECT COUNT(*) FROM "personal_connections"  WHERE "personal_connections"."verb_id" = $1[0m  [["verb_id", 1253]]
11:08:56 web.1  |   [1m[35m (0.3ms)[0m  SELECT COUNT(*) FROM "personal_connections"  WHERE "personal_connections"."verb_id" = $1  [["verb_id", 1566]]
11:08:56 web.1  |   [1m[35m (0.3ms)[0m  SELECT COUNT(*) FROM "personal_connections"  WHERE "personal_connections"."verb_id" = $1  [["verb_id", 854]]
11:08:56 web.1  |   [1m[36m (0.3ms)[0m  [1mSELECT COUNT(*) FROM "personal_connections"  WHERE "personal_connections"."verb_id" = $1[0m  [["verb_id", 1440]]
11:08:56 web.1  |   [1m[36m (0.3ms)[0m  [1mSELECT COUNT(*) FROM "personal_connections"  WHERE "personal_connections"."verb_id" = $1[0m  [["verb_id", 1145]]
11:08:56 web.1  |   [1m[35m (0.3ms)[0m  SELECT COUNT(*) FROM "personal_connections"  WHERE "personal_connections"."verb_id" = $1  [["verb_id", 1146]]
11:08:56 web.1  |   [1m[35m (0.3ms)[0m  SELECT COUNT(*) FROM "personal_connections"  WHERE "personal_connections"."verb_id" = $1  [["verb_id", 1014]]
11:08:56 web.1  |   [1m[36m (0.3ms)[0m  [1mSELECT COUNT(*) FROM "personal_connections"  WHERE "personal_connections"."verb_id" = $1[0m  [["verb_id", 1075]]
11:08:56 web.1  |   [1m[36m (0.3ms)[0m  [1mSELECT COUNT(*) FROM "personal_connections"  WHERE "personal_connections"."verb_id" = $1[0m  [["verb_id", 788]]
11:08:56 web.1  |   [1m[35m (0.3ms)[0m  SELECT COUNT(*) FROM "personal_connections"  WHERE "personal_connections"."verb_id" = $1  [["verb_id", 1350]]
11:08:56 web.1  |   [1m[36m (0.3ms)[0m  [1mSELECT COUNT(*) FROM "personal_connections"  WHERE "personal_connections"."verb_id" = $1[0m  [["verb_id", 1377]]
11:08:56 web.1  |   [1m[35m (0.3ms)[0m  SELECT COUNT(*) FROM "personal_connections"  WHERE "personal_connections"."verb_id" = $1  [["verb_id", 1067]]
11:08:56 web.1  |   [1m[35m (0.3ms)[0m  SELECT COUNT(*) FROM "personal_connections"  WHERE "personal_connections"."verb_id" = $1  [["verb_id", 1092]]
11:08:56 web.1  |   [1m[36m (0.3ms)[0m  [1mSELECT COUNT(*) FROM "personal_connections"  WHERE "personal_connections"."verb_id" = $1[0m  [["verb_id", 590]]
11:08:56 web.1  |   [1m[36m (0.4ms)[0m  [1mSELECT COUNT(*) FROM "personal_connections"  WHERE "personal_connections"."verb_id" = $1[0m  [["verb_id", 22]]
11:08:56 web.1  |   [1m[35m (0.3ms)[0m  SELECT COUNT(*) FROM "personal_connections"  WHERE "personal_connections"."verb_id" = $1  [["verb_id", 1281]]
11:08:56 web.1  |   [1m[35m (0.3ms)[0m  SELECT COUNT(*) FROM "personal_connections"  WHERE "personal_connections"."verb_id" = $1  [["verb_id", 947]]
11:08:56 web.1  |   [1m[36m (0.3ms)[0m  [1mSELECT COUNT(*) FROM "personal_connections"  WHERE "personal_connections"."verb_id" = $1[0m  [["verb_id", 662]]
11:08:56 web.1  |   [1m[36m (0.3ms)[0m  [1mSELECT COUNT(*) FROM "personal_connections"  WHERE "personal_connections"."verb_id" = $1[0m  [["verb_id", 790]]
11:08:56 web.1  |   [1m[35m (0.4ms)[0m  SELECT COUNT(*) FROM "personal_connections"  WHERE "personal_connections"."verb_id" = $1  [["verb_id", 1528]]
11:08:56 web.1  |   [1m[35m (3.5ms)[0m  SELECT COUNT(*) FROM "personal_connections"  WHERE "personal_connections"."verb_id" = $1  [["verb_id", 63]]
11:08:56 web.1  |   [1m[36m (0.4ms)[0m  [1mSELECT COUNT(*) FROM "personal_connections"  WHERE "personal_connections"."verb_id" = $1[0m  [["verb_id", 797]]
11:08:56 web.1  |   [1m[36m (0.3ms)[0m  [1mSELECT COUNT(*) FROM "personal_connections"  WHERE "personal_connections"."verb_id" = $1[0m  [["verb_id", 1503]]
11:08:56 web.1  |   [1m[35m (0.5ms)[0m  SELECT COUNT(*) FROM "personal_connections"  WHERE "personal_connections"."verb_id" = $1  [["verb_id", 620]]
11:08:56 web.1  |   [1m[35m (0.3ms)[0m  SELECT COUNT(*) FROM "personal_connections"  WHERE "personal_connections"."verb_id" = $1  [["verb_id", 1237]]
11:08:56 web.1  |   [1m[36m (0.3ms)[0m  [1mSELECT COUNT(*) FROM "personal_connections"  WHERE "personal_connections"."verb_id" = $1[0m  [["verb_id", 1340]]
11:08:56 web.1  |   [1m[36m (0.3ms)[0m  [1mSELECT COUNT(*) FROM "personal_connections"  WHERE "personal_connections"."verb_id" = $1[0m  [["verb_id", 648]]
11:08:56 web.1  |   [1m[35m (0.4ms)[0m  SELECT COUNT(*) FROM "personal_connections"  WHERE "personal_connections"."verb_id" = $1  [["verb_id", 771]]
11:08:56 web.1  |   [1m[35m (0.3ms)[0m  SELECT COUNT(*) FROM "personal_connections"  WHERE "personal_connections"."verb_id" = $1  [["verb_id", 410]]
11:08:56 web.1  |   [1m[36m (0.3ms)[0m  [1mSELECT COUNT(*) FROM "personal_connections"  WHERE "personal_connections"."verb_id" = $1[0m  [["verb_id", 218]]
11:08:56 web.1  |   [1m[36m (0.3ms)[0m  [1mSELECT COUNT(*) FROM "personal_connections"  WHERE "personal_connections"."verb_id" = $1[0m  [["verb_id", 1018]]
11:08:56 web.1  |   [1m[35m (0.3ms)[0m  SELECT COUNT(*) FROM "personal_connections"  WHERE "personal_connections"."verb_id" = $1  [["verb_id", 382]]
11:08:56 web.1  |   [1m[36m (0.3ms)[0m  [1mSELECT COUNT(*) FROM "personal_connections"  WHERE "personal_connections"."verb_id" = $1[0m  [["verb_id", 799]]
11:08:56 web.1  |   [1m[35m (0.3ms)[0m  SELECT COUNT(*) FROM "personal_connections"  WHERE "personal_connections"."verb_id" = $1  [["verb_id", 1228]]
11:08:56 web.1  |   [1m[35m (0.4ms)[0m  SELECT COUNT(*) FROM "personal_connections"  WHERE "personal_connections"."verb_id" = $1  [["verb_id", 1442]]
11:08:56 web.1  |   [1m[36m (0.4ms)[0m  [1mSELECT COUNT(*) FROM "personal_connections"  WHERE "personal_connections"."verb_id" = $1[0m  [["verb_id", 838]]
11:08:56 web.1  |   [1m[36m (0.3ms)[0m  [1mSELECT COUNT(*) FROM "personal_connections"  WHERE "personal_connections"."verb_id" = $1[0m  [["verb_id", 1456]]
11:08:56 web.1  |   [1m[35m (0.3ms)[0m  SELECT COUNT(*) FROM "personal_connections"  WHERE "personal_connections"."verb_id" = $1  [["verb_id", 851]]
11:08:56 web.1  |   [1m[35m (0.8ms)[0m  SELECT COUNT(*) FROM "personal_connections"  WHERE "personal_connections"."verb_id" = $1  [["verb_id", 1165]]
11:08:56 web.1  |   [1m[36m (0.3ms)[0m  [1mSELECT COUNT(*) FROM "personal_connections"  WHERE "personal_connections"."verb_id" = $1[0m  [["verb_id", 1546]]
11:08:56 web.1  |   [1m[36m (0.3ms)[0m  [1mSELECT COUNT(*) FROM "personal_connections"  WHERE "personal_connections"."verb_id" = $1[0m  [["verb_id", 185]]
11:08:56 web.1  |   [1m[35m (0.3ms)[0m  SELECT COUNT(*) FROM "personal_connections"  WHERE "personal_connections"."verb_id" = $1  [["verb_id", 925]]
11:08:56 web.1  |   [1m[35m (0.3ms)[0m  SELECT COUNT(*) FROM "personal_connections"  WHERE "personal_connections"."verb_id" = $1  [["verb_id", 444]]
11:08:56 web.1  |   [1m[36m (0.3ms)[0m  [1mSELECT COUNT(*) FROM "personal_connections"  WHERE "personal_connections"."verb_id" = $1[0m  [["verb_id", 956]]
11:08:56 web.1  |   [1m[36m (0.3ms)[0m  [1mSELECT COUNT(*) FROM "personal_connections"  WHERE "personal_connections"."verb_id" = $1[0m  [["verb_id", 650]]
11:08:56 web.1  |   [1m[35m (0.3ms)[0m  SELECT COUNT(*) FROM "personal_connections"  WHERE "personal_connections"."verb_id" = $1  [["verb_id", 1497]]
11:08:56 web.1  |   [1m[35m (0.3ms)[0m  SELECT COUNT(*) FROM "personal_connections"  WHERE "personal_connections"."verb_id" = $1  [["verb_id", 1577]]
11:08:56 web.1  |   [1m[36m (0.4ms)[0m  [1mSELECT COUNT(*) FROM "personal_connections"  WHERE "personal_connections"."verb_id" = $1[0m  [["verb_id", 1512]]
11:08:56 web.1  |   [1m[36m (0.3ms)[0m  [1mSELECT COUNT(*) FROM "personal_connections"  WHERE "personal_connections"."verb_id" = $1[0m  [["verb_id", 1126]]
11:08:56 web.1  |   [1m[35m (0.3ms)[0m  SELECT COUNT(*) FROM "personal_connections"  WHERE "personal_connections"."verb_id" = $1  [["verb_id", 1253]]
11:08:56 web.1  |   [1m[35m (0.3ms)[0m  SELECT COUNT(*) FROM "personal_connections"  WHERE "personal_connections"."verb_id" = $1  [["verb_id", 1012]]
11:08:56 web.1  |   [1m[36m (0.3ms)[0m  [1mSELECT COUNT(*) FROM "personal_connections"  WHERE "personal_connections"."verb_id" = $1[0m  [["verb_id", 854]]
11:08:56 web.1  |   [1m[36m (0.4ms)[0m  [1mSELECT COUNT(*) FROM "personal_connections"  WHERE "personal_connections"."verb_id" = $1[0m  [["verb_id", 1208]]
11:08:56 web.1  |   [1m[35m (0.2ms)[0m  SELECT COUNT(*) FROM "personal_connections"  WHERE "personal_connections"."verb_id" = $1  [["verb_id", 1145]]
11:08:56 web.1  |   [1m[36m (0.3ms)[0m  [1mSELECT COUNT(*) FROM "personal_connections"  WHERE "personal_connections"."verb_id" = $1[0m  [["verb_id", 1146]]
11:08:56 web.1  |   [1m[35m (0.4ms)[0m  SELECT COUNT(*) FROM "personal_connections"  WHERE "personal_connections"."verb_id" = $1  [["verb_id", 1414]]
11:08:56 web.1  |   [1m[35m (0.4ms)[0m  SELECT COUNT(*) FROM "personal_connections"  WHERE "personal_connections"."verb_id" = $1  [["verb_id", 1075]]
11:08:56 web.1  |   [1m[36m (0.2ms)[0m  [1mSELECT COUNT(*) FROM "personal_connections"  WHERE "personal_connections"."verb_id" = $1[0m  [["verb_id", 1098]]
11:08:56 web.1  |   [1m[35m (0.3ms)[0m  SELECT COUNT(*) FROM "personal_connections"  WHERE "personal_connections"."verb_id" = $1  [["verb_id", 1513]]
11:08:56 web.1  |   [1m[36m (0.3ms)[0m  [1mSELECT COUNT(*) FROM "personal_connections"  WHERE "personal_connections"."verb_id" = $1[0m  [["verb_id", 1067]]
11:08:56 web.1  |   [1m[36m (0.5ms)[0m  [1mSELECT COUNT(*) FROM "personal_connections"  WHERE "personal_connections"."verb_id" = $1[0m  [["verb_id", 362]]
11:08:56 web.1  |   [1m[35m (0.2ms)[0m  SELECT COUNT(*) FROM "personal_connections"  WHERE "personal_connections"."verb_id" = $1  [["verb_id", 590]]
11:08:56 web.1  |   [1m[36m (0.4ms)[0m  [1mSELECT COUNT(*) FROM "personal_connections"  WHERE "personal_connections"."verb_id" = $1[0m  [["verb_id", 1281]]
11:08:56 web.1  |   [1m[35m (0.3ms)[0m  SELECT COUNT(*) FROM "personal_connections"  WHERE "personal_connections"."verb_id" = $1  [["verb_id", 1136]]
11:08:56 web.1  |   [1m[36m (0.3ms)[0m  [1mSELECT COUNT(*) FROM "personal_connections"  WHERE "personal_connections"."verb_id" = $1[0m  [["verb_id", 1498]]
11:08:56 web.1  |   [1m[35m (0.4ms)[0m  SELECT COUNT(*) FROM "personal_connections"  WHERE "personal_connections"."verb_id" = $1  [["verb_id", 662]]
11:08:56 web.1  |   [1m[35m (0.5ms)[0m  SELECT COUNT(*) FROM "personal_connections"  WHERE "personal_connections"."verb_id" = $1  [["verb_id", 1555]]
11:08:56 web.1  |   [1m[36m (0.3ms)[0m  [1mSELECT COUNT(*) FROM "personal_connections"  WHERE "personal_connections"."verb_id" = $1[0m  [["verb_id", 63]]
11:08:56 web.1  |   [1m[36m (0.5ms)[0m  [1mSELECT COUNT(*) FROM "personal_connections"  WHERE "personal_connections"."verb_id" = $1[0m  [["verb_id", 1475]]
11:08:56 web.1  |   [1m[35m (0.3ms)[0m  SELECT COUNT(*) FROM "personal_connections"  WHERE "personal_connections"."verb_id" = $1  [["verb_id", 1503]]
11:08:56 web.1  |   [1m[35m (0.5ms)[0m  SELECT COUNT(*) FROM "personal_connections"  WHERE "personal_connections"."verb_id" = $1  [["verb_id", 705]]
11:08:56 web.1  |   [1m[36m (0.3ms)[0m  [1mSELECT COUNT(*) FROM "personal_connections"  WHERE "personal_connections"."verb_id" = $1[0m  [["verb_id", 1237]]
11:08:56 web.1  |   [1m[36m (0.5ms)[0m  [1mSELECT COUNT(*) FROM "personal_connections"  WHERE "personal_connections"."verb_id" = $1[0m  [["verb_id", 1478]]
11:08:56 web.1  |   [1m[35m (0.4ms)[0m  SELECT COUNT(*) FROM "personal_connections"  WHERE "personal_connections"."verb_id" = $1  [["verb_id", 648]]
11:08:56 web.1  |   [1m[35m (0.3ms)[0m  SELECT COUNT(*) FROM "personal_connections"  WHERE "personal_connections"."verb_id" = $1  [["verb_id", 1164]]
11:08:56 web.1  |   [1m[36m (0.3ms)[0m  [1mSELECT COUNT(*) FROM "personal_connections"  WHERE "personal_connections"."verb_id" = $1[0m  [["verb_id", 410]]
11:08:56 web.1  |   [1m[36m (0.5ms)[0m  [1mSELECT COUNT(*) FROM "personal_connections"  WHERE "personal_connections"."verb_id" = $1[0m  [["verb_id", 741]]
11:08:56 web.1  |   [1m[35m (0.3ms)[0m  SELECT COUNT(*) FROM "personal_connections"  WHERE "personal_connections"."verb_id" = $1  [["verb_id", 1018]]
11:08:56 web.1  |   [1m[35m (0.5ms)[0m  SELECT COUNT(*) FROM "personal_connections"  WHERE "personal_connections"."verb_id" = $1  [["verb_id", 1360]]
11:08:56 web.1  |   [1m[36m (0.3ms)[0m  [1mSELECT COUNT(*) FROM "personal_connections"  WHERE "personal_connections"."verb_id" = $1[0m  [["verb_id", 1228]]
11:08:56 web.1  |   [1m[36m (0.6ms)[0m  [1mSELECT COUNT(*) FROM "personal_connections"  WHERE "personal_connections"."verb_id" = $1[0m  [["verb_id", 773]]
11:08:56 web.1  |   [1m[35m (0.4ms)[0m  SELECT COUNT(*) FROM "personal_connections"  WHERE "personal_connections"."verb_id" = $1  [["verb_id", 1456]]
11:08:56 web.1  |   [1m[35m (0.3ms)[0m  SELECT COUNT(*) FROM "personal_connections"  WHERE "personal_connections"."verb_id" = $1  [["verb_id", 1024]]
11:08:56 web.1  |   [1m[36m (0.3ms)[0m  [1mSELECT COUNT(*) FROM "personal_connections"  WHERE "personal_connections"."verb_id" = $1[0m  [["verb_id", 1165]]
11:08:56 web.1  |   [1m[36m (0.5ms)[0m  [1mSELECT COUNT(*) FROM "personal_connections"  WHERE "personal_connections"."verb_id" = $1[0m  [["verb_id", 1192]]
11:08:56 web.1  |   [1m[35m (0.2ms)[0m  SELECT COUNT(*) FROM "personal_connections"  WHERE "personal_connections"."verb_id" = $1  [["verb_id", 185]]
11:08:56 web.1  |   [1m[35m (0.3ms)[0m  SELECT COUNT(*) FROM "personal_connections"  WHERE "personal_connections"."verb_id" = $1  [["verb_id", 584]]
11:08:56 web.1  |   [1m[36m (0.2ms)[0m  [1mSELECT COUNT(*) FROM "personal_connections"  WHERE "personal_connections"."verb_id" = $1[0m  [["verb_id", 444]]
11:08:56 web.1  |   [1m[35m (0.3ms)[0m  SELECT COUNT(*) FROM "personal_connections"  WHERE "personal_connections"."verb_id" = $1  [["verb_id", 650]]
11:08:56 web.1  |   [1m[36m (0.3ms)[0m  [1mSELECT COUNT(*) FROM "personal_connections"  WHERE "personal_connections"."verb_id" = $1[0m  [["verb_id", 1577]]
11:08:56 web.1  |   [1m[36m (0.2ms)[0m  [1mSELECT COUNT(*) FROM "personal_connections"  WHERE "personal_connections"."verb_id" = $1[0m  [["verb_id", 512]]
11:08:56 web.1  |   [1m[35m (0.4ms)[0m  SELECT COUNT(*) FROM "personal_connections"  WHERE "personal_connections"."verb_id" = $1  [["verb_id", 1126]]
11:08:56 web.1  |   [1m[35m (0.3ms)[0m  SELECT COUNT(*) FROM "personal_connections"  WHERE "personal_connections"."verb_id" = $1  [["verb_id", 1068]]
11:08:56 web.1  |   [1m[36m (0.3ms)[0m  [1mSELECT COUNT(*) FROM "personal_connections"  WHERE "personal_connections"."verb_id" = $1[0m  [["verb_id", 1012]]
11:08:56 web.1  |   [1m[36m (0.3ms)[0m  [1mSELECT COUNT(*) FROM "personal_connections"  WHERE "personal_connections"."verb_id" = $1[0m  [["verb_id", 1356]]
11:08:56 web.1  |   [1m[35m (0.3ms)[0m  SELECT COUNT(*) FROM "personal_connections"  WHERE "personal_connections"."verb_id" = $1  [["verb_id", 1208]]
11:08:56 web.1  |   [1m[35m (0.5ms)[0m  SELECT COUNT(*) FROM "personal_connections"  WHERE "personal_connections"."verb_id" = $1  [["verb_id", 372]]
11:08:56 web.1  |   [1m[36m (0.3ms)[0m  [1mSELECT COUNT(*) FROM "personal_connections"  WHERE "personal_connections"."verb_id" = $1[0m  [["verb_id", 1414]]
11:08:56 web.1  |   [1m[36m (0.3ms)[0m  [1mSELECT COUNT(*) FROM "personal_connections"  WHERE "personal_connections"."verb_id" = $1[0m  [["verb_id", 1302]]
11:08:56 web.1  |   [1m[35m (0.3ms)[0m  SELECT COUNT(*) FROM "personal_connections"  WHERE "personal_connections"."verb_id" = $1  [["verb_id", 1098]]
11:08:56 web.1  |   [1m[35m (0.3ms)[0m  SELECT COUNT(*) FROM "personal_connections"  WHERE "personal_connections"."verb_id" = $1  [["verb_id", 1507]]
11:08:56 web.1  |   [1m[36m (0.3ms)[0m  [1mSELECT COUNT(*) FROM "personal_connections"  WHERE "personal_connections"."verb_id" = $1[0m  [["verb_id", 1513]]
11:08:56 web.1  |   [1m[36m (0.4ms)[0m  [1mSELECT COUNT(*) FROM "personal_connections"  WHERE "personal_connections"."verb_id" = $1[0m  [["verb_id", 232]]
11:08:56 web.1  |   [1m[35m (0.4ms)[0m  SELECT COUNT(*) FROM "personal_connections"  WHERE "personal_connections"."verb_id" = $1  [["verb_id", 362]]
11:08:56 web.1  |   [1m[35m (0.3ms)[0m  SELECT COUNT(*) FROM "personal_connections"  WHERE "personal_connections"."verb_id" = $1  [["verb_id", 1495]]
11:08:56 web.1  |   [1m[36m (0.2ms)[0m  [1mSELECT COUNT(*) FROM "personal_connections"  WHERE "personal_connections"."verb_id" = $1[0m  [["verb_id", 1136]]
11:08:56 web.1  |   [1m[35m (0.3ms)[0m  SELECT COUNT(*) FROM "personal_connections"  WHERE "personal_connections"."verb_id" = $1  [["verb_id", 1498]]
11:08:56 web.1  |   [1m[36m (0.4ms)[0m  [1mSELECT COUNT(*) FROM "personal_connections"  WHERE "personal_connections"."verb_id" = $1[0m  [["verb_id", 1250]]
11:08:56 web.1  |   [1m[36m (0.3ms)[0m  [1mSELECT COUNT(*) FROM "personal_connections"  WHERE "personal_connections"."verb_id" = $1[0m  [["verb_id", 1555]]
11:08:56 web.1  |   [1m[35m (0.3ms)[0m  SELECT COUNT(*) FROM "personal_connections"  WHERE "personal_connections"."verb_id" = $1  [["verb_id", 715]]
11:08:56 web.1  |   [1m[35m (0.3ms)[0m  SELECT COUNT(*) FROM "personal_connections"  WHERE "personal_connections"."verb_id" = $1  [["verb_id", 1475]]
11:08:56 web.1  |   [1m[36m (0.3ms)[0m  [1mSELECT COUNT(*) FROM "personal_connections"  WHERE "personal_connections"."verb_id" = $1[0m  [["verb_id", 396]]
11:08:56 web.1  |   [1m[36m (0.3ms)[0m  [1mSELECT COUNT(*) FROM "personal_connections"  WHERE "personal_connections"."verb_id" = $1[0m  [["verb_id", 705]]
11:08:56 web.1  |   [1m[35m (0.3ms)[0m  SELECT COUNT(*) FROM "personal_connections"  WHERE "personal_connections"."verb_id" = $1  [["verb_id", 1540]]
11:08:56 web.1  |   [1m[35m (0.3ms)[0m  SELECT COUNT(*) FROM "personal_connections"  WHERE "personal_connections"."verb_id" = $1  [["verb_id", 1478]]
11:08:56 web.1  |   [1m[36m (0.6ms)[0m  [1mSELECT COUNT(*) FROM "personal_connections"  WHERE "personal_connections"."verb_id" = $1[0m  [["verb_id", 13]]
11:08:56 web.1  |   [1m[36m (0.3ms)[0m  [1mSELECT COUNT(*) FROM "personal_connections"  WHERE "personal_connections"."verb_id" = $1[0m  [["verb_id", 1164]]
11:08:56 web.1  |   [1m[35m (0.3ms)[0m  SELECT COUNT(*) FROM "personal_connections"  WHERE "personal_connections"."verb_id" = $1  [["verb_id", 741]]
11:08:56 web.1  |   [1m[35m (0.3ms)[0m  SELECT COUNT(*) FROM "personal_connections"  WHERE "personal_connections"."verb_id" = $1  [["verb_id", 1229]]
11:08:56 web.1  |   [1m[36m (0.3ms)[0m  [1mSELECT COUNT(*) FROM "personal_connections"  WHERE "personal_connections"."verb_id" = $1[0m  [["verb_id", 1053]]
11:08:56 web.1  |   [1m[36m (0.4ms)[0m  [1mSELECT COUNT(*) FROM "personal_connections"  WHERE "personal_connections"."verb_id" = $1[0m  [["verb_id", 1360]]
11:08:56 web.1  |   [1m[35m (0.2ms)[0m  SELECT COUNT(*) FROM "personal_connections"  WHERE "personal_connections"."verb_id" = $1  [["verb_id", 773]]
11:08:56 web.1  |   [1m[35m (0.4ms)[0m  SELECT COUNT(*) FROM "personal_connections"  WHERE "personal_connections"."verb_id" = $1  [["verb_id", 302]]
11:08:56 web.1  |   [1m[36m (0.3ms)[0m  [1mSELECT COUNT(*) FROM "personal_connections"  WHERE "personal_connections"."verb_id" = $1[0m  [["verb_id", 1024]]
11:08:56 web.1  |   [1m[36m (0.2ms)[0m  [1mSELECT COUNT(*) FROM "personal_connections"  WHERE "personal_connections"."verb_id" = $1[0m  [["verb_id", 917]]
11:08:56 web.1  |   [1m[35m (0.3ms)[0m  SELECT COUNT(*) FROM "personal_connections"  WHERE "personal_connections"."verb_id" = $1  [["verb_id", 1192]]
11:08:56 web.1  |   [1m[35m (0.2ms)[0m  SELECT COUNT(*) FROM "personal_connections"  WHERE "personal_connections"."verb_id" = $1  [["verb_id", 1101]]
11:08:56 web.1  |   [1m[36m (0.3ms)[0m  [1mSELECT COUNT(*) FROM "personal_connections"  WHERE "personal_connections"."verb_id" = $1[0m  [["verb_id", 584]]
11:08:56 web.1  |   [1m[36m (0.2ms)[0m  [1mSELECT COUNT(*) FROM "personal_connections"  WHERE "personal_connections"."verb_id" = $1[0m  [["verb_id", 498]]
11:08:56 web.1  |   [1m[35m (0.4ms)[0m  SELECT COUNT(*) FROM "personal_connections"  WHERE "personal_connections"."verb_id" = $1  [["verb_id", 298]]
11:08:56 web.1  |   [1m[35m (0.4ms)[0m  SELECT COUNT(*) FROM "personal_connections"  WHERE "personal_connections"."verb_id" = $1  [["verb_id", 512]]
11:08:56 web.1  |   [1m[36m (0.7ms)[0m  [1mSELECT COUNT(*) FROM "personal_connections"  WHERE "personal_connections"."verb_id" = $1[0m  [["verb_id", 1068]]
11:08:56 web.1  |   [1m[36m (1.7ms)[0m  [1mSELECT COUNT(*) FROM "personal_connections"  WHERE "personal_connections"."verb_id" = $1[0m  [["verb_id", 506]]
11:08:56 web.1  |   [1m[35m (0.2ms)[0m  SELECT COUNT(*) FROM "personal_connections"  WHERE "personal_connections"."verb_id" = $1  [["verb_id", 1330]]
11:08:56 web.1  |   [1m[35m (0.3ms)[0m  SELECT COUNT(*) FROM "personal_connections"  WHERE "personal_connections"."verb_id" = $1  [["verb_id", 1356]]
11:08:56 web.1  |   [1m[36m (0.7ms)[0m  [1mSELECT COUNT(*) FROM "personal_connections"  WHERE "personal_connections"."verb_id" = $1[0m  [["verb_id", 10]]
11:08:56 web.1  |   [1m[36m (0.3ms)[0m  [1mSELECT COUNT(*) FROM "personal_connections"  WHERE "personal_connections"."verb_id" = $1[0m  [["verb_id", 372]]
11:08:56 web.1  |   [1m[35m (0.3ms)[0m  SELECT COUNT(*) FROM "personal_connections"  WHERE "personal_connections"."verb_id" = $1  [["verb_id", 1302]]
11:08:56 web.1  |   [1m[35m (0.5ms)[0m  SELECT COUNT(*) FROM "personal_connections"  WHERE "personal_connections"."verb_id" = $1  [["verb_id", 776]]
11:08:56 web.1  |   [1m[36m (0.4ms)[0m  [1mSELECT COUNT(*) FROM "personal_connections"  WHERE "personal_connections"."verb_id" = $1[0m  [["verb_id", 1507]]
11:08:56 web.1  |   [1m[36m (0.5ms)[0m  [1mSELECT COUNT(*) FROM "personal_connections"  WHERE "personal_connections"."verb_id" = $1[0m  [["verb_id", 310]]
11:08:56 web.1  |   [1m[35m (0.3ms)[0m  SELECT COUNT(*) FROM "personal_connections"  WHERE "personal_connections"."verb_id" = $1  [["verb_id", 232]]
11:08:56 web.1  |   [1m[35m (0.5ms)[0m  SELECT COUNT(*) FROM "personal_connections"  WHERE "personal_connections"."verb_id" = $1  [["verb_id", 679]]
11:08:56 web.1  |   [1m[36m (0.4ms)[0m  [1mSELECT COUNT(*) FROM "personal_connections"  WHERE "personal_connections"."verb_id" = $1[0m  [["verb_id", 869]]
11:08:56 web.1  |   [1m[36m (14.4ms)[0m  [1mSELECT COUNT(*) FROM "personal_connections"  WHERE "personal_connections"."verb_id" = $1[0m  [["verb_id", 1495]]
11:08:56 web.1  |   [1m[35m (0.3ms)[0m  SELECT COUNT(*) FROM "personal_connections"  WHERE "personal_connections"."verb_id" = $1  [["verb_id", 1250]]
11:08:56 web.1  |   [1m[35m (0.3ms)[0m  SELECT COUNT(*) FROM "personal_connections"  WHERE "personal_connections"."verb_id" = $1  [["verb_id", 968]]
11:08:56 web.1  |   [1m[36m (0.3ms)[0m  [1mSELECT COUNT(*) FROM "personal_connections"  WHERE "personal_connections"."verb_id" = $1[0m  [["verb_id", 715]]
11:08:56 web.1  |   [1m[36m (0.2ms)[0m  [1mSELECT COUNT(*) FROM "personal_connections"  WHERE "personal_connections"."verb_id" = $1[0m  [["verb_id", 1575]]
11:08:56 web.1  |   [1m[35m (0.3ms)[0m  SELECT COUNT(*) FROM "personal_connections"  WHERE "personal_connections"."verb_id" = $1  [["verb_id", 396]]
11:08:56 web.1  |   [1m[35m (0.2ms)[0m  SELECT COUNT(*) FROM "personal_connections"  WHERE "personal_connections"."verb_id" = $1  [["verb_id", 901]]
11:08:56 web.1  |   [1m[36m (0.4ms)[0m  [1mSELECT COUNT(*) FROM "personal_connections"  WHERE "personal_connections"."verb_id" = $1[0m  [["verb_id", 1540]]
11:08:56 web.1  |   [1m[36m (0.2ms)[0m  [1mSELECT COUNT(*) FROM "personal_connections"  WHERE "personal_connections"."verb_id" = $1[0m  [["verb_id", 736]]
11:08:56 web.1  |   [1m[35m (0.6ms)[0m  SELECT COUNT(*) FROM "personal_connections"  WHERE "personal_connections"."verb_id" = $1  [["verb_id", 13]]
11:08:56 web.1  |   [1m[35m (0.2ms)[0m  SELECT COUNT(*) FROM "personal_connections"  WHERE "personal_connections"."verb_id" = $1  [["verb_id", 462]]
11:08:56 web.1  |   [1m[36m (0.3ms)[0m  [1mSELECT COUNT(*) FROM "personal_connections"  WHERE "personal_connections"."verb_id" = $1[0m  [["verb_id", 1229]]
11:08:56 web.1  |   [1m[36m (0.2ms)[0m  [1mSELECT COUNT(*) FROM "personal_connections"  WHERE "personal_connections"."verb_id" = $1[0m  [["verb_id", 930]]
11:08:56 web.1  |   [1m[35m (0.3ms)[0m  SELECT COUNT(*) FROM "personal_connections"  WHERE "personal_connections"."verb_id" = $1  [["verb_id", 1053]]
11:08:56 web.1  |   [1m[35m (0.4ms)[0m  SELECT COUNT(*) FROM "personal_connections"  WHERE "personal_connections"."verb_id" = $1  [["verb_id", 15]]
11:08:56 web.1  |   [1m[36m (0.6ms)[0m  [1mSELECT COUNT(*) FROM "personal_connections"  WHERE "personal_connections"."verb_id" = $1[0m  [["verb_id", 302]]
11:08:56 web.1  |   [1m[36m (0.5ms)[0m  [1mSELECT COUNT(*) FROM "personal_connections"  WHERE "personal_connections"."verb_id" = $1[0m  [["verb_id", 704]]
11:08:56 web.1  |   [1m[35m (0.6ms)[0m  SELECT COUNT(*) FROM "personal_connections"  WHERE "personal_connections"."verb_id" = $1  [["verb_id", 917]]
11:08:56 web.1  |   [1m[35m (0.3ms)[0m  SELECT COUNT(*) FROM "personal_connections"  WHERE "personal_connections"."verb_id" = $1  [["verb_id", 1552]]
11:08:56 web.1  |   [1m[36m (0.6ms)[0m  [1mSELECT COUNT(*) FROM "personal_connections"  WHERE "personal_connections"."verb_id" = $1[0m  [["verb_id", 1101]]
11:08:56 web.1  |   [1m[36m (0.4ms)[0m  [1mSELECT COUNT(*) FROM "personal_connections"  WHERE "personal_connections"."verb_id" = $1[0m  [["verb_id", 1172]]
11:08:56 web.1  |   [1m[35m (0.3ms)[0m  SELECT COUNT(*) FROM "personal_connections"  WHERE "personal_connections"."verb_id" = $1  [["verb_id", 498]]
11:08:56 web.1  |   [1m[35m (0.3ms)[0m  SELECT COUNT(*) FROM "personal_connections"  WHERE "personal_connections"."verb_id" = $1  [["verb_id", 1216]]
11:08:56 web.1  |   [1m[36m (0.3ms)[0m  [1mSELECT COUNT(*) FROM "personal_connections"  WHERE "personal_connections"."verb_id" = $1[0m  [["verb_id", 298]]
11:08:56 web.1  |   [1m[36m (0.5ms)[0m  [1mSELECT COUNT(*) FROM "personal_connections"  WHERE "personal_connections"."verb_id" = $1[0m  [["verb_id", 1557]]
11:08:56 web.1  |   [1m[35m (0.3ms)[0m  SELECT COUNT(*) FROM "personal_connections"  WHERE "personal_connections"."verb_id" = $1  [["verb_id", 506]]
11:08:56 web.1  |   [1m[35m (0.5ms)[0m  SELECT COUNT(*) FROM "personal_connections"  WHERE "personal_connections"."verb_id" = $1  [["verb_id", 576]]
11:08:56 web.1  |   [1m[36m (0.4ms)[0m  [1mSELECT COUNT(*) FROM "personal_connections"  WHERE "personal_connections"."verb_id" = $1[0m  [["verb_id", 1330]]
11:08:56 web.1  |   [1m[36m (0.3ms)[0m  [1mSELECT COUNT(*) FROM "personal_connections"  WHERE "personal_connections"."verb_id" = $1[0m  [["verb_id", 846]]
11:08:56 web.1  |   [1m[35m (0.6ms)[0m  SELECT COUNT(*) FROM "personal_connections"  WHERE "personal_connections"."verb_id" = $1  [["verb_id", 10]]
11:08:56 web.1  |   [1m[35m (0.3ms)[0m  SELECT COUNT(*) FROM "personal_connections"  WHERE "personal_connections"."verb_id" = $1  [["verb_id", 1363]]
11:08:56 web.1  |   [1m[36m (0.5ms)[0m  [1mSELECT COUNT(*) FROM "personal_connections"  WHERE "personal_connections"."verb_id" = $1[0m  [["verb_id", 776]]
11:08:56 web.1  |   [1m[36m (0.3ms)[0m  [1mSELECT COUNT(*) FROM "personal_connections"  WHERE "personal_connections"."verb_id" = $1[0m  [["verb_id", 932]]
11:08:56 web.1  |   [1m[35m (0.5ms)[0m  SELECT COUNT(*) FROM "personal_connections"  WHERE "personal_connections"."verb_id" = $1  [["verb_id", 310]]
11:08:56 web.1  |   [1m[35m (0.3ms)[0m  SELECT COUNT(*) FROM "personal_connections"  WHERE "personal_connections"."verb_id" = $1  [["verb_id", 693]]
11:08:56 web.1  |   [1m[36m (0.2ms)[0m  [1mSELECT COUNT(*) FROM "personal_connections"  WHERE "personal_connections"."verb_id" = $1[0m  [["verb_id", 679]]
11:08:56 web.1  |   [1m[35m (0.4ms)[0m  SELECT COUNT(*) FROM "personal_connections"  WHERE "personal_connections"."verb_id" = $1  [["verb_id", 869]]
11:08:56 web.1  |   [1m[36m (0.3ms)[0m  [1mSELECT COUNT(*) FROM "personal_connections"  WHERE "personal_connections"."verb_id" = $1[0m  [["verb_id", 1153]]
11:08:56 web.1  |   [1m[36m (0.4ms)[0m  [1mSELECT COUNT(*) FROM "personal_connections"  WHERE "personal_connections"."verb_id" = $1[0m  [["verb_id", 968]]
11:08:56 web.1  |   [1m[35m (0.2ms)[0m  SELECT COUNT(*) FROM "personal_connections"  WHERE "personal_connections"."verb_id" = $1  [["verb_id", 829]]
11:08:56 web.1  |   [1m[35m (0.6ms)[0m  SELECT COUNT(*) FROM "personal_connections"  WHERE "personal_connections"."verb_id" = $1  [["verb_id", 1575]]
11:08:56 web.1  |   [1m[36m (0.3ms)[0m  [1mSELECT COUNT(*) FROM "personal_connections"  WHERE "personal_connections"."verb_id" = $1[0m  [["verb_id", 1445]]
11:08:56 web.1  |   [1m[36m (0.3ms)[0m  [1mSELECT COUNT(*) FROM "personal_connections"  WHERE "personal_connections"."verb_id" = $1[0m  [["verb_id", 901]]
11:08:56 web.1  |   [1m[35m (0.2ms)[0m  SELECT COUNT(*) FROM "personal_connections"  WHERE "personal_connections"."verb_id" = $1  [["verb_id", 133]]
11:08:56 web.1  |   [1m[35m (0.3ms)[0m  SELECT COUNT(*) FROM "personal_connections"  WHERE "personal_connections"."verb_id" = $1  [["verb_id", 736]]
11:08:56 web.1  |   [1m[36m (0.5ms)[0m  [1mSELECT COUNT(*) FROM "personal_connections"  WHERE "personal_connections"."verb_id" = $1[0m  [["verb_id", 25]]
11:08:56 web.1  |   [1m[36m (0.3ms)[0m  [1mSELECT COUNT(*) FROM "personal_connections"  WHERE "personal_connections"."verb_id" = $1[0m  [["verb_id", 462]]
11:08:56 web.1  |   [1m[35m (0.5ms)[0m  SELECT COUNT(*) FROM "personal_connections"  WHERE "personal_connections"."verb_id" = $1  [["verb_id", 614]]
11:08:56 web.1  |   [1m[35m (0.6ms)[0m  SELECT COUNT(*) FROM "personal_connections"  WHERE "personal_connections"."verb_id" = $1  [["verb_id", 930]]
11:08:56 web.1  |   [1m[36m (0.5ms)[0m  [1mSELECT COUNT(*) FROM "personal_connections"  WHERE "personal_connections"."verb_id" = $1[0m  [["verb_id", 117]]
11:08:56 web.1  |   [1m[36m (0.4ms)[0m  [1mSELECT COUNT(*) FROM "personal_connections"  WHERE "personal_connections"."verb_id" = $1[0m  [["verb_id", 15]]
11:08:56 web.1  |   [1m[35m (0.4ms)[0m  SELECT COUNT(*) FROM "personal_connections"  WHERE "personal_connections"."verb_id" = $1  [["verb_id", 264]]
11:08:56 web.1  |   [1m[35m (0.3ms)[0m  SELECT COUNT(*) FROM "personal_connections"  WHERE "personal_connections"."verb_id" = $1  [["verb_id", 704]]
11:08:56 web.1  |   [1m[36m (0.3ms)[0m  [1mSELECT COUNT(*) FROM "personal_connections"  WHERE "personal_connections"."verb_id" = $1[0m  [["verb_id", 1382]]
11:08:56 web.1  |   [1m[35m (0.3ms)[0m  SELECT COUNT(*) FROM "personal_connections"  WHERE "personal_connections"."verb_id" = $1  [["verb_id", 352]]
11:08:56 web.1  |   [1m[36m (0.2ms)[0m  [1mSELECT COUNT(*) FROM "personal_connections"  WHERE "personal_connections"."verb_id" = $1[0m  [["verb_id", 1552]]
11:08:56 web.1  |   [1m[36m (0.3ms)[0m  [1mSELECT COUNT(*) FROM "personal_connections"  WHERE "personal_connections"."verb_id" = $1[0m  [["verb_id", 1065]]
11:08:56 web.1  |   [1m[35m (0.3ms)[0m  SELECT COUNT(*) FROM "personal_connections"  WHERE "personal_connections"."verb_id" = $1  [["verb_id", 1172]]
11:08:56 web.1  |   [1m[35m (0.3ms)[0m  SELECT COUNT(*) FROM "personal_connections"  WHERE "personal_connections"."verb_id" = $1  [["verb_id", 822]]
11:08:56 web.1  |   [1m[36m (0.3ms)[0m  [1mSELECT COUNT(*) FROM "personal_connections"  WHERE "personal_connections"."verb_id" = $1[0m  [["verb_id", 1216]]
11:08:56 web.1  |   [1m[36m (0.3ms)[0m  [1mSELECT COUNT(*) FROM "personal_connections"  WHERE "personal_connections"."verb_id" = $1[0m  [["verb_id", 364]]
11:08:56 web.1  |   [1m[35m (0.3ms)[0m  SELECT COUNT(*) FROM "personal_connections"  WHERE "personal_connections"."verb_id" = $1  [["verb_id", 1557]]
11:08:56 web.1  |   [1m[35m (0.3ms)[0m  SELECT COUNT(*) FROM "personal_connections"  WHERE "personal_connections"."verb_id" = $1  [["verb_id", 39]]
11:08:56 web.1  |   [1m[36m (0.3ms)[0m  [1mSELECT COUNT(*) FROM "personal_connections"  WHERE "personal_connections"."verb_id" = $1[0m  [["verb_id", 1518]]
11:08:56 web.1  |   [1m[36m (0.5ms)[0m  [1mSELECT COUNT(*) FROM "personal_connections"  WHERE "personal_connections"."verb_id" = $1[0m  [["verb_id", 576]]
11:08:56 web.1  |   [1m[35m (0.4ms)[0m  SELECT COUNT(*) FROM "personal_connections"  WHERE "personal_connections"."verb_id" = $1  [["verb_id", 1044]]
11:08:56 web.1  |   [1m[35m (0.4ms)[0m  SELECT COUNT(*) FROM "personal_connections"  WHERE "personal_connections"."verb_id" = $1  [["verb_id", 846]]
11:08:56 web.1  |   [1m[36m (0.3ms)[0m  [1mSELECT COUNT(*) FROM "personal_connections"  WHERE "personal_connections"."verb_id" = $1[0m  [["verb_id", 856]]
11:08:56 web.1  |   [1m[36m (0.5ms)[0m  [1mSELECT COUNT(*) FROM "personal_connections"  WHERE "personal_connections"."verb_id" = $1[0m  [["verb_id", 1363]]
11:08:56 web.1  |   [1m[35m (0.3ms)[0m  SELECT COUNT(*) FROM "personal_connections"  WHERE "personal_connections"."verb_id" = $1  [["verb_id", 1191]]
11:08:56 web.1  |   [1m[35m (0.3ms)[0m  SELECT COUNT(*) FROM "personal_connections"  WHERE "personal_connections"."verb_id" = $1  [["verb_id", 932]]
11:08:56 web.1  |   [1m[36m (0.3ms)[0m  [1mSELECT COUNT(*) FROM "personal_connections"  WHERE "personal_connections"."verb_id" = $1[0m  [["verb_id", 446]]
11:08:56 web.1  |   [1m[36m (0.3ms)[0m  [1mSELECT COUNT(*) FROM "personal_connections"  WHERE "personal_connections"."verb_id" = $1[0m  [["verb_id", 693]]
11:08:56 web.1  |   [1m[35m (0.3ms)[0m  SELECT COUNT(*) FROM "personal_connections"  WHERE "personal_connections"."verb_id" = $1  [["verb_id", 890]]
11:08:56 web.1  |   [1m[35m (0.3ms)[0m  SELECT COUNT(*) FROM "personal_connections"  WHERE "personal_connections"."verb_id" = $1  [["verb_id", 1153]]
11:08:56 web.1  |   [1m[36m (0.4ms)[0m  [1mSELECT COUNT(*) FROM "personal_connections"  WHERE "personal_connections"."verb_id" = $1[0m  [["verb_id", 1094]]
11:08:56 web.1  |   [1m[36m (0.4ms)[0m  [1mSELECT COUNT(*) FROM "personal_connections"  WHERE "personal_connections"."verb_id" = $1[0m  [["verb_id", 829]]
11:08:56 web.1  |   [1m[35m (0.6ms)[0m  SELECT COUNT(*) FROM "personal_connections"  WHERE "personal_connections"."verb_id" = $1  [["verb_id", 69]]
11:08:56 web.1  |   [1m[35m (0.3ms)[0m  SELECT COUNT(*) FROM "personal_connections"  WHERE "personal_connections"."verb_id" = $1  [["verb_id", 1445]]
11:08:56 web.1  |   [1m[36m (0.3ms)[0m  [1mSELECT COUNT(*) FROM "personal_connections"  WHERE "personal_connections"."verb_id" = $1[0m  [["verb_id", 1246]]
11:08:56 web.1  |   [1m[36m (0.4ms)[0m  [1mSELECT COUNT(*) FROM "personal_connections"  WHERE "personal_connections"."verb_id" = $1[0m  [["verb_id", 133]]
11:08:56 web.1  |   [1m[35m (0.5ms)[0m  SELECT COUNT(*) FROM "personal_connections"  WHERE "personal_connections"."verb_id" = $1  [["verb_id", 831]]
11:08:56 web.1  |   [1m[35m (0.3ms)[0m  SELECT COUNT(*) FROM "personal_connections"  WHERE "personal_connections"."verb_id" = $1  [["verb_id", 25]]
11:08:56 web.1  |   [1m[36m (0.3ms)[0m  [1mSELECT COUNT(*) FROM "personal_connections"  WHERE "personal_connections"."verb_id" = $1[0m  [["verb_id", 765]]
11:08:56 web.1  |   [1m[36m (0.3ms)[0m  [1mSELECT COUNT(*) FROM "personal_connections"  WHERE "personal_connections"."verb_id" = $1[0m  [["verb_id", 614]]
11:08:56 web.1  |   [1m[35m (0.3ms)[0m  SELECT COUNT(*) FROM "personal_connections"  WHERE "personal_connections"."verb_id" = $1  [["verb_id", 117]]
11:08:57 web.1  |   [1m[35m (0.3ms)[0m  SELECT COUNT(*) FROM "personal_connections"  WHERE "personal_connections"."verb_id" = $1  [["verb_id", 834]]
11:08:57 web.1  |   [1m[36m (0.3ms)[0m  [1mSELECT COUNT(*) FROM "personal_connections"  WHERE "personal_connections"."verb_id" = $1[0m  [["verb_id", 264]]
11:08:57 web.1  |   [1m[36m (1.3ms)[0m  [1mSELECT COUNT(*) FROM "personal_connections"  WHERE "personal_connections"."verb_id" = $1[0m  [["verb_id", 222]]
11:08:57 web.1  |   [1m[35m (0.3ms)[0m  SELECT COUNT(*) FROM "personal_connections"  WHERE "personal_connections"."verb_id" = $1  [["verb_id", 1382]]
11:08:57 web.1  |   [1m[35m (0.3ms)[0m  SELECT COUNT(*) FROM "personal_connections"  WHERE "personal_connections"."verb_id" = $1  [["verb_id", 556]]
11:08:57 web.1  |   [1m[36m (0.3ms)[0m  [1mSELECT COUNT(*) FROM "personal_connections"  WHERE "personal_connections"."verb_id" = $1[0m  [["verb_id", 352]]
11:08:57 web.1  |   [1m[36m (0.3ms)[0m  [1mSELECT COUNT(*) FROM "personal_connections"  WHERE "personal_connections"."verb_id" = $1[0m  [["verb_id", 1032]]
11:08:57 web.1  |   [1m[35m (0.3ms)[0m  SELECT COUNT(*) FROM "personal_connections"  WHERE "personal_connections"."verb_id" = $1  [["verb_id", 1065]]
11:08:57 web.1  |   [1m[35m (0.3ms)[0m  SELECT COUNT(*) FROM "personal_connections"  WHERE "personal_connections"."verb_id" = $1  [["verb_id", 1189]]
11:08:57 web.1  |   [1m[36m (0.3ms)[0m  [1mSELECT COUNT(*) FROM "personal_connections"  WHERE "personal_connections"."verb_id" = $1[0m  [["verb_id", 822]]
11:08:57 web.1  |   [1m[35m (0.3ms)[0m  SELECT COUNT(*) FROM "personal_connections"  WHERE "personal_connections"."verb_id" = $1  [["verb_id", 364]]
11:08:57 web.1  |   [1m[36m (0.2ms)[0m  [1mSELECT COUNT(*) FROM "personal_connections"  WHERE "personal_connections"."verb_id" = $1[0m  [["verb_id", 691]]
11:08:57 web.1  |   [1m[36m (0.4ms)[0m  [1mSELECT COUNT(*) FROM "personal_connections"  WHERE "personal_connections"."verb_id" = $1[0m  [["verb_id", 39]]
11:08:57 web.1  |   [1m[35m (0.2ms)[0m  SELECT COUNT(*) FROM "personal_connections"  WHERE "personal_connections"."verb_id" = $1  [["verb_id", 1221]]
11:08:57 web.1  |   [1m[36m (0.4ms)[0m  [1mSELECT COUNT(*) FROM "personal_connections"  WHERE "personal_connections"."verb_id" = $1[0m  [["verb_id", 1033]]
11:08:57 web.1  |   [1m[35m (0.2ms)[0m  SELECT COUNT(*) FROM "personal_connections"  WHERE "personal_connections"."verb_id" = $1  [["verb_id", 1518]]
11:08:57 web.1  |   [1m[35m (0.3ms)[0m  SELECT COUNT(*) FROM "personal_connections"  WHERE "personal_connections"."verb_id" = $1  [["verb_id", 322]]
11:08:57 web.1  |   [1m[36m (0.3ms)[0m  [1mSELECT COUNT(*) FROM "personal_connections"  WHERE "personal_connections"."verb_id" = $1[0m  [["verb_id", 1044]]
11:08:57 web.1  |   [1m[36m (0.3ms)[0m  [1mSELECT COUNT(*) FROM "personal_connections"  WHERE "personal_connections"."verb_id" = $1[0m  [["verb_id", 1041]]
11:08:57 web.1  |   [1m[35m (0.2ms)[0m  SELECT COUNT(*) FROM "personal_connections"  WHERE "personal_connections"."verb_id" = $1  [["verb_id", 856]]
11:08:57 web.1  |   [1m[35m (0.3ms)[0m  SELECT COUNT(*) FROM "personal_connections"  WHERE "personal_connections"."verb_id" = $1  [["verb_id", 1264]]
11:08:57 web.1  |   [1m[36m (0.3ms)[0m  [1mSELECT COUNT(*) FROM "personal_connections"  WHERE "personal_connections"."verb_id" = $1[0m  [["verb_id", 1191]]
11:08:57 web.1  |   [1m[36m (0.3ms)[0m  [1mSELECT COUNT(*) FROM "personal_connections"  WHERE "personal_connections"."verb_id" = $1[0m  [["verb_id", 1152]]
11:08:57 web.1  |   [1m[35m (0.4ms)[0m  SELECT COUNT(*) FROM "personal_connections"  WHERE "personal_connections"."verb_id" = $1  [["verb_id", 446]]
11:08:57 web.1  |   [1m[35m (0.6ms)[0m  SELECT COUNT(*) FROM "personal_connections"  WHERE "personal_connections"."verb_id" = $1  [["verb_id", 723]]
11:08:57 web.1  |   [1m[36m (0.3ms)[0m  [1mSELECT COUNT(*) FROM "personal_connections"  WHERE "personal_connections"."verb_id" = $1[0m  [["verb_id", 890]]
11:08:57 web.1  |   [1m[36m (0.3ms)[0m  [1mSELECT COUNT(*) FROM "personal_connections"  WHERE "personal_connections"."verb_id" = $1[0m  [["verb_id", 552]]
11:08:57 web.1  |   [1m[35m (0.3ms)[0m  SELECT COUNT(*) FROM "personal_connections"  WHERE "personal_connections"."verb_id" = $1  [["verb_id", 1094]]
11:08:57 web.1  |   [1m[35m (0.3ms)[0m  SELECT COUNT(*) FROM "personal_connections"  WHERE "personal_connections"."verb_id" = $1  [["verb_id", 1166]]
11:08:57 web.1  |   [1m[36m (0.4ms)[0m  [1mSELECT COUNT(*) FROM "personal_connections"  WHERE "personal_connections"."verb_id" = $1[0m  [["verb_id", 69]]
11:08:57 web.1  |   [1m[36m (0.3ms)[0m  [1mSELECT COUNT(*) FROM "personal_connections"  WHERE "personal_connections"."verb_id" = $1[0m  [["verb_id", 1211]]
11:08:57 web.1  |   [1m[35m (0.3ms)[0m  SELECT COUNT(*) FROM "personal_connections"  WHERE "personal_connections"."verb_id" = $1  [["verb_id", 1246]]
11:08:57 web.1  |   [1m[35m (0.4ms)[0m  SELECT COUNT(*) FROM "personal_connections"  WHERE "personal_connections"."verb_id" = $1  [["verb_id", 564]]
11:08:57 web.1  |   [1m[36m (0.3ms)[0m  [1mSELECT COUNT(*) FROM "personal_connections"  WHERE "personal_connections"."verb_id" = $1[0m  [["verb_id", 831]]
11:08:57 web.1  |   [1m[36m (0.3ms)[0m  [1mSELECT COUNT(*) FROM "personal_connections"  WHERE "personal_connections"."verb_id" = $1[0m  [["verb_id", 518]]
11:08:57 web.1  |   [1m[35m (0.3ms)[0m  SELECT COUNT(*) FROM "personal_connections"  WHERE "personal_connections"."verb_id" = $1  [["verb_id", 765]]
11:08:57 web.1  |   [1m[35m (0.3ms)[0m  SELECT COUNT(*) FROM "personal_connections"  WHERE "personal_connections"."verb_id" = $1  [["verb_id", 1048]]
11:08:57 web.1  |   [1m[36m (0.3ms)[0m  [1mSELECT COUNT(*) FROM "personal_connections"  WHERE "personal_connections"."verb_id" = $1[0m  [["verb_id", 834]]
11:08:57 web.1  |   [1m[36m (0.3ms)[0m  [1mSELECT COUNT(*) FROM "personal_connections"  WHERE "personal_connections"."verb_id" = $1[0m  [["verb_id", 230]]
11:08:57 web.1  |   [1m[35m (1.4ms)[0m  SELECT COUNT(*) FROM "personal_connections"  WHERE "personal_connections"."verb_id" = $1  [["verb_id", 222]]
11:08:57 web.1  |   [1m[35m (0.3ms)[0m  SELECT COUNT(*) FROM "personal_connections"  WHERE "personal_connections"."verb_id" = $1  [["verb_id", 998]]
11:08:57 web.1  |   [1m[36m (0.3ms)[0m  [1mSELECT COUNT(*) FROM "personal_connections"  WHERE "personal_connections"."verb_id" = $1[0m  [["verb_id", 556]]
11:08:57 web.1  |   [1m[36m (0.2ms)[0m  [1mSELECT COUNT(*) FROM "personal_connections"  WHERE "personal_connections"."verb_id" = $1[0m  [["verb_id", 288]]
11:08:57 web.1  |   [1m[35m (0.3ms)[0m  SELECT COUNT(*) FROM "personal_connections"  WHERE "personal_connections"."verb_id" = $1  [["verb_id", 1560]]
11:08:57 web.1  |   [1m[35m (0.3ms)[0m  SELECT COUNT(*) FROM "personal_connections"  WHERE "personal_connections"."verb_id" = $1  [["verb_id", 1032]]
11:08:57 web.1  |   [1m[36m (0.3ms)[0m  [1mSELECT COUNT(*) FROM "personal_connections"  WHERE "personal_connections"."verb_id" = $1[0m  [["verb_id", 1533]]
11:08:57 web.1  |   [1m[36m (0.2ms)[0m  [1mSELECT COUNT(*) FROM "personal_connections"  WHERE "personal_connections"."verb_id" = $1[0m  [["verb_id", 1189]]
11:08:57 web.1  |   [1m[35m (0.3ms)[0m  SELECT COUNT(*) FROM "personal_connections"  WHERE "personal_connections"."verb_id" = $1  [["verb_id", 866]]
11:08:57 web.1  |   [1m[35m (0.3ms)[0m  SELECT COUNT(*) FROM "personal_connections"  WHERE "personal_connections"."verb_id" = $1  [["verb_id", 691]]
11:08:57 web.1  |   [1m[36m (0.3ms)[0m  [1mSELECT COUNT(*) FROM "personal_connections"  WHERE "personal_connections"."verb_id" = $1[0m  [["verb_id", 1108]]
11:08:57 web.1  |   [1m[36m (0.3ms)[0m  [1mSELECT COUNT(*) FROM "personal_connections"  WHERE "personal_connections"."verb_id" = $1[0m  [["verb_id", 1221]]
11:08:57 web.1  |   [1m[35m (0.3ms)[0m  SELECT COUNT(*) FROM "personal_connections"  WHERE "personal_connections"."verb_id" = $1  [["verb_id", 1163]]
11:08:57 web.1  |   [1m[35m (0.3ms)[0m  SELECT COUNT(*) FROM "personal_connections"  WHERE "personal_connections"."verb_id" = $1  [["verb_id", 1033]]
11:08:57 web.1  |   [1m[36m (0.3ms)[0m  [1mSELECT COUNT(*) FROM "personal_connections"  WHERE "personal_connections"."verb_id" = $1[0m  [["verb_id", 1123]]
11:08:57 web.1  |   [1m[36m (0.3ms)[0m  [1mSELECT COUNT(*) FROM "personal_connections"  WHERE "personal_connections"."verb_id" = $1[0m  [["verb_id", 322]]
11:08:57 web.1  |   [1m[35m (0.7ms)[0m  SELECT COUNT(*) FROM "personal_connections"  WHERE "personal_connections"."verb_id" = $1  [["verb_id", 8]]
11:08:57 web.1  |   [1m[35m (0.3ms)[0m  SELECT COUNT(*) FROM "personal_connections"  WHERE "personal_connections"."verb_id" = $1  [["verb_id", 1041]]
11:08:57 web.1  |   [1m[36m (0.4ms)[0m  [1mSELECT COUNT(*) FROM "personal_connections"  WHERE "personal_connections"."verb_id" = $1[0m  [["verb_id", 504]]
11:08:57 web.1  |   [1m[36m (0.3ms)[0m  [1mSELECT COUNT(*) FROM "personal_connections"  WHERE "personal_connections"."verb_id" = $1[0m  [["verb_id", 1264]]
11:08:57 web.1  |   [1m[35m (0.3ms)[0m  SELECT COUNT(*) FROM "personal_connections"  WHERE "personal_connections"."verb_id" = $1  [["verb_id", 1031]]
11:08:57 web.1  |   [1m[36m (0.3ms)[0m  [1mSELECT COUNT(*) FROM "personal_connections"  WHERE "personal_connections"."verb_id" = $1[0m  [["verb_id", 778]]
11:08:57 web.1  |   [1m[35m (0.4ms)[0m  SELECT COUNT(*) FROM "personal_connections"  WHERE "personal_connections"."verb_id" = $1  [["verb_id", 1152]]
11:08:57 web.1  |   [1m[35m (0.3ms)[0m  SELECT COUNT(*) FROM "personal_connections"  WHERE "personal_connections"."verb_id" = $1  [["verb_id", 1036]]
11:08:57 web.1  |   [1m[36m (0.2ms)[0m  [1mSELECT COUNT(*) FROM "personal_connections"  WHERE "personal_connections"."verb_id" = $1[0m  [["verb_id", 723]]
11:08:57 web.1  |   [1m[36m (0.4ms)[0m  [1mSELECT COUNT(*) FROM "personal_connections"  WHERE "personal_connections"."verb_id" = $1[0m  [["verb_id", 292]]
11:08:57 web.1  |   [1m[35m (0.3ms)[0m  SELECT COUNT(*) FROM "personal_connections"  WHERE "personal_connections"."verb_id" = $1  [["verb_id", 552]]
11:08:57 web.1  |   [1m[35m (0.4ms)[0m  SELECT COUNT(*) FROM "personal_connections"  WHERE "personal_connections"."verb_id" = $1  [["verb_id", 1459]]
11:08:57 web.1  |   [1m[36m (0.2ms)[0m  [1mSELECT COUNT(*) FROM "personal_connections"  WHERE "personal_connections"."verb_id" = $1[0m  [["verb_id", 1166]]
11:08:57 web.1  |   [1m[36m (0.4ms)[0m  [1mSELECT COUNT(*) FROM "personal_connections"  WHERE "personal_connections"."verb_id" = $1[0m  [["verb_id", 881]]
11:08:57 web.1  |   [1m[35m (0.4ms)[0m  SELECT COUNT(*) FROM "personal_connections"  WHERE "personal_connections"."verb_id" = $1  [["verb_id", 1211]]
11:08:57 web.1  |   [1m[35m (0.3ms)[0m  SELECT COUNT(*) FROM "personal_connections"  WHERE "personal_connections"."verb_id" = $1  [["verb_id", 1233]]
11:08:57 web.1  |   [1m[36m (0.3ms)[0m  [1mSELECT COUNT(*) FROM "personal_connections"  WHERE "personal_connections"."verb_id" = $1[0m  [["verb_id", 564]]
11:08:57 web.1  |   [1m[36m (0.3ms)[0m  [1mSELECT COUNT(*) FROM "personal_connections"  WHERE "personal_connections"."verb_id" = $1[0m  [["verb_id", 1185]]
11:08:57 web.1  |   [1m[35m (0.3ms)[0m  SELECT COUNT(*) FROM "personal_connections"  WHERE "personal_connections"."verb_id" = $1  [["verb_id", 518]]
11:08:57 web.1  |   [1m[35m (0.3ms)[0m  SELECT COUNT(*) FROM "personal_connections"  WHERE "personal_connections"."verb_id" = $1  [["verb_id", 1037]]
11:08:57 web.1  |   [1m[36m (0.5ms)[0m  [1mSELECT COUNT(*) FROM "personal_connections"  WHERE "personal_connections"."verb_id" = $1[0m  [["verb_id", 1048]]
11:08:57 web.1  |   [1m[36m (0.3ms)[0m  [1mSELECT COUNT(*) FROM "personal_connections"  WHERE "personal_connections"."verb_id" = $1[0m  [["verb_id", 816]]
11:08:57 web.1  |   [1m[35m (0.4ms)[0m  SELECT COUNT(*) FROM "personal_connections"  WHERE "personal_connections"."verb_id" = $1  [["verb_id", 230]]
11:08:57 web.1  |   [1m[35m (0.3ms)[0m  SELECT COUNT(*) FROM "personal_connections"  WHERE "personal_connections"."verb_id" = $1  [["verb_id", 1045]]
11:08:57 web.1  |   [1m[36m (0.5ms)[0m  [1mSELECT COUNT(*) FROM "personal_connections"  WHERE "personal_connections"."verb_id" = $1[0m  [["verb_id", 998]]
11:08:57 web.1  |   [1m[36m (0.3ms)[0m  [1mSELECT COUNT(*) FROM "personal_connections"  WHERE "personal_connections"."verb_id" = $1[0m  [["verb_id", 1140]]
11:08:57 web.1  |   [1m[35m (0.3ms)[0m  SELECT COUNT(*) FROM "personal_connections"  WHERE "personal_connections"."verb_id" = $1  [["verb_id", 288]]
11:08:57 web.1  |   [1m[35m (0.3ms)[0m  SELECT COUNT(*) FROM "personal_connections"  WHERE "personal_connections"."verb_id" = $1  [["verb_id", 1525]]
11:08:57 web.1  |   [1m[36m (0.3ms)[0m  [1mSELECT COUNT(*) FROM "personal_connections"  WHERE "personal_connections"."verb_id" = $1[0m  [["verb_id", 1560]]
11:08:57 web.1  |   [1m[36m (0.3ms)[0m  [1mSELECT COUNT(*) FROM "personal_connections"  WHERE "personal_connections"."verb_id" = $1[0m  [["verb_id", 1458]]
11:08:57 web.1  |   [1m[35m (0.3ms)[0m  SELECT COUNT(*) FROM "personal_connections"  WHERE "personal_connections"."verb_id" = $1  [["verb_id", 1533]]
11:08:57 web.1  |   [1m[35m (0.5ms)[0m  SELECT COUNT(*) FROM "personal_connections"  WHERE "personal_connections"."verb_id" = $1  [["verb_id", 896]]
11:08:57 web.1  |   [1m[36m (0.3ms)[0m  [1mSELECT COUNT(*) FROM "personal_connections"  WHERE "personal_connections"."verb_id" = $1[0m  [["verb_id", 866]]
11:08:57 web.1  |   [1m[36m (0.3ms)[0m  [1mSELECT COUNT(*) FROM "personal_connections"  WHERE "personal_connections"."verb_id" = $1[0m  [["verb_id", 1479]]
11:08:57 web.1  |   [1m[35m (0.3ms)[0m  SELECT COUNT(*) FROM "personal_connections"  WHERE "personal_connections"."verb_id" = $1  [["verb_id", 1108]]
11:08:57 web.1  |   [1m[35m (0.2ms)[0m  SELECT COUNT(*) FROM "personal_connections"  WHERE "personal_connections"."verb_id" = $1  [["verb_id", 1186]]
11:08:57 web.1  |   [1m[36m (0.3ms)[0m  [1mSELECT COUNT(*) FROM "personal_connections"  WHERE "personal_connections"."verb_id" = $1[0m  [["verb_id", 1161]]
11:08:57 web.1  |   [1m[36m (0.3ms)[0m  [1mSELECT COUNT(*) FROM "personal_connections"  WHERE "personal_connections"."verb_id" = $1[0m  [["verb_id", 1163]]
11:08:57 web.1  |   [1m[35m (0.3ms)[0m  SELECT COUNT(*) FROM "personal_connections"  WHERE "personal_connections"."verb_id" = $1  [["verb_id", 805]]
11:08:57 web.1  |   [1m[35m (0.5ms)[0m  SELECT COUNT(*) FROM "personal_connections"  WHERE "personal_connections"."verb_id" = $1  [["verb_id", 1123]]
11:08:57 web.1  |   [1m[36m (0.3ms)[0m  [1mSELECT COUNT(*) FROM "personal_connections"  WHERE "personal_connections"."verb_id" = $1[0m  [["verb_id", 900]]
11:08:57 web.1  |   [1m[36m (0.9ms)[0m  [1mSELECT COUNT(*) FROM "personal_connections"  WHERE "personal_connections"."verb_id" = $1[0m  [["verb_id", 8]]
11:08:57 web.1  |   [1m[35m (0.4ms)[0m  SELECT COUNT(*) FROM "personal_connections"  WHERE "personal_connections"."verb_id" = $1  [["verb_id", 814]]
11:08:57 web.1  |   [1m[35m (0.4ms)[0m  SELECT COUNT(*) FROM "personal_connections"  WHERE "personal_connections"."verb_id" = $1  [["verb_id", 504]]
11:08:57 web.1  |   [1m[36m (0.3ms)[0m  [1mSELECT COUNT(*) FROM "personal_connections"  WHERE "personal_connections"."verb_id" = $1[0m  [["verb_id", 226]]
11:08:57 web.1  |   [1m[36m (0.5ms)[0m  [1mSELECT COUNT(*) FROM "personal_connections"  WHERE "personal_connections"."verb_id" = $1[0m  [["verb_id", 1031]]
11:08:57 web.1  |   [1m[35m (0.3ms)[0m  SELECT COUNT(*) FROM "personal_connections"  WHERE "personal_connections"."verb_id" = $1  [["verb_id", 644]]
11:08:57 web.1  |   [1m[35m (1.2ms)[0m  SELECT COUNT(*) FROM "personal_connections"  WHERE "personal_connections"."verb_id" = $1  [["verb_id", 778]]
11:08:57 web.1  |   [1m[36m (0.3ms)[0m  [1mSELECT COUNT(*) FROM "personal_connections"  WHERE "personal_connections"."verb_id" = $1[0m  [["verb_id", 804]]
11:08:57 web.1  |   [1m[36m (0.4ms)[0m  [1mSELECT COUNT(*) FROM "personal_connections"  WHERE "personal_connections"."verb_id" = $1[0m  [["verb_id", 1036]]
11:08:57 web.1  |   [1m[35m (4.1ms)[0m  SELECT COUNT(*) FROM "personal_connections"  WHERE "personal_connections"."verb_id" = $1  [["verb_id", 292]]
11:08:57 web.1  |   [1m[35m (0.4ms)[0m  SELECT COUNT(*) FROM "personal_connections"  WHERE "personal_connections"."verb_id" = $1  [["verb_id", 937]]
11:08:57 web.1  |   [1m[36m (0.3ms)[0m  [1mSELECT COUNT(*) FROM "personal_connections"  WHERE "personal_connections"."verb_id" = $1[0m  [["verb_id", 1459]]
11:08:57 web.1  |   [1m[36m (0.5ms)[0m  [1mSELECT COUNT(*) FROM "personal_connections"  WHERE "personal_connections"."verb_id" = $1[0m  [["verb_id", 926]]
11:08:57 web.1  |   [1m[35m (0.3ms)[0m  SELECT COUNT(*) FROM "personal_connections"  WHERE "personal_connections"."verb_id" = $1  [["verb_id", 881]]
11:08:57 web.1  |   [1m[35m (0.3ms)[0m  SELECT COUNT(*) FROM "personal_connections"  WHERE "personal_connections"."verb_id" = $1  [["verb_id", 916]]
11:08:57 web.1  |   [1m[36m (0.3ms)[0m  [1mSELECT COUNT(*) FROM "personal_connections"  WHERE "personal_connections"."verb_id" = $1[0m  [["verb_id", 1233]]
11:08:57 web.1  |   [1m[36m (0.6ms)[0m  [1mSELECT COUNT(*) FROM "personal_connections"  WHERE "personal_connections"."verb_id" = $1[0m  [["verb_id", 49]]
11:08:57 web.1  |   [1m[35m (0.4ms)[0m  SELECT COUNT(*) FROM "personal_connections"  WHERE "personal_connections"."verb_id" = $1  [["verb_id", 1185]]
11:08:57 web.1  |   [1m[35m (0.4ms)[0m  SELECT COUNT(*) FROM "personal_connections"  WHERE "personal_connections"."verb_id" = $1  [["verb_id", 430]]
11:08:57 web.1  |   [1m[36m (0.3ms)[0m  [1mSELECT COUNT(*) FROM "personal_connections"  WHERE "personal_connections"."verb_id" = $1[0m  [["verb_id", 1037]]
11:08:57 web.1  |   [1m[36m (0.4ms)[0m  [1mSELECT COUNT(*) FROM "personal_connections"  WHERE "personal_connections"."verb_id" = $1[0m  [["verb_id", 1054]]
11:08:57 web.1  |   [1m[35m (0.2ms)[0m  SELECT COUNT(*) FROM "personal_connections"  WHERE "personal_connections"."verb_id" = $1  [["verb_id", 816]]
11:08:57 web.1  |   [1m[36m (0.3ms)[0m  [1mSELECT COUNT(*) FROM "personal_connections"  WHERE "personal_connections"."verb_id" = $1[0m  [["verb_id", 1045]]
11:08:57 web.1  |   [1m[35m (0.5ms)[0m  SELECT COUNT(*) FROM "personal_connections"  WHERE "personal_connections"."verb_id" = $1  [["verb_id", 1538]]
11:08:57 web.1  |   [1m[35m (0.3ms)[0m  SELECT COUNT(*) FROM "personal_connections"  WHERE "personal_connections"."verb_id" = $1  [["verb_id", 1140]]
11:08:57 web.1  |   [1m[36m (0.3ms)[0m  [1mSELECT COUNT(*) FROM "personal_connections"  WHERE "personal_connections"."verb_id" = $1[0m  [["verb_id", 1004]]
11:08:57 web.1  |   [1m[36m (0.4ms)[0m  [1mSELECT COUNT(*) FROM "personal_connections"  WHERE "personal_connections"."verb_id" = $1[0m  [["verb_id", 1525]]
11:08:57 web.1  |   [1m[35m (0.3ms)[0m  SELECT COUNT(*) FROM "personal_connections"  WHERE "personal_connections"."verb_id" = $1  [["verb_id", 1298]]
11:08:57 web.1  |   [1m[35m (0.3ms)[0m  SELECT COUNT(*) FROM "personal_connections"  WHERE "personal_connections"."verb_id" = $1  [["verb_id", 1458]]
11:08:57 web.1  |   [1m[36m (0.5ms)[0m  [1mSELECT COUNT(*) FROM "personal_connections"  WHERE "personal_connections"."verb_id" = $1[0m  [["verb_id", 1118]]
11:08:57 web.1  |   [1m[36m (0.3ms)[0m  [1mSELECT COUNT(*) FROM "personal_connections"  WHERE "personal_connections"."verb_id" = $1[0m  [["verb_id", 896]]
11:08:57 web.1  |   [1m[35m (0.5ms)[0m  SELECT COUNT(*) FROM "personal_connections"  WHERE "personal_connections"."verb_id" = $1  [["verb_id", 1532]]
11:08:57 web.1  |   [1m[35m (0.6ms)[0m  SELECT COUNT(*) FROM "personal_connections"  WHERE "personal_connections"."verb_id" = $1  [["verb_id", 1479]]
11:08:57 web.1  |   [1m[36m (0.3ms)[0m  [1mSELECT COUNT(*) FROM "personal_connections"  WHERE "personal_connections"."verb_id" = $1[0m  [["verb_id", 1198]]
11:08:57 web.1  |   [1m[36m (0.5ms)[0m  [1mSELECT COUNT(*) FROM "personal_connections"  WHERE "personal_connections"."verb_id" = $1[0m  [["verb_id", 1186]]
11:08:57 web.1  |   [1m[35m (0.6ms)[0m  SELECT COUNT(*) FROM "personal_connections"  WHERE "personal_connections"."verb_id" = $1  [["verb_id", 826]]
11:08:57 web.1  |   [1m[35m (0.4ms)[0m  SELECT COUNT(*) FROM "personal_connections"  WHERE "personal_connections"."verb_id" = $1  [["verb_id", 1161]]
11:08:57 web.1  |   [1m[36m (0.4ms)[0m  [1mSELECT COUNT(*) FROM "personal_connections"  WHERE "personal_connections"."verb_id" = $1[0m  [["verb_id", 1349]]
11:08:57 web.1  |   [1m[36m (0.5ms)[0m  [1mSELECT COUNT(*) FROM "personal_connections"  WHERE "personal_connections"."verb_id" = $1[0m  [["verb_id", 805]]
11:08:57 web.1  |   [1m[35m (0.4ms)[0m  SELECT COUNT(*) FROM "personal_connections"  WHERE "personal_connections"."verb_id" = $1  [["verb_id", 1338]]
11:08:57 web.1  |   [1m[35m (0.5ms)[0m  SELECT COUNT(*) FROM "personal_connections"  WHERE "personal_connections"."verb_id" = $1  [["verb_id", 900]]
11:08:57 web.1  |   [1m[36m (0.3ms)[0m  [1mSELECT COUNT(*) FROM "personal_connections"  WHERE "personal_connections"."verb_id" = $1[0m  [["verb_id", 384]]
11:08:57 web.1  |   [1m[36m (0.3ms)[0m  [1mSELECT COUNT(*) FROM "personal_connections"  WHERE "personal_connections"."verb_id" = $1[0m  [["verb_id", 814]]
11:08:57 web.1  |   [1m[35m (0.3ms)[0m  SELECT COUNT(*) FROM "personal_connections"  WHERE "personal_connections"."verb_id" = $1  [["verb_id", 630]]
11:08:57 web.1  |   [1m[35m (0.5ms)[0m  SELECT COUNT(*) FROM "personal_connections"  WHERE "personal_connections"."verb_id" = $1  [["verb_id", 226]]
11:08:57 web.1  |   [1m[36m (0.3ms)[0m  [1mSELECT COUNT(*) FROM "personal_connections"  WHERE "personal_connections"."verb_id" = $1[0m  [["verb_id", 284]]
11:08:57 web.1  |   [1m[36m (0.3ms)[0m  [1mSELECT COUNT(*) FROM "personal_connections"  WHERE "personal_connections"."verb_id" = $1[0m  [["verb_id", 644]]
11:08:57 web.1  |   [1m[35m (0.2ms)[0m  SELECT COUNT(*) FROM "personal_connections"  WHERE "personal_connections"."verb_id" = $1  [["verb_id", 1179]]
11:08:57 web.1  |   [1m[36m (0.5ms)[0m  [1mSELECT COUNT(*) FROM "personal_connections"  WHERE "personal_connections"."verb_id" = $1[0m  [["verb_id", 920]]
11:08:57 web.1  |   [1m[35m (0.3ms)[0m  SELECT COUNT(*) FROM "personal_connections"  WHERE "personal_connections"."verb_id" = $1  [["verb_id", 804]]
11:08:57 web.1  |   [1m[35m (0.3ms)[0m  SELECT COUNT(*) FROM "personal_connections"  WHERE "personal_connections"."verb_id" = $1  [["verb_id", 1212]]
11:08:57 web.1  |   [1m[36m (0.5ms)[0m  [1mSELECT COUNT(*) FROM "personal_connections"  WHERE "personal_connections"."verb_id" = $1[0m  [["verb_id", 937]]
11:08:57 web.1  |   [1m[36m (0.4ms)[0m  [1mSELECT COUNT(*) FROM "personal_connections"  WHERE "personal_connections"."verb_id" = $1[0m  [["verb_id", 622]]
11:08:57 web.1  |   [1m[35m (0.5ms)[0m  SELECT COUNT(*) FROM "personal_connections"  WHERE "personal_connections"."verb_id" = $1  [["verb_id", 926]]
11:08:57 web.1  |   [1m[35m (0.6ms)[0m  SELECT COUNT(*) FROM "personal_connections"  WHERE "personal_connections"."verb_id" = $1  [["verb_id", 898]]
11:08:57 web.1  |   [1m[36m (0.5ms)[0m  [1mSELECT COUNT(*) FROM "personal_connections"  WHERE "personal_connections"."verb_id" = $1[0m  [["verb_id", 916]]
11:08:57 web.1  |   [1m[36m (0.9ms)[0m  [1mSELECT COUNT(*) FROM "personal_connections"  WHERE "personal_connections"."verb_id" = $1[0m  [["verb_id", 1190]]
11:08:57 web.1  |   [1m[35m (0.3ms)[0m  SELECT COUNT(*) FROM "personal_connections"  WHERE "personal_connections"."verb_id" = $1  [["verb_id", 49]]
11:08:57 web.1  |   [1m[35m (0.4ms)[0m  SELECT COUNT(*) FROM "personal_connections"  WHERE "personal_connections"."verb_id" = $1  [["verb_id", 1134]]
11:08:57 web.1  |   [1m[36m (0.3ms)[0m  [1mSELECT COUNT(*) FROM "personal_connections"  WHERE "personal_connections"."verb_id" = $1[0m  [["verb_id", 430]]
11:08:57 web.1  |   [1m[36m (0.5ms)[0m  [1mSELECT COUNT(*) FROM "personal_connections"  WHERE "personal_connections"."verb_id" = $1[0m  [["verb_id", 955]]
11:08:57 web.1  |   [1m[35m (0.6ms)[0m  SELECT COUNT(*) FROM "personal_connections"  WHERE "personal_connections"."verb_id" = $1  [["verb_id", 1054]]
11:08:57 web.1  |   [1m[35m (0.3ms)[0m  SELECT COUNT(*) FROM "personal_connections"  WHERE "personal_connections"."verb_id" = $1  [["verb_id", 280]]
11:08:57 web.1  |   [1m[36m (0.7ms)[0m  [1mSELECT COUNT(*) FROM "personal_connections"  WHERE "personal_connections"."verb_id" = $1[0m  [["verb_id", 1538]]
11:08:57 web.1  |   [1m[36m (0.5ms)[0m  [1mSELECT COUNT(*) FROM "personal_connections"  WHERE "personal_connections"."verb_id" = $1[0m  [["verb_id", 735]]
11:08:57 web.1  |   [1m[35m (0.6ms)[0m  SELECT COUNT(*) FROM "personal_connections"  WHERE "personal_connections"."verb_id" = $1  [["verb_id", 1004]]
11:08:57 web.1  |   [1m[35m (0.5ms)[0m  SELECT COUNT(*) FROM "personal_connections"  WHERE "personal_connections"."verb_id" = $1  [["verb_id", 750]]
11:08:57 web.1  |   [1m[36m (0.4ms)[0m  [1mSELECT COUNT(*) FROM "personal_connections"  WHERE "personal_connections"."verb_id" = $1[0m  [["verb_id", 1298]]
11:08:57 web.1  |   [1m[36m (0.4ms)[0m  [1mSELECT COUNT(*) FROM "personal_connections"  WHERE "personal_connections"."verb_id" = $1[0m  [["verb_id", 1147]]
11:08:57 web.1  |   [1m[35m (0.3ms)[0m  SELECT COUNT(*) FROM "personal_connections"  WHERE "personal_connections"."verb_id" = $1  [["verb_id", 1118]]
11:08:57 web.1  |   [1m[35m (0.6ms)[0m  SELECT COUNT(*) FROM "personal_connections"  WHERE "personal_connections"."verb_id" = $1  [["verb_id", 1362]]
11:08:57 web.1  |   [1m[36m (0.6ms)[0m  [1mSELECT COUNT(*) FROM "personal_connections"  WHERE "personal_connections"."verb_id" = $1[0m  [["verb_id", 1532]]
11:08:57 web.1  |   [1m[36m (0.3ms)[0m  [1mSELECT COUNT(*) FROM "personal_connections"  WHERE "personal_connections"."verb_id" = $1[0m  [["verb_id", 772]]
11:08:57 web.1  |   [1m[35m (0.5ms)[0m  SELECT COUNT(*) FROM "personal_connections"  WHERE "personal_connections"."verb_id" = $1  [["verb_id", 1198]]
11:08:57 web.1  |   [1m[35m (0.3ms)[0m  SELECT COUNT(*) FROM "personal_connections"  WHERE "personal_connections"."verb_id" = $1  [["verb_id", 1090]]
11:08:57 web.1  |   [1m[36m (0.7ms)[0m  [1mSELECT COUNT(*) FROM "personal_connections"  WHERE "personal_connections"."verb_id" = $1[0m  [["verb_id", 826]]
11:08:57 web.1  |   [1m[36m (0.3ms)[0m  [1mSELECT COUNT(*) FROM "personal_connections"  WHERE "personal_connections"."verb_id" = $1[0m  [["verb_id", 1240]]
11:08:57 web.1  |   [1m[35m (0.3ms)[0m  SELECT COUNT(*) FROM "personal_connections"  WHERE "personal_connections"."verb_id" = $1  [["verb_id", 1349]]
11:08:57 web.1  |   [1m[35m (0.5ms)[0m  SELECT COUNT(*) FROM "personal_connections"  WHERE "personal_connections"."verb_id" = $1  [["verb_id", 878]]
11:08:57 web.1  |   [1m[36m (0.3ms)[0m  [1mSELECT COUNT(*) FROM "personal_connections"  WHERE "personal_connections"."verb_id" = $1[0m  [["verb_id", 1338]]
11:08:57 web.1  |   [1m[36m (0.6ms)[0m  [1mSELECT COUNT(*) FROM "personal_connections"  WHERE "personal_connections"."verb_id" = $1[0m  [["verb_id", 1239]]
11:08:57 web.1  |   [1m[35m (0.3ms)[0m  SELECT COUNT(*) FROM "personal_connections"  WHERE "personal_connections"."verb_id" = $1  [["verb_id", 384]]
11:08:57 web.1  |   [1m[35m (0.2ms)[0m  SELECT COUNT(*) FROM "personal_connections"  WHERE "personal_connections"."verb_id" = $1  [["verb_id", 810]]
11:08:57 web.1  |   [1m[36m (0.4ms)[0m  [1mSELECT COUNT(*) FROM "personal_connections"  WHERE "personal_connections"."verb_id" = $1[0m  [["verb_id", 630]]
11:08:57 web.1  |   [1m[36m (0.3ms)[0m  [1mSELECT COUNT(*) FROM "personal_connections"  WHERE "personal_connections"."verb_id" = $1[0m  [["verb_id", 907]]
11:08:57 web.1  |   [1m[35m (0.3ms)[0m  SELECT COUNT(*) FROM "personal_connections"  WHERE "personal_connections"."verb_id" = $1  [["verb_id", 284]]
11:08:57 web.1  |   [1m[35m (0.4ms)[0m  SELECT COUNT(*) FROM "personal_connections"  WHERE "personal_connections"."verb_id" = $1  [["verb_id", 1275]]
11:08:57 web.1  |   [1m[36m (0.5ms)[0m  [1mSELECT COUNT(*) FROM "personal_connections"  WHERE "personal_connections"."verb_id" = $1[0m  [["verb_id", 1170]]
11:08:57 web.1  |   [1m[36m (0.4ms)[0m  [1mSELECT COUNT(*) FROM "personal_connections"  WHERE "personal_connections"."verb_id" = $1[0m  [["verb_id", 1179]]
11:08:57 web.1  |   [1m[35m (0.3ms)[0m  SELECT COUNT(*) FROM "personal_connections"  WHERE "personal_connections"."verb_id" = $1  [["verb_id", 1464]]
11:08:57 web.1  |   [1m[35m (0.2ms)[0m  SELECT COUNT(*) FROM "personal_connections"  WHERE "personal_connections"."verb_id" = $1  [["verb_id", 920]]
11:08:57 web.1  |   [1m[36m (0.6ms)[0m  [1mSELECT COUNT(*) FROM "personal_connections"  WHERE "personal_connections"."verb_id" = $1[0m  [["verb_id", 286]]
11:08:57 web.1  |   [1m[36m (0.2ms)[0m  [1mSELECT COUNT(*) FROM "personal_connections"  WHERE "personal_connections"."verb_id" = $1[0m  [["verb_id", 1212]]
11:08:57 web.1  |   [1m[35m (0.6ms)[0m  SELECT COUNT(*) FROM "personal_connections"  WHERE "personal_connections"."verb_id" = $1  [["verb_id", 933]]
11:08:57 web.1  |   [1m[35m (0.4ms)[0m  SELECT COUNT(*) FROM "personal_connections"  WHERE "personal_connections"."verb_id" = $1  [["verb_id", 622]]
11:08:57 web.1  |   [1m[36m (0.3ms)[0m  [1mSELECT COUNT(*) FROM "personal_connections"  WHERE "personal_connections"."verb_id" = $1[0m  [["verb_id", 1220]]
11:08:57 web.1  |   [1m[36m (0.4ms)[0m  [1mSELECT COUNT(*) FROM "personal_connections"  WHERE "personal_connections"."verb_id" = $1[0m  [["verb_id", 898]]
11:08:57 web.1  |   [1m[35m (0.5ms)[0m  SELECT COUNT(*) FROM "personal_connections"  WHERE "personal_connections"."verb_id" = $1  [["verb_id", 626]]
11:08:57 web.1  |   [1m[35m (0.4ms)[0m  SELECT COUNT(*) FROM "personal_connections"  WHERE "personal_connections"."verb_id" = $1  [["verb_id", 1190]]
11:08:57 web.1  |   [1m[36m (0.4ms)[0m  [1mSELECT COUNT(*) FROM "personal_connections"  WHERE "personal_connections"."verb_id" = $1[0m  [["verb_id", 1549]]
11:08:57 web.1  |   [1m[36m (0.5ms)[0m  [1mSELECT COUNT(*) FROM "personal_connections"  WHERE "personal_connections"."verb_id" = $1[0m  [["verb_id", 1134]]
11:08:57 web.1  |   [1m[35m (0.6ms)[0m  SELECT COUNT(*) FROM "personal_connections"  WHERE "personal_connections"."verb_id" = $1  [["verb_id", 858]]
11:08:57 web.1  |   [1m[35m (0.5ms)[0m  SELECT COUNT(*) FROM "personal_connections"  WHERE "personal_connections"."verb_id" = $1  [["verb_id", 955]]
11:08:57 web.1  |   [1m[36m (0.3ms)[0m  [1mSELECT COUNT(*) FROM "personal_connections"  WHERE "personal_connections"."verb_id" = $1[0m  [["verb_id", 1154]]
11:08:57 web.1  |   [1m[36m (0.3ms)[0m  [1mSELECT COUNT(*) FROM "personal_connections"  WHERE "personal_connections"."verb_id" = $1[0m  [["verb_id", 280]]
11:08:57 web.1  |   [1m[35m (0.3ms)[0m  SELECT COUNT(*) FROM "personal_connections"  WHERE "personal_connections"."verb_id" = $1  [["verb_id", 746]]
11:08:57 web.1  |   [1m[35m (0.5ms)[0m  SELECT COUNT(*) FROM "personal_connections"  WHERE "personal_connections"."verb_id" = $1  [["verb_id", 735]]
11:08:57 web.1  |   [1m[36m (0.5ms)[0m  [1mSELECT COUNT(*) FROM "personal_connections"  WHERE "personal_connections"."verb_id" = $1[0m  [["verb_id", 1194]]
11:08:57 web.1  |   [1m[36m (1.1ms)[0m  [1mSELECT COUNT(*) FROM "personal_connections"  WHERE "personal_connections"."verb_id" = $1[0m  [["verb_id", 750]]
11:08:57 web.1  |   [1m[35m (0.5ms)[0m  SELECT COUNT(*) FROM "personal_connections"  WHERE "personal_connections"."verb_id" = $1  [["verb_id", 1258]]
11:08:57 web.1  |   [1m[35m (0.6ms)[0m  SELECT COUNT(*) FROM "personal_connections"  WHERE "personal_connections"."verb_id" = $1  [["verb_id", 1147]]
11:08:57 web.1  |   [1m[36m (0.3ms)[0m  [1mSELECT COUNT(*) FROM "personal_connections"  WHERE "personal_connections"."verb_id" = $1[0m  [["verb_id", 918]]
11:08:57 web.1  |   [1m[36m (0.4ms)[0m  [1mSELECT COUNT(*) FROM "personal_connections"  WHERE "personal_connections"."verb_id" = $1[0m  [["verb_id", 1362]]
11:08:57 web.1  |   [1m[35m (0.3ms)[0m  SELECT COUNT(*) FROM "personal_connections"  WHERE "personal_connections"."verb_id" = $1  [["verb_id", 1288]]
11:08:57 web.1  |   [1m[35m (0.6ms)[0m  SELECT COUNT(*) FROM "personal_connections"  WHERE "personal_connections"."verb_id" = $1  [["verb_id", 772]]
11:08:57 web.1  |   [1m[36m (0.5ms)[0m  [1mSELECT COUNT(*) FROM "personal_connections"  WHERE "personal_connections"."verb_id" = $1[0m  [["verb_id", 1586]]
11:08:57 web.1  |   [1m[36m (0.6ms)[0m  [1mSELECT COUNT(*) FROM "personal_connections"  WHERE "personal_connections"."verb_id" = $1[0m  [["verb_id", 1090]]
11:08:57 web.1  |   [1m[35m (0.5ms)[0m  SELECT COUNT(*) FROM "personal_connections"  WHERE "personal_connections"."verb_id" = $1  [["verb_id", 1537]]
11:08:57 web.1  |   [1m[35m (0.4ms)[0m  SELECT COUNT(*) FROM "personal_connections"  WHERE "personal_connections"."verb_id" = $1  [["verb_id", 1240]]
11:08:57 web.1  |   [1m[36m (0.5ms)[0m  [1mSELECT COUNT(*) FROM "personal_connections"  WHERE "personal_connections"."verb_id" = $1[0m  [["verb_id", 1393]]
11:08:57 web.1  |   [1m[36m (0.6ms)[0m  [1mSELECT COUNT(*) FROM "personal_connections"  WHERE "personal_connections"."verb_id" = $1[0m  [["verb_id", 878]]
11:08:57 web.1  |   [1m[35m (0.3ms)[0m  SELECT COUNT(*) FROM "personal_connections"  WHERE "personal_connections"."verb_id" = $1  [["verb_id", 1396]]
11:08:57 web.1  |   [1m[36m (0.4ms)[0m  [1mSELECT COUNT(*) FROM "personal_connections"  WHERE "personal_connections"."verb_id" = $1[0m  [["verb_id", 1049]]
11:08:57 web.1  |   [1m[35m (0.4ms)[0m  SELECT COUNT(*) FROM "personal_connections"  WHERE "personal_connections"."verb_id" = $1  [["verb_id", 1239]]
11:08:57 web.1  |   [1m[35m (0.3ms)[0m  SELECT COUNT(*) FROM "personal_connections"  WHERE "personal_connections"."verb_id" = $1  [["verb_id", 1543]]
11:08:57 web.1  |   [1m[36m (0.5ms)[0m  [1mSELECT COUNT(*) FROM "personal_connections"  WHERE "personal_connections"."verb_id" = $1[0m  [["verb_id", 810]]
11:08:57 web.1  |   [1m[36m (0.6ms)[0m  [1mSELECT COUNT(*) FROM "personal_connections"  WHERE "personal_connections"."verb_id" = $1[0m  [["verb_id", 1447]]
11:08:57 web.1  |   [1m[35m (0.4ms)[0m  SELECT COUNT(*) FROM "personal_connections"  WHERE "personal_connections"."verb_id" = $1  [["verb_id", 907]]
11:08:57 web.1  |   [1m[35m (0.5ms)[0m  SELECT COUNT(*) FROM "personal_connections"  WHERE "personal_connections"."verb_id" = $1  [["verb_id", 216]]
11:08:57 web.1  |   [1m[36m (0.5ms)[0m  [1mSELECT COUNT(*) FROM "personal_connections"  WHERE "personal_connections"."verb_id" = $1[0m  [["verb_id", 1275]]
11:08:57 web.1  |   [1m[36m (0.3ms)[0m  [1mSELECT COUNT(*) FROM "personal_connections"  WHERE "personal_connections"."verb_id" = $1[0m  [["verb_id", 1371]]
11:08:57 web.1  |   [1m[35m (0.5ms)[0m  SELECT COUNT(*) FROM "personal_connections"  WHERE "personal_connections"."verb_id" = $1  [["verb_id", 832]]
11:08:57 web.1  |   [1m[36m (0.4ms)[0m  [1mSELECT COUNT(*) FROM "personal_connections"  WHERE "personal_connections"."verb_id" = $1[0m  [["verb_id", 1524]]
11:08:57 web.1  |   [1m[35m (0.3ms)[0m  SELECT COUNT(*) FROM "personal_connections"  WHERE "personal_connections"."verb_id" = $1  [["verb_id", 1170]]
11:08:57 web.1  |   [1m[35m (0.5ms)[0m  SELECT COUNT(*) FROM "personal_connections"  WHERE "personal_connections"."verb_id" = $1  [["verb_id", 1129]]
11:08:57 web.1  |   [1m[36m (0.5ms)[0m  [1mSELECT COUNT(*) FROM "personal_connections"  WHERE "personal_connections"."verb_id" = $1[0m  [["verb_id", 1464]]
11:08:57 web.1  |   [1m[36m (1.2ms)[0m  [1mSELECT COUNT(*) FROM "personal_connections"  WHERE "personal_connections"."verb_id" = $1[0m  [["verb_id", 922]]
11:08:57 web.1  |   [1m[35m (0.3ms)[0m  SELECT COUNT(*) FROM "personal_connections"  WHERE "personal_connections"."verb_id" = $1  [["verb_id", 286]]
11:08:57 web.1  |   [1m[35m (0.3ms)[0m  SELECT COUNT(*) FROM "personal_connections"  WHERE "personal_connections"."verb_id" = $1  [["verb_id", 928]]
11:08:57 web.1  |   [1m[36m (0.5ms)[0m  [1mSELECT COUNT(*) FROM "personal_connections"  WHERE "personal_connections"."verb_id" = $1[0m  [["verb_id", 933]]
11:08:57 web.1  |   [1m[36m (0.4ms)[0m  [1mSELECT COUNT(*) FROM "personal_connections"  WHERE "personal_connections"."verb_id" = $1[0m  [["verb_id", 294]]
11:08:57 web.1  |   [1m[35m (0.6ms)[0m  SELECT COUNT(*) FROM "personal_connections"  WHERE "personal_connections"."verb_id" = $1  [["verb_id", 1220]]
11:08:57 web.1  |   [1m[35m (0.6ms)[0m  SELECT COUNT(*) FROM "personal_connections"  WHERE "personal_connections"."verb_id" = $1  [["verb_id", 1501]]
11:08:57 web.1  |   [1m[36m (0.5ms)[0m  [1mSELECT COUNT(*) FROM "personal_connections"  WHERE "personal_connections"."verb_id" = $1[0m  [["verb_id", 626]]
11:08:57 web.1  |   [1m[36m (0.6ms)[0m  [1mSELECT COUNT(*) FROM "personal_connections"  WHERE "personal_connections"."verb_id" = $1[0m  [["verb_id", 1249]]
11:08:57 web.1  |   [1m[35m (0.5ms)[0m  SELECT COUNT(*) FROM "personal_connections"  WHERE "personal_connections"."verb_id" = $1  [["verb_id", 1549]]
11:08:57 web.1  |   [1m[35m (0.4ms)[0m  SELECT COUNT(*) FROM "personal_connections"  WHERE "personal_connections"."verb_id" = $1  [["verb_id", 1225]]
11:08:57 web.1  |   [1m[36m (0.5ms)[0m  [1mSELECT COUNT(*) FROM "personal_connections"  WHERE "personal_connections"."verb_id" = $1[0m  [["verb_id", 858]]
11:08:57 web.1  |   [1m[36m (0.8ms)[0m  [1mSELECT COUNT(*) FROM "personal_connections"  WHERE "personal_connections"."verb_id" = $1[0m  [["verb_id", 5]]
11:08:57 web.1  |   [1m[35m (0.4ms)[0m  SELECT COUNT(*) FROM "personal_connections"  WHERE "personal_connections"."verb_id" = $1  [["verb_id", 1154]]
11:08:57 web.1  |   [1m[35m (1.3ms)[0m  SELECT COUNT(*) FROM "personal_connections"  WHERE "personal_connections"."verb_id" = $1  [["verb_id", 959]]
11:08:57 web.1  |   [1m[36m (0.5ms)[0m  [1mSELECT COUNT(*) FROM "personal_connections"  WHERE "personal_connections"."verb_id" = $1[0m  [["verb_id", 746]]
11:08:57 web.1  |   [1m[36m (0.6ms)[0m  [1mSELECT COUNT(*) FROM "personal_connections"  WHERE "personal_connections"."verb_id" = $1[0m  [["verb_id", 1483]]
11:08:57 web.1  |   [1m[35m (0.4ms)[0m  SELECT COUNT(*) FROM "personal_connections"  WHERE "personal_connections"."verb_id" = $1  [["verb_id", 1194]]
11:08:57 web.1  |   [1m[35m (0.6ms)[0m  SELECT COUNT(*) FROM "personal_connections"  WHERE "personal_connections"."verb_id" = $1  [["verb_id", 27]]
11:08:57 web.1  |   [1m[36m (0.4ms)[0m  [1mSELECT COUNT(*) FROM "personal_connections"  WHERE "personal_connections"."verb_id" = $1[0m  [["verb_id", 1258]]
11:08:57 web.1  |   [1m[36m (0.4ms)[0m  [1mSELECT COUNT(*) FROM "personal_connections"  WHERE "personal_connections"."verb_id" = $1[0m  [["verb_id", 240]]
11:08:57 web.1  |   [1m[35m (0.5ms)[0m  SELECT COUNT(*) FROM "personal_connections"  WHERE "personal_connections"."verb_id" = $1  [["verb_id", 918]]
11:08:57 web.1  |   [1m[35m (0.6ms)[0m  SELECT COUNT(*) FROM "personal_connections"  WHERE "personal_connections"."verb_id" = $1  [["verb_id", 1332]]
11:08:57 web.1  |   [1m[36m (0.5ms)[0m  [1mSELECT COUNT(*) FROM "personal_connections"  WHERE "personal_connections"."verb_id" = $1[0m  [["verb_id", 1288]]
11:08:57 web.1  |   [1m[36m (0.3ms)[0m  [1mSELECT COUNT(*) FROM "personal_connections"  WHERE "personal_connections"."verb_id" = $1[0m  [["verb_id", 1193]]
11:08:57 web.1  |   [1m[35m (0.5ms)[0m  SELECT COUNT(*) FROM "personal_connections"  WHERE "personal_connections"."verb_id" = $1  [["verb_id", 1586]]
11:08:57 web.1  |   [1m[35m (0.4ms)[0m  SELECT COUNT(*) FROM "personal_connections"  WHERE "personal_connections"."verb_id" = $1  [["verb_id", 1093]]
11:08:57 web.1  |   [1m[36m (0.4ms)[0m  [1mSELECT COUNT(*) FROM "personal_connections"  WHERE "personal_connections"."verb_id" = $1[0m  [["verb_id", 1537]]
11:08:57 web.1  |   [1m[36m (0.3ms)[0m  [1mSELECT COUNT(*) FROM "personal_connections"  WHERE "personal_connections"."verb_id" = $1[0m  [["verb_id", 4]]
11:08:57 web.1  |   [1m[35m (0.5ms)[0m  SELECT COUNT(*) FROM "personal_connections"  WHERE "personal_connections"."verb_id" = $1  [["verb_id", 1393]]
11:08:57 web.1  |   [1m[35m (0.4ms)[0m  SELECT COUNT(*) FROM "personal_connections"  WHERE "personal_connections"."verb_id" = $1  [["verb_id", 807]]
11:08:57 web.1  |   [1m[36m (0.3ms)[0m  [1mSELECT COUNT(*) FROM "personal_connections"  WHERE "personal_connections"."verb_id" = $1[0m  [["verb_id", 1396]]
11:08:57 web.1  |   [1m[36m (0.9ms)[0m  [1mSELECT COUNT(*) FROM "personal_connections"  WHERE "personal_connections"."verb_id" = $1[0m  [["verb_id", 812]]
11:08:57 web.1  |   [1m[35m (0.5ms)[0m  SELECT COUNT(*) FROM "personal_connections"  WHERE "personal_connections"."verb_id" = $1  [["verb_id", 1049]]
11:08:57 web.1  |   [1m[35m (0.3ms)[0m  SELECT COUNT(*) FROM "personal_connections"  WHERE "personal_connections"."verb_id" = $1  [["verb_id", 1106]]
11:08:57 web.1  |   [1m[36m (0.3ms)[0m  [1mSELECT COUNT(*) FROM "personal_connections"  WHERE "personal_connections"."verb_id" = $1[0m  [["verb_id", 1543]]
11:08:57 web.1  |   [1m[36m (0.2ms)[0m  [1mSELECT COUNT(*) FROM "personal_connections"  WHERE "personal_connections"."verb_id" = $1[0m  [["verb_id", 1493]]
11:08:57 web.1  |   [1m[35m (0.3ms)[0m  SELECT COUNT(*) FROM "personal_connections"  WHERE "personal_connections"."verb_id" = $1  [["verb_id", 1423]]
11:08:57 web.1  |   [1m[35m (0.6ms)[0m  SELECT COUNT(*) FROM "personal_connections"  WHERE "personal_connections"."verb_id" = $1  [["verb_id", 1447]]
11:08:57 web.1  |   [1m[36m (0.4ms)[0m  [1mSELECT COUNT(*) FROM "personal_connections"  WHERE "personal_connections"."verb_id" = $1[0m  [["verb_id", 754]]
11:08:57 web.1  |   [1m[36m (0.2ms)[0m  [1mSELECT COUNT(*) FROM "personal_connections"  WHERE "personal_connections"."verb_id" = $1[0m  [["verb_id", 216]]
11:08:57 web.1  |   [1m[35m (0.3ms)[0m  SELECT COUNT(*) FROM "personal_connections"  WHERE "personal_connections"."verb_id" = $1  [["verb_id", 1371]]
11:08:57 web.1  |   [1m[35m (0.2ms)[0m  SELECT COUNT(*) FROM "personal_connections"  WHERE "personal_connections"."verb_id" = $1  [["verb_id", 1324]]
11:08:57 web.1  |   [1m[36m (0.3ms)[0m  [1mSELECT COUNT(*) FROM "personal_connections"  WHERE "personal_connections"."verb_id" = $1[0m  [["verb_id", 832]]
11:08:57 web.1  |   [1m[36m (0.5ms)[0m  [1mSELECT COUNT(*) FROM "personal_connections"  WHERE "personal_connections"."verb_id" = $1[0m  [["verb_id", 1323]]
11:08:57 web.1  |   [1m[35m (0.4ms)[0m  SELECT COUNT(*) FROM "personal_connections"  WHERE "personal_connections"."verb_id" = $1  [["verb_id", 1524]]
11:08:57 web.1  |   [1m[35m (0.3ms)[0m  SELECT COUNT(*) FROM "personal_connections"  WHERE "personal_connections"."verb_id" = $1  [["verb_id", 801]]
11:08:57 web.1  |   [1m[36m (0.3ms)[0m  [1mSELECT COUNT(*) FROM "personal_connections"  WHERE "personal_connections"."verb_id" = $1[0m  [["verb_id", 1129]]
11:08:57 web.1  |   [1m[36m (0.6ms)[0m  [1mSELECT COUNT(*) FROM "personal_connections"  WHERE "personal_connections"."verb_id" = $1[0m  [["verb_id", 1444]]
11:08:57 web.1  |   [1m[35m (0.3ms)[0m  SELECT COUNT(*) FROM "personal_connections"  WHERE "personal_connections"."verb_id" = $1  [["verb_id", 922]]
11:08:57 web.1  |   [1m[36m (0.3ms)[0m  [1mSELECT COUNT(*) FROM "personal_connections"  WHERE "personal_connections"."verb_id" = $1[0m  [["verb_id", 928]]
11:08:57 web.1  |   [1m[35m (0.4ms)[0m  SELECT COUNT(*) FROM "personal_connections"  WHERE "personal_connections"."verb_id" = $1  [["verb_id", 759]]
11:08:57 web.1  |   [1m[35m (0.3ms)[0m  SELECT COUNT(*) FROM "personal_connections"  WHERE "personal_connections"."verb_id" = $1  [["verb_id", 294]]
11:08:57 web.1  |   [1m[36m (0.5ms)[0m  [1mSELECT COUNT(*) FROM "personal_connections"  WHERE "personal_connections"."verb_id" = $1[0m  [["verb_id", 26]]
11:08:57 web.1  |   [1m[36m (0.5ms)[0m  [1mSELECT COUNT(*) FROM "personal_connections"  WHERE "personal_connections"."verb_id" = $1[0m  [["verb_id", 1501]]
11:08:57 web.1  |   [1m[35m (1.2ms)[0m  SELECT COUNT(*) FROM "personal_connections"  WHERE "personal_connections"."verb_id" = $1  [["verb_id", 889]]
11:08:57 web.1  |   [1m[35m (0.5ms)[0m  SELECT COUNT(*) FROM "personal_connections"  WHERE "personal_connections"."verb_id" = $1  [["verb_id", 1249]]
11:08:57 web.1  |   [1m[36m (0.3ms)[0m  [1mSELECT COUNT(*) FROM "personal_connections"  WHERE "personal_connections"."verb_id" = $1[0m  [["verb_id", 827]]
11:08:57 web.1  |   [1m[36m (0.5ms)[0m  [1mSELECT COUNT(*) FROM "personal_connections"  WHERE "personal_connections"."verb_id" = $1[0m  [["verb_id", 1225]]
11:08:58 web.1  |   [1m[35m (0.3ms)[0m  SELECT COUNT(*) FROM "personal_connections"  WHERE "personal_connections"."verb_id" = $1  [["verb_id", 903]]
11:08:58 web.1  |   [1m[35m (0.6ms)[0m  SELECT COUNT(*) FROM "personal_connections"  WHERE "personal_connections"."verb_id" = $1  [["verb_id", 5]]
11:08:58 web.1  |   [1m[36m (0.3ms)[0m  [1mSELECT COUNT(*) FROM "personal_connections"  WHERE "personal_connections"."verb_id" = $1[0m  [["verb_id", 828]]
11:08:58 web.1  |   [1m[36m (0.6ms)[0m  [1mSELECT COUNT(*) FROM "personal_connections"  WHERE "personal_connections"."verb_id" = $1[0m  [["verb_id", 959]]
11:08:58 web.1  |   [1m[35m (0.5ms)[0m  SELECT COUNT(*) FROM "personal_connections"  WHERE "personal_connections"."verb_id" = $1  [["verb_id", 1463]]
11:08:58 web.1  |   [1m[35m (0.3ms)[0m  SELECT COUNT(*) FROM "personal_connections"  WHERE "personal_connections"."verb_id" = $1  [["verb_id", 1483]]
11:08:58 web.1  |   [1m[36m (0.3ms)[0m  [1mSELECT COUNT(*) FROM "personal_connections"  WHERE "personal_connections"."verb_id" = $1[0m  [["verb_id", 1284]]
11:08:58 web.1  |   [1m[36m (0.4ms)[0m  [1mSELECT COUNT(*) FROM "personal_connections"  WHERE "personal_connections"."verb_id" = $1[0m  [["verb_id", 27]]
11:08:58 web.1  |   [1m[35m (0.5ms)[0m  SELECT COUNT(*) FROM "personal_connections"  WHERE "personal_connections"."verb_id" = $1  [["verb_id", 939]]
11:08:58 web.1  |   [1m[35m (0.4ms)[0m  SELECT COUNT(*) FROM "personal_connections"  WHERE "personal_connections"."verb_id" = $1  [["verb_id", 240]]
11:08:58 web.1  |   [1m[36m (0.5ms)[0m  [1mSELECT COUNT(*) FROM "personal_connections"  WHERE "personal_connections"."verb_id" = $1[0m  [["verb_id", 1263]]
11:08:58 web.1  |   [1m[35m (1.6ms)[0m  SELECT COUNT(*) FROM "personal_connections"  WHERE "personal_connections"."verb_id" = $1  [["verb_id", 1132]]
11:08:58 web.1  |   [1m[36m (7.3ms)[0m  [1mSELECT COUNT(*) FROM "personal_connections"  WHERE "personal_connections"."verb_id" = $1[0m  [["verb_id", 1332]]
11:08:58 web.1  |   [1m[36m (6.9ms)[0m  [1mSELECT COUNT(*) FROM "personal_connections"  WHERE "personal_connections"."verb_id" = $1[0m  [["verb_id", 153]]
11:08:58 web.1  |   [1m[35m (7.6ms)[0m  SELECT COUNT(*) FROM "personal_connections"  WHERE "personal_connections"."verb_id" = $1  [["verb_id", 1193]]
11:08:58 web.1  |   [1m[35m (0.5ms)[0m  SELECT COUNT(*) FROM "personal_connections"  WHERE "personal_connections"."verb_id" = $1  [["verb_id", 1443]]
11:08:58 web.1  |   [1m[36m (0.3ms)[0m  [1mSELECT COUNT(*) FROM "personal_connections"  WHERE "personal_connections"."verb_id" = $1[0m  [["verb_id", 406]]
11:08:58 web.1  |   [1m[36m (0.5ms)[0m  [1mSELECT COUNT(*) FROM "personal_connections"  WHERE "personal_connections"."verb_id" = $1[0m  [["verb_id", 1093]]
11:08:58 web.1  |   [1m[35m (0.6ms)[0m  SELECT COUNT(*) FROM "personal_connections"  WHERE "personal_connections"."verb_id" = $1  [["verb_id", 508]]
11:08:58 web.1  |   [1m[35m (0.5ms)[0m  SELECT COUNT(*) FROM "personal_connections"  WHERE "personal_connections"."verb_id" = $1  [["verb_id", 4]]
11:08:58 web.1  |   [1m[36m (0.3ms)[0m  [1mSELECT COUNT(*) FROM "personal_connections"  WHERE "personal_connections"."verb_id" = $1[0m  [["verb_id", 1224]]
11:08:58 web.1  |   [1m[36m (0.6ms)[0m  [1mSELECT COUNT(*) FROM "personal_connections"  WHERE "personal_connections"."verb_id" = $1[0m  [["verb_id", 807]]
11:08:58 web.1  |   [1m[35m (0.6ms)[0m  SELECT COUNT(*) FROM "personal_connections"  WHERE "personal_connections"."verb_id" = $1  [["verb_id", 1276]]
11:08:58 web.1  |   [1m[35m (0.5ms)[0m  SELECT COUNT(*) FROM "personal_connections"  WHERE "personal_connections"."verb_id" = $1  [["verb_id", 812]]
11:08:58 web.1  |   [1m[36m (0.6ms)[0m  [1mSELECT COUNT(*) FROM "personal_connections"  WHERE "personal_connections"."verb_id" = $1[0m  [["verb_id", 1274]]
11:08:58 web.1  |   [1m[36m (0.5ms)[0m  [1mSELECT COUNT(*) FROM "personal_connections"  WHERE "personal_connections"."verb_id" = $1[0m  [["verb_id", 1106]]
11:08:58 web.1  |   [1m[35m (0.3ms)[0m  SELECT COUNT(*) FROM "personal_connections"  WHERE "personal_connections"."verb_id" = $1  [["verb_id", 1159]]
11:08:58 web.1  |   [1m[35m (0.5ms)[0m  SELECT COUNT(*) FROM "personal_connections"  WHERE "personal_connections"."verb_id" = $1  [["verb_id", 1493]]
11:08:58 web.1  |   Rendered verbs/_verb.html.erb (8454.3ms)
11:08:58 web.1  |   Rendered verbs/index.html.erb within layouts/application (8534.5ms)
11:08:58 web.1  |   [1m[36m (0.5ms)[0m  [1mSELECT COUNT(*) FROM "personal_connections"  WHERE "personal_connections"."verb_id" = $1[0m  [["verb_id", 1423]]
11:08:58 web.1  |   [1m[35m (0.3ms)[0m  SELECT COUNT(*) FROM "personal_connections"  WHERE "personal_connections"."verb_id" = $1  [["verb_id", 754]]
11:08:58 web.1  |   [1m[36m (0.4ms)[0m  [1mSELECT COUNT(*) FROM "personal_connections"  WHERE "personal_connections"."verb_id" = $1[0m  [["verb_id", 1324]]
11:08:58 web.1  | Completed 200 OK in 8563ms (Views: 8023.2ms | ActiveRecord: 539.1ms)
11:08:58 web.1  | Oink Action: verbs#index
11:08:58 web.1  |   [1m[35m (0.4ms)[0m  SELECT COUNT(*) FROM "personal_connections"  WHERE "personal_connections"."verb_id" = $1  [["verb_id", 1323]]
11:08:58 web.1  | Memory usage: 2638764 | PID: 40431
11:08:58 web.1  | Instantiation Breakdown: Total: 1126 | Verb: 1126
11:08:58 web.1  | Oink Log Entry Complete
11:08:58 web.1  |   [1m[36m (0.7ms)[0m  [1mSELECT COUNT(*) FROM "personal_connections"  WHERE "personal_connections"."verb_id" = $1[0m  [["verb_id", 801]]
11:08:58 web.1  |   [1m[35m (0.5ms)[0m  SELECT COUNT(*) FROM "personal_connections"  WHERE "personal_connections"."verb_id" = $1  [["verb_id", 1444]]
11:08:58 web.1  |   [1m[36m (0.3ms)[0m  [1mSELECT COUNT(*) FROM "personal_connections"  WHERE "personal_connections"."verb_id" = $1[0m  [["verb_id", 759]]
11:08:58 web.1  |   [1m[35m (0.3ms)[0m  SELECT COUNT(*) FROM "personal_connections"  WHERE "personal_connections"."verb_id" = $1  [["verb_id", 26]]
11:08:58 web.1  |   [1m[36m (0.4ms)[0m  [1mSELECT COUNT(*) FROM "personal_connections"  WHERE "personal_connections"."verb_id" = $1[0m  [["verb_id", 889]]
11:08:58 web.1  |   [1m[35m (0.3ms)[0m  SELECT COUNT(*) FROM "personal_connections"  WHERE "personal_connections"."verb_id" = $1  [["verb_id", 827]]
11:08:58 web.1  |   [1m[36m (0.3ms)[0m  [1mSELECT COUNT(*) FROM "personal_connections"  WHERE "personal_connections"."verb_id" = $1[0m  [["verb_id", 903]]
11:08:58 web.1  |   [1m[35m (0.3ms)[0m  SELECT COUNT(*) FROM "personal_connections"  WHERE "personal_connections"."verb_id" = $1  [["verb_id", 828]]
11:08:58 web.1  |   [1m[36m (0.3ms)[0m  [1mSELECT COUNT(*) FROM "personal_connections"  WHERE "personal_connections"."verb_id" = $1[0m  [["verb_id", 1463]]
11:08:58 web.1  |   [1m[35m (0.3ms)[0m  SELECT COUNT(*) FROM "personal_connections"  WHERE "personal_connections"."verb_id" = $1  [["verb_id", 1284]]
11:08:58 web.1  |   [1m[36m (0.4ms)[0m  [1mSELECT COUNT(*) FROM "personal_connections"  WHERE "personal_connections"."verb_id" = $1[0m  [["verb_id", 939]]
11:08:58 web.1  |   [1m[35m (0.5ms)[0m  SELECT COUNT(*) FROM "personal_connections"  WHERE "personal_connections"."verb_id" = $1  [["verb_id", 1263]]
11:08:58 web.1  |   [1m[36m (0.4ms)[0m  [1mSELECT COUNT(*) FROM "personal_connections"  WHERE "personal_connections"."verb_id" = $1[0m  [["verb_id", 1132]]
11:08:58 web.1  |   [1m[35m (0.5ms)[0m  SELECT COUNT(*) FROM "personal_connections"  WHERE "personal_connections"."verb_id" = $1  [["verb_id", 153]]
11:08:58 web.1  |   [1m[36m (0.3ms)[0m  [1mSELECT COUNT(*) FROM "personal_connections"  WHERE "personal_connections"."verb_id" = $1[0m  [["verb_id", 1443]]
11:08:58 web.1  |   [1m[35m (0.3ms)[0m  SELECT COUNT(*) FROM "personal_connections"  WHERE "personal_connections"."verb_id" = $1  [["verb_id", 406]]
11:08:58 web.1  |   [1m[36m (0.3ms)[0m  [1mSELECT COUNT(*) FROM "personal_connections"  WHERE "personal_connections"."verb_id" = $1[0m  [["verb_id", 508]]
11:08:58 web.1  |   [1m[35m (0.5ms)[0m  SELECT COUNT(*) FROM "personal_connections"  WHERE "personal_connections"."verb_id" = $1  [["verb_id", 1224]]
11:08:58 web.1  |   [1m[36m (0.3ms)[0m  [1mSELECT COUNT(*) FROM "personal_connections"  WHERE "personal_connections"."verb_id" = $1[0m  [["verb_id", 1276]]
11:08:58 web.1  |   [1m[35m (0.3ms)[0m  SELECT COUNT(*) FROM "personal_connections"  WHERE "personal_connections"."verb_id" = $1  [["verb_id", 1274]]
11:08:58 web.1  |   [1m[36m (0.3ms)[0m  [1mSELECT COUNT(*) FROM "personal_connections"  WHERE "personal_connections"."verb_id" = $1[0m  [["verb_id", 1159]]
11:08:58 web.1  |   Rendered verbs/_verb.html.erb (8645.4ms)
11:08:58 web.1  |   Rendered verbs/index.html.erb within layouts/application (8742.9ms)
11:08:58 web.1  | Completed 200 OK in 8770ms (Views: 7989.4ms | ActiveRecord: 779.9ms)
11:08:58 web.1  | Oink Action: verbs#index
11:08:58 web.1  | Memory usage: 2637740 | PID: 40432
11:08:58 web.1  | Instantiation Breakdown: Total: 1126 | Verb: 1126
11:08:58 web.1  | Oink Log Entry Complete
11:08:59 web.1  | [40431] 127.0.0.1 - - [16/May/2015 11:08:59] "GET /verbs HTTP/1.0" 200 - 9.5436
11:08:59 web.1  | Started GET "/verbs" for 127.0.0.1 at 2015-05-16 11:08:59 +0100
11:08:59 web.1  | Processing by VerbsController#index as */*
11:08:59 web.1  | USERAGENT: /verbs ApacheBench/2.3
11:08:59 web.1  |   [1m[36mVerb Load (23.1ms)[0m  [1mSELECT "verbs".* FROM "verbs"   ORDER BY "verbs"."name" ASC[0m
11:08:59 web.1  |   [1m[35m (0.3ms)[0m  SELECT COUNT(*) FROM "personal_connections"  WHERE "personal_connections"."verb_id" = $1  [["verb_id", 687]]
11:08:59 web.1  |   [1m[36m (0.3ms)[0m  [1mSELECT COUNT(*) FROM "personal_connections"  WHERE "personal_connections"."verb_id" = $1[0m  [["verb_id", 1294]]
11:08:59 web.1  |   [1m[35m (0.4ms)[0m  SELECT COUNT(*) FROM "personal_connections"  WHERE "personal_connections"."verb_id" = $1  [["verb_id", 316]]
11:08:59 web.1  |   [1m[36m (0.3ms)[0m  [1mSELECT COUNT(*) FROM "personal_connections"  WHERE "personal_connections"."verb_id" = $1[0m  [["verb_id", 1158]]
11:08:59 web.1  |   [1m[35m (0.4ms)[0m  SELECT COUNT(*) FROM "personal_connections"  WHERE "personal_connections"."verb_id" = $1  [["verb_id", 1461]]
11:08:59 web.1  |   [1m[36m (0.3ms)[0m  [1mSELECT COUNT(*) FROM "personal_connections"  WHERE "personal_connections"."verb_id" = $1[0m  [["verb_id", 995]]
11:08:59 web.1  |   [1m[35m (0.3ms)[0m  SELECT COUNT(*) FROM "personal_connections"  WHERE "personal_connections"."verb_id" = $1  [["verb_id", 1176]]
11:08:59 web.1  |   [1m[36m (0.3ms)[0m  [1mSELECT COUNT(*) FROM "personal_connections"  WHERE "personal_connections"."verb_id" = $1[0m  [["verb_id", 1102]]
11:08:59 web.1  |   [1m[35m (0.3ms)[0m  SELECT COUNT(*) FROM "personal_connections"  WHERE "personal_connections"."verb_id" = $1  [["verb_id", 1028]]
11:08:59 web.1  |   [1m[36m (0.4ms)[0m  [1mSELECT COUNT(*) FROM "personal_connections"  WHERE "personal_connections"."verb_id" = $1[0m  [["verb_id", 1521]]
11:08:59 web.1  |   [1m[35m (0.3ms)[0m  SELECT COUNT(*) FROM "personal_connections"  WHERE "personal_connections"."verb_id" = $1  [["verb_id", 1582]]
11:08:59 web.1  |   [1m[36m (0.3ms)[0m  [1mSELECT COUNT(*) FROM "personal_connections"  WHERE "personal_connections"."verb_id" = $1[0m  [["verb_id", 695]]
11:08:59 web.1  | [40432] 127.0.0.1 - - [16/May/2015 11:08:59] "GET /verbs HTTP/1.0" 200 - 18.4348
11:08:59 web.1  | Started GET "/verbs" for 127.0.0.1 at 2015-05-16 11:08:59 +0100
11:08:59 web.1  |   [1m[35m (0.8ms)[0m  SELECT COUNT(*) FROM "personal_connections"  WHERE "personal_connections"."verb_id" = $1  [["verb_id", 618]]
11:08:59 web.1  |   [1m[36m (0.3ms)[0m  [1mSELECT COUNT(*) FROM "personal_connections"  WHERE "personal_connections"."verb_id" = $1[0m  [["verb_id", 972]]
11:08:59 web.1  |   [1m[35m (0.3ms)[0m  SELECT COUNT(*) FROM "personal_connections"  WHERE "personal_connections"."verb_id" = $1  [["verb_id", 943]]
11:08:59 web.1  |   [1m[36m (0.3ms)[0m  [1mSELECT COUNT(*) FROM "personal_connections"  WHERE "personal_connections"."verb_id" = $1[0m  [["verb_id", 1117]]
11:08:59 web.1  |   [1m[35m (0.3ms)[0m  SELECT COUNT(*) FROM "personal_connections"  WHERE "personal_connections"."verb_id" = $1  [["verb_id", 1353]]
11:08:59 web.1  |   [1m[36m (0.3ms)[0m  [1mSELECT COUNT(*) FROM "personal_connections"  WHERE "personal_connections"."verb_id" = $1[0m  [["verb_id", 941]]
11:08:59 web.1  |   [1m[35m (0.3ms)[0m  SELECT COUNT(*) FROM "personal_connections"  WHERE "personal_connections"."verb_id" = $1  [["verb_id", 1141]]
11:08:59 web.1  | Processing by VerbsController#index as */*
11:08:59 web.1  |   [1m[36m (0.3ms)[0m  [1mSELECT COUNT(*) FROM "personal_connections"  WHERE "personal_connections"."verb_id" = $1[0m  [["verb_id", 1217]]
11:08:59 web.1  | USERAGENT: /verbs ApacheBench/2.3
11:08:59 web.1  |   [1m[35m (0.3ms)[0m  SELECT COUNT(*) FROM "personal_connections"  WHERE "personal_connections"."verb_id" = $1  [["verb_id", 1043]]
11:08:59 web.1  |   [1m[36m (0.3ms)[0m  [1mSELECT COUNT(*) FROM "personal_connections"  WHERE "personal_connections"."verb_id" = $1[0m  [["verb_id", 971]]
11:08:59 web.1  |   [1m[35m (0.3ms)[0m  SELECT COUNT(*) FROM "personal_connections"  WHERE "personal_connections"."verb_id" = $1  [["verb_id", 1282]]
11:08:59 web.1  |   [1m[36m (0.3ms)[0m  [1mSELECT COUNT(*) FROM "personal_connections"  WHERE "personal_connections"."verb_id" = $1[0m  [["verb_id", 767]]
11:08:59 web.1  |   [1m[35m (0.3ms)[0m  SELECT COUNT(*) FROM "personal_connections"  WHERE "personal_connections"."verb_id" = $1  [["verb_id", 530]]
11:08:59 web.1  |   [1m[36m (0.3ms)[0m  [1mSELECT COUNT(*) FROM "personal_connections"  WHERE "personal_connections"."verb_id" = $1[0m  [["verb_id", 886]]
11:08:59 web.1  |   [1m[35mVerb Load (24.2ms)[0m  SELECT "verbs".* FROM "verbs"   ORDER BY "verbs"."name" ASC
11:08:59 web.1  |   [1m[35m (0.3ms)[0m  SELECT COUNT(*) FROM "personal_connections"  WHERE "personal_connections"."verb_id" = $1  [["verb_id", 1047]]
11:08:59 web.1  |   [1m[36m (0.3ms)[0m  [1mSELECT COUNT(*) FROM "personal_connections"  WHERE "personal_connections"."verb_id" = $1[0m  [["verb_id", 786]]
11:08:59 web.1  |   [1m[35m (0.3ms)[0m  SELECT COUNT(*) FROM "personal_connections"  WHERE "personal_connections"."verb_id" = $1  [["verb_id", 833]]
11:08:59 web.1  |   [1m[36m (1.2ms)[0m  [1mSELECT COUNT(*) FROM "personal_connections"  WHERE "personal_connections"."verb_id" = $1[0m  [["verb_id", 1345]]
11:08:59 web.1  |   [1m[35m (0.3ms)[0m  SELECT COUNT(*) FROM "personal_connections"  WHERE "personal_connections"."verb_id" = $1  [["verb_id", 793]]
11:08:59 web.1  |   [1m[36m (0.3ms)[0m  [1mSELECT COUNT(*) FROM "personal_connections"  WHERE "personal_connections"."verb_id" = $1[0m  [["verb_id", 702]]
11:08:59 web.1  |   [1m[35m (0.3ms)[0m  SELECT COUNT(*) FROM "personal_connections"  WHERE "personal_connections"."verb_id" = $1  [["verb_id", 50]]
11:08:59 web.1  |   [1m[36m (0.3ms)[0m  [1mSELECT COUNT(*) FROM "personal_connections"  WHERE "personal_connections"."verb_id" = $1[0m  [["verb_id", 394]]
11:08:59 web.1  |   [1m[35m (0.3ms)[0m  SELECT COUNT(*) FROM "personal_connections"  WHERE "personal_connections"."verb_id" = $1  [["verb_id", 526]]
11:08:59 web.1  |   [1m[36m (0.3ms)[0m  [1mSELECT COUNT(*) FROM "personal_connections"  WHERE "personal_connections"."verb_id" = $1[0m  [["verb_id", 687]]
11:08:59 web.1  |   [1m[36m (0.3ms)[0m  [1mSELECT COUNT(*) FROM "personal_connections"  WHERE "personal_connections"."verb_id" = $1[0m  [["verb_id", 1551]]
11:08:59 web.1  |   [1m[35m (0.3ms)[0m  SELECT COUNT(*) FROM "personal_connections"  WHERE "personal_connections"."verb_id" = $1  [["verb_id", 1294]]
11:08:59 web.1  |   [1m[35m (0.3ms)[0m  SELECT COUNT(*) FROM "personal_connections"  WHERE "personal_connections"."verb_id" = $1  [["verb_id", 1254]]
11:08:59 web.1  |   [1m[36m (0.3ms)[0m  [1mSELECT COUNT(*) FROM "personal_connections"  WHERE "personal_connections"."verb_id" = $1[0m  [["verb_id", 316]]
11:08:59 web.1  |   [1m[36m (0.3ms)[0m  [1mSELECT COUNT(*) FROM "personal_connections"  WHERE "personal_connections"."verb_id" = $1[0m  [["verb_id", 1489]]
11:08:59 web.1  |   [1m[35m (0.3ms)[0m  SELECT COUNT(*) FROM "personal_connections"  WHERE "personal_connections"."verb_id" = $1  [["verb_id", 1158]]
11:08:59 web.1  |   [1m[35m (0.4ms)[0m  SELECT COUNT(*) FROM "personal_connections"  WHERE "personal_connections"."verb_id" = $1  [["verb_id", 21]]
11:08:59 web.1  |   [1m[36m (0.2ms)[0m  [1mSELECT COUNT(*) FROM "personal_connections"  WHERE "personal_connections"."verb_id" = $1[0m  [["verb_id", 1461]]
11:08:59 web.1  |   [1m[35m (0.3ms)[0m  SELECT COUNT(*) FROM "personal_connections"  WHERE "personal_connections"."verb_id" = $1  [["verb_id", 995]]
11:08:59 web.1  |   [1m[36m (0.3ms)[0m  [1mSELECT COUNT(*) FROM "personal_connections"  WHERE "personal_connections"."verb_id" = $1[0m  [["verb_id", 935]]
11:08:59 web.1  |   [1m[36m (0.4ms)[0m  [1mSELECT COUNT(*) FROM "personal_connections"  WHERE "personal_connections"."verb_id" = $1[0m  [["verb_id", 1176]]
11:08:59 web.1  |   [1m[35m (0.3ms)[0m  SELECT COUNT(*) FROM "personal_connections"  WHERE "personal_connections"."verb_id" = $1  [["verb_id", 1370]]
11:08:59 web.1  |   [1m[35m (0.3ms)[0m  SELECT COUNT(*) FROM "personal_connections"  WHERE "personal_connections"."verb_id" = $1  [["verb_id", 1102]]
11:08:59 web.1  |   [1m[36m (0.3ms)[0m  [1mSELECT COUNT(*) FROM "personal_connections"  WHERE "personal_connections"."verb_id" = $1[0m  [["verb_id", 398]]
11:08:59 web.1  |   [1m[36m (0.3ms)[0m  [1mSELECT COUNT(*) FROM "personal_connections"  WHERE "personal_connections"."verb_id" = $1[0m  [["verb_id", 1028]]
11:08:59 web.1  |   [1m[35m (0.3ms)[0m  SELECT COUNT(*) FROM "personal_connections"  WHERE "personal_connections"."verb_id" = $1  [["verb_id", 58]]
11:08:59 web.1  |   [1m[35m (0.3ms)[0m  SELECT COUNT(*) FROM "personal_connections"  WHERE "personal_connections"."verb_id" = $1  [["verb_id", 1521]]
11:08:59 web.1  |   [1m[36m (0.4ms)[0m  [1mSELECT COUNT(*) FROM "personal_connections"  WHERE "personal_connections"."verb_id" = $1[0m  [["verb_id", 177]]
11:08:59 web.1  |   [1m[36m (0.3ms)[0m  [1mSELECT COUNT(*) FROM "personal_connections"  WHERE "personal_connections"."verb_id" = $1[0m  [["verb_id", 1582]]
11:08:59 web.1  |   [1m[35m (0.4ms)[0m  SELECT COUNT(*) FROM "personal_connections"  WHERE "personal_connections"."verb_id" = $1  [["verb_id", 582]]
11:08:59 web.1  |   [1m[35m (0.2ms)[0m  SELECT COUNT(*) FROM "personal_connections"  WHERE "personal_connections"."verb_id" = $1  [["verb_id", 695]]
11:08:59 web.1  |   [1m[36m (0.4ms)[0m  [1mSELECT COUNT(*) FROM "personal_connections"  WHERE "personal_connections"."verb_id" = $1[0m  [["verb_id", 1280]]
11:08:59 web.1  |   [1m[35m (0.4ms)[0m  SELECT COUNT(*) FROM "personal_connections"  WHERE "personal_connections"."verb_id" = $1  [["verb_id", 1148]]
11:08:59 web.1  |   [1m[36m (0.3ms)[0m  [1mSELECT COUNT(*) FROM "personal_connections"  WHERE "personal_connections"."verb_id" = $1[0m  [["verb_id", 354]]
11:08:59 web.1  |   [1m[36m (0.3ms)[0m  [1mSELECT COUNT(*) FROM "personal_connections"  WHERE "personal_connections"."verb_id" = $1[0m  [["verb_id", 618]]
11:08:59 web.1  |   [1m[35m (0.3ms)[0m  SELECT COUNT(*) FROM "personal_connections"  WHERE "personal_connections"."verb_id" = $1  [["verb_id", 857]]
11:08:59 web.1  |   [1m[35m (0.3ms)[0m  SELECT COUNT(*) FROM "personal_connections"  WHERE "personal_connections"."verb_id" = $1  [["verb_id", 972]]
11:08:59 web.1  |   [1m[36m (0.3ms)[0m  [1mSELECT COUNT(*) FROM "personal_connections"  WHERE "personal_connections"."verb_id" = $1[0m  [["verb_id", 1119]]
11:08:59 web.1  |   [1m[36m (0.2ms)[0m  [1mSELECT COUNT(*) FROM "personal_connections"  WHERE "personal_connections"."verb_id" = $1[0m  [["verb_id", 943]]
11:08:59 web.1  |   [1m[35m (0.3ms)[0m  SELECT COUNT(*) FROM "personal_connections"  WHERE "personal_connections"."verb_id" = $1  [["verb_id", 865]]
11:08:59 web.1  |   [1m[35m (0.3ms)[0m  SELECT COUNT(*) FROM "personal_connections"  WHERE "personal_connections"."verb_id" = $1  [["verb_id", 1117]]
11:08:59 web.1  |   [1m[36m (0.3ms)[0m  [1mSELECT COUNT(*) FROM "personal_connections"  WHERE "personal_connections"."verb_id" = $1[0m  [["verb_id", 841]]
11:08:59 web.1  |   [1m[36m (0.3ms)[0m  [1mSELECT COUNT(*) FROM "personal_connections"  WHERE "personal_connections"."verb_id" = $1[0m  [["verb_id", 1353]]
11:08:59 web.1  |   [1m[35m (0.3ms)[0m  SELECT COUNT(*) FROM "personal_connections"  WHERE "personal_connections"."verb_id" = $1  [["verb_id", 1297]]
11:08:59 web.1  |   [1m[35m (0.3ms)[0m  SELECT COUNT(*) FROM "personal_connections"  WHERE "personal_connections"."verb_id" = $1  [["verb_id", 941]]
11:08:59 web.1  |   [1m[36m (0.3ms)[0m  [1mSELECT COUNT(*) FROM "personal_connections"  WHERE "personal_connections"."verb_id" = $1[0m  [["verb_id", 1529]]
11:08:59 web.1  |   [1m[36m (0.6ms)[0m  [1mSELECT COUNT(*) FROM "personal_connections"  WHERE "personal_connections"."verb_id" = $1[0m  [["verb_id", 1141]]
11:08:59 web.1  |   [1m[35m (0.3ms)[0m  SELECT COUNT(*) FROM "personal_connections"  WHERE "personal_connections"."verb_id" = $1  [["verb_id", 55]]
11:08:59 web.1  |   [1m[35m (0.3ms)[0m  SELECT COUNT(*) FROM "personal_connections"  WHERE "personal_connections"."verb_id" = $1  [["verb_id", 1217]]
11:08:59 web.1  |   [1m[36m (0.3ms)[0m  [1mSELECT COUNT(*) FROM "personal_connections"  WHERE "personal_connections"."verb_id" = $1[0m  [["verb_id", 181]]
11:08:59 web.1  |   [1m[36m (0.3ms)[0m  [1mSELECT COUNT(*) FROM "personal_connections"  WHERE "personal_connections"."verb_id" = $1[0m  [["verb_id", 1043]]
11:08:59 web.1  |   [1m[35m (0.3ms)[0m  SELECT COUNT(*) FROM "personal_connections"  WHERE "personal_connections"."verb_id" = $1  [["verb_id", 402]]
11:08:59 web.1  |   [1m[35m (0.2ms)[0m  SELECT COUNT(*) FROM "personal_connections"  WHERE "personal_connections"."verb_id" = $1  [["verb_id", 971]]
11:08:59 web.1  |   [1m[36m (0.3ms)[0m  [1mSELECT COUNT(*) FROM "personal_connections"  WHERE "personal_connections"."verb_id" = $1[0m  [["verb_id", 1282]]
11:08:59 web.1  |   [1m[36m (0.2ms)[0m  [1mSELECT COUNT(*) FROM "personal_connections"  WHERE "personal_connections"."verb_id" = $1[0m  [["verb_id", 1488]]
11:08:59 web.1  |   [1m[35m (0.2ms)[0m  SELECT COUNT(*) FROM "personal_connections"  WHERE "personal_connections"."verb_id" = $1  [["verb_id", 404]]
11:08:59 web.1  |   [1m[35m (0.3ms)[0m  SELECT COUNT(*) FROM "personal_connections"  WHERE "personal_connections"."verb_id" = $1  [["verb_id", 767]]
11:08:59 web.1  |   [1m[36m (0.3ms)[0m  [1mSELECT COUNT(*) FROM "personal_connections"  WHERE "personal_connections"."verb_id" = $1[0m  [["verb_id", 530]]
11:08:59 web.1  |   [1m[36m (0.2ms)[0m  [1mSELECT COUNT(*) FROM "personal_connections"  WHERE "personal_connections"."verb_id" = $1[0m  [["verb_id", 338]]
11:08:59 web.1  |   [1m[35m (0.3ms)[0m  SELECT COUNT(*) FROM "personal_connections"  WHERE "personal_connections"."verb_id" = $1  [["verb_id", 886]]
11:08:59 web.1  |   [1m[35m (0.2ms)[0m  SELECT COUNT(*) FROM "personal_connections"  WHERE "personal_connections"."verb_id" = $1  [["verb_id", 919]]
11:08:59 web.1  |   [1m[36m (0.3ms)[0m  [1mSELECT COUNT(*) FROM "personal_connections"  WHERE "personal_connections"."verb_id" = $1[0m  [["verb_id", 1047]]
11:08:59 web.1  |   [1m[36m (0.4ms)[0m  [1mSELECT COUNT(*) FROM "personal_connections"  WHERE "personal_connections"."verb_id" = $1[0m  [["verb_id", 1112]]
11:08:59 web.1  |   [1m[35m (0.3ms)[0m  SELECT COUNT(*) FROM "personal_connections"  WHERE "personal_connections"."verb_id" = $1  [["verb_id", 786]]
11:08:59 web.1  |   [1m[35m (0.3ms)[0m  SELECT COUNT(*) FROM "personal_connections"  WHERE "personal_connections"."verb_id" = $1  [["verb_id", 785]]
11:08:59 web.1  |   [1m[36m (0.3ms)[0m  [1mSELECT COUNT(*) FROM "personal_connections"  WHERE "personal_connections"."verb_id" = $1[0m  [["verb_id", 833]]
11:08:59 web.1  |   [1m[36m (0.3ms)[0m  [1mSELECT COUNT(*) FROM "personal_connections"  WHERE "personal_connections"."verb_id" = $1[0m  [["verb_id", 658]]
11:08:59 web.1  |   [1m[35m (0.3ms)[0m  SELECT COUNT(*) FROM "personal_connections"  WHERE "personal_connections"."verb_id" = $1  [["verb_id", 1345]]
11:08:59 web.1  |   [1m[35m (0.3ms)[0m  SELECT COUNT(*) FROM "personal_connections"  WHERE "personal_connections"."verb_id" = $1  [["verb_id", 320]]
11:08:59 web.1  |   [1m[36m (0.3ms)[0m  [1mSELECT COUNT(*) FROM "personal_connections"  WHERE "personal_connections"."verb_id" = $1[0m  [["verb_id", 793]]
11:08:59 web.1  |   [1m[36m (0.3ms)[0m  [1mSELECT COUNT(*) FROM "personal_connections"  WHERE "personal_connections"."verb_id" = $1[0m  [["verb_id", 1255]]
11:08:59 web.1  |   [1m[35m (0.4ms)[0m  SELECT COUNT(*) FROM "personal_connections"  WHERE "personal_connections"."verb_id" = $1  [["verb_id", 702]]
11:08:59 web.1  |   [1m[35m (0.3ms)[0m  SELECT COUNT(*) FROM "personal_connections"  WHERE "personal_connections"."verb_id" = $1  [["verb_id", 787]]
11:08:59 web.1  |   [1m[36m (0.3ms)[0m  [1mSELECT COUNT(*) FROM "personal_connections"  WHERE "personal_connections"."verb_id" = $1[0m  [["verb_id", 50]]
11:08:59 web.1  |   [1m[36m (0.3ms)[0m  [1mSELECT COUNT(*) FROM "personal_connections"  WHERE "personal_connections"."verb_id" = $1[0m  [["verb_id", 1257]]
11:08:59 web.1  |   [1m[35m (0.3ms)[0m  SELECT COUNT(*) FROM "personal_connections"  WHERE "personal_connections"."verb_id" = $1  [["verb_id", 394]]
11:08:59 web.1  |   [1m[35m (0.3ms)[0m  SELECT COUNT(*) FROM "personal_connections"  WHERE "personal_connections"."verb_id" = $1  [["verb_id", 121]]
11:08:59 web.1  |   [1m[36m (0.2ms)[0m  [1mSELECT COUNT(*) FROM "personal_connections"  WHERE "personal_connections"."verb_id" = $1[0m  [["verb_id", 526]]
11:08:59 web.1  |   [1m[35m (0.3ms)[0m  SELECT COUNT(*) FROM "personal_connections"  WHERE "personal_connections"."verb_id" = $1  [["verb_id", 1551]]
11:08:59 web.1  |   [1m[36m (0.3ms)[0m  [1mSELECT COUNT(*) FROM "personal_connections"  WHERE "personal_connections"."verb_id" = $1[0m  [["verb_id", 1144]]
11:08:59 web.1  |   [1m[36m (0.3ms)[0m  [1mSELECT COUNT(*) FROM "personal_connections"  WHERE "personal_connections"."verb_id" = $1[0m  [["verb_id", 1254]]
11:08:59 web.1  |   [1m[35m (0.3ms)[0m  SELECT COUNT(*) FROM "personal_connections"  WHERE "personal_connections"."verb_id" = $1  [["verb_id", 1143]]
11:08:59 web.1  |   [1m[35m (0.3ms)[0m  SELECT COUNT(*) FROM "personal_connections"  WHERE "personal_connections"."verb_id" = $1  [["verb_id", 1489]]
11:08:59 web.1  |   [1m[36m (0.3ms)[0m  [1mSELECT COUNT(*) FROM "personal_connections"  WHERE "personal_connections"."verb_id" = $1[0m  [["verb_id", 1554]]
11:08:59 web.1  |   [1m[36m (0.3ms)[0m  [1mSELECT COUNT(*) FROM "personal_connections"  WHERE "personal_connections"."verb_id" = $1[0m  [["verb_id", 21]]
11:08:59 web.1  |   [1m[35m (0.3ms)[0m  SELECT COUNT(*) FROM "personal_connections"  WHERE "personal_connections"."verb_id" = $1  [["verb_id", 1299]]
11:08:59 web.1  |   [1m[35m (0.3ms)[0m  SELECT COUNT(*) FROM "personal_connections"  WHERE "personal_connections"."verb_id" = $1  [["verb_id", 935]]
11:08:59 web.1  |   [1m[36m (0.3ms)[0m  [1mSELECT COUNT(*) FROM "personal_connections"  WHERE "personal_connections"."verb_id" = $1[0m  [["verb_id", 768]]
11:08:59 web.1  |   [1m[36m (0.3ms)[0m  [1mSELECT COUNT(*) FROM "personal_connections"  WHERE "personal_connections"."verb_id" = $1[0m  [["verb_id", 1370]]
11:08:59 web.1  |   [1m[35m (0.4ms)[0m  SELECT COUNT(*) FROM "personal_connections"  WHERE "personal_connections"."verb_id" = $1  [["verb_id", 725]]
11:08:59 web.1  |   [1m[35m (0.2ms)[0m  SELECT COUNT(*) FROM "personal_connections"  WHERE "personal_connections"."verb_id" = $1  [["verb_id", 398]]
11:08:59 web.1  |   [1m[36m (0.4ms)[0m  [1mSELECT COUNT(*) FROM "personal_connections"  WHERE "personal_connections"."verb_id" = $1[0m  [["verb_id", 1394]]
11:08:59 web.1  |   [1m[36m (0.2ms)[0m  [1mSELECT COUNT(*) FROM "personal_connections"  WHERE "personal_connections"."verb_id" = $1[0m  [["verb_id", 58]]
11:08:59 web.1  |   [1m[35m (0.5ms)[0m  SELECT COUNT(*) FROM "personal_connections"  WHERE "personal_connections"."verb_id" = $1  [["verb_id", 1201]]
11:08:59 web.1  |   [1m[35m (0.3ms)[0m  SELECT COUNT(*) FROM "personal_connections"  WHERE "personal_connections"."verb_id" = $1  [["verb_id", 177]]
11:08:59 web.1  |   [1m[36m (0.4ms)[0m  [1mSELECT COUNT(*) FROM "personal_connections"  WHERE "personal_connections"."verb_id" = $1[0m  [["verb_id", 610]]
11:08:59 web.1  |   [1m[36m (0.2ms)[0m  [1mSELECT COUNT(*) FROM "personal_connections"  WHERE "personal_connections"."verb_id" = $1[0m  [["verb_id", 582]]
11:08:59 web.1  |   [1m[35m (0.3ms)[0m  SELECT COUNT(*) FROM "personal_connections"  WHERE "personal_connections"."verb_id" = $1  [["verb_id", 1539]]
11:08:59 web.1  |   [1m[35m (0.3ms)[0m  SELECT COUNT(*) FROM "personal_connections"  WHERE "personal_connections"."verb_id" = $1  [["verb_id", 1280]]
11:08:59 web.1  |   [1m[36m (0.3ms)[0m  [1mSELECT COUNT(*) FROM "personal_connections"  WHERE "personal_connections"."verb_id" = $1[0m  [["verb_id", 1148]]
11:08:59 web.1  |   [1m[36m (0.3ms)[0m  [1mSELECT COUNT(*) FROM "personal_connections"  WHERE "personal_connections"."verb_id" = $1[0m  [["verb_id", 1405]]
11:08:59 web.1  |   [1m[35m (0.3ms)[0m  SELECT COUNT(*) FROM "personal_connections"  WHERE "personal_connections"."verb_id" = $1  [["verb_id", 354]]
11:08:59 web.1  |   [1m[35m (0.3ms)[0m  SELECT COUNT(*) FROM "personal_connections"  WHERE "personal_connections"."verb_id" = $1  [["verb_id", 1379]]
11:08:59 web.1  |   [1m[36m (0.3ms)[0m  [1mSELECT COUNT(*) FROM "personal_connections"  WHERE "personal_connections"."verb_id" = $1[0m  [["verb_id", 857]]
11:08:59 web.1  |   [1m[36m (0.5ms)[0m  [1mSELECT COUNT(*) FROM "personal_connections"  WHERE "personal_connections"."verb_id" = $1[0m  [["verb_id", 238]]
11:08:59 web.1  |   [1m[35m (0.3ms)[0m  SELECT COUNT(*) FROM "personal_connections"  WHERE "personal_connections"."verb_id" = $1  [["verb_id", 1119]]
11:08:59 web.1  |   [1m[35m (0.2ms)[0m  SELECT COUNT(*) FROM "personal_connections"  WHERE "personal_connections"."verb_id" = $1  [["verb_id", 1425]]
11:08:59 web.1  |   [1m[36m (0.3ms)[0m  [1mSELECT COUNT(*) FROM "personal_connections"  WHERE "personal_connections"."verb_id" = $1[0m  [["verb_id", 1484]]
11:08:59 web.1  |   [1m[36m (0.2ms)[0m  [1mSELECT COUNT(*) FROM "personal_connections"  WHERE "personal_connections"."verb_id" = $1[0m  [["verb_id", 865]]
11:08:59 web.1  |   [1m[35m (0.3ms)[0m  SELECT COUNT(*) FROM "personal_connections"  WHERE "personal_connections"."verb_id" = $1  [["verb_id", 792]]
11:08:59 web.1  |   [1m[35m (0.4ms)[0m  SELECT COUNT(*) FROM "personal_connections"  WHERE "personal_connections"."verb_id" = $1  [["verb_id", 841]]
11:08:59 web.1  |   [1m[36m (0.3ms)[0m  [1mSELECT COUNT(*) FROM "personal_connections"  WHERE "personal_connections"."verb_id" = $1[0m  [["verb_id", 1431]]
11:08:59 web.1  |   [1m[36m (0.3ms)[0m  [1mSELECT COUNT(*) FROM "personal_connections"  WHERE "personal_connections"."verb_id" = $1[0m  [["verb_id", 1297]]
11:08:59 web.1  |   [1m[35m (0.3ms)[0m  SELECT COUNT(*) FROM "personal_connections"  WHERE "personal_connections"."verb_id" = $1  [["verb_id", 761]]
11:08:59 web.1  |   [1m[35m (0.3ms)[0m  SELECT COUNT(*) FROM "personal_connections"  WHERE "personal_connections"."verb_id" = $1  [["verb_id", 1529]]
11:08:59 web.1  |   [1m[36m (0.3ms)[0m  [1mSELECT COUNT(*) FROM "personal_connections"  WHERE "personal_connections"."verb_id" = $1[0m  [["verb_id", 1038]]
11:08:59 web.1  |   [1m[36m (0.3ms)[0m  [1mSELECT COUNT(*) FROM "personal_connections"  WHERE "personal_connections"."verb_id" = $1[0m  [["verb_id", 55]]
11:08:59 web.1  |   [1m[35m (0.3ms)[0m  SELECT COUNT(*) FROM "personal_connections"  WHERE "personal_connections"."verb_id" = $1  [["verb_id", 1278]]
11:08:59 web.1  |   [1m[36m (0.2ms)[0m  [1mSELECT COUNT(*) FROM "personal_connections"  WHERE "personal_connections"."verb_id" = $1[0m  [["verb_id", 1016]]
11:08:59 web.1  |   [1m[35m (0.4ms)[0m  SELECT COUNT(*) FROM "personal_connections"  WHERE "personal_connections"."verb_id" = $1  [["verb_id", 181]]
11:08:59 web.1  |   [1m[35m (0.3ms)[0m  SELECT COUNT(*) FROM "personal_connections"  WHERE "personal_connections"."verb_id" = $1  [["verb_id", 815]]
11:08:59 web.1  |   [1m[36m (0.4ms)[0m  [1mSELECT COUNT(*) FROM "personal_connections"  WHERE "personal_connections"."verb_id" = $1[0m  [["verb_id", 402]]
11:08:59 web.1  |   [1m[36m (0.3ms)[0m  [1mSELECT COUNT(*) FROM "personal_connections"  WHERE "personal_connections"."verb_id" = $1[0m  [["verb_id", 1476]]
11:08:59 web.1  |   [1m[35m (0.3ms)[0m  SELECT COUNT(*) FROM "personal_connections"  WHERE "personal_connections"."verb_id" = $1  [["verb_id", 1488]]
11:08:59 web.1  |   [1m[35m (0.3ms)[0m  SELECT COUNT(*) FROM "personal_connections"  WHERE "personal_connections"."verb_id" = $1  [["verb_id", 665]]
11:08:59 web.1  |   [1m[36m (0.3ms)[0m  [1mSELECT COUNT(*) FROM "personal_connections"  WHERE "personal_connections"."verb_id" = $1[0m  [["verb_id", 404]]
11:08:59 web.1  |   [1m[36m (0.3ms)[0m  [1mSELECT COUNT(*) FROM "personal_connections"  WHERE "personal_connections"."verb_id" = $1[0m  [["verb_id", 1477]]
11:08:59 web.1  |   [1m[35m (0.3ms)[0m  SELECT COUNT(*) FROM "personal_connections"  WHERE "personal_connections"."verb_id" = $1  [["verb_id", 338]]
11:08:59 web.1  |   [1m[35m (0.3ms)[0m  SELECT COUNT(*) FROM "personal_connections"  WHERE "personal_connections"."verb_id" = $1  [["verb_id", 1026]]
11:08:59 web.1  |   [1m[36m (0.3ms)[0m  [1mSELECT COUNT(*) FROM "personal_connections"  WHERE "personal_connections"."verb_id" = $1[0m  [["verb_id", 919]]
11:08:59 web.1  |   [1m[36m (0.3ms)[0m  [1mSELECT COUNT(*) FROM "personal_connections"  WHERE "personal_connections"."verb_id" = $1[0m  [["verb_id", 1042]]
11:08:59 web.1  |   [1m[35m (0.3ms)[0m  SELECT COUNT(*) FROM "personal_connections"  WHERE "personal_connections"."verb_id" = $1  [["verb_id", 1112]]
11:08:59 web.1  |   [1m[35m (0.2ms)[0m  SELECT COUNT(*) FROM "personal_connections"  WHERE "personal_connections"."verb_id" = $1  [["verb_id", 724]]
11:08:59 web.1  |   [1m[36m (0.3ms)[0m  [1mSELECT COUNT(*) FROM "personal_connections"  WHERE "personal_connections"."verb_id" = $1[0m  [["verb_id", 1558]]
11:08:59 web.1  |   [1m[36m (0.3ms)[0m  [1mSELECT COUNT(*) FROM "personal_connections"  WHERE "personal_connections"."verb_id" = $1[0m  [["verb_id", 785]]
11:08:59 web.1  |   [1m[35m (0.3ms)[0m  SELECT COUNT(*) FROM "personal_connections"  WHERE "personal_connections"."verb_id" = $1  [["verb_id", 213]]
11:08:59 web.1  |   [1m[35m (0.4ms)[0m  SELECT COUNT(*) FROM "personal_connections"  WHERE "personal_connections"."verb_id" = $1  [["verb_id", 658]]
11:08:59 web.1  |   [1m[36m (0.3ms)[0m  [1mSELECT COUNT(*) FROM "personal_connections"  WHERE "personal_connections"."verb_id" = $1[0m  [["verb_id", 1474]]
11:08:59 web.1  |   [1m[36m (0.3ms)[0m  [1mSELECT COUNT(*) FROM "personal_connections"  WHERE "personal_connections"."verb_id" = $1[0m  [["verb_id", 320]]
11:08:59 web.1  |   [1m[35m (0.3ms)[0m  SELECT COUNT(*) FROM "personal_connections"  WHERE "personal_connections"."verb_id" = $1  [["verb_id", 1245]]
11:08:59 web.1  |   [1m[35m (0.3ms)[0m  SELECT COUNT(*) FROM "personal_connections"  WHERE "personal_connections"."verb_id" = $1  [["verb_id", 1255]]
11:08:59 web.1  |   [1m[36m (0.3ms)[0m  [1mSELECT COUNT(*) FROM "personal_connections"  WHERE "personal_connections"."verb_id" = $1[0m  [["verb_id", 476]]
11:08:59 web.1  |   [1m[36m (0.3ms)[0m  [1mSELECT COUNT(*) FROM "personal_connections"  WHERE "personal_connections"."verb_id" = $1[0m  [["verb_id", 787]]
11:08:59 web.1  |   [1m[35m (0.3ms)[0m  SELECT COUNT(*) FROM "personal_connections"  WHERE "personal_connections"."verb_id" = $1  [["verb_id", 1167]]
11:08:59 web.1  |   [1m[36m (0.4ms)[0m  [1mSELECT COUNT(*) FROM "personal_connections"  WHERE "personal_connections"."verb_id" = $1[0m  [["verb_id", 756]]
11:08:59 web.1  |   [1m[35m (0.3ms)[0m  SELECT COUNT(*) FROM "personal_connections"  WHERE "personal_connections"."verb_id" = $1  [["verb_id", 1257]]
11:08:59 web.1  |   [1m[35m (0.3ms)[0m  SELECT COUNT(*) FROM "personal_connections"  WHERE "personal_connections"."verb_id" = $1  [["verb_id", 1313]]
11:08:59 web.1  |   [1m[36m (0.3ms)[0m  [1mSELECT COUNT(*) FROM "personal_connections"  WHERE "personal_connections"."verb_id" = $1[0m  [["verb_id", 121]]
11:08:59 web.1  |   [1m[36m (0.3ms)[0m  [1mSELECT COUNT(*) FROM "personal_connections"  WHERE "personal_connections"."verb_id" = $1[0m  [["verb_id", 1415]]
11:08:59 web.1  |   [1m[35m (0.3ms)[0m  SELECT COUNT(*) FROM "personal_connections"  WHERE "personal_connections"."verb_id" = $1  [["verb_id", 1144]]
11:08:59 web.1  |   [1m[35m (0.3ms)[0m  SELECT COUNT(*) FROM "personal_connections"  WHERE "personal_connections"."verb_id" = $1  [["verb_id", 1327]]
11:08:59 web.1  |   [1m[36m (0.3ms)[0m  [1mSELECT COUNT(*) FROM "personal_connections"  WHERE "personal_connections"."verb_id" = $1[0m  [["verb_id", 1143]]
11:08:59 web.1  |   [1m[36m (0.3ms)[0m  [1mSELECT COUNT(*) FROM "personal_connections"  WHERE "personal_connections"."verb_id" = $1[0m  [["verb_id", 1084]]
11:08:59 web.1  |   [1m[35m (0.5ms)[0m  SELECT COUNT(*) FROM "personal_connections"  WHERE "personal_connections"."verb_id" = $1  [["verb_id", 1554]]
11:08:59 web.1  |   [1m[35m (0.3ms)[0m  SELECT COUNT(*) FROM "personal_connections"  WHERE "personal_connections"."verb_id" = $1  [["verb_id", 1242]]
11:08:59 web.1  |   [1m[36m (0.3ms)[0m  [1mSELECT COUNT(*) FROM "personal_connections"  WHERE "personal_connections"."verb_id" = $1[0m  [["verb_id", 1299]]
11:08:59 web.1  |   [1m[36m (0.3ms)[0m  [1mSELECT COUNT(*) FROM "personal_connections"  WHERE "personal_connections"."verb_id" = $1[0m  [["verb_id", 1430]]
11:08:59 web.1  |   [1m[35m (0.4ms)[0m  SELECT COUNT(*) FROM "personal_connections"  WHERE "personal_connections"."verb_id" = $1  [["verb_id", 768]]
11:08:59 web.1  |   [1m[36m (0.4ms)[0m  [1mSELECT COUNT(*) FROM "personal_connections"  WHERE "personal_connections"."verb_id" = $1[0m  [["verb_id", 725]]
11:08:59 web.1  |   [1m[35m (0.4ms)[0m  SELECT COUNT(*) FROM "personal_connections"  WHERE "personal_connections"."verb_id" = $1  [["verb_id", 1394]]
11:08:59 web.1  |   [1m[35m (0.3ms)[0m  SELECT COUNT(*) FROM "personal_connections"  WHERE "personal_connections"."verb_id" = $1  [["verb_id", 791]]
11:08:59 web.1  |   [1m[36m (0.3ms)[0m  [1mSELECT COUNT(*) FROM "personal_connections"  WHERE "personal_connections"."verb_id" = $1[0m  [["verb_id", 1201]]
11:08:59 web.1  |   [1m[35m (0.3ms)[0m  SELECT COUNT(*) FROM "personal_connections"  WHERE "personal_connections"."verb_id" = $1  [["verb_id", 610]]
11:08:59 web.1  |   [1m[36m (0.3ms)[0m  [1mSELECT COUNT(*) FROM "personal_connections"  WHERE "personal_connections"."verb_id" = $1[0m  [["verb_id", 1448]]
11:08:59 web.1  |   [1m[36m (0.3ms)[0m  [1mSELECT COUNT(*) FROM "personal_connections"  WHERE "personal_connections"."verb_id" = $1[0m  [["verb_id", 1539]]
11:08:59 web.1  |   [1m[35m (0.5ms)[0m  SELECT COUNT(*) FROM "personal_connections"  WHERE "personal_connections"."verb_id" = $1  [["verb_id", 598]]
11:08:59 web.1  |   [1m[35m (0.3ms)[0m  SELECT COUNT(*) FROM "personal_connections"  WHERE "personal_connections"."verb_id" = $1  [["verb_id", 1405]]
11:08:59 web.1  |   [1m[36m (0.3ms)[0m  [1mSELECT COUNT(*) FROM "personal_connections"  WHERE "personal_connections"."verb_id" = $1[0m  [["verb_id", 494]]
11:08:59 web.1  |   [1m[36m (0.3ms)[0m  [1mSELECT COUNT(*) FROM "personal_connections"  WHERE "personal_connections"."verb_id" = $1[0m  [["verb_id", 1379]]
11:08:59 web.1  |   [1m[35m (0.3ms)[0m  SELECT COUNT(*) FROM "personal_connections"  WHERE "personal_connections"."verb_id" = $1  [["verb_id", 1226]]
11:08:59 web.1  |   [1m[35m (0.5ms)[0m  SELECT COUNT(*) FROM "personal_connections"  WHERE "personal_connections"."verb_id" = $1  [["verb_id", 238]]
11:08:59 web.1  |   [1m[36m (0.3ms)[0m  [1mSELECT COUNT(*) FROM "personal_connections"  WHERE "personal_connections"."verb_id" = $1[0m  [["verb_id", 1425]]
11:08:59 web.1  |   [1m[36m (0.3ms)[0m  [1mSELECT COUNT(*) FROM "personal_connections"  WHERE "personal_connections"."verb_id" = $1[0m  [["verb_id", 388]]
11:08:59 web.1  |   [1m[35m (0.3ms)[0m  SELECT COUNT(*) FROM "personal_connections"  WHERE "personal_connections"."verb_id" = $1  [["verb_id", 1484]]
11:08:59 web.1  |   [1m[35m (0.5ms)[0m  SELECT COUNT(*) FROM "personal_connections"  WHERE "personal_connections"."verb_id" = $1  [["verb_id", 1322]]
11:08:59 web.1  |   [1m[36m (0.3ms)[0m  [1mSELECT COUNT(*) FROM "personal_connections"  WHERE "personal_connections"."verb_id" = $1[0m  [["verb_id", 792]]
11:08:59 web.1  |   [1m[36m (0.5ms)[0m  [1mSELECT COUNT(*) FROM "personal_connections"  WHERE "personal_connections"."verb_id" = $1[0m  [["verb_id", 1247]]
11:08:59 web.1  |   [1m[35m (0.3ms)[0m  SELECT COUNT(*) FROM "personal_connections"  WHERE "personal_connections"."verb_id" = $1  [["verb_id", 1431]]
11:08:59 web.1  |   [1m[35m (0.5ms)[0m  SELECT COUNT(*) FROM "personal_connections"  WHERE "personal_connections"."verb_id" = $1  [["verb_id", 1319]]
11:08:59 web.1  |   [1m[36m (0.3ms)[0m  [1mSELECT COUNT(*) FROM "personal_connections"  WHERE "personal_connections"."verb_id" = $1[0m  [["verb_id", 761]]
11:08:59 web.1  |   [1m[36m (0.4ms)[0m  [1mSELECT COUNT(*) FROM "personal_connections"  WHERE "personal_connections"."verb_id" = $1[0m  [["verb_id", 1081]]
11:08:59 web.1  |   [1m[35m (0.4ms)[0m  SELECT COUNT(*) FROM "personal_connections"  WHERE "personal_connections"."verb_id" = $1  [["verb_id", 1038]]
11:08:59 web.1  |   [1m[35m (0.3ms)[0m  SELECT COUNT(*) FROM "personal_connections"  WHERE "personal_connections"."verb_id" = $1  [["verb_id", 312]]
11:09:00 web.1  |   [1m[36m (0.3ms)[0m  [1mSELECT COUNT(*) FROM "personal_connections"  WHERE "personal_connections"."verb_id" = $1[0m  [["verb_id", 1278]]
11:09:00 web.1  |   [1m[36m (0.6ms)[0m  [1mSELECT COUNT(*) FROM "personal_connections"  WHERE "personal_connections"."verb_id" = $1[0m  [["verb_id", 1027]]
11:09:00 web.1  |   [1m[35m (1.0ms)[0m  SELECT COUNT(*) FROM "personal_connections"  WHERE "personal_connections"."verb_id" = $1  [["verb_id", 1016]]
11:09:00 web.1  |   [1m[36m (0.7ms)[0m  [1mSELECT COUNT(*) FROM "personal_connections"  WHERE "personal_connections"."verb_id" = $1[0m  [["verb_id", 815]]
11:09:00 web.1  |   [1m[35m (0.3ms)[0m  SELECT COUNT(*) FROM "personal_connections"  WHERE "personal_connections"."verb_id" = $1  [["verb_id", 1476]]
11:09:00 web.1  |   [1m[35m (0.3ms)[0m  SELECT COUNT(*) FROM "personal_connections"  WHERE "personal_connections"."verb_id" = $1  [["verb_id", 940]]
11:09:00 web.1  |   [1m[36m (0.2ms)[0m  [1mSELECT COUNT(*) FROM "personal_connections"  WHERE "personal_connections"."verb_id" = $1[0m  [["verb_id", 665]]
11:09:00 web.1  |   [1m[35m (0.3ms)[0m  SELECT COUNT(*) FROM "personal_connections"  WHERE "personal_connections"."verb_id" = $1  [["verb_id", 1477]]
11:09:00 web.1  |   [1m[36m (0.3ms)[0m  [1mSELECT COUNT(*) FROM "personal_connections"  WHERE "personal_connections"."verb_id" = $1[0m  [["verb_id", 1320]]
11:09:00 web.1  |   [1m[36m (0.3ms)[0m  [1mSELECT COUNT(*) FROM "personal_connections"  WHERE "personal_connections"."verb_id" = $1[0m  [["verb_id", 1026]]
11:09:00 web.1  |   [1m[35m (0.3ms)[0m  SELECT COUNT(*) FROM "personal_connections"  WHERE "personal_connections"."verb_id" = $1  [["verb_id", 1157]]
11:09:00 web.1  |   [1m[35m (0.3ms)[0m  SELECT COUNT(*) FROM "personal_connections"  WHERE "personal_connections"."verb_id" = $1  [["verb_id", 1042]]
11:09:00 web.1  |   [1m[36m (0.3ms)[0m  [1mSELECT COUNT(*) FROM "personal_connections"  WHERE "personal_connections"."verb_id" = $1[0m  [["verb_id", 1243]]
11:09:00 web.1  |   [1m[36m (0.3ms)[0m  [1mSELECT COUNT(*) FROM "personal_connections"  WHERE "personal_connections"."verb_id" = $1[0m  [["verb_id", 724]]
11:09:00 web.1  |   [1m[35m (0.3ms)[0m  SELECT COUNT(*) FROM "personal_connections"  WHERE "personal_connections"."verb_id" = $1  [["verb_id", 1558]]
11:09:00 web.1  |   [1m[35m (0.2ms)[0m  SELECT COUNT(*) FROM "personal_connections"  WHERE "personal_connections"."verb_id" = $1  [["verb_id", 936]]
11:09:00 web.1  |   [1m[36m (0.3ms)[0m  [1mSELECT COUNT(*) FROM "personal_connections"  WHERE "personal_connections"."verb_id" = $1[0m  [["verb_id", 213]]
11:09:00 web.1  |   [1m[36m (0.3ms)[0m  [1mSELECT COUNT(*) FROM "personal_connections"  WHERE "personal_connections"."verb_id" = $1[0m  [["verb_id", 1392]]
11:09:00 web.1  |   [1m[35m (0.7ms)[0m  SELECT COUNT(*) FROM "personal_connections"  WHERE "personal_connections"."verb_id" = $1  [["verb_id", 1474]]
11:09:00 web.1  |   [1m[35m (0.3ms)[0m  SELECT COUNT(*) FROM "personal_connections"  WHERE "personal_connections"."verb_id" = $1  [["verb_id", 977]]
11:09:00 web.1  |   [1m[36m (0.3ms)[0m  [1mSELECT COUNT(*) FROM "personal_connections"  WHERE "personal_connections"."verb_id" = $1[0m  [["verb_id", 1245]]
11:09:00 web.1  |   [1m[35m (0.3ms)[0m  SELECT COUNT(*) FROM "personal_connections"  WHERE "personal_connections"."verb_id" = $1  [["verb_id", 476]]
11:09:00 web.1  |   [1m[36m (0.2ms)[0m  [1mSELECT COUNT(*) FROM "personal_connections"  WHERE "personal_connections"."verb_id" = $1[0m  [["verb_id", 45]]
11:09:00 web.1  |   [1m[36m (0.3ms)[0m  [1mSELECT COUNT(*) FROM "personal_connections"  WHERE "personal_connections"."verb_id" = $1[0m  [["verb_id", 1167]]
11:09:00 web.1  |   [1m[35m (0.3ms)[0m  SELECT COUNT(*) FROM "personal_connections"  WHERE "personal_connections"."verb_id" = $1  [["verb_id", 418]]
11:09:00 web.1  |   [1m[35m (0.3ms)[0m  SELECT COUNT(*) FROM "personal_connections"  WHERE "personal_connections"."verb_id" = $1  [["verb_id", 756]]
11:09:00 web.1  |   [1m[36m (0.3ms)[0m  [1mSELECT COUNT(*) FROM "personal_connections"  WHERE "personal_connections"."verb_id" = $1[0m  [["verb_id", 1268]]
11:09:00 web.1  |   [1m[36m (0.3ms)[0m  [1mSELECT COUNT(*) FROM "personal_connections"  WHERE "personal_connections"."verb_id" = $1[0m  [["verb_id", 1313]]
11:09:00 web.1  |   [1m[35m (0.3ms)[0m  SELECT COUNT(*) FROM "personal_connections"  WHERE "personal_connections"."verb_id" = $1  [["verb_id", 1415]]
11:09:00 web.1  |   [1m[35m (0.5ms)[0m  SELECT COUNT(*) FROM "personal_connections"  WHERE "personal_connections"."verb_id" = $1  [["verb_id", 1121]]
11:09:00 web.1  |   [1m[36m (0.3ms)[0m  [1mSELECT COUNT(*) FROM "personal_connections"  WHERE "personal_connections"."verb_id" = $1[0m  [["verb_id", 1327]]
11:09:00 web.1  |   [1m[35m (0.4ms)[0m  SELECT COUNT(*) FROM "personal_connections"  WHERE "personal_connections"."verb_id" = $1  [["verb_id", 1084]]
11:09:00 web.1  |   [1m[36m (0.3ms)[0m  [1mSELECT COUNT(*) FROM "personal_connections"  WHERE "personal_connections"."verb_id" = $1[0m  [["verb_id", 1570]]
11:09:00 web.1  |   [1m[36m (0.3ms)[0m  [1mSELECT COUNT(*) FROM "personal_connections"  WHERE "personal_connections"."verb_id" = $1[0m  [["verb_id", 1242]]
11:09:00 web.1  |   [1m[35m (0.4ms)[0m  SELECT COUNT(*) FROM "personal_connections"  WHERE "personal_connections"."verb_id" = $1  [["verb_id", 1583]]
11:09:00 web.1  |   [1m[35m (0.3ms)[0m  SELECT COUNT(*) FROM "personal_connections"  WHERE "personal_connections"."verb_id" = $1  [["verb_id", 1430]]
11:09:00 web.1  |   [1m[36m (0.3ms)[0m  [1mSELECT COUNT(*) FROM "personal_connections"  WHERE "personal_connections"."verb_id" = $1[0m  [["verb_id", 791]]
11:09:00 web.1  |   [1m[36m (0.3ms)[0m  [1mSELECT COUNT(*) FROM "personal_connections"  WHERE "personal_connections"."verb_id" = $1[0m  [["verb_id", 1531]]
11:09:00 web.1  |   [1m[35m (0.3ms)[0m  SELECT COUNT(*) FROM "personal_connections"  WHERE "personal_connections"."verb_id" = $1  [["verb_id", 1448]]
11:09:00 web.1  |   [1m[35m (0.3ms)[0m  SELECT COUNT(*) FROM "personal_connections"  WHERE "personal_connections"."verb_id" = $1  [["verb_id", 1561]]
11:09:00 web.1  |   [1m[36m (0.3ms)[0m  [1mSELECT COUNT(*) FROM "personal_connections"  WHERE "personal_connections"."verb_id" = $1[0m  [["verb_id", 598]]
11:09:00 web.1  |   [1m[35m (0.3ms)[0m  SELECT COUNT(*) FROM "personal_connections"  WHERE "personal_connections"."verb_id" = $1  [["verb_id", 494]]
11:09:00 web.1  |   [1m[36m (0.5ms)[0m  [1mSELECT COUNT(*) FROM "personal_connections"  WHERE "personal_connections"."verb_id" = $1[0m  [["verb_id", 1473]]
11:09:00 web.1  |   [1m[36m (0.3ms)[0m  [1mSELECT COUNT(*) FROM "personal_connections"  WHERE "personal_connections"."verb_id" = $1[0m  [["verb_id", 1226]]
11:09:00 web.1  |   [1m[35m (0.4ms)[0m  SELECT COUNT(*) FROM "personal_connections"  WHERE "personal_connections"."verb_id" = $1  [["verb_id", 388]]
11:09:00 web.1  |   [1m[35m (0.3ms)[0m  SELECT COUNT(*) FROM "personal_connections"  WHERE "personal_connections"."verb_id" = $1  [["verb_id", 1339]]
11:09:00 web.1  |   [1m[36m (0.3ms)[0m  [1mSELECT COUNT(*) FROM "personal_connections"  WHERE "personal_connections"."verb_id" = $1[0m  [["verb_id", 1455]]
11:09:00 web.1  |   [1m[36m (0.3ms)[0m  [1mSELECT COUNT(*) FROM "personal_connections"  WHERE "personal_connections"."verb_id" = $1[0m  [["verb_id", 1322]]
11:09:00 web.1  |   [1m[35m (0.3ms)[0m  SELECT COUNT(*) FROM "personal_connections"  WHERE "personal_connections"."verb_id" = $1  [["verb_id", 1247]]
11:09:00 web.1  |   [1m[35m (0.3ms)[0m  SELECT COUNT(*) FROM "personal_connections"  WHERE "personal_connections"."verb_id" = $1  [["verb_id", 1252]]
11:09:00 web.1  |   [1m[36m (1.0ms)[0m  [1mSELECT COUNT(*) FROM "personal_connections"  WHERE "personal_connections"."verb_id" = $1[0m  [["verb_id", 1319]]
11:09:00 web.1  |   [1m[35m (0.3ms)[0m  SELECT COUNT(*) FROM "personal_connections"  WHERE "personal_connections"."verb_id" = $1  [["verb_id", 1081]]
11:09:00 web.1  |   [1m[36m (0.4ms)[0m  [1mSELECT COUNT(*) FROM "personal_connections"  WHERE "personal_connections"."verb_id" = $1[0m  [["verb_id", 1087]]
11:09:00 web.1  |   [1m[36m (0.3ms)[0m  [1mSELECT COUNT(*) FROM "personal_connections"  WHERE "personal_connections"."verb_id" = $1[0m  [["verb_id", 312]]
11:09:00 web.1  |   [1m[35m (0.4ms)[0m  SELECT COUNT(*) FROM "personal_connections"  WHERE "personal_connections"."verb_id" = $1  [["verb_id", 769]]
11:09:00 web.1  |   [1m[35m (0.5ms)[0m  SELECT COUNT(*) FROM "personal_connections"  WHERE "personal_connections"."verb_id" = $1  [["verb_id", 1027]]
11:09:00 web.1  |   [1m[36m (0.4ms)[0m  [1mSELECT COUNT(*) FROM "personal_connections"  WHERE "personal_connections"."verb_id" = $1[0m  [["verb_id", 720]]
11:09:00 web.1  |   [1m[35m (0.7ms)[0m  SELECT COUNT(*) FROM "personal_connections"  WHERE "personal_connections"."verb_id" = $1  [["verb_id", 157]]
11:09:00 web.1  |   [1m[36m (0.2ms)[0m  [1mSELECT COUNT(*) FROM "personal_connections"  WHERE "personal_connections"."verb_id" = $1[0m  [["verb_id", 940]]
11:09:00 web.1  |   [1m[36m (0.3ms)[0m  [1mSELECT COUNT(*) FROM "personal_connections"  WHERE "personal_connections"."verb_id" = $1[0m  [["verb_id", 1397]]
11:09:00 web.1  |   [1m[35m (0.4ms)[0m  SELECT COUNT(*) FROM "personal_connections"  WHERE "personal_connections"."verb_id" = $1  [["verb_id", 1320]]
11:09:00 web.1  |   [1m[35m (0.3ms)[0m  SELECT COUNT(*) FROM "personal_connections"  WHERE "personal_connections"."verb_id" = $1  [["verb_id", 1432]]
11:09:00 web.1  |   [1m[36m (0.3ms)[0m  [1mSELECT COUNT(*) FROM "personal_connections"  WHERE "personal_connections"."verb_id" = $1[0m  [["verb_id", 1429]]
11:09:00 web.1  |   [1m[36m (0.4ms)[0m  [1mSELECT COUNT(*) FROM "personal_connections"  WHERE "personal_connections"."verb_id" = $1[0m  [["verb_id", 1157]]
11:09:00 web.1  |   [1m[35m (0.5ms)[0m  SELECT COUNT(*) FROM "personal_connections"  WHERE "personal_connections"."verb_id" = $1  [["verb_id", 1243]]
11:09:00 web.1  |   [1m[36m (0.3ms)[0m  [1mSELECT COUNT(*) FROM "personal_connections"  WHERE "personal_connections"."verb_id" = $1[0m  [["verb_id", 936]]
11:09:00 web.1  |   [1m[35m (0.4ms)[0m  SELECT COUNT(*) FROM "personal_connections"  WHERE "personal_connections"."verb_id" = $1  [["verb_id", 1392]]
11:09:00 web.1  |   [1m[36m (0.3ms)[0m  [1mSELECT COUNT(*) FROM "personal_connections"  WHERE "personal_connections"."verb_id" = $1[0m  [["verb_id", 977]]
11:09:00 web.1  |   [1m[35m (0.3ms)[0m  SELECT COUNT(*) FROM "personal_connections"  WHERE "personal_connections"."verb_id" = $1  [["verb_id", 45]]
11:09:00 web.1  |   [1m[36m (0.3ms)[0m  [1mSELECT COUNT(*) FROM "personal_connections"  WHERE "personal_connections"."verb_id" = $1[0m  [["verb_id", 418]]
11:09:00 web.1  |   [1m[35m (0.2ms)[0m  SELECT COUNT(*) FROM "personal_connections"  WHERE "personal_connections"."verb_id" = $1  [["verb_id", 1268]]
11:09:00 web.1  |   [1m[35m (0.3ms)[0m  SELECT COUNT(*) FROM "personal_connections"  WHERE "personal_connections"."verb_id" = $1  [["verb_id", 1567]]
11:09:00 web.1  |   [1m[36m (0.3ms)[0m  [1mSELECT COUNT(*) FROM "personal_connections"  WHERE "personal_connections"."verb_id" = $1[0m  [["verb_id", 1121]]
11:09:00 web.1  |   [1m[35m (0.3ms)[0m  SELECT COUNT(*) FROM "personal_connections"  WHERE "personal_connections"."verb_id" = $1  [["verb_id", 1570]]
11:09:00 web.1  |   [1m[36m (0.3ms)[0m  [1mSELECT COUNT(*) FROM "personal_connections"  WHERE "personal_connections"."verb_id" = $1[0m  [["verb_id", 1583]]
11:09:00 web.1  |   [1m[35m (0.4ms)[0m  SELECT COUNT(*) FROM "personal_connections"  WHERE "personal_connections"."verb_id" = $1  [["verb_id", 1531]]
11:09:00 web.1  |   [1m[36m (0.3ms)[0m  [1mSELECT COUNT(*) FROM "personal_connections"  WHERE "personal_connections"."verb_id" = $1[0m  [["verb_id", 1561]]
11:09:00 web.1  |   [1m[35m (0.3ms)[0m  SELECT COUNT(*) FROM "personal_connections"  WHERE "personal_connections"."verb_id" = $1  [["verb_id", 1473]]
11:09:00 web.1  |   [1m[36m (0.4ms)[0m  [1mSELECT COUNT(*) FROM "personal_connections"  WHERE "personal_connections"."verb_id" = $1[0m  [["verb_id", 1339]]
11:09:00 web.1  |   [1m[35m (0.3ms)[0m  SELECT COUNT(*) FROM "personal_connections"  WHERE "personal_connections"."verb_id" = $1  [["verb_id", 1455]]
11:09:00 web.1  |   [1m[36m (0.3ms)[0m  [1mSELECT COUNT(*) FROM "personal_connections"  WHERE "personal_connections"."verb_id" = $1[0m  [["verb_id", 1252]]
11:09:00 web.1  |   [1m[35m (0.4ms)[0m  SELECT COUNT(*) FROM "personal_connections"  WHERE "personal_connections"."verb_id" = $1  [["verb_id", 1087]]
11:09:00 web.1  |   [1m[36m (0.2ms)[0m  [1mSELECT COUNT(*) FROM "personal_connections"  WHERE "personal_connections"."verb_id" = $1[0m  [["verb_id", 1581]]
11:09:00 web.1  |   [1m[36m (0.3ms)[0m  [1mSELECT COUNT(*) FROM "personal_connections"  WHERE "personal_connections"."verb_id" = $1[0m  [["verb_id", 769]]
11:09:00 web.1  |   [1m[35m (0.4ms)[0m  SELECT COUNT(*) FROM "personal_connections"  WHERE "personal_connections"."verb_id" = $1  [["verb_id", 1580]]
11:09:00 web.1  |   [1m[36m (0.5ms)[0m  [1mSELECT COUNT(*) FROM "personal_connections"  WHERE "personal_connections"."verb_id" = $1[0m  [["verb_id", 795]]
11:09:00 web.1  |   [1m[35m (0.3ms)[0m  SELECT COUNT(*) FROM "personal_connections"  WHERE "personal_connections"."verb_id" = $1  [["verb_id", 1091]]
11:09:00 web.1  |   [1m[35m (19.3ms)[0m  SELECT COUNT(*) FROM "personal_connections"  WHERE "personal_connections"."verb_id" = $1  [["verb_id", 720]]
11:09:00 web.1  |   [1m[36m (0.4ms)[0m  [1mSELECT COUNT(*) FROM "personal_connections"  WHERE "personal_connections"."verb_id" = $1[0m  [["verb_id", 290]]
11:09:00 web.1  |   [1m[35m (0.4ms)[0m  SELECT COUNT(*) FROM "personal_connections"  WHERE "personal_connections"."verb_id" = $1  [["verb_id", 860]]
11:09:00 web.1  |   [1m[36m (0.5ms)[0m  [1mSELECT COUNT(*) FROM "personal_connections"  WHERE "personal_connections"."verb_id" = $1[0m  [["verb_id", 830]]
11:09:00 web.1  |   [1m[35m (0.4ms)[0m  SELECT COUNT(*) FROM "personal_connections"  WHERE "personal_connections"."verb_id" = $1  [["verb_id", 1196]]
11:09:00 web.1  |   [1m[36m (0.6ms)[0m  [1mSELECT COUNT(*) FROM "personal_connections"  WHERE "personal_connections"."verb_id" = $1[0m  [["verb_id", 318]]
11:09:00 web.1  |   [1m[35m (0.3ms)[0m  SELECT COUNT(*) FROM "personal_connections"  WHERE "personal_connections"."verb_id" = $1  [["verb_id", 374]]
11:09:00 web.1  |   [1m[36m (0.3ms)[0m  [1mSELECT COUNT(*) FROM "personal_connections"  WHERE "personal_connections"."verb_id" = $1[0m  [["verb_id", 984]]
11:09:00 web.1  |   [1m[35m (0.4ms)[0m  SELECT COUNT(*) FROM "personal_connections"  WHERE "personal_connections"."verb_id" = $1  [["verb_id", 1391]]
11:09:00 web.1  |   [1m[36m (0.5ms)[0m  [1mSELECT COUNT(*) FROM "personal_connections"  WHERE "personal_connections"."verb_id" = $1[0m  [["verb_id", 270]]
11:09:00 web.1  |   [1m[35m (0.6ms)[0m  SELECT COUNT(*) FROM "personal_connections"  WHERE "personal_connections"."verb_id" = $1  [["verb_id", 428]]
11:09:00 web.1  |   [1m[36m (0.3ms)[0m  [1mSELECT COUNT(*) FROM "personal_connections"  WHERE "personal_connections"."verb_id" = $1[0m  [["verb_id", 1131]]
11:09:00 web.1  |   [1m[35m (4.2ms)[0m  SELECT COUNT(*) FROM "personal_connections"  WHERE "personal_connections"."verb_id" = $1  [["verb_id", 1352]]
11:09:00 web.1  |   [1m[36m (0.5ms)[0m  [1mSELECT COUNT(*) FROM "personal_connections"  WHERE "personal_connections"."verb_id" = $1[0m  [["verb_id", 157]]
11:09:00 web.1  |   [1m[35m (0.3ms)[0m  SELECT COUNT(*) FROM "personal_connections"  WHERE "personal_connections"."verb_id" = $1  [["verb_id", 1397]]
11:09:00 web.1  |   [1m[36m (0.3ms)[0m  [1mSELECT COUNT(*) FROM "personal_connections"  WHERE "personal_connections"."verb_id" = $1[0m  [["verb_id", 1432]]
11:09:00 web.1  |   [1m[35m (0.3ms)[0m  SELECT COUNT(*) FROM "personal_connections"  WHERE "personal_connections"."verb_id" = $1  [["verb_id", 1429]]
11:09:00 web.1  |   [1m[36m (0.3ms)[0m  [1mSELECT COUNT(*) FROM "personal_connections"  WHERE "personal_connections"."verb_id" = $1[0m  [["verb_id", 1568]]
11:09:00 web.1  |   [1m[36m (0.4ms)[0m  [1mSELECT COUNT(*) FROM "personal_connections"  WHERE "personal_connections"."verb_id" = $1[0m  [["verb_id", 1567]]
11:09:00 web.1  |   [1m[35m (0.3ms)[0m  SELECT COUNT(*) FROM "personal_connections"  WHERE "personal_connections"."verb_id" = $1  [["verb_id", 1581]]
11:09:00 web.1  |   [1m[35m (0.4ms)[0m  SELECT COUNT(*) FROM "personal_connections"  WHERE "personal_connections"."verb_id" = $1  [["verb_id", 978]]
11:09:00 web.1  |   [1m[36m (0.4ms)[0m  [1mSELECT COUNT(*) FROM "personal_connections"  WHERE "personal_connections"."verb_id" = $1[0m  [["verb_id", 1580]]
11:09:00 web.1  |   [1m[36m (4.5ms)[0m  [1mSELECT COUNT(*) FROM "personal_connections"  WHERE "personal_connections"."verb_id" = $1[0m  [["verb_id", 1559]]
11:09:00 web.1  |   [1m[35m (0.3ms)[0m  SELECT COUNT(*) FROM "personal_connections"  WHERE "personal_connections"."verb_id" = $1  [["verb_id", 795]]
11:09:00 web.1  |   [1m[35m (0.3ms)[0m  SELECT COUNT(*) FROM "personal_connections"  WHERE "personal_connections"."verb_id" = $1  [["verb_id", 1361]]
11:09:00 web.1  |   [1m[36m (0.3ms)[0m  [1mSELECT COUNT(*) FROM "personal_connections"  WHERE "personal_connections"."verb_id" = $1[0m  [["verb_id", 1091]]
11:09:00 web.1  |   [1m[35m (0.3ms)[0m  SELECT COUNT(*) FROM "personal_connections"  WHERE "personal_connections"."verb_id" = $1  [["verb_id", 290]]
11:09:00 web.1  |   [1m[36m (0.2ms)[0m  [1mSELECT COUNT(*) FROM "personal_connections"  WHERE "personal_connections"."verb_id" = $1[0m  [["verb_id", 1364]]
11:09:00 web.1  |   [1m[35m (0.3ms)[0m  SELECT COUNT(*) FROM "personal_connections"  WHERE "personal_connections"."verb_id" = $1  [["verb_id", 1378]]
11:09:00 web.1  |   [1m[36m (0.3ms)[0m  [1mSELECT COUNT(*) FROM "personal_connections"  WHERE "personal_connections"."verb_id" = $1[0m  [["verb_id", 860]]
11:09:00 web.1  |   [1m[36m (0.3ms)[0m  [1mSELECT COUNT(*) FROM "personal_connections"  WHERE "personal_connections"."verb_id" = $1[0m  [["verb_id", 358]]
11:09:00 web.1  |   [1m[35m (0.3ms)[0m  SELECT COUNT(*) FROM "personal_connections"  WHERE "personal_connections"."verb_id" = $1  [["verb_id", 830]]
11:09:00 web.1  |   [1m[35m (0.3ms)[0m  SELECT COUNT(*) FROM "personal_connections"  WHERE "personal_connections"."verb_id" = $1  [["verb_id", 89]]
11:09:00 web.1  |   [1m[36m (0.3ms)[0m  [1mSELECT COUNT(*) FROM "personal_connections"  WHERE "personal_connections"."verb_id" = $1[0m  [["verb_id", 1341]]
11:09:00 web.1  |   [1m[35m (0.3ms)[0m  SELECT COUNT(*) FROM "personal_connections"  WHERE "personal_connections"."verb_id" = $1  [["verb_id", 500]]
11:09:00 web.1  |   [1m[36m (0.3ms)[0m  [1mSELECT COUNT(*) FROM "personal_connections"  WHERE "personal_connections"."verb_id" = $1[0m  [["verb_id", 1196]]
11:09:00 web.1  |   [1m[36m (0.3ms)[0m  [1mSELECT COUNT(*) FROM "personal_connections"  WHERE "personal_connections"."verb_id" = $1[0m  [["verb_id", 1579]]
11:09:00 web.1  |   [1m[35m (0.2ms)[0m  SELECT COUNT(*) FROM "personal_connections"  WHERE "personal_connections"."verb_id" = $1  [["verb_id", 318]]
11:09:00 web.1  |   [1m[36m (0.3ms)[0m  [1mSELECT COUNT(*) FROM "personal_connections"  WHERE "personal_connections"."verb_id" = $1[0m  [["verb_id", 374]]
11:09:00 web.1  |   [1m[35m (0.3ms)[0m  SELECT COUNT(*) FROM "personal_connections"  WHERE "personal_connections"."verb_id" = $1  [["verb_id", 68]]
11:09:00 web.1  |   [1m[35m (0.3ms)[0m  SELECT COUNT(*) FROM "personal_connections"  WHERE "personal_connections"."verb_id" = $1  [["verb_id", 984]]
11:09:00 web.1  |   [1m[36m (0.5ms)[0m  [1mSELECT COUNT(*) FROM "personal_connections"  WHERE "personal_connections"."verb_id" = $1[0m  [["verb_id", 867]]
11:09:00 web.1  |   [1m[35m (0.3ms)[0m  SELECT COUNT(*) FROM "personal_connections"  WHERE "personal_connections"."verb_id" = $1  [["verb_id", 1023]]
11:09:00 web.1  |   [1m[36m (0.4ms)[0m  [1mSELECT COUNT(*) FROM "personal_connections"  WHERE "personal_connections"."verb_id" = $1[0m  [["verb_id", 1391]]
11:09:00 web.1  |   [1m[36m (0.3ms)[0m  [1mSELECT COUNT(*) FROM "personal_connections"  WHERE "personal_connections"."verb_id" = $1[0m  [["verb_id", 1453]]
11:09:00 web.1  |   [1m[35m (0.3ms)[0m  SELECT COUNT(*) FROM "personal_connections"  WHERE "personal_connections"."verb_id" = $1  [["verb_id", 1326]]
11:09:00 web.1  |   [1m[35m (0.7ms)[0m  SELECT COUNT(*) FROM "personal_connections"  WHERE "personal_connections"."verb_id" = $1  [["verb_id", 270]]
11:09:00 web.1  |   [1m[36m (0.4ms)[0m  [1mSELECT COUNT(*) FROM "personal_connections"  WHERE "personal_connections"."verb_id" = $1[0m  [["verb_id", 428]]
11:09:00 web.1  |   [1m[36m (0.3ms)[0m  [1mSELECT COUNT(*) FROM "personal_connections"  WHERE "personal_connections"."verb_id" = $1[0m  [["verb_id", 1007]]
11:09:00 web.1  |   [1m[35m (0.3ms)[0m  SELECT COUNT(*) FROM "personal_connections"  WHERE "personal_connections"."verb_id" = $1  [["verb_id", 1131]]
11:09:00 web.1  |   [1m[35m (0.3ms)[0m  SELECT COUNT(*) FROM "personal_connections"  WHERE "personal_connections"."verb_id" = $1  [["verb_id", 578]]
11:09:00 web.1  |   [1m[36m (0.3ms)[0m  [1mSELECT COUNT(*) FROM "personal_connections"  WHERE "personal_connections"."verb_id" = $1[0m  [["verb_id", 966]]
11:09:00 web.1  |   [1m[36m (0.3ms)[0m  [1mSELECT COUNT(*) FROM "personal_connections"  WHERE "personal_connections"."verb_id" = $1[0m  [["verb_id", 1352]]
11:09:00 web.1  |   [1m[35m (0.3ms)[0m  SELECT COUNT(*) FROM "personal_connections"  WHERE "personal_connections"."verb_id" = $1  [["verb_id", 836]]
11:09:00 web.1  |   [1m[35m (0.5ms)[0m  SELECT COUNT(*) FROM "personal_connections"  WHERE "personal_connections"."verb_id" = $1  [["verb_id", 1568]]
11:09:00 web.1  |   [1m[36m (0.3ms)[0m  [1mSELECT COUNT(*) FROM "personal_connections"  WHERE "personal_connections"."verb_id" = $1[0m  [["verb_id", 1407]]
11:09:00 web.1  |   [1m[35m (0.3ms)[0m  SELECT COUNT(*) FROM "personal_connections"  WHERE "personal_connections"."verb_id" = $1  [["verb_id", 1526]]
11:09:00 web.1  |   [1m[36m (0.5ms)[0m  [1mSELECT COUNT(*) FROM "personal_connections"  WHERE "personal_connections"."verb_id" = $1[0m  [["verb_id", 978]]
11:09:00 web.1  |   [1m[36m (0.3ms)[0m  [1mSELECT COUNT(*) FROM "personal_connections"  WHERE "personal_connections"."verb_id" = $1[0m  [["verb_id", 1457]]
11:09:00 web.1  |   [1m[35m (0.3ms)[0m  SELECT COUNT(*) FROM "personal_connections"  WHERE "personal_connections"."verb_id" = $1  [["verb_id", 1559]]
11:09:00 web.1  |   [1m[35m (0.3ms)[0m  SELECT COUNT(*) FROM "personal_connections"  WHERE "personal_connections"."verb_id" = $1  [["verb_id", 1215]]
11:09:00 web.1  |   [1m[36m (0.3ms)[0m  [1mSELECT COUNT(*) FROM "personal_connections"  WHERE "personal_connections"."verb_id" = $1[0m  [["verb_id", 667]]
11:09:00 web.1  |   [1m[36m (0.3ms)[0m  [1mSELECT COUNT(*) FROM "personal_connections"  WHERE "personal_connections"."verb_id" = $1[0m  [["verb_id", 1361]]
11:09:00 web.1  |   [1m[35m (0.3ms)[0m  SELECT COUNT(*) FROM "personal_connections"  WHERE "personal_connections"."verb_id" = $1  [["verb_id", 1364]]
11:09:00 web.1  |   [1m[36m (0.3ms)[0m  [1mSELECT COUNT(*) FROM "personal_connections"  WHERE "personal_connections"."verb_id" = $1[0m  [["verb_id", 1378]]
11:09:00 web.1  |   [1m[35m (0.3ms)[0m  SELECT COUNT(*) FROM "personal_connections"  WHERE "personal_connections"."verb_id" = $1  [["verb_id", 1086]]
11:09:00 web.1  |   [1m[36m (0.3ms)[0m  [1mSELECT COUNT(*) FROM "personal_connections"  WHERE "personal_connections"."verb_id" = $1[0m  [["verb_id", 1076]]
11:09:00 web.1  |   [1m[35m (0.5ms)[0m  SELECT COUNT(*) FROM "personal_connections"  WHERE "personal_connections"."verb_id" = $1  [["verb_id", 358]]
11:09:00 web.1  |   [1m[36m (0.3ms)[0m  [1mSELECT COUNT(*) FROM "personal_connections"  WHERE "personal_connections"."verb_id" = $1[0m  [["verb_id", 89]]
11:09:00 web.1  |   [1m[35m (0.4ms)[0m  SELECT COUNT(*) FROM "personal_connections"  WHERE "personal_connections"."verb_id" = $1  [["verb_id", 1292]]
11:09:00 web.1  |   [1m[36m (0.3ms)[0m  [1mSELECT COUNT(*) FROM "personal_connections"  WHERE "personal_connections"."verb_id" = $1[0m  [["verb_id", 1451]]
11:09:00 web.1  |   [1m[35m (0.3ms)[0m  SELECT COUNT(*) FROM "personal_connections"  WHERE "personal_connections"."verb_id" = $1  [["verb_id", 1341]]
11:09:00 web.1  |   [1m[35m (0.3ms)[0m  SELECT COUNT(*) FROM "personal_connections"  WHERE "personal_connections"."verb_id" = $1  [["verb_id", 967]]
11:09:01 web.1  |   [1m[36m (0.3ms)[0m  [1mSELECT COUNT(*) FROM "personal_connections"  WHERE "personal_connections"."verb_id" = $1[0m  [["verb_id", 500]]
11:09:01 web.1  |   [1m[35m (0.3ms)[0m  SELECT COUNT(*) FROM "personal_connections"  WHERE "personal_connections"."verb_id" = $1  [["verb_id", 1579]]
11:09:01 web.1  |   [1m[36m (0.3ms)[0m  [1mSELECT COUNT(*) FROM "personal_connections"  WHERE "personal_connections"."verb_id" = $1[0m  [["verb_id", 1553]]
11:09:01 web.1  |   [1m[36m (0.3ms)[0m  [1mSELECT COUNT(*) FROM "personal_connections"  WHERE "personal_connections"."verb_id" = $1[0m  [["verb_id", 68]]
11:09:01 web.1  |   [1m[35m (0.3ms)[0m  SELECT COUNT(*) FROM "personal_connections"  WHERE "personal_connections"."verb_id" = $1  [["verb_id", 20]]
11:09:01 web.1  |   [1m[35m (0.3ms)[0m  SELECT COUNT(*) FROM "personal_connections"  WHERE "personal_connections"."verb_id" = $1  [["verb_id", 867]]
11:09:01 web.1  |   [1m[36m (0.3ms)[0m  [1mSELECT COUNT(*) FROM "personal_connections"  WHERE "personal_connections"."verb_id" = $1[0m  [["verb_id", 895]]
11:09:01 web.1  |   [1m[35m (0.3ms)[0m  SELECT COUNT(*) FROM "personal_connections"  WHERE "personal_connections"."verb_id" = $1  [["verb_id", 1422]]
11:09:01 web.1  |   [1m[36m (0.5ms)[0m  [1mSELECT COUNT(*) FROM "personal_connections"  WHERE "personal_connections"."verb_id" = $1[0m  [["verb_id", 1023]]
11:09:01 web.1  |   [1m[36m (0.4ms)[0m  [1mSELECT COUNT(*) FROM "personal_connections"  WHERE "personal_connections"."verb_id" = $1[0m  [["verb_id", 1346]]
11:09:01 web.1  |   [1m[35m (0.4ms)[0m  SELECT COUNT(*) FROM "personal_connections"  WHERE "personal_connections"."verb_id" = $1  [["verb_id", 1453]]
11:09:01 web.1  |   [1m[35m (0.5ms)[0m  SELECT COUNT(*) FROM "personal_connections"  WHERE "personal_connections"."verb_id" = $1  [["verb_id", 7]]
11:09:01 web.1  |   [1m[36m (0.3ms)[0m  [1mSELECT COUNT(*) FROM "personal_connections"  WHERE "personal_connections"."verb_id" = $1[0m  [["verb_id", 1223]]
11:09:01 web.1  |   [1m[35m (0.4ms)[0m  SELECT COUNT(*) FROM "personal_connections"  WHERE "personal_connections"."verb_id" = $1  [["verb_id", 1062]]
11:09:01 web.1  |   [1m[36m (0.7ms)[0m  [1mSELECT COUNT(*) FROM "personal_connections"  WHERE "personal_connections"."verb_id" = $1[0m  [["verb_id", 1022]]
11:09:01 web.1  |   [1m[35m (0.3ms)[0m  SELECT COUNT(*) FROM "personal_connections"  WHERE "personal_connections"."verb_id" = $1  [["verb_id", 1277]]
11:09:01 web.1  |   [1m[36m (0.3ms)[0m  [1mSELECT COUNT(*) FROM "personal_connections"  WHERE "personal_connections"."verb_id" = $1[0m  [["verb_id", 1418]]
11:09:01 web.1  |   [1m[35m (0.4ms)[0m  SELECT COUNT(*) FROM "personal_connections"  WHERE "personal_connections"."verb_id" = $1  [["verb_id", 1222]]
11:09:01 web.1  |   [1m[36m (0.3ms)[0m  [1mSELECT COUNT(*) FROM "personal_connections"  WHERE "personal_connections"."verb_id" = $1[0m  [["verb_id", 1308]]
11:09:01 web.1  |   [1m[35m (0.3ms)[0m  SELECT COUNT(*) FROM "personal_connections"  WHERE "personal_connections"."verb_id" = $1  [["verb_id", 1309]]
11:09:01 web.1  |   [1m[36m (0.4ms)[0m  [1mSELECT COUNT(*) FROM "personal_connections"  WHERE "personal_connections"."verb_id" = $1[0m  [["verb_id", 542]]
11:09:01 web.1  |   [1m[35m (0.3ms)[0m  SELECT COUNT(*) FROM "personal_connections"  WHERE "personal_connections"."verb_id" = $1  [["verb_id", 1491]]
11:09:01 web.1  |   [1m[36m (0.3ms)[0m  [1mSELECT COUNT(*) FROM "personal_connections"  WHERE "personal_connections"."verb_id" = $1[0m  [["verb_id", 304]]
11:09:01 web.1  |   [1m[36m (0.3ms)[0m  [1mSELECT COUNT(*) FROM "personal_connections"  WHERE "personal_connections"."verb_id" = $1[0m  [["verb_id", 1326]]
11:09:01 web.1  |   [1m[35m (0.5ms)[0m  SELECT COUNT(*) FROM "personal_connections"  WHERE "personal_connections"."verb_id" = $1  [["verb_id", 1411]]
11:09:01 web.1  |   [1m[35m (0.3ms)[0m  SELECT COUNT(*) FROM "personal_connections"  WHERE "personal_connections"."verb_id" = $1  [["verb_id", 1007]]
11:09:01 web.1  |   [1m[36m (0.3ms)[0m  [1mSELECT COUNT(*) FROM "personal_connections"  WHERE "personal_connections"."verb_id" = $1[0m  [["verb_id", 1230]]
11:09:01 web.1  |   [1m[36m (0.3ms)[0m  [1mSELECT COUNT(*) FROM "personal_connections"  WHERE "personal_connections"."verb_id" = $1[0m  [["verb_id", 578]]
11:09:01 web.1  |   [1m[35m (0.3ms)[0m  SELECT COUNT(*) FROM "personal_connections"  WHERE "personal_connections"."verb_id" = $1  [["verb_id", 326]]
11:09:01 web.1  |   [1m[35m (0.3ms)[0m  SELECT COUNT(*) FROM "personal_connections"  WHERE "personal_connections"."verb_id" = $1  [["verb_id", 966]]
11:09:01 web.1  |   [1m[36m (0.3ms)[0m  [1mSELECT COUNT(*) FROM "personal_connections"  WHERE "personal_connections"."verb_id" = $1[0m  [["verb_id", 899]]
11:09:01 web.1  |   [1m[36m (0.3ms)[0m  [1mSELECT COUNT(*) FROM "personal_connections"  WHERE "personal_connections"."verb_id" = $1[0m  [["verb_id", 836]]
11:09:01 web.1  |   [1m[35m (0.3ms)[0m  SELECT COUNT(*) FROM "personal_connections"  WHERE "personal_connections"."verb_id" = $1  [["verb_id", 1589]]
11:09:01 web.1  |   [1m[35m (0.2ms)[0m  SELECT COUNT(*) FROM "personal_connections"  WHERE "personal_connections"."verb_id" = $1  [["verb_id", 1407]]
11:09:01 web.1  |   [1m[36m (0.3ms)[0m  [1mSELECT COUNT(*) FROM "personal_connections"  WHERE "personal_connections"."verb_id" = $1[0m  [["verb_id", 1526]]
11:09:01 web.1  |   [1m[35m (0.3ms)[0m  SELECT COUNT(*) FROM "personal_connections"  WHERE "personal_connections"."verb_id" = $1  [["verb_id", 1457]]
11:09:01 web.1  |   [1m[36m (0.3ms)[0m  [1mSELECT COUNT(*) FROM "personal_connections"  WHERE "personal_connections"."verb_id" = $1[0m  [["verb_id", 1215]]
11:09:01 web.1  |   [1m[36m (0.3ms)[0m  [1mSELECT COUNT(*) FROM "personal_connections"  WHERE "personal_connections"."verb_id" = $1[0m  [["verb_id", 847]]
11:09:01 web.1  |   [1m[35m (0.3ms)[0m  SELECT COUNT(*) FROM "personal_connections"  WHERE "personal_connections"."verb_id" = $1  [["verb_id", 667]]
11:09:01 web.1  |   [1m[36m (0.3ms)[0m  [1mSELECT COUNT(*) FROM "personal_connections"  WHERE "personal_connections"."verb_id" = $1[0m  [["verb_id", 1086]]
11:09:01 web.1  |   [1m[35m (3.8ms)[0m  SELECT COUNT(*) FROM "personal_connections"  WHERE "personal_connections"."verb_id" = $1  [["verb_id", 758]]
11:09:01 web.1  |   [1m[36m (0.3ms)[0m  [1mSELECT COUNT(*) FROM "personal_connections"  WHERE "personal_connections"."verb_id" = $1[0m  [["verb_id", 278]]
11:09:01 web.1  |   [1m[35m (0.4ms)[0m  SELECT COUNT(*) FROM "personal_connections"  WHERE "personal_connections"."verb_id" = $1  [["verb_id", 894]]
11:09:01 web.1  |   [1m[35m (0.5ms)[0m  SELECT COUNT(*) FROM "personal_connections"  WHERE "personal_connections"."verb_id" = $1  [["verb_id", 1076]]
11:09:01 web.1  |   [1m[36m (0.3ms)[0m  [1mSELECT COUNT(*) FROM "personal_connections"  WHERE "personal_connections"."verb_id" = $1[0m  [["verb_id", 755]]
11:09:01 web.1  |   [1m[36m (0.3ms)[0m  [1mSELECT COUNT(*) FROM "personal_connections"  WHERE "personal_connections"."verb_id" = $1[0m  [["verb_id", 1292]]
11:09:01 web.1  |   [1m[35m (0.3ms)[0m  SELECT COUNT(*) FROM "personal_connections"  WHERE "personal_connections"."verb_id" = $1  [["verb_id", 1205]]
11:09:01 web.1  |   [1m[35m (0.3ms)[0m  SELECT COUNT(*) FROM "personal_connections"  WHERE "personal_connections"."verb_id" = $1  [["verb_id", 1451]]
11:09:01 web.1  |   [1m[36m (0.3ms)[0m  [1mSELECT COUNT(*) FROM "personal_connections"  WHERE "personal_connections"."verb_id" = $1[0m  [["verb_id", 731]]
11:09:01 web.1  |   [1m[36m (0.5ms)[0m  [1mSELECT COUNT(*) FROM "personal_connections"  WHERE "personal_connections"."verb_id" = $1[0m  [["verb_id", 967]]
11:09:01 web.1  |   [1m[35m (0.5ms)[0m  SELECT COUNT(*) FROM "personal_connections"  WHERE "personal_connections"."verb_id" = $1  [["verb_id", 3]]
11:09:01 web.1  |   [1m[35m (0.3ms)[0m  SELECT COUNT(*) FROM "personal_connections"  WHERE "personal_connections"."verb_id" = $1  [["verb_id", 1553]]
11:09:01 web.1  |   [1m[36m (0.4ms)[0m  [1mSELECT COUNT(*) FROM "personal_connections"  WHERE "personal_connections"."verb_id" = $1[0m  [["verb_id", 426]]
11:09:01 web.1  |   [1m[36m (0.4ms)[0m  [1mSELECT COUNT(*) FROM "personal_connections"  WHERE "personal_connections"."verb_id" = $1[0m  [["verb_id", 20]]
11:09:01 web.1  |   [1m[35m (0.2ms)[0m  SELECT COUNT(*) FROM "personal_connections"  WHERE "personal_connections"."verb_id" = $1  [["verb_id", 566]]
11:09:01 web.1  |   [1m[36m (0.2ms)[0m  [1mSELECT COUNT(*) FROM "personal_connections"  WHERE "personal_connections"."verb_id" = $1[0m  [["verb_id", 1572]]
11:09:01 web.1  |   [1m[35m (0.3ms)[0m  SELECT COUNT(*) FROM "personal_connections"  WHERE "personal_connections"."verb_id" = $1  [["verb_id", 895]]
11:09:01 web.1  |   [1m[35m (0.3ms)[0m  SELECT COUNT(*) FROM "personal_connections"  WHERE "personal_connections"."verb_id" = $1  [["verb_id", 244]]
11:09:01 web.1  |   [1m[36m (0.3ms)[0m  [1mSELECT COUNT(*) FROM "personal_connections"  WHERE "personal_connections"."verb_id" = $1[0m  [["verb_id", 1422]]
11:09:01 web.1  |   [1m[35m (0.4ms)[0m  SELECT COUNT(*) FROM "personal_connections"  WHERE "personal_connections"."verb_id" = $1  [["verb_id", 1346]]
11:09:01 web.1  |   [1m[36m (0.3ms)[0m  [1mSELECT COUNT(*) FROM "personal_connections"  WHERE "personal_connections"."verb_id" = $1[0m  [["verb_id", 963]]
11:09:01 web.1  |   [1m[35m (0.3ms)[0m  SELECT COUNT(*) FROM "personal_connections"  WHERE "personal_connections"."verb_id" = $1  [["verb_id", 960]]
11:09:01 web.1  |   [1m[36m (0.5ms)[0m  [1mSELECT COUNT(*) FROM "personal_connections"  WHERE "personal_connections"."verb_id" = $1[0m  [["verb_id", 7]]
11:09:01 web.1  |   [1m[36m (0.3ms)[0m  [1mSELECT COUNT(*) FROM "personal_connections"  WHERE "personal_connections"."verb_id" = $1[0m  [["verb_id", 716]]
11:09:01 web.1  |   [1m[35m (0.3ms)[0m  SELECT COUNT(*) FROM "personal_connections"  WHERE "personal_connections"."verb_id" = $1  [["verb_id", 1223]]
11:09:01 web.1  |   [1m[35m (0.3ms)[0m  SELECT COUNT(*) FROM "personal_connections"  WHERE "personal_connections"."verb_id" = $1  [["verb_id", 780]]
11:09:01 web.1  |   [1m[36m (0.3ms)[0m  [1mSELECT COUNT(*) FROM "personal_connections"  WHERE "personal_connections"."verb_id" = $1[0m  [["verb_id", 1062]]
11:09:01 web.1  |   [1m[36m (0.3ms)[0m  [1mSELECT COUNT(*) FROM "personal_connections"  WHERE "personal_connections"."verb_id" = $1[0m  [["verb_id", 813]]
11:09:01 web.1  |   [1m[35m (0.3ms)[0m  SELECT COUNT(*) FROM "personal_connections"  WHERE "personal_connections"."verb_id" = $1  [["verb_id", 1022]]
11:09:01 web.1  |   [1m[35m (0.3ms)[0m  SELECT COUNT(*) FROM "personal_connections"  WHERE "personal_connections"."verb_id" = $1  [["verb_id", 904]]
11:09:01 web.1  |   [1m[36m (0.3ms)[0m  [1mSELECT COUNT(*) FROM "personal_connections"  WHERE "personal_connections"."verb_id" = $1[0m  [["verb_id", 1277]]
11:09:01 web.1  |   [1m[36m (0.3ms)[0m  [1mSELECT COUNT(*) FROM "personal_connections"  WHERE "personal_connections"."verb_id" = $1[0m  [["verb_id", 558]]
11:09:01 web.1  |   [1m[35m (0.4ms)[0m  SELECT COUNT(*) FROM "personal_connections"  WHERE "personal_connections"."verb_id" = $1  [["verb_id", 1418]]
11:09:01 web.1  |   [1m[35m (0.3ms)[0m  SELECT COUNT(*) FROM "personal_connections"  WHERE "personal_connections"."verb_id" = $1  [["verb_id", 77]]
11:09:01 web.1  |   [1m[36m (0.3ms)[0m  [1mSELECT COUNT(*) FROM "personal_connections"  WHERE "personal_connections"."verb_id" = $1[0m  [["verb_id", 1222]]
11:09:01 web.1  |   [1m[36m (0.3ms)[0m  [1mSELECT COUNT(*) FROM "personal_connections"  WHERE "personal_connections"."verb_id" = $1[0m  [["verb_id", 1354]]
11:09:01 web.1  |   [1m[35m (0.3ms)[0m  SELECT COUNT(*) FROM "personal_connections"  WHERE "personal_connections"."verb_id" = $1  [["verb_id", 1308]]
11:09:01 web.1  |   [1m[35m (0.3ms)[0m  SELECT COUNT(*) FROM "personal_connections"  WHERE "personal_connections"."verb_id" = $1  [["verb_id", 1290]]
11:09:01 web.1  |   [1m[36m (0.3ms)[0m  [1mSELECT COUNT(*) FROM "personal_connections"  WHERE "personal_connections"."verb_id" = $1[0m  [["verb_id", 1309]]
11:09:01 web.1  |   [1m[36m (0.3ms)[0m  [1mSELECT COUNT(*) FROM "personal_connections"  WHERE "personal_connections"."verb_id" = $1[0m  [["verb_id", 850]]
11:09:01 web.1  |   [1m[35m (0.3ms)[0m  SELECT COUNT(*) FROM "personal_connections"  WHERE "personal_connections"."verb_id" = $1  [["verb_id", 542]]
11:09:01 web.1  |   [1m[35m (0.2ms)[0m  SELECT COUNT(*) FROM "personal_connections"  WHERE "personal_connections"."verb_id" = $1  [["verb_id", 480]]
11:09:01 web.1  |   [1m[36m (0.3ms)[0m  [1mSELECT COUNT(*) FROM "personal_connections"  WHERE "personal_connections"."verb_id" = $1[0m  [["verb_id", 1491]]
11:09:01 web.1  |   [1m[36m (0.3ms)[0m  [1mSELECT COUNT(*) FROM "personal_connections"  WHERE "personal_connections"."verb_id" = $1[0m  [["verb_id", 908]]
11:09:01 web.1  |   [1m[35m (0.3ms)[0m  SELECT COUNT(*) FROM "personal_connections"  WHERE "personal_connections"."verb_id" = $1  [["verb_id", 538]]
11:09:01 web.1  |   [1m[36m (0.3ms)[0m  [1mSELECT COUNT(*) FROM "personal_connections"  WHERE "personal_connections"."verb_id" = $1[0m  [["verb_id", 456]]
11:09:01 web.1  |   [1m[35m (0.3ms)[0m  SELECT COUNT(*) FROM "personal_connections"  WHERE "personal_connections"."verb_id" = $1  [["verb_id", 304]]
11:09:01 web.1  |   [1m[36m (0.3ms)[0m  [1mSELECT COUNT(*) FROM "personal_connections"  WHERE "personal_connections"."verb_id" = $1[0m  [["verb_id", 1411]]
11:09:01 web.1  |   [1m[35m (0.3ms)[0m  SELECT COUNT(*) FROM "personal_connections"  WHERE "personal_connections"."verb_id" = $1  [["verb_id", 964]]
11:09:01 web.1  |   [1m[36m (0.4ms)[0m  [1mSELECT COUNT(*) FROM "personal_connections"  WHERE "personal_connections"."verb_id" = $1[0m  [["verb_id", 1357]]
11:09:01 web.1  |   [1m[35m (0.3ms)[0m  SELECT COUNT(*) FROM "personal_connections"  WHERE "personal_connections"."verb_id" = $1  [["verb_id", 1230]]
11:09:01 web.1  |   [1m[36m (0.4ms)[0m  [1mSELECT COUNT(*) FROM "personal_connections"  WHERE "personal_connections"."verb_id" = $1[0m  [["verb_id", 326]]
11:09:01 web.1  |   [1m[35m (0.4ms)[0m  SELECT COUNT(*) FROM "personal_connections"  WHERE "personal_connections"."verb_id" = $1  [["verb_id", 760]]
11:09:01 web.1  |   [1m[35m (0.3ms)[0m  SELECT COUNT(*) FROM "personal_connections"  WHERE "personal_connections"."verb_id" = $1  [["verb_id", 899]]
11:09:01 web.1  |   [1m[36m (0.4ms)[0m  [1mSELECT COUNT(*) FROM "personal_connections"  WHERE "personal_connections"."verb_id" = $1[0m  [["verb_id", 1589]]
11:09:01 web.1  |   [1m[36m (7.2ms)[0m  [1mSELECT COUNT(*) FROM "personal_connections"  WHERE "personal_connections"."verb_id" = $1[0m  [["verb_id", 466]]
11:09:01 web.1  |   [1m[35m (0.3ms)[0m  SELECT COUNT(*) FROM "personal_connections"  WHERE "personal_connections"."verb_id" = $1  [["verb_id", 794]]
11:09:01 web.1  |   [1m[35m (0.3ms)[0m  SELECT COUNT(*) FROM "personal_connections"  WHERE "personal_connections"."verb_id" = $1  [["verb_id", 847]]
11:09:01 web.1  |   [1m[36m (0.3ms)[0m  [1mSELECT COUNT(*) FROM "personal_connections"  WHERE "personal_connections"."verb_id" = $1[0m  [["verb_id", 1534]]
11:09:01 web.1  |   [1m[35m (0.4ms)[0m  SELECT COUNT(*) FROM "personal_connections"  WHERE "personal_connections"."verb_id" = $1  [["verb_id", 450]]
11:09:01 web.1  |   [1m[36m (0.3ms)[0m  [1mSELECT COUNT(*) FROM "personal_connections"  WHERE "personal_connections"."verb_id" = $1[0m  [["verb_id", 1372]]
11:09:01 web.1  |   [1m[36m (0.3ms)[0m  [1mSELECT COUNT(*) FROM "personal_connections"  WHERE "personal_connections"."verb_id" = $1[0m  [["verb_id", 758]]
11:09:01 web.1  |   [1m[35m (0.3ms)[0m  SELECT COUNT(*) FROM "personal_connections"  WHERE "personal_connections"."verb_id" = $1  [["verb_id", 1235]]
11:09:01 web.1  |   [1m[36m (0.9ms)[0m  [1mSELECT COUNT(*) FROM "personal_connections"  WHERE "personal_connections"."verb_id" = $1[0m  [["verb_id", 1142]]
11:09:01 web.1  |   [1m[35m (0.3ms)[0m  SELECT COUNT(*) FROM "personal_connections"  WHERE "personal_connections"."verb_id" = $1  [["verb_id", 278]]
11:09:01 web.1  |   [1m[36m (0.3ms)[0m  [1mSELECT COUNT(*) FROM "personal_connections"  WHERE "personal_connections"."verb_id" = $1[0m  [["verb_id", 894]]
11:09:01 web.1  |   [1m[35m (0.3ms)[0m  SELECT COUNT(*) FROM "personal_connections"  WHERE "personal_connections"."verb_id" = $1  [["verb_id", 755]]
11:09:01 web.1  |   [1m[35m (0.3ms)[0m  SELECT COUNT(*) FROM "personal_connections"  WHERE "personal_connections"."verb_id" = $1  [["verb_id", 141]]
11:09:01 web.1  |   [1m[36m (0.4ms)[0m  [1mSELECT COUNT(*) FROM "personal_connections"  WHERE "personal_connections"."verb_id" = $1[0m  [["verb_id", 64]]
11:09:01 web.1  |   [1m[35m (0.3ms)[0m  SELECT COUNT(*) FROM "personal_connections"  WHERE "personal_connections"."verb_id" = $1  [["verb_id", 392]]
11:09:01 web.1  |   [1m[36m (0.3ms)[0m  [1mSELECT COUNT(*) FROM "personal_connections"  WHERE "personal_connections"."verb_id" = $1[0m  [["verb_id", 1205]]
11:09:01 web.1  |   [1m[36m (0.3ms)[0m  [1mSELECT COUNT(*) FROM "personal_connections"  WHERE "personal_connections"."verb_id" = $1[0m  [["verb_id", 710]]
11:09:01 web.1  |   [1m[35m (0.4ms)[0m  SELECT COUNT(*) FROM "personal_connections"  WHERE "personal_connections"."verb_id" = $1  [["verb_id", 731]]
11:09:01 web.1  |   [1m[35m (0.4ms)[0m  SELECT COUNT(*) FROM "personal_connections"  WHERE "personal_connections"."verb_id" = $1  [["verb_id", 775]]
11:09:01 web.1  |   [1m[36m (0.3ms)[0m  [1mSELECT COUNT(*) FROM "personal_connections"  WHERE "personal_connections"."verb_id" = $1[0m  [["verb_id", 1535]]
11:09:01 web.1  |   [1m[36m (0.5ms)[0m  [1mSELECT COUNT(*) FROM "personal_connections"  WHERE "personal_connections"."verb_id" = $1[0m  [["verb_id", 3]]
11:09:01 web.1  |   [1m[35m (0.3ms)[0m  SELECT COUNT(*) FROM "personal_connections"  WHERE "personal_connections"."verb_id" = $1  [["verb_id", 426]]
11:09:01 web.1  |   [1m[35m (0.5ms)[0m  SELECT COUNT(*) FROM "personal_connections"  WHERE "personal_connections"."verb_id" = $1  [["verb_id", 1231]]
11:09:01 web.1  |   [1m[36m (0.8ms)[0m  [1mSELECT COUNT(*) FROM "personal_connections"  WHERE "personal_connections"."verb_id" = $1[0m  [["verb_id", 566]]
11:09:01 web.1  |   [1m[36m (0.3ms)[0m  [1mSELECT COUNT(*) FROM "personal_connections"  WHERE "personal_connections"."verb_id" = $1[0m  [["verb_id", 861]]
11:09:01 web.1  |   [1m[35m (0.8ms)[0m  SELECT COUNT(*) FROM "personal_connections"  WHERE "personal_connections"."verb_id" = $1  [["verb_id", 1572]]
11:09:01 web.1  |   [1m[35m (0.3ms)[0m  SELECT COUNT(*) FROM "personal_connections"  WHERE "personal_connections"."verb_id" = $1  [["verb_id", 803]]
11:09:01 web.1  |   [1m[36m (1.1ms)[0m  [1mSELECT COUNT(*) FROM "personal_connections"  WHERE "personal_connections"."verb_id" = $1[0m  [["verb_id", 244]]
11:09:01 web.1  |   [1m[36m (0.3ms)[0m  [1mSELECT COUNT(*) FROM "personal_connections"  WHERE "personal_connections"."verb_id" = $1[0m  [["verb_id", 572]]
11:09:01 web.1  |   [1m[35m (0.4ms)[0m  SELECT COUNT(*) FROM "personal_connections"  WHERE "personal_connections"."verb_id" = $1  [["verb_id", 490]]
11:09:01 web.1  |   [1m[35m (0.3ms)[0m  SELECT COUNT(*) FROM "personal_connections"  WHERE "personal_connections"."verb_id" = $1  [["verb_id", 963]]
11:09:01 web.1  |   [1m[36m (0.3ms)[0m  [1mSELECT COUNT(*) FROM "personal_connections"  WHERE "personal_connections"."verb_id" = $1[0m  [["verb_id", 1015]]
11:09:01 web.1  |   [1m[36m (0.3ms)[0m  [1mSELECT COUNT(*) FROM "personal_connections"  WHERE "personal_connections"."verb_id" = $1[0m  [["verb_id", 960]]
11:09:01 web.1  |   [1m[35m (0.4ms)[0m  SELECT COUNT(*) FROM "personal_connections"  WHERE "personal_connections"."verb_id" = $1  [["verb_id", 716]]
11:09:01 web.1  |   [1m[35m (0.3ms)[0m  SELECT COUNT(*) FROM "personal_connections"  WHERE "personal_connections"."verb_id" = $1  [["verb_id", 1267]]
11:09:01 web.1  |   [1m[36m (0.3ms)[0m  [1mSELECT COUNT(*) FROM "personal_connections"  WHERE "personal_connections"."verb_id" = $1[0m  [["verb_id", 780]]
11:09:01 web.1  |   [1m[35m (0.4ms)[0m  SELECT COUNT(*) FROM "personal_connections"  WHERE "personal_connections"."verb_id" = $1  [["verb_id", 813]]
11:09:01 web.1  |   [1m[36m (0.3ms)[0m  [1mSELECT COUNT(*) FROM "personal_connections"  WHERE "personal_connections"."verb_id" = $1[0m  [["verb_id", 904]]
11:09:01 web.1  |   [1m[35m (0.3ms)[0m  SELECT COUNT(*) FROM "personal_connections"  WHERE "personal_connections"."verb_id" = $1  [["verb_id", 558]]
11:09:01 web.1  |   [1m[36m (0.3ms)[0m  [1mSELECT COUNT(*) FROM "personal_connections"  WHERE "personal_connections"."verb_id" = $1[0m  [["verb_id", 300]]
11:09:01 web.1  |   [1m[35m (0.4ms)[0m  SELECT COUNT(*) FROM "personal_connections"  WHERE "personal_connections"."verb_id" = $1  [["verb_id", 885]]
11:09:01 web.1  |   [1m[36m (0.3ms)[0m  [1mSELECT COUNT(*) FROM "personal_connections"  WHERE "personal_connections"."verb_id" = $1[0m  [["verb_id", 77]]
11:09:01 web.1  |   [1m[36m (0.3ms)[0m  [1mSELECT COUNT(*) FROM "personal_connections"  WHERE "personal_connections"."verb_id" = $1[0m  [["verb_id", 1097]]
11:09:01 web.1  |   [1m[35m (0.4ms)[0m  SELECT COUNT(*) FROM "personal_connections"  WHERE "personal_connections"."verb_id" = $1  [["verb_id", 1354]]
11:09:01 web.1  |   [1m[36m (0.9ms)[0m  [1mSELECT COUNT(*) FROM "personal_connections"  WHERE "personal_connections"."verb_id" = $1[0m  [["verb_id", 1290]]
11:09:01 web.1  |   [1m[35m (0.3ms)[0m  SELECT COUNT(*) FROM "personal_connections"  WHERE "personal_connections"."verb_id" = $1  [["verb_id", 574]]
11:09:01 web.1  |   [1m[36m (0.4ms)[0m  [1mSELECT COUNT(*) FROM "personal_connections"  WHERE "personal_connections"."verb_id" = $1[0m  [["verb_id", 1030]]
11:09:01 web.1  |   [1m[35m (0.3ms)[0m  SELECT COUNT(*) FROM "personal_connections"  WHERE "personal_connections"."verb_id" = $1  [["verb_id", 850]]
11:09:01 web.1  |   [1m[36m (0.5ms)[0m  [1mSELECT COUNT(*) FROM "personal_connections"  WHERE "personal_connections"."verb_id" = $1[0m  [["verb_id", 480]]
11:09:01 web.1  |   [1m[35m (1.4ms)[0m  SELECT COUNT(*) FROM "personal_connections"  WHERE "personal_connections"."verb_id" = $1  [["verb_id", 24]]
11:09:01 web.1  |   [1m[36m (0.3ms)[0m  [1mSELECT COUNT(*) FROM "personal_connections"  WHERE "personal_connections"."verb_id" = $1[0m  [["verb_id", 818]]
11:09:01 web.1  |   [1m[35m (0.2ms)[0m  SELECT COUNT(*) FROM "personal_connections"  WHERE "personal_connections"."verb_id" = $1  [["verb_id", 908]]
11:09:01 web.1  |   [1m[36m (0.5ms)[0m  [1mSELECT COUNT(*) FROM "personal_connections"  WHERE "personal_connections"."verb_id" = $1[0m  [["verb_id", 538]]
11:09:01 web.1  |   [1m[35m (0.3ms)[0m  SELECT COUNT(*) FROM "personal_connections"  WHERE "personal_connections"."verb_id" = $1  [["verb_id", 887]]
11:09:01 web.1  |   [1m[35m (0.6ms)[0m  SELECT COUNT(*) FROM "personal_connections"  WHERE "personal_connections"."verb_id" = $1  [["verb_id", 456]]
11:09:01 web.1  |   [1m[36m (0.8ms)[0m  [1mSELECT COUNT(*) FROM "personal_connections"  WHERE "personal_connections"."verb_id" = $1[0m  [["verb_id", 448]]
11:09:01 web.1  |   [1m[36m (0.3ms)[0m  [1mSELECT COUNT(*) FROM "personal_connections"  WHERE "personal_connections"."verb_id" = $1[0m  [["verb_id", 964]]
11:09:01 web.1  |   [1m[35m (0.2ms)[0m  SELECT COUNT(*) FROM "personal_connections"  WHERE "personal_connections"."verb_id" = $1  [["verb_id", 1325]]
11:09:01 web.1  |   [1m[35m (0.3ms)[0m  SELECT COUNT(*) FROM "personal_connections"  WHERE "personal_connections"."verb_id" = $1  [["verb_id", 1357]]
11:09:01 web.1  |   [1m[36m (0.2ms)[0m  [1mSELECT COUNT(*) FROM "personal_connections"  WHERE "personal_connections"."verb_id" = $1[0m  [["verb_id", 1125]]
11:09:01 web.1  |   [1m[35m (0.3ms)[0m  SELECT COUNT(*) FROM "personal_connections"  WHERE "personal_connections"."verb_id" = $1  [["verb_id", 496]]
11:09:01 web.1  |   [1m[36m (0.4ms)[0m  [1mSELECT COUNT(*) FROM "personal_connections"  WHERE "personal_connections"."verb_id" = $1[0m  [["verb_id", 760]]
11:09:01 web.1  |   [1m[35m (0.3ms)[0m  SELECT COUNT(*) FROM "personal_connections"  WHERE "personal_connections"."verb_id" = $1  [["verb_id", 466]]
11:09:01 web.1  |   [1m[36m (0.3ms)[0m  [1mSELECT COUNT(*) FROM "personal_connections"  WHERE "personal_connections"."verb_id" = $1[0m  [["verb_id", 902]]
11:09:01 web.1  |   [1m[36m (0.4ms)[0m  [1mSELECT COUNT(*) FROM "personal_connections"  WHERE "personal_connections"."verb_id" = $1[0m  [["verb_id", 794]]
11:09:01 web.1  |   [1m[35m (0.4ms)[0m  SELECT COUNT(*) FROM "personal_connections"  WHERE "personal_connections"."verb_id" = $1  [["verb_id", 1359]]
11:09:01 web.1  |   [1m[35m (4.4ms)[0m  SELECT COUNT(*) FROM "personal_connections"  WHERE "personal_connections"."verb_id" = $1  [["verb_id", 1534]]
11:09:01 web.1  |   [1m[36m (0.7ms)[0m  [1mSELECT COUNT(*) FROM "personal_connections"  WHERE "personal_connections"."verb_id" = $1[0m  [["verb_id", 522]]
11:09:01 web.1  |   [1m[36m (0.3ms)[0m  [1mSELECT COUNT(*) FROM "personal_connections"  WHERE "personal_connections"."verb_id" = $1[0m  [["verb_id", 450]]
11:09:01 web.1  |   [1m[35m (0.6ms)[0m  SELECT COUNT(*) FROM "personal_connections"  WHERE "personal_connections"."verb_id" = $1  [["verb_id", 848]]
11:09:01 web.1  |   [1m[36m (0.3ms)[0m  [1mSELECT COUNT(*) FROM "personal_connections"  WHERE "personal_connections"."verb_id" = $1[0m  [["verb_id", 1013]]
11:09:01 web.1  |   [1m[35m (0.2ms)[0m  SELECT COUNT(*) FROM "personal_connections"  WHERE "personal_connections"."verb_id" = $1  [["verb_id", 1372]]
11:09:01 web.1  |   [1m[35m (0.4ms)[0m  SELECT COUNT(*) FROM "personal_connections"  WHERE "personal_connections"."verb_id" = $1  [["verb_id", 1381]]
11:09:01 web.1  |   [1m[36m (0.2ms)[0m  [1mSELECT COUNT(*) FROM "personal_connections"  WHERE "personal_connections"."verb_id" = $1[0m  [["verb_id", 1235]]
11:09:01 web.1  |   [1m[36m (0.3ms)[0m  [1mSELECT COUNT(*) FROM "personal_connections"  WHERE "personal_connections"."verb_id" = $1[0m  [["verb_id", 701]]
11:09:01 web.1  |   [1m[35m (0.3ms)[0m  SELECT COUNT(*) FROM "personal_connections"  WHERE "personal_connections"."verb_id" = $1  [["verb_id", 1234]]
11:09:01 web.1  |   [1m[35m (0.3ms)[0m  SELECT COUNT(*) FROM "personal_connections"  WHERE "personal_connections"."verb_id" = $1  [["verb_id", 1142]]
11:09:01 web.1  |   [1m[36m (0.3ms)[0m  [1mSELECT COUNT(*) FROM "personal_connections"  WHERE "personal_connections"."verb_id" = $1[0m  [["verb_id", 141]]
11:09:01 web.1  |   [1m[36m (0.3ms)[0m  [1mSELECT COUNT(*) FROM "personal_connections"  WHERE "personal_connections"."verb_id" = $1[0m  [["verb_id", 486]]
11:09:01 web.1  |   [1m[35m (0.4ms)[0m  SELECT COUNT(*) FROM "personal_connections"  WHERE "personal_connections"."verb_id" = $1  [["verb_id", 64]]
11:09:01 web.1  |   [1m[35m (0.2ms)[0m  SELECT COUNT(*) FROM "personal_connections"  WHERE "personal_connections"."verb_id" = $1  [["verb_id", 986]]
11:09:02 web.1  |   [1m[36m (0.3ms)[0m  [1mSELECT COUNT(*) FROM "personal_connections"  WHERE "personal_connections"."verb_id" = $1[0m  [["verb_id", 392]]
11:09:02 web.1  |   [1m[35m (0.3ms)[0m  SELECT COUNT(*) FROM "personal_connections"  WHERE "personal_connections"."verb_id" = $1  [["verb_id", 710]]
11:09:02 web.1  |   [1m[36m (0.5ms)[0m  [1mSELECT COUNT(*) FROM "personal_connections"  WHERE "personal_connections"."verb_id" = $1[0m  [["verb_id", 915]]
11:09:02 web.1  |   [1m[35m (0.3ms)[0m  SELECT COUNT(*) FROM "personal_connections"  WHERE "personal_connections"."verb_id" = $1  [["verb_id", 1504]]
11:09:02 web.1  |   [1m[36m (0.3ms)[0m  [1mSELECT COUNT(*) FROM "personal_connections"  WHERE "personal_connections"."verb_id" = $1[0m  [["verb_id", 751]]
11:09:02 web.1  |   [1m[35m (0.4ms)[0m  SELECT COUNT(*) FROM "personal_connections"  WHERE "personal_connections"."verb_id" = $1  [["verb_id", 540]]
11:09:02 web.1  |   [1m[36m (0.3ms)[0m  [1mSELECT COUNT(*) FROM "personal_connections"  WHERE "personal_connections"."verb_id" = $1[0m  [["verb_id", 775]]
11:09:02 web.1  |   [1m[36m (0.3ms)[0m  [1mSELECT COUNT(*) FROM "personal_connections"  WHERE "personal_connections"."verb_id" = $1[0m  [["verb_id", 652]]
11:09:02 web.1  |   [1m[35m (0.3ms)[0m  SELECT COUNT(*) FROM "personal_connections"  WHERE "personal_connections"."verb_id" = $1  [["verb_id", 1535]]
11:09:02 web.1  |   [1m[36m (0.2ms)[0m  [1mSELECT COUNT(*) FROM "personal_connections"  WHERE "personal_connections"."verb_id" = $1[0m  [["verb_id", 1231]]
11:09:02 web.1  |   [1m[35m (0.4ms)[0m  SELECT COUNT(*) FROM "personal_connections"  WHERE "personal_connections"."verb_id" = $1  [["verb_id", 1197]]
11:09:02 web.1  |   [1m[35m (0.3ms)[0m  SELECT COUNT(*) FROM "personal_connections"  WHERE "personal_connections"."verb_id" = $1  [["verb_id", 861]]
11:09:02 web.1  |   [1m[36m (0.3ms)[0m  [1mSELECT COUNT(*) FROM "personal_connections"  WHERE "personal_connections"."verb_id" = $1[0m  [["verb_id", 803]]
11:09:02 web.1  |   [1m[36m (0.3ms)[0m  [1mSELECT COUNT(*) FROM "personal_connections"  WHERE "personal_connections"."verb_id" = $1[0m  [["verb_id", 266]]
11:09:02 web.1  |   [1m[35m (0.3ms)[0m  SELECT COUNT(*) FROM "personal_connections"  WHERE "personal_connections"."verb_id" = $1  [["verb_id", 1446]]
11:09:02 web.1  |   [1m[35m (0.3ms)[0m  SELECT COUNT(*) FROM "personal_connections"  WHERE "personal_connections"."verb_id" = $1  [["verb_id", 572]]
11:09:02 web.1  |   [1m[36m (0.3ms)[0m  [1mSELECT COUNT(*) FROM "personal_connections"  WHERE "personal_connections"."verb_id" = $1[0m  [["verb_id", 1082]]
11:09:02 web.1  |   [1m[35m (0.4ms)[0m  SELECT COUNT(*) FROM "personal_connections"  WHERE "personal_connections"."verb_id" = $1  [["verb_id", 1305]]
11:09:02 web.1  |   [1m[36m (0.3ms)[0m  [1mSELECT COUNT(*) FROM "personal_connections"  WHERE "personal_connections"."verb_id" = $1[0m  [["verb_id", 490]]
11:09:02 web.1  |   [1m[36m (0.3ms)[0m  [1mSELECT COUNT(*) FROM "personal_connections"  WHERE "personal_connections"."verb_id" = $1[0m  [["verb_id", 1304]]
11:09:02 web.1  |   [1m[35m (0.4ms)[0m  SELECT COUNT(*) FROM "personal_connections"  WHERE "personal_connections"."verb_id" = $1  [["verb_id", 1015]]
11:09:02 web.1  |   [1m[35m (0.3ms)[0m  SELECT COUNT(*) FROM "personal_connections"  WHERE "personal_connections"."verb_id" = $1  [["verb_id", 262]]
11:09:02 web.1  |   [1m[36m (0.3ms)[0m  [1mSELECT COUNT(*) FROM "personal_connections"  WHERE "personal_connections"."verb_id" = $1[0m  [["verb_id", 1267]]
11:09:02 web.1  |   [1m[36m (0.3ms)[0m  [1mSELECT COUNT(*) FROM "personal_connections"  WHERE "personal_connections"."verb_id" = $1[0m  [["verb_id", 954]]
11:09:02 web.1  |   [1m[35m (0.4ms)[0m  SELECT COUNT(*) FROM "personal_connections"  WHERE "personal_connections"."verb_id" = $1  [["verb_id", 400]]
11:09:02 web.1  |   [1m[35m (0.3ms)[0m  SELECT COUNT(*) FROM "personal_connections"  WHERE "personal_connections"."verb_id" = $1  [["verb_id", 300]]
11:09:02 web.1  |   [1m[36m (0.3ms)[0m  [1mSELECT COUNT(*) FROM "personal_connections"  WHERE "personal_connections"."verb_id" = $1[0m  [["verb_id", 73]]
11:09:02 web.1  |   [1m[36m (0.3ms)[0m  [1mSELECT COUNT(*) FROM "personal_connections"  WHERE "personal_connections"."verb_id" = $1[0m  [["verb_id", 885]]
11:09:02 web.1  |   [1m[35m (0.3ms)[0m  SELECT COUNT(*) FROM "personal_connections"  WHERE "personal_connections"."verb_id" = $1  [["verb_id", 1569]]
11:09:02 web.1  |   [1m[35m (0.3ms)[0m  SELECT COUNT(*) FROM "personal_connections"  WHERE "personal_connections"."verb_id" = $1  [["verb_id", 1097]]
11:09:02 web.1  |   [1m[36m (0.3ms)[0m  [1mSELECT COUNT(*) FROM "personal_connections"  WHERE "personal_connections"."verb_id" = $1[0m  [["verb_id", 1077]]
11:09:02 web.1  |   [1m[36m (0.4ms)[0m  [1mSELECT COUNT(*) FROM "personal_connections"  WHERE "personal_connections"."verb_id" = $1[0m  [["verb_id", 574]]
11:09:02 web.1  |   [1m[35m (0.3ms)[0m  SELECT COUNT(*) FROM "personal_connections"  WHERE "personal_connections"."verb_id" = $1  [["verb_id", 1030]]
11:09:02 web.1  |   [1m[36m (0.4ms)[0m  [1mSELECT COUNT(*) FROM "personal_connections"  WHERE "personal_connections"."verb_id" = $1[0m  [["verb_id", 24]]
11:09:02 web.1  |   [1m[35m (0.3ms)[0m  SELECT COUNT(*) FROM "personal_connections"  WHERE "personal_connections"."verb_id" = $1  [["verb_id", 818]]
11:09:02 web.1  |   [1m[35m (0.4ms)[0m  SELECT COUNT(*) FROM "personal_connections"  WHERE "personal_connections"."verb_id" = $1  [["verb_id", 1468]]
11:09:02 web.1  |   [1m[36m (0.3ms)[0m  [1mSELECT COUNT(*) FROM "personal_connections"  WHERE "personal_connections"."verb_id" = $1[0m  [["verb_id", 887]]
11:09:02 web.1  |   [1m[36m (0.3ms)[0m  [1mSELECT COUNT(*) FROM "personal_connections"  WHERE "personal_connections"."verb_id" = $1[0m  [["verb_id", 1542]]
11:09:02 web.1  |   [1m[35m (0.4ms)[0m  SELECT COUNT(*) FROM "personal_connections"  WHERE "personal_connections"."verb_id" = $1  [["verb_id", 448]]
11:09:02 web.1  |   [1m[36m (0.3ms)[0m  [1mSELECT COUNT(*) FROM "personal_connections"  WHERE "personal_connections"."verb_id" = $1[0m  [["verb_id", 1325]]
11:09:02 web.1  |   [1m[35m (0.3ms)[0m  SELECT COUNT(*) FROM "personal_connections"  WHERE "personal_connections"."verb_id" = $1  [["verb_id", 1125]]
11:09:02 web.1  |   [1m[35m (0.3ms)[0m  SELECT COUNT(*) FROM "personal_connections"  WHERE "personal_connections"."verb_id" = $1  [["verb_id", 819]]
11:09:02 web.1  |   [1m[36m (0.3ms)[0m  [1mSELECT COUNT(*) FROM "personal_connections"  WHERE "personal_connections"."verb_id" = $1[0m  [["verb_id", 496]]
11:09:02 web.1  |   [1m[36m (0.3ms)[0m  [1mSELECT COUNT(*) FROM "personal_connections"  WHERE "personal_connections"."verb_id" = $1[0m  [["verb_id", 1052]]
11:09:02 web.1  |   [1m[35m (0.2ms)[0m  SELECT COUNT(*) FROM "personal_connections"  WHERE "personal_connections"."verb_id" = $1  [["verb_id", 902]]
11:09:02 web.1  |   [1m[36m (0.3ms)[0m  [1mSELECT COUNT(*) FROM "personal_connections"  WHERE "personal_connections"."verb_id" = $1[0m  [["verb_id", 1359]]
11:09:02 web.1  |   [1m[35m (0.3ms)[0m  SELECT COUNT(*) FROM "personal_connections"  WHERE "personal_connections"."verb_id" = $1  [["verb_id", 522]]
11:09:02 web.1  |   [1m[36m (0.3ms)[0m  [1mSELECT COUNT(*) FROM "personal_connections"  WHERE "personal_connections"."verb_id" = $1[0m  [["verb_id", 848]]
11:09:02 web.1  |   [1m[35m (0.3ms)[0m  SELECT COUNT(*) FROM "personal_connections"  WHERE "personal_connections"."verb_id" = $1  [["verb_id", 882]]
11:09:02 web.1  |   [1m[35m (0.3ms)[0m  SELECT COUNT(*) FROM "personal_connections"  WHERE "personal_connections"."verb_id" = $1  [["verb_id", 1013]]
11:09:02 web.1  |   [1m[36m (0.3ms)[0m  [1mSELECT COUNT(*) FROM "personal_connections"  WHERE "personal_connections"."verb_id" = $1[0m  [["verb_id", 220]]
11:09:02 web.1  |   [1m[35m (0.4ms)[0m  SELECT COUNT(*) FROM "personal_connections"  WHERE "personal_connections"."verb_id" = $1  [["verb_id", 766]]
11:09:02 web.1  |   [1m[36m (0.3ms)[0m  [1mSELECT COUNT(*) FROM "personal_connections"  WHERE "personal_connections"."verb_id" = $1[0m  [["verb_id", 1381]]
11:09:02 web.1  |   [1m[35m (0.3ms)[0m  SELECT COUNT(*) FROM "personal_connections"  WHERE "personal_connections"."verb_id" = $1  [["verb_id", 701]]
11:09:02 web.1  |   [1m[36m (0.3ms)[0m  [1mSELECT COUNT(*) FROM "personal_connections"  WHERE "personal_connections"."verb_id" = $1[0m  [["verb_id", 201]]
11:09:02 web.1  |   [1m[36m (0.2ms)[0m  [1mSELECT COUNT(*) FROM "personal_connections"  WHERE "personal_connections"."verb_id" = $1[0m  [["verb_id", 1234]]
11:09:02 web.1  |   [1m[35m (0.3ms)[0m  SELECT COUNT(*) FROM "personal_connections"  WHERE "personal_connections"."verb_id" = $1  [["verb_id", 809]]
11:09:02 web.1  |   [1m[35m (0.5ms)[0m  SELECT COUNT(*) FROM "personal_connections"  WHERE "personal_connections"."verb_id" = $1  [["verb_id", 486]]
11:09:02 web.1  |   [1m[36m (0.4ms)[0m  [1mSELECT COUNT(*) FROM "personal_connections"  WHERE "personal_connections"."verb_id" = $1[0m  [["verb_id", 1420]]
11:09:02 web.1  |   [1m[35m (0.3ms)[0m  SELECT COUNT(*) FROM "personal_connections"  WHERE "personal_connections"."verb_id" = $1  [["verb_id", 1178]]
11:09:02 web.1  |   [1m[36m (0.6ms)[0m  [1mSELECT COUNT(*) FROM "personal_connections"  WHERE "personal_connections"."verb_id" = $1[0m  [["verb_id", 986]]
11:09:02 web.1  |   [1m[36m (0.3ms)[0m  [1mSELECT COUNT(*) FROM "personal_connections"  WHERE "personal_connections"."verb_id" = $1[0m  [["verb_id", 1287]]
11:09:02 web.1  |   [1m[35m (0.3ms)[0m  SELECT COUNT(*) FROM "personal_connections"  WHERE "personal_connections"."verb_id" = $1  [["verb_id", 915]]
11:09:02 web.1  |   [1m[35m (0.3ms)[0m  SELECT COUNT(*) FROM "personal_connections"  WHERE "personal_connections"."verb_id" = $1  [["verb_id", 1496]]
11:09:02 web.1  |   [1m[36m (0.3ms)[0m  [1mSELECT COUNT(*) FROM "personal_connections"  WHERE "personal_connections"."verb_id" = $1[0m  [["verb_id", 1504]]
11:09:02 web.1  |   [1m[36m (0.3ms)[0m  [1mSELECT COUNT(*) FROM "personal_connections"  WHERE "personal_connections"."verb_id" = $1[0m  [["verb_id", 528]]
11:09:02 web.1  |   [1m[35m (0.4ms)[0m  SELECT COUNT(*) FROM "personal_connections"  WHERE "personal_connections"."verb_id" = $1  [["verb_id", 751]]
11:09:02 web.1  |   [1m[35m (0.3ms)[0m  SELECT COUNT(*) FROM "personal_connections"  WHERE "personal_connections"."verb_id" = $1  [["verb_id", 777]]
11:09:02 web.1  |   [1m[36m (0.3ms)[0m  [1mSELECT COUNT(*) FROM "personal_connections"  WHERE "personal_connections"."verb_id" = $1[0m  [["verb_id", 1099]]
11:09:02 web.1  |   [1m[36m (0.3ms)[0m  [1mSELECT COUNT(*) FROM "personal_connections"  WHERE "personal_connections"."verb_id" = $1[0m  [["verb_id", 540]]
11:09:02 web.1  |   [1m[35m (0.4ms)[0m  SELECT COUNT(*) FROM "personal_connections"  WHERE "personal_connections"."verb_id" = $1  [["verb_id", 408]]
11:09:02 web.1  |   [1m[35m (0.3ms)[0m  SELECT COUNT(*) FROM "personal_connections"  WHERE "personal_connections"."verb_id" = $1  [["verb_id", 652]]
11:09:02 web.1  |   [1m[36m (0.3ms)[0m  [1mSELECT COUNT(*) FROM "personal_connections"  WHERE "personal_connections"."verb_id" = $1[0m  [["verb_id", 1197]]
11:09:02 web.1  |   [1m[36m (0.3ms)[0m  [1mSELECT COUNT(*) FROM "personal_connections"  WHERE "personal_connections"."verb_id" = $1[0m  [["verb_id", 1389]]
11:09:02 web.1  |   [1m[35m (0.3ms)[0m  SELECT COUNT(*) FROM "personal_connections"  WHERE "personal_connections"."verb_id" = $1  [["verb_id", 266]]
11:09:02 web.1  |   [1m[35m (0.3ms)[0m  SELECT COUNT(*) FROM "personal_connections"  WHERE "personal_connections"."verb_id" = $1  [["verb_id", 602]]
11:09:02 web.1  |   [1m[36m (0.3ms)[0m  [1mSELECT COUNT(*) FROM "personal_connections"  WHERE "personal_connections"."verb_id" = $1[0m  [["verb_id", 250]]
11:09:02 web.1  |   [1m[35m (0.4ms)[0m  SELECT COUNT(*) FROM "personal_connections"  WHERE "personal_connections"."verb_id" = $1  [["verb_id", 1005]]
11:09:02 web.1  |   [1m[36m (0.3ms)[0m  [1mSELECT COUNT(*) FROM "personal_connections"  WHERE "personal_connections"."verb_id" = $1[0m  [["verb_id", 1273]]
11:09:02 web.1  |   [1m[35m (0.3ms)[0m  SELECT COUNT(*) FROM "personal_connections"  WHERE "personal_connections"."verb_id" = $1  [["verb_id", 1272]]
11:09:02 web.1  |   [1m[36m (0.3ms)[0m  [1mSELECT COUNT(*) FROM "personal_connections"  WHERE "personal_connections"."verb_id" = $1[0m  [["verb_id", 1446]]
11:09:02 web.1  |   [1m[36m (0.3ms)[0m  [1mSELECT COUNT(*) FROM "personal_connections"  WHERE "personal_connections"."verb_id" = $1[0m  [["verb_id", 460]]
11:09:02 web.1  |   [1m[35m (0.3ms)[0m  SELECT COUNT(*) FROM "personal_connections"  WHERE "personal_connections"."verb_id" = $1  [["verb_id", 1082]]
11:09:02 web.1  |   [1m[35m (0.3ms)[0m  SELECT COUNT(*) FROM "personal_connections"  WHERE "personal_connections"."verb_id" = $1  [["verb_id", 1336]]
11:09:02 web.1  |   [1m[36m (0.3ms)[0m  [1mSELECT COUNT(*) FROM "personal_connections"  WHERE "personal_connections"."verb_id" = $1[0m  [["verb_id", 1305]]
11:09:02 web.1  |   [1m[36m (0.3ms)[0m  [1mSELECT COUNT(*) FROM "personal_connections"  WHERE "personal_connections"."verb_id" = $1[0m  [["verb_id", 874]]
11:09:02 web.1  |   [1m[35m (0.4ms)[0m  SELECT COUNT(*) FROM "personal_connections"  WHERE "personal_connections"."verb_id" = $1  [["verb_id", 1304]]
11:09:02 web.1  |   [1m[36m (0.4ms)[0m  [1mSELECT COUNT(*) FROM "personal_connections"  WHERE "personal_connections"."verb_id" = $1[0m  [["verb_id", 262]]
11:09:02 web.1  |   [1m[35m (0.4ms)[0m  SELECT COUNT(*) FROM "personal_connections"  WHERE "personal_connections"."verb_id" = $1  [["verb_id", 934]]
11:09:02 web.1  |   [1m[35m (0.3ms)[0m  SELECT COUNT(*) FROM "personal_connections"  WHERE "personal_connections"."verb_id" = $1  [["verb_id", 954]]
11:09:02 web.1  |   [1m[36m (0.4ms)[0m  [1mSELECT COUNT(*) FROM "personal_connections"  WHERE "personal_connections"."verb_id" = $1[0m  [["verb_id", 1576]]
11:09:02 web.1  |   [1m[36m (0.4ms)[0m  [1mSELECT COUNT(*) FROM "personal_connections"  WHERE "personal_connections"."verb_id" = $1[0m  [["verb_id", 400]]
11:09:02 web.1  |   [1m[35m (0.3ms)[0m  SELECT COUNT(*) FROM "personal_connections"  WHERE "personal_connections"."verb_id" = $1  [["verb_id", 340]]
11:09:02 web.1  |   [1m[35m (0.3ms)[0m  SELECT COUNT(*) FROM "personal_connections"  WHERE "personal_connections"."verb_id" = $1  [["verb_id", 73]]
11:09:02 web.1  |   [1m[36m (0.3ms)[0m  [1mSELECT COUNT(*) FROM "personal_connections"  WHERE "personal_connections"."verb_id" = $1[0m  [["verb_id", 224]]
11:09:02 web.1  |   [1m[36m (0.3ms)[0m  [1mSELECT COUNT(*) FROM "personal_connections"  WHERE "personal_connections"."verb_id" = $1[0m  [["verb_id", 1569]]
11:09:02 web.1  |   [1m[35m (0.3ms)[0m  SELECT COUNT(*) FROM "personal_connections"  WHERE "personal_connections"."verb_id" = $1  [["verb_id", 1375]]
11:09:02 web.1  |   [1m[35m (0.5ms)[0m  SELECT COUNT(*) FROM "personal_connections"  WHERE "personal_connections"."verb_id" = $1  [["verb_id", 1077]]
11:09:02 web.1  |   [1m[36m (0.3ms)[0m  [1mSELECT COUNT(*) FROM "personal_connections"  WHERE "personal_connections"."verb_id" = $1[0m  [["verb_id", 436]]
11:09:02 web.1  |   [1m[36m (0.3ms)[0m  [1mSELECT COUNT(*) FROM "personal_connections"  WHERE "personal_connections"."verb_id" = $1[0m  [["verb_id", 1468]]
11:09:02 web.1  |   [1m[35m (0.3ms)[0m  SELECT COUNT(*) FROM "personal_connections"  WHERE "personal_connections"."verb_id" = $1  [["verb_id", 1542]]
11:09:02 web.1  |   [1m[35m (0.3ms)[0m  SELECT COUNT(*) FROM "personal_connections"  WHERE "personal_connections"."verb_id" = $1  [["verb_id", 642]]
11:09:02 web.1  |   [1m[36m (1.9ms)[0m  [1mSELECT COUNT(*) FROM "personal_connections"  WHERE "personal_connections"."verb_id" = $1[0m  [["verb_id", 819]]
11:09:02 web.1  |   [1m[35m (0.5ms)[0m  SELECT COUNT(*) FROM "personal_connections"  WHERE "personal_connections"."verb_id" = $1  [["verb_id", 1052]]
11:09:02 web.1  |   [1m[36m (7.0ms)[0m  [1mSELECT COUNT(*) FROM "personal_connections"  WHERE "personal_connections"."verb_id" = $1[0m  [["verb_id", 1303]]
11:09:02 web.1  |   [1m[36m (0.3ms)[0m  [1mSELECT COUNT(*) FROM "personal_connections"  WHERE "personal_connections"."verb_id" = $1[0m  [["verb_id", 882]]
11:09:02 web.1  |   [1m[35m (0.3ms)[0m  SELECT COUNT(*) FROM "personal_connections"  WHERE "personal_connections"."verb_id" = $1  [["verb_id", 1388]]
11:09:02 web.1  |   [1m[35m (0.7ms)[0m  SELECT COUNT(*) FROM "personal_connections"  WHERE "personal_connections"."verb_id" = $1  [["verb_id", 220]]
11:09:02 web.1  |   [1m[36m (0.5ms)[0m  [1mSELECT COUNT(*) FROM "personal_connections"  WHERE "personal_connections"."verb_id" = $1[0m  [["verb_id", 766]]
11:09:02 web.1  |   [1m[36m (0.3ms)[0m  [1mSELECT COUNT(*) FROM "personal_connections"  WHERE "personal_connections"."verb_id" = $1[0m  [["verb_id", 1285]]
11:09:02 web.1  |   [1m[35m (0.4ms)[0m  SELECT COUNT(*) FROM "personal_connections"  WHERE "personal_connections"."verb_id" = $1  [["verb_id", 1376]]
11:09:02 web.1  |   [1m[36m (0.3ms)[0m  [1mSELECT COUNT(*) FROM "personal_connections"  WHERE "personal_connections"."verb_id" = $1[0m  [["verb_id", 1355]]
11:09:02 web.1  |   [1m[35m (0.4ms)[0m  SELECT COUNT(*) FROM "personal_connections"  WHERE "personal_connections"."verb_id" = $1  [["verb_id", 201]]
11:09:02 web.1  |   [1m[35m (0.7ms)[0m  SELECT COUNT(*) FROM "personal_connections"  WHERE "personal_connections"."verb_id" = $1  [["verb_id", 1307]]
11:09:02 web.1  |   [1m[36m (0.3ms)[0m  [1mSELECT COUNT(*) FROM "personal_connections"  WHERE "personal_connections"."verb_id" = $1[0m  [["verb_id", 809]]
11:09:02 web.1  |   [1m[36m (0.3ms)[0m  [1mSELECT COUNT(*) FROM "personal_connections"  WHERE "personal_connections"."verb_id" = $1[0m  [["verb_id", 1115]]
11:09:02 web.1  |   [1m[35m (0.4ms)[0m  SELECT COUNT(*) FROM "personal_connections"  WHERE "personal_connections"."verb_id" = $1  [["verb_id", 1547]]
11:09:02 web.1  |   [1m[35m (0.3ms)[0m  SELECT COUNT(*) FROM "personal_connections"  WHERE "personal_connections"."verb_id" = $1  [["verb_id", 1420]]
11:09:02 web.1  |   [1m[36m (0.3ms)[0m  [1mSELECT COUNT(*) FROM "personal_connections"  WHERE "personal_connections"."verb_id" = $1[0m  [["verb_id", 458]]
11:09:02 web.1  |   [1m[36m (0.3ms)[0m  [1mSELECT COUNT(*) FROM "personal_connections"  WHERE "personal_connections"."verb_id" = $1[0m  [["verb_id", 1178]]
11:09:02 web.1  |   [1m[35m (0.3ms)[0m  SELECT COUNT(*) FROM "personal_connections"  WHERE "personal_connections"."verb_id" = $1  [["verb_id", 1287]]
11:09:02 web.1  |   [1m[35m (0.3ms)[0m  SELECT COUNT(*) FROM "personal_connections"  WHERE "personal_connections"."verb_id" = $1  [["verb_id", 28]]
11:09:02 web.1  |   [1m[36m (0.3ms)[0m  [1mSELECT COUNT(*) FROM "personal_connections"  WHERE "personal_connections"."verb_id" = $1[0m  [["verb_id", 1496]]
11:09:02 web.1  |   [1m[35m (0.4ms)[0m  SELECT COUNT(*) FROM "personal_connections"  WHERE "personal_connections"."verb_id" = $1  [["verb_id", 528]]
11:09:02 web.1  |   [1m[36m (0.7ms)[0m  [1mSELECT COUNT(*) FROM "personal_connections"  WHERE "personal_connections"."verb_id" = $1[0m  [["verb_id", 1088]]
11:09:02 web.1  |   [1m[36m (0.3ms)[0m  [1mSELECT COUNT(*) FROM "personal_connections"  WHERE "personal_connections"."verb_id" = $1[0m  [["verb_id", 777]]
11:09:02 web.1  |   [1m[35m (0.4ms)[0m  SELECT COUNT(*) FROM "personal_connections"  WHERE "personal_connections"."verb_id" = $1  [["verb_id", 1069]]
11:09:02 web.1  |   [1m[35m (0.3ms)[0m  SELECT COUNT(*) FROM "personal_connections"  WHERE "personal_connections"."verb_id" = $1  [["verb_id", 1099]]
11:09:02 web.1  |   [1m[36m (0.3ms)[0m  [1mSELECT COUNT(*) FROM "personal_connections"  WHERE "personal_connections"."verb_id" = $1[0m  [["verb_id", 408]]
11:09:02 web.1  |   [1m[36m (0.4ms)[0m  [1mSELECT COUNT(*) FROM "personal_connections"  WHERE "personal_connections"."verb_id" = $1[0m  [["verb_id", 1510]]
11:09:02 web.1  |   [1m[35m (0.3ms)[0m  SELECT COUNT(*) FROM "personal_connections"  WHERE "personal_connections"."verb_id" = $1  [["verb_id", 1389]]
11:09:02 web.1  |   [1m[36m (0.3ms)[0m  [1mSELECT COUNT(*) FROM "personal_connections"  WHERE "personal_connections"."verb_id" = $1[0m  [["verb_id", 602]]
11:09:02 web.1  |   [1m[35m (0.3ms)[0m  SELECT COUNT(*) FROM "personal_connections"  WHERE "personal_connections"."verb_id" = $1  [["verb_id", 685]]
11:09:02 web.1  |   [1m[35m (0.3ms)[0m  SELECT COUNT(*) FROM "personal_connections"  WHERE "personal_connections"."verb_id" = $1  [["verb_id", 250]]
11:09:02 web.1  |   [1m[36m (0.3ms)[0m  [1mSELECT COUNT(*) FROM "personal_connections"  WHERE "personal_connections"."verb_id" = $1[0m  [["verb_id", 1289]]
11:09:02 web.1  |   [1m[35m (0.3ms)[0m  SELECT COUNT(*) FROM "personal_connections"  WHERE "personal_connections"."verb_id" = $1  [["verb_id", 965]]
11:09:02 web.1  |   [1m[36m (0.3ms)[0m  [1mSELECT COUNT(*) FROM "personal_connections"  WHERE "personal_connections"."verb_id" = $1[0m  [["verb_id", 876]]
11:09:02 web.1  |   [1m[36m (0.3ms)[0m  [1mSELECT COUNT(*) FROM "personal_connections"  WHERE "personal_connections"."verb_id" = $1[0m  [["verb_id", 1005]]
11:09:02 web.1  |   [1m[35m (0.3ms)[0m  SELECT COUNT(*) FROM "personal_connections"  WHERE "personal_connections"."verb_id" = $1  [["verb_id", 1273]]
11:09:02 web.1  |   [1m[35m (0.2ms)[0m  SELECT COUNT(*) FROM "personal_connections"  WHERE "personal_connections"."verb_id" = $1  [["verb_id", 1122]]
11:09:02 web.1  |   [1m[36m (0.3ms)[0m  [1mSELECT COUNT(*) FROM "personal_connections"  WHERE "personal_connections"."verb_id" = $1[0m  [["verb_id", 1272]]
11:09:02 web.1  |   [1m[36m (3.9ms)[0m  [1mSELECT COUNT(*) FROM "personal_connections"  WHERE "personal_connections"."verb_id" = $1[0m  [["verb_id", 732]]
11:09:02 web.1  |   [1m[35m (0.4ms)[0m  SELECT COUNT(*) FROM "personal_connections"  WHERE "personal_connections"."verb_id" = $1  [["verb_id", 460]]
11:09:02 web.1  |   [1m[36m (0.5ms)[0m  [1mSELECT COUNT(*) FROM "personal_connections"  WHERE "personal_connections"."verb_id" = $1[0m  [["verb_id", 1336]]
11:09:02 web.1  |   [1m[35m (0.9ms)[0m  SELECT COUNT(*) FROM "personal_connections"  WHERE "personal_connections"."verb_id" = $1  [["verb_id", 874]]
11:09:02 web.1  |   [1m[36m (0.3ms)[0m  [1mSELECT COUNT(*) FROM "personal_connections"  WHERE "personal_connections"."verb_id" = $1[0m  [["verb_id", 934]]
11:09:02 web.1  |   [1m[35m (0.4ms)[0m  SELECT COUNT(*) FROM "personal_connections"  WHERE "personal_connections"."verb_id" = $1  [["verb_id", 6]]
11:09:02 web.1  |   [1m[35m (0.4ms)[0m  SELECT COUNT(*) FROM "personal_connections"  WHERE "personal_connections"."verb_id" = $1  [["verb_id", 1576]]
11:09:02 web.1  |   [1m[36m (0.4ms)[0m  [1mSELECT COUNT(*) FROM "personal_connections"  WHERE "personal_connections"."verb_id" = $1[0m  [["verb_id", 1403]]
11:09:02 web.1  |   [1m[36m (0.3ms)[0m  [1mSELECT COUNT(*) FROM "personal_connections"  WHERE "personal_connections"."verb_id" = $1[0m  [["verb_id", 340]]
11:09:02 web.1  |   [1m[35m (3.5ms)[0m  SELECT COUNT(*) FROM "personal_connections"  WHERE "personal_connections"."verb_id" = $1  [["verb_id", 224]]
11:09:02 web.1  |   [1m[36m (0.5ms)[0m  [1mSELECT COUNT(*) FROM "personal_connections"  WHERE "personal_connections"."verb_id" = $1[0m  [["verb_id", 1375]]
11:09:02 web.1  |   [1m[35m (0.3ms)[0m  SELECT COUNT(*) FROM "personal_connections"  WHERE "personal_connections"."verb_id" = $1  [["verb_id", 436]]
11:09:02 web.1  |   [1m[36m (0.4ms)[0m  [1mSELECT COUNT(*) FROM "personal_connections"  WHERE "personal_connections"."verb_id" = $1[0m  [["verb_id", 642]]
11:09:02 web.1  |   [1m[35m (0.5ms)[0m  SELECT COUNT(*) FROM "personal_connections"  WHERE "personal_connections"."verb_id" = $1  [["verb_id", 953]]
11:09:02 web.1  |   [1m[36m (0.3ms)[0m  [1mSELECT COUNT(*) FROM "personal_connections"  WHERE "personal_connections"."verb_id" = $1[0m  [["verb_id", 1317]]
11:09:02 web.1  |   [1m[35m (0.3ms)[0m  SELECT COUNT(*) FROM "personal_connections"  WHERE "personal_connections"."verb_id" = $1  [["verb_id", 638]]
11:09:02 web.1  |   [1m[36m (0.6ms)[0m  [1mSELECT COUNT(*) FROM "personal_connections"  WHERE "personal_connections"."verb_id" = $1[0m  [["verb_id", 532]]
11:09:02 web.1  |   [1m[35m (0.3ms)[0m  SELECT COUNT(*) FROM "personal_connections"  WHERE "personal_connections"."verb_id" = $1  [["verb_id", 992]]
11:09:02 web.1  |   [1m[36m (0.3ms)[0m  [1mSELECT COUNT(*) FROM "personal_connections"  WHERE "personal_connections"."verb_id" = $1[0m  [["verb_id", 855]]
11:09:02 web.1  |   [1m[35m (0.3ms)[0m  SELECT COUNT(*) FROM "personal_connections"  WHERE "personal_connections"."verb_id" = $1  [["verb_id", 1209]]
11:09:02 web.1  |   [1m[36m (0.3ms)[0m  [1mSELECT COUNT(*) FROM "personal_connections"  WHERE "personal_connections"."verb_id" = $1[0m  [["verb_id", 1137]]
11:09:02 web.1  |   [1m[35m (0.4ms)[0m  SELECT COUNT(*) FROM "personal_connections"  WHERE "personal_connections"."verb_id" = $1  [["verb_id", 1066]]
11:09:02 web.1  |   [1m[36m (0.3ms)[0m  [1mSELECT COUNT(*) FROM "personal_connections"  WHERE "personal_connections"."verb_id" = $1[0m  [["verb_id", 1439]]
11:09:02 web.1  |   [1m[35m (0.4ms)[0m  SELECT COUNT(*) FROM "personal_connections"  WHERE "personal_connections"."verb_id" = $1  [["verb_id", 1171]]
11:09:02 web.1  |   [1m[36m (0.4ms)[0m  [1mSELECT COUNT(*) FROM "personal_connections"  WHERE "personal_connections"."verb_id" = $1[0m  [["verb_id", 1449]]
11:09:02 web.1  |   [1m[35m (0.3ms)[0m  SELECT COUNT(*) FROM "personal_connections"  WHERE "personal_connections"."verb_id" = $1  [["verb_id", 1000]]
11:09:03 web.1  |   [1m[36m (0.4ms)[0m  [1mSELECT COUNT(*) FROM "personal_connections"  WHERE "personal_connections"."verb_id" = $1[0m  [["verb_id", 839]]
11:09:03 web.1  |   [1m[35m (0.3ms)[0m  SELECT COUNT(*) FROM "personal_connections"  WHERE "personal_connections"."verb_id" = $1  [["verb_id", 970]]
11:09:03 web.1  |   [1m[36m (0.5ms)[0m  [1mSELECT COUNT(*) FROM "personal_connections"  WHERE "personal_connections"."verb_id" = $1[0m  [["verb_id", 824]]
11:09:03 web.1  |   [1m[35m (0.5ms)[0m  SELECT COUNT(*) FROM "personal_connections"  WHERE "personal_connections"."verb_id" = $1  [["verb_id", 763]]
11:09:03 web.1  |   [1m[36m (0.3ms)[0m  [1mSELECT COUNT(*) FROM "personal_connections"  WHERE "personal_connections"."verb_id" = $1[0m  [["verb_id", 1199]]
11:09:03 web.1  |   [1m[35m (0.3ms)[0m  SELECT COUNT(*) FROM "personal_connections"  WHERE "personal_connections"."verb_id" = $1  [["verb_id", 671]]
11:09:03 web.1  |   [1m[36m (0.3ms)[0m  [1mSELECT COUNT(*) FROM "personal_connections"  WHERE "personal_connections"."verb_id" = $1[0m  [["verb_id", 808]]
11:09:03 web.1  |   [1m[35m (0.5ms)[0m  SELECT COUNT(*) FROM "personal_connections"  WHERE "personal_connections"."verb_id" = $1  [["verb_id", 1465]]
11:09:03 web.1  |   [1m[36m (0.4ms)[0m  [1mSELECT COUNT(*) FROM "personal_connections"  WHERE "personal_connections"."verb_id" = $1[0m  [["verb_id", 470]]
11:09:03 web.1  |   [1m[35m (0.3ms)[0m  SELECT COUNT(*) FROM "personal_connections"  WHERE "personal_connections"."verb_id" = $1  [["verb_id", 981]]
11:09:03 web.1  |   [1m[35m (0.3ms)[0m  SELECT COUNT(*) FROM "personal_connections"  WHERE "personal_connections"."verb_id" = $1  [["verb_id", 1303]]
11:09:03 web.1  |   [1m[36m (0.3ms)[0m  [1mSELECT COUNT(*) FROM "personal_connections"  WHERE "personal_connections"."verb_id" = $1[0m  [["verb_id", 880]]
11:09:03 web.1  |   [1m[36m (0.3ms)[0m  [1mSELECT COUNT(*) FROM "personal_connections"  WHERE "personal_connections"."verb_id" = $1[0m  [["verb_id", 1388]]
11:09:03 web.1  |   [1m[35m (0.3ms)[0m  SELECT COUNT(*) FROM "personal_connections"  WHERE "personal_connections"."verb_id" = $1  [["verb_id", 1050]]
11:09:03 web.1  |   [1m[36m (0.4ms)[0m  [1mSELECT COUNT(*) FROM "personal_connections"  WHERE "personal_connections"."verb_id" = $1[0m  [["verb_id", 980]]
11:09:03 web.1  |   [1m[35m (0.3ms)[0m  SELECT COUNT(*) FROM "personal_connections"  WHERE "personal_connections"."verb_id" = $1  [["verb_id", 1010]]
11:09:03 web.1  |   [1m[36m (0.3ms)[0m  [1mSELECT COUNT(*) FROM "personal_connections"  WHERE "personal_connections"."verb_id" = $1[0m  [["verb_id", 492]]
11:09:03 web.1  |   [1m[35m (15.3ms)[0m  SELECT COUNT(*) FROM "personal_connections"  WHERE "personal_connections"."verb_id" = $1  [["verb_id", 1285]]
11:09:03 web.1  |   [1m[35m (0.3ms)[0m  SELECT COUNT(*) FROM "personal_connections"  WHERE "personal_connections"."verb_id" = $1  [["verb_id", 1556]]
11:09:03 web.1  |   [1m[36m (0.3ms)[0m  [1mSELECT COUNT(*) FROM "personal_connections"  WHERE "personal_connections"."verb_id" = $1[0m  [["verb_id", 1376]]
11:09:03 web.1  |   [1m[36m (0.3ms)[0m  [1mSELECT COUNT(*) FROM "personal_connections"  WHERE "personal_connections"."verb_id" = $1[0m  [["verb_id", 744]]
11:09:03 web.1  |   [1m[35m (0.4ms)[0m  SELECT COUNT(*) FROM "personal_connections"  WHERE "personal_connections"."verb_id" = $1  [["verb_id", 1509]]
11:09:03 web.1  |   [1m[36m (0.3ms)[0m  [1mSELECT COUNT(*) FROM "personal_connections"  WHERE "personal_connections"."verb_id" = $1[0m  [["verb_id", 1218]]
11:09:03 web.1  |   [1m[35m (0.3ms)[0m  SELECT COUNT(*) FROM "personal_connections"  WHERE "personal_connections"."verb_id" = $1  [["verb_id", 1490]]
11:09:03 web.1  |   [1m[35m (0.3ms)[0m  SELECT COUNT(*) FROM "personal_connections"  WHERE "personal_connections"."verb_id" = $1  [["verb_id", 1355]]
11:09:03 web.1  |   [1m[36m (0.3ms)[0m  [1mSELECT COUNT(*) FROM "personal_connections"  WHERE "personal_connections"."verb_id" = $1[0m  [["verb_id", 1318]]
11:09:03 web.1  |   [1m[36m (0.3ms)[0m  [1mSELECT COUNT(*) FROM "personal_connections"  WHERE "personal_connections"."verb_id" = $1[0m  [["verb_id", 1307]]
11:09:03 web.1  |   [1m[35m (0.3ms)[0m  SELECT COUNT(*) FROM "personal_connections"  WHERE "personal_connections"."verb_id" = $1  [["verb_id", 708]]
11:09:03 web.1  |   [1m[36m (0.4ms)[0m  [1mSELECT COUNT(*) FROM "personal_connections"  WHERE "personal_connections"."verb_id" = $1[0m  [["verb_id", 1195]]
11:09:03 web.1  |   [1m[35m (0.4ms)[0m  SELECT COUNT(*) FROM "personal_connections"  WHERE "personal_connections"."verb_id" = $1  [["verb_id", 1115]]
11:09:03 web.1  |   [1m[35m (0.3ms)[0m  SELECT COUNT(*) FROM "personal_connections"  WHERE "personal_connections"."verb_id" = $1  [["verb_id", 1335]]
11:09:03 web.1  |   [1m[36m (0.3ms)[0m  [1mSELECT COUNT(*) FROM "personal_connections"  WHERE "personal_connections"."verb_id" = $1[0m  [["verb_id", 1206]]
11:09:03 web.1  |   [1m[35m (0.3ms)[0m  SELECT COUNT(*) FROM "personal_connections"  WHERE "personal_connections"."verb_id" = $1  [["verb_id", 713]]
11:09:03 web.1  |   [1m[36m (0.3ms)[0m  [1mSELECT COUNT(*) FROM "personal_connections"  WHERE "personal_connections"."verb_id" = $1[0m  [["verb_id", 1547]]
11:09:03 web.1  |   [1m[36m (0.3ms)[0m  [1mSELECT COUNT(*) FROM "personal_connections"  WHERE "personal_connections"."verb_id" = $1[0m  [["verb_id", 871]]
11:09:03 web.1  |   [1m[35m (0.3ms)[0m  SELECT COUNT(*) FROM "personal_connections"  WHERE "personal_connections"."verb_id" = $1  [["verb_id", 604]]
11:09:03 web.1  |   [1m[35m (0.2ms)[0m  SELECT COUNT(*) FROM "personal_connections"  WHERE "personal_connections"."verb_id" = $1  [["verb_id", 458]]
11:09:03 web.1  |   [1m[36m (0.3ms)[0m  [1mSELECT COUNT(*) FROM "personal_connections"  WHERE "personal_connections"."verb_id" = $1[0m  [["verb_id", 707]]
11:09:03 web.1  |   [1m[35m (0.3ms)[0m  SELECT COUNT(*) FROM "personal_connections"  WHERE "personal_connections"."verb_id" = $1  [["verb_id", 825]]
11:09:03 web.1  |   [1m[36m (0.4ms)[0m  [1mSELECT COUNT(*) FROM "personal_connections"  WHERE "personal_connections"."verb_id" = $1[0m  [["verb_id", 28]]
11:09:03 web.1  |   [1m[36m (0.2ms)[0m  [1mSELECT COUNT(*) FROM "personal_connections"  WHERE "personal_connections"."verb_id" = $1[0m  [["verb_id", 1343]]
11:09:03 web.1  |   [1m[35m (0.3ms)[0m  SELECT COUNT(*) FROM "personal_connections"  WHERE "personal_connections"."verb_id" = $1  [["verb_id", 332]]
11:09:03 web.1  |   [1m[35m (0.4ms)[0m  SELECT COUNT(*) FROM "personal_connections"  WHERE "personal_connections"."verb_id" = $1  [["verb_id", 1088]]
11:09:03 web.1  |   [1m[36m (0.3ms)[0m  [1mSELECT COUNT(*) FROM "personal_connections"  WHERE "personal_connections"."verb_id" = $1[0m  [["verb_id", 1069]]
11:09:03 web.1  |   [1m[36m (0.3ms)[0m  [1mSELECT COUNT(*) FROM "personal_connections"  WHERE "personal_connections"."verb_id" = $1[0m  [["verb_id", 380]]
11:09:03 web.1  |   [1m[35m (0.7ms)[0m  SELECT COUNT(*) FROM "personal_connections"  WHERE "personal_connections"."verb_id" = $1  [["verb_id", 1434]]
11:09:03 web.1  |   [1m[35m (0.3ms)[0m  SELECT COUNT(*) FROM "personal_connections"  WHERE "personal_connections"."verb_id" = $1  [["verb_id", 1510]]
11:09:03 web.1  |   [1m[36m (0.4ms)[0m  [1mSELECT COUNT(*) FROM "personal_connections"  WHERE "personal_connections"."verb_id" = $1[0m  [["verb_id", 1466]]
11:09:03 web.1  |   [1m[36m (0.4ms)[0m  [1mSELECT COUNT(*) FROM "personal_connections"  WHERE "personal_connections"."verb_id" = $1[0m  [["verb_id", 685]]
11:09:03 web.1  |   [1m[35m (0.5ms)[0m  SELECT COUNT(*) FROM "personal_connections"  WHERE "personal_connections"."verb_id" = $1  [["verb_id", 608]]
11:09:03 web.1  |   [1m[35m (0.4ms)[0m  SELECT COUNT(*) FROM "personal_connections"  WHERE "personal_connections"."verb_id" = $1  [["verb_id", 1289]]
11:09:03 web.1  |   [1m[36m (0.6ms)[0m  [1mSELECT COUNT(*) FROM "personal_connections"  WHERE "personal_connections"."verb_id" = $1[0m  [["verb_id", 965]]
11:09:03 web.1  |   [1m[36m (11.8ms)[0m  [1mSELECT COUNT(*) FROM "personal_connections"  WHERE "personal_connections"."verb_id" = $1[0m  [["verb_id", 600]]
11:09:03 web.1  |   [1m[35m (0.3ms)[0m  SELECT COUNT(*) FROM "personal_connections"  WHERE "personal_connections"."verb_id" = $1  [["verb_id", 876]]
11:09:03 web.1  |   [1m[35m (0.5ms)[0m  SELECT COUNT(*) FROM "personal_connections"  WHERE "personal_connections"."verb_id" = $1  [["verb_id", 1035]]
11:09:03 web.1  |   [1m[36m (0.4ms)[0m  [1mSELECT COUNT(*) FROM "personal_connections"  WHERE "personal_connections"."verb_id" = $1[0m  [["verb_id", 1122]]
11:09:03 web.1  |   [1m[35m (0.3ms)[0m  SELECT COUNT(*) FROM "personal_connections"  WHERE "personal_connections"."verb_id" = $1  [["verb_id", 732]]
11:09:03 web.1  |   [1m[36m (6.8ms)[0m  [1mSELECT COUNT(*) FROM "personal_connections"  WHERE "personal_connections"."verb_id" = $1[0m  [["verb_id", 656]]
11:09:03 web.1  |   [1m[35m (0.3ms)[0m  SELECT COUNT(*) FROM "personal_connections"  WHERE "personal_connections"."verb_id" = $1  [["verb_id", 910]]
11:09:03 web.1  |   [1m[36m (0.4ms)[0m  [1mSELECT COUNT(*) FROM "personal_connections"  WHERE "personal_connections"."verb_id" = $1[0m  [["verb_id", 6]]
11:09:03 web.1  |   [1m[36m (0.3ms)[0m  [1mSELECT COUNT(*) FROM "personal_connections"  WHERE "personal_connections"."verb_id" = $1[0m  [["verb_id", 360]]
11:09:03 web.1  |   [1m[35m (0.3ms)[0m  SELECT COUNT(*) FROM "personal_connections"  WHERE "personal_connections"."verb_id" = $1  [["verb_id", 1403]]
11:09:03 web.1  |   [1m[35m (0.3ms)[0m  SELECT COUNT(*) FROM "personal_connections"  WHERE "personal_connections"."verb_id" = $1  [["verb_id", 1256]]
11:09:03 web.1  |   [1m[36m (0.4ms)[0m  [1mSELECT COUNT(*) FROM "personal_connections"  WHERE "personal_connections"."verb_id" = $1[0m  [["verb_id", 953]]
11:09:03 web.1  |   [1m[36m (8.7ms)[0m  [1mSELECT COUNT(*) FROM "personal_connections"  WHERE "personal_connections"."verb_id" = $1[0m  [["verb_id", 897]]
11:09:03 web.1  |   [1m[35m (0.3ms)[0m  SELECT COUNT(*) FROM "personal_connections"  WHERE "personal_connections"."verb_id" = $1  [["verb_id", 324]]
11:09:03 web.1  |   [1m[35m (0.3ms)[0m  SELECT COUNT(*) FROM "personal_connections"  WHERE "personal_connections"."verb_id" = $1  [["verb_id", 1317]]
11:09:03 web.1  |   [1m[36m (0.3ms)[0m  [1mSELECT COUNT(*) FROM "personal_connections"  WHERE "personal_connections"."verb_id" = $1[0m  [["verb_id", 330]]
11:09:03 web.1  |   [1m[36m (0.3ms)[0m  [1mSELECT COUNT(*) FROM "personal_connections"  WHERE "personal_connections"."verb_id" = $1[0m  [["verb_id", 638]]
11:09:03 web.1  |   [1m[35m (0.3ms)[0m  SELECT COUNT(*) FROM "personal_connections"  WHERE "personal_connections"."verb_id" = $1  [["verb_id", 532]]
11:09:03 web.1  |   [1m[36m (0.3ms)[0m  [1mSELECT COUNT(*) FROM "personal_connections"  WHERE "personal_connections"."verb_id" = $1[0m  [["verb_id", 992]]
11:09:03 web.1  |   [1m[35m (0.3ms)[0m  SELECT COUNT(*) FROM "personal_connections"  WHERE "personal_connections"."verb_id" = $1  [["verb_id", 855]]
11:09:03 web.1  |   [1m[35m (0.3ms)[0m  SELECT COUNT(*) FROM "personal_connections"  WHERE "personal_connections"."verb_id" = $1  [["verb_id", 386]]
11:09:03 web.1  |   [1m[36m (0.3ms)[0m  [1mSELECT COUNT(*) FROM "personal_connections"  WHERE "personal_connections"."verb_id" = $1[0m  [["verb_id", 1209]]
11:09:03 web.1  |   [1m[36m (0.3ms)[0m  [1mSELECT COUNT(*) FROM "personal_connections"  WHERE "personal_connections"."verb_id" = $1[0m  [["verb_id", 1183]]
11:09:03 web.1  |   [1m[35m (0.4ms)[0m  SELECT COUNT(*) FROM "personal_connections"  WHERE "personal_connections"."verb_id" = $1  [["verb_id", 1137]]
11:09:03 web.1  |   [1m[36m (0.4ms)[0m  [1mSELECT COUNT(*) FROM "personal_connections"  WHERE "personal_connections"."verb_id" = $1[0m  [["verb_id", 1066]]
11:09:03 web.1  |   [1m[35m (0.3ms)[0m  SELECT COUNT(*) FROM "personal_connections"  WHERE "personal_connections"."verb_id" = $1  [["verb_id", 811]]
11:09:03 web.1  |   [1m[36m (0.3ms)[0m  [1mSELECT COUNT(*) FROM "personal_connections"  WHERE "personal_connections"."verb_id" = $1[0m  [["verb_id", 350]]
11:09:03 web.1  |   [1m[35m (0.3ms)[0m  SELECT COUNT(*) FROM "personal_connections"  WHERE "personal_connections"."verb_id" = $1  [["verb_id", 1439]]
11:09:03 web.1  |   [1m[35m (0.3ms)[0m  SELECT COUNT(*) FROM "personal_connections"  WHERE "personal_connections"."verb_id" = $1  [["verb_id", 1480]]
11:09:03 web.1  |   [1m[36m (0.3ms)[0m  [1mSELECT COUNT(*) FROM "personal_connections"  WHERE "personal_connections"."verb_id" = $1[0m  [["verb_id", 1171]]
11:09:03 web.1  |   [1m[36m (0.4ms)[0m  [1mSELECT COUNT(*) FROM "personal_connections"  WHERE "personal_connections"."verb_id" = $1[0m  [["verb_id", 368]]
11:09:03 web.1  |   [1m[35m (0.4ms)[0m  SELECT COUNT(*) FROM "personal_connections"  WHERE "personal_connections"."verb_id" = $1  [["verb_id", 366]]
11:09:03 web.1  |   [1m[36m (0.3ms)[0m  [1mSELECT COUNT(*) FROM "personal_connections"  WHERE "personal_connections"."verb_id" = $1[0m  [["verb_id", 344]]
11:09:03 web.1  |   [1m[35m (0.3ms)[0m  SELECT COUNT(*) FROM "personal_connections"  WHERE "personal_connections"."verb_id" = $1  [["verb_id", 1449]]
11:09:03 web.1  |   [1m[35m (0.3ms)[0m  SELECT COUNT(*) FROM "personal_connections"  WHERE "personal_connections"."verb_id" = $1  [["verb_id", 1204]]
11:09:03 web.1  |   [1m[36m (0.3ms)[0m  [1mSELECT COUNT(*) FROM "personal_connections"  WHERE "personal_connections"."verb_id" = $1[0m  [["verb_id", 1000]]
11:09:03 web.1  |   [1m[36m (0.3ms)[0m  [1mSELECT COUNT(*) FROM "personal_connections"  WHERE "personal_connections"."verb_id" = $1[0m  [["verb_id", 1070]]
11:09:03 web.1  |   [1m[35m (0.3ms)[0m  SELECT COUNT(*) FROM "personal_connections"  WHERE "personal_connections"."verb_id" = $1  [["verb_id", 996]]
11:09:03 web.1  |   [1m[35m (0.3ms)[0m  SELECT COUNT(*) FROM "personal_connections"  WHERE "personal_connections"."verb_id" = $1  [["verb_id", 839]]
11:09:03 web.1  |   [1m[36m (0.5ms)[0m  [1mSELECT COUNT(*) FROM "personal_connections"  WHERE "personal_connections"."verb_id" = $1[0m  [["verb_id", 970]]
11:09:03 web.1  |   [1m[36m (0.4ms)[0m  [1mSELECT COUNT(*) FROM "personal_connections"  WHERE "personal_connections"."verb_id" = $1[0m  [["verb_id", 1409]]
11:09:03 web.1  |   [1m[35m (0.3ms)[0m  SELECT COUNT(*) FROM "personal_connections"  WHERE "personal_connections"."verb_id" = $1  [["verb_id", 824]]
11:09:03 web.1  |   [1m[36m (0.3ms)[0m  [1mSELECT COUNT(*) FROM "personal_connections"  WHERE "personal_connections"."verb_id" = $1[0m  [["verb_id", 763]]
11:09:03 web.1  |   [1m[35m (0.3ms)[0m  SELECT COUNT(*) FROM "personal_connections"  WHERE "personal_connections"."verb_id" = $1  [["verb_id", 1072]]
11:09:03 web.1  |   [1m[35m (0.3ms)[0m  SELECT COUNT(*) FROM "personal_connections"  WHERE "personal_connections"."verb_id" = $1  [["verb_id", 1199]]
11:09:03 web.1  |   [1m[36m (0.3ms)[0m  [1mSELECT COUNT(*) FROM "personal_connections"  WHERE "personal_connections"."verb_id" = $1[0m  [["verb_id", 671]]
11:09:03 web.1  |   [1m[35m (0.3ms)[0m  SELECT COUNT(*) FROM "personal_connections"  WHERE "personal_connections"."verb_id" = $1  [["verb_id", 808]]
11:09:03 web.1  |   [1m[36m (0.4ms)[0m  [1mSELECT COUNT(*) FROM "personal_connections"  WHERE "personal_connections"."verb_id" = $1[0m  [["verb_id", 1160]]
11:09:03 web.1  |   [1m[35m (0.3ms)[0m  SELECT COUNT(*) FROM "personal_connections"  WHERE "personal_connections"."verb_id" = $1  [["verb_id", 1587]]
11:09:03 web.1  |   [1m[36m (0.4ms)[0m  [1mSELECT COUNT(*) FROM "personal_connections"  WHERE "personal_connections"."verb_id" = $1[0m  [["verb_id", 1465]]
11:09:03 web.1  |   [1m[36m (0.3ms)[0m  [1mSELECT COUNT(*) FROM "personal_connections"  WHERE "personal_connections"."verb_id" = $1[0m  [["verb_id", 952]]
11:09:03 web.1  |   [1m[35m (0.2ms)[0m  SELECT COUNT(*) FROM "personal_connections"  WHERE "personal_connections"."verb_id" = $1  [["verb_id", 470]]
11:09:03 web.1  |   [1m[36m (0.3ms)[0m  [1mSELECT COUNT(*) FROM "personal_connections"  WHERE "personal_connections"."verb_id" = $1[0m  [["verb_id", 981]]
11:09:03 web.1  |   [1m[35m (0.3ms)[0m  SELECT COUNT(*) FROM "personal_connections"  WHERE "personal_connections"."verb_id" = $1  [["verb_id", 880]]
11:09:03 web.1  |   [1m[36m (0.3ms)[0m  [1mSELECT COUNT(*) FROM "personal_connections"  WHERE "personal_connections"."verb_id" = $1[0m  [["verb_id", 1050]]
11:09:03 web.1  |   [1m[35m (4.3ms)[0m  SELECT COUNT(*) FROM "personal_connections"  WHERE "personal_connections"."verb_id" = $1  [["verb_id", 546]]
11:09:03 web.1  |   [1m[35m (0.4ms)[0m  SELECT COUNT(*) FROM "personal_connections"  WHERE "personal_connections"."verb_id" = $1  [["verb_id", 980]]
11:09:03 web.1  |   [1m[36m (0.3ms)[0m  [1mSELECT COUNT(*) FROM "personal_connections"  WHERE "personal_connections"."verb_id" = $1[0m  [["verb_id", 209]]
11:09:03 web.1  |   [1m[36m (0.3ms)[0m  [1mSELECT COUNT(*) FROM "personal_connections"  WHERE "personal_connections"."verb_id" = $1[0m  [["verb_id", 1010]]
11:09:03 web.1  |   [1m[35m (0.4ms)[0m  SELECT COUNT(*) FROM "personal_connections"  WHERE "personal_connections"."verb_id" = $1  [["verb_id", 169]]
11:09:03 web.1  |   [1m[35m (0.3ms)[0m  SELECT COUNT(*) FROM "personal_connections"  WHERE "personal_connections"."verb_id" = $1  [["verb_id", 492]]
11:09:03 web.1  |   [1m[36m (0.3ms)[0m  [1mSELECT COUNT(*) FROM "personal_connections"  WHERE "personal_connections"."verb_id" = $1[0m  [["verb_id", 1017]]
11:09:03 web.1  |   [1m[36m (0.5ms)[0m  [1mSELECT COUNT(*) FROM "personal_connections"  WHERE "personal_connections"."verb_id" = $1[0m  [["verb_id", 1556]]
11:09:03 web.1  |   [1m[35m (0.4ms)[0m  SELECT COUNT(*) FROM "personal_connections"  WHERE "personal_connections"."verb_id" = $1  [["verb_id", 744]]
11:09:03 web.1  |   [1m[35m (0.3ms)[0m  SELECT COUNT(*) FROM "personal_connections"  WHERE "personal_connections"."verb_id" = $1  [["verb_id", 1073]]
11:09:03 web.1  |   [1m[36m (0.6ms)[0m  [1mSELECT COUNT(*) FROM "personal_connections"  WHERE "personal_connections"."verb_id" = $1[0m  [["verb_id", 1509]]
11:09:03 web.1  |   [1m[36m (0.5ms)[0m  [1mSELECT COUNT(*) FROM "personal_connections"  WHERE "personal_connections"."verb_id" = $1[0m  [["verb_id", 892]]
11:09:03 web.1  |   [1m[35m (0.3ms)[0m  SELECT COUNT(*) FROM "personal_connections"  WHERE "personal_connections"."verb_id" = $1  [["verb_id", 1218]]
11:09:03 web.1  |   [1m[36m (0.4ms)[0m  [1mSELECT COUNT(*) FROM "personal_connections"  WHERE "personal_connections"."verb_id" = $1[0m  [["verb_id", 1490]]
11:09:03 web.1  |   [1m[35m (0.4ms)[0m  SELECT COUNT(*) FROM "personal_connections"  WHERE "personal_connections"."verb_id" = $1  [["verb_id", 1316]]
11:09:03 web.1  |   [1m[36m (0.3ms)[0m  [1mSELECT COUNT(*) FROM "personal_connections"  WHERE "personal_connections"."verb_id" = $1[0m  [["verb_id", 764]]
11:09:03 web.1  |   [1m[35m (0.3ms)[0m  SELECT COUNT(*) FROM "personal_connections"  WHERE "personal_connections"."verb_id" = $1  [["verb_id", 1318]]
11:09:03 web.1  |   [1m[36m (0.3ms)[0m  [1mSELECT COUNT(*) FROM "personal_connections"  WHERE "personal_connections"."verb_id" = $1[0m  [["verb_id", 708]]
11:09:03 web.1  |   [1m[35m (0.3ms)[0m  SELECT COUNT(*) FROM "personal_connections"  WHERE "personal_connections"."verb_id" = $1  [["verb_id", 1195]]
11:09:03 web.1  |   [1m[36m (0.3ms)[0m  [1mSELECT COUNT(*) FROM "personal_connections"  WHERE "personal_connections"."verb_id" = $1[0m  [["verb_id", 1335]]
11:09:03 web.1  |   [1m[35m (0.3ms)[0m  SELECT COUNT(*) FROM "personal_connections"  WHERE "personal_connections"."verb_id" = $1  [["verb_id", 1410]]
11:09:03 web.1  |   [1m[35m (0.3ms)[0m  SELECT COUNT(*) FROM "personal_connections"  WHERE "personal_connections"."verb_id" = $1  [["verb_id", 1206]]
11:09:03 web.1  |   [1m[36m (0.3ms)[0m  [1mSELECT COUNT(*) FROM "personal_connections"  WHERE "personal_connections"."verb_id" = $1[0m  [["verb_id", 800]]
11:09:03 web.1  |   [1m[36m (0.6ms)[0m  [1mSELECT COUNT(*) FROM "personal_connections"  WHERE "personal_connections"."verb_id" = $1[0m  [["verb_id", 713]]
11:09:03 web.1  |   [1m[35m (0.3ms)[0m  SELECT COUNT(*) FROM "personal_connections"  WHERE "personal_connections"."verb_id" = $1  [["verb_id", 612]]
11:09:03 web.1  |   [1m[36m (0.4ms)[0m  [1mSELECT COUNT(*) FROM "personal_connections"  WHERE "personal_connections"."verb_id" = $1[0m  [["verb_id", 748]]
11:09:03 web.1  |   [1m[35m (0.3ms)[0m  SELECT COUNT(*) FROM "personal_connections"  WHERE "personal_connections"."verb_id" = $1  [["verb_id", 474]]
11:09:03 web.1  |   [1m[35m (0.4ms)[0m  SELECT COUNT(*) FROM "personal_connections"  WHERE "personal_connections"."verb_id" = $1  [["verb_id", 871]]
11:09:03 web.1  |   [1m[36m (0.3ms)[0m  [1mSELECT COUNT(*) FROM "personal_connections"  WHERE "personal_connections"."verb_id" = $1[0m  [["verb_id", 604]]
11:09:03 web.1  |   [1m[36m (0.3ms)[0m  [1mSELECT COUNT(*) FROM "personal_connections"  WHERE "personal_connections"."verb_id" = $1[0m  [["verb_id", 1428]]
11:09:03 web.1  |   [1m[35m (0.3ms)[0m  SELECT COUNT(*) FROM "personal_connections"  WHERE "personal_connections"."verb_id" = $1  [["verb_id", 707]]
11:09:03 web.1  |   [1m[36m (0.4ms)[0m  [1mSELECT COUNT(*) FROM "personal_connections"  WHERE "personal_connections"."verb_id" = $1[0m  [["verb_id", 825]]
11:09:03 web.1  |   [1m[35m (0.4ms)[0m  SELECT COUNT(*) FROM "personal_connections"  WHERE "personal_connections"."verb_id" = $1  [["verb_id", 752]]
11:09:03 web.1  |   [1m[36m (0.4ms)[0m  [1mSELECT COUNT(*) FROM "personal_connections"  WHERE "personal_connections"."verb_id" = $1[0m  [["verb_id", 1279]]
11:09:03 web.1  |   [1m[35m (0.4ms)[0m  SELECT COUNT(*) FROM "personal_connections"  WHERE "personal_connections"."verb_id" = $1  [["verb_id", 1406]]
11:09:03 web.1  |   [1m[36m (0.3ms)[0m  [1mSELECT COUNT(*) FROM "personal_connections"  WHERE "personal_connections"."verb_id" = $1[0m  [["verb_id", 870]]
11:09:03 web.1  |   [1m[35m (0.3ms)[0m  SELECT COUNT(*) FROM "personal_connections"  WHERE "personal_connections"."verb_id" = $1  [["verb_id", 1343]]
11:09:03 web.1  |   [1m[36m (0.3ms)[0m  [1mSELECT COUNT(*) FROM "personal_connections"  WHERE "personal_connections"."verb_id" = $1[0m  [["verb_id", 332]]
11:09:03 web.1  |   [1m[35m (0.3ms)[0m  SELECT COUNT(*) FROM "personal_connections"  WHERE "personal_connections"."verb_id" = $1  [["verb_id", 380]]
11:09:03 web.1  |   [1m[36m (0.3ms)[0m  [1mSELECT COUNT(*) FROM "personal_connections"  WHERE "personal_connections"."verb_id" = $1[0m  [["verb_id", 1434]]
11:09:03 web.1  |   [1m[35m (0.3ms)[0m  SELECT COUNT(*) FROM "personal_connections"  WHERE "personal_connections"."verb_id" = $1  [["verb_id", 864]]
11:09:03 web.1  |   [1m[35m (0.3ms)[0m  SELECT COUNT(*) FROM "personal_connections"  WHERE "personal_connections"."verb_id" = $1  [["verb_id", 1466]]
11:09:03 web.1  |   [1m[36m (0.3ms)[0m  [1mSELECT COUNT(*) FROM "personal_connections"  WHERE "personal_connections"."verb_id" = $1[0m  [["verb_id", 608]]
11:09:03 web.1  |   [1m[36m (0.4ms)[0m  [1mSELECT COUNT(*) FROM "personal_connections"  WHERE "personal_connections"."verb_id" = $1[0m  [["verb_id", 845]]
11:09:03 web.1  |   [1m[35m (0.4ms)[0m  SELECT COUNT(*) FROM "personal_connections"  WHERE "personal_connections"."verb_id" = $1  [["verb_id", 600]]
11:09:03 web.1  |   [1m[36m (0.3ms)[0m  [1mSELECT COUNT(*) FROM "personal_connections"  WHERE "personal_connections"."verb_id" = $1[0m  [["verb_id", 1035]]
11:09:03 web.1  |   [1m[35m (0.4ms)[0m  SELECT COUNT(*) FROM "personal_connections"  WHERE "personal_connections"."verb_id" = $1  [["verb_id", 656]]
11:09:03 web.1  |   [1m[35m (0.3ms)[0m  SELECT COUNT(*) FROM "personal_connections"  WHERE "personal_connections"."verb_id" = $1  [["verb_id", 560]]
11:09:03 web.1  |   [1m[36m (0.4ms)[0m  [1mSELECT COUNT(*) FROM "personal_connections"  WHERE "personal_connections"."verb_id" = $1[0m  [["verb_id", 910]]
11:09:03 web.1  |   [1m[35m (0.7ms)[0m  SELECT COUNT(*) FROM "personal_connections"  WHERE "personal_connections"."verb_id" = $1  [["verb_id", 360]]
11:09:03 web.1  |   [1m[36m (0.3ms)[0m  [1mSELECT COUNT(*) FROM "personal_connections"  WHERE "personal_connections"."verb_id" = $1[0m  [["verb_id", 1019]]
11:09:03 web.1  |   [1m[36m (0.6ms)[0m  [1mSELECT COUNT(*) FROM "personal_connections"  WHERE "personal_connections"."verb_id" = $1[0m  [["verb_id", 1256]]
11:09:03 web.1  |   [1m[35m (0.4ms)[0m  SELECT COUNT(*) FROM "personal_connections"  WHERE "personal_connections"."verb_id" = $1  [["verb_id", 897]]
11:09:03 web.1  |   [1m[36m (0.3ms)[0m  [1mSELECT COUNT(*) FROM "personal_connections"  WHERE "personal_connections"."verb_id" = $1[0m  [["verb_id", 324]]
11:09:03 web.1  |   [1m[35m (0.3ms)[0m  SELECT COUNT(*) FROM "personal_connections"  WHERE "personal_connections"."verb_id" = $1  [["verb_id", 821]]
11:09:03 web.1  |   [1m[35m (0.3ms)[0m  SELECT COUNT(*) FROM "personal_connections"  WHERE "personal_connections"."verb_id" = $1  [["verb_id", 330]]
11:09:03 web.1  |   [1m[36m (0.4ms)[0m  [1mSELECT COUNT(*) FROM "personal_connections"  WHERE "personal_connections"."verb_id" = $1[0m  [["verb_id", 386]]
11:09:03 web.1  |   [1m[35m (0.4ms)[0m  SELECT COUNT(*) FROM "personal_connections"  WHERE "personal_connections"."verb_id" = $1  [["verb_id", 1183]]
11:09:03 web.1  |   [1m[36m (0.4ms)[0m  [1mSELECT COUNT(*) FROM "personal_connections"  WHERE "personal_connections"."verb_id" = $1[0m  [["verb_id", 811]]
11:09:03 web.1  |   [1m[35m (0.3ms)[0m  SELECT COUNT(*) FROM "personal_connections"  WHERE "personal_connections"."verb_id" = $1  [["verb_id", 350]]
11:09:03 web.1  |   [1m[36m (0.3ms)[0m  [1mSELECT COUNT(*) FROM "personal_connections"  WHERE "personal_connections"."verb_id" = $1[0m  [["verb_id", 987]]
11:09:03 web.1  |   [1m[35m (0.2ms)[0m  SELECT COUNT(*) FROM "personal_connections"  WHERE "personal_connections"."verb_id" = $1  [["verb_id", 749]]
11:09:03 web.1  |   [1m[36m (0.3ms)[0m  [1mSELECT COUNT(*) FROM "personal_connections"  WHERE "personal_connections"."verb_id" = $1[0m  [["verb_id", 1480]]
11:09:03 web.1  |   [1m[35m (0.4ms)[0m  SELECT COUNT(*) FROM "personal_connections"  WHERE "personal_connections"."verb_id" = $1  [["verb_id", 368]]
11:09:03 web.1  |   [1m[36m (0.3ms)[0m  [1mSELECT COUNT(*) FROM "personal_connections"  WHERE "personal_connections"."verb_id" = $1[0m  [["verb_id", 366]]
11:09:03 web.1  |   [1m[36m (8.1ms)[0m  [1mSELECT COUNT(*) FROM "personal_connections"  WHERE "personal_connections"."verb_id" = $1[0m  [["verb_id", 1500]]
11:09:03 web.1  |   [1m[35m (0.3ms)[0m  SELECT COUNT(*) FROM "personal_connections"  WHERE "personal_connections"."verb_id" = $1  [["verb_id", 344]]
11:09:03 web.1  |   [1m[35m (0.3ms)[0m  SELECT COUNT(*) FROM "personal_connections"  WHERE "personal_connections"."verb_id" = $1  [["verb_id", 982]]
11:09:03 web.1  |   [1m[36m (0.3ms)[0m  [1mSELECT COUNT(*) FROM "personal_connections"  WHERE "personal_connections"."verb_id" = $1[0m  [["verb_id", 1204]]
11:09:03 web.1  |   [1m[36m (4.2ms)[0m  [1mSELECT COUNT(*) FROM "personal_connections"  WHERE "personal_connections"."verb_id" = $1[0m  [["verb_id", 570]]
11:09:03 web.1  |   [1m[35m (0.3ms)[0m  SELECT COUNT(*) FROM "personal_connections"  WHERE "personal_connections"."verb_id" = $1  [["verb_id", 1070]]
11:09:03 web.1  |   [1m[35m (0.3ms)[0m  SELECT COUNT(*) FROM "personal_connections"  WHERE "personal_connections"."verb_id" = $1  [["verb_id", 784]]
11:09:03 web.1  |   [1m[36m (0.3ms)[0m  [1mSELECT COUNT(*) FROM "personal_connections"  WHERE "personal_connections"."verb_id" = $1[0m  [["verb_id", 911]]
11:09:03 web.1  |   [1m[36m (0.6ms)[0m  [1mSELECT COUNT(*) FROM "personal_connections"  WHERE "personal_connections"."verb_id" = $1[0m  [["verb_id", 996]]
11:09:03 web.1  |   [1m[35m (0.3ms)[0m  SELECT COUNT(*) FROM "personal_connections"  WHERE "personal_connections"."verb_id" = $1  [["verb_id", 988]]
11:09:03 web.1  |   [1m[35m (0.3ms)[0m  SELECT COUNT(*) FROM "personal_connections"  WHERE "personal_connections"."verb_id" = $1  [["verb_id", 1409]]
11:09:04 web.1  |   [1m[36m (0.4ms)[0m  [1mSELECT COUNT(*) FROM "personal_connections"  WHERE "personal_connections"."verb_id" = $1[0m  [["verb_id", 1072]]
11:09:04 web.1  |   [1m[36m (0.3ms)[0m  [1mSELECT COUNT(*) FROM "personal_connections"  WHERE "personal_connections"."verb_id" = $1[0m  [["verb_id", 1413]]
11:09:04 web.1  |   [1m[35m (0.3ms)[0m  SELECT COUNT(*) FROM "personal_connections"  WHERE "personal_connections"."verb_id" = $1  [["verb_id", 1064]]
11:09:04 web.1  |   [1m[36m (0.3ms)[0m  [1mSELECT COUNT(*) FROM "personal_connections"  WHERE "personal_connections"."verb_id" = $1[0m  [["verb_id", 726]]
11:09:04 web.1  |   [1m[35m (0.3ms)[0m  SELECT COUNT(*) FROM "personal_connections"  WHERE "personal_connections"."verb_id" = $1  [["verb_id", 548]]
11:09:04 web.1  |   [1m[35m (0.3ms)[0m  SELECT COUNT(*) FROM "personal_connections"  WHERE "personal_connections"."verb_id" = $1  [["verb_id", 1160]]
11:09:04 web.1  |   [1m[36m (0.6ms)[0m  [1mSELECT COUNT(*) FROM "personal_connections"  WHERE "personal_connections"."verb_id" = $1[0m  [["verb_id", 568]]
11:09:04 web.1  |   [1m[36m (0.3ms)[0m  [1mSELECT COUNT(*) FROM "personal_connections"  WHERE "personal_connections"."verb_id" = $1[0m  [["verb_id", 1587]]
11:09:04 web.1  |   [1m[35m (0.3ms)[0m  SELECT COUNT(*) FROM "personal_connections"  WHERE "personal_connections"."verb_id" = $1  [["verb_id", 952]]
11:09:04 web.1  |   [1m[35m (0.3ms)[0m  SELECT COUNT(*) FROM "personal_connections"  WHERE "personal_connections"."verb_id" = $1  [["verb_id", 1494]]
11:09:04 web.1  |   [1m[36m (0.3ms)[0m  [1mSELECT COUNT(*) FROM "personal_connections"  WHERE "personal_connections"."verb_id" = $1[0m  [["verb_id", 546]]
11:09:04 web.1  |   [1m[36m (0.3ms)[0m  [1mSELECT COUNT(*) FROM "personal_connections"  WHERE "personal_connections"."verb_id" = $1[0m  [["verb_id", 675]]
11:09:04 web.1  |   [1m[35m (0.4ms)[0m  SELECT COUNT(*) FROM "personal_connections"  WHERE "personal_connections"."verb_id" = $1  [["verb_id", 209]]
11:09:04 web.1  |   [1m[36m (0.3ms)[0m  [1mSELECT COUNT(*) FROM "personal_connections"  WHERE "personal_connections"."verb_id" = $1[0m  [["verb_id", 169]]
11:09:04 web.1  |   [1m[35m (0.2ms)[0m  SELECT COUNT(*) FROM "personal_connections"  WHERE "personal_connections"."verb_id" = $1  [["verb_id", 1002]]
11:09:04 web.1  |   [1m[36m (0.3ms)[0m  [1mSELECT COUNT(*) FROM "personal_connections"  WHERE "personal_connections"."verb_id" = $1[0m  [["verb_id", 1424]]
11:09:04 web.1  |   [1m[35m (0.4ms)[0m  SELECT COUNT(*) FROM "personal_connections"  WHERE "personal_connections"."verb_id" = $1  [["verb_id", 1017]]
11:09:04 web.1  |   [1m[36m (0.3ms)[0m  [1mSELECT COUNT(*) FROM "personal_connections"  WHERE "personal_connections"."verb_id" = $1[0m  [["verb_id", 1073]]
11:09:04 web.1  |   [1m[35m (0.3ms)[0m  SELECT COUNT(*) FROM "personal_connections"  WHERE "personal_connections"."verb_id" = $1  [["verb_id", 689]]
11:09:04 web.1  |   [1m[35m (0.3ms)[0m  SELECT COUNT(*) FROM "personal_connections"  WHERE "personal_connections"."verb_id" = $1  [["verb_id", 892]]
11:09:04 web.1  |   [1m[36m (0.4ms)[0m  [1mSELECT COUNT(*) FROM "personal_connections"  WHERE "personal_connections"."verb_id" = $1[0m  [["verb_id", 1316]]
11:09:04 web.1  |   [1m[36m (0.3ms)[0m  [1mSELECT COUNT(*) FROM "personal_connections"  WHERE "personal_connections"."verb_id" = $1[0m  [["verb_id", 1573]]
11:09:04 web.1  |   [1m[35m (0.3ms)[0m  SELECT COUNT(*) FROM "personal_connections"  WHERE "personal_connections"."verb_id" = $1  [["verb_id", 798]]
11:09:04 web.1  |   [1m[36m (0.3ms)[0m  [1mSELECT COUNT(*) FROM "personal_connections"  WHERE "personal_connections"."verb_id" = $1[0m  [["verb_id", 730]]
11:09:04 web.1  |   [1m[35m (0.4ms)[0m  SELECT COUNT(*) FROM "personal_connections"  WHERE "personal_connections"."verb_id" = $1  [["verb_id", 929]]
11:09:04 web.1  |   [1m[35m (0.2ms)[0m  SELECT COUNT(*) FROM "personal_connections"  WHERE "personal_connections"."verb_id" = $1  [["verb_id", 764]]
11:09:04 web.1  |   [1m[36m (0.3ms)[0m  [1mSELECT COUNT(*) FROM "personal_connections"  WHERE "personal_connections"."verb_id" = $1[0m  [["verb_id", 1213]]
11:09:04 web.1  |   [1m[36m (0.2ms)[0m  [1mSELECT COUNT(*) FROM "personal_connections"  WHERE "personal_connections"."verb_id" = $1[0m  [["verb_id", 1410]]
11:09:04 web.1  |   [1m[35m (0.3ms)[0m  SELECT COUNT(*) FROM "personal_connections"  WHERE "personal_connections"."verb_id" = $1  [["verb_id", 905]]
11:09:04 web.1  |   [1m[36m (0.3ms)[0m  [1mSELECT COUNT(*) FROM "personal_connections"  WHERE "personal_connections"."verb_id" = $1[0m  [["verb_id", 1214]]
11:09:04 web.1  |   [1m[35m (0.4ms)[0m  SELECT COUNT(*) FROM "personal_connections"  WHERE "personal_connections"."verb_id" = $1  [["verb_id", 800]]
11:09:04 web.1  |   [1m[36m (0.3ms)[0m  [1mSELECT COUNT(*) FROM "personal_connections"  WHERE "personal_connections"."verb_id" = $1[0m  [["verb_id", 612]]
11:09:04 web.1  |   [1m[35m (0.5ms)[0m  SELECT COUNT(*) FROM "personal_connections"  WHERE "personal_connections"."verb_id" = $1  [["verb_id", 999]]
11:09:04 web.1  |   [1m[35m (0.3ms)[0m  SELECT COUNT(*) FROM "personal_connections"  WHERE "personal_connections"."verb_id" = $1  [["verb_id", 748]]
11:09:04 web.1  |   [1m[36m (0.4ms)[0m  [1mSELECT COUNT(*) FROM "personal_connections"  WHERE "personal_connections"."verb_id" = $1[0m  [["verb_id", 681]]
11:09:04 web.1  |   [1m[36m (0.2ms)[0m  [1mSELECT COUNT(*) FROM "personal_connections"  WHERE "personal_connections"."verb_id" = $1[0m  [["verb_id", 474]]
11:09:04 web.1  |   [1m[35m (0.3ms)[0m  SELECT COUNT(*) FROM "personal_connections"  WHERE "personal_connections"."verb_id" = $1  [["verb_id", 1428]]
11:09:04 web.1  |   [1m[35m (0.4ms)[0m  SELECT COUNT(*) FROM "personal_connections"  WHERE "personal_connections"."verb_id" = $1  [["verb_id", 1100]]
11:09:04 web.1  |   [1m[36m (0.3ms)[0m  [1mSELECT COUNT(*) FROM "personal_connections"  WHERE "personal_connections"."verb_id" = $1[0m  [["verb_id", 628]]
11:09:04 web.1  |   [1m[35m (0.3ms)[0m  SELECT COUNT(*) FROM "personal_connections"  WHERE "personal_connections"."verb_id" = $1  [["verb_id", 524]]
11:09:04 web.1  |   [1m[36m (0.3ms)[0m  [1mSELECT COUNT(*) FROM "personal_connections"  WHERE "personal_connections"."verb_id" = $1[0m  [["verb_id", 752]]
11:09:04 web.1  |   [1m[35m (0.3ms)[0m  SELECT COUNT(*) FROM "personal_connections"  WHERE "personal_connections"."verb_id" = $1  [["verb_id", 1279]]
11:09:04 web.1  |   [1m[36m (4.9ms)[0m  [1mSELECT COUNT(*) FROM "personal_connections"  WHERE "personal_connections"."verb_id" = $1[0m  [["verb_id", 145]]
11:09:04 web.1  |   [1m[35m (0.3ms)[0m  SELECT COUNT(*) FROM "personal_connections"  WHERE "personal_connections"."verb_id" = $1  [["verb_id", 1469]]
11:09:04 web.1  |   [1m[36m (0.3ms)[0m  [1mSELECT COUNT(*) FROM "personal_connections"  WHERE "personal_connections"."verb_id" = $1[0m  [["verb_id", 1406]]
11:09:04 web.1  |   [1m[35m (0.3ms)[0m  SELECT COUNT(*) FROM "personal_connections"  WHERE "personal_connections"."verb_id" = $1  [["verb_id", 870]]
11:09:04 web.1  |   [1m[36m (0.3ms)[0m  [1mSELECT COUNT(*) FROM "personal_connections"  WHERE "personal_connections"."verb_id" = $1[0m  [["verb_id", 1188]]
11:09:04 web.1  |   [1m[36m (0.3ms)[0m  [1mSELECT COUNT(*) FROM "personal_connections"  WHERE "personal_connections"."verb_id" = $1[0m  [["verb_id", 864]]
11:09:04 web.1  |   [1m[35m (0.4ms)[0m  SELECT COUNT(*) FROM "personal_connections"  WHERE "personal_connections"."verb_id" = $1  [["verb_id", 1039]]
11:09:04 web.1  |   [1m[35m (0.3ms)[0m  SELECT COUNT(*) FROM "personal_connections"  WHERE "personal_connections"."verb_id" = $1  [["verb_id", 845]]
11:09:04 web.1  |   [1m[36m (0.4ms)[0m  [1mSELECT COUNT(*) FROM "personal_connections"  WHERE "personal_connections"."verb_id" = $1[0m  [["verb_id", 985]]
11:09:04 web.1  |   [1m[36m (0.9ms)[0m  [1mSELECT COUNT(*) FROM "personal_connections"  WHERE "personal_connections"."verb_id" = $1[0m  [["verb_id", 560]]
11:09:04 web.1  |   [1m[35m (0.7ms)[0m  SELECT COUNT(*) FROM "personal_connections"  WHERE "personal_connections"."verb_id" = $1  [["verb_id", 1482]]
11:09:04 web.1  |   [1m[35m (0.3ms)[0m  SELECT COUNT(*) FROM "personal_connections"  WHERE "personal_connections"."verb_id" = $1  [["verb_id", 1019]]
11:09:04 web.1  |   [1m[36m (0.3ms)[0m  [1mSELECT COUNT(*) FROM "personal_connections"  WHERE "personal_connections"."verb_id" = $1[0m  [["verb_id", 821]]
11:09:04 web.1  |   [1m[36m (0.3ms)[0m  [1mSELECT COUNT(*) FROM "personal_connections"  WHERE "personal_connections"."verb_id" = $1[0m  [["verb_id", 342]]
11:09:04 web.1  |   [1m[35m (0.4ms)[0m  SELECT COUNT(*) FROM "personal_connections"  WHERE "personal_connections"."verb_id" = $1  [["verb_id", 242]]
11:09:04 web.1  |   [1m[35m (0.4ms)[0m  SELECT COUNT(*) FROM "personal_connections"  WHERE "personal_connections"."verb_id" = $1  [["verb_id", 987]]
11:09:04 web.1  |   [1m[36m (0.4ms)[0m  [1mSELECT COUNT(*) FROM "personal_connections"  WHERE "personal_connections"."verb_id" = $1[0m  [["verb_id", 802]]
11:09:04 web.1  |   [1m[36m (12.2ms)[0m  [1mSELECT COUNT(*) FROM "personal_connections"  WHERE "personal_connections"."verb_id" = $1[0m  [["verb_id", 749]]
11:09:04 web.1  |   [1m[35m (0.4ms)[0m  SELECT COUNT(*) FROM "personal_connections"  WHERE "personal_connections"."verb_id" = $1  [["verb_id", 1500]]
11:09:04 web.1  |   [1m[35m (0.3ms)[0m  SELECT COUNT(*) FROM "personal_connections"  WHERE "personal_connections"."verb_id" = $1  [["verb_id", 442]]
11:09:04 web.1  |   [1m[36m (0.4ms)[0m  [1mSELECT COUNT(*) FROM "personal_connections"  WHERE "personal_connections"."verb_id" = $1[0m  [["verb_id", 982]]
11:09:04 web.1  |   [1m[36m (0.3ms)[0m  [1mSELECT COUNT(*) FROM "personal_connections"  WHERE "personal_connections"."verb_id" = $1[0m  [["verb_id", 1156]]
11:09:04 web.1  |   [1m[35m (0.3ms)[0m  SELECT COUNT(*) FROM "personal_connections"  WHERE "personal_connections"."verb_id" = $1  [["verb_id", 570]]
11:09:04 web.1  |   [1m[35m (0.3ms)[0m  SELECT COUNT(*) FROM "personal_connections"  WHERE "personal_connections"."verb_id" = $1  [["verb_id", 370]]
11:09:04 web.1  |   [1m[36m (0.3ms)[0m  [1mSELECT COUNT(*) FROM "personal_connections"  WHERE "personal_connections"."verb_id" = $1[0m  [["verb_id", 784]]
11:09:04 web.1  |   [1m[36m (0.3ms)[0m  [1mSELECT COUNT(*) FROM "personal_connections"  WHERE "personal_connections"."verb_id" = $1[0m  [["verb_id", 1162]]
11:09:04 web.1  |   [1m[35m (0.3ms)[0m  SELECT COUNT(*) FROM "personal_connections"  WHERE "personal_connections"."verb_id" = $1  [["verb_id", 452]]
11:09:04 web.1  |   [1m[35m (0.2ms)[0m  SELECT COUNT(*) FROM "personal_connections"  WHERE "personal_connections"."verb_id" = $1  [["verb_id", 911]]
11:09:04 web.1  |   [1m[36m (0.3ms)[0m  [1mSELECT COUNT(*) FROM "personal_connections"  WHERE "personal_connections"."verb_id" = $1[0m  [["verb_id", 806]]
11:09:04 web.1  |   [1m[35m (0.3ms)[0m  SELECT COUNT(*) FROM "personal_connections"  WHERE "personal_connections"."verb_id" = $1  [["verb_id", 994]]
11:09:04 web.1  |   [1m[36m (0.4ms)[0m  [1mSELECT COUNT(*) FROM "personal_connections"  WHERE "personal_connections"."verb_id" = $1[0m  [["verb_id", 1342]]
11:09:04 web.1  |   [1m[36m (0.3ms)[0m  [1mSELECT COUNT(*) FROM "personal_connections"  WHERE "personal_connections"."verb_id" = $1[0m  [["verb_id", 988]]
11:09:04 web.1  |   [1m[35m (0.3ms)[0m  SELECT COUNT(*) FROM "personal_connections"  WHERE "personal_connections"."verb_id" = $1  [["verb_id", 789]]
11:09:04 web.1  |   [1m[35m (0.3ms)[0m  SELECT COUNT(*) FROM "personal_connections"  WHERE "personal_connections"."verb_id" = $1  [["verb_id", 1413]]
11:09:04 web.1  |   [1m[36m (0.3ms)[0m  [1mSELECT COUNT(*) FROM "personal_connections"  WHERE "personal_connections"."verb_id" = $1[0m  [["verb_id", 1321]]
11:09:04 web.1  |   [1m[36m (0.3ms)[0m  [1mSELECT COUNT(*) FROM "personal_connections"  WHERE "personal_connections"."verb_id" = $1[0m  [["verb_id", 1064]]
11:09:04 web.1  |   [1m[35m (0.3ms)[0m  SELECT COUNT(*) FROM "personal_connections"  WHERE "personal_connections"."verb_id" = $1  [["verb_id", 464]]
11:09:04 web.1  |   [1m[35m (0.3ms)[0m  SELECT COUNT(*) FROM "personal_connections"  WHERE "personal_connections"."verb_id" = $1  [["verb_id", 726]]
11:09:04 web.1  |   [1m[36m (0.3ms)[0m  [1mSELECT COUNT(*) FROM "personal_connections"  WHERE "personal_connections"."verb_id" = $1[0m  [["verb_id", 272]]
11:09:04 web.1  |   [1m[36m (0.3ms)[0m  [1mSELECT COUNT(*) FROM "personal_connections"  WHERE "personal_connections"."verb_id" = $1[0m  [["verb_id", 548]]
11:09:04 web.1  |   [1m[35m (0.3ms)[0m  SELECT COUNT(*) FROM "personal_connections"  WHERE "personal_connections"."verb_id" = $1  [["verb_id", 923]]
11:09:04 web.1  |   [1m[35m (0.3ms)[0m  SELECT COUNT(*) FROM "personal_connections"  WHERE "personal_connections"."verb_id" = $1  [["verb_id", 568]]
11:09:04 web.1  |   [1m[36m (0.3ms)[0m  [1mSELECT COUNT(*) FROM "personal_connections"  WHERE "personal_connections"."verb_id" = $1[0m  [["verb_id", 931]]
11:09:04 web.1  |   [1m[36m (0.3ms)[0m  [1mSELECT COUNT(*) FROM "personal_connections"  WHERE "personal_connections"."verb_id" = $1[0m  [["verb_id", 1494]]
11:09:04 web.1  |   [1m[35m (0.3ms)[0m  SELECT COUNT(*) FROM "personal_connections"  WHERE "personal_connections"."verb_id" = $1  [["verb_id", 921]]
11:09:04 web.1  |   [1m[35m (0.3ms)[0m  SELECT COUNT(*) FROM "personal_connections"  WHERE "personal_connections"."verb_id" = $1  [["verb_id", 675]]
11:09:04 web.1  |   [1m[36m (0.3ms)[0m  [1mSELECT COUNT(*) FROM "personal_connections"  WHERE "personal_connections"."verb_id" = $1[0m  [["verb_id", 234]]
11:09:04 web.1  |   [1m[36m (0.3ms)[0m  [1mSELECT COUNT(*) FROM "personal_connections"  WHERE "personal_connections"."verb_id" = $1[0m  [["verb_id", 1002]]
11:09:04 web.1  |   [1m[35m (0.5ms)[0m  SELECT COUNT(*) FROM "personal_connections"  WHERE "personal_connections"."verb_id" = $1  [["verb_id", 1424]]
11:09:04 web.1  |   [1m[35m (0.3ms)[0m  SELECT COUNT(*) FROM "personal_connections"  WHERE "personal_connections"."verb_id" = $1  [["verb_id", 149]]
11:09:04 web.1  |   [1m[36m (0.3ms)[0m  [1mSELECT COUNT(*) FROM "personal_connections"  WHERE "personal_connections"."verb_id" = $1[0m  [["verb_id", 689]]
11:09:04 web.1  |   [1m[36m (0.3ms)[0m  [1mSELECT COUNT(*) FROM "personal_connections"  WHERE "personal_connections"."verb_id" = $1[0m  [["verb_id", 1467]]
11:09:04 web.1  |   [1m[35m (0.3ms)[0m  SELECT COUNT(*) FROM "personal_connections"  WHERE "personal_connections"."verb_id" = $1  [["verb_id", 1573]]
11:09:04 web.1  |   [1m[35m (0.3ms)[0m  SELECT COUNT(*) FROM "personal_connections"  WHERE "personal_connections"."verb_id" = $1  [["verb_id", 938]]
11:09:04 web.1  |   [1m[36m (0.4ms)[0m  [1mSELECT COUNT(*) FROM "personal_connections"  WHERE "personal_connections"."verb_id" = $1[0m  [["verb_id", 798]]
11:09:04 web.1  |   [1m[36m (0.3ms)[0m  [1mSELECT COUNT(*) FROM "personal_connections"  WHERE "personal_connections"."verb_id" = $1[0m  [["verb_id", 1109]]
11:09:04 web.1  |   [1m[35m (0.3ms)[0m  SELECT COUNT(*) FROM "personal_connections"  WHERE "personal_connections"."verb_id" = $1  [["verb_id", 1369]]
11:09:04 web.1  |   [1m[35m (0.2ms)[0m  SELECT COUNT(*) FROM "personal_connections"  WHERE "personal_connections"."verb_id" = $1  [["verb_id", 730]]
11:09:04 web.1  |   [1m[36m (0.3ms)[0m  [1mSELECT COUNT(*) FROM "personal_connections"  WHERE "personal_connections"."verb_id" = $1[0m  [["verb_id", 93]]
11:09:04 web.1  |   [1m[36m (0.3ms)[0m  [1mSELECT COUNT(*) FROM "personal_connections"  WHERE "personal_connections"."verb_id" = $1[0m  [["verb_id", 929]]
11:09:04 web.1  |   [1m[35m (0.3ms)[0m  SELECT COUNT(*) FROM "personal_connections"  WHERE "personal_connections"."verb_id" = $1  [["verb_id", 336]]
11:09:04 web.1  |   [1m[35m (0.3ms)[0m  SELECT COUNT(*) FROM "personal_connections"  WHERE "personal_connections"."verb_id" = $1  [["verb_id", 1213]]
11:09:04 web.1  |   [1m[36m (0.3ms)[0m  [1mSELECT COUNT(*) FROM "personal_connections"  WHERE "personal_connections"."verb_id" = $1[0m  [["verb_id", 1169]]
11:09:04 web.1  |   [1m[36m (0.3ms)[0m  [1mSELECT COUNT(*) FROM "personal_connections"  WHERE "personal_connections"."verb_id" = $1[0m  [["verb_id", 905]]
11:09:04 web.1  |   [1m[35m (0.3ms)[0m  SELECT COUNT(*) FROM "personal_connections"  WHERE "personal_connections"."verb_id" = $1  [["verb_id", 1380]]
11:09:04 web.1  |   [1m[35m (0.3ms)[0m  SELECT COUNT(*) FROM "personal_connections"  WHERE "personal_connections"."verb_id" = $1  [["verb_id", 1214]]
11:09:04 web.1  |   [1m[36m (0.3ms)[0m  [1mSELECT COUNT(*) FROM "personal_connections"  WHERE "personal_connections"."verb_id" = $1[0m  [["verb_id", 1116]]
11:09:04 web.1  |   [1m[36m (0.4ms)[0m  [1mSELECT COUNT(*) FROM "personal_connections"  WHERE "personal_connections"."verb_id" = $1[0m  [["verb_id", 999]]
11:09:04 web.1  |   [1m[35m (0.3ms)[0m  SELECT COUNT(*) FROM "personal_connections"  WHERE "personal_connections"."verb_id" = $1  [["verb_id", 1408]]
11:09:04 web.1  |   [1m[35m (0.2ms)[0m  SELECT COUNT(*) FROM "personal_connections"  WHERE "personal_connections"."verb_id" = $1  [["verb_id", 681]]
11:09:04 web.1  |   [1m[36m (0.3ms)[0m  [1mSELECT COUNT(*) FROM "personal_connections"  WHERE "personal_connections"."verb_id" = $1[0m  [["verb_id", 1311]]
11:09:04 web.1  |   [1m[36m (0.3ms)[0m  [1mSELECT COUNT(*) FROM "personal_connections"  WHERE "personal_connections"."verb_id" = $1[0m  [["verb_id", 1100]]
11:09:04 web.1  |   [1m[35m (0.2ms)[0m  SELECT COUNT(*) FROM "personal_connections"  WHERE "personal_connections"."verb_id" = $1  [["verb_id", 654]]
11:09:04 web.1  |   [1m[35m (0.4ms)[0m  SELECT COUNT(*) FROM "personal_connections"  WHERE "personal_connections"."verb_id" = $1  [["verb_id", 628]]
11:09:04 web.1  |   [1m[36m (0.3ms)[0m  [1mSELECT COUNT(*) FROM "personal_connections"  WHERE "personal_connections"."verb_id" = $1[0m  [["verb_id", 979]]
11:09:04 web.1  |   [1m[36m (0.3ms)[0m  [1mSELECT COUNT(*) FROM "personal_connections"  WHERE "personal_connections"."verb_id" = $1[0m  [["verb_id", 524]]
11:09:04 web.1  |   [1m[35m (0.3ms)[0m  SELECT COUNT(*) FROM "personal_connections"  WHERE "personal_connections"."verb_id" = $1  [["verb_id", 1486]]
11:09:04 web.1  |   [1m[35m (0.3ms)[0m  SELECT COUNT(*) FROM "personal_connections"  WHERE "personal_connections"."verb_id" = $1  [["verb_id", 145]]
11:09:04 web.1  |   [1m[36m (0.3ms)[0m  [1mSELECT COUNT(*) FROM "personal_connections"  WHERE "personal_connections"."verb_id" = $1[0m  [["verb_id", 1502]]
11:09:04 web.1  |   [1m[36m (0.3ms)[0m  [1mSELECT COUNT(*) FROM "personal_connections"  WHERE "personal_connections"."verb_id" = $1[0m  [["verb_id", 1469]]
11:09:04 web.1  |   [1m[35m (0.3ms)[0m  SELECT COUNT(*) FROM "personal_connections"  WHERE "personal_connections"."verb_id" = $1  [["verb_id", 1029]]
11:09:04 web.1  |   [1m[35m (0.3ms)[0m  SELECT COUNT(*) FROM "personal_connections"  WHERE "personal_connections"."verb_id" = $1  [["verb_id", 1188]]
11:09:04 web.1  |   [1m[36m (0.3ms)[0m  [1mSELECT COUNT(*) FROM "personal_connections"  WHERE "personal_connections"."verb_id" = $1[0m  [["verb_id", 1182]]
11:09:04 web.1  |   [1m[36m (0.3ms)[0m  [1mSELECT COUNT(*) FROM "personal_connections"  WHERE "personal_connections"."verb_id" = $1[0m  [["verb_id", 1039]]
11:09:04 web.1  |   [1m[35m (0.3ms)[0m  SELECT COUNT(*) FROM "personal_connections"  WHERE "personal_connections"."verb_id" = $1  [["verb_id", 1227]]
11:09:04 web.1  |   [1m[35m (0.3ms)[0m  SELECT COUNT(*) FROM "personal_connections"  WHERE "personal_connections"."verb_id" = $1  [["verb_id", 985]]
11:09:04 web.1  |   [1m[36m (0.3ms)[0m  [1mSELECT COUNT(*) FROM "personal_connections"  WHERE "personal_connections"."verb_id" = $1[0m  [["verb_id", 1202]]
11:09:04 web.1  |   [1m[36m (0.3ms)[0m  [1mSELECT COUNT(*) FROM "personal_connections"  WHERE "personal_connections"."verb_id" = $1[0m  [["verb_id", 1482]]
11:09:04 web.1  |   [1m[35m (0.3ms)[0m  SELECT COUNT(*) FROM "personal_connections"  WHERE "personal_connections"."verb_id" = $1  [["verb_id", 342]]
11:09:04 web.1  |   [1m[35m (0.5ms)[0m  SELECT COUNT(*) FROM "personal_connections"  WHERE "personal_connections"."verb_id" = $1  [["verb_id", 308]]
11:09:04 web.1  |   [1m[36m (0.3ms)[0m  [1mSELECT COUNT(*) FROM "personal_connections"  WHERE "personal_connections"."verb_id" = $1[0m  [["verb_id", 242]]
11:09:04 web.1  |   [1m[36m (0.5ms)[0m  [1mSELECT COUNT(*) FROM "personal_connections"  WHERE "personal_connections"."verb_id" = $1[0m  [["verb_id", 1155]]
11:09:04 web.1  |   [1m[35m (0.3ms)[0m  SELECT COUNT(*) FROM "personal_connections"  WHERE "personal_connections"."verb_id" = $1  [["verb_id", 1300]]
11:09:04 web.1  |   [1m[35m (0.6ms)[0m  SELECT COUNT(*) FROM "personal_connections"  WHERE "personal_connections"."verb_id" = $1  [["verb_id", 802]]
11:09:04 web.1  |   [1m[36m (0.4ms)[0m  [1mSELECT COUNT(*) FROM "personal_connections"  WHERE "personal_connections"."verb_id" = $1[0m  [["verb_id", 109]]
11:09:04 web.1  |   [1m[36m (0.5ms)[0m  [1mSELECT COUNT(*) FROM "personal_connections"  WHERE "personal_connections"."verb_id" = $1[0m  [["verb_id", 442]]
11:09:04 web.1  |   [1m[35m (0.3ms)[0m  SELECT COUNT(*) FROM "personal_connections"  WHERE "personal_connections"."verb_id" = $1  [["verb_id", 502]]
11:09:04 web.1  |   [1m[35m (0.3ms)[0m  SELECT COUNT(*) FROM "personal_connections"  WHERE "personal_connections"."verb_id" = $1  [["verb_id", 1156]]
11:09:04 web.1  |   [1m[36m (0.3ms)[0m  [1mSELECT COUNT(*) FROM "personal_connections"  WHERE "personal_connections"."verb_id" = $1[0m  [["verb_id", 51]]
11:09:04 web.1  |   [1m[36m (0.3ms)[0m  [1mSELECT COUNT(*) FROM "personal_connections"  WHERE "personal_connections"."verb_id" = $1[0m  [["verb_id", 370]]
11:09:04 web.1  |   [1m[35m (0.5ms)[0m  SELECT COUNT(*) FROM "personal_connections"  WHERE "personal_connections"."verb_id" = $1  [["verb_id", 1563]]
11:09:04 web.1  |   [1m[35m (0.3ms)[0m  SELECT COUNT(*) FROM "personal_connections"  WHERE "personal_connections"."verb_id" = $1  [["verb_id", 1162]]
11:09:04 web.1  |   [1m[36m (0.5ms)[0m  [1mSELECT COUNT(*) FROM "personal_connections"  WHERE "personal_connections"."verb_id" = $1[0m  [["verb_id", 1562]]
11:09:04 web.1  |   [1m[36m (0.3ms)[0m  [1mSELECT COUNT(*) FROM "personal_connections"  WHERE "personal_connections"."verb_id" = $1[0m  [["verb_id", 452]]
11:09:04 web.1  |   [1m[35m (0.5ms)[0m  SELECT COUNT(*) FROM "personal_connections"  WHERE "personal_connections"."verb_id" = $1  [["verb_id", 65]]
11:09:04 web.1  |   [1m[35m (0.3ms)[0m  SELECT COUNT(*) FROM "personal_connections"  WHERE "personal_connections"."verb_id" = $1  [["verb_id", 806]]
11:09:04 web.1  |   [1m[36m (0.5ms)[0m  [1mSELECT COUNT(*) FROM "personal_connections"  WHERE "personal_connections"."verb_id" = $1[0m  [["verb_id", 1399]]
11:09:04 web.1  |   [1m[36m (0.3ms)[0m  [1mSELECT COUNT(*) FROM "personal_connections"  WHERE "personal_connections"."verb_id" = $1[0m  [["verb_id", 994]]
11:09:04 web.1  |   [1m[35m (0.3ms)[0m  SELECT COUNT(*) FROM "personal_connections"  WHERE "personal_connections"."verb_id" = $1  [["verb_id", 434]]
11:09:04 web.1  |   [1m[35m (0.3ms)[0m  SELECT COUNT(*) FROM "personal_connections"  WHERE "personal_connections"."verb_id" = $1  [["verb_id", 1342]]
11:09:04 web.1  |   [1m[36m (0.3ms)[0m  [1mSELECT COUNT(*) FROM "personal_connections"  WHERE "personal_connections"."verb_id" = $1[0m  [["verb_id", 909]]
11:09:04 web.1  |   [1m[36m (0.3ms)[0m  [1mSELECT COUNT(*) FROM "personal_connections"  WHERE "personal_connections"."verb_id" = $1[0m  [["verb_id", 789]]
11:09:04 web.1  |   [1m[35m (0.6ms)[0m  SELECT COUNT(*) FROM "personal_connections"  WHERE "personal_connections"."verb_id" = $1  [["verb_id", 743]]
11:09:04 web.1  |   [1m[35m (0.3ms)[0m  SELECT COUNT(*) FROM "personal_connections"  WHERE "personal_connections"."verb_id" = $1  [["verb_id", 1321]]
11:09:04 web.1  |   [1m[36m (0.5ms)[0m  [1mSELECT COUNT(*) FROM "personal_connections"  WHERE "personal_connections"."verb_id" = $1[0m  [["verb_id", 1286]]
11:09:04 web.1  |   [1m[36m (0.4ms)[0m  [1mSELECT COUNT(*) FROM "personal_connections"  WHERE "personal_connections"."verb_id" = $1[0m  [["verb_id", 464]]
11:09:04 web.1  |   [1m[35m (0.3ms)[0m  SELECT COUNT(*) FROM "personal_connections"  WHERE "personal_connections"."verb_id" = $1  [["verb_id", 1416]]
11:09:04 web.1  |   [1m[35m (0.3ms)[0m  SELECT COUNT(*) FROM "personal_connections"  WHERE "personal_connections"."verb_id" = $1  [["verb_id", 272]]
11:09:04 web.1  |   [1m[36m (0.3ms)[0m  [1mSELECT COUNT(*) FROM "personal_connections"  WHERE "personal_connections"."verb_id" = $1[0m  [["verb_id", 923]]
11:09:04 web.1  |   [1m[35m (0.4ms)[0m  SELECT COUNT(*) FROM "personal_connections"  WHERE "personal_connections"."verb_id" = $1  [["verb_id", 931]]
11:09:04 web.1  |   [1m[36m (0.3ms)[0m  [1mSELECT COUNT(*) FROM "personal_connections"  WHERE "personal_connections"."verb_id" = $1[0m  [["verb_id", 921]]
11:09:04 web.1  |   [1m[35m (0.3ms)[0m  SELECT COUNT(*) FROM "personal_connections"  WHERE "personal_connections"."verb_id" = $1  [["verb_id", 234]]
11:09:04 web.1  |   [1m[36m (0.4ms)[0m  [1mSELECT COUNT(*) FROM "personal_connections"  WHERE "personal_connections"."verb_id" = $1[0m  [["verb_id", 1111]]
11:09:04 web.1  |   [1m[36m (0.3ms)[0m  [1mSELECT COUNT(*) FROM "personal_connections"  WHERE "personal_connections"."verb_id" = $1[0m  [["verb_id", 149]]
11:09:04 web.1  |   [1m[35m (0.3ms)[0m  SELECT COUNT(*) FROM "personal_connections"  WHERE "personal_connections"."verb_id" = $1  [["verb_id", 1585]]
11:09:04 web.1  |   [1m[35m (0.7ms)[0m  SELECT COUNT(*) FROM "personal_connections"  WHERE "personal_connections"."verb_id" = $1  [["verb_id", 1467]]
11:09:04 web.1  |   [1m[36m (0.3ms)[0m  [1mSELECT COUNT(*) FROM "personal_connections"  WHERE "personal_connections"."verb_id" = $1[0m  [["verb_id", 948]]
11:09:04 web.1  |   [1m[36m (0.3ms)[0m  [1mSELECT COUNT(*) FROM "personal_connections"  WHERE "personal_connections"."verb_id" = $1[0m  [["verb_id", 938]]
11:09:04 web.1  |   [1m[35m (0.3ms)[0m  SELECT COUNT(*) FROM "personal_connections"  WHERE "personal_connections"."verb_id" = $1  [["verb_id", 1314]]
11:09:04 web.1  |   [1m[35m (0.3ms)[0m  SELECT COUNT(*) FROM "personal_connections"  WHERE "personal_connections"."verb_id" = $1  [["verb_id", 1109]]
11:09:04 web.1  |   [1m[36m (0.3ms)[0m  [1mSELECT COUNT(*) FROM "personal_connections"  WHERE "personal_connections"."verb_id" = $1[0m  [["verb_id", 1315]]
11:09:04 web.1  |   [1m[36m (0.2ms)[0m  [1mSELECT COUNT(*) FROM "personal_connections"  WHERE "personal_connections"."verb_id" = $1[0m  [["verb_id", 1369]]
11:09:04 web.1  |   [1m[35m (0.3ms)[0m  SELECT COUNT(*) FROM "personal_connections"  WHERE "personal_connections"."verb_id" = $1  [["verb_id", 93]]
11:09:04 web.1  |   [1m[35m (0.3ms)[0m  SELECT COUNT(*) FROM "personal_connections"  WHERE "personal_connections"."verb_id" = $1  [["verb_id", 596]]
11:09:04 web.1  |   [1m[36m (0.3ms)[0m  [1mSELECT COUNT(*) FROM "personal_connections"  WHERE "personal_connections"."verb_id" = $1[0m  [["verb_id", 336]]
11:09:04 web.1  |   [1m[36m (0.4ms)[0m  [1mSELECT COUNT(*) FROM "personal_connections"  WHERE "personal_connections"."verb_id" = $1[0m  [["verb_id", 842]]
11:09:04 web.1  |   [1m[35m (0.3ms)[0m  SELECT COUNT(*) FROM "personal_connections"  WHERE "personal_connections"."verb_id" = $1  [["verb_id", 1169]]
11:09:04 web.1  |   [1m[35m (0.3ms)[0m  SELECT COUNT(*) FROM "personal_connections"  WHERE "personal_connections"."verb_id" = $1  [["verb_id", 1295]]
11:09:04 web.1  |   [1m[36m (0.4ms)[0m  [1mSELECT COUNT(*) FROM "personal_connections"  WHERE "personal_connections"."verb_id" = $1[0m  [["verb_id", 1380]]
11:09:04 web.1  |   [1m[36m (0.3ms)[0m  [1mSELECT COUNT(*) FROM "personal_connections"  WHERE "personal_connections"."verb_id" = $1[0m  [["verb_id", 468]]
11:09:04 web.1  |   [1m[35m (0.3ms)[0m  SELECT COUNT(*) FROM "personal_connections"  WHERE "personal_connections"."verb_id" = $1  [["verb_id", 1116]]
11:09:04 web.1  |   [1m[35m (0.3ms)[0m  SELECT COUNT(*) FROM "personal_connections"  WHERE "personal_connections"."verb_id" = $1  [["verb_id", 1481]]
11:09:04 web.1  |   [1m[36m (0.3ms)[0m  [1mSELECT COUNT(*) FROM "personal_connections"  WHERE "personal_connections"."verb_id" = $1[0m  [["verb_id", 1408]]
11:09:04 web.1  |   [1m[36m (0.4ms)[0m  [1mSELECT COUNT(*) FROM "personal_connections"  WHERE "personal_connections"."verb_id" = $1[0m  [["verb_id", 1574]]
11:09:04 web.1  |   [1m[35m (0.2ms)[0m  SELECT COUNT(*) FROM "personal_connections"  WHERE "personal_connections"."verb_id" = $1  [["verb_id", 1311]]
11:09:04 web.1  |   [1m[35m (0.3ms)[0m  SELECT COUNT(*) FROM "personal_connections"  WHERE "personal_connections"."verb_id" = $1  [["verb_id", 1149]]
11:09:04 web.1  |   [1m[36m (0.4ms)[0m  [1mSELECT COUNT(*) FROM "personal_connections"  WHERE "personal_connections"."verb_id" = $1[0m  [["verb_id", 654]]
11:09:04 web.1  |   [1m[36m (0.4ms)[0m  [1mSELECT COUNT(*) FROM "personal_connections"  WHERE "personal_connections"."verb_id" = $1[0m  [["verb_id", 1541]]
11:09:04 web.1  |   [1m[35m (0.2ms)[0m  SELECT COUNT(*) FROM "personal_connections"  WHERE "personal_connections"."verb_id" = $1  [["verb_id", 979]]
11:09:04 web.1  |   [1m[36m (0.3ms)[0m  [1mSELECT COUNT(*) FROM "personal_connections"  WHERE "personal_connections"."verb_id" = $1[0m  [["verb_id", 1486]]
11:09:04 web.1  |   [1m[35m (0.2ms)[0m  SELECT COUNT(*) FROM "personal_connections"  WHERE "personal_connections"."verb_id" = $1  [["verb_id", 646]]
11:09:04 web.1  |   [1m[35m (0.4ms)[0m  SELECT COUNT(*) FROM "personal_connections"  WHERE "personal_connections"."verb_id" = $1  [["verb_id", 1502]]
11:09:04 web.1  |   [1m[36m (0.5ms)[0m  [1mSELECT COUNT(*) FROM "personal_connections"  WHERE "personal_connections"."verb_id" = $1[0m  [["verb_id", 719]]
11:09:04 web.1  |   [1m[36m (0.3ms)[0m  [1mSELECT COUNT(*) FROM "personal_connections"  WHERE "personal_connections"."verb_id" = $1[0m  [["verb_id", 1029]]
11:09:04 web.1  |   [1m[35m (0.3ms)[0m  SELECT COUNT(*) FROM "personal_connections"  WHERE "personal_connections"."verb_id" = $1  [["verb_id", 1402]]
11:09:04 web.1  |   [1m[35m (0.3ms)[0m  SELECT COUNT(*) FROM "personal_connections"  WHERE "personal_connections"."verb_id" = $1  [["verb_id", 1182]]
11:09:04 web.1  |   [1m[36m (0.4ms)[0m  [1mSELECT COUNT(*) FROM "personal_connections"  WHERE "personal_connections"."verb_id" = $1[0m  [["verb_id", 48]]
11:09:04 web.1  |   [1m[36m (0.3ms)[0m  [1mSELECT COUNT(*) FROM "personal_connections"  WHERE "personal_connections"."verb_id" = $1[0m  [["verb_id", 1227]]
11:09:04 web.1  |   [1m[35m (0.3ms)[0m  SELECT COUNT(*) FROM "personal_connections"  WHERE "personal_connections"."verb_id" = $1  [["verb_id", 1202]]
11:09:04 web.1  |   [1m[35m (0.3ms)[0m  SELECT COUNT(*) FROM "personal_connections"  WHERE "personal_connections"."verb_id" = $1  [["verb_id", 1266]]
11:09:04 web.1  |   [1m[36m (0.5ms)[0m  [1mSELECT COUNT(*) FROM "personal_connections"  WHERE "personal_connections"."verb_id" = $1[0m  [["verb_id", 376]]
11:09:04 web.1  |   [1m[35m (0.3ms)[0m  SELECT COUNT(*) FROM "personal_connections"  WHERE "personal_connections"."verb_id" = $1  [["verb_id", 1522]]
11:09:04 web.1  |   [1m[36m (0.3ms)[0m  [1mSELECT COUNT(*) FROM "personal_connections"  WHERE "personal_connections"."verb_id" = $1[0m  [["verb_id", 308]]
11:09:04 web.1  |   [1m[36m (0.3ms)[0m  [1mSELECT COUNT(*) FROM "personal_connections"  WHERE "personal_connections"."verb_id" = $1[0m  [["verb_id", 1150]]
11:09:04 web.1  |   [1m[35m (0.3ms)[0m  SELECT COUNT(*) FROM "personal_connections"  WHERE "personal_connections"."verb_id" = $1  [["verb_id", 1155]]
11:09:04 web.1  |   [1m[35m (0.3ms)[0m  SELECT COUNT(*) FROM "personal_connections"  WHERE "personal_connections"."verb_id" = $1  [["verb_id", 356]]
11:09:04 web.1  |   [1m[36m (0.4ms)[0m  [1mSELECT COUNT(*) FROM "personal_connections"  WHERE "personal_connections"."verb_id" = $1[0m  [["verb_id", 762]]
11:09:04 web.1  |   [1m[36m (1.2ms)[0m  [1mSELECT COUNT(*) FROM "personal_connections"  WHERE "personal_connections"."verb_id" = $1[0m  [["verb_id", 1300]]
11:09:04 web.1  |   [1m[35m (0.3ms)[0m  SELECT COUNT(*) FROM "personal_connections"  WHERE "personal_connections"."verb_id" = $1  [["verb_id", 1366]]
11:09:04 web.1  |   [1m[35m (0.3ms)[0m  SELECT COUNT(*) FROM "personal_connections"  WHERE "personal_connections"."verb_id" = $1  [["verb_id", 109]]
11:09:04 web.1  |   [1m[36m (0.5ms)[0m  [1mSELECT COUNT(*) FROM "personal_connections"  WHERE "personal_connections"."verb_id" = $1[0m  [["verb_id", 1367]]
11:09:04 web.1  |   [1m[36m (0.3ms)[0m  [1mSELECT COUNT(*) FROM "personal_connections"  WHERE "personal_connections"."verb_id" = $1[0m  [["verb_id", 502]]
11:09:04 web.1  |   [1m[35m (0.4ms)[0m  SELECT COUNT(*) FROM "personal_connections"  WHERE "personal_connections"."verb_id" = $1  [["verb_id", 1270]]
11:09:04 web.1  |   [1m[36m (0.5ms)[0m  [1mSELECT COUNT(*) FROM "personal_connections"  WHERE "personal_connections"."verb_id" = $1[0m  [["verb_id", 1135]]
11:09:04 web.1  |   [1m[35m (2.2ms)[0m  SELECT COUNT(*) FROM "personal_connections"  WHERE "personal_connections"."verb_id" = $1  [["verb_id", 51]]
11:09:05 web.1  |   [1m[35m (0.3ms)[0m  SELECT COUNT(*) FROM "personal_connections"  WHERE "personal_connections"."verb_id" = $1  [["verb_id", 282]]
11:09:05 web.1  |   [1m[36m (0.3ms)[0m  [1mSELECT COUNT(*) FROM "personal_connections"  WHERE "personal_connections"."verb_id" = $1[0m  [["verb_id", 1563]]
11:09:05 web.1  |   [1m[36m (0.3ms)[0m  [1mSELECT COUNT(*) FROM "personal_connections"  WHERE "personal_connections"."verb_id" = $1[0m  [["verb_id", 1462]]
11:09:05 web.1  |   [1m[35m (0.3ms)[0m  SELECT COUNT(*) FROM "personal_connections"  WHERE "personal_connections"."verb_id" = $1  [["verb_id", 1562]]
11:09:05 web.1  |   [1m[35m (0.3ms)[0m  SELECT COUNT(*) FROM "personal_connections"  WHERE "personal_connections"."verb_id" = $1  [["verb_id", 912]]
11:09:05 web.1  |   [1m[36m (0.4ms)[0m  [1mSELECT COUNT(*) FROM "personal_connections"  WHERE "personal_connections"."verb_id" = $1[0m  [["verb_id", 256]]
11:09:05 web.1  |   [1m[36m (2.3ms)[0m  [1mSELECT COUNT(*) FROM "personal_connections"  WHERE "personal_connections"."verb_id" = $1[0m  [["verb_id", 65]]
11:09:05 web.1  |   [1m[35m (0.3ms)[0m  SELECT COUNT(*) FROM "personal_connections"  WHERE "personal_connections"."verb_id" = $1  [["verb_id", 478]]
11:09:05 web.1  |   [1m[35m (0.3ms)[0m  SELECT COUNT(*) FROM "personal_connections"  WHERE "personal_connections"."verb_id" = $1  [["verb_id", 1399]]
11:09:05 web.1  |   [1m[36m (0.3ms)[0m  [1mSELECT COUNT(*) FROM "personal_connections"  WHERE "personal_connections"."verb_id" = $1[0m  [["verb_id", 1441]]
11:09:05 web.1  |   [1m[36m (0.3ms)[0m  [1mSELECT COUNT(*) FROM "personal_connections"  WHERE "personal_connections"."verb_id" = $1[0m  [["verb_id", 434]]
11:09:05 web.1  |   [1m[35m (0.4ms)[0m  SELECT COUNT(*) FROM "personal_connections"  WHERE "personal_connections"."verb_id" = $1  [["verb_id", 1545]]
11:09:05 web.1  |   [1m[36m (0.3ms)[0m  [1mSELECT COUNT(*) FROM "personal_connections"  WHERE "personal_connections"."verb_id" = $1[0m  [["verb_id", 424]]
11:09:05 web.1  |   [1m[35m (2.3ms)[0m  SELECT COUNT(*) FROM "personal_connections"  WHERE "personal_connections"."verb_id" = $1  [["verb_id", 909]]
11:09:05 web.1  |   [1m[35m (0.3ms)[0m  SELECT COUNT(*) FROM "personal_connections"  WHERE "personal_connections"."verb_id" = $1  [["verb_id", 306]]
11:09:05 web.1  |   [1m[36m (106.4ms)[0m  [1mSELECT COUNT(*) FROM "personal_connections"  WHERE "personal_connections"."verb_id" = $1[0m  [["verb_id", 743]]
11:09:05 web.1  |   [1m[35m (0.3ms)[0m  SELECT COUNT(*) FROM "personal_connections"  WHERE "personal_connections"."verb_id" = $1  [["verb_id", 1286]]
11:09:05 web.1  |   [1m[36m (124.4ms)[0m  [1mSELECT COUNT(*) FROM "personal_connections"  WHERE "personal_connections"."verb_id" = $1[0m  [["verb_id", 1259]]
11:09:05 web.1  |   [1m[36m (0.3ms)[0m  [1mSELECT COUNT(*) FROM "personal_connections"  WHERE "personal_connections"."verb_id" = $1[0m  [["verb_id", 1416]]
11:09:05 web.1  |   [1m[35m (0.3ms)[0m  SELECT COUNT(*) FROM "personal_connections"  WHERE "personal_connections"."verb_id" = $1  [["verb_id", 1111]]
11:09:05 web.1  |   [1m[35m (0.3ms)[0m  SELECT COUNT(*) FROM "personal_connections"  WHERE "personal_connections"."verb_id" = $1  [["verb_id", 884]]
11:09:05 web.1  |   [1m[36m (0.3ms)[0m  [1mSELECT COUNT(*) FROM "personal_connections"  WHERE "personal_connections"."verb_id" = $1[0m  [["verb_id", 1585]]
11:09:05 web.1  |   [1m[36m (0.3ms)[0m  [1mSELECT COUNT(*) FROM "personal_connections"  WHERE "personal_connections"."verb_id" = $1[0m  [["verb_id", 1025]]
11:09:05 web.1  |   [1m[35m (0.3ms)[0m  SELECT COUNT(*) FROM "personal_connections"  WHERE "personal_connections"."verb_id" = $1  [["verb_id", 948]]
11:09:05 web.1  |   [1m[35m (0.3ms)[0m  SELECT COUNT(*) FROM "personal_connections"  WHERE "personal_connections"."verb_id" = $1  [["verb_id", 378]]
11:09:05 web.1  |   [1m[36m (0.3ms)[0m  [1mSELECT COUNT(*) FROM "personal_connections"  WHERE "personal_connections"."verb_id" = $1[0m  [["verb_id", 1314]]
11:09:05 web.1  |   [1m[35m (0.4ms)[0m  SELECT COUNT(*) FROM "personal_connections"  WHERE "personal_connections"."verb_id" = $1  [["verb_id", 1315]]
11:09:05 web.1  |   [1m[36m (0.4ms)[0m  [1mSELECT COUNT(*) FROM "personal_connections"  WHERE "personal_connections"."verb_id" = $1[0m  [["verb_id", 165]]
11:09:05 web.1  |   [1m[36m (0.4ms)[0m  [1mSELECT COUNT(*) FROM "personal_connections"  WHERE "personal_connections"."verb_id" = $1[0m  [["verb_id", 596]]
11:09:05 web.1  |   [1m[35m (0.3ms)[0m  SELECT COUNT(*) FROM "personal_connections"  WHERE "personal_connections"."verb_id" = $1  [["verb_id", 1113]]
11:09:05 web.1  |   [1m[35m (0.3ms)[0m  SELECT COUNT(*) FROM "personal_connections"  WHERE "personal_connections"."verb_id" = $1  [["verb_id", 842]]
11:09:05 web.1  |   [1m[36m (1.6ms)[0m  [1mSELECT COUNT(*) FROM "personal_connections"  WHERE "personal_connections"."verb_id" = $1[0m  [["verb_id", 1]]
11:09:05 web.1  |   [1m[36m (0.3ms)[0m  [1mSELECT COUNT(*) FROM "personal_connections"  WHERE "personal_connections"."verb_id" = $1[0m  [["verb_id", 1295]]
11:09:05 web.1  |   [1m[35m (0.3ms)[0m  SELECT COUNT(*) FROM "personal_connections"  WHERE "personal_connections"."verb_id" = $1  [["verb_id", 1151]]
11:09:05 web.1  |   [1m[35m (0.3ms)[0m  SELECT COUNT(*) FROM "personal_connections"  WHERE "personal_connections"."verb_id" = $1  [["verb_id", 468]]
11:09:05 web.1  |   [1m[36m (0.3ms)[0m  [1mSELECT COUNT(*) FROM "personal_connections"  WHERE "personal_connections"."verb_id" = $1[0m  [["verb_id", 1426]]
11:09:05 web.1  |   [1m[36m (0.3ms)[0m  [1mSELECT COUNT(*) FROM "personal_connections"  WHERE "personal_connections"."verb_id" = $1[0m  [["verb_id", 1481]]
11:09:05 web.1  |   [1m[35m (0.5ms)[0m  SELECT COUNT(*) FROM "personal_connections"  WHERE "personal_connections"."verb_id" = $1  [["verb_id", 1435]]
11:09:05 web.1  |   [1m[35m (0.3ms)[0m  SELECT COUNT(*) FROM "personal_connections"  WHERE "personal_connections"."verb_id" = $1  [["verb_id", 1574]]
11:09:05 web.1  |   [1m[36m (0.3ms)[0m  [1mSELECT COUNT(*) FROM "personal_connections"  WHERE "personal_connections"."verb_id" = $1[0m  [["verb_id", 1333]]
11:09:05 web.1  |   [1m[36m (0.2ms)[0m  [1mSELECT COUNT(*) FROM "personal_connections"  WHERE "personal_connections"."verb_id" = $1[0m  [["verb_id", 1149]]
11:09:05 web.1  |   [1m[35m (0.3ms)[0m  SELECT COUNT(*) FROM "personal_connections"  WHERE "personal_connections"."verb_id" = $1  [["verb_id", 1541]]
11:09:05 web.1  |   [1m[35m (0.3ms)[0m  SELECT COUNT(*) FROM "personal_connections"  WHERE "personal_connections"."verb_id" = $1  [["verb_id", 1383]]
11:09:05 web.1  |   [1m[36m (0.4ms)[0m  [1mSELECT COUNT(*) FROM "personal_connections"  WHERE "personal_connections"."verb_id" = $1[0m  [["verb_id", 646]]
11:09:05 web.1  |   [1m[36m (0.3ms)[0m  [1mSELECT COUNT(*) FROM "personal_connections"  WHERE "personal_connections"."verb_id" = $1[0m  [["verb_id", 1328]]
11:09:05 web.1  |   [1m[35m (0.3ms)[0m  SELECT COUNT(*) FROM "personal_connections"  WHERE "personal_connections"."verb_id" = $1  [["verb_id", 719]]
11:09:05 web.1  |   [1m[35m (0.4ms)[0m  SELECT COUNT(*) FROM "personal_connections"  WHERE "personal_connections"."verb_id" = $1  [["verb_id", 534]]
11:09:05 web.1  |   [1m[36m (0.3ms)[0m  [1mSELECT COUNT(*) FROM "personal_connections"  WHERE "personal_connections"."verb_id" = $1[0m  [["verb_id", 1402]]
11:09:05 web.1  |   [1m[36m (0.3ms)[0m  [1mSELECT COUNT(*) FROM "personal_connections"  WHERE "personal_connections"."verb_id" = $1[0m  [["verb_id", 334]]
11:09:05 web.1  |   [1m[35m (0.3ms)[0m  SELECT COUNT(*) FROM "personal_connections"  WHERE "personal_connections"."verb_id" = $1  [["verb_id", 48]]
11:09:05 web.1  |   [1m[35m (0.4ms)[0m  SELECT COUNT(*) FROM "personal_connections"  WHERE "personal_connections"."verb_id" = $1  [["verb_id", 2]]
11:09:05 web.1  |   [1m[36m (0.3ms)[0m  [1mSELECT COUNT(*) FROM "personal_connections"  WHERE "personal_connections"."verb_id" = $1[0m  [["verb_id", 1266]]
11:09:05 web.1  |   [1m[35m (0.3ms)[0m  SELECT COUNT(*) FROM "personal_connections"  WHERE "personal_connections"."verb_id" = $1  [["verb_id", 376]]
11:09:05 web.1  |   [1m[36m (0.2ms)[0m  [1mSELECT COUNT(*) FROM "personal_connections"  WHERE "personal_connections"."verb_id" = $1[0m  [["verb_id", 1120]]
11:09:05 web.1  |   [1m[35m (2.4ms)[0m  SELECT COUNT(*) FROM "personal_connections"  WHERE "personal_connections"."verb_id" = $1  [["verb_id", 844]]
11:09:05 web.1  |   [1m[36m (1.7ms)[0m  [1mSELECT COUNT(*) FROM "personal_connections"  WHERE "personal_connections"."verb_id" = $1[0m  [["verb_id", 1210]]
11:09:05 web.1  |   [1m[35m (0.4ms)[0m  SELECT COUNT(*) FROM "personal_connections"  WHERE "personal_connections"."verb_id" = $1  [["verb_id", 1089]]
11:09:05 web.1  |   [1m[36m (0.4ms)[0m  [1mSELECT COUNT(*) FROM "personal_connections"  WHERE "personal_connections"."verb_id" = $1[0m  [["verb_id", 314]]
11:09:05 web.1  |   [1m[35m (0.4ms)[0m  SELECT COUNT(*) FROM "personal_connections"  WHERE "personal_connections"."verb_id" = $1  [["verb_id", 205]]
11:09:05 web.1  |   [1m[36m (0.3ms)[0m  [1mSELECT COUNT(*) FROM "personal_connections"  WHERE "personal_connections"."verb_id" = $1[0m  [["verb_id", 703]]
11:09:05 web.1  |   [1m[35m (0.3ms)[0m  SELECT COUNT(*) FROM "personal_connections"  WHERE "personal_connections"."verb_id" = $1  [["verb_id", 1219]]
11:09:05 web.1  |   [1m[36m (56.3ms)[0m  [1mSELECT COUNT(*) FROM "personal_connections"  WHERE "personal_connections"."verb_id" = $1[0m  [["verb_id", 1522]]
11:09:05 web.1  |   [1m[35m (0.3ms)[0m  SELECT COUNT(*) FROM "personal_connections"  WHERE "personal_connections"."verb_id" = $1  [["verb_id", 1150]]
11:09:05 web.1  |   [1m[36m (0.3ms)[0m  [1mSELECT COUNT(*) FROM "personal_connections"  WHERE "personal_connections"."verb_id" = $1[0m  [["verb_id", 356]]
11:09:05 web.1  |   [1m[36m (10.8ms)[0m  [1mSELECT COUNT(*) FROM "personal_connections"  WHERE "personal_connections"."verb_id" = $1[0m  [["verb_id", 640]]
11:09:05 web.1  |   [1m[35m (0.3ms)[0m  SELECT COUNT(*) FROM "personal_connections"  WHERE "personal_connections"."verb_id" = $1  [["verb_id", 762]]
11:09:05 web.1  |   [1m[36m (0.3ms)[0m  [1mSELECT COUNT(*) FROM "personal_connections"  WHERE "personal_connections"."verb_id" = $1[0m  [["verb_id", 1366]]
11:09:05 web.1  |   [1m[35m (9.0ms)[0m  SELECT COUNT(*) FROM "personal_connections"  WHERE "personal_connections"."verb_id" = $1  [["verb_id", 248]]
11:09:05 web.1  |   [1m[35m (0.3ms)[0m  SELECT COUNT(*) FROM "personal_connections"  WHERE "personal_connections"."verb_id" = $1  [["verb_id", 1367]]
11:09:05 web.1  |   [1m[36m (0.3ms)[0m  [1mSELECT COUNT(*) FROM "personal_connections"  WHERE "personal_connections"."verb_id" = $1[0m  [["verb_id", 1270]]
11:09:05 web.1  |   [1m[36m (13.8ms)[0m  [1mSELECT COUNT(*) FROM "personal_connections"  WHERE "personal_connections"."verb_id" = $1[0m  [["verb_id", 781]]
11:09:05 web.1  |   [1m[35m (0.3ms)[0m  SELECT COUNT(*) FROM "personal_connections"  WHERE "personal_connections"."verb_id" = $1  [["verb_id", 1135]]
11:09:05 web.1  |   [1m[35m (0.3ms)[0m  SELECT COUNT(*) FROM "personal_connections"  WHERE "personal_connections"."verb_id" = $1  [["verb_id", 820]]
11:09:05 web.1  |   [1m[36m (0.3ms)[0m  [1mSELECT COUNT(*) FROM "personal_connections"  WHERE "personal_connections"."verb_id" = $1[0m  [["verb_id", 282]]
11:09:05 web.1  |   [1m[36m (0.3ms)[0m  [1mSELECT COUNT(*) FROM "personal_connections"  WHERE "personal_connections"."verb_id" = $1[0m  [["verb_id", 236]]
11:09:05 web.1  |   [1m[35m (0.3ms)[0m  SELECT COUNT(*) FROM "personal_connections"  WHERE "personal_connections"."verb_id" = $1  [["verb_id", 1462]]
11:09:05 web.1  |   [1m[35m (0.3ms)[0m  SELECT COUNT(*) FROM "personal_connections"  WHERE "personal_connections"."verb_id" = $1  [["verb_id", 484]]
11:09:05 web.1  |   [1m[36m (0.3ms)[0m  [1mSELECT COUNT(*) FROM "personal_connections"  WHERE "personal_connections"."verb_id" = $1[0m  [["verb_id", 912]]
11:09:05 web.1  |   [1m[35m (0.3ms)[0m  SELECT COUNT(*) FROM "personal_connections"  WHERE "personal_connections"."verb_id" = $1  [["verb_id", 256]]
11:09:05 web.1  |   [1m[36m (0.3ms)[0m  [1mSELECT COUNT(*) FROM "personal_connections"  WHERE "personal_connections"."verb_id" = $1[0m  [["verb_id", 1238]]
11:09:05 web.1  |   [1m[36m (0.3ms)[0m  [1mSELECT COUNT(*) FROM "personal_connections"  WHERE "personal_connections"."verb_id" = $1[0m  [["verb_id", 478]]
11:09:05 web.1  |   [1m[35m (0.3ms)[0m  SELECT COUNT(*) FROM "personal_connections"  WHERE "personal_connections"."verb_id" = $1  [["verb_id", 1337]]
11:09:05 web.1  |   [1m[35m (0.4ms)[0m  SELECT COUNT(*) FROM "personal_connections"  WHERE "personal_connections"."verb_id" = $1  [["verb_id", 1441]]
11:09:05 web.1  |   [1m[36m (0.5ms)[0m  [1mSELECT COUNT(*) FROM "personal_connections"  WHERE "personal_connections"."verb_id" = $1[0m  [["verb_id", 1365]]
11:09:05 web.1  |   [1m[36m (0.3ms)[0m  [1mSELECT COUNT(*) FROM "personal_connections"  WHERE "personal_connections"."verb_id" = $1[0m  [["verb_id", 1545]]
11:09:05 web.1  |   [1m[35m (0.3ms)[0m  SELECT COUNT(*) FROM "personal_connections"  WHERE "personal_connections"."verb_id" = $1  [["verb_id", 424]]
11:09:05 web.1  |   [1m[35m (0.3ms)[0m  SELECT COUNT(*) FROM "personal_connections"  WHERE "personal_connections"."verb_id" = $1  [["verb_id", 1417]]
11:09:05 web.1  |   [1m[36m (0.3ms)[0m  [1mSELECT COUNT(*) FROM "personal_connections"  WHERE "personal_connections"."verb_id" = $1[0m  [["verb_id", 432]]
11:09:05 web.1  |   [1m[36m (0.3ms)[0m  [1mSELECT COUNT(*) FROM "personal_connections"  WHERE "personal_connections"."verb_id" = $1[0m  [["verb_id", 306]]
11:09:05 web.1  |   [1m[35m (0.3ms)[0m  SELECT COUNT(*) FROM "personal_connections"  WHERE "personal_connections"."verb_id" = $1  [["verb_id", 1259]]
11:09:05 web.1  |   [1m[35m (0.3ms)[0m  SELECT COUNT(*) FROM "personal_connections"  WHERE "personal_connections"."verb_id" = $1  [["verb_id", 697]]
11:09:05 web.1  |   [1m[36m (0.3ms)[0m  [1mSELECT COUNT(*) FROM "personal_connections"  WHERE "personal_connections"."verb_id" = $1[0m  [["verb_id", 884]]
11:09:05 web.1  |   [1m[35m (0.3ms)[0m  SELECT COUNT(*) FROM "personal_connections"  WHERE "personal_connections"."verb_id" = $1  [["verb_id", 1025]]
11:09:05 web.1  |   [1m[36m (12.4ms)[0m  [1mSELECT COUNT(*) FROM "personal_connections"  WHERE "personal_connections"."verb_id" = $1[0m  [["verb_id", 228]]
11:09:05 web.1  |   [1m[35m (0.3ms)[0m  SELECT COUNT(*) FROM "personal_connections"  WHERE "personal_connections"."verb_id" = $1  [["verb_id", 1530]]
11:09:05 web.1  |   [1m[36m (0.3ms)[0m  [1mSELECT COUNT(*) FROM "personal_connections"  WHERE "personal_connections"."verb_id" = $1[0m  [["verb_id", 378]]
11:09:05 web.1  |   [1m[36m (0.3ms)[0m  [1mSELECT COUNT(*) FROM "personal_connections"  WHERE "personal_connections"."verb_id" = $1[0m  [["verb_id", 1438]]
11:09:05 web.1  |   [1m[35m (0.3ms)[0m  SELECT COUNT(*) FROM "personal_connections"  WHERE "personal_connections"."verb_id" = $1  [["verb_id", 61]]
11:09:05 web.1  |   [1m[35m (0.3ms)[0m  SELECT COUNT(*) FROM "personal_connections"  WHERE "personal_connections"."verb_id" = $1  [["verb_id", 165]]
11:09:05 web.1  |   [1m[36m (0.4ms)[0m  [1mSELECT COUNT(*) FROM "personal_connections"  WHERE "personal_connections"."verb_id" = $1[0m  [["verb_id", 1113]]
11:09:05 web.1  |   [1m[36m (0.3ms)[0m  [1mSELECT COUNT(*) FROM "personal_connections"  WHERE "personal_connections"."verb_id" = $1[0m  [["verb_id", 16]]
11:09:05 web.1  |   [1m[35m (0.3ms)[0m  SELECT COUNT(*) FROM "personal_connections"  WHERE "personal_connections"."verb_id" = $1  [["verb_id", 747]]
11:09:05 web.1  |   [1m[36m (0.4ms)[0m  [1mSELECT COUNT(*) FROM "personal_connections"  WHERE "personal_connections"."verb_id" = $1[0m  [["verb_id", 958]]
11:09:05 web.1  |   [1m[35m (1.5ms)[0m  SELECT COUNT(*) FROM "personal_connections"  WHERE "personal_connections"."verb_id" = $1  [["verb_id", 1]]
11:09:05 web.1  |   [1m[36m (0.3ms)[0m  [1mSELECT COUNT(*) FROM "personal_connections"  WHERE "personal_connections"."verb_id" = $1[0m  [["verb_id", 1151]]
11:09:05 web.1  |   [1m[35m (0.3ms)[0m  SELECT COUNT(*) FROM "personal_connections"  WHERE "personal_connections"."verb_id" = $1  [["verb_id", 1426]]
11:09:05 web.1  |   [1m[35m (0.3ms)[0m  SELECT COUNT(*) FROM "personal_connections"  WHERE "personal_connections"."verb_id" = $1  [["verb_id", 544]]
11:09:05 web.1  |   [1m[36m (0.3ms)[0m  [1mSELECT COUNT(*) FROM "personal_connections"  WHERE "personal_connections"."verb_id" = $1[0m  [["verb_id", 1009]]
11:09:05 web.1  |   [1m[36m (0.3ms)[0m  [1mSELECT COUNT(*) FROM "personal_connections"  WHERE "personal_connections"."verb_id" = $1[0m  [["verb_id", 1435]]
11:09:05 web.1  |   [1m[35m (0.3ms)[0m  SELECT COUNT(*) FROM "personal_connections"  WHERE "personal_connections"."verb_id" = $1  [["verb_id", 1333]]
11:09:05 web.1  |   [1m[36m (0.3ms)[0m  [1mSELECT COUNT(*) FROM "personal_connections"  WHERE "personal_connections"."verb_id" = $1[0m  [["verb_id", 1383]]
11:09:05 web.1  |   [1m[35m (0.3ms)[0m  SELECT COUNT(*) FROM "personal_connections"  WHERE "personal_connections"."verb_id" = $1  [["verb_id", 1328]]
11:09:05 web.1  |   [1m[36m (0.4ms)[0m  [1mSELECT COUNT(*) FROM "personal_connections"  WHERE "personal_connections"."verb_id" = $1[0m  [["verb_id", 534]]
11:09:05 web.1  |   [1m[35m (0.3ms)[0m  SELECT COUNT(*) FROM "personal_connections"  WHERE "personal_connections"."verb_id" = $1  [["verb_id", 1040]]
11:09:05 web.1  |   [1m[36m (0.3ms)[0m  [1mSELECT COUNT(*) FROM "personal_connections"  WHERE "personal_connections"."verb_id" = $1[0m  [["verb_id", 296]]
11:09:05 web.1  |   [1m[35m (0.3ms)[0m  SELECT COUNT(*) FROM "personal_connections"  WHERE "personal_connections"."verb_id" = $1  [["verb_id", 696]]
11:09:05 web.1  |   [1m[35m (0.3ms)[0m  SELECT COUNT(*) FROM "personal_connections"  WHERE "personal_connections"."verb_id" = $1  [["verb_id", 334]]
11:09:05 web.1  |   [1m[36m (0.4ms)[0m  [1mSELECT COUNT(*) FROM "personal_connections"  WHERE "personal_connections"."verb_id" = $1[0m  [["verb_id", 2]]
11:09:05 web.1  |   [1m[36m (0.3ms)[0m  [1mSELECT COUNT(*) FROM "personal_connections"  WHERE "personal_connections"."verb_id" = $1[0m  [["verb_id", 1103]]
11:09:05 web.1  |   [1m[35m (0.3ms)[0m  SELECT COUNT(*) FROM "personal_connections"  WHERE "personal_connections"."verb_id" = $1  [["verb_id", 757]]
11:09:05 web.1  |   [1m[35m (0.3ms)[0m  SELECT COUNT(*) FROM "personal_connections"  WHERE "personal_connections"."verb_id" = $1  [["verb_id", 1120]]
11:09:05 web.1  |   [1m[36m (0.3ms)[0m  [1mSELECT COUNT(*) FROM "personal_connections"  WHERE "personal_connections"."verb_id" = $1[0m  [["verb_id", 844]]
11:09:05 web.1  |   [1m[35m (0.3ms)[0m  SELECT COUNT(*) FROM "personal_connections"  WHERE "personal_connections"."verb_id" = $1  [["verb_id", 1210]]
11:09:05 web.1  |   [1m[36m (0.4ms)[0m  [1mSELECT COUNT(*) FROM "personal_connections"  WHERE "personal_connections"."verb_id" = $1[0m  [["verb_id", 488]]
11:09:05 web.1  |   [1m[35m (0.3ms)[0m  SELECT COUNT(*) FROM "personal_connections"  WHERE "personal_connections"."verb_id" = $1  [["verb_id", 840]]
11:09:05 web.1  |   [1m[36m (0.3ms)[0m  [1mSELECT COUNT(*) FROM "personal_connections"  WHERE "personal_connections"."verb_id" = $1[0m  [["verb_id", 817]]
11:09:05 web.1  |   [1m[36m (0.3ms)[0m  [1mSELECT COUNT(*) FROM "personal_connections"  WHERE "personal_connections"."verb_id" = $1[0m  [["verb_id", 1089]]
11:09:05 web.1  |   [1m[35m (0.3ms)[0m  SELECT COUNT(*) FROM "personal_connections"  WHERE "personal_connections"."verb_id" = $1  [["verb_id", 314]]
11:09:05 web.1  |   [1m[35m (0.5ms)[0m  SELECT COUNT(*) FROM "personal_connections"  WHERE "personal_connections"."verb_id" = $1  [["verb_id", 1565]]
11:09:05 web.1  |   [1m[36m (0.3ms)[0m  [1mSELECT COUNT(*) FROM "personal_connections"  WHERE "personal_connections"."verb_id" = $1[0m  [["verb_id", 1173]]
11:09:05 web.1  |   [1m[35m (0.3ms)[0m  SELECT COUNT(*) FROM "personal_connections"  WHERE "personal_connections"."verb_id" = $1  [["verb_id", 1564]]
11:09:05 web.1  |   [1m[36m (3.6ms)[0m  [1mSELECT COUNT(*) FROM "personal_connections"  WHERE "personal_connections"."verb_id" = $1[0m  [["verb_id", 205]]
11:09:05 web.1  |   [1m[35m (1.6ms)[0m  SELECT COUNT(*) FROM "personal_connections"  WHERE "personal_connections"."verb_id" = $1  [["verb_id", 703]]
11:09:05 web.1  |   [1m[36m (0.3ms)[0m  [1mSELECT COUNT(*) FROM "personal_connections"  WHERE "personal_connections"."verb_id" = $1[0m  [["verb_id", 1219]]
11:09:05 web.1  |   [1m[36m (0.3ms)[0m  [1mSELECT COUNT(*) FROM "personal_connections"  WHERE "personal_connections"."verb_id" = $1[0m  [["verb_id", 1095]]
11:09:05 web.1  |   [1m[35m (0.3ms)[0m  SELECT COUNT(*) FROM "personal_connections"  WHERE "personal_connections"."verb_id" = $1  [["verb_id", 739]]
11:09:05 web.1  |   [1m[35m (2.8ms)[0m  SELECT COUNT(*) FROM "personal_connections"  WHERE "personal_connections"."verb_id" = $1  [["verb_id", 640]]
11:09:05 web.1  |   [1m[36m (0.3ms)[0m  [1mSELECT COUNT(*) FROM "personal_connections"  WHERE "personal_connections"."verb_id" = $1[0m  [["verb_id", 248]]
11:09:05 web.1  |   [1m[35m (0.3ms)[0m  SELECT COUNT(*) FROM "personal_connections"  WHERE "personal_connections"."verb_id" = $1  [["verb_id", 781]]
11:09:05 web.1  |   [1m[36m (0.3ms)[0m  [1mSELECT COUNT(*) FROM "personal_connections"  WHERE "personal_connections"."verb_id" = $1[0m  [["verb_id", 1310]]
11:09:05 web.1  |   [1m[35m (0.3ms)[0m  SELECT COUNT(*) FROM "personal_connections"  WHERE "personal_connections"."verb_id" = $1  [["verb_id", 738]]
11:09:05 web.1  |   [1m[36m (0.4ms)[0m  [1mSELECT COUNT(*) FROM "personal_connections"  WHERE "personal_connections"."verb_id" = $1[0m  [["verb_id", 820]]
11:09:05 web.1  |   [1m[35m (0.3ms)[0m  SELECT COUNT(*) FROM "personal_connections"  WHERE "personal_connections"."verb_id" = $1  [["verb_id", 236]]
11:09:05 web.1  |   [1m[36m (0.3ms)[0m  [1mSELECT COUNT(*) FROM "personal_connections"  WHERE "personal_connections"."verb_id" = $1[0m  [["verb_id", 484]]
11:09:05 web.1  |   [1m[36m (0.3ms)[0m  [1mSELECT COUNT(*) FROM "personal_connections"  WHERE "personal_connections"."verb_id" = $1[0m  [["verb_id", 1139]]
11:09:05 web.1  |   [1m[35m (0.3ms)[0m  SELECT COUNT(*) FROM "personal_connections"  WHERE "personal_connections"."verb_id" = $1  [["verb_id", 728]]
11:09:05 web.1  |   [1m[36m (0.4ms)[0m  [1mSELECT COUNT(*) FROM "personal_connections"  WHERE "personal_connections"."verb_id" = $1[0m  [["verb_id", 1138]]
11:09:05 web.1  |   [1m[35m (0.3ms)[0m  SELECT COUNT(*) FROM "personal_connections"  WHERE "personal_connections"."verb_id" = $1  [["verb_id", 1238]]
11:09:05 web.1  |   [1m[36m (0.3ms)[0m  [1mSELECT COUNT(*) FROM "personal_connections"  WHERE "personal_connections"."verb_id" = $1[0m  [["verb_id", 1337]]
11:09:06 web.1  |   [1m[35m (0.3ms)[0m  SELECT COUNT(*) FROM "personal_connections"  WHERE "personal_connections"."verb_id" = $1  [["verb_id", 727]]
11:09:06 web.1  |   [1m[36m (0.3ms)[0m  [1mSELECT COUNT(*) FROM "personal_connections"  WHERE "personal_connections"."verb_id" = $1[0m  [["verb_id", 868]]
11:09:06 web.1  |   [1m[35m (0.3ms)[0m  SELECT COUNT(*) FROM "personal_connections"  WHERE "personal_connections"."verb_id" = $1  [["verb_id", 1365]]
11:09:06 web.1  |   [1m[35m (0.3ms)[0m  SELECT COUNT(*) FROM "personal_connections"  WHERE "personal_connections"."verb_id" = $1  [["verb_id", 1063]]
11:09:06 web.1  |   [1m[36m (0.4ms)[0m  [1mSELECT COUNT(*) FROM "personal_connections"  WHERE "personal_connections"."verb_id" = $1[0m  [["verb_id", 1417]]
11:09:06 web.1  |   [1m[35m (0.3ms)[0m  SELECT COUNT(*) FROM "personal_connections"  WHERE "personal_connections"."verb_id" = $1  [["verb_id", 432]]
11:09:06 web.1  |   [1m[36m (0.3ms)[0m  [1mSELECT COUNT(*) FROM "personal_connections"  WHERE "personal_connections"."verb_id" = $1[0m  [["verb_id", 973]]
11:09:06 web.1  |   [1m[35m (0.3ms)[0m  SELECT COUNT(*) FROM "personal_connections"  WHERE "personal_connections"."verb_id" = $1  [["verb_id", 872]]
11:09:06 web.1  |   [1m[36m (9.3ms)[0m  [1mSELECT COUNT(*) FROM "personal_connections"  WHERE "personal_connections"."verb_id" = $1[0m  [["verb_id", 161]]
11:09:06 web.1  |   [1m[36m (0.3ms)[0m  [1mSELECT COUNT(*) FROM "personal_connections"  WHERE "personal_connections"."verb_id" = $1[0m  [["verb_id", 697]]
11:09:06 web.1  |   [1m[35m (0.3ms)[0m  SELECT COUNT(*) FROM "personal_connections"  WHERE "personal_connections"."verb_id" = $1  [["verb_id", 482]]
11:09:06 web.1  |   [1m[35m (0.2ms)[0m  SELECT COUNT(*) FROM "personal_connections"  WHERE "personal_connections"."verb_id" = $1  [["verb_id", 228]]
11:09:06 web.1  |   [1m[36m (0.4ms)[0m  [1mSELECT COUNT(*) FROM "personal_connections"  WHERE "personal_connections"."verb_id" = $1[0m  [["verb_id", 416]]
11:09:06 web.1  |   [1m[36m (0.2ms)[0m  [1mSELECT COUNT(*) FROM "personal_connections"  WHERE "personal_connections"."verb_id" = $1[0m  [["verb_id", 1530]]
11:09:06 web.1  |   [1m[35m (0.4ms)[0m  SELECT COUNT(*) FROM "personal_connections"  WHERE "personal_connections"."verb_id" = $1  [["verb_id", 877]]
11:09:06 web.1  |   [1m[36m (0.3ms)[0m  [1mSELECT COUNT(*) FROM "personal_connections"  WHERE "personal_connections"."verb_id" = $1[0m  [["verb_id", 1460]]
11:09:06 web.1  |   [1m[35m (0.3ms)[0m  SELECT COUNT(*) FROM "personal_connections"  WHERE "personal_connections"."verb_id" = $1  [["verb_id", 1438]]
11:09:06 web.1  |   [1m[35m (0.2ms)[0m  SELECT COUNT(*) FROM "personal_connections"  WHERE "personal_connections"."verb_id" = $1  [["verb_id", 510]]
11:09:06 web.1  |   [1m[36m (0.4ms)[0m  [1mSELECT COUNT(*) FROM "personal_connections"  WHERE "personal_connections"."verb_id" = $1[0m  [["verb_id", 779]]
11:09:06 web.1  |   [1m[36m (0.3ms)[0m  [1mSELECT COUNT(*) FROM "personal_connections"  WHERE "personal_connections"."verb_id" = $1[0m  [["verb_id", 61]]
11:09:06 web.1  |   [1m[35m (0.3ms)[0m  SELECT COUNT(*) FROM "personal_connections"  WHERE "personal_connections"."verb_id" = $1  [["verb_id", 594]]
11:09:06 web.1  |   [1m[36m (0.3ms)[0m  [1mSELECT COUNT(*) FROM "personal_connections"  WHERE "personal_connections"."verb_id" = $1[0m  [["verb_id", 717]]
11:09:06 web.1  |   [1m[35m (0.3ms)[0m  SELECT COUNT(*) FROM "personal_connections"  WHERE "personal_connections"."verb_id" = $1  [["verb_id", 718]]
11:09:06 web.1  |   [1m[35m (0.3ms)[0m  SELECT COUNT(*) FROM "personal_connections"  WHERE "personal_connections"."verb_id" = $1  [["verb_id", 16]]
11:09:06 web.1  |   [1m[36m (0.3ms)[0m  [1mSELECT COUNT(*) FROM "personal_connections"  WHERE "personal_connections"."verb_id" = $1[0m  [["verb_id", 1059]]
11:09:06 web.1  |   [1m[35m (0.3ms)[0m  SELECT COUNT(*) FROM "personal_connections"  WHERE "personal_connections"."verb_id" = $1  [["verb_id", 1057]]
11:09:06 web.1  |   [1m[36m (0.4ms)[0m  [1mSELECT COUNT(*) FROM "personal_connections"  WHERE "personal_connections"."verb_id" = $1[0m  [["verb_id", 1058]]
11:09:06 web.1  |   [1m[35m (0.4ms)[0m  SELECT COUNT(*) FROM "personal_connections"  WHERE "personal_connections"."verb_id" = $1  [["verb_id", 1060]]
11:09:06 web.1  |   [1m[36m (0.3ms)[0m  [1mSELECT COUNT(*) FROM "personal_connections"  WHERE "personal_connections"."verb_id" = $1[0m  [["verb_id", 1055]]
11:09:06 web.1  |   [1m[36m (0.5ms)[0m  [1mSELECT COUNT(*) FROM "personal_connections"  WHERE "personal_connections"."verb_id" = $1[0m  [["verb_id", 747]]
11:09:06 web.1  |   [1m[35m (0.4ms)[0m  SELECT COUNT(*) FROM "personal_connections"  WHERE "personal_connections"."verb_id" = $1  [["verb_id", 1056]]
11:09:06 web.1  |   [1m[35m (0.5ms)[0m  SELECT COUNT(*) FROM "personal_connections"  WHERE "personal_connections"."verb_id" = $1  [["verb_id", 958]]
11:09:06 web.1  |   [1m[36m (0.3ms)[0m  [1mSELECT COUNT(*) FROM "personal_connections"  WHERE "personal_connections"."verb_id" = $1[0m  [["verb_id", 1061]]
11:09:06 web.1  |   [1m[36m (0.3ms)[0m  [1mSELECT COUNT(*) FROM "personal_connections"  WHERE "personal_connections"."verb_id" = $1[0m  [["verb_id", 544]]
11:09:06 web.1  |   [1m[35m (0.4ms)[0m  SELECT COUNT(*) FROM "personal_connections"  WHERE "personal_connections"."verb_id" = $1  [["verb_id", 1009]]
11:09:06 web.1  |   [1m[36m (0.3ms)[0m  [1mSELECT COUNT(*) FROM "personal_connections"  WHERE "personal_connections"."verb_id" = $1[0m  [["verb_id", 1040]]
11:09:06 web.1  |   [1m[35m (41.2ms)[0m  SELECT COUNT(*) FROM "personal_connections"  WHERE "personal_connections"."verb_id" = $1  [["verb_id", 12]]
11:09:06 web.1  |   [1m[36m (1.4ms)[0m  [1mSELECT COUNT(*) FROM "personal_connections"  WHERE "personal_connections"."verb_id" = $1[0m  [["verb_id", 1412]]
11:09:06 web.1  |   [1m[35m (0.4ms)[0m  SELECT COUNT(*) FROM "personal_connections"  WHERE "personal_connections"."verb_id" = $1  [["verb_id", 296]]
11:09:06 web.1  |   [1m[36m (0.6ms)[0m  [1mSELECT COUNT(*) FROM "personal_connections"  WHERE "personal_connections"."verb_id" = $1[0m  [["verb_id", 696]]
11:09:06 web.1  |   [1m[35m (0.4ms)[0m  SELECT COUNT(*) FROM "personal_connections"  WHERE "personal_connections"."verb_id" = $1  [["verb_id", 1505]]
11:09:06 web.1  |   [1m[36m (0.3ms)[0m  [1mSELECT COUNT(*) FROM "personal_connections"  WHERE "personal_connections"."verb_id" = $1[0m  [["verb_id", 1096]]
11:09:06 web.1  |   [1m[35m (0.3ms)[0m  SELECT COUNT(*) FROM "personal_connections"  WHERE "personal_connections"."verb_id" = $1  [["verb_id", 1103]]
11:09:06 web.1  |   [1m[35m (0.5ms)[0m  SELECT COUNT(*) FROM "personal_connections"  WHERE "personal_connections"."verb_id" = $1  [["verb_id", 1492]]
11:09:06 web.1  |   [1m[36m (1.1ms)[0m  [1mSELECT COUNT(*) FROM "personal_connections"  WHERE "personal_connections"."verb_id" = $1[0m  [["verb_id", 757]]
11:09:06 web.1  |   [1m[35m (0.4ms)[0m  SELECT COUNT(*) FROM "personal_connections"  WHERE "personal_connections"."verb_id" = $1  [["verb_id", 488]]
11:09:06 web.1  |   [1m[36m (7.6ms)[0m  [1mSELECT COUNT(*) FROM "personal_connections"  WHERE "personal_connections"."verb_id" = $1[0m  [["verb_id", 105]]
11:09:06 web.1  |   [1m[36m (0.3ms)[0m  [1mSELECT COUNT(*) FROM "personal_connections"  WHERE "personal_connections"."verb_id" = $1[0m  [["verb_id", 840]]
11:09:06 web.1  |   [1m[35m (8.0ms)[0m  SELECT COUNT(*) FROM "personal_connections"  WHERE "personal_connections"."verb_id" = $1  [["verb_id", 1293]]
11:09:06 web.1  |   [1m[35m (0.7ms)[0m  SELECT COUNT(*) FROM "personal_connections"  WHERE "personal_connections"."verb_id" = $1  [["verb_id", 817]]
11:09:06 web.1  |   [1m[36m (0.4ms)[0m  [1mSELECT COUNT(*) FROM "personal_connections"  WHERE "personal_connections"."verb_id" = $1[0m  [["verb_id", 1565]]
11:09:06 web.1  |   [1m[36m (0.3ms)[0m  [1mSELECT COUNT(*) FROM "personal_connections"  WHERE "personal_connections"."verb_id" = $1[0m  [["verb_id", 1020]]
11:09:06 web.1  |   [1m[35m (0.3ms)[0m  SELECT COUNT(*) FROM "personal_connections"  WHERE "personal_connections"."verb_id" = $1  [["verb_id", 1351]]
11:09:06 web.1  |   [1m[36m (0.6ms)[0m  [1mSELECT COUNT(*) FROM "personal_connections"  WHERE "personal_connections"."verb_id" = $1[0m  [["verb_id", 737]]
11:09:06 web.1  |   [1m[35m (0.3ms)[0m  SELECT COUNT(*) FROM "personal_connections"  WHERE "personal_connections"."verb_id" = $1  [["verb_id", 1173]]
11:09:06 web.1  |   [1m[36m (0.3ms)[0m  [1mSELECT COUNT(*) FROM "personal_connections"  WHERE "personal_connections"."verb_id" = $1[0m  [["verb_id", 1564]]
11:09:06 web.1  |   [1m[35m (0.4ms)[0m  SELECT COUNT(*) FROM "personal_connections"  WHERE "personal_connections"."verb_id" = $1  [["verb_id", 11]]
11:09:06 web.1  |   [1m[35m (0.5ms)[0m  SELECT COUNT(*) FROM "personal_connections"  WHERE "personal_connections"."verb_id" = $1  [["verb_id", 1095]]
11:09:06 web.1  |   [1m[36m (0.3ms)[0m  [1mSELECT COUNT(*) FROM "personal_connections"  WHERE "personal_connections"."verb_id" = $1[0m  [["verb_id", 742]]
11:09:06 web.1  |   [1m[36m (0.5ms)[0m  [1mSELECT COUNT(*) FROM "personal_connections"  WHERE "personal_connections"."verb_id" = $1[0m  [["verb_id", 739]]
11:09:06 web.1  |   [1m[35m (0.3ms)[0m  SELECT COUNT(*) FROM "personal_connections"  WHERE "personal_connections"."verb_id" = $1  [["verb_id", 414]]
11:09:06 web.1  |   [1m[36m (0.3ms)[0m  [1mSELECT COUNT(*) FROM "personal_connections"  WHERE "personal_connections"."verb_id" = $1[0m  [["verb_id", 753]]
11:09:06 web.1  |   [1m[35m (0.3ms)[0m  SELECT COUNT(*) FROM "personal_connections"  WHERE "personal_connections"."verb_id" = $1  [["verb_id", 849]]
11:09:06 web.1  |   [1m[36m (0.4ms)[0m  [1mSELECT COUNT(*) FROM "personal_connections"  WHERE "personal_connections"."verb_id" = $1[0m  [["verb_id", 714]]
11:09:06 web.1  |   [1m[35m (0.5ms)[0m  SELECT COUNT(*) FROM "personal_connections"  WHERE "personal_connections"."verb_id" = $1  [["verb_id", 1310]]
11:09:06 web.1  |   [1m[35m (0.3ms)[0m  SELECT COUNT(*) FROM "personal_connections"  WHERE "personal_connections"."verb_id" = $1  [["verb_id", 711]]
11:09:06 web.1  |   [1m[36m (0.3ms)[0m  [1mSELECT COUNT(*) FROM "personal_connections"  WHERE "personal_connections"."verb_id" = $1[0m  [["verb_id", 1472]]
11:09:06 web.1  |   [1m[35m (0.3ms)[0m  SELECT COUNT(*) FROM "personal_connections"  WHERE "personal_connections"."verb_id" = $1  [["verb_id", 1514]]
11:09:06 web.1  |   [1m[36m (0.3ms)[0m  [1mSELECT COUNT(*) FROM "personal_connections"  WHERE "personal_connections"."verb_id" = $1[0m  [["verb_id", 1470]]
11:09:06 web.1  |   [1m[35m (0.3ms)[0m  SELECT COUNT(*) FROM "personal_connections"  WHERE "personal_connections"."verb_id" = $1  [["verb_id", 1034]]
11:09:06 web.1  |   [1m[36m (0.5ms)[0m  [1mSELECT COUNT(*) FROM "personal_connections"  WHERE "personal_connections"."verb_id" = $1[0m  [["verb_id", 738]]
11:09:06 web.1  |   [1m[36m (0.3ms)[0m  [1mSELECT COUNT(*) FROM "personal_connections"  WHERE "personal_connections"."verb_id" = $1[0m  [["verb_id", 991]]
11:09:06 web.1  |   [1m[35m (0.3ms)[0m  SELECT COUNT(*) FROM "personal_connections"  WHERE "personal_connections"."verb_id" = $1  [["verb_id", 1139]]
11:09:06 web.1  |   [1m[35m (0.3ms)[0m  SELECT COUNT(*) FROM "personal_connections"  WHERE "personal_connections"."verb_id" = $1  [["verb_id", 957]]
11:09:06 web.1  |   [1m[36m (5.6ms)[0m  [1mSELECT COUNT(*) FROM "personal_connections"  WHERE "personal_connections"."verb_id" = $1[0m  [["verb_id", 728]]
11:09:06 web.1  |   [1m[35m (0.3ms)[0m  SELECT COUNT(*) FROM "personal_connections"  WHERE "personal_connections"."verb_id" = $1  [["verb_id", 1138]]
11:09:06 web.1  |   [1m[36m (0.3ms)[0m  [1mSELECT COUNT(*) FROM "personal_connections"  WHERE "personal_connections"."verb_id" = $1[0m  [["verb_id", 727]]
11:09:06 web.1  |   [1m[35m (0.3ms)[0m  SELECT COUNT(*) FROM "personal_connections"  WHERE "personal_connections"."verb_id" = $1  [["verb_id", 868]]
11:09:06 web.1  |   [1m[36m (0.3ms)[0m  [1mSELECT COUNT(*) FROM "personal_connections"  WHERE "personal_connections"."verb_id" = $1[0m  [["verb_id", 1063]]
11:09:06 web.1  |   [1m[35m (0.3ms)[0m  SELECT COUNT(*) FROM "personal_connections"  WHERE "personal_connections"."verb_id" = $1  [["verb_id", 973]]
11:09:06 web.1  |   [1m[36m (0.3ms)[0m  [1mSELECT COUNT(*) FROM "personal_connections"  WHERE "personal_connections"."verb_id" = $1[0m  [["verb_id", 254]]
11:09:06 web.1  |   [1m[35m (0.3ms)[0m  SELECT COUNT(*) FROM "personal_connections"  WHERE "personal_connections"."verb_id" = $1  [["verb_id", 990]]
11:09:06 web.1  |   [1m[36m (0.3ms)[0m  [1mSELECT COUNT(*) FROM "personal_connections"  WHERE "personal_connections"."verb_id" = $1[0m  [["verb_id", 872]]
11:09:06 web.1  |   [1m[36m (0.5ms)[0m  [1mSELECT COUNT(*) FROM "personal_connections"  WHERE "personal_connections"."verb_id" = $1[0m  [["verb_id", 586]]
11:09:06 web.1  |   [1m[35m (0.4ms)[0m  SELECT COUNT(*) FROM "personal_connections"  WHERE "personal_connections"."verb_id" = $1  [["verb_id", 161]]
11:09:06 web.1  |   [1m[36m (0.3ms)[0m  [1mSELECT COUNT(*) FROM "personal_connections"  WHERE "personal_connections"."verb_id" = $1[0m  [["verb_id", 482]]
11:09:06 web.1  |   [1m[35m (0.5ms)[0m  SELECT COUNT(*) FROM "personal_connections"  WHERE "personal_connections"."verb_id" = $1  [["verb_id", 1471]]
11:09:06 web.1  |   [1m[35m (0.3ms)[0m  SELECT COUNT(*) FROM "personal_connections"  WHERE "personal_connections"."verb_id" = $1  [["verb_id", 416]]
11:09:06 web.1  |   [1m[36m (0.5ms)[0m  [1mSELECT COUNT(*) FROM "personal_connections"  WHERE "personal_connections"."verb_id" = $1[0m  [["verb_id", 698]]
11:09:06 web.1  |   [1m[36m (0.3ms)[0m  [1mSELECT COUNT(*) FROM "personal_connections"  WHERE "personal_connections"."verb_id" = $1[0m  [["verb_id", 877]]
11:09:06 web.1  |   [1m[35m (0.3ms)[0m  SELECT COUNT(*) FROM "personal_connections"  WHERE "personal_connections"."verb_id" = $1  [["verb_id", 1006]]
11:09:06 web.1  |   [1m[35m (8.3ms)[0m  SELECT COUNT(*) FROM "personal_connections"  WHERE "personal_connections"."verb_id" = $1  [["verb_id", 1460]]
11:09:06 web.1  |   [1m[36m (0.3ms)[0m  [1mSELECT COUNT(*) FROM "personal_connections"  WHERE "personal_connections"."verb_id" = $1[0m  [["verb_id", 843]]
11:09:06 web.1  |   [1m[35m (0.4ms)[0m  SELECT COUNT(*) FROM "personal_connections"  WHERE "personal_connections"."verb_id" = $1  [["verb_id", 1128]]
11:09:06 web.1  |   [1m[36m (0.3ms)[0m  [1mSELECT COUNT(*) FROM "personal_connections"  WHERE "personal_connections"."verb_id" = $1[0m  [["verb_id", 510]]
11:09:06 web.1  |   [1m[36m (0.3ms)[0m  [1mSELECT COUNT(*) FROM "personal_connections"  WHERE "personal_connections"."verb_id" = $1[0m  [["verb_id", 588]]
11:09:06 web.1  |   [1m[35m (0.3ms)[0m  SELECT COUNT(*) FROM "personal_connections"  WHERE "personal_connections"."verb_id" = $1  [["verb_id", 779]]
11:09:06 web.1  |   [1m[35m (0.3ms)[0m  SELECT COUNT(*) FROM "personal_connections"  WHERE "personal_connections"."verb_id" = $1  [["verb_id", 1110]]
11:09:06 web.1  |   [1m[36m (0.3ms)[0m  [1mSELECT COUNT(*) FROM "personal_connections"  WHERE "personal_connections"."verb_id" = $1[0m  [["verb_id", 594]]
11:09:06 web.1  |   [1m[36m (0.5ms)[0m  [1mSELECT COUNT(*) FROM "personal_connections"  WHERE "personal_connections"."verb_id" = $1[0m  [["verb_id", 1306]]
11:09:06 web.1  |   [1m[35m (0.4ms)[0m  SELECT COUNT(*) FROM "personal_connections"  WHERE "personal_connections"."verb_id" = $1  [["verb_id", 717]]
11:09:06 web.1  |   [1m[35m (0.2ms)[0m  SELECT COUNT(*) FROM "personal_connections"  WHERE "personal_connections"."verb_id" = $1  [["verb_id", 1450]]
11:09:06 web.1  |   [1m[36m (0.3ms)[0m  [1mSELECT COUNT(*) FROM "personal_connections"  WHERE "personal_connections"."verb_id" = $1[0m  [["verb_id", 669]]
11:09:06 web.1  |   [1m[36m (0.6ms)[0m  [1mSELECT COUNT(*) FROM "personal_connections"  WHERE "personal_connections"."verb_id" = $1[0m  [["verb_id", 718]]
11:09:06 web.1  |   [1m[35m (0.3ms)[0m  SELECT COUNT(*) FROM "personal_connections"  WHERE "personal_connections"."verb_id" = $1  [["verb_id", 1251]]
11:09:06 web.1  |   [1m[35m (0.5ms)[0m  SELECT COUNT(*) FROM "personal_connections"  WHERE "personal_connections"."verb_id" = $1  [["verb_id", 1059]]
11:09:06 web.1  |   [1m[36m (0.5ms)[0m  [1mSELECT COUNT(*) FROM "personal_connections"  WHERE "personal_connections"."verb_id" = $1[0m  [["verb_id", 1175]]
11:09:06 web.1  |   [1m[36m (0.2ms)[0m  [1mSELECT COUNT(*) FROM "personal_connections"  WHERE "personal_connections"."verb_id" = $1[0m  [["verb_id", 1057]]
11:09:06 web.1  |   [1m[35m (0.3ms)[0m  SELECT COUNT(*) FROM "personal_connections"  WHERE "personal_connections"."verb_id" = $1  [["verb_id", 1174]]
11:09:06 web.1  |   [1m[35m (0.2ms)[0m  SELECT COUNT(*) FROM "personal_connections"  WHERE "personal_connections"."verb_id" = $1  [["verb_id", 1058]]
11:09:06 web.1  |   [1m[36m (0.3ms)[0m  [1mSELECT COUNT(*) FROM "personal_connections"  WHERE "personal_connections"."verb_id" = $1[0m  [["verb_id", 1433]]
11:09:06 web.1  |   [1m[36m (0.3ms)[0m  [1mSELECT COUNT(*) FROM "personal_connections"  WHERE "personal_connections"."verb_id" = $1[0m  [["verb_id", 1060]]
11:09:06 web.1  |   [1m[35m (0.4ms)[0m  SELECT COUNT(*) FROM "personal_connections"  WHERE "personal_connections"."verb_id" = $1  [["verb_id", 137]]
11:09:06 web.1  |   [1m[35m (0.2ms)[0m  SELECT COUNT(*) FROM "personal_connections"  WHERE "personal_connections"."verb_id" = $1  [["verb_id", 1055]]
11:09:06 web.1  |   [1m[36m (0.3ms)[0m  [1mSELECT COUNT(*) FROM "personal_connections"  WHERE "personal_connections"."verb_id" = $1[0m  [["verb_id", 722]]
11:09:06 web.1  |   [1m[36m (0.2ms)[0m  [1mSELECT COUNT(*) FROM "personal_connections"  WHERE "personal_connections"."verb_id" = $1[0m  [["verb_id", 1056]]
11:09:06 web.1  |   [1m[35m (0.4ms)[0m  SELECT COUNT(*) FROM "personal_connections"  WHERE "personal_connections"."verb_id" = $1  [["verb_id", 975]]
11:09:06 web.1  |   [1m[35m (0.2ms)[0m  SELECT COUNT(*) FROM "personal_connections"  WHERE "personal_connections"."verb_id" = $1  [["verb_id", 1061]]
11:09:06 web.1  |   [1m[36m (0.3ms)[0m  [1mSELECT COUNT(*) FROM "personal_connections"  WHERE "personal_connections"."verb_id" = $1[0m  [["verb_id", 12]]
11:09:06 web.1  |   [1m[36m (0.2ms)[0m  [1mSELECT COUNT(*) FROM "personal_connections"  WHERE "personal_connections"."verb_id" = $1[0m  [["verb_id", 873]]
11:09:06 web.1  |   [1m[35m (0.3ms)[0m  SELECT COUNT(*) FROM "personal_connections"  WHERE "personal_connections"."verb_id" = $1  [["verb_id", 1412]]
11:09:06 web.1  |   [1m[35m (0.6ms)[0m  SELECT COUNT(*) FROM "personal_connections"  WHERE "personal_connections"."verb_id" = $1  [["verb_id", 536]]
11:09:06 web.1  |   [1m[36m (0.6ms)[0m  [1mSELECT COUNT(*) FROM "personal_connections"  WHERE "personal_connections"."verb_id" = $1[0m  [["verb_id", 1505]]
11:09:06 web.1  |   [1m[36m (0.4ms)[0m  [1mSELECT COUNT(*) FROM "personal_connections"  WHERE "personal_connections"."verb_id" = $1[0m  [["verb_id", 1499]]
11:09:06 web.1  |   [1m[35m (0.3ms)[0m  SELECT COUNT(*) FROM "personal_connections"  WHERE "personal_connections"."verb_id" = $1  [["verb_id", 1096]]
11:09:06 web.1  |   [1m[35m (0.3ms)[0m  SELECT COUNT(*) FROM "personal_connections"  WHERE "personal_connections"."verb_id" = $1  [["verb_id", 859]]
11:09:06 web.1  |   [1m[36m (0.3ms)[0m  [1mSELECT COUNT(*) FROM "personal_connections"  WHERE "personal_connections"."verb_id" = $1[0m  [["verb_id", 1492]]
11:09:06 web.1  |   [1m[36m (0.3ms)[0m  [1mSELECT COUNT(*) FROM "personal_connections"  WHERE "personal_connections"."verb_id" = $1[0m  [["verb_id", 721]]
11:09:06 web.1  |   [1m[35m (0.3ms)[0m  SELECT COUNT(*) FROM "personal_connections"  WHERE "personal_connections"."verb_id" = $1  [["verb_id", 105]]
11:09:06 web.1  |   [1m[35m (0.3ms)[0m  SELECT COUNT(*) FROM "personal_connections"  WHERE "personal_connections"."verb_id" = $1  [["verb_id", 706]]
11:09:06 web.1  |   [1m[36m (0.3ms)[0m  [1mSELECT COUNT(*) FROM "personal_connections"  WHERE "personal_connections"."verb_id" = $1[0m  [["verb_id", 1293]]
11:09:06 web.1  |   [1m[35m (0.3ms)[0m  SELECT COUNT(*) FROM "personal_connections"  WHERE "personal_connections"."verb_id" = $1  [["verb_id", 1020]]
11:09:06 web.1  |   [1m[36m (0.3ms)[0m  [1mSELECT COUNT(*) FROM "personal_connections"  WHERE "personal_connections"."verb_id" = $1[0m  [["verb_id", 729]]
11:09:06 web.1  |   [1m[36m (0.3ms)[0m  [1mSELECT COUNT(*) FROM "personal_connections"  WHERE "personal_connections"."verb_id" = $1[0m  [["verb_id", 1351]]
11:09:06 web.1  |   [1m[35m (0.3ms)[0m  SELECT COUNT(*) FROM "personal_connections"  WHERE "personal_connections"."verb_id" = $1  [["verb_id", 1536]]
11:09:06 web.1  |   [1m[35m (0.3ms)[0m  SELECT COUNT(*) FROM "personal_connections"  WHERE "personal_connections"."verb_id" = $1  [["verb_id", 737]]
11:09:06 web.1  |   [1m[36m (0.3ms)[0m  [1mSELECT COUNT(*) FROM "personal_connections"  WHERE "personal_connections"."verb_id" = $1[0m  [["verb_id", 514]]
11:09:06 web.1  |   [1m[36m (0.4ms)[0m  [1mSELECT COUNT(*) FROM "personal_connections"  WHERE "personal_connections"."verb_id" = $1[0m  [["verb_id", 11]]
11:09:06 web.1  |   [1m[35m (0.3ms)[0m  SELECT COUNT(*) FROM "personal_connections"  WHERE "personal_connections"."verb_id" = $1  [["verb_id", 1133]]
11:09:06 web.1  |   [1m[35m (0.3ms)[0m  SELECT COUNT(*) FROM "personal_connections"  WHERE "personal_connections"."verb_id" = $1  [["verb_id", 742]]
11:09:06 web.1  |   [1m[36m (0.3ms)[0m  [1mSELECT COUNT(*) FROM "personal_connections"  WHERE "personal_connections"."verb_id" = $1[0m  [["verb_id", 1177]]
11:09:06 web.1  |   [1m[36m (0.3ms)[0m  [1mSELECT COUNT(*) FROM "personal_connections"  WHERE "personal_connections"."verb_id" = $1[0m  [["verb_id", 414]]
11:09:06 web.1  |   [1m[35m (0.3ms)[0m  SELECT COUNT(*) FROM "personal_connections"  WHERE "personal_connections"."verb_id" = $1  [["verb_id", 753]]
11:09:06 web.1  |   [1m[35m (0.3ms)[0m  SELECT COUNT(*) FROM "personal_connections"  WHERE "personal_connections"."verb_id" = $1  [["verb_id", 1329]]
11:09:06 web.1  |   [1m[36m (0.4ms)[0m  [1mSELECT COUNT(*) FROM "personal_connections"  WHERE "personal_connections"."verb_id" = $1[0m  [["verb_id", 849]]
11:09:06 web.1  |   [1m[36m (0.3ms)[0m  [1mSELECT COUNT(*) FROM "personal_connections"  WHERE "personal_connections"."verb_id" = $1[0m  [["verb_id", 745]]
11:09:06 web.1  |   [1m[35m (0.3ms)[0m  SELECT COUNT(*) FROM "personal_connections"  WHERE "personal_connections"."verb_id" = $1  [["verb_id", 714]]
11:09:06 web.1  |   [1m[35m (0.3ms)[0m  SELECT COUNT(*) FROM "personal_connections"  WHERE "personal_connections"."verb_id" = $1  [["verb_id", 454]]
11:09:06 web.1  |   [1m[36m (0.3ms)[0m  [1mSELECT COUNT(*) FROM "personal_connections"  WHERE "personal_connections"."verb_id" = $1[0m  [["verb_id", 711]]
11:09:06 web.1  |   [1m[36m (0.4ms)[0m  [1mSELECT COUNT(*) FROM "personal_connections"  WHERE "personal_connections"."verb_id" = $1[0m  [["verb_id", 592]]
11:09:06 web.1  |   [1m[35m (0.3ms)[0m  SELECT COUNT(*) FROM "personal_connections"  WHERE "personal_connections"."verb_id" = $1  [["verb_id", 1472]]
11:09:06 web.1  |   [1m[35m (0.3ms)[0m  SELECT COUNT(*) FROM "personal_connections"  WHERE "personal_connections"."verb_id" = $1  [["verb_id", 1130]]
11:09:06 web.1  |   [1m[36m (0.3ms)[0m  [1mSELECT COUNT(*) FROM "personal_connections"  WHERE "personal_connections"."verb_id" = $1[0m  [["verb_id", 1514]]
11:09:06 web.1  |   [1m[36m (0.4ms)[0m  [1mSELECT COUNT(*) FROM "personal_connections"  WHERE "personal_connections"."verb_id" = $1[0m  [["verb_id", 70]]
11:09:06 web.1  |   [1m[35m (0.3ms)[0m  SELECT COUNT(*) FROM "personal_connections"  WHERE "personal_connections"."verb_id" = $1  [["verb_id", 1470]]
11:09:06 web.1  |   [1m[35m (0.3ms)[0m  SELECT COUNT(*) FROM "personal_connections"  WHERE "personal_connections"."verb_id" = $1  [["verb_id", 1374]]
11:09:06 web.1  |   [1m[36m (0.2ms)[0m  [1mSELECT COUNT(*) FROM "personal_connections"  WHERE "personal_connections"."verb_id" = $1[0m  [["verb_id", 1034]]
11:09:06 web.1  |   [1m[35m (0.3ms)[0m  SELECT COUNT(*) FROM "personal_connections"  WHERE "personal_connections"."verb_id" = $1  [["verb_id", 991]]
11:09:06 web.1  |   [1m[36m (0.2ms)[0m  [1mSELECT COUNT(*) FROM "personal_connections"  WHERE "personal_connections"."verb_id" = $1[0m  [["verb_id", 1373]]
11:09:06 web.1  |   [1m[36m (0.3ms)[0m  [1mSELECT COUNT(*) FROM "personal_connections"  WHERE "personal_connections"."verb_id" = $1[0m  [["verb_id", 957]]
11:09:06 web.1  |   [1m[35m (0.3ms)[0m  SELECT COUNT(*) FROM "personal_connections"  WHERE "personal_connections"."verb_id" = $1  [["verb_id", 1437]]
11:09:06 web.1  |   [1m[36m (0.3ms)[0m  [1mSELECT COUNT(*) FROM "personal_connections"  WHERE "personal_connections"."verb_id" = $1[0m  [["verb_id", 1046]]
11:09:06 web.1  |   [1m[35m (0.3ms)[0m  SELECT COUNT(*) FROM "personal_connections"  WHERE "personal_connections"."verb_id" = $1  [["verb_id", 254]]
11:09:06 web.1  |   [1m[35m (0.4ms)[0m  SELECT COUNT(*) FROM "personal_connections"  WHERE "personal_connections"."verb_id" = $1  [["verb_id", 852]]
11:09:06 web.1  |   [1m[36m (0.3ms)[0m  [1mSELECT COUNT(*) FROM "personal_connections"  WHERE "personal_connections"."verb_id" = $1[0m  [["verb_id", 990]]
11:09:06 web.1  |   [1m[36m (0.3ms)[0m  [1mSELECT COUNT(*) FROM "personal_connections"  WHERE "personal_connections"."verb_id" = $1[0m  [["verb_id", 1550]]
11:09:06 web.1  |   [1m[35m (0.5ms)[0m  SELECT COUNT(*) FROM "personal_connections"  WHERE "personal_connections"."verb_id" = $1  [["verb_id", 586]]
11:09:06 web.1  |   [1m[35m (0.4ms)[0m  SELECT COUNT(*) FROM "personal_connections"  WHERE "personal_connections"."verb_id" = $1  [["verb_id", 23]]
11:09:06 web.1  |   [1m[36m (0.9ms)[0m  [1mSELECT COUNT(*) FROM "personal_connections"  WHERE "personal_connections"."verb_id" = $1[0m  [["verb_id", 1471]]
11:09:06 web.1  |   [1m[36m (0.3ms)[0m  [1mSELECT COUNT(*) FROM "personal_connections"  WHERE "personal_connections"."verb_id" = $1[0m  [["verb_id", 412]]
11:09:06 web.1  |   [1m[35m (0.3ms)[0m  SELECT COUNT(*) FROM "personal_connections"  WHERE "personal_connections"."verb_id" = $1  [["verb_id", 698]]
11:09:06 web.1  |   [1m[35m (0.2ms)[0m  SELECT COUNT(*) FROM "personal_connections"  WHERE "personal_connections"."verb_id" = $1  [["verb_id", 1071]]
11:09:06 web.1  |   [1m[36m (0.2ms)[0m  [1mSELECT COUNT(*) FROM "personal_connections"  WHERE "personal_connections"."verb_id" = $1[0m  [["verb_id", 1180]]
11:09:06 web.1  |   [1m[36m (0.6ms)[0m  [1mSELECT COUNT(*) FROM "personal_connections"  WHERE "personal_connections"."verb_id" = $1[0m  [["verb_id", 1006]]
11:09:06 web.1  |   [1m[35m (0.5ms)[0m  SELECT COUNT(*) FROM "personal_connections"  WHERE "personal_connections"."verb_id" = $1  [["verb_id", 1544]]
11:09:06 web.1  |   [1m[35m (0.3ms)[0m  SELECT COUNT(*) FROM "personal_connections"  WHERE "personal_connections"."verb_id" = $1  [["verb_id", 843]]
11:09:06 web.1  |   [1m[36m (0.5ms)[0m  [1mSELECT COUNT(*) FROM "personal_connections"  WHERE "personal_connections"."verb_id" = $1[0m  [["verb_id", 1331]]
11:09:06 web.1  |   [1m[36m (0.5ms)[0m  [1mSELECT COUNT(*) FROM "personal_connections"  WHERE "personal_connections"."verb_id" = $1[0m  [["verb_id", 1128]]
11:09:06 web.1  |   [1m[35m (0.3ms)[0m  SELECT COUNT(*) FROM "personal_connections"  WHERE "personal_connections"."verb_id" = $1  [["verb_id", 346]]
11:09:06 web.1  |   [1m[35m (0.3ms)[0m  SELECT COUNT(*) FROM "personal_connections"  WHERE "personal_connections"."verb_id" = $1  [["verb_id", 588]]
11:09:06 web.1  |   [1m[36m (0.3ms)[0m  [1mSELECT COUNT(*) FROM "personal_connections"  WHERE "personal_connections"."verb_id" = $1[0m  [["verb_id", 348]]
11:09:06 web.1  |   [1m[36m (0.3ms)[0m  [1mSELECT COUNT(*) FROM "personal_connections"  WHERE "personal_connections"."verb_id" = $1[0m  [["verb_id", 1110]]
11:09:06 web.1  |   [1m[35m (0.3ms)[0m  SELECT COUNT(*) FROM "personal_connections"  WHERE "personal_connections"."verb_id" = $1  [["verb_id", 1487]]
11:09:06 web.1  |   [1m[35m (1.8ms)[0m  SELECT COUNT(*) FROM "personal_connections"  WHERE "personal_connections"."verb_id" = $1  [["verb_id", 1306]]
11:09:06 web.1  |   [1m[36m (0.3ms)[0m  [1mSELECT COUNT(*) FROM "personal_connections"  WHERE "personal_connections"."verb_id" = $1[0m  [["verb_id", 1523]]
11:09:06 web.1  |   [1m[35m (0.3ms)[0m  SELECT COUNT(*) FROM "personal_connections"  WHERE "personal_connections"."verb_id" = $1  [["verb_id", 1083]]
11:09:06 web.1  |   [1m[36m (0.5ms)[0m  [1mSELECT COUNT(*) FROM "personal_connections"  WHERE "personal_connections"."verb_id" = $1[0m  [["verb_id", 1450]]
11:09:06 web.1  |   [1m[36m (0.4ms)[0m  [1mSELECT COUNT(*) FROM "personal_connections"  WHERE "personal_connections"."verb_id" = $1[0m  [["verb_id", 14]]
11:09:06 web.1  |   [1m[35m (0.5ms)[0m  SELECT COUNT(*) FROM "personal_connections"  WHERE "personal_connections"."verb_id" = $1  [["verb_id", 669]]
11:09:06 web.1  |   [1m[35m (0.3ms)[0m  SELECT COUNT(*) FROM "personal_connections"  WHERE "personal_connections"."verb_id" = $1  [["verb_id", 1301]]
11:09:06 web.1  |   [1m[36m (0.5ms)[0m  [1mSELECT COUNT(*) FROM "personal_connections"  WHERE "personal_connections"."verb_id" = $1[0m  [["verb_id", 1251]]
11:09:06 web.1  |   [1m[36m (0.4ms)[0m  [1mSELECT COUNT(*) FROM "personal_connections"  WHERE "personal_connections"."verb_id" = $1[0m  [["verb_id", 246]]
11:09:06 web.1  |   [1m[35m (0.6ms)[0m  SELECT COUNT(*) FROM "personal_connections"  WHERE "personal_connections"."verb_id" = $1  [["verb_id", 1175]]
11:09:06 web.1  |   [1m[35m (0.3ms)[0m  SELECT COUNT(*) FROM "personal_connections"  WHERE "personal_connections"."verb_id" = $1  [["verb_id", 709]]
11:09:06 web.1  |   [1m[36m (0.4ms)[0m  [1mSELECT COUNT(*) FROM "personal_connections"  WHERE "personal_connections"."verb_id" = $1[0m  [["verb_id", 862]]
11:09:06 web.1  |   [1m[36m (0.3ms)[0m  [1mSELECT COUNT(*) FROM "personal_connections"  WHERE "personal_connections"."verb_id" = $1[0m  [["verb_id", 1174]]
11:09:06 web.1  |   [1m[35m (0.3ms)[0m  SELECT COUNT(*) FROM "personal_connections"  WHERE "personal_connections"."verb_id" = $1  [["verb_id", 1433]]
11:09:06 web.1  |   [1m[35m (0.8ms)[0m  SELECT COUNT(*) FROM "personal_connections"  WHERE "personal_connections"."verb_id" = $1  [["verb_id", 276]]
11:09:06 web.1  |   [1m[36m (0.4ms)[0m  [1mSELECT COUNT(*) FROM "personal_connections"  WHERE "personal_connections"."verb_id" = $1[0m  [["verb_id", 137]]
11:09:06 web.1  |   [1m[36m (0.5ms)[0m  [1mSELECT COUNT(*) FROM "personal_connections"  WHERE "personal_connections"."verb_id" = $1[0m  [["verb_id", 949]]
11:09:06 web.1  |   [1m[35m (0.6ms)[0m  SELECT COUNT(*) FROM "personal_connections"  WHERE "personal_connections"."verb_id" = $1  [["verb_id", 722]]
11:09:06 web.1  |   [1m[35m (0.5ms)[0m  SELECT COUNT(*) FROM "personal_connections"  WHERE "personal_connections"."verb_id" = $1  [["verb_id", 193]]
11:09:06 web.1  |   [1m[36m (0.3ms)[0m  [1mSELECT COUNT(*) FROM "personal_connections"  WHERE "personal_connections"."verb_id" = $1[0m  [["verb_id", 1248]]
11:09:06 web.1  |   [1m[36m (0.2ms)[0m  [1mSELECT COUNT(*) FROM "personal_connections"  WHERE "personal_connections"."verb_id" = $1[0m  [["verb_id", 975]]
11:09:06 web.1  |   [1m[35m (0.4ms)[0m  SELECT COUNT(*) FROM "personal_connections"  WHERE "personal_connections"."verb_id" = $1  [["verb_id", 734]]
11:09:06 web.1  |   [1m[35m (0.2ms)[0m  SELECT COUNT(*) FROM "personal_connections"  WHERE "personal_connections"."verb_id" = $1  [["verb_id", 873]]
11:09:06 web.1  |   [1m[36m (0.3ms)[0m  [1mSELECT COUNT(*) FROM "personal_connections"  WHERE "personal_connections"."verb_id" = $1[0m  [["verb_id", 913]]
11:09:06 web.1  |   [1m[36m (0.3ms)[0m  [1mSELECT COUNT(*) FROM "personal_connections"  WHERE "personal_connections"."verb_id" = $1[0m  [["verb_id", 536]]
11:09:06 web.1  |   [1m[35m (0.3ms)[0m  SELECT COUNT(*) FROM "personal_connections"  WHERE "personal_connections"."verb_id" = $1  [["verb_id", 1571]]
11:09:06 web.1  |   [1m[35m (0.4ms)[0m  SELECT COUNT(*) FROM "personal_connections"  WHERE "personal_connections"."verb_id" = $1  [["verb_id", 1499]]
11:09:06 web.1  |   [1m[36m (0.6ms)[0m  [1mSELECT COUNT(*) FROM "personal_connections"  WHERE "personal_connections"."verb_id" = $1[0m  [["verb_id", 700]]
11:09:06 web.1  |   [1m[36m (0.5ms)[0m  [1mSELECT COUNT(*) FROM "personal_connections"  WHERE "personal_connections"."verb_id" = $1[0m  [["verb_id", 859]]
11:09:07 web.1  |   [1m[35m (0.4ms)[0m  SELECT COUNT(*) FROM "personal_connections"  WHERE "personal_connections"."verb_id" = $1  [["verb_id", 950]]
11:09:07 web.1  |   [1m[35m (0.5ms)[0m  SELECT COUNT(*) FROM "personal_connections"  WHERE "personal_connections"."verb_id" = $1  [["verb_id", 721]]
11:09:07 web.1  |   [1m[36m (0.3ms)[0m  [1mSELECT COUNT(*) FROM "personal_connections"  WHERE "personal_connections"."verb_id" = $1[0m  [["verb_id", 1398]]
11:09:07 web.1  |   [1m[36m (0.5ms)[0m  [1mSELECT COUNT(*) FROM "personal_connections"  WHERE "personal_connections"."verb_id" = $1[0m  [["verb_id", 706]]
11:09:07 web.1  |   [1m[35m (0.3ms)[0m  SELECT COUNT(*) FROM "personal_connections"  WHERE "personal_connections"."verb_id" = $1  [["verb_id", 472]]
11:09:07 web.1  |   [1m[35m (0.5ms)[0m  SELECT COUNT(*) FROM "personal_connections"  WHERE "personal_connections"."verb_id" = $1  [["verb_id", 729]]
11:09:07 web.1  |   [1m[36m (0.3ms)[0m  [1mSELECT COUNT(*) FROM "personal_connections"  WHERE "personal_connections"."verb_id" = $1[0m  [["verb_id", 1519]]
11:09:07 web.1  |   [1m[36m (0.3ms)[0m  [1mSELECT COUNT(*) FROM "personal_connections"  WHERE "personal_connections"."verb_id" = $1[0m  [["verb_id", 1536]]
11:09:07 web.1  |   [1m[35m (0.3ms)[0m  SELECT COUNT(*) FROM "personal_connections"  WHERE "personal_connections"."verb_id" = $1  [["verb_id", 699]]
11:09:07 web.1  |   [1m[35m (1.1ms)[0m  SELECT COUNT(*) FROM "personal_connections"  WHERE "personal_connections"."verb_id" = $1  [["verb_id", 514]]
11:09:07 web.1  |   [1m[36m (0.4ms)[0m  [1mSELECT COUNT(*) FROM "personal_connections"  WHERE "personal_connections"."verb_id" = $1[0m  [["verb_id", 976]]
11:09:07 web.1  |   [1m[36m (0.5ms)[0m  [1mSELECT COUNT(*) FROM "personal_connections"  WHERE "personal_connections"."verb_id" = $1[0m  [["verb_id", 1133]]
11:09:07 web.1  |   [1m[35m (0.3ms)[0m  SELECT COUNT(*) FROM "personal_connections"  WHERE "personal_connections"."verb_id" = $1  [["verb_id", 1207]]
11:09:07 web.1  |   [1m[35m (0.5ms)[0m  SELECT COUNT(*) FROM "personal_connections"  WHERE "personal_connections"."verb_id" = $1  [["verb_id", 1177]]
11:09:07 web.1  |   [1m[36m (0.4ms)[0m  [1mSELECT COUNT(*) FROM "personal_connections"  WHERE "personal_connections"."verb_id" = $1[0m  [["verb_id", 1291]]
11:09:07 web.1  |   [1m[36m (0.2ms)[0m  [1mSELECT COUNT(*) FROM "personal_connections"  WHERE "personal_connections"."verb_id" = $1[0m  [["verb_id", 1329]]
11:09:07 web.1  |   [1m[35m (0.4ms)[0m  SELECT COUNT(*) FROM "personal_connections"  WHERE "personal_connections"."verb_id" = $1  [["verb_id", 863]]
11:09:07 web.1  |   [1m[35m (0.2ms)[0m  SELECT COUNT(*) FROM "personal_connections"  WHERE "personal_connections"."verb_id" = $1  [["verb_id", 745]]
11:09:07 web.1  |   [1m[36m (0.4ms)[0m  [1mSELECT COUNT(*) FROM "personal_connections"  WHERE "personal_connections"."verb_id" = $1[0m  [["verb_id", 454]]
11:09:07 web.1  |   [1m[36m (0.5ms)[0m  [1mSELECT COUNT(*) FROM "personal_connections"  WHERE "personal_connections"."verb_id" = $1[0m  [["verb_id", 1368]]
11:09:07 web.1  |   [1m[35m (0.3ms)[0m  SELECT COUNT(*) FROM "personal_connections"  WHERE "personal_connections"."verb_id" = $1  [["verb_id", 516]]
11:09:07 web.1  |   [1m[35m (0.6ms)[0m  SELECT COUNT(*) FROM "personal_connections"  WHERE "personal_connections"."verb_id" = $1  [["verb_id", 592]]
11:09:07 web.1  |   [1m[36m (0.4ms)[0m  [1mSELECT COUNT(*) FROM "personal_connections"  WHERE "personal_connections"."verb_id" = $1[0m  [["verb_id", 1130]]
11:09:07 web.1  |   [1m[36m (0.2ms)[0m  [1mSELECT COUNT(*) FROM "personal_connections"  WHERE "personal_connections"."verb_id" = $1[0m  [["verb_id", 969]]
11:09:07 web.1  |   [1m[35m (0.4ms)[0m  SELECT COUNT(*) FROM "personal_connections"  WHERE "personal_connections"."verb_id" = $1  [["verb_id", 883]]
11:09:07 web.1  |   [1m[35m (0.3ms)[0m  SELECT COUNT(*) FROM "personal_connections"  WHERE "personal_connections"."verb_id" = $1  [["verb_id", 70]]
11:09:07 web.1  |   [1m[36m (0.4ms)[0m  [1mSELECT COUNT(*) FROM "personal_connections"  WHERE "personal_connections"."verb_id" = $1[0m  [["verb_id", 1374]]
11:09:07 web.1  |   [1m[36m (0.4ms)[0m  [1mSELECT COUNT(*) FROM "personal_connections"  WHERE "personal_connections"."verb_id" = $1[0m  [["verb_id", 1168]]
11:09:07 web.1  |   [1m[35m (0.6ms)[0m  SELECT COUNT(*) FROM "personal_connections"  WHERE "personal_connections"."verb_id" = $1  [["verb_id", 1373]]
11:09:07 web.1  |   [1m[36m (0.4ms)[0m  [1mSELECT COUNT(*) FROM "personal_connections"  WHERE "personal_connections"."verb_id" = $1[0m  [["verb_id", 1437]]
11:09:07 web.1  |   [1m[35m (0.2ms)[0m  SELECT COUNT(*) FROM "personal_connections"  WHERE "personal_connections"."verb_id" = $1  [["verb_id", 782]]
11:09:07 web.1  |   [1m[35m (0.6ms)[0m  SELECT COUNT(*) FROM "personal_connections"  WHERE "personal_connections"."verb_id" = $1  [["verb_id", 1046]]
11:09:07 web.1  |   [1m[36m (0.3ms)[0m  [1mSELECT COUNT(*) FROM "personal_connections"  WHERE "personal_connections"."verb_id" = $1[0m  [["verb_id", 852]]
11:09:07 web.1  |   [1m[36m (0.5ms)[0m  [1mSELECT COUNT(*) FROM "personal_connections"  WHERE "personal_connections"."verb_id" = $1[0m  [["verb_id", 1588]]
11:09:07 web.1  |   [1m[35m (0.5ms)[0m  SELECT COUNT(*) FROM "personal_connections"  WHERE "personal_connections"."verb_id" = $1  [["verb_id", 1550]]
11:09:07 web.1  |   [1m[35m (0.5ms)[0m  SELECT COUNT(*) FROM "personal_connections"  WHERE "personal_connections"."verb_id" = $1  [["verb_id", 740]]
11:09:07 web.1  |   [1m[36m (0.6ms)[0m  [1mSELECT COUNT(*) FROM "personal_connections"  WHERE "personal_connections"."verb_id" = $1[0m  [["verb_id", 23]]
11:09:07 web.1  |   [1m[36m (0.3ms)[0m  [1mSELECT COUNT(*) FROM "personal_connections"  WHERE "personal_connections"."verb_id" = $1[0m  [["verb_id", 1074]]
11:09:07 web.1  |   [1m[35m (1.2ms)[0m  SELECT COUNT(*) FROM "personal_connections"  WHERE "personal_connections"."verb_id" = $1  [["verb_id", 412]]
11:09:07 web.1  |   [1m[35m (0.5ms)[0m  SELECT COUNT(*) FROM "personal_connections"  WHERE "personal_connections"."verb_id" = $1  [["verb_id", 624]]
11:09:07 web.1  |   [1m[36m (0.3ms)[0m  [1mSELECT COUNT(*) FROM "personal_connections"  WHERE "personal_connections"."verb_id" = $1[0m  [["verb_id", 1071]]
11:09:07 web.1  |   [1m[36m (0.5ms)[0m  [1mSELECT COUNT(*) FROM "personal_connections"  WHERE "personal_connections"."verb_id" = $1[0m  [["verb_id", 989]]
11:09:07 web.1  |   [1m[35m (0.3ms)[0m  SELECT COUNT(*) FROM "personal_connections"  WHERE "personal_connections"."verb_id" = $1  [["verb_id", 1180]]
11:09:07 web.1  |   [1m[35m (0.5ms)[0m  SELECT COUNT(*) FROM "personal_connections"  WHERE "personal_connections"."verb_id" = $1  [["verb_id", 1548]]
11:09:07 web.1  |   [1m[36m (0.5ms)[0m  [1mSELECT COUNT(*) FROM "personal_connections"  WHERE "personal_connections"."verb_id" = $1[0m  [["verb_id", 1544]]
11:09:07 web.1  |   [1m[36m (0.5ms)[0m  [1mSELECT COUNT(*) FROM "personal_connections"  WHERE "personal_connections"."verb_id" = $1[0m  [["verb_id", 44]]
11:09:07 web.1  |   [1m[35m (0.5ms)[0m  SELECT COUNT(*) FROM "personal_connections"  WHERE "personal_connections"."verb_id" = $1  [["verb_id", 1331]]
11:09:07 web.1  |   [1m[35m (0.3ms)[0m  SELECT COUNT(*) FROM "personal_connections"  WHERE "personal_connections"."verb_id" = $1  [["verb_id", 1260]]
11:09:07 web.1  |   [1m[36m (0.3ms)[0m  [1mSELECT COUNT(*) FROM "personal_connections"  WHERE "personal_connections"."verb_id" = $1[0m  [["verb_id", 346]]
11:09:07 web.1  |   [1m[36m (0.5ms)[0m  [1mSELECT COUNT(*) FROM "personal_connections"  WHERE "personal_connections"."verb_id" = $1[0m  [["verb_id", 1358]]
11:09:07 web.1  |   [1m[35m (0.3ms)[0m  SELECT COUNT(*) FROM "personal_connections"  WHERE "personal_connections"."verb_id" = $1  [["verb_id", 348]]
11:09:07 web.1  |   [1m[35m (0.5ms)[0m  SELECT COUNT(*) FROM "personal_connections"  WHERE "personal_connections"."verb_id" = $1  [["verb_id", 1021]]
11:09:07 web.1  |   [1m[36m (0.6ms)[0m  [1mSELECT COUNT(*) FROM "personal_connections"  WHERE "personal_connections"."verb_id" = $1[0m  [["verb_id", 1487]]
11:09:07 web.1  |   [1m[36m (0.5ms)[0m  [1mSELECT COUNT(*) FROM "personal_connections"  WHERE "personal_connections"."verb_id" = $1[0m  [["verb_id", 268]]
11:09:07 web.1  |   [1m[35m (0.3ms)[0m  SELECT COUNT(*) FROM "personal_connections"  WHERE "personal_connections"."verb_id" = $1  [["verb_id", 1523]]
11:09:07 web.1  |   [1m[35m (0.3ms)[0m  SELECT COUNT(*) FROM "personal_connections"  WHERE "personal_connections"."verb_id" = $1  [["verb_id", 983]]
11:09:07 web.1  |   [1m[36m (0.3ms)[0m  [1mSELECT COUNT(*) FROM "personal_connections"  WHERE "personal_connections"."verb_id" = $1[0m  [["verb_id", 1083]]
11:09:07 web.1  |   [1m[36m (0.3ms)[0m  [1mSELECT COUNT(*) FROM "personal_connections"  WHERE "personal_connections"."verb_id" = $1[0m  [["verb_id", 796]]
11:09:07 web.1  |   [1m[35m (0.3ms)[0m  SELECT COUNT(*) FROM "personal_connections"  WHERE "personal_connections"."verb_id" = $1  [["verb_id", 14]]
11:09:07 web.1  |   [1m[35m (0.5ms)[0m  SELECT COUNT(*) FROM "personal_connections"  WHERE "personal_connections"."verb_id" = $1  [["verb_id", 1401]]
11:09:07 web.1  |   [1m[36m (0.3ms)[0m  [1mSELECT COUNT(*) FROM "personal_connections"  WHERE "personal_connections"."verb_id" = $1[0m  [["verb_id", 1301]]
11:09:07 web.1  |   [1m[36m (0.3ms)[0m  [1mSELECT COUNT(*) FROM "personal_connections"  WHERE "personal_connections"."verb_id" = $1[0m  [["verb_id", 1203]]
11:09:07 web.1  |   [1m[35m (0.3ms)[0m  SELECT COUNT(*) FROM "personal_connections"  WHERE "personal_connections"."verb_id" = $1  [["verb_id", 246]]
11:09:07 web.1  |   [1m[35m (0.3ms)[0m  SELECT COUNT(*) FROM "personal_connections"  WHERE "personal_connections"."verb_id" = $1  [["verb_id", 774]]
11:09:07 web.1  |   [1m[36m (0.3ms)[0m  [1mSELECT COUNT(*) FROM "personal_connections"  WHERE "personal_connections"."verb_id" = $1[0m  [["verb_id", 709]]
11:09:07 web.1  |   [1m[36m (0.3ms)[0m  [1mSELECT COUNT(*) FROM "personal_connections"  WHERE "personal_connections"."verb_id" = $1[0m  [["verb_id", 1011]]
11:09:07 web.1  |   [1m[35m (0.3ms)[0m  SELECT COUNT(*) FROM "personal_connections"  WHERE "personal_connections"."verb_id" = $1  [["verb_id", 862]]
11:09:07 web.1  |   [1m[36m (0.3ms)[0m  [1mSELECT COUNT(*) FROM "personal_connections"  WHERE "personal_connections"."verb_id" = $1[0m  [["verb_id", 276]]
11:09:07 web.1  |   [1m[35m (0.3ms)[0m  SELECT COUNT(*) FROM "personal_connections"  WHERE "personal_connections"."verb_id" = $1  [["verb_id", 712]]
11:09:07 web.1  |   [1m[35m (0.3ms)[0m  SELECT COUNT(*) FROM "personal_connections"  WHERE "personal_connections"."verb_id" = $1  [["verb_id", 949]]
11:09:07 web.1  |   [1m[36m (0.3ms)[0m  [1mSELECT COUNT(*) FROM "personal_connections"  WHERE "personal_connections"."verb_id" = $1[0m  [["verb_id", 328]]
11:09:07 web.1  |   [1m[36m (0.4ms)[0m  [1mSELECT COUNT(*) FROM "personal_connections"  WHERE "personal_connections"."verb_id" = $1[0m  [["verb_id", 193]]
11:09:07 web.1  |   [1m[35m (0.3ms)[0m  SELECT COUNT(*) FROM "personal_connections"  WHERE "personal_connections"."verb_id" = $1  [["verb_id", 733]]
11:09:07 web.1  |   [1m[35m (0.3ms)[0m  SELECT COUNT(*) FROM "personal_connections"  WHERE "personal_connections"."verb_id" = $1  [["verb_id", 1248]]
11:09:07 web.1  |   [1m[36m (0.3ms)[0m  [1mSELECT COUNT(*) FROM "personal_connections"  WHERE "personal_connections"."verb_id" = $1[0m  [["verb_id", 1003]]
11:09:07 web.1  |   [1m[36m (0.3ms)[0m  [1mSELECT COUNT(*) FROM "personal_connections"  WHERE "personal_connections"."verb_id" = $1[0m  [["verb_id", 734]]
11:09:07 web.1  |   [1m[35m (0.3ms)[0m  SELECT COUNT(*) FROM "personal_connections"  WHERE "personal_connections"."verb_id" = $1  [["verb_id", 1508]]
11:09:07 web.1  |   [1m[35m (0.3ms)[0m  SELECT COUNT(*) FROM "personal_connections"  WHERE "personal_connections"."verb_id" = $1  [["verb_id", 913]]
11:09:07 web.1  |   [1m[36m (0.3ms)[0m  [1mSELECT COUNT(*) FROM "personal_connections"  WHERE "personal_connections"."verb_id" = $1[0m  [["verb_id", 1571]]
11:09:07 web.1  |   [1m[36m (0.3ms)[0m  [1mSELECT COUNT(*) FROM "personal_connections"  WHERE "personal_connections"."verb_id" = $1[0m  [["verb_id", 252]]
11:09:07 web.1  |   [1m[35m (0.3ms)[0m  SELECT COUNT(*) FROM "personal_connections"  WHERE "personal_connections"."verb_id" = $1  [["verb_id", 700]]
11:09:07 web.1  |   [1m[35m (0.3ms)[0m  SELECT COUNT(*) FROM "personal_connections"  WHERE "personal_connections"."verb_id" = $1  [["verb_id", 1127]]
11:09:07 web.1  |   [1m[36m (0.3ms)[0m  [1mSELECT COUNT(*) FROM "personal_connections"  WHERE "personal_connections"."verb_id" = $1[0m  [["verb_id", 950]]
11:09:07 web.1  |   [1m[36m (0.4ms)[0m  [1mSELECT COUNT(*) FROM "personal_connections"  WHERE "personal_connections"."verb_id" = $1[0m  [["verb_id", 1241]]
11:09:07 web.1  |   [1m[35m (0.3ms)[0m  SELECT COUNT(*) FROM "personal_connections"  WHERE "personal_connections"."verb_id" = $1  [["verb_id", 1398]]
11:09:07 web.1  |   [1m[35m (0.3ms)[0m  SELECT COUNT(*) FROM "personal_connections"  WHERE "personal_connections"."verb_id" = $1  [["verb_id", 1578]]
11:09:07 web.1  |   [1m[36m (0.3ms)[0m  [1mSELECT COUNT(*) FROM "personal_connections"  WHERE "personal_connections"."verb_id" = $1[0m  [["verb_id", 472]]
11:09:07 web.1  |   [1m[36m (0.3ms)[0m  [1mSELECT COUNT(*) FROM "personal_connections"  WHERE "personal_connections"."verb_id" = $1[0m  [["verb_id", 1452]]
11:09:07 web.1  |   [1m[35m (0.3ms)[0m  SELECT COUNT(*) FROM "personal_connections"  WHERE "personal_connections"."verb_id" = $1  [["verb_id", 1519]]
11:09:07 web.1  |   [1m[35m (0.3ms)[0m  SELECT COUNT(*) FROM "personal_connections"  WHERE "personal_connections"."verb_id" = $1  [["verb_id", 1051]]
11:09:07 web.1  |   [1m[36m (0.3ms)[0m  [1mSELECT COUNT(*) FROM "personal_connections"  WHERE "personal_connections"."verb_id" = $1[0m  [["verb_id", 699]]
11:09:07 web.1  |   [1m[36m (0.3ms)[0m  [1mSELECT COUNT(*) FROM "personal_connections"  WHERE "personal_connections"."verb_id" = $1[0m  [["verb_id", 660]]
11:09:07 web.1  |   [1m[35m (0.3ms)[0m  SELECT COUNT(*) FROM "personal_connections"  WHERE "personal_connections"."verb_id" = $1  [["verb_id", 976]]
11:09:07 web.1  |   [1m[35m (0.3ms)[0m  SELECT COUNT(*) FROM "personal_connections"  WHERE "personal_connections"."verb_id" = $1  [["verb_id", 664]]
11:09:07 web.1  |   [1m[36m (0.3ms)[0m  [1mSELECT COUNT(*) FROM "personal_connections"  WHERE "personal_connections"."verb_id" = $1[0m  [["verb_id", 1207]]
11:09:07 web.1  |   [1m[36m (0.3ms)[0m  [1mSELECT COUNT(*) FROM "personal_connections"  WHERE "personal_connections"."verb_id" = $1[0m  [["verb_id", 1184]]
11:09:07 web.1  |   [1m[35m (0.3ms)[0m  SELECT COUNT(*) FROM "personal_connections"  WHERE "personal_connections"."verb_id" = $1  [["verb_id", 1291]]
11:09:07 web.1  |   [1m[35m (0.3ms)[0m  SELECT COUNT(*) FROM "personal_connections"  WHERE "personal_connections"."verb_id" = $1  [["verb_id", 837]]
11:09:07 web.1  |   [1m[36m (0.3ms)[0m  [1mSELECT COUNT(*) FROM "personal_connections"  WHERE "personal_connections"."verb_id" = $1[0m  [["verb_id", 863]]
11:09:07 web.1  |   [1m[36m (0.3ms)[0m  [1mSELECT COUNT(*) FROM "personal_connections"  WHERE "personal_connections"."verb_id" = $1[0m  [["verb_id", 1244]]
11:09:07 web.1  |   [1m[35m (0.3ms)[0m  SELECT COUNT(*) FROM "personal_connections"  WHERE "personal_connections"."verb_id" = $1  [["verb_id", 1368]]
11:09:07 web.1  |   [1m[35m (0.3ms)[0m  SELECT COUNT(*) FROM "personal_connections"  WHERE "personal_connections"."verb_id" = $1  [["verb_id", 1527]]
11:09:07 web.1  |   [1m[36m (0.3ms)[0m  [1mSELECT COUNT(*) FROM "personal_connections"  WHERE "personal_connections"."verb_id" = $1[0m  [["verb_id", 516]]
11:09:07 web.1  |   [1m[36m (0.3ms)[0m  [1mSELECT COUNT(*) FROM "personal_connections"  WHERE "personal_connections"."verb_id" = $1[0m  [["verb_id", 997]]
11:09:07 web.1  |   [1m[35m (0.3ms)[0m  SELECT COUNT(*) FROM "personal_connections"  WHERE "personal_connections"."verb_id" = $1  [["verb_id", 974]]
11:09:07 web.1  |   [1m[35m (0.3ms)[0m  SELECT COUNT(*) FROM "personal_connections"  WHERE "personal_connections"."verb_id" = $1  [["verb_id", 969]]
11:09:07 web.1  |   [1m[36m (0.3ms)[0m  [1mSELECT COUNT(*) FROM "personal_connections"  WHERE "personal_connections"."verb_id" = $1[0m  [["verb_id", 1085]]
11:09:07 web.1  |   [1m[36m (0.3ms)[0m  [1mSELECT COUNT(*) FROM "personal_connections"  WHERE "personal_connections"."verb_id" = $1[0m  [["verb_id", 883]]
11:09:07 web.1  |   [1m[35m (0.3ms)[0m  SELECT COUNT(*) FROM "personal_connections"  WHERE "personal_connections"."verb_id" = $1  [["verb_id", 260]]
11:09:07 web.1  |   [1m[35m (0.3ms)[0m  SELECT COUNT(*) FROM "personal_connections"  WHERE "personal_connections"."verb_id" = $1  [["verb_id", 1168]]
11:09:07 web.1  |   [1m[36m (0.4ms)[0m  [1mSELECT COUNT(*) FROM "personal_connections"  WHERE "personal_connections"."verb_id" = $1[0m  [["verb_id", 1078]]
11:09:07 web.1  |   [1m[36m (0.3ms)[0m  [1mSELECT COUNT(*) FROM "personal_connections"  WHERE "personal_connections"."verb_id" = $1[0m  [["verb_id", 782]]
11:09:07 web.1  |   [1m[35m (0.3ms)[0m  SELECT COUNT(*) FROM "personal_connections"  WHERE "personal_connections"."verb_id" = $1  [["verb_id", 1187]]
11:09:07 web.1  |   [1m[35m (0.3ms)[0m  SELECT COUNT(*) FROM "personal_connections"  WHERE "personal_connections"."verb_id" = $1  [["verb_id", 1588]]
11:09:07 web.1  |   [1m[36m (0.2ms)[0m  [1mSELECT COUNT(*) FROM "personal_connections"  WHERE "personal_connections"."verb_id" = $1[0m  [["verb_id", 189]]
11:09:07 web.1  |   [1m[36m (0.2ms)[0m  [1mSELECT COUNT(*) FROM "personal_connections"  WHERE "personal_connections"."verb_id" = $1[0m  [["verb_id", 740]]
11:09:07 web.1  |   [1m[35m (0.3ms)[0m  SELECT COUNT(*) FROM "personal_connections"  WHERE "personal_connections"."verb_id" = $1  [["verb_id", 1419]]
11:09:07 web.1  |   [1m[36m (0.3ms)[0m  [1mSELECT COUNT(*) FROM "personal_connections"  WHERE "personal_connections"."verb_id" = $1[0m  [["verb_id", 1511]]
11:09:07 web.1  |   [1m[35m (0.3ms)[0m  SELECT COUNT(*) FROM "personal_connections"  WHERE "personal_connections"."verb_id" = $1  [["verb_id", 1074]]
11:09:07 web.1  |   [1m[35m (0.3ms)[0m  SELECT COUNT(*) FROM "personal_connections"  WHERE "personal_connections"."verb_id" = $1  [["verb_id", 875]]
11:09:07 web.1  |   [1m[36m (0.3ms)[0m  [1mSELECT COUNT(*) FROM "personal_connections"  WHERE "personal_connections"."verb_id" = $1[0m  [["verb_id", 624]]
11:09:07 web.1  |   [1m[36m (0.3ms)[0m  [1mSELECT COUNT(*) FROM "personal_connections"  WHERE "personal_connections"."verb_id" = $1[0m  [["verb_id", 616]]
11:09:07 web.1  |   [1m[35m (0.3ms)[0m  SELECT COUNT(*) FROM "personal_connections"  WHERE "personal_connections"."verb_id" = $1  [["verb_id", 989]]
11:09:07 web.1  |   [1m[35m (0.3ms)[0m  SELECT COUNT(*) FROM "personal_connections"  WHERE "personal_connections"."verb_id" = $1  [["verb_id", 1080]]
11:09:07 web.1  |   [1m[36m (0.3ms)[0m  [1mSELECT COUNT(*) FROM "personal_connections"  WHERE "personal_connections"."verb_id" = $1[0m  [["verb_id", 1548]]
11:09:07 web.1  |   [1m[36m (0.3ms)[0m  [1mSELECT COUNT(*) FROM "personal_connections"  WHERE "personal_connections"."verb_id" = $1[0m  [["verb_id", 1079]]
11:09:07 web.1  |   [1m[35m (0.5ms)[0m  SELECT COUNT(*) FROM "personal_connections"  WHERE "personal_connections"."verb_id" = $1  [["verb_id", 44]]
11:09:07 web.1  |   [1m[35m (0.3ms)[0m  SELECT COUNT(*) FROM "personal_connections"  WHERE "personal_connections"."verb_id" = $1  [["verb_id", 1395]]
11:09:07 web.1  |   [1m[36m (0.3ms)[0m  [1mSELECT COUNT(*) FROM "personal_connections"  WHERE "personal_connections"."verb_id" = $1[0m  [["verb_id", 1260]]
11:09:07 web.1  |   [1m[36m (0.2ms)[0m  [1mSELECT COUNT(*) FROM "personal_connections"  WHERE "personal_connections"."verb_id" = $1[0m  [["verb_id", 1236]]
11:09:07 web.1  |   [1m[35m (0.3ms)[0m  SELECT COUNT(*) FROM "personal_connections"  WHERE "personal_connections"."verb_id" = $1  [["verb_id", 1271]]
11:09:07 web.1  |   [1m[35m (0.2ms)[0m  SELECT COUNT(*) FROM "personal_connections"  WHERE "personal_connections"."verb_id" = $1  [["verb_id", 1358]]
11:09:07 web.1  |   [1m[36m (0.5ms)[0m  [1mSELECT COUNT(*) FROM "personal_connections"  WHERE "personal_connections"."verb_id" = $1[0m  [["verb_id", 1344]]
11:09:07 web.1  |   [1m[36m (0.3ms)[0m  [1mSELECT COUNT(*) FROM "personal_connections"  WHERE "personal_connections"."verb_id" = $1[0m  [["verb_id", 1021]]
11:09:07 web.1  |   [1m[35m (0.3ms)[0m  SELECT COUNT(*) FROM "personal_connections"  WHERE "personal_connections"."verb_id" = $1  [["verb_id", 891]]
11:09:07 web.1  |   [1m[35m (0.3ms)[0m  SELECT COUNT(*) FROM "personal_connections"  WHERE "personal_connections"."verb_id" = $1  [["verb_id", 268]]
11:09:07 web.1  |   [1m[36m (0.3ms)[0m  [1mSELECT COUNT(*) FROM "personal_connections"  WHERE "personal_connections"."verb_id" = $1[0m  [["verb_id", 770]]
11:09:07 web.1  |   [1m[36m (0.3ms)[0m  [1mSELECT COUNT(*) FROM "personal_connections"  WHERE "personal_connections"."verb_id" = $1[0m  [["verb_id", 983]]
11:09:07 web.1  |   [1m[35m (0.3ms)[0m  SELECT COUNT(*) FROM "personal_connections"  WHERE "personal_connections"."verb_id" = $1  [["verb_id", 1566]]
11:09:07 web.1  |   [1m[35m (0.3ms)[0m  SELECT COUNT(*) FROM "personal_connections"  WHERE "personal_connections"."verb_id" = $1  [["verb_id", 796]]
11:09:07 web.1  |   [1m[36m (0.3ms)[0m  [1mSELECT COUNT(*) FROM "personal_connections"  WHERE "personal_connections"."verb_id" = $1[0m  [["verb_id", 1440]]
11:09:07 web.1  |   [1m[35m (0.2ms)[0m  SELECT COUNT(*) FROM "personal_connections"  WHERE "personal_connections"."verb_id" = $1  [["verb_id", 1014]]
11:09:07 web.1  |   [1m[36m (0.3ms)[0m  [1mSELECT COUNT(*) FROM "personal_connections"  WHERE "personal_connections"."verb_id" = $1[0m  [["verb_id", 1401]]
11:09:07 web.1  |   [1m[36m (0.3ms)[0m  [1mSELECT COUNT(*) FROM "personal_connections"  WHERE "personal_connections"."verb_id" = $1[0m  [["verb_id", 788]]
11:09:07 web.1  |   [1m[35m (0.5ms)[0m  SELECT COUNT(*) FROM "personal_connections"  WHERE "personal_connections"."verb_id" = $1  [["verb_id", 1203]]
11:09:07 web.1  |   [1m[35m (0.3ms)[0m  SELECT COUNT(*) FROM "personal_connections"  WHERE "personal_connections"."verb_id" = $1  [["verb_id", 1350]]
11:09:07 web.1  |   [1m[36m (0.3ms)[0m  [1mSELECT COUNT(*) FROM "personal_connections"  WHERE "personal_connections"."verb_id" = $1[0m  [["verb_id", 774]]
11:09:07 web.1  |   [1m[36m (0.4ms)[0m  [1mSELECT COUNT(*) FROM "personal_connections"  WHERE "personal_connections"."verb_id" = $1[0m  [["verb_id", 1377]]
11:09:07 web.1  |   [1m[35m (0.3ms)[0m  SELECT COUNT(*) FROM "personal_connections"  WHERE "personal_connections"."verb_id" = $1  [["verb_id", 1092]]
11:09:07 web.1  |   [1m[36m (0.4ms)[0m  [1mSELECT COUNT(*) FROM "personal_connections"  WHERE "personal_connections"."verb_id" = $1[0m  [["verb_id", 22]]
11:09:07 web.1  |   [1m[35m (0.2ms)[0m  SELECT COUNT(*) FROM "personal_connections"  WHERE "personal_connections"."verb_id" = $1  [["verb_id", 947]]
11:09:07 web.1  |   [1m[35m (0.4ms)[0m  SELECT COUNT(*) FROM "personal_connections"  WHERE "personal_connections"."verb_id" = $1  [["verb_id", 1011]]
11:09:07 web.1  |   [1m[36m (0.3ms)[0m  [1mSELECT COUNT(*) FROM "personal_connections"  WHERE "personal_connections"."verb_id" = $1[0m  [["verb_id", 790]]
11:09:07 web.1  |   [1m[36m (0.2ms)[0m  [1mSELECT COUNT(*) FROM "personal_connections"  WHERE "personal_connections"."verb_id" = $1[0m  [["verb_id", 712]]
11:09:07 web.1  |   [1m[35m (0.3ms)[0m  SELECT COUNT(*) FROM "personal_connections"  WHERE "personal_connections"."verb_id" = $1  [["verb_id", 1528]]
11:09:07 web.1  |   [1m[35m (0.3ms)[0m  SELECT COUNT(*) FROM "personal_connections"  WHERE "personal_connections"."verb_id" = $1  [["verb_id", 328]]
11:09:07 web.1  |   [1m[36m (0.3ms)[0m  [1mSELECT COUNT(*) FROM "personal_connections"  WHERE "personal_connections"."verb_id" = $1[0m  [["verb_id", 797]]
11:09:07 web.1  |   [1m[36m (0.3ms)[0m  [1mSELECT COUNT(*) FROM "personal_connections"  WHERE "personal_connections"."verb_id" = $1[0m  [["verb_id", 733]]
11:09:07 web.1  |   [1m[35m (0.5ms)[0m  SELECT COUNT(*) FROM "personal_connections"  WHERE "personal_connections"."verb_id" = $1  [["verb_id", 620]]
11:09:07 web.1  |   [1m[35m (0.3ms)[0m  SELECT COUNT(*) FROM "personal_connections"  WHERE "personal_connections"."verb_id" = $1  [["verb_id", 1003]]
11:09:07 web.1  |   [1m[36m (0.3ms)[0m  [1mSELECT COUNT(*) FROM "personal_connections"  WHERE "personal_connections"."verb_id" = $1[0m  [["verb_id", 1340]]
11:09:07 web.1  |   [1m[36m (0.4ms)[0m  [1mSELECT COUNT(*) FROM "personal_connections"  WHERE "personal_connections"."verb_id" = $1[0m  [["verb_id", 1508]]
11:09:07 web.1  |   [1m[35m (0.3ms)[0m  SELECT COUNT(*) FROM "personal_connections"  WHERE "personal_connections"."verb_id" = $1  [["verb_id", 771]]
11:09:07 web.1  |   [1m[35m (0.3ms)[0m  SELECT COUNT(*) FROM "personal_connections"  WHERE "personal_connections"."verb_id" = $1  [["verb_id", 252]]
11:09:07 web.1  |   [1m[36m (0.3ms)[0m  [1mSELECT COUNT(*) FROM "personal_connections"  WHERE "personal_connections"."verb_id" = $1[0m  [["verb_id", 218]]
11:09:07 web.1  |   [1m[36m (0.3ms)[0m  [1mSELECT COUNT(*) FROM "personal_connections"  WHERE "personal_connections"."verb_id" = $1[0m  [["verb_id", 1127]]
11:09:07 web.1  |   [1m[35m (0.3ms)[0m  SELECT COUNT(*) FROM "personal_connections"  WHERE "personal_connections"."verb_id" = $1  [["verb_id", 382]]
11:09:07 web.1  |   [1m[35m (0.3ms)[0m  SELECT COUNT(*) FROM "personal_connections"  WHERE "personal_connections"."verb_id" = $1  [["verb_id", 1241]]
11:09:07 web.1  |   [1m[36m (0.3ms)[0m  [1mSELECT COUNT(*) FROM "personal_connections"  WHERE "personal_connections"."verb_id" = $1[0m  [["verb_id", 799]]
11:09:07 web.1  |   [1m[35m (0.4ms)[0m  SELECT COUNT(*) FROM "personal_connections"  WHERE "personal_connections"."verb_id" = $1  [["verb_id", 1442]]
11:09:07 web.1  |   [1m[36m (0.2ms)[0m  [1mSELECT COUNT(*) FROM "personal_connections"  WHERE "personal_connections"."verb_id" = $1[0m  [["verb_id", 1578]]
11:09:07 web.1  |   [1m[36m (0.3ms)[0m  [1mSELECT COUNT(*) FROM "personal_connections"  WHERE "personal_connections"."verb_id" = $1[0m  [["verb_id", 838]]
11:09:07 web.1  |   [1m[35m (0.3ms)[0m  SELECT COUNT(*) FROM "personal_connections"  WHERE "personal_connections"."verb_id" = $1  [["verb_id", 1452]]
11:09:07 web.1  |   [1m[35m (0.5ms)[0m  SELECT COUNT(*) FROM "personal_connections"  WHERE "personal_connections"."verb_id" = $1  [["verb_id", 851]]
11:09:07 web.1  |   [1m[36m (0.3ms)[0m  [1mSELECT COUNT(*) FROM "personal_connections"  WHERE "personal_connections"."verb_id" = $1[0m  [["verb_id", 1051]]
11:09:07 web.1  |   [1m[36m (0.3ms)[0m  [1mSELECT COUNT(*) FROM "personal_connections"  WHERE "personal_connections"."verb_id" = $1[0m  [["verb_id", 1546]]
11:09:07 web.1  |   [1m[35m (0.4ms)[0m  SELECT COUNT(*) FROM "personal_connections"  WHERE "personal_connections"."verb_id" = $1  [["verb_id", 660]]
11:09:07 web.1  |   [1m[35m (0.4ms)[0m  SELECT COUNT(*) FROM "personal_connections"  WHERE "personal_connections"."verb_id" = $1  [["verb_id", 925]]
11:09:07 web.1  |   [1m[36m (0.3ms)[0m  [1mSELECT COUNT(*) FROM "personal_connections"  WHERE "personal_connections"."verb_id" = $1[0m  [["verb_id", 664]]
11:09:07 web.1  |   [1m[36m (0.3ms)[0m  [1mSELECT COUNT(*) FROM "personal_connections"  WHERE "personal_connections"."verb_id" = $1[0m  [["verb_id", 956]]
11:09:07 web.1  |   [1m[35m (0.3ms)[0m  SELECT COUNT(*) FROM "personal_connections"  WHERE "personal_connections"."verb_id" = $1  [["verb_id", 1497]]
11:09:07 web.1  |   [1m[35m (0.3ms)[0m  SELECT COUNT(*) FROM "personal_connections"  WHERE "personal_connections"."verb_id" = $1  [["verb_id", 1184]]
11:09:07 web.1  |   [1m[36m (0.3ms)[0m  [1mSELECT COUNT(*) FROM "personal_connections"  WHERE "personal_connections"."verb_id" = $1[0m  [["verb_id", 1512]]
11:09:07 web.1  |   [1m[36m (0.3ms)[0m  [1mSELECT COUNT(*) FROM "personal_connections"  WHERE "personal_connections"."verb_id" = $1[0m  [["verb_id", 837]]
11:09:07 web.1  |   [1m[35m (0.3ms)[0m  SELECT COUNT(*) FROM "personal_connections"  WHERE "personal_connections"."verb_id" = $1  [["verb_id", 1253]]
11:09:07 web.1  |   [1m[35m (0.3ms)[0m  SELECT COUNT(*) FROM "personal_connections"  WHERE "personal_connections"."verb_id" = $1  [["verb_id", 1244]]
11:09:07 web.1  |   [1m[36m (0.3ms)[0m  [1mSELECT COUNT(*) FROM "personal_connections"  WHERE "personal_connections"."verb_id" = $1[0m  [["verb_id", 854]]
11:09:07 web.1  |   [1m[36m (0.4ms)[0m  [1mSELECT COUNT(*) FROM "personal_connections"  WHERE "personal_connections"."verb_id" = $1[0m  [["verb_id", 1527]]
11:09:07 web.1  |   [1m[35m (0.3ms)[0m  SELECT COUNT(*) FROM "personal_connections"  WHERE "personal_connections"."verb_id" = $1  [["verb_id", 1145]]
11:09:07 web.1  |   [1m[36m (0.3ms)[0m  [1mSELECT COUNT(*) FROM "personal_connections"  WHERE "personal_connections"."verb_id" = $1[0m  [["verb_id", 1146]]
11:09:07 web.1  |   [1m[35m (0.2ms)[0m  SELECT COUNT(*) FROM "personal_connections"  WHERE "personal_connections"."verb_id" = $1  [["verb_id", 997]]
11:09:07 web.1  |   [1m[35m (0.5ms)[0m  SELECT COUNT(*) FROM "personal_connections"  WHERE "personal_connections"."verb_id" = $1  [["verb_id", 1075]]
11:09:07 web.1  |   [1m[36m (0.4ms)[0m  [1mSELECT COUNT(*) FROM "personal_connections"  WHERE "personal_connections"."verb_id" = $1[0m  [["verb_id", 974]]
11:09:07 web.1  |   [1m[36m (0.4ms)[0m  [1mSELECT COUNT(*) FROM "personal_connections"  WHERE "personal_connections"."verb_id" = $1[0m  [["verb_id", 1067]]
11:09:07 web.1  |   [1m[35m (0.3ms)[0m  SELECT COUNT(*) FROM "personal_connections"  WHERE "personal_connections"."verb_id" = $1  [["verb_id", 1085]]
11:09:07 web.1  |   [1m[35m (0.3ms)[0m  SELECT COUNT(*) FROM "personal_connections"  WHERE "personal_connections"."verb_id" = $1  [["verb_id", 590]]
11:09:07 web.1  |   [1m[36m (0.3ms)[0m  [1mSELECT COUNT(*) FROM "personal_connections"  WHERE "personal_connections"."verb_id" = $1[0m  [["verb_id", 260]]
11:09:07 web.1  |   [1m[36m (0.3ms)[0m  [1mSELECT COUNT(*) FROM "personal_connections"  WHERE "personal_connections"."verb_id" = $1[0m  [["verb_id", 1281]]
11:09:07 web.1  |   [1m[35m (0.3ms)[0m  SELECT COUNT(*) FROM "personal_connections"  WHERE "personal_connections"."verb_id" = $1  [["verb_id", 1078]]
11:09:07 web.1  |   [1m[35m (0.4ms)[0m  SELECT COUNT(*) FROM "personal_connections"  WHERE "personal_connections"."verb_id" = $1  [["verb_id", 662]]
11:09:07 web.1  |   [1m[36m (0.3ms)[0m  [1mSELECT COUNT(*) FROM "personal_connections"  WHERE "personal_connections"."verb_id" = $1[0m  [["verb_id", 1187]]
11:09:07 web.1  |   [1m[36m (0.3ms)[0m  [1mSELECT COUNT(*) FROM "personal_connections"  WHERE "personal_connections"."verb_id" = $1[0m  [["verb_id", 63]]
11:09:07 web.1  |   [1m[35m (0.3ms)[0m  SELECT COUNT(*) FROM "personal_connections"  WHERE "personal_connections"."verb_id" = $1  [["verb_id", 189]]
11:09:07 web.1  |   [1m[35m (0.3ms)[0m  SELECT COUNT(*) FROM "personal_connections"  WHERE "personal_connections"."verb_id" = $1  [["verb_id", 1503]]
11:09:07 web.1  |   [1m[36m (0.9ms)[0m  [1mSELECT COUNT(*) FROM "personal_connections"  WHERE "personal_connections"."verb_id" = $1[0m  [["verb_id", 1419]]
11:09:07 web.1  |   [1m[36m (0.3ms)[0m  [1mSELECT COUNT(*) FROM "personal_connections"  WHERE "personal_connections"."verb_id" = $1[0m  [["verb_id", 1237]]
11:09:07 web.1  |   [1m[35m (0.3ms)[0m  SELECT COUNT(*) FROM "personal_connections"  WHERE "personal_connections"."verb_id" = $1  [["verb_id", 1511]]
11:09:07 web.1  |   [1m[35m (0.2ms)[0m  SELECT COUNT(*) FROM "personal_connections"  WHERE "personal_connections"."verb_id" = $1  [["verb_id", 648]]
11:09:07 web.1  |   [1m[36m (0.4ms)[0m  [1mSELECT COUNT(*) FROM "personal_connections"  WHERE "personal_connections"."verb_id" = $1[0m  [["verb_id", 875]]
11:09:07 web.1  |   [1m[36m (0.2ms)[0m  [1mSELECT COUNT(*) FROM "personal_connections"  WHERE "personal_connections"."verb_id" = $1[0m  [["verb_id", 410]]
11:09:07 web.1  |   [1m[35m (0.5ms)[0m  SELECT COUNT(*) FROM "personal_connections"  WHERE "personal_connections"."verb_id" = $1  [["verb_id", 1018]]
11:09:07 web.1  |   [1m[35m (0.5ms)[0m  SELECT COUNT(*) FROM "personal_connections"  WHERE "personal_connections"."verb_id" = $1  [["verb_id", 616]]
11:09:07 web.1  |   [1m[36m (0.3ms)[0m  [1mSELECT COUNT(*) FROM "personal_connections"  WHERE "personal_connections"."verb_id" = $1[0m  [["verb_id", 1228]]
11:09:07 web.1  |   [1m[36m (0.5ms)[0m  [1mSELECT COUNT(*) FROM "personal_connections"  WHERE "personal_connections"."verb_id" = $1[0m  [["verb_id", 1080]]
11:09:07 web.1  |   [1m[35m (0.3ms)[0m  SELECT COUNT(*) FROM "personal_connections"  WHERE "personal_connections"."verb_id" = $1  [["verb_id", 1456]]
11:09:07 web.1  |   [1m[35m (0.3ms)[0m  SELECT COUNT(*) FROM "personal_connections"  WHERE "personal_connections"."verb_id" = $1  [["verb_id", 1079]]
11:09:07 web.1  |   [1m[36m (0.3ms)[0m  [1mSELECT COUNT(*) FROM "personal_connections"  WHERE "personal_connections"."verb_id" = $1[0m  [["verb_id", 1165]]
11:09:07 web.1  |   [1m[36m (0.3ms)[0m  [1mSELECT COUNT(*) FROM "personal_connections"  WHERE "personal_connections"."verb_id" = $1[0m  [["verb_id", 1395]]
11:09:07 web.1  |   [1m[35m (0.3ms)[0m  SELECT COUNT(*) FROM "personal_connections"  WHERE "personal_connections"."verb_id" = $1  [["verb_id", 185]]
11:09:07 web.1  |   [1m[35m (0.5ms)[0m  SELECT COUNT(*) FROM "personal_connections"  WHERE "personal_connections"."verb_id" = $1  [["verb_id", 1236]]
11:09:07 web.1  |   [1m[36m (0.5ms)[0m  [1mSELECT COUNT(*) FROM "personal_connections"  WHERE "personal_connections"."verb_id" = $1[0m  [["verb_id", 444]]
11:09:07 web.1  |   [1m[36m (0.6ms)[0m  [1mSELECT COUNT(*) FROM "personal_connections"  WHERE "personal_connections"."verb_id" = $1[0m  [["verb_id", 1271]]
11:09:07 web.1  |   [1m[35m (0.3ms)[0m  SELECT COUNT(*) FROM "personal_connections"  WHERE "personal_connections"."verb_id" = $1  [["verb_id", 650]]
11:09:07 web.1  |   [1m[36m (0.5ms)[0m  [1mSELECT COUNT(*) FROM "personal_connections"  WHERE "personal_connections"."verb_id" = $1[0m  [["verb_id", 1577]]
11:09:07 web.1  |   [1m[35m (0.5ms)[0m  SELECT COUNT(*) FROM "personal_connections"  WHERE "personal_connections"."verb_id" = $1  [["verb_id", 1344]]
11:09:07 web.1  |   [1m[35m (0.3ms)[0m  SELECT COUNT(*) FROM "personal_connections"  WHERE "personal_connections"."verb_id" = $1  [["verb_id", 1126]]
11:09:07 web.1  |   [1m[36m (0.5ms)[0m  [1mSELECT COUNT(*) FROM "personal_connections"  WHERE "personal_connections"."verb_id" = $1[0m  [["verb_id", 891]]
11:09:07 web.1  |   [1m[36m (0.3ms)[0m  [1mSELECT COUNT(*) FROM "personal_connections"  WHERE "personal_connections"."verb_id" = $1[0m  [["verb_id", 1012]]
11:09:07 web.1  |   [1m[35m (0.5ms)[0m  SELECT COUNT(*) FROM "personal_connections"  WHERE "personal_connections"."verb_id" = $1  [["verb_id", 770]]
11:09:07 web.1  |   [1m[35m (0.3ms)[0m  SELECT COUNT(*) FROM "personal_connections"  WHERE "personal_connections"."verb_id" = $1  [["verb_id", 1208]]
11:09:07 web.1  |   [1m[36m (0.3ms)[0m  [1mSELECT COUNT(*) FROM "personal_connections"  WHERE "personal_connections"."verb_id" = $1[0m  [["verb_id", 1566]]
11:09:07 web.1  |   [1m[36m (0.4ms)[0m  [1mSELECT COUNT(*) FROM "personal_connections"  WHERE "personal_connections"."verb_id" = $1[0m  [["verb_id", 1414]]
11:09:07 web.1  |   [1m[35m (0.3ms)[0m  SELECT COUNT(*) FROM "personal_connections"  WHERE "personal_connections"."verb_id" = $1  [["verb_id", 1440]]
11:09:07 web.1  |   [1m[35m (0.3ms)[0m  SELECT COUNT(*) FROM "personal_connections"  WHERE "personal_connections"."verb_id" = $1  [["verb_id", 1098]]
11:09:07 web.1  |   [1m[36m (0.3ms)[0m  [1mSELECT COUNT(*) FROM "personal_connections"  WHERE "personal_connections"."verb_id" = $1[0m  [["verb_id", 1014]]
11:09:07 web.1  |   [1m[36m (0.3ms)[0m  [1mSELECT COUNT(*) FROM "personal_connections"  WHERE "personal_connections"."verb_id" = $1[0m  [["verb_id", 1513]]
11:09:07 web.1  |   [1m[35m (0.3ms)[0m  SELECT COUNT(*) FROM "personal_connections"  WHERE "personal_connections"."verb_id" = $1  [["verb_id", 788]]
11:09:07 web.1  |   [1m[35m (0.5ms)[0m  SELECT COUNT(*) FROM "personal_connections"  WHERE "personal_connections"."verb_id" = $1  [["verb_id", 362]]
11:09:07 web.1  |   [1m[36m (0.3ms)[0m  [1mSELECT COUNT(*) FROM "personal_connections"  WHERE "personal_connections"."verb_id" = $1[0m  [["verb_id", 1350]]
11:09:07 web.1  |   [1m[36m (0.3ms)[0m  [1mSELECT COUNT(*) FROM "personal_connections"  WHERE "personal_connections"."verb_id" = $1[0m  [["verb_id", 1136]]
11:09:07 web.1  |   [1m[35m (0.5ms)[0m  SELECT COUNT(*) FROM "personal_connections"  WHERE "personal_connections"."verb_id" = $1  [["verb_id", 1377]]
11:09:07 web.1  |   [1m[35m (0.3ms)[0m  SELECT COUNT(*) FROM "personal_connections"  WHERE "personal_connections"."verb_id" = $1  [["verb_id", 1498]]
11:09:07 web.1  |   [1m[36m (0.6ms)[0m  [1mSELECT COUNT(*) FROM "personal_connections"  WHERE "personal_connections"."verb_id" = $1[0m  [["verb_id", 1092]]
11:09:07 web.1  |   [1m[36m (0.3ms)[0m  [1mSELECT COUNT(*) FROM "personal_connections"  WHERE "personal_connections"."verb_id" = $1[0m  [["verb_id", 1555]]
11:09:07 web.1  |   [1m[35m (0.7ms)[0m  SELECT COUNT(*) FROM "personal_connections"  WHERE "personal_connections"."verb_id" = $1  [["verb_id", 22]]
11:09:07 web.1  |   [1m[35m (0.3ms)[0m  SELECT COUNT(*) FROM "personal_connections"  WHERE "personal_connections"."verb_id" = $1  [["verb_id", 1475]]
11:09:07 web.1  |   [1m[36m (0.4ms)[0m  [1mSELECT COUNT(*) FROM "personal_connections"  WHERE "personal_connections"."verb_id" = $1[0m  [["verb_id", 947]]
11:09:07 web.1  |   [1m[36m (0.5ms)[0m  [1mSELECT COUNT(*) FROM "personal_connections"  WHERE "personal_connections"."verb_id" = $1[0m  [["verb_id", 705]]
11:09:07 web.1  |   [1m[35m (0.3ms)[0m  SELECT COUNT(*) FROM "personal_connections"  WHERE "personal_connections"."verb_id" = $1  [["verb_id", 790]]
11:09:07 web.1  |   [1m[35m (0.5ms)[0m  SELECT COUNT(*) FROM "personal_connections"  WHERE "personal_connections"."verb_id" = $1  [["verb_id", 1478]]
11:09:07 web.1  |   [1m[36m (0.3ms)[0m  [1mSELECT COUNT(*) FROM "personal_connections"  WHERE "personal_connections"."verb_id" = $1[0m  [["verb_id", 1528]]
11:09:07 web.1  |   [1m[36m (0.5ms)[0m  [1mSELECT COUNT(*) FROM "personal_connections"  WHERE "personal_connections"."verb_id" = $1[0m  [["verb_id", 1164]]
11:09:07 web.1  |   [1m[35m (0.3ms)[0m  SELECT COUNT(*) FROM "personal_connections"  WHERE "personal_connections"."verb_id" = $1  [["verb_id", 797]]
11:09:07 web.1  |   [1m[35m (0.5ms)[0m  SELECT COUNT(*) FROM "personal_connections"  WHERE "personal_connections"."verb_id" = $1  [["verb_id", 741]]
11:09:07 web.1  |   [1m[36m (0.6ms)[0m  [1mSELECT COUNT(*) FROM "personal_connections"  WHERE "personal_connections"."verb_id" = $1[0m  [["verb_id", 620]]
11:09:07 web.1  |   [1m[36m (0.5ms)[0m  [1mSELECT COUNT(*) FROM "personal_connections"  WHERE "personal_connections"."verb_id" = $1[0m  [["verb_id", 1360]]
11:09:07 web.1  |   [1m[35m (0.3ms)[0m  SELECT COUNT(*) FROM "personal_connections"  WHERE "personal_connections"."verb_id" = $1  [["verb_id", 1340]]
11:09:07 web.1  |   [1m[35m (0.5ms)[0m  SELECT COUNT(*) FROM "personal_connections"  WHERE "personal_connections"."verb_id" = $1  [["verb_id", 773]]
11:09:07 web.1  |   [1m[36m (0.5ms)[0m  [1mSELECT COUNT(*) FROM "personal_connections"  WHERE "personal_connections"."verb_id" = $1[0m  [["verb_id", 771]]
11:09:07 web.1  |   [1m[36m (0.5ms)[0m  [1mSELECT COUNT(*) FROM "personal_connections"  WHERE "personal_connections"."verb_id" = $1[0m  [["verb_id", 1024]]
11:09:07 web.1  |   [1m[35m (0.5ms)[0m  SELECT COUNT(*) FROM "personal_connections"  WHERE "personal_connections"."verb_id" = $1  [["verb_id", 218]]
11:09:07 web.1  |   [1m[35m (0.5ms)[0m  SELECT COUNT(*) FROM "personal_connections"  WHERE "personal_connections"."verb_id" = $1  [["verb_id", 1192]]
11:09:07 web.1  |   [1m[36m (0.3ms)[0m  [1mSELECT COUNT(*) FROM "personal_connections"  WHERE "personal_connections"."verb_id" = $1[0m  [["verb_id", 382]]
11:09:07 web.1  |   [1m[36m (0.5ms)[0m  [1mSELECT COUNT(*) FROM "personal_connections"  WHERE "personal_connections"."verb_id" = $1[0m  [["verb_id", 584]]
11:09:07 web.1  |   [1m[35m (0.3ms)[0m  SELECT COUNT(*) FROM "personal_connections"  WHERE "personal_connections"."verb_id" = $1  [["verb_id", 799]]
11:09:07 web.1  |   [1m[35m (0.3ms)[0m  SELECT COUNT(*) FROM "personal_connections"  WHERE "personal_connections"."verb_id" = $1  [["verb_id", 512]]
11:09:07 web.1  |   [1m[36m (0.3ms)[0m  [1mSELECT COUNT(*) FROM "personal_connections"  WHERE "personal_connections"."verb_id" = $1[0m  [["verb_id", 1442]]
11:09:07 web.1  |   [1m[36m (0.6ms)[0m  [1mSELECT COUNT(*) FROM "personal_connections"  WHERE "personal_connections"."verb_id" = $1[0m  [["verb_id", 1068]]
11:09:07 web.1  |   [1m[35m (0.5ms)[0m  SELECT COUNT(*) FROM "personal_connections"  WHERE "personal_connections"."verb_id" = $1  [["verb_id", 838]]
11:09:07 web.1  |   [1m[35m (0.6ms)[0m  SELECT COUNT(*) FROM "personal_connections"  WHERE "personal_connections"."verb_id" = $1  [["verb_id", 1356]]
11:09:07 web.1  |   [1m[36m (0.4ms)[0m  [1mSELECT COUNT(*) FROM "personal_connections"  WHERE "personal_connections"."verb_id" = $1[0m  [["verb_id", 851]]
11:09:07 web.1  |   [1m[36m (0.4ms)[0m  [1mSELECT COUNT(*) FROM "personal_connections"  WHERE "personal_connections"."verb_id" = $1[0m  [["verb_id", 372]]
11:09:07 web.1  |   [1m[35m (0.5ms)[0m  SELECT COUNT(*) FROM "personal_connections"  WHERE "personal_connections"."verb_id" = $1  [["verb_id", 1546]]
11:09:07 web.1  |   [1m[35m (0.6ms)[0m  SELECT COUNT(*) FROM "personal_connections"  WHERE "personal_connections"."verb_id" = $1  [["verb_id", 1302]]
11:09:07 web.1  |   [1m[36m (0.5ms)[0m  [1mSELECT COUNT(*) FROM "personal_connections"  WHERE "personal_connections"."verb_id" = $1[0m  [["verb_id", 925]]
11:09:07 web.1  |   [1m[36m (0.6ms)[0m  [1mSELECT COUNT(*) FROM "personal_connections"  WHERE "personal_connections"."verb_id" = $1[0m  [["verb_id", 1507]]
11:09:07 web.1  |   [1m[35m (0.4ms)[0m  SELECT COUNT(*) FROM "personal_connections"  WHERE "personal_connections"."verb_id" = $1  [["verb_id", 956]]
11:09:07 web.1  |   [1m[35m (0.3ms)[0m  SELECT COUNT(*) FROM "personal_connections"  WHERE "personal_connections"."verb_id" = $1  [["verb_id", 232]]
11:09:07 web.1  |   [1m[36m (0.2ms)[0m  [1mSELECT COUNT(*) FROM "personal_connections"  WHERE "personal_connections"."verb_id" = $1[0m  [["verb_id", 1497]]
11:09:07 web.1  |   [1m[36m (0.3ms)[0m  [1mSELECT COUNT(*) FROM "personal_connections"  WHERE "personal_connections"."verb_id" = $1[0m  [["verb_id", 1495]]
11:09:07 web.1  |   [1m[35m (0.2ms)[0m  SELECT COUNT(*) FROM "personal_connections"  WHERE "personal_connections"."verb_id" = $1  [["verb_id", 1512]]
11:09:07 web.1  |   [1m[35m (0.3ms)[0m  SELECT COUNT(*) FROM "personal_connections"  WHERE "personal_connections"."verb_id" = $1  [["verb_id", 1250]]
11:09:07 web.1  |   [1m[36m (0.4ms)[0m  [1mSELECT COUNT(*) FROM "personal_connections"  WHERE "personal_connections"."verb_id" = $1[0m  [["verb_id", 1253]]
11:09:07 web.1  |   [1m[35m (0.4ms)[0m  SELECT COUNT(*) FROM "personal_connections"  WHERE "personal_connections"."verb_id" = $1  [["verb_id", 854]]
11:09:07 web.1  |   [1m[36m (0.5ms)[0m  [1mSELECT COUNT(*) FROM "personal_connections"  WHERE "personal_connections"."verb_id" = $1[0m  [["verb_id", 715]]
11:09:07 web.1  |   [1m[35m (0.4ms)[0m  SELECT COUNT(*) FROM "personal_connections"  WHERE "personal_connections"."verb_id" = $1  [["verb_id", 396]]
11:09:07 web.1  |   [1m[36m (0.2ms)[0m  [1mSELECT COUNT(*) FROM "personal_connections"  WHERE "personal_connections"."verb_id" = $1[0m  [["verb_id", 1145]]
11:09:07 web.1  |   [1m[35m (0.3ms)[0m  SELECT COUNT(*) FROM "personal_connections"  WHERE "personal_connections"."verb_id" = $1  [["verb_id", 1146]]
11:09:07 web.1  |   [1m[36m (0.2ms)[0m  [1mSELECT COUNT(*) FROM "personal_connections"  WHERE "personal_connections"."verb_id" = $1[0m  [["verb_id", 1540]]
11:09:07 web.1  |   [1m[36m (0.6ms)[0m  [1mSELECT COUNT(*) FROM "personal_connections"  WHERE "personal_connections"."verb_id" = $1[0m  [["verb_id", 1075]]
11:09:07 web.1  |   [1m[35m (0.6ms)[0m  SELECT COUNT(*) FROM "personal_connections"  WHERE "personal_connections"."verb_id" = $1  [["verb_id", 13]]
11:09:07 web.1  |   [1m[35m (0.3ms)[0m  SELECT COUNT(*) FROM "personal_connections"  WHERE "personal_connections"."verb_id" = $1  [["verb_id", 1067]]
11:09:07 web.1  |   [1m[36m (0.5ms)[0m  [1mSELECT COUNT(*) FROM "personal_connections"  WHERE "personal_connections"."verb_id" = $1[0m  [["verb_id", 1229]]
11:09:07 web.1  |   [1m[36m (0.4ms)[0m  [1mSELECT COUNT(*) FROM "personal_connections"  WHERE "personal_connections"."verb_id" = $1[0m  [["verb_id", 590]]
11:09:07 web.1  |   [1m[35m (0.3ms)[0m  SELECT COUNT(*) FROM "personal_connections"  WHERE "personal_connections"."verb_id" = $1  [["verb_id", 1053]]
11:09:08 web.1  |   [1m[35m (0.3ms)[0m  SELECT COUNT(*) FROM "personal_connections"  WHERE "personal_connections"."verb_id" = $1  [["verb_id", 1281]]
11:09:08 web.1  |   [1m[36m (0.6ms)[0m  [1mSELECT COUNT(*) FROM "personal_connections"  WHERE "personal_connections"."verb_id" = $1[0m  [["verb_id", 302]]
11:09:08 web.1  |   [1m[36m (0.3ms)[0m  [1mSELECT COUNT(*) FROM "personal_connections"  WHERE "personal_connections"."verb_id" = $1[0m  [["verb_id", 662]]
11:09:08 web.1  |   [1m[35m (0.6ms)[0m  SELECT COUNT(*) FROM "personal_connections"  WHERE "personal_connections"."verb_id" = $1  [["verb_id", 917]]
11:09:08 web.1  |   [1m[35m (0.6ms)[0m  SELECT COUNT(*) FROM "personal_connections"  WHERE "personal_connections"."verb_id" = $1  [["verb_id", 63]]
11:09:08 web.1  |   [1m[36m (0.3ms)[0m  [1mSELECT COUNT(*) FROM "personal_connections"  WHERE "personal_connections"."verb_id" = $1[0m  [["verb_id", 1503]]
11:09:08 web.1  |   [1m[36m (1.9ms)[0m  [1mSELECT COUNT(*) FROM "personal_connections"  WHERE "personal_connections"."verb_id" = $1[0m  [["verb_id", 1101]]
11:09:08 web.1  |   [1m[35m (0.3ms)[0m  SELECT COUNT(*) FROM "personal_connections"  WHERE "personal_connections"."verb_id" = $1  [["verb_id", 498]]
11:09:08 web.1  |   [1m[35m (0.3ms)[0m  SELECT COUNT(*) FROM "personal_connections"  WHERE "personal_connections"."verb_id" = $1  [["verb_id", 1237]]
11:09:08 web.1  |   [1m[36m (0.4ms)[0m  [1mSELECT COUNT(*) FROM "personal_connections"  WHERE "personal_connections"."verb_id" = $1[0m  [["verb_id", 298]]
11:09:08 web.1  |   [1m[36m (0.2ms)[0m  [1mSELECT COUNT(*) FROM "personal_connections"  WHERE "personal_connections"."verb_id" = $1[0m  [["verb_id", 648]]
11:09:08 web.1  |   [1m[35m (0.3ms)[0m  SELECT COUNT(*) FROM "personal_connections"  WHERE "personal_connections"."verb_id" = $1  [["verb_id", 410]]
11:09:08 web.1  |   [1m[35m (0.3ms)[0m  SELECT COUNT(*) FROM "personal_connections"  WHERE "personal_connections"."verb_id" = $1  [["verb_id", 506]]
11:09:08 web.1  |   [1m[36m (0.3ms)[0m  [1mSELECT COUNT(*) FROM "personal_connections"  WHERE "personal_connections"."verb_id" = $1[0m  [["verb_id", 1018]]
11:09:08 web.1  |   [1m[35m (0.5ms)[0m  SELECT COUNT(*) FROM "personal_connections"  WHERE "personal_connections"."verb_id" = $1  [["verb_id", 1228]]
11:09:08 web.1  |   [1m[36m (0.4ms)[0m  [1mSELECT COUNT(*) FROM "personal_connections"  WHERE "personal_connections"."verb_id" = $1[0m  [["verb_id", 1330]]
11:09:08 web.1  |   [1m[35m (0.5ms)[0m  SELECT COUNT(*) FROM "personal_connections"  WHERE "personal_connections"."verb_id" = $1  [["verb_id", 10]]
11:09:08 web.1  |   [1m[36m (0.3ms)[0m  [1mSELECT COUNT(*) FROM "personal_connections"  WHERE "personal_connections"."verb_id" = $1[0m  [["verb_id", 1456]]
11:09:08 web.1  |   [1m[36m (0.4ms)[0m  [1mSELECT COUNT(*) FROM "personal_connections"  WHERE "personal_connections"."verb_id" = $1[0m  [["verb_id", 776]]
11:09:08 web.1  |   [1m[35m (0.3ms)[0m  SELECT COUNT(*) FROM "personal_connections"  WHERE "personal_connections"."verb_id" = $1  [["verb_id", 1165]]
11:09:08 web.1  |   [1m[35m (0.3ms)[0m  SELECT COUNT(*) FROM "personal_connections"  WHERE "personal_connections"."verb_id" = $1  [["verb_id", 310]]
11:09:08 web.1  |   [1m[36m (0.4ms)[0m  [1mSELECT COUNT(*) FROM "personal_connections"  WHERE "personal_connections"."verb_id" = $1[0m  [["verb_id", 185]]
11:09:08 web.1  |   [1m[36m (0.8ms)[0m  [1mSELECT COUNT(*) FROM "personal_connections"  WHERE "personal_connections"."verb_id" = $1[0m  [["verb_id", 679]]
11:09:08 web.1  |   [1m[35m (0.3ms)[0m  SELECT COUNT(*) FROM "personal_connections"  WHERE "personal_connections"."verb_id" = $1  [["verb_id", 444]]
11:09:08 web.1  |   [1m[35m (0.3ms)[0m  SELECT COUNT(*) FROM "personal_connections"  WHERE "personal_connections"."verb_id" = $1  [["verb_id", 869]]
11:09:08 web.1  |   [1m[36m (0.3ms)[0m  [1mSELECT COUNT(*) FROM "personal_connections"  WHERE "personal_connections"."verb_id" = $1[0m  [["verb_id", 650]]
11:09:08 web.1  |   [1m[36m (0.5ms)[0m  [1mSELECT COUNT(*) FROM "personal_connections"  WHERE "personal_connections"."verb_id" = $1[0m  [["verb_id", 968]]
11:09:08 web.1  |   [1m[35m (0.3ms)[0m  SELECT COUNT(*) FROM "personal_connections"  WHERE "personal_connections"."verb_id" = $1  [["verb_id", 1577]]
11:09:08 web.1  |   [1m[35m (0.5ms)[0m  SELECT COUNT(*) FROM "personal_connections"  WHERE "personal_connections"."verb_id" = $1  [["verb_id", 1575]]
11:09:08 web.1  |   [1m[36m (0.5ms)[0m  [1mSELECT COUNT(*) FROM "personal_connections"  WHERE "personal_connections"."verb_id" = $1[0m  [["verb_id", 1126]]
11:09:08 web.1  |   [1m[36m (1.2ms)[0m  [1mSELECT COUNT(*) FROM "personal_connections"  WHERE "personal_connections"."verb_id" = $1[0m  [["verb_id", 901]]
11:09:08 web.1  |   [1m[35m (0.5ms)[0m  SELECT COUNT(*) FROM "personal_connections"  WHERE "personal_connections"."verb_id" = $1  [["verb_id", 1012]]
11:09:08 web.1  |   [1m[35m (0.5ms)[0m  SELECT COUNT(*) FROM "personal_connections"  WHERE "personal_connections"."verb_id" = $1  [["verb_id", 736]]
11:09:08 web.1  |   [1m[36m (0.5ms)[0m  [1mSELECT COUNT(*) FROM "personal_connections"  WHERE "personal_connections"."verb_id" = $1[0m  [["verb_id", 1208]]
11:09:08 web.1  |   [1m[36m (0.5ms)[0m  [1mSELECT COUNT(*) FROM "personal_connections"  WHERE "personal_connections"."verb_id" = $1[0m  [["verb_id", 462]]
11:09:08 web.1  |   [1m[35m (0.3ms)[0m  SELECT COUNT(*) FROM "personal_connections"  WHERE "personal_connections"."verb_id" = $1  [["verb_id", 1414]]
11:09:08 web.1  |   [1m[35m (0.4ms)[0m  SELECT COUNT(*) FROM "personal_connections"  WHERE "personal_connections"."verb_id" = $1  [["verb_id", 930]]
11:09:08 web.1  |   [1m[36m (0.5ms)[0m  [1mSELECT COUNT(*) FROM "personal_connections"  WHERE "personal_connections"."verb_id" = $1[0m  [["verb_id", 1098]]
11:09:08 web.1  |   [1m[36m (0.4ms)[0m  [1mSELECT COUNT(*) FROM "personal_connections"  WHERE "personal_connections"."verb_id" = $1[0m  [["verb_id", 15]]
11:09:08 web.1  |   [1m[35m (0.5ms)[0m  SELECT COUNT(*) FROM "personal_connections"  WHERE "personal_connections"."verb_id" = $1  [["verb_id", 1513]]
11:09:08 web.1  |   [1m[35m (1.6ms)[0m  SELECT COUNT(*) FROM "personal_connections"  WHERE "personal_connections"."verb_id" = $1  [["verb_id", 704]]
11:09:08 web.1  |   [1m[36m (0.7ms)[0m  [1mSELECT COUNT(*) FROM "personal_connections"  WHERE "personal_connections"."verb_id" = $1[0m  [["verb_id", 362]]
11:09:08 web.1  |   [1m[36m (0.4ms)[0m  [1mSELECT COUNT(*) FROM "personal_connections"  WHERE "personal_connections"."verb_id" = $1[0m  [["verb_id", 1552]]
11:09:08 web.1  |   [1m[35m (0.5ms)[0m  SELECT COUNT(*) FROM "personal_connections"  WHERE "personal_connections"."verb_id" = $1  [["verb_id", 1136]]
11:09:08 web.1  |   [1m[35m (0.3ms)[0m  SELECT COUNT(*) FROM "personal_connections"  WHERE "personal_connections"."verb_id" = $1  [["verb_id", 1172]]
11:09:08 web.1  |   [1m[36m (1.3ms)[0m  [1mSELECT COUNT(*) FROM "personal_connections"  WHERE "personal_connections"."verb_id" = $1[0m  [["verb_id", 1498]]
11:09:08 web.1  |   [1m[36m (0.3ms)[0m  [1mSELECT COUNT(*) FROM "personal_connections"  WHERE "personal_connections"."verb_id" = $1[0m  [["verb_id", 1216]]
11:09:08 web.1  |   [1m[35m (0.5ms)[0m  SELECT COUNT(*) FROM "personal_connections"  WHERE "personal_connections"."verb_id" = $1  [["verb_id", 1555]]
11:09:08 web.1  |   [1m[35m (0.5ms)[0m  SELECT COUNT(*) FROM "personal_connections"  WHERE "personal_connections"."verb_id" = $1  [["verb_id", 1557]]
11:09:08 web.1  |   [1m[36m (0.5ms)[0m  [1mSELECT COUNT(*) FROM "personal_connections"  WHERE "personal_connections"."verb_id" = $1[0m  [["verb_id", 1475]]
11:09:08 web.1  |   [1m[36m (0.5ms)[0m  [1mSELECT COUNT(*) FROM "personal_connections"  WHERE "personal_connections"."verb_id" = $1[0m  [["verb_id", 576]]
11:09:08 web.1  |   [1m[35m (0.6ms)[0m  SELECT COUNT(*) FROM "personal_connections"  WHERE "personal_connections"."verb_id" = $1  [["verb_id", 705]]
11:09:08 web.1  |   [1m[36m (0.6ms)[0m  [1mSELECT COUNT(*) FROM "personal_connections"  WHERE "personal_connections"."verb_id" = $1[0m  [["verb_id", 1478]]
11:09:08 web.1  |   [1m[35m (0.3ms)[0m  SELECT COUNT(*) FROM "personal_connections"  WHERE "personal_connections"."verb_id" = $1  [["verb_id", 1164]]
11:09:08 web.1  |   [1m[35m (0.5ms)[0m  SELECT COUNT(*) FROM "personal_connections"  WHERE "personal_connections"."verb_id" = $1  [["verb_id", 846]]
11:09:08 web.1  |   [1m[36m (0.5ms)[0m  [1mSELECT COUNT(*) FROM "personal_connections"  WHERE "personal_connections"."verb_id" = $1[0m  [["verb_id", 741]]
11:09:08 web.1  |   [1m[36m (0.5ms)[0m  [1mSELECT COUNT(*) FROM "personal_connections"  WHERE "personal_connections"."verb_id" = $1[0m  [["verb_id", 1363]]
11:09:08 web.1  |   [1m[35m (0.3ms)[0m  SELECT COUNT(*) FROM "personal_connections"  WHERE "personal_connections"."verb_id" = $1  [["verb_id", 1360]]
11:09:08 web.1  |   [1m[35m (0.3ms)[0m  SELECT COUNT(*) FROM "personal_connections"  WHERE "personal_connections"."verb_id" = $1  [["verb_id", 932]]
11:09:08 web.1  |   [1m[36m (0.4ms)[0m  [1mSELECT COUNT(*) FROM "personal_connections"  WHERE "personal_connections"."verb_id" = $1[0m  [["verb_id", 773]]
11:09:08 web.1  |   [1m[36m (0.3ms)[0m  [1mSELECT COUNT(*) FROM "personal_connections"  WHERE "personal_connections"."verb_id" = $1[0m  [["verb_id", 693]]
11:09:08 web.1  |   [1m[35m (0.5ms)[0m  SELECT COUNT(*) FROM "personal_connections"  WHERE "personal_connections"."verb_id" = $1  [["verb_id", 1024]]
11:09:08 web.1  |   [1m[35m (0.4ms)[0m  SELECT COUNT(*) FROM "personal_connections"  WHERE "personal_connections"."verb_id" = $1  [["verb_id", 1153]]
11:09:08 web.1  |   [1m[36m (0.3ms)[0m  [1mSELECT COUNT(*) FROM "personal_connections"  WHERE "personal_connections"."verb_id" = $1[0m  [["verb_id", 1192]]
11:09:08 web.1  |   [1m[36m (0.3ms)[0m  [1mSELECT COUNT(*) FROM "personal_connections"  WHERE "personal_connections"."verb_id" = $1[0m  [["verb_id", 829]]
11:09:08 web.1  |   [1m[35m (0.4ms)[0m  SELECT COUNT(*) FROM "personal_connections"  WHERE "personal_connections"."verb_id" = $1  [["verb_id", 584]]
11:09:08 web.1  |   [1m[35m (0.3ms)[0m  SELECT COUNT(*) FROM "personal_connections"  WHERE "personal_connections"."verb_id" = $1  [["verb_id", 1445]]
11:09:08 web.1  |   [1m[36m (0.3ms)[0m  [1mSELECT COUNT(*) FROM "personal_connections"  WHERE "personal_connections"."verb_id" = $1[0m  [["verb_id", 512]]
11:09:08 web.1  |   [1m[36m (0.5ms)[0m  [1mSELECT COUNT(*) FROM "personal_connections"  WHERE "personal_connections"."verb_id" = $1[0m  [["verb_id", 133]]
11:09:08 web.1  |   [1m[35m (0.4ms)[0m  SELECT COUNT(*) FROM "personal_connections"  WHERE "personal_connections"."verb_id" = $1  [["verb_id", 1068]]
11:09:08 web.1  |   [1m[35m (0.3ms)[0m  SELECT COUNT(*) FROM "personal_connections"  WHERE "personal_connections"."verb_id" = $1  [["verb_id", 25]]
11:09:08 web.1  |   [1m[36m (0.3ms)[0m  [1mSELECT COUNT(*) FROM "personal_connections"  WHERE "personal_connections"."verb_id" = $1[0m  [["verb_id", 1356]]
11:09:08 web.1  |   [1m[35m (0.4ms)[0m  SELECT COUNT(*) FROM "personal_connections"  WHERE "personal_connections"."verb_id" = $1  [["verb_id", 372]]
11:09:08 web.1  |   [1m[36m (0.4ms)[0m  [1mSELECT COUNT(*) FROM "personal_connections"  WHERE "personal_connections"."verb_id" = $1[0m  [["verb_id", 614]]
11:09:08 web.1  |   [1m[36m (0.3ms)[0m  [1mSELECT COUNT(*) FROM "personal_connections"  WHERE "personal_connections"."verb_id" = $1[0m  [["verb_id", 1302]]
11:09:08 web.1  |   [1m[35m (0.5ms)[0m  SELECT COUNT(*) FROM "personal_connections"  WHERE "personal_connections"."verb_id" = $1  [["verb_id", 117]]
11:09:08 web.1  |   [1m[35m (0.3ms)[0m  SELECT COUNT(*) FROM "personal_connections"  WHERE "personal_connections"."verb_id" = $1  [["verb_id", 1507]]
11:09:08 web.1  |   [1m[36m (0.3ms)[0m  [1mSELECT COUNT(*) FROM "personal_connections"  WHERE "personal_connections"."verb_id" = $1[0m  [["verb_id", 264]]
11:09:08 web.1  |   [1m[36m (0.3ms)[0m  [1mSELECT COUNT(*) FROM "personal_connections"  WHERE "personal_connections"."verb_id" = $1[0m  [["verb_id", 232]]
11:09:08 web.1  |   [1m[35m (0.4ms)[0m  SELECT COUNT(*) FROM "personal_connections"  WHERE "personal_connections"."verb_id" = $1  [["verb_id", 1382]]
11:09:08 web.1  |   [1m[35m (0.3ms)[0m  SELECT COUNT(*) FROM "personal_connections"  WHERE "personal_connections"."verb_id" = $1  [["verb_id", 1495]]
11:09:08 web.1  |   [1m[36m (0.3ms)[0m  [1mSELECT COUNT(*) FROM "personal_connections"  WHERE "personal_connections"."verb_id" = $1[0m  [["verb_id", 352]]
11:09:08 web.1  |   [1m[36m (0.3ms)[0m  [1mSELECT COUNT(*) FROM "personal_connections"  WHERE "personal_connections"."verb_id" = $1[0m  [["verb_id", 1250]]
11:09:08 web.1  |   [1m[35m (0.3ms)[0m  SELECT COUNT(*) FROM "personal_connections"  WHERE "personal_connections"."verb_id" = $1  [["verb_id", 1065]]
11:09:08 web.1  |   [1m[35m (0.2ms)[0m  SELECT COUNT(*) FROM "personal_connections"  WHERE "personal_connections"."verb_id" = $1  [["verb_id", 715]]
11:09:08 web.1  |   [1m[36m (0.2ms)[0m  [1mSELECT COUNT(*) FROM "personal_connections"  WHERE "personal_connections"."verb_id" = $1[0m  [["verb_id", 822]]
11:09:08 web.1  |   [1m[36m (0.3ms)[0m  [1mSELECT COUNT(*) FROM "personal_connections"  WHERE "personal_connections"."verb_id" = $1[0m  [["verb_id", 396]]
11:09:08 web.1  |   [1m[35m (0.3ms)[0m  SELECT COUNT(*) FROM "personal_connections"  WHERE "personal_connections"."verb_id" = $1  [["verb_id", 1540]]
11:09:08 web.1  |   [1m[35m (0.2ms)[0m  SELECT COUNT(*) FROM "personal_connections"  WHERE "personal_connections"."verb_id" = $1  [["verb_id", 364]]
11:09:08 web.1  |   [1m[36m (0.5ms)[0m  [1mSELECT COUNT(*) FROM "personal_connections"  WHERE "personal_connections"."verb_id" = $1[0m  [["verb_id", 13]]
11:09:08 web.1  |   [1m[36m (0.8ms)[0m  [1mSELECT COUNT(*) FROM "personal_connections"  WHERE "personal_connections"."verb_id" = $1[0m  [["verb_id", 39]]
11:09:08 web.1  |   [1m[35m (0.4ms)[0m  SELECT COUNT(*) FROM "personal_connections"  WHERE "personal_connections"."verb_id" = $1  [["verb_id", 1229]]
11:09:08 web.1  |   [1m[35m (0.5ms)[0m  SELECT COUNT(*) FROM "personal_connections"  WHERE "personal_connections"."verb_id" = $1  [["verb_id", 1518]]
11:09:08 web.1  |   [1m[36m (0.3ms)[0m  [1mSELECT COUNT(*) FROM "personal_connections"  WHERE "personal_connections"."verb_id" = $1[0m  [["verb_id", 1053]]
11:09:08 web.1  |   [1m[36m (0.6ms)[0m  [1mSELECT COUNT(*) FROM "personal_connections"  WHERE "personal_connections"."verb_id" = $1[0m  [["verb_id", 1044]]
11:09:08 web.1  |   [1m[35m (12.0ms)[0m  SELECT COUNT(*) FROM "personal_connections"  WHERE "personal_connections"."verb_id" = $1  [["verb_id", 302]]
11:09:08 web.1  |   [1m[35m (0.4ms)[0m  SELECT COUNT(*) FROM "personal_connections"  WHERE "personal_connections"."verb_id" = $1  [["verb_id", 856]]
11:09:08 web.1  |   [1m[36m (0.5ms)[0m  [1mSELECT COUNT(*) FROM "personal_connections"  WHERE "personal_connections"."verb_id" = $1[0m  [["verb_id", 917]]
11:09:08 web.1  |   [1m[35m (0.3ms)[0m  SELECT COUNT(*) FROM "personal_connections"  WHERE "personal_connections"."verb_id" = $1  [["verb_id", 1101]]
11:09:08 web.1  |   [1m[36m (0.6ms)[0m  [1mSELECT COUNT(*) FROM "personal_connections"  WHERE "personal_connections"."verb_id" = $1[0m  [["verb_id", 1191]]
11:09:08 web.1  |   [1m[36m (0.6ms)[0m  [1mSELECT COUNT(*) FROM "personal_connections"  WHERE "personal_connections"."verb_id" = $1[0m  [["verb_id", 498]]
11:09:08 web.1  |   [1m[35m (0.6ms)[0m  SELECT COUNT(*) FROM "personal_connections"  WHERE "personal_connections"."verb_id" = $1  [["verb_id", 446]]
11:09:08 web.1  |   [1m[36m (0.4ms)[0m  [1mSELECT COUNT(*) FROM "personal_connections"  WHERE "personal_connections"."verb_id" = $1[0m  [["verb_id", 890]]
11:09:08 web.1  |   [1m[35m (0.3ms)[0m  SELECT COUNT(*) FROM "personal_connections"  WHERE "personal_connections"."verb_id" = $1  [["verb_id", 298]]
11:09:08 web.1  |   [1m[35m (0.2ms)[0m  SELECT COUNT(*) FROM "personal_connections"  WHERE "personal_connections"."verb_id" = $1  [["verb_id", 1094]]
11:09:08 web.1  |   [1m[36m (0.4ms)[0m  [1mSELECT COUNT(*) FROM "personal_connections"  WHERE "personal_connections"."verb_id" = $1[0m  [["verb_id", 506]]
11:09:08 web.1  |   [1m[35m (1.1ms)[0m  SELECT COUNT(*) FROM "personal_connections"  WHERE "personal_connections"."verb_id" = $1  [["verb_id", 1330]]
11:09:08 web.1  |   [1m[36m (0.6ms)[0m  [1mSELECT COUNT(*) FROM "personal_connections"  WHERE "personal_connections"."verb_id" = $1[0m  [["verb_id", 69]]
11:09:08 web.1  |   [1m[35m (0.4ms)[0m  SELECT COUNT(*) FROM "personal_connections"  WHERE "personal_connections"."verb_id" = $1  [["verb_id", 1246]]
11:09:08 web.1  |   [1m[36m (0.4ms)[0m  [1mSELECT COUNT(*) FROM "personal_connections"  WHERE "personal_connections"."verb_id" = $1[0m  [["verb_id", 10]]
11:09:08 web.1  |   [1m[36m (0.4ms)[0m  [1mSELECT COUNT(*) FROM "personal_connections"  WHERE "personal_connections"."verb_id" = $1[0m  [["verb_id", 831]]
11:09:08 web.1  |   [1m[35m (0.2ms)[0m  SELECT COUNT(*) FROM "personal_connections"  WHERE "personal_connections"."verb_id" = $1  [["verb_id", 765]]
11:09:08 web.1  |   [1m[35m (0.7ms)[0m  SELECT COUNT(*) FROM "personal_connections"  WHERE "personal_connections"."verb_id" = $1  [["verb_id", 776]]
11:09:08 web.1  |   [1m[36m (0.3ms)[0m  [1mSELECT COUNT(*) FROM "personal_connections"  WHERE "personal_connections"."verb_id" = $1[0m  [["verb_id", 834]]
11:09:08 web.1  |   [1m[36m (0.5ms)[0m  [1mSELECT COUNT(*) FROM "personal_connections"  WHERE "personal_connections"."verb_id" = $1[0m  [["verb_id", 310]]
11:09:08 web.1  |   [1m[35m (1.4ms)[0m  SELECT COUNT(*) FROM "personal_connections"  WHERE "personal_connections"."verb_id" = $1  [["verb_id", 222]]
11:09:08 web.1  |   [1m[35m (0.5ms)[0m  SELECT COUNT(*) FROM "personal_connections"  WHERE "personal_connections"."verb_id" = $1  [["verb_id", 679]]
11:09:08 web.1  |   [1m[36m (0.3ms)[0m  [1mSELECT COUNT(*) FROM "personal_connections"  WHERE "personal_connections"."verb_id" = $1[0m  [["verb_id", 556]]
11:09:08 web.1  |   [1m[36m (0.4ms)[0m  [1mSELECT COUNT(*) FROM "personal_connections"  WHERE "personal_connections"."verb_id" = $1[0m  [["verb_id", 869]]
11:09:08 web.1  |   [1m[35m (0.3ms)[0m  SELECT COUNT(*) FROM "personal_connections"  WHERE "personal_connections"."verb_id" = $1  [["verb_id", 1032]]
11:09:08 web.1  |   [1m[36m (0.3ms)[0m  [1mSELECT COUNT(*) FROM "personal_connections"  WHERE "personal_connections"."verb_id" = $1[0m  [["verb_id", 1189]]
11:09:08 web.1  |   [1m[35m (0.5ms)[0m  SELECT COUNT(*) FROM "personal_connections"  WHERE "personal_connections"."verb_id" = $1  [["verb_id", 968]]
11:09:08 web.1  |   [1m[35m (0.4ms)[0m  SELECT COUNT(*) FROM "personal_connections"  WHERE "personal_connections"."verb_id" = $1  [["verb_id", 691]]
11:09:08 web.1  |   [1m[36m (0.5ms)[0m  [1mSELECT COUNT(*) FROM "personal_connections"  WHERE "personal_connections"."verb_id" = $1[0m  [["verb_id", 1575]]
11:09:08 web.1  |   [1m[36m (0.3ms)[0m  [1mSELECT COUNT(*) FROM "personal_connections"  WHERE "personal_connections"."verb_id" = $1[0m  [["verb_id", 1221]]
11:09:08 web.1  |   [1m[35m (0.3ms)[0m  SELECT COUNT(*) FROM "personal_connections"  WHERE "personal_connections"."verb_id" = $1  [["verb_id", 901]]
11:09:08 web.1  |   [1m[35m (0.3ms)[0m  SELECT COUNT(*) FROM "personal_connections"  WHERE "personal_connections"."verb_id" = $1  [["verb_id", 1033]]
11:09:08 web.1  |   [1m[36m (0.5ms)[0m  [1mSELECT COUNT(*) FROM "personal_connections"  WHERE "personal_connections"."verb_id" = $1[0m  [["verb_id", 736]]
11:09:08 web.1  |   [1m[36m (0.6ms)[0m  [1mSELECT COUNT(*) FROM "personal_connections"  WHERE "personal_connections"."verb_id" = $1[0m  [["verb_id", 322]]
11:09:08 web.1  |   [1m[35m (0.3ms)[0m  SELECT COUNT(*) FROM "personal_connections"  WHERE "personal_connections"."verb_id" = $1  [["verb_id", 462]]
11:09:08 web.1  |   [1m[35m (0.3ms)[0m  SELECT COUNT(*) FROM "personal_connections"  WHERE "personal_connections"."verb_id" = $1  [["verb_id", 1041]]
11:09:08 web.1  |   [1m[36m (0.3ms)[0m  [1mSELECT COUNT(*) FROM "personal_connections"  WHERE "personal_connections"."verb_id" = $1[0m  [["verb_id", 930]]
11:09:08 web.1  |   [1m[36m (0.3ms)[0m  [1mSELECT COUNT(*) FROM "personal_connections"  WHERE "personal_connections"."verb_id" = $1[0m  [["verb_id", 1264]]
11:09:08 web.1  |   [1m[35m (0.5ms)[0m  SELECT COUNT(*) FROM "personal_connections"  WHERE "personal_connections"."verb_id" = $1  [["verb_id", 1152]]
11:09:08 web.1  |   [1m[35m (0.4ms)[0m  SELECT COUNT(*) FROM "personal_connections"  WHERE "personal_connections"."verb_id" = $1  [["verb_id", 15]]
11:09:08 web.1  |   [1m[36m (0.3ms)[0m  [1mSELECT COUNT(*) FROM "personal_connections"  WHERE "personal_connections"."verb_id" = $1[0m  [["verb_id", 723]]
11:09:08 web.1  |   [1m[36m (0.5ms)[0m  [1mSELECT COUNT(*) FROM "personal_connections"  WHERE "personal_connections"."verb_id" = $1[0m  [["verb_id", 704]]
11:09:08 web.1  |   [1m[35m (0.3ms)[0m  SELECT COUNT(*) FROM "personal_connections"  WHERE "personal_connections"."verb_id" = $1  [["verb_id", 552]]
11:09:08 web.1  |   [1m[35m (0.3ms)[0m  SELECT COUNT(*) FROM "personal_connections"  WHERE "personal_connections"."verb_id" = $1  [["verb_id", 1552]]
11:09:08 web.1  |   [1m[36m (0.3ms)[0m  [1mSELECT COUNT(*) FROM "personal_connections"  WHERE "personal_connections"."verb_id" = $1[0m  [["verb_id", 1166]]
11:09:08 web.1  |   [1m[35m (0.4ms)[0m  SELECT COUNT(*) FROM "personal_connections"  WHERE "personal_connections"."verb_id" = $1  [["verb_id", 1211]]
11:09:08 web.1  |   [1m[36m (0.2ms)[0m  [1mSELECT COUNT(*) FROM "personal_connections"  WHERE "personal_connections"."verb_id" = $1[0m  [["verb_id", 1172]]
11:09:08 web.1  |   [1m[36m (0.4ms)[0m  [1mSELECT COUNT(*) FROM "personal_connections"  WHERE "personal_connections"."verb_id" = $1[0m  [["verb_id", 564]]
11:09:08 web.1  |   [1m[35m (0.3ms)[0m  SELECT COUNT(*) FROM "personal_connections"  WHERE "personal_connections"."verb_id" = $1  [["verb_id", 1216]]
11:09:08 web.1  |   [1m[35m (0.4ms)[0m  SELECT COUNT(*) FROM "personal_connections"  WHERE "personal_connections"."verb_id" = $1  [["verb_id", 518]]
11:09:08 web.1  |   [1m[36m (0.5ms)[0m  [1mSELECT COUNT(*) FROM "personal_connections"  WHERE "personal_connections"."verb_id" = $1[0m  [["verb_id", 1557]]
11:09:08 web.1  |   [1m[36m (0.3ms)[0m  [1mSELECT COUNT(*) FROM "personal_connections"  WHERE "personal_connections"."verb_id" = $1[0m  [["verb_id", 1048]]
11:09:08 web.1  |   [1m[35m (0.4ms)[0m  SELECT COUNT(*) FROM "personal_connections"  WHERE "personal_connections"."verb_id" = $1  [["verb_id", 576]]
11:09:08 web.1  |   [1m[35m (0.3ms)[0m  SELECT COUNT(*) FROM "personal_connections"  WHERE "personal_connections"."verb_id" = $1  [["verb_id", 230]]
11:09:08 web.1  |   [1m[36m (0.3ms)[0m  [1mSELECT COUNT(*) FROM "personal_connections"  WHERE "personal_connections"."verb_id" = $1[0m  [["verb_id", 846]]
11:09:08 web.1  |   [1m[36m (0.3ms)[0m  [1mSELECT COUNT(*) FROM "personal_connections"  WHERE "personal_connections"."verb_id" = $1[0m  [["verb_id", 998]]
11:09:08 web.1  |   [1m[35m (0.2ms)[0m  SELECT COUNT(*) FROM "personal_connections"  WHERE "personal_connections"."verb_id" = $1  [["verb_id", 1363]]
11:09:08 web.1  |   [1m[36m (0.6ms)[0m  [1mSELECT COUNT(*) FROM "personal_connections"  WHERE "personal_connections"."verb_id" = $1[0m  [["verb_id", 932]]
11:09:08 web.1  |   [1m[35m (0.3ms)[0m  SELECT COUNT(*) FROM "personal_connections"  WHERE "personal_connections"."verb_id" = $1  [["verb_id", 288]]
11:09:08 web.1  |   [1m[35m (0.4ms)[0m  SELECT COUNT(*) FROM "personal_connections"  WHERE "personal_connections"."verb_id" = $1  [["verb_id", 693]]
11:09:08 web.1  |   [1m[36m (0.5ms)[0m  [1mSELECT COUNT(*) FROM "personal_connections"  WHERE "personal_connections"."verb_id" = $1[0m  [["verb_id", 1560]]
11:09:08 web.1  |   [1m[36m (0.3ms)[0m  [1mSELECT COUNT(*) FROM "personal_connections"  WHERE "personal_connections"."verb_id" = $1[0m  [["verb_id", 1153]]
11:09:08 web.1  |   [1m[35m (0.6ms)[0m  SELECT COUNT(*) FROM "personal_connections"  WHERE "personal_connections"."verb_id" = $1  [["verb_id", 1533]]
11:09:08 web.1  |   [1m[35m (0.3ms)[0m  SELECT COUNT(*) FROM "personal_connections"  WHERE "personal_connections"."verb_id" = $1  [["verb_id", 829]]
11:09:08 web.1  |   [1m[36m (0.3ms)[0m  [1mSELECT COUNT(*) FROM "personal_connections"  WHERE "personal_connections"."verb_id" = $1[0m  [["verb_id", 866]]
11:09:08 web.1  |   [1m[36m (0.4ms)[0m  [1mSELECT COUNT(*) FROM "personal_connections"  WHERE "personal_connections"."verb_id" = $1[0m  [["verb_id", 1445]]
11:09:08 web.1  |   [1m[35m (0.3ms)[0m  SELECT COUNT(*) FROM "personal_connections"  WHERE "personal_connections"."verb_id" = $1  [["verb_id", 1108]]
11:09:08 web.1  |   [1m[35m (0.3ms)[0m  SELECT COUNT(*) FROM "personal_connections"  WHERE "personal_connections"."verb_id" = $1  [["verb_id", 133]]
11:09:08 web.1  |   [1m[36m (0.3ms)[0m  [1mSELECT COUNT(*) FROM "personal_connections"  WHERE "personal_connections"."verb_id" = $1[0m  [["verb_id", 1163]]
11:09:08 web.1  |   [1m[36m (0.3ms)[0m  [1mSELECT COUNT(*) FROM "personal_connections"  WHERE "personal_connections"."verb_id" = $1[0m  [["verb_id", 25]]
11:09:08 web.1  |   [1m[35m (0.3ms)[0m  SELECT COUNT(*) FROM "personal_connections"  WHERE "personal_connections"."verb_id" = $1  [["verb_id", 1123]]
11:09:08 web.1  |   [1m[35m (0.2ms)[0m  SELECT COUNT(*) FROM "personal_connections"  WHERE "personal_connections"."verb_id" = $1  [["verb_id", 614]]
11:09:08 web.1  |   [1m[36m (0.3ms)[0m  [1mSELECT COUNT(*) FROM "personal_connections"  WHERE "personal_connections"."verb_id" = $1[0m  [["verb_id", 117]]
11:09:08 web.1  |   [1m[36m (0.8ms)[0m  [1mSELECT COUNT(*) FROM "personal_connections"  WHERE "personal_connections"."verb_id" = $1[0m  [["verb_id", 8]]
11:09:08 web.1  |   [1m[35m (0.4ms)[0m  SELECT COUNT(*) FROM "personal_connections"  WHERE "personal_connections"."verb_id" = $1  [["verb_id", 264]]
11:09:08 web.1  |   [1m[35m (0.4ms)[0m  SELECT COUNT(*) FROM "personal_connections"  WHERE "personal_connections"."verb_id" = $1  [["verb_id", 504]]
11:09:08 web.1  |   [1m[36m (0.3ms)[0m  [1mSELECT COUNT(*) FROM "personal_connections"  WHERE "personal_connections"."verb_id" = $1[0m  [["verb_id", 1382]]
11:09:08 web.1  |   [1m[36m (0.2ms)[0m  [1mSELECT COUNT(*) FROM "personal_connections"  WHERE "personal_connections"."verb_id" = $1[0m  [["verb_id", 1031]]
11:09:08 web.1  |   [1m[35m (0.4ms)[0m  SELECT COUNT(*) FROM "personal_connections"  WHERE "personal_connections"."verb_id" = $1  [["verb_id", 778]]
11:09:08 web.1  |   [1m[36m (0.3ms)[0m  [1mSELECT COUNT(*) FROM "personal_connections"  WHERE "personal_connections"."verb_id" = $1[0m  [["verb_id", 1036]]
11:09:08 web.1  |   [1m[35m (0.3ms)[0m  SELECT COUNT(*) FROM "personal_connections"  WHERE "personal_connections"."verb_id" = $1  [["verb_id", 292]]
11:09:08 web.1  |   [1m[35m (0.4ms)[0m  SELECT COUNT(*) FROM "personal_connections"  WHERE "personal_connections"."verb_id" = $1  [["verb_id", 352]]
11:09:08 web.1  |   [1m[36m (0.4ms)[0m  [1mSELECT COUNT(*) FROM "personal_connections"  WHERE "personal_connections"."verb_id" = $1[0m  [["verb_id", 1459]]
11:09:08 web.1  |   [1m[36m (0.4ms)[0m  [1mSELECT COUNT(*) FROM "personal_connections"  WHERE "personal_connections"."verb_id" = $1[0m  [["verb_id", 1065]]
11:09:08 web.1  |   [1m[35m (0.3ms)[0m  SELECT COUNT(*) FROM "personal_connections"  WHERE "personal_connections"."verb_id" = $1  [["verb_id", 881]]
11:09:08 web.1  |   [1m[35m (0.5ms)[0m  SELECT COUNT(*) FROM "personal_connections"  WHERE "personal_connections"."verb_id" = $1  [["verb_id", 822]]
11:09:08 web.1  |   [1m[36m (0.3ms)[0m  [1mSELECT COUNT(*) FROM "personal_connections"  WHERE "personal_connections"."verb_id" = $1[0m  [["verb_id", 1233]]
11:09:08 web.1  |   [1m[36m (0.6ms)[0m  [1mSELECT COUNT(*) FROM "personal_connections"  WHERE "personal_connections"."verb_id" = $1[0m  [["verb_id", 364]]
11:09:08 web.1  |   [1m[35m (0.4ms)[0m  SELECT COUNT(*) FROM "personal_connections"  WHERE "personal_connections"."verb_id" = $1  [["verb_id", 1185]]
11:09:08 web.1  |   [1m[35m (0.3ms)[0m  SELECT COUNT(*) FROM "personal_connections"  WHERE "personal_connections"."verb_id" = $1  [["verb_id", 39]]
11:09:08 web.1  |   [1m[36m (0.3ms)[0m  [1mSELECT COUNT(*) FROM "personal_connections"  WHERE "personal_connections"."verb_id" = $1[0m  [["verb_id", 1037]]
11:09:08 web.1  |   [1m[36m (0.3ms)[0m  [1mSELECT COUNT(*) FROM "personal_connections"  WHERE "personal_connections"."verb_id" = $1[0m  [["verb_id", 1518]]
11:09:08 web.1  |   [1m[35m (0.3ms)[0m  SELECT COUNT(*) FROM "personal_connections"  WHERE "personal_connections"."verb_id" = $1  [["verb_id", 816]]
11:09:08 web.1  |   [1m[35m (0.3ms)[0m  SELECT COUNT(*) FROM "personal_connections"  WHERE "personal_connections"."verb_id" = $1  [["verb_id", 1044]]
11:09:08 web.1  |   [1m[36m (0.4ms)[0m  [1mSELECT COUNT(*) FROM "personal_connections"  WHERE "personal_connections"."verb_id" = $1[0m  [["verb_id", 1045]]
11:09:08 web.1  |   [1m[36m (0.3ms)[0m  [1mSELECT COUNT(*) FROM "personal_connections"  WHERE "personal_connections"."verb_id" = $1[0m  [["verb_id", 856]]
11:09:08 web.1  |   [1m[35m (0.5ms)[0m  SELECT COUNT(*) FROM "personal_connections"  WHERE "personal_connections"."verb_id" = $1  [["verb_id", 1140]]
11:09:08 web.1  |   [1m[35m (0.3ms)[0m  SELECT COUNT(*) FROM "personal_connections"  WHERE "personal_connections"."verb_id" = $1  [["verb_id", 1191]]
11:09:08 web.1  |   [1m[36m (0.5ms)[0m  [1mSELECT COUNT(*) FROM "personal_connections"  WHERE "personal_connections"."verb_id" = $1[0m  [["verb_id", 1525]]
11:09:08 web.1  |   [1m[36m (0.6ms)[0m  [1mSELECT COUNT(*) FROM "personal_connections"  WHERE "personal_connections"."verb_id" = $1[0m  [["verb_id", 446]]
11:09:08 web.1  |   [1m[35m (0.3ms)[0m  SELECT COUNT(*) FROM "personal_connections"  WHERE "personal_connections"."verb_id" = $1  [["verb_id", 1458]]
11:09:08 web.1  |   [1m[35m (0.5ms)[0m  SELECT COUNT(*) FROM "personal_connections"  WHERE "personal_connections"."verb_id" = $1  [["verb_id", 890]]
11:09:08 web.1  |   [1m[36m (0.4ms)[0m  [1mSELECT COUNT(*) FROM "personal_connections"  WHERE "personal_connections"."verb_id" = $1[0m  [["verb_id", 896]]
11:09:08 web.1  |   [1m[36m (0.3ms)[0m  [1mSELECT COUNT(*) FROM "personal_connections"  WHERE "personal_connections"."verb_id" = $1[0m  [["verb_id", 1094]]
11:09:08 web.1  |   [1m[35m (0.4ms)[0m  SELECT COUNT(*) FROM "personal_connections"  WHERE "personal_connections"."verb_id" = $1  [["verb_id", 1479]]
11:09:08 web.1  |   [1m[35m (0.6ms)[0m  SELECT COUNT(*) FROM "personal_connections"  WHERE "personal_connections"."verb_id" = $1  [["verb_id", 69]]
11:09:08 web.1  |   [1m[36m (0.4ms)[0m  [1mSELECT COUNT(*) FROM "personal_connections"  WHERE "personal_connections"."verb_id" = $1[0m  [["verb_id", 1186]]
11:09:08 web.1  |   [1m[35m (0.3ms)[0m  SELECT COUNT(*) FROM "personal_connections"  WHERE "personal_connections"."verb_id" = $1  [["verb_id", 1161]]
11:09:08 web.1  |   [1m[36m (0.3ms)[0m  [1mSELECT COUNT(*) FROM "personal_connections"  WHERE "personal_connections"."verb_id" = $1[0m  [["verb_id", 1246]]
11:09:08 web.1  |   [1m[36m (0.3ms)[0m  [1mSELECT COUNT(*) FROM "personal_connections"  WHERE "personal_connections"."verb_id" = $1[0m  [["verb_id", 805]]
11:09:08 web.1  |   [1m[35m (0.3ms)[0m  SELECT COUNT(*) FROM "personal_connections"  WHERE "personal_connections"."verb_id" = $1  [["verb_id", 900]]
11:09:08 web.1  |   [1m[35m (0.3ms)[0m  SELECT COUNT(*) FROM "personal_connections"  WHERE "personal_connections"."verb_id" = $1  [["verb_id", 831]]
11:09:08 web.1  |   [1m[36m (0.5ms)[0m  [1mSELECT COUNT(*) FROM "personal_connections"  WHERE "personal_connections"."verb_id" = $1[0m  [["verb_id", 814]]
11:09:08 web.1  |   [1m[36m (0.3ms)[0m  [1mSELECT COUNT(*) FROM "personal_connections"  WHERE "personal_connections"."verb_id" = $1[0m  [["verb_id", 765]]
11:09:08 web.1  |   [1m[35m (0.3ms)[0m  SELECT COUNT(*) FROM "personal_connections"  WHERE "personal_connections"."verb_id" = $1  [["verb_id", 834]]
11:09:08 web.1  |   [1m[35m (0.3ms)[0m  SELECT COUNT(*) FROM "personal_connections"  WHERE "personal_connections"."verb_id" = $1  [["verb_id", 226]]
11:09:08 web.1  |   [1m[36m (1.4ms)[0m  [1mSELECT COUNT(*) FROM "personal_connections"  WHERE "personal_connections"."verb_id" = $1[0m  [["verb_id", 222]]
11:09:08 web.1  |   [1m[36m (0.3ms)[0m  [1mSELECT COUNT(*) FROM "personal_connections"  WHERE "personal_connections"."verb_id" = $1[0m  [["verb_id", 644]]
11:09:08 web.1  |   [1m[35m (0.3ms)[0m  SELECT COUNT(*) FROM "personal_connections"  WHERE "personal_connections"."verb_id" = $1  [["verb_id", 556]]
11:09:08 web.1  |   [1m[35m (0.3ms)[0m  SELECT COUNT(*) FROM "personal_connections"  WHERE "personal_connections"."verb_id" = $1  [["verb_id", 804]]
11:09:08 web.1  |   [1m[36m (0.6ms)[0m  [1mSELECT COUNT(*) FROM "personal_connections"  WHERE "personal_connections"."verb_id" = $1[0m  [["verb_id", 1032]]
11:09:08 web.1  |   [1m[35m (0.3ms)[0m  SELECT COUNT(*) FROM "personal_connections"  WHERE "personal_connections"."verb_id" = $1  [["verb_id", 1189]]
11:09:08 web.1  |   [1m[36m (0.3ms)[0m  [1mSELECT COUNT(*) FROM "personal_connections"  WHERE "personal_connections"."verb_id" = $1[0m  [["verb_id", 937]]
11:09:08 web.1  |   [1m[36m (0.5ms)[0m  [1mSELECT COUNT(*) FROM "personal_connections"  WHERE "personal_connections"."verb_id" = $1[0m  [["verb_id", 691]]
11:09:08 web.1  |   [1m[35m (0.3ms)[0m  SELECT COUNT(*) FROM "personal_connections"  WHERE "personal_connections"."verb_id" = $1  [["verb_id", 1221]]
11:09:08 web.1  |   [1m[35m (0.3ms)[0m  SELECT COUNT(*) FROM "personal_connections"  WHERE "personal_connections"."verb_id" = $1  [["verb_id", 926]]
11:09:08 web.1  |   [1m[36m (0.6ms)[0m  [1mSELECT COUNT(*) FROM "personal_connections"  WHERE "personal_connections"."verb_id" = $1[0m  [["verb_id", 1033]]
11:09:08 web.1  |   [1m[35m (0.3ms)[0m  SELECT COUNT(*) FROM "personal_connections"  WHERE "personal_connections"."verb_id" = $1  [["verb_id", 322]]
11:09:08 web.1  |   [1m[36m (0.2ms)[0m  [1mSELECT COUNT(*) FROM "personal_connections"  WHERE "personal_connections"."verb_id" = $1[0m  [["verb_id", 916]]
11:09:08 web.1  |   [1m[36m (0.3ms)[0m  [1mSELECT COUNT(*) FROM "personal_connections"  WHERE "personal_connections"."verb_id" = $1[0m  [["verb_id", 1041]]
11:09:08 web.1  |   [1m[35m (0.4ms)[0m  SELECT COUNT(*) FROM "personal_connections"  WHERE "personal_connections"."verb_id" = $1  [["verb_id", 1264]]
11:09:08 web.1  |   [1m[35m (7.1ms)[0m  SELECT COUNT(*) FROM "personal_connections"  WHERE "personal_connections"."verb_id" = $1  [["verb_id", 49]]
11:09:08 web.1  |   [1m[36m (0.3ms)[0m  [1mSELECT COUNT(*) FROM "personal_connections"  WHERE "personal_connections"."verb_id" = $1[0m  [["verb_id", 1152]]
11:09:08 web.1  |   [1m[36m (0.3ms)[0m  [1mSELECT COUNT(*) FROM "personal_connections"  WHERE "personal_connections"."verb_id" = $1[0m  [["verb_id", 430]]
11:09:08 web.1  |   [1m[35m (0.2ms)[0m  SELECT COUNT(*) FROM "personal_connections"  WHERE "personal_connections"."verb_id" = $1  [["verb_id", 723]]
11:09:08 web.1  |   [1m[36m (0.5ms)[0m  [1mSELECT COUNT(*) FROM "personal_connections"  WHERE "personal_connections"."verb_id" = $1[0m  [["verb_id", 552]]
11:09:08 web.1  |   [1m[35m (0.3ms)[0m  SELECT COUNT(*) FROM "personal_connections"  WHERE "personal_connections"."verb_id" = $1  [["verb_id", 1054]]
11:09:08 web.1  |   [1m[35m (0.5ms)[0m  SELECT COUNT(*) FROM "personal_connections"  WHERE "personal_connections"."verb_id" = $1  [["verb_id", 1166]]
11:09:08 web.1  |   [1m[36m (0.3ms)[0m  [1mSELECT COUNT(*) FROM "personal_connections"  WHERE "personal_connections"."verb_id" = $1[0m  [["verb_id", 1538]]
11:09:08 web.1  |   [1m[36m (0.3ms)[0m  [1mSELECT COUNT(*) FROM "personal_connections"  WHERE "personal_connections"."verb_id" = $1[0m  [["verb_id", 1211]]
11:09:08 web.1  |   [1m[35m (0.3ms)[0m  SELECT COUNT(*) FROM "personal_connections"  WHERE "personal_connections"."verb_id" = $1  [["verb_id", 1004]]
11:09:08 web.1  |   [1m[35m (0.5ms)[0m  SELECT COUNT(*) FROM "personal_connections"  WHERE "personal_connections"."verb_id" = $1  [["verb_id", 564]]
11:09:08 web.1  |   [1m[36m (0.4ms)[0m  [1mSELECT COUNT(*) FROM "personal_connections"  WHERE "personal_connections"."verb_id" = $1[0m  [["verb_id", 518]]
11:09:08 web.1  |   [1m[36m (0.2ms)[0m  [1mSELECT COUNT(*) FROM "personal_connections"  WHERE "personal_connections"."verb_id" = $1[0m  [["verb_id", 1298]]
11:09:08 web.1  |   [1m[35m (0.3ms)[0m  SELECT COUNT(*) FROM "personal_connections"  WHERE "personal_connections"."verb_id" = $1  [["verb_id", 1048]]
11:09:08 web.1  |   [1m[35m (0.2ms)[0m  SELECT COUNT(*) FROM "personal_connections"  WHERE "personal_connections"."verb_id" = $1  [["verb_id", 1118]]
11:09:08 web.1  |   [1m[36m (0.3ms)[0m  [1mSELECT COUNT(*) FROM "personal_connections"  WHERE "personal_connections"."verb_id" = $1[0m  [["verb_id", 1532]]
11:09:08 web.1  |   [1m[36m (0.3ms)[0m  [1mSELECT COUNT(*) FROM "personal_connections"  WHERE "personal_connections"."verb_id" = $1[0m  [["verb_id", 230]]
11:09:08 web.1  |   [1m[35m (0.3ms)[0m  SELECT COUNT(*) FROM "personal_connections"  WHERE "personal_connections"."verb_id" = $1  [["verb_id", 1198]]
11:09:08 web.1  |   [1m[35m (0.3ms)[0m  SELECT COUNT(*) FROM "personal_connections"  WHERE "personal_connections"."verb_id" = $1  [["verb_id", 998]]
11:09:08 web.1  |   [1m[36m (0.3ms)[0m  [1mSELECT COUNT(*) FROM "personal_connections"  WHERE "personal_connections"."verb_id" = $1[0m  [["verb_id", 826]]
11:09:08 web.1  |   [1m[36m (0.3ms)[0m  [1mSELECT COUNT(*) FROM "personal_connections"  WHERE "personal_connections"."verb_id" = $1[0m  [["verb_id", 288]]
11:09:09 web.1  |   [1m[35m (0.3ms)[0m  SELECT COUNT(*) FROM "personal_connections"  WHERE "personal_connections"."verb_id" = $1  [["verb_id", 1349]]
11:09:09 web.1  |   [1m[35m (0.3ms)[0m  SELECT COUNT(*) FROM "personal_connections"  WHERE "personal_connections"."verb_id" = $1  [["verb_id", 1560]]
11:09:09 web.1  |   [1m[36m (0.3ms)[0m  [1mSELECT COUNT(*) FROM "personal_connections"  WHERE "personal_connections"."verb_id" = $1[0m  [["verb_id", 1338]]
11:09:09 web.1  |   [1m[36m (0.3ms)[0m  [1mSELECT COUNT(*) FROM "personal_connections"  WHERE "personal_connections"."verb_id" = $1[0m  [["verb_id", 1533]]
11:09:09 web.1  |   [1m[35m (0.3ms)[0m  SELECT COUNT(*) FROM "personal_connections"  WHERE "personal_connections"."verb_id" = $1  [["verb_id", 384]]
11:09:09 web.1  |   [1m[35m (0.5ms)[0m  SELECT COUNT(*) FROM "personal_connections"  WHERE "personal_connections"."verb_id" = $1  [["verb_id", 866]]
11:09:09 web.1  |   [1m[36m (0.3ms)[0m  [1mSELECT COUNT(*) FROM "personal_connections"  WHERE "personal_connections"."verb_id" = $1[0m  [["verb_id", 630]]
11:09:09 web.1  |   [1m[36m (0.4ms)[0m  [1mSELECT COUNT(*) FROM "personal_connections"  WHERE "personal_connections"."verb_id" = $1[0m  [["verb_id", 1108]]
11:09:09 web.1  |   [1m[35m (0.3ms)[0m  SELECT COUNT(*) FROM "personal_connections"  WHERE "personal_connections"."verb_id" = $1  [["verb_id", 284]]
11:09:09 web.1  |   [1m[35m (0.3ms)[0m  SELECT COUNT(*) FROM "personal_connections"  WHERE "personal_connections"."verb_id" = $1  [["verb_id", 1163]]
11:09:09 web.1  |   [1m[36m (0.2ms)[0m  [1mSELECT COUNT(*) FROM "personal_connections"  WHERE "personal_connections"."verb_id" = $1[0m  [["verb_id", 1179]]
11:09:09 web.1  |   [1m[35m (0.4ms)[0m  SELECT COUNT(*) FROM "personal_connections"  WHERE "personal_connections"."verb_id" = $1  [["verb_id", 920]]
11:09:09 web.1  |   [1m[36m (0.3ms)[0m  [1mSELECT COUNT(*) FROM "personal_connections"  WHERE "personal_connections"."verb_id" = $1[0m  [["verb_id", 1123]]
11:09:09 web.1  |   [1m[36m (0.3ms)[0m  [1mSELECT COUNT(*) FROM "personal_connections"  WHERE "personal_connections"."verb_id" = $1[0m  [["verb_id", 1212]]
11:09:09 web.1  |   [1m[35m (0.7ms)[0m  SELECT COUNT(*) FROM "personal_connections"  WHERE "personal_connections"."verb_id" = $1  [["verb_id", 8]]
11:09:09 web.1  |   [1m[35m (0.3ms)[0m  SELECT COUNT(*) FROM "personal_connections"  WHERE "personal_connections"."verb_id" = $1  [["verb_id", 622]]
11:09:09 web.1  |   [1m[36m (0.4ms)[0m  [1mSELECT COUNT(*) FROM "personal_connections"  WHERE "personal_connections"."verb_id" = $1[0m  [["verb_id", 898]]
11:09:09 web.1  |   [1m[36m (0.5ms)[0m  [1mSELECT COUNT(*) FROM "personal_connections"  WHERE "personal_connections"."verb_id" = $1[0m  [["verb_id", 504]]
11:09:09 web.1  |   [1m[35m (0.3ms)[0m  SELECT COUNT(*) FROM "personal_connections"  WHERE "personal_connections"."verb_id" = $1  [["verb_id", 1190]]
11:09:09 web.1  |   [1m[35m (0.4ms)[0m  SELECT COUNT(*) FROM "personal_connections"  WHERE "personal_connections"."verb_id" = $1  [["verb_id", 1031]]
11:09:09 web.1  |   [1m[36m (0.3ms)[0m  [1mSELECT COUNT(*) FROM "personal_connections"  WHERE "personal_connections"."verb_id" = $1[0m  [["verb_id", 1134]]
11:09:09 web.1  |   [1m[36m (0.3ms)[0m  [1mSELECT COUNT(*) FROM "personal_connections"  WHERE "personal_connections"."verb_id" = $1[0m  [["verb_id", 778]]
11:09:09 web.1  |   [1m[35m (0.3ms)[0m  SELECT COUNT(*) FROM "personal_connections"  WHERE "personal_connections"."verb_id" = $1  [["verb_id", 955]]
11:09:09 web.1  |   [1m[35m (0.3ms)[0m  SELECT COUNT(*) FROM "personal_connections"  WHERE "personal_connections"."verb_id" = $1  [["verb_id", 1036]]
11:09:09 web.1  |   [1m[36m (0.3ms)[0m  [1mSELECT COUNT(*) FROM "personal_connections"  WHERE "personal_connections"."verb_id" = $1[0m  [["verb_id", 280]]
11:09:09 web.1  |   [1m[36m (0.4ms)[0m  [1mSELECT COUNT(*) FROM "personal_connections"  WHERE "personal_connections"."verb_id" = $1[0m  [["verb_id", 292]]
11:09:09 web.1  |   [1m[35m (0.3ms)[0m  SELECT COUNT(*) FROM "personal_connections"  WHERE "personal_connections"."verb_id" = $1  [["verb_id", 735]]
11:09:09 web.1  |   [1m[35m (0.4ms)[0m  SELECT COUNT(*) FROM "personal_connections"  WHERE "personal_connections"."verb_id" = $1  [["verb_id", 1459]]
11:09:09 web.1  |   [1m[36m (0.4ms)[0m  [1mSELECT COUNT(*) FROM "personal_connections"  WHERE "personal_connections"."verb_id" = $1[0m  [["verb_id", 750]]
11:09:09 web.1  |   [1m[36m (0.5ms)[0m  [1mSELECT COUNT(*) FROM "personal_connections"  WHERE "personal_connections"."verb_id" = $1[0m  [["verb_id", 881]]
11:09:09 web.1  |   [1m[35m (0.4ms)[0m  SELECT COUNT(*) FROM "personal_connections"  WHERE "personal_connections"."verb_id" = $1  [["verb_id", 1147]]
11:09:09 web.1  |   [1m[35m (0.3ms)[0m  SELECT COUNT(*) FROM "personal_connections"  WHERE "personal_connections"."verb_id" = $1  [["verb_id", 1233]]
11:09:09 web.1  |   [1m[36m (0.2ms)[0m  [1mSELECT COUNT(*) FROM "personal_connections"  WHERE "personal_connections"."verb_id" = $1[0m  [["verb_id", 1362]]
11:09:09 web.1  |   [1m[35m (0.3ms)[0m  SELECT COUNT(*) FROM "personal_connections"  WHERE "personal_connections"."verb_id" = $1  [["verb_id", 772]]
11:09:09 web.1  |   [1m[36m (0.2ms)[0m  [1mSELECT COUNT(*) FROM "personal_connections"  WHERE "personal_connections"."verb_id" = $1[0m  [["verb_id", 1185]]
11:09:09 web.1  |   [1m[36m (0.3ms)[0m  [1mSELECT COUNT(*) FROM "personal_connections"  WHERE "personal_connections"."verb_id" = $1[0m  [["verb_id", 1090]]
11:09:09 web.1  |   [1m[35m (0.5ms)[0m  SELECT COUNT(*) FROM "personal_connections"  WHERE "personal_connections"."verb_id" = $1  [["verb_id", 1037]]
11:09:09 web.1  |   [1m[35m (0.3ms)[0m  SELECT COUNT(*) FROM "personal_connections"  WHERE "personal_connections"."verb_id" = $1  [["verb_id", 1240]]
11:09:09 web.1  |   [1m[36m (0.5ms)[0m  [1mSELECT COUNT(*) FROM "personal_connections"  WHERE "personal_connections"."verb_id" = $1[0m  [["verb_id", 816]]
11:09:09 web.1  |   [1m[36m (0.3ms)[0m  [1mSELECT COUNT(*) FROM "personal_connections"  WHERE "personal_connections"."verb_id" = $1[0m  [["verb_id", 878]]
11:09:09 web.1  |   [1m[35m (0.3ms)[0m  SELECT COUNT(*) FROM "personal_connections"  WHERE "personal_connections"."verb_id" = $1  [["verb_id", 1045]]
11:09:09 web.1  |   [1m[35m (0.3ms)[0m  SELECT COUNT(*) FROM "personal_connections"  WHERE "personal_connections"."verb_id" = $1  [["verb_id", 1239]]
11:09:09 web.1  |   [1m[36m (0.5ms)[0m  [1mSELECT COUNT(*) FROM "personal_connections"  WHERE "personal_connections"."verb_id" = $1[0m  [["verb_id", 1140]]
11:09:09 web.1  |   [1m[36m (0.4ms)[0m  [1mSELECT COUNT(*) FROM "personal_connections"  WHERE "personal_connections"."verb_id" = $1[0m  [["verb_id", 810]]
11:09:09 web.1  |   [1m[35m (0.3ms)[0m  SELECT COUNT(*) FROM "personal_connections"  WHERE "personal_connections"."verb_id" = $1  [["verb_id", 1525]]
11:09:09 web.1  |   [1m[35m (0.3ms)[0m  SELECT COUNT(*) FROM "personal_connections"  WHERE "personal_connections"."verb_id" = $1  [["verb_id", 907]]
11:09:09 web.1  |   [1m[36m (0.3ms)[0m  [1mSELECT COUNT(*) FROM "personal_connections"  WHERE "personal_connections"."verb_id" = $1[0m  [["verb_id", 1458]]
11:09:09 web.1  |   [1m[36m (0.6ms)[0m  [1mSELECT COUNT(*) FROM "personal_connections"  WHERE "personal_connections"."verb_id" = $1[0m  [["verb_id", 1275]]
11:09:09 web.1  |   [1m[35m (0.3ms)[0m  SELECT COUNT(*) FROM "personal_connections"  WHERE "personal_connections"."verb_id" = $1  [["verb_id", 896]]
11:09:09 web.1  |   [1m[35m (0.3ms)[0m  SELECT COUNT(*) FROM "personal_connections"  WHERE "personal_connections"."verb_id" = $1  [["verb_id", 1170]]
11:09:09 web.1  |   [1m[36m (0.2ms)[0m  [1mSELECT COUNT(*) FROM "personal_connections"  WHERE "personal_connections"."verb_id" = $1[0m  [["verb_id", 1464]]
11:09:09 web.1  |   [1m[36m (0.3ms)[0m  [1mSELECT COUNT(*) FROM "personal_connections"  WHERE "personal_connections"."verb_id" = $1[0m  [["verb_id", 1479]]
11:09:09 web.1  |   [1m[35m (0.3ms)[0m  SELECT COUNT(*) FROM "personal_connections"  WHERE "personal_connections"."verb_id" = $1  [["verb_id", 286]]
11:09:09 web.1  |   [1m[35m (0.2ms)[0m  SELECT COUNT(*) FROM "personal_connections"  WHERE "personal_connections"."verb_id" = $1  [["verb_id", 1186]]
11:09:09 web.1  |   [1m[36m (0.4ms)[0m  [1mSELECT COUNT(*) FROM "personal_connections"  WHERE "personal_connections"."verb_id" = $1[0m  [["verb_id", 933]]
11:09:09 web.1  |   [1m[36m (0.5ms)[0m  [1mSELECT COUNT(*) FROM "personal_connections"  WHERE "personal_connections"."verb_id" = $1[0m  [["verb_id", 1161]]
11:09:09 web.1  |   [1m[35m (0.5ms)[0m  SELECT COUNT(*) FROM "personal_connections"  WHERE "personal_connections"."verb_id" = $1  [["verb_id", 1220]]
11:09:09 web.1  |   [1m[35m (0.6ms)[0m  SELECT COUNT(*) FROM "personal_connections"  WHERE "personal_connections"."verb_id" = $1  [["verb_id", 805]]
11:09:09 web.1  |   [1m[36m (0.3ms)[0m  [1mSELECT COUNT(*) FROM "personal_connections"  WHERE "personal_connections"."verb_id" = $1[0m  [["verb_id", 626]]
11:09:09 web.1  |   [1m[36m (0.3ms)[0m  [1mSELECT COUNT(*) FROM "personal_connections"  WHERE "personal_connections"."verb_id" = $1[0m  [["verb_id", 900]]
11:09:09 web.1  |   [1m[35m (0.3ms)[0m  SELECT COUNT(*) FROM "personal_connections"  WHERE "personal_connections"."verb_id" = $1  [["verb_id", 1549]]
11:09:09 web.1  |   [1m[36m (0.5ms)[0m  [1mSELECT COUNT(*) FROM "personal_connections"  WHERE "personal_connections"."verb_id" = $1[0m  [["verb_id", 858]]
11:09:09 web.1  |   [1m[35m (0.3ms)[0m  SELECT COUNT(*) FROM "personal_connections"  WHERE "personal_connections"."verb_id" = $1  [["verb_id", 814]]
11:09:09 web.1  |   [1m[35m (0.4ms)[0m  SELECT COUNT(*) FROM "personal_connections"  WHERE "personal_connections"."verb_id" = $1  [["verb_id", 1154]]
11:09:09 web.1  |   [1m[36m (0.3ms)[0m  [1mSELECT COUNT(*) FROM "personal_connections"  WHERE "personal_connections"."verb_id" = $1[0m  [["verb_id", 226]]
11:09:09 web.1  |   [1m[36m (0.7ms)[0m  [1mSELECT COUNT(*) FROM "personal_connections"  WHERE "personal_connections"."verb_id" = $1[0m  [["verb_id", 746]]
11:09:09 web.1  |   [1m[35m (0.3ms)[0m  SELECT COUNT(*) FROM "personal_connections"  WHERE "personal_connections"."verb_id" = $1  [["verb_id", 644]]
11:09:09 web.1  |   [1m[35m (0.3ms)[0m  SELECT COUNT(*) FROM "personal_connections"  WHERE "personal_connections"."verb_id" = $1  [["verb_id", 1194]]
11:09:09 web.1  |   [1m[36m (0.2ms)[0m  [1mSELECT COUNT(*) FROM "personal_connections"  WHERE "personal_connections"."verb_id" = $1[0m  [["verb_id", 804]]
11:09:09 web.1  |   [1m[35m (0.4ms)[0m  SELECT COUNT(*) FROM "personal_connections"  WHERE "personal_connections"."verb_id" = $1  [["verb_id", 937]]
11:09:09 web.1  |   [1m[36m (0.5ms)[0m  [1mSELECT COUNT(*) FROM "personal_connections"  WHERE "personal_connections"."verb_id" = $1[0m  [["verb_id", 1258]]
11:09:09 web.1  |   [1m[36m (0.3ms)[0m  [1mSELECT COUNT(*) FROM "personal_connections"  WHERE "personal_connections"."verb_id" = $1[0m  [["verb_id", 926]]
11:09:09 web.1  |   [1m[35m (0.3ms)[0m  SELECT COUNT(*) FROM "personal_connections"  WHERE "personal_connections"."verb_id" = $1  [["verb_id", 918]]
11:09:09 web.1  |   [1m[35m (0.4ms)[0m  SELECT COUNT(*) FROM "personal_connections"  WHERE "personal_connections"."verb_id" = $1  [["verb_id", 916]]
11:09:09 web.1  |   [1m[36m (0.3ms)[0m  [1mSELECT COUNT(*) FROM "personal_connections"  WHERE "personal_connections"."verb_id" = $1[0m  [["verb_id", 1288]]
11:09:09 web.1  |   [1m[36m (0.3ms)[0m  [1mSELECT COUNT(*) FROM "personal_connections"  WHERE "personal_connections"."verb_id" = $1[0m  [["verb_id", 49]]
11:09:09 web.1  |   [1m[35m (0.3ms)[0m  SELECT COUNT(*) FROM "personal_connections"  WHERE "personal_connections"."verb_id" = $1  [["verb_id", 1586]]
11:09:09 web.1  |   [1m[35m (0.4ms)[0m  SELECT COUNT(*) FROM "personal_connections"  WHERE "personal_connections"."verb_id" = $1  [["verb_id", 430]]
11:09:09 web.1  |   [1m[36m (0.2ms)[0m  [1mSELECT COUNT(*) FROM "personal_connections"  WHERE "personal_connections"."verb_id" = $1[0m  [["verb_id", 1537]]
11:09:09 web.1  |   [1m[35m (0.3ms)[0m  SELECT COUNT(*) FROM "personal_connections"  WHERE "personal_connections"."verb_id" = $1  [["verb_id", 1393]]
11:09:09 web.1  |   [1m[36m (0.6ms)[0m  [1mSELECT COUNT(*) FROM "personal_connections"  WHERE "personal_connections"."verb_id" = $1[0m  [["verb_id", 1054]]
11:09:09 web.1  |   [1m[36m (0.3ms)[0m  [1mSELECT COUNT(*) FROM "personal_connections"  WHERE "personal_connections"."verb_id" = $1[0m  [["verb_id", 1396]]
11:09:09 web.1  |   [1m[35m (0.4ms)[0m  SELECT COUNT(*) FROM "personal_connections"  WHERE "personal_connections"."verb_id" = $1  [["verb_id", 1538]]
11:09:09 web.1  |   [1m[35m (0.3ms)[0m  SELECT COUNT(*) FROM "personal_connections"  WHERE "personal_connections"."verb_id" = $1  [["verb_id", 1049]]
11:09:09 web.1  |   [1m[36m (0.5ms)[0m  [1mSELECT COUNT(*) FROM "personal_connections"  WHERE "personal_connections"."verb_id" = $1[0m  [["verb_id", 1004]]
11:09:09 web.1  |   [1m[36m (0.3ms)[0m  [1mSELECT COUNT(*) FROM "personal_connections"  WHERE "personal_connections"."verb_id" = $1[0m  [["verb_id", 1543]]
11:09:09 web.1  |   [1m[35m (0.3ms)[0m  SELECT COUNT(*) FROM "personal_connections"  WHERE "personal_connections"."verb_id" = $1  [["verb_id", 1298]]
11:09:09 web.1  |   [1m[35m (0.3ms)[0m  SELECT COUNT(*) FROM "personal_connections"  WHERE "personal_connections"."verb_id" = $1  [["verb_id", 1447]]
11:09:09 web.1  |   [1m[36m (0.5ms)[0m  [1mSELECT COUNT(*) FROM "personal_connections"  WHERE "personal_connections"."verb_id" = $1[0m  [["verb_id", 1118]]
11:09:09 web.1  |   [1m[36m (0.5ms)[0m  [1mSELECT COUNT(*) FROM "personal_connections"  WHERE "personal_connections"."verb_id" = $1[0m  [["verb_id", 216]]
11:09:09 web.1  |   [1m[35m (0.3ms)[0m  SELECT COUNT(*) FROM "personal_connections"  WHERE "personal_connections"."verb_id" = $1  [["verb_id", 1532]]
11:09:09 web.1  |   [1m[35m (0.4ms)[0m  SELECT COUNT(*) FROM "personal_connections"  WHERE "personal_connections"."verb_id" = $1  [["verb_id", 1371]]
11:09:09 web.1  |   [1m[36m (0.3ms)[0m  [1mSELECT COUNT(*) FROM "personal_connections"  WHERE "personal_connections"."verb_id" = $1[0m  [["verb_id", 1198]]
11:09:09 web.1  |   [1m[36m (0.3ms)[0m  [1mSELECT COUNT(*) FROM "personal_connections"  WHERE "personal_connections"."verb_id" = $1[0m  [["verb_id", 832]]
11:09:09 web.1  |   [1m[35m (0.3ms)[0m  SELECT COUNT(*) FROM "personal_connections"  WHERE "personal_connections"."verb_id" = $1  [["verb_id", 826]]
11:09:09 web.1  |   [1m[36m (0.3ms)[0m  [1mSELECT COUNT(*) FROM "personal_connections"  WHERE "personal_connections"."verb_id" = $1[0m  [["verb_id", 1349]]
11:09:09 web.1  |   [1m[35m (0.3ms)[0m  SELECT COUNT(*) FROM "personal_connections"  WHERE "personal_connections"."verb_id" = $1  [["verb_id", 1524]]
11:09:09 web.1  |   [1m[35m (0.3ms)[0m  SELECT COUNT(*) FROM "personal_connections"  WHERE "personal_connections"."verb_id" = $1  [["verb_id", 1338]]
11:09:09 web.1  |   [1m[36m (0.3ms)[0m  [1mSELECT COUNT(*) FROM "personal_connections"  WHERE "personal_connections"."verb_id" = $1[0m  [["verb_id", 1129]]
11:09:09 web.1  |   [1m[36m (0.7ms)[0m  [1mSELECT COUNT(*) FROM "personal_connections"  WHERE "personal_connections"."verb_id" = $1[0m  [["verb_id", 384]]
11:09:09 web.1  |   [1m[35m (0.2ms)[0m  SELECT COUNT(*) FROM "personal_connections"  WHERE "personal_connections"."verb_id" = $1  [["verb_id", 922]]
11:09:09 web.1  |   [1m[36m (0.3ms)[0m  [1mSELECT COUNT(*) FROM "personal_connections"  WHERE "personal_connections"."verb_id" = $1[0m  [["verb_id", 928]]
11:09:09 web.1  |   [1m[35m (0.2ms)[0m  SELECT COUNT(*) FROM "personal_connections"  WHERE "personal_connections"."verb_id" = $1  [["verb_id", 630]]
11:09:09 web.1  |   [1m[35m (0.3ms)[0m  SELECT COUNT(*) FROM "personal_connections"  WHERE "personal_connections"."verb_id" = $1  [["verb_id", 294]]
11:09:09 web.1  |   [1m[36m (0.2ms)[0m  [1mSELECT COUNT(*) FROM "personal_connections"  WHERE "personal_connections"."verb_id" = $1[0m  [["verb_id", 284]]
11:09:09 web.1  |   [1m[36m (0.4ms)[0m  [1mSELECT COUNT(*) FROM "personal_connections"  WHERE "personal_connections"."verb_id" = $1[0m  [["verb_id", 1501]]
11:09:09 web.1  |   [1m[35m (0.2ms)[0m  SELECT COUNT(*) FROM "personal_connections"  WHERE "personal_connections"."verb_id" = $1  [["verb_id", 1179]]
11:09:09 web.1  |   [1m[35m (0.4ms)[0m  SELECT COUNT(*) FROM "personal_connections"  WHERE "personal_connections"."verb_id" = $1  [["verb_id", 1249]]
11:09:09 web.1  |   [1m[36m (0.5ms)[0m  [1mSELECT COUNT(*) FROM "personal_connections"  WHERE "personal_connections"."verb_id" = $1[0m  [["verb_id", 920]]
11:09:09 web.1  |   [1m[36m (0.4ms)[0m  [1mSELECT COUNT(*) FROM "personal_connections"  WHERE "personal_connections"."verb_id" = $1[0m  [["verb_id", 1225]]
11:09:09 web.1  |   [1m[35m (0.5ms)[0m  SELECT COUNT(*) FROM "personal_connections"  WHERE "personal_connections"."verb_id" = $1  [["verb_id", 1212]]
11:09:09 web.1  |   [1m[35m (0.6ms)[0m  SELECT COUNT(*) FROM "personal_connections"  WHERE "personal_connections"."verb_id" = $1  [["verb_id", 5]]
11:09:09 web.1  |   [1m[36m (0.3ms)[0m  [1mSELECT COUNT(*) FROM "personal_connections"  WHERE "personal_connections"."verb_id" = $1[0m  [["verb_id", 622]]
11:09:09 web.1  |   [1m[36m (0.3ms)[0m  [1mSELECT COUNT(*) FROM "personal_connections"  WHERE "personal_connections"."verb_id" = $1[0m  [["verb_id", 959]]
11:09:09 web.1  |   [1m[35m (1.1ms)[0m  SELECT COUNT(*) FROM "personal_connections"  WHERE "personal_connections"."verb_id" = $1  [["verb_id", 898]]
11:09:09 web.1  |   [1m[35m (0.3ms)[0m  SELECT COUNT(*) FROM "personal_connections"  WHERE "personal_connections"."verb_id" = $1  [["verb_id", 1483]]
11:09:09 web.1  |   [1m[36m (0.5ms)[0m  [1mSELECT COUNT(*) FROM "personal_connections"  WHERE "personal_connections"."verb_id" = $1[0m  [["verb_id", 1190]]
11:09:09 web.1  |   [1m[36m (0.4ms)[0m  [1mSELECT COUNT(*) FROM "personal_connections"  WHERE "personal_connections"."verb_id" = $1[0m  [["verb_id", 27]]
11:09:09 web.1  |   [1m[35m (0.3ms)[0m  SELECT COUNT(*) FROM "personal_connections"  WHERE "personal_connections"."verb_id" = $1  [["verb_id", 1134]]
11:09:09 web.1  |   [1m[36m (0.3ms)[0m  [1mSELECT COUNT(*) FROM "personal_connections"  WHERE "personal_connections"."verb_id" = $1[0m  [["verb_id", 955]]
11:09:09 web.1  |   [1m[35m (0.3ms)[0m  SELECT COUNT(*) FROM "personal_connections"  WHERE "personal_connections"."verb_id" = $1  [["verb_id", 280]]
11:09:09 web.1  |   [1m[35m (0.4ms)[0m  SELECT COUNT(*) FROM "personal_connections"  WHERE "personal_connections"."verb_id" = $1  [["verb_id", 240]]
11:09:09 web.1  |   [1m[36m (0.3ms)[0m  [1mSELECT COUNT(*) FROM "personal_connections"  WHERE "personal_connections"."verb_id" = $1[0m  [["verb_id", 735]]
11:09:09 web.1  |   [1m[35m (0.3ms)[0m  SELECT COUNT(*) FROM "personal_connections"  WHERE "personal_connections"."verb_id" = $1  [["verb_id", 750]]
11:09:09 web.1  |   [1m[36m (0.5ms)[0m  [1mSELECT COUNT(*) FROM "personal_connections"  WHERE "personal_connections"."verb_id" = $1[0m  [["verb_id", 1332]]
11:09:09 web.1  |   [1m[36m (0.9ms)[0m  [1mSELECT COUNT(*) FROM "personal_connections"  WHERE "personal_connections"."verb_id" = $1[0m  [["verb_id", 1147]]
11:09:09 web.1  |   [1m[35m (0.5ms)[0m  SELECT COUNT(*) FROM "personal_connections"  WHERE "personal_connections"."verb_id" = $1  [["verb_id", 1193]]
11:09:09 web.1  |   [1m[35m (0.3ms)[0m  SELECT COUNT(*) FROM "personal_connections"  WHERE "personal_connections"."verb_id" = $1  [["verb_id", 1362]]
11:09:09 web.1  |   [1m[36m (0.3ms)[0m  [1mSELECT COUNT(*) FROM "personal_connections"  WHERE "personal_connections"."verb_id" = $1[0m  [["verb_id", 1093]]
11:09:09 web.1  |   [1m[36m (0.3ms)[0m  [1mSELECT COUNT(*) FROM "personal_connections"  WHERE "personal_connections"."verb_id" = $1[0m  [["verb_id", 772]]
11:09:09 web.1  |   [1m[35m (0.3ms)[0m  SELECT COUNT(*) FROM "personal_connections"  WHERE "personal_connections"."verb_id" = $1  [["verb_id", 4]]
11:09:09 web.1  |   [1m[35m (0.4ms)[0m  SELECT COUNT(*) FROM "personal_connections"  WHERE "personal_connections"."verb_id" = $1  [["verb_id", 1090]]
11:09:09 web.1  |   [1m[36m (0.3ms)[0m  [1mSELECT COUNT(*) FROM "personal_connections"  WHERE "personal_connections"."verb_id" = $1[0m  [["verb_id", 1240]]
11:09:09 web.1  |   [1m[35m (1.3ms)[0m  SELECT COUNT(*) FROM "personal_connections"  WHERE "personal_connections"."verb_id" = $1  [["verb_id", 878]]
11:09:09 web.1  |   [1m[36m (0.3ms)[0m  [1mSELECT COUNT(*) FROM "personal_connections"  WHERE "personal_connections"."verb_id" = $1[0m  [["verb_id", 807]]
11:09:09 web.1  |   [1m[35m (0.5ms)[0m  SELECT COUNT(*) FROM "personal_connections"  WHERE "personal_connections"."verb_id" = $1  [["verb_id", 812]]
11:09:09 web.1  |   [1m[36m (0.6ms)[0m  [1mSELECT COUNT(*) FROM "personal_connections"  WHERE "personal_connections"."verb_id" = $1[0m  [["verb_id", 1239]]
11:09:09 web.1  |   [1m[36m (0.5ms)[0m  [1mSELECT COUNT(*) FROM "personal_connections"  WHERE "personal_connections"."verb_id" = $1[0m  [["verb_id", 1106]]
11:09:09 web.1  |   [1m[35m (0.3ms)[0m  SELECT COUNT(*) FROM "personal_connections"  WHERE "personal_connections"."verb_id" = $1  [["verb_id", 810]]
11:09:09 web.1  |   [1m[35m (0.3ms)[0m  SELECT COUNT(*) FROM "personal_connections"  WHERE "personal_connections"."verb_id" = $1  [["verb_id", 1493]]
11:09:09 web.1  |   [1m[36m (0.4ms)[0m  [1mSELECT COUNT(*) FROM "personal_connections"  WHERE "personal_connections"."verb_id" = $1[0m  [["verb_id", 1423]]
11:09:09 web.1  |   [1m[36m (0.3ms)[0m  [1mSELECT COUNT(*) FROM "personal_connections"  WHERE "personal_connections"."verb_id" = $1[0m  [["verb_id", 907]]
11:09:09 web.1  |   [1m[35m (0.3ms)[0m  SELECT COUNT(*) FROM "personal_connections"  WHERE "personal_connections"."verb_id" = $1  [["verb_id", 754]]
11:09:09 web.1  |   [1m[35m (0.3ms)[0m  SELECT COUNT(*) FROM "personal_connections"  WHERE "personal_connections"."verb_id" = $1  [["verb_id", 1275]]
11:09:09 web.1  |   [1m[36m (0.2ms)[0m  [1mSELECT COUNT(*) FROM "personal_connections"  WHERE "personal_connections"."verb_id" = $1[0m  [["verb_id", 1324]]
11:09:09 web.1  |   [1m[35m (0.3ms)[0m  SELECT COUNT(*) FROM "personal_connections"  WHERE "personal_connections"."verb_id" = $1  [["verb_id", 1323]]
11:09:09 web.1  |   [1m[36m (0.3ms)[0m  [1mSELECT COUNT(*) FROM "personal_connections"  WHERE "personal_connections"."verb_id" = $1[0m  [["verb_id", 1170]]
11:09:09 web.1  |   [1m[36m (0.5ms)[0m  [1mSELECT COUNT(*) FROM "personal_connections"  WHERE "personal_connections"."verb_id" = $1[0m  [["verb_id", 801]]
11:09:09 web.1  |   [1m[35m (0.4ms)[0m  SELECT COUNT(*) FROM "personal_connections"  WHERE "personal_connections"."verb_id" = $1  [["verb_id", 1464]]
11:09:09 web.1  |   [1m[35m (0.5ms)[0m  SELECT COUNT(*) FROM "personal_connections"  WHERE "personal_connections"."verb_id" = $1  [["verb_id", 1444]]
11:09:09 web.1  |   [1m[36m (0.3ms)[0m  [1mSELECT COUNT(*) FROM "personal_connections"  WHERE "personal_connections"."verb_id" = $1[0m  [["verb_id", 286]]
11:09:09 web.1  |   [1m[36m (0.5ms)[0m  [1mSELECT COUNT(*) FROM "personal_connections"  WHERE "personal_connections"."verb_id" = $1[0m  [["verb_id", 759]]
11:09:09 web.1  |   [1m[35m (0.3ms)[0m  SELECT COUNT(*) FROM "personal_connections"  WHERE "personal_connections"."verb_id" = $1  [["verb_id", 933]]
11:09:09 web.1  |   [1m[36m (0.3ms)[0m  [1mSELECT COUNT(*) FROM "personal_connections"  WHERE "personal_connections"."verb_id" = $1[0m  [["verb_id", 1220]]
11:09:09 web.1  |   [1m[35m (0.3ms)[0m  SELECT COUNT(*) FROM "personal_connections"  WHERE "personal_connections"."verb_id" = $1  [["verb_id", 26]]
11:09:09 web.1  |   [1m[35m (0.3ms)[0m  SELECT COUNT(*) FROM "personal_connections"  WHERE "personal_connections"."verb_id" = $1  [["verb_id", 626]]
11:09:09 web.1  |   [1m[36m (0.3ms)[0m  [1mSELECT COUNT(*) FROM "personal_connections"  WHERE "personal_connections"."verb_id" = $1[0m  [["verb_id", 1549]]
11:09:09 web.1  |   [1m[36m (0.3ms)[0m  [1mSELECT COUNT(*) FROM "personal_connections"  WHERE "personal_connections"."verb_id" = $1[0m  [["verb_id", 889]]
11:09:09 web.1  |   [1m[35m (0.3ms)[0m  SELECT COUNT(*) FROM "personal_connections"  WHERE "personal_connections"."verb_id" = $1  [["verb_id", 858]]
11:09:09 web.1  |   [1m[35m (0.2ms)[0m  SELECT COUNT(*) FROM "personal_connections"  WHERE "personal_connections"."verb_id" = $1  [["verb_id", 827]]
11:09:09 web.1  |   [1m[36m (0.4ms)[0m  [1mSELECT COUNT(*) FROM "personal_connections"  WHERE "personal_connections"."verb_id" = $1[0m  [["verb_id", 1154]]
11:09:09 web.1  |   [1m[36m (0.2ms)[0m  [1mSELECT COUNT(*) FROM "personal_connections"  WHERE "personal_connections"."verb_id" = $1[0m  [["verb_id", 903]]
11:09:09 web.1  |   [1m[35m (0.4ms)[0m  SELECT COUNT(*) FROM "personal_connections"  WHERE "personal_connections"."verb_id" = $1  [["verb_id", 828]]
11:09:09 web.1  |   [1m[35m (0.3ms)[0m  SELECT COUNT(*) FROM "personal_connections"  WHERE "personal_connections"."verb_id" = $1  [["verb_id", 746]]
11:09:09 web.1  |   [1m[36m (0.5ms)[0m  [1mSELECT COUNT(*) FROM "personal_connections"  WHERE "personal_connections"."verb_id" = $1[0m  [["verb_id", 1463]]
11:09:09 web.1  |   [1m[36m (0.3ms)[0m  [1mSELECT COUNT(*) FROM "personal_connections"  WHERE "personal_connections"."verb_id" = $1[0m  [["verb_id", 1194]]
11:09:09 web.1  |   [1m[35m (0.3ms)[0m  SELECT COUNT(*) FROM "personal_connections"  WHERE "personal_connections"."verb_id" = $1  [["verb_id", 1284]]
11:09:09 web.1  |   [1m[35m (0.3ms)[0m  SELECT COUNT(*) FROM "personal_connections"  WHERE "personal_connections"."verb_id" = $1  [["verb_id", 1258]]
11:09:09 web.1  |   [1m[36m (0.2ms)[0m  [1mSELECT COUNT(*) FROM "personal_connections"  WHERE "personal_connections"."verb_id" = $1[0m  [["verb_id", 939]]
11:09:09 web.1  |   [1m[36m (0.3ms)[0m  [1mSELECT COUNT(*) FROM "personal_connections"  WHERE "personal_connections"."verb_id" = $1[0m  [["verb_id", 918]]
11:09:09 web.1  |   [1m[35m (0.2ms)[0m  SELECT COUNT(*) FROM "personal_connections"  WHERE "personal_connections"."verb_id" = $1  [["verb_id", 1263]]
11:09:09 web.1  |   [1m[35m (0.3ms)[0m  SELECT COUNT(*) FROM "personal_connections"  WHERE "personal_connections"."verb_id" = $1  [["verb_id", 1288]]
11:09:09 web.1  |   [1m[36m (0.2ms)[0m  [1mSELECT COUNT(*) FROM "personal_connections"  WHERE "personal_connections"."verb_id" = $1[0m  [["verb_id", 1132]]
11:09:09 web.1  |   [1m[36m (0.3ms)[0m  [1mSELECT COUNT(*) FROM "personal_connections"  WHERE "personal_connections"."verb_id" = $1[0m  [["verb_id", 1586]]
11:09:09 web.1  |   [1m[35m (0.5ms)[0m  SELECT COUNT(*) FROM "personal_connections"  WHERE "personal_connections"."verb_id" = $1  [["verb_id", 153]]
11:09:09 web.1  |   [1m[35m (0.3ms)[0m  SELECT COUNT(*) FROM "personal_connections"  WHERE "personal_connections"."verb_id" = $1  [["verb_id", 1537]]
11:09:09 web.1  |   [1m[36m (0.5ms)[0m  [1mSELECT COUNT(*) FROM "personal_connections"  WHERE "personal_connections"."verb_id" = $1[0m  [["verb_id", 1443]]
11:09:09 web.1  |   [1m[36m (0.3ms)[0m  [1mSELECT COUNT(*) FROM "personal_connections"  WHERE "personal_connections"."verb_id" = $1[0m  [["verb_id", 1393]]
11:09:09 web.1  |   [1m[35m (0.5ms)[0m  SELECT COUNT(*) FROM "personal_connections"  WHERE "personal_connections"."verb_id" = $1  [["verb_id", 406]]
11:09:09 web.1  |   [1m[35m (0.4ms)[0m  SELECT COUNT(*) FROM "personal_connections"  WHERE "personal_connections"."verb_id" = $1  [["verb_id", 1396]]
11:09:09 web.1  |   [1m[36m (0.3ms)[0m  [1mSELECT COUNT(*) FROM "personal_connections"  WHERE "personal_connections"."verb_id" = $1[0m  [["verb_id", 508]]
11:09:09 web.1  |   [1m[36m (0.4ms)[0m  [1mSELECT COUNT(*) FROM "personal_connections"  WHERE "personal_connections"."verb_id" = $1[0m  [["verb_id", 1049]]
11:09:09 web.1  |   [1m[35m (0.5ms)[0m  SELECT COUNT(*) FROM "personal_connections"  WHERE "personal_connections"."verb_id" = $1  [["verb_id", 1224]]
11:09:09 web.1  |   [1m[35m (0.3ms)[0m  SELECT COUNT(*) FROM "personal_connections"  WHERE "personal_connections"."verb_id" = $1  [["verb_id", 1543]]
11:09:09 web.1  |   [1m[36m (0.5ms)[0m  [1mSELECT COUNT(*) FROM "personal_connections"  WHERE "personal_connections"."verb_id" = $1[0m  [["verb_id", 1276]]
11:09:09 web.1  |   [1m[36m (0.5ms)[0m  [1mSELECT COUNT(*) FROM "personal_connections"  WHERE "personal_connections"."verb_id" = $1[0m  [["verb_id", 1447]]
11:09:09 web.1  |   [1m[35m (0.3ms)[0m  SELECT COUNT(*) FROM "personal_connections"  WHERE "personal_connections"."verb_id" = $1  [["verb_id", 1274]]
11:09:09 web.1  |   [1m[35m (0.5ms)[0m  SELECT COUNT(*) FROM "personal_connections"  WHERE "personal_connections"."verb_id" = $1  [["verb_id", 216]]
11:09:09 web.1  |   [1m[36m (0.3ms)[0m  [1mSELECT COUNT(*) FROM "personal_connections"  WHERE "personal_connections"."verb_id" = $1[0m  [["verb_id", 1159]]
11:09:09 web.1  |   [1m[36m (0.5ms)[0m  [1mSELECT COUNT(*) FROM "personal_connections"  WHERE "personal_connections"."verb_id" = $1[0m  [["verb_id", 1371]]
11:09:09 web.1  |   Rendered verbs/_verb.html.erb (10463.0ms)
11:09:09 web.1  |   Rendered verbs/index.html.erb within layouts/application (10556.1ms)
11:09:09 web.1  |   [1m[35m (0.6ms)[0m  SELECT COUNT(*) FROM "personal_connections"  WHERE "personal_connections"."verb_id" = $1  [["verb_id", 832]]
11:09:09 web.1  |   [1m[36m (0.3ms)[0m  [1mSELECT COUNT(*) FROM "personal_connections"  WHERE "personal_connections"."verb_id" = $1[0m  [["verb_id", 1524]]
11:09:09 web.1  |   [1m[35m (0.3ms)[0m  SELECT COUNT(*) FROM "personal_connections"  WHERE "personal_connections"."verb_id" = $1  [["verb_id", 1129]]
11:09:09 web.1  | Completed 200 OK in 10584ms (Views: 9835.2ms | ActiveRecord: 748.4ms)
11:09:09 web.1  | Oink Action: verbs#index
11:09:09 web.1  |   [1m[36m (0.3ms)[0m  [1mSELECT COUNT(*) FROM "personal_connections"  WHERE "personal_connections"."verb_id" = $1[0m  [["verb_id", 922]]
11:09:09 web.1  | Memory usage: 2639788 | PID: 40431
11:09:09 web.1  |   [1m[35m (0.3ms)[0m  SELECT COUNT(*) FROM "personal_connections"  WHERE "personal_connections"."verb_id" = $1  [["verb_id", 928]]
11:09:09 web.1  | Instantiation Breakdown: Total: 1126 | Verb: 1126
11:09:09 web.1  | Oink Log Entry Complete
11:09:09 web.1  |   [1m[36m (0.3ms)[0m  [1mSELECT COUNT(*) FROM "personal_connections"  WHERE "personal_connections"."verb_id" = $1[0m  [["verb_id", 294]]
11:09:09 web.1  |   [1m[35m (0.3ms)[0m  SELECT COUNT(*) FROM "personal_connections"  WHERE "personal_connections"."verb_id" = $1  [["verb_id", 1501]]
11:09:09 web.1  |   [1m[36m (0.3ms)[0m  [1mSELECT COUNT(*) FROM "personal_connections"  WHERE "personal_connections"."verb_id" = $1[0m  [["verb_id", 1249]]
11:09:09 web.1  |   [1m[35m (0.3ms)[0m  SELECT COUNT(*) FROM "personal_connections"  WHERE "personal_connections"."verb_id" = $1  [["verb_id", 1225]]
11:09:09 web.1  |   [1m[36m (0.6ms)[0m  [1mSELECT COUNT(*) FROM "personal_connections"  WHERE "personal_connections"."verb_id" = $1[0m  [["verb_id", 5]]
11:09:09 web.1  |   [1m[35m (0.3ms)[0m  SELECT COUNT(*) FROM "personal_connections"  WHERE "personal_connections"."verb_id" = $1  [["verb_id", 959]]
11:09:09 web.1  |   [1m[36m (0.3ms)[0m  [1mSELECT COUNT(*) FROM "personal_connections"  WHERE "personal_connections"."verb_id" = $1[0m  [["verb_id", 1483]]
11:09:09 web.1  |   [1m[35m (0.4ms)[0m  SELECT COUNT(*) FROM "personal_connections"  WHERE "personal_connections"."verb_id" = $1  [["verb_id", 27]]
11:09:09 web.1  |   [1m[36m (0.4ms)[0m  [1mSELECT COUNT(*) FROM "personal_connections"  WHERE "personal_connections"."verb_id" = $1[0m  [["verb_id", 240]]
11:09:09 web.1  |   [1m[35m (0.3ms)[0m  SELECT COUNT(*) FROM "personal_connections"  WHERE "personal_connections"."verb_id" = $1  [["verb_id", 1332]]
11:09:09 web.1  |   [1m[36m (0.3ms)[0m  [1mSELECT COUNT(*) FROM "personal_connections"  WHERE "personal_connections"."verb_id" = $1[0m  [["verb_id", 1193]]
11:09:09 web.1  |   [1m[35m (0.3ms)[0m  SELECT COUNT(*) FROM "personal_connections"  WHERE "personal_connections"."verb_id" = $1  [["verb_id", 1093]]
11:09:09 web.1  |   [1m[36m (0.3ms)[0m  [1mSELECT COUNT(*) FROM "personal_connections"  WHERE "personal_connections"."verb_id" = $1[0m  [["verb_id", 4]]
11:09:09 web.1  |   [1m[35m (0.4ms)[0m  SELECT COUNT(*) FROM "personal_connections"  WHERE "personal_connections"."verb_id" = $1  [["verb_id", 807]]
11:09:09 web.1  |   [1m[36m (0.3ms)[0m  [1mSELECT COUNT(*) FROM "personal_connections"  WHERE "personal_connections"."verb_id" = $1[0m  [["verb_id", 812]]
11:09:09 web.1  |   [1m[35m (0.3ms)[0m  SELECT COUNT(*) FROM "personal_connections"  WHERE "personal_connections"."verb_id" = $1  [["verb_id", 1106]]
11:09:09 web.1  |   [1m[36m (0.3ms)[0m  [1mSELECT COUNT(*) FROM "personal_connections"  WHERE "personal_connections"."verb_id" = $1[0m  [["verb_id", 1493]]
11:09:09 web.1  |   [1m[35m (0.4ms)[0m  SELECT COUNT(*) FROM "personal_connections"  WHERE "personal_connections"."verb_id" = $1  [["verb_id", 1423]]
11:09:09 web.1  |   [1m[36m (0.3ms)[0m  [1mSELECT COUNT(*) FROM "personal_connections"  WHERE "personal_connections"."verb_id" = $1[0m  [["verb_id", 754]]
11:09:09 web.1  |   [1m[35m (0.3ms)[0m  SELECT COUNT(*) FROM "personal_connections"  WHERE "personal_connections"."verb_id" = $1  [["verb_id", 1324]]
11:09:09 web.1  |   [1m[36m (0.3ms)[0m  [1mSELECT COUNT(*) FROM "personal_connections"  WHERE "personal_connections"."verb_id" = $1[0m  [["verb_id", 1323]]
11:09:09 web.1  |   [1m[35m (0.3ms)[0m  SELECT COUNT(*) FROM "personal_connections"  WHERE "personal_connections"."verb_id" = $1  [["verb_id", 801]]
11:09:09 web.1  |   [1m[36m (0.3ms)[0m  [1mSELECT COUNT(*) FROM "personal_connections"  WHERE "personal_connections"."verb_id" = $1[0m  [["verb_id", 1444]]
11:09:09 web.1  |   [1m[35m (0.3ms)[0m  SELECT COUNT(*) FROM "personal_connections"  WHERE "personal_connections"."verb_id" = $1  [["verb_id", 759]]
11:09:09 web.1  |   [1m[36m (0.3ms)[0m  [1mSELECT COUNT(*) FROM "personal_connections"  WHERE "personal_connections"."verb_id" = $1[0m  [["verb_id", 26]]
11:09:09 web.1  |   [1m[35m (0.3ms)[0m  SELECT COUNT(*) FROM "personal_connections"  WHERE "personal_connections"."verb_id" = $1  [["verb_id", 889]]
11:09:09 web.1  |   [1m[36m (0.3ms)[0m  [1mSELECT COUNT(*) FROM "personal_connections"  WHERE "personal_connections"."verb_id" = $1[0m  [["verb_id", 827]]
11:09:09 web.1  |   [1m[35m (0.3ms)[0m  SELECT COUNT(*) FROM "personal_connections"  WHERE "personal_connections"."verb_id" = $1  [["verb_id", 903]]
11:09:09 web.1  |   [1m[36m (0.3ms)[0m  [1mSELECT COUNT(*) FROM "personal_connections"  WHERE "personal_connections"."verb_id" = $1[0m  [["verb_id", 828]]
11:09:09 web.1  |   [1m[35m (0.3ms)[0m  SELECT COUNT(*) FROM "personal_connections"  WHERE "personal_connections"."verb_id" = $1  [["verb_id", 1463]]
11:09:09 web.1  |   [1m[36m (0.4ms)[0m  [1mSELECT COUNT(*) FROM "personal_connections"  WHERE "personal_connections"."verb_id" = $1[0m  [["verb_id", 1284]]
11:09:09 web.1  |   [1m[35m (0.3ms)[0m  SELECT COUNT(*) FROM "personal_connections"  WHERE "personal_connections"."verb_id" = $1  [["verb_id", 939]]
11:09:09 web.1  |   [1m[36m (1.1ms)[0m  [1mSELECT COUNT(*) FROM "personal_connections"  WHERE "personal_connections"."verb_id" = $1[0m  [["verb_id", 1263]]
11:09:09 web.1  |   [1m[35m (0.3ms)[0m  SELECT COUNT(*) FROM "personal_connections"  WHERE "personal_connections"."verb_id" = $1  [["verb_id", 1132]]
11:09:09 web.1  |   [1m[36m (0.3ms)[0m  [1mSELECT COUNT(*) FROM "personal_connections"  WHERE "personal_connections"."verb_id" = $1[0m  [["verb_id", 153]]
11:09:09 web.1  |   [1m[35m (0.3ms)[0m  SELECT COUNT(*) FROM "personal_connections"  WHERE "personal_connections"."verb_id" = $1  [["verb_id", 1443]]
11:09:09 web.1  |   [1m[36m (0.3ms)[0m  [1mSELECT COUNT(*) FROM "personal_connections"  WHERE "personal_connections"."verb_id" = $1[0m  [["verb_id", 406]]
11:09:09 web.1  |   [1m[35m (0.3ms)[0m  SELECT COUNT(*) FROM "personal_connections"  WHERE "personal_connections"."verb_id" = $1  [["verb_id", 508]]
11:09:09 web.1  |   [1m[36m (0.3ms)[0m  [1mSELECT COUNT(*) FROM "personal_connections"  WHERE "personal_connections"."verb_id" = $1[0m  [["verb_id", 1224]]
11:09:09 web.1  |   [1m[35m (0.3ms)[0m  SELECT COUNT(*) FROM "personal_connections"  WHERE "personal_connections"."verb_id" = $1  [["verb_id", 1276]]
11:09:10 web.1  |   [1m[36m (0.3ms)[0m  [1mSELECT COUNT(*) FROM "personal_connections"  WHERE "personal_connections"."verb_id" = $1[0m  [["verb_id", 1274]]
11:09:10 web.1  |   [1m[35m (0.3ms)[0m  SELECT COUNT(*) FROM "personal_connections"  WHERE "personal_connections"."verb_id" = $1  [["verb_id", 1159]]
11:09:10 web.1  |   Rendered verbs/_verb.html.erb (10564.4ms)
11:09:10 web.1  |   Rendered verbs/index.html.erb within layouts/application (10658.7ms)
11:09:10 web.1  | Completed 200 OK in 10690ms (Views: 9999.4ms | ActiveRecord: 689.7ms)
11:09:10 web.1  | Oink Action: verbs#index
11:09:10 web.1  | Memory usage: 2638764 | PID: 40432
11:09:10 web.1  | Instantiation Breakdown: Total: 1126 | Verb: 1126
11:09:10 web.1  | Oink Log Entry Complete
11:09:10 web.1  | [40431] 127.0.0.1 - - [16/May/2015 11:09:10] "GET /verbs HTTP/1.0" 200 - 11.8064
11:09:10 web.1  | Started GET "/verbs" for 127.0.0.1 at 2015-05-16 11:09:10 +0100
11:09:10 web.1  | Processing by VerbsController#index as */*
11:09:10 web.1  | USERAGENT: /verbs ApacheBench/2.3
11:09:10 web.1  |   [1m[35mVerb Load (23.3ms)[0m  SELECT "verbs".* FROM "verbs"   ORDER BY "verbs"."name" ASC
11:09:11 web.1  |   [1m[36m (0.3ms)[0m  [1mSELECT COUNT(*) FROM "personal_connections"  WHERE "personal_connections"."verb_id" = $1[0m  [["verb_id", 687]]
11:09:11 web.1  |   [1m[35m (0.3ms)[0m  SELECT COUNT(*) FROM "personal_connections"  WHERE "personal_connections"."verb_id" = $1  [["verb_id", 1294]]
11:09:11 web.1  |   [1m[36m (0.6ms)[0m  [1mSELECT COUNT(*) FROM "personal_connections"  WHERE "personal_connections"."verb_id" = $1[0m  [["verb_id", 316]]
11:09:11 web.1  |   [1m[35m (0.3ms)[0m  SELECT COUNT(*) FROM "personal_connections"  WHERE "personal_connections"."verb_id" = $1  [["verb_id", 1158]]
11:09:11 web.1  |   [1m[36m (0.3ms)[0m  [1mSELECT COUNT(*) FROM "personal_connections"  WHERE "personal_connections"."verb_id" = $1[0m  [["verb_id", 1461]]
11:09:11 web.1  |   [1m[35m (0.3ms)[0m  SELECT COUNT(*) FROM "personal_connections"  WHERE "personal_connections"."verb_id" = $1  [["verb_id", 995]]
11:09:11 web.1  |   [1m[36m (0.3ms)[0m  [1mSELECT COUNT(*) FROM "personal_connections"  WHERE "personal_connections"."verb_id" = $1[0m  [["verb_id", 1176]]
11:09:11 web.1  |   [1m[35m (0.3ms)[0m  SELECT COUNT(*) FROM "personal_connections"  WHERE "personal_connections"."verb_id" = $1  [["verb_id", 1102]]
11:09:11 web.1  |   [1m[36m (0.5ms)[0m  [1mSELECT COUNT(*) FROM "personal_connections"  WHERE "personal_connections"."verb_id" = $1[0m  [["verb_id", 1028]]
11:09:11 web.1  |   [1m[35m (0.3ms)[0m  SELECT COUNT(*) FROM "personal_connections"  WHERE "personal_connections"."verb_id" = $1  [["verb_id", 1521]]
11:09:11 web.1  |   [1m[36m (0.4ms)[0m  [1mSELECT COUNT(*) FROM "personal_connections"  WHERE "personal_connections"."verb_id" = $1[0m  [["verb_id", 1582]]
11:09:11 web.1  |   [1m[35m (0.4ms)[0m  SELECT COUNT(*) FROM "personal_connections"  WHERE "personal_connections"."verb_id" = $1  [["verb_id", 695]]
11:09:11 web.1  |   [1m[36m (0.3ms)[0m  [1mSELECT COUNT(*) FROM "personal_connections"  WHERE "personal_connections"."verb_id" = $1[0m  [["verb_id", 618]]
11:09:11 web.1  |   [1m[35m (0.3ms)[0m  SELECT COUNT(*) FROM "personal_connections"  WHERE "personal_connections"."verb_id" = $1  [["verb_id", 972]]
11:09:11 web.1  |   [1m[36m (0.3ms)[0m  [1mSELECT COUNT(*) FROM "personal_connections"  WHERE "personal_connections"."verb_id" = $1[0m  [["verb_id", 943]]
11:09:11 web.1  |   [1m[35m (0.3ms)[0m  SELECT COUNT(*) FROM "personal_connections"  WHERE "personal_connections"."verb_id" = $1  [["verb_id", 1117]]
11:09:11 web.1  |   [1m[36m (0.3ms)[0m  [1mSELECT COUNT(*) FROM "personal_connections"  WHERE "personal_connections"."verb_id" = $1[0m  [["verb_id", 1353]]
11:09:11 web.1  |   [1m[35m (0.3ms)[0m  SELECT COUNT(*) FROM "personal_connections"  WHERE "personal_connections"."verb_id" = $1  [["verb_id", 941]]
11:09:11 web.1  |   [1m[36m (0.3ms)[0m  [1mSELECT COUNT(*) FROM "personal_connections"  WHERE "personal_connections"."verb_id" = $1[0m  [["verb_id", 1141]]
11:09:11 web.1  |   [1m[35m (0.3ms)[0m  SELECT COUNT(*) FROM "personal_connections"  WHERE "personal_connections"."verb_id" = $1  [["verb_id", 1217]]
11:09:11 web.1  |   [1m[36m (0.3ms)[0m  [1mSELECT COUNT(*) FROM "personal_connections"  WHERE "personal_connections"."verb_id" = $1[0m  [["verb_id", 1043]]
11:09:11 web.1  |   [1m[35m (0.3ms)[0m  SELECT COUNT(*) FROM "personal_connections"  WHERE "personal_connections"."verb_id" = $1  [["verb_id", 971]]
11:09:11 web.1  |   [1m[36m (0.3ms)[0m  [1mSELECT COUNT(*) FROM "personal_connections"  WHERE "personal_connections"."verb_id" = $1[0m  [["verb_id", 1282]]
11:09:11 web.1  |   [1m[35m (0.3ms)[0m  SELECT COUNT(*) FROM "personal_connections"  WHERE "personal_connections"."verb_id" = $1  [["verb_id", 767]]
11:09:11 web.1  |   [1m[36m (0.3ms)[0m  [1mSELECT COUNT(*) FROM "personal_connections"  WHERE "personal_connections"."verb_id" = $1[0m  [["verb_id", 530]]
11:09:11 web.1  |   [1m[35m (0.3ms)[0m  SELECT COUNT(*) FROM "personal_connections"  WHERE "personal_connections"."verb_id" = $1  [["verb_id", 886]]
11:09:11 web.1  |   [1m[36m (0.3ms)[0m  [1mSELECT COUNT(*) FROM "personal_connections"  WHERE "personal_connections"."verb_id" = $1[0m  [["verb_id", 1047]]
11:09:11 web.1  |   [1m[35m (0.3ms)[0m  SELECT COUNT(*) FROM "personal_connections"  WHERE "personal_connections"."verb_id" = $1  [["verb_id", 786]]
11:09:11 web.1  |   [1m[36m (0.3ms)[0m  [1mSELECT COUNT(*) FROM "personal_connections"  WHERE "personal_connections"."verb_id" = $1[0m  [["verb_id", 833]]
11:09:11 web.1  |   [1m[35m (0.3ms)[0m  SELECT COUNT(*) FROM "personal_connections"  WHERE "personal_connections"."verb_id" = $1  [["verb_id", 1345]]
11:09:11 web.1  |   [1m[36m (0.3ms)[0m  [1mSELECT COUNT(*) FROM "personal_connections"  WHERE "personal_connections"."verb_id" = $1[0m  [["verb_id", 793]]
11:09:11 web.1  |   [1m[35m (0.3ms)[0m  SELECT COUNT(*) FROM "personal_connections"  WHERE "personal_connections"."verb_id" = $1  [["verb_id", 702]]
11:09:11 web.1  |   [1m[36m (0.3ms)[0m  [1mSELECT COUNT(*) FROM "personal_connections"  WHERE "personal_connections"."verb_id" = $1[0m  [["verb_id", 50]]
11:09:11 web.1  |   [1m[35m (0.3ms)[0m  SELECT COUNT(*) FROM "personal_connections"  WHERE "personal_connections"."verb_id" = $1  [["verb_id", 394]]
11:09:11 web.1  |   [1m[36m (0.3ms)[0m  [1mSELECT COUNT(*) FROM "personal_connections"  WHERE "personal_connections"."verb_id" = $1[0m  [["verb_id", 526]]
11:09:11 web.1  |   [1m[35m (0.3ms)[0m  SELECT COUNT(*) FROM "personal_connections"  WHERE "personal_connections"."verb_id" = $1  [["verb_id", 1551]]
11:09:11 web.1  |   [1m[36m (0.3ms)[0m  [1mSELECT COUNT(*) FROM "personal_connections"  WHERE "personal_connections"."verb_id" = $1[0m  [["verb_id", 1254]]
11:09:11 web.1  |   [1m[35m (0.3ms)[0m  SELECT COUNT(*) FROM "personal_connections"  WHERE "personal_connections"."verb_id" = $1  [["verb_id", 1489]]
11:09:11 web.1  | [40432] 127.0.0.1 - - [16/May/2015 11:09:11] "GET /verbs HTTP/1.0" 200 - 11.9155
11:09:11 web.1  | Started GET "/verbs" for 127.0.0.1 at 2015-05-16 11:09:11 +0100
11:09:11 web.1  |   [1m[36m (0.3ms)[0m  [1mSELECT COUNT(*) FROM "personal_connections"  WHERE "personal_connections"."verb_id" = $1[0m  [["verb_id", 21]]
11:09:11 web.1  |   [1m[35m (0.3ms)[0m  SELECT COUNT(*) FROM "personal_connections"  WHERE "personal_connections"."verb_id" = $1  [["verb_id", 935]]
11:09:11 web.1  |   [1m[36m (0.3ms)[0m  [1mSELECT COUNT(*) FROM "personal_connections"  WHERE "personal_connections"."verb_id" = $1[0m  [["verb_id", 1370]]
11:09:11 web.1  | Processing by VerbsController#index as */*
11:09:11 web.1  | USERAGENT: /verbs ApacheBench/2.3
11:09:11 web.1  |   [1m[35m (0.3ms)[0m  SELECT COUNT(*) FROM "personal_connections"  WHERE "personal_connections"."verb_id" = $1  [["verb_id", 398]]
11:09:11 web.1  |   [1m[36m (0.2ms)[0m  [1mSELECT COUNT(*) FROM "personal_connections"  WHERE "personal_connections"."verb_id" = $1[0m  [["verb_id", 58]]
11:09:11 web.1  |   [1m[35m (0.3ms)[0m  SELECT COUNT(*) FROM "personal_connections"  WHERE "personal_connections"."verb_id" = $1  [["verb_id", 177]]
11:09:11 web.1  |   [1m[36m (0.5ms)[0m  [1mSELECT COUNT(*) FROM "personal_connections"  WHERE "personal_connections"."verb_id" = $1[0m  [["verb_id", 582]]
11:09:11 web.1  |   [1m[35m (0.7ms)[0m  SELECT COUNT(*) FROM "personal_connections"  WHERE "personal_connections"."verb_id" = $1  [["verb_id", 1280]]
11:09:11 web.1  |   [1m[36mVerb Load (25.6ms)[0m  [1mSELECT "verbs".* FROM "verbs"   ORDER BY "verbs"."name" ASC[0m
11:09:11 web.1  |   [1m[36m (0.3ms)[0m  [1mSELECT COUNT(*) FROM "personal_connections"  WHERE "personal_connections"."verb_id" = $1[0m  [["verb_id", 1148]]
11:09:11 web.1  |   [1m[35m (0.3ms)[0m  SELECT COUNT(*) FROM "personal_connections"  WHERE "personal_connections"."verb_id" = $1  [["verb_id", 354]]
11:09:11 web.1  |   [1m[36m (0.3ms)[0m  [1mSELECT COUNT(*) FROM "personal_connections"  WHERE "personal_connections"."verb_id" = $1[0m  [["verb_id", 857]]
11:09:11 web.1  |   [1m[35m (0.3ms)[0m  SELECT COUNT(*) FROM "personal_connections"  WHERE "personal_connections"."verb_id" = $1  [["verb_id", 1119]]
11:09:11 web.1  |   [1m[36m (0.3ms)[0m  [1mSELECT COUNT(*) FROM "personal_connections"  WHERE "personal_connections"."verb_id" = $1[0m  [["verb_id", 865]]
11:09:11 web.1  |   [1m[35m (0.3ms)[0m  SELECT COUNT(*) FROM "personal_connections"  WHERE "personal_connections"."verb_id" = $1  [["verb_id", 841]]
11:09:11 web.1  |   [1m[35m (0.5ms)[0m  SELECT COUNT(*) FROM "personal_connections"  WHERE "personal_connections"."verb_id" = $1  [["verb_id", 687]]
11:09:11 web.1  |   [1m[36m (0.3ms)[0m  [1mSELECT COUNT(*) FROM "personal_connections"  WHERE "personal_connections"."verb_id" = $1[0m  [["verb_id", 1297]]
11:09:11 web.1  |   [1m[36m (0.3ms)[0m  [1mSELECT COUNT(*) FROM "personal_connections"  WHERE "personal_connections"."verb_id" = $1[0m  [["verb_id", 1294]]
11:09:11 web.1  |   [1m[35m (0.3ms)[0m  SELECT COUNT(*) FROM "personal_connections"  WHERE "personal_connections"."verb_id" = $1  [["verb_id", 1529]]
11:09:11 web.1  |   [1m[35m (0.2ms)[0m  SELECT COUNT(*) FROM "personal_connections"  WHERE "personal_connections"."verb_id" = $1  [["verb_id", 316]]
11:09:11 web.1  |   [1m[36m (0.4ms)[0m  [1mSELECT COUNT(*) FROM "personal_connections"  WHERE "personal_connections"."verb_id" = $1[0m  [["verb_id", 1158]]
11:09:11 web.1  |   [1m[36m (0.3ms)[0m  [1mSELECT COUNT(*) FROM "personal_connections"  WHERE "personal_connections"."verb_id" = $1[0m  [["verb_id", 55]]
11:09:11 web.1  |   [1m[35m (0.3ms)[0m  SELECT COUNT(*) FROM "personal_connections"  WHERE "personal_connections"."verb_id" = $1  [["verb_id", 1461]]
11:09:11 web.1  |   [1m[36m (0.3ms)[0m  [1mSELECT COUNT(*) FROM "personal_connections"  WHERE "personal_connections"."verb_id" = $1[0m  [["verb_id", 995]]
11:09:11 web.1  |   [1m[35m (0.4ms)[0m  SELECT COUNT(*) FROM "personal_connections"  WHERE "personal_connections"."verb_id" = $1  [["verb_id", 1176]]
11:09:11 web.1  |   [1m[35m (0.3ms)[0m  SELECT COUNT(*) FROM "personal_connections"  WHERE "personal_connections"."verb_id" = $1  [["verb_id", 181]]
11:09:11 web.1  |   [1m[36m (0.3ms)[0m  [1mSELECT COUNT(*) FROM "personal_connections"  WHERE "personal_connections"."verb_id" = $1[0m  [["verb_id", 1102]]
11:09:11 web.1  |   [1m[36m (0.3ms)[0m  [1mSELECT COUNT(*) FROM "personal_connections"  WHERE "personal_connections"."verb_id" = $1[0m  [["verb_id", 402]]
11:09:11 web.1  |   [1m[35m (0.3ms)[0m  SELECT COUNT(*) FROM "personal_connections"  WHERE "personal_connections"."verb_id" = $1  [["verb_id", 1028]]
11:09:11 web.1  |   [1m[36m (0.3ms)[0m  [1mSELECT COUNT(*) FROM "personal_connections"  WHERE "personal_connections"."verb_id" = $1[0m  [["verb_id", 1521]]
11:09:11 web.1  |   [1m[35m (0.2ms)[0m  SELECT COUNT(*) FROM "personal_connections"  WHERE "personal_connections"."verb_id" = $1  [["verb_id", 1488]]
11:09:11 web.1  |   [1m[35m (0.3ms)[0m  SELECT COUNT(*) FROM "personal_connections"  WHERE "personal_connections"."verb_id" = $1  [["verb_id", 1582]]
11:09:11 web.1  |   [1m[36m (0.6ms)[0m  [1mSELECT COUNT(*) FROM "personal_connections"  WHERE "personal_connections"."verb_id" = $1[0m  [["verb_id", 404]]
11:09:11 web.1  |   [1m[36m (0.6ms)[0m  [1mSELECT COUNT(*) FROM "personal_connections"  WHERE "personal_connections"."verb_id" = $1[0m  [["verb_id", 695]]
11:09:11 web.1  |   [1m[35m (0.3ms)[0m  SELECT COUNT(*) FROM "personal_connections"  WHERE "personal_connections"."verb_id" = $1  [["verb_id", 338]]
11:09:11 web.1  |   [1m[35m (0.2ms)[0m  SELECT COUNT(*) FROM "personal_connections"  WHERE "personal_connections"."verb_id" = $1  [["verb_id", 618]]
11:09:11 web.1  |   [1m[36m (0.3ms)[0m  [1mSELECT COUNT(*) FROM "personal_connections"  WHERE "personal_connections"."verb_id" = $1[0m  [["verb_id", 972]]
11:09:11 web.1  |   [1m[36m (0.3ms)[0m  [1mSELECT COUNT(*) FROM "personal_connections"  WHERE "personal_connections"."verb_id" = $1[0m  [["verb_id", 919]]
11:09:11 web.1  |   [1m[35m (0.3ms)[0m  SELECT COUNT(*) FROM "personal_connections"  WHERE "personal_connections"."verb_id" = $1  [["verb_id", 1112]]
11:09:11 web.1  |   [1m[35m (0.3ms)[0m  SELECT COUNT(*) FROM "personal_connections"  WHERE "personal_connections"."verb_id" = $1  [["verb_id", 943]]
11:09:11 web.1  |   [1m[36m (0.3ms)[0m  [1mSELECT COUNT(*) FROM "personal_connections"  WHERE "personal_connections"."verb_id" = $1[0m  [["verb_id", 1117]]
11:09:11 web.1  |   [1m[36m (0.3ms)[0m  [1mSELECT COUNT(*) FROM "personal_connections"  WHERE "personal_connections"."verb_id" = $1[0m  [["verb_id", 785]]
11:09:11 web.1  |   [1m[35m (0.3ms)[0m  SELECT COUNT(*) FROM "personal_connections"  WHERE "personal_connections"."verb_id" = $1  [["verb_id", 1353]]
11:09:11 web.1  |   [1m[35m (2.6ms)[0m  SELECT COUNT(*) FROM "personal_connections"  WHERE "personal_connections"."verb_id" = $1  [["verb_id", 658]]
11:09:11 web.1  |   [1m[36m (0.3ms)[0m  [1mSELECT COUNT(*) FROM "personal_connections"  WHERE "personal_connections"."verb_id" = $1[0m  [["verb_id", 941]]
11:09:11 web.1  |   [1m[35m (0.2ms)[0m  SELECT COUNT(*) FROM "personal_connections"  WHERE "personal_connections"."verb_id" = $1  [["verb_id", 1141]]
11:09:11 web.1  |   [1m[36m (1.3ms)[0m  [1mSELECT COUNT(*) FROM "personal_connections"  WHERE "personal_connections"."verb_id" = $1[0m  [["verb_id", 320]]
11:09:11 web.1  |   [1m[36m (0.3ms)[0m  [1mSELECT COUNT(*) FROM "personal_connections"  WHERE "personal_connections"."verb_id" = $1[0m  [["verb_id", 1217]]
11:09:11 web.1  |   [1m[35m (0.3ms)[0m  SELECT COUNT(*) FROM "personal_connections"  WHERE "personal_connections"."verb_id" = $1  [["verb_id", 1255]]
11:09:11 web.1  |   [1m[35m (0.3ms)[0m  SELECT COUNT(*) FROM "personal_connections"  WHERE "personal_connections"."verb_id" = $1  [["verb_id", 1043]]
11:09:11 web.1  |   [1m[36m (0.3ms)[0m  [1mSELECT COUNT(*) FROM "personal_connections"  WHERE "personal_connections"."verb_id" = $1[0m  [["verb_id", 787]]
11:09:11 web.1  |   [1m[36m (0.3ms)[0m  [1mSELECT COUNT(*) FROM "personal_connections"  WHERE "personal_connections"."verb_id" = $1[0m  [["verb_id", 971]]
11:09:11 web.1  |   [1m[35m (0.3ms)[0m  SELECT COUNT(*) FROM "personal_connections"  WHERE "personal_connections"."verb_id" = $1  [["verb_id", 1282]]
11:09:11 web.1  |   [1m[35m (0.3ms)[0m  SELECT COUNT(*) FROM "personal_connections"  WHERE "personal_connections"."verb_id" = $1  [["verb_id", 1257]]
11:09:11 web.1  |   [1m[36m (0.3ms)[0m  [1mSELECT COUNT(*) FROM "personal_connections"  WHERE "personal_connections"."verb_id" = $1[0m  [["verb_id", 767]]
11:09:11 web.1  |   [1m[36m (0.3ms)[0m  [1mSELECT COUNT(*) FROM "personal_connections"  WHERE "personal_connections"."verb_id" = $1[0m  [["verb_id", 121]]
11:09:11 web.1  |   [1m[35m (0.3ms)[0m  SELECT COUNT(*) FROM "personal_connections"  WHERE "personal_connections"."verb_id" = $1  [["verb_id", 530]]
11:09:11 web.1  |   [1m[35m (0.3ms)[0m  SELECT COUNT(*) FROM "personal_connections"  WHERE "personal_connections"."verb_id" = $1  [["verb_id", 1144]]
11:09:11 web.1  |   [1m[36m (0.3ms)[0m  [1mSELECT COUNT(*) FROM "personal_connections"  WHERE "personal_connections"."verb_id" = $1[0m  [["verb_id", 886]]
11:09:11 web.1  |   [1m[36m (0.3ms)[0m  [1mSELECT COUNT(*) FROM "personal_connections"  WHERE "personal_connections"."verb_id" = $1[0m  [["verb_id", 1143]]
11:09:11 web.1  |   [1m[35m (0.3ms)[0m  SELECT COUNT(*) FROM "personal_connections"  WHERE "personal_connections"."verb_id" = $1  [["verb_id", 1047]]
11:09:11 web.1  |   [1m[35m (0.3ms)[0m  SELECT COUNT(*) FROM "personal_connections"  WHERE "personal_connections"."verb_id" = $1  [["verb_id", 1554]]
11:09:11 web.1  |   [1m[36m (0.2ms)[0m  [1mSELECT COUNT(*) FROM "personal_connections"  WHERE "personal_connections"."verb_id" = $1[0m  [["verb_id", 786]]
11:09:11 web.1  |   [1m[35m (0.3ms)[0m  SELECT COUNT(*) FROM "personal_connections"  WHERE "personal_connections"."verb_id" = $1  [["verb_id", 833]]
11:09:11 web.1  |   [1m[36m (0.4ms)[0m  [1mSELECT COUNT(*) FROM "personal_connections"  WHERE "personal_connections"."verb_id" = $1[0m  [["verb_id", 1299]]
11:09:11 web.1  |   [1m[36m (0.3ms)[0m  [1mSELECT COUNT(*) FROM "personal_connections"  WHERE "personal_connections"."verb_id" = $1[0m  [["verb_id", 1345]]
11:09:11 web.1  |   [1m[35m (0.3ms)[0m  SELECT COUNT(*) FROM "personal_connections"  WHERE "personal_connections"."verb_id" = $1  [["verb_id", 768]]
11:09:11 web.1  |   [1m[35m (0.3ms)[0m  SELECT COUNT(*) FROM "personal_connections"  WHERE "personal_connections"."verb_id" = $1  [["verb_id", 793]]
11:09:11 web.1  |   [1m[36m (0.3ms)[0m  [1mSELECT COUNT(*) FROM "personal_connections"  WHERE "personal_connections"."verb_id" = $1[0m  [["verb_id", 725]]
11:09:11 web.1  |   [1m[36m (0.3ms)[0m  [1mSELECT COUNT(*) FROM "personal_connections"  WHERE "personal_connections"."verb_id" = $1[0m  [["verb_id", 702]]
11:09:11 web.1  |   [1m[35m (0.3ms)[0m  SELECT COUNT(*) FROM "personal_connections"  WHERE "personal_connections"."verb_id" = $1  [["verb_id", 1394]]
11:09:11 web.1  |   [1m[35m (0.3ms)[0m  SELECT COUNT(*) FROM "personal_connections"  WHERE "personal_connections"."verb_id" = $1  [["verb_id", 50]]
11:09:11 web.1  |   [1m[36m (0.3ms)[0m  [1mSELECT COUNT(*) FROM "personal_connections"  WHERE "personal_connections"."verb_id" = $1[0m  [["verb_id", 1201]]
11:09:11 web.1  |   [1m[36m (0.4ms)[0m  [1mSELECT COUNT(*) FROM "personal_connections"  WHERE "personal_connections"."verb_id" = $1[0m  [["verb_id", 394]]
11:09:11 web.1  |   [1m[35m (0.4ms)[0m  SELECT COUNT(*) FROM "personal_connections"  WHERE "personal_connections"."verb_id" = $1  [["verb_id", 526]]
11:09:11 web.1  |   [1m[35m (0.3ms)[0m  SELECT COUNT(*) FROM "personal_connections"  WHERE "personal_connections"."verb_id" = $1  [["verb_id", 610]]
11:09:11 web.1  |   [1m[36m (0.3ms)[0m  [1mSELECT COUNT(*) FROM "personal_connections"  WHERE "personal_connections"."verb_id" = $1[0m  [["verb_id", 1551]]
11:09:11 web.1  |   [1m[36m (0.3ms)[0m  [1mSELECT COUNT(*) FROM "personal_connections"  WHERE "personal_connections"."verb_id" = $1[0m  [["verb_id", 1539]]
11:09:11 web.1  |   [1m[35m (0.3ms)[0m  SELECT COUNT(*) FROM "personal_connections"  WHERE "personal_connections"."verb_id" = $1  [["verb_id", 1254]]
11:09:11 web.1  |   [1m[35m (0.3ms)[0m  SELECT COUNT(*) FROM "personal_connections"  WHERE "personal_connections"."verb_id" = $1  [["verb_id", 1405]]
11:09:11 web.1  |   [1m[36m (0.3ms)[0m  [1mSELECT COUNT(*) FROM "personal_connections"  WHERE "personal_connections"."verb_id" = $1[0m  [["verb_id", 1489]]
11:09:11 web.1  |   [1m[36m (0.3ms)[0m  [1mSELECT COUNT(*) FROM "personal_connections"  WHERE "personal_connections"."verb_id" = $1[0m  [["verb_id", 1379]]
11:09:11 web.1  |   [1m[35m (0.3ms)[0m  SELECT COUNT(*) FROM "personal_connections"  WHERE "personal_connections"."verb_id" = $1  [["verb_id", 21]]
11:09:11 web.1  |   [1m[35m (2.2ms)[0m  SELECT COUNT(*) FROM "personal_connections"  WHERE "personal_connections"."verb_id" = $1  [["verb_id", 238]]
11:09:11 web.1  |   [1m[36m (0.3ms)[0m  [1mSELECT COUNT(*) FROM "personal_connections"  WHERE "personal_connections"."verb_id" = $1[0m  [["verb_id", 935]]
11:09:11 web.1  |   [1m[36m (1.9ms)[0m  [1mSELECT COUNT(*) FROM "personal_connections"  WHERE "personal_connections"."verb_id" = $1[0m  [["verb_id", 1425]]
11:09:11 web.1  |   [1m[35m (0.3ms)[0m  SELECT COUNT(*) FROM "personal_connections"  WHERE "personal_connections"."verb_id" = $1  [["verb_id", 1484]]
11:09:11 web.1  |   [1m[36m (0.3ms)[0m  [1mSELECT COUNT(*) FROM "personal_connections"  WHERE "personal_connections"."verb_id" = $1[0m  [["verb_id", 792]]
11:09:11 web.1  |   [1m[35m (0.2ms)[0m  SELECT COUNT(*) FROM "personal_connections"  WHERE "personal_connections"."verb_id" = $1  [["verb_id", 1370]]
11:09:11 web.1  |   [1m[35m (0.3ms)[0m  SELECT COUNT(*) FROM "personal_connections"  WHERE "personal_connections"."verb_id" = $1  [["verb_id", 1431]]
11:09:11 web.1  |   [1m[36m (0.3ms)[0m  [1mSELECT COUNT(*) FROM "personal_connections"  WHERE "personal_connections"."verb_id" = $1[0m  [["verb_id", 398]]
11:09:11 web.1  |   [1m[36m (0.3ms)[0m  [1mSELECT COUNT(*) FROM "personal_connections"  WHERE "personal_connections"."verb_id" = $1[0m  [["verb_id", 761]]
11:09:11 web.1  |   [1m[35m (0.3ms)[0m  SELECT COUNT(*) FROM "personal_connections"  WHERE "personal_connections"."verb_id" = $1  [["verb_id", 58]]
11:09:11 web.1  |   [1m[35m (0.3ms)[0m  SELECT COUNT(*) FROM "personal_connections"  WHERE "personal_connections"."verb_id" = $1  [["verb_id", 1038]]
11:09:11 web.1  |   [1m[36m (0.3ms)[0m  [1mSELECT COUNT(*) FROM "personal_connections"  WHERE "personal_connections"."verb_id" = $1[0m  [["verb_id", 177]]
11:09:11 web.1  |   [1m[36m (0.3ms)[0m  [1mSELECT COUNT(*) FROM "personal_connections"  WHERE "personal_connections"."verb_id" = $1[0m  [["verb_id", 1278]]
11:09:11 web.1  |   [1m[35m (0.3ms)[0m  SELECT COUNT(*) FROM "personal_connections"  WHERE "personal_connections"."verb_id" = $1  [["verb_id", 582]]
11:09:11 web.1  |   [1m[35m (0.3ms)[0m  SELECT COUNT(*) FROM "personal_connections"  WHERE "personal_connections"."verb_id" = $1  [["verb_id", 1016]]
11:09:11 web.1  |   [1m[36m (0.3ms)[0m  [1mSELECT COUNT(*) FROM "personal_connections"  WHERE "personal_connections"."verb_id" = $1[0m  [["verb_id", 1280]]
11:09:11 web.1  |   [1m[36m (0.3ms)[0m  [1mSELECT COUNT(*) FROM "personal_connections"  WHERE "personal_connections"."verb_id" = $1[0m  [["verb_id", 815]]
11:09:11 web.1  |   [1m[35m (0.3ms)[0m  SELECT COUNT(*) FROM "personal_connections"  WHERE "personal_connections"."verb_id" = $1  [["verb_id", 1476]]
11:09:11 web.1  |   [1m[35m (0.2ms)[0m  SELECT COUNT(*) FROM "personal_connections"  WHERE "personal_connections"."verb_id" = $1  [["verb_id", 1148]]
11:09:11 web.1  |   [1m[36m (0.3ms)[0m  [1mSELECT COUNT(*) FROM "personal_connections"  WHERE "personal_connections"."verb_id" = $1[0m  [["verb_id", 665]]
11:09:11 web.1  |   [1m[36m (0.3ms)[0m  [1mSELECT COUNT(*) FROM "personal_connections"  WHERE "personal_connections"."verb_id" = $1[0m  [["verb_id", 354]]
11:09:11 web.1  |   [1m[35m (0.3ms)[0m  SELECT COUNT(*) FROM "personal_connections"  WHERE "personal_connections"."verb_id" = $1  [["verb_id", 1477]]
11:09:11 web.1  |   [1m[35m (0.3ms)[0m  SELECT COUNT(*) FROM "personal_connections"  WHERE "personal_connections"."verb_id" = $1  [["verb_id", 857]]
11:09:11 web.1  |   [1m[36m (0.3ms)[0m  [1mSELECT COUNT(*) FROM "personal_connections"  WHERE "personal_connections"."verb_id" = $1[0m  [["verb_id", 1026]]
11:09:11 web.1  |   [1m[36m (0.3ms)[0m  [1mSELECT COUNT(*) FROM "personal_connections"  WHERE "personal_connections"."verb_id" = $1[0m  [["verb_id", 1119]]
11:09:11 web.1  |   [1m[35m (0.3ms)[0m  SELECT COUNT(*) FROM "personal_connections"  WHERE "personal_connections"."verb_id" = $1  [["verb_id", 1042]]
11:09:11 web.1  |   [1m[35m (0.3ms)[0m  SELECT COUNT(*) FROM "personal_connections"  WHERE "personal_connections"."verb_id" = $1  [["verb_id", 865]]
11:09:11 web.1  |   [1m[36m (0.3ms)[0m  [1mSELECT COUNT(*) FROM "personal_connections"  WHERE "personal_connections"."verb_id" = $1[0m  [["verb_id", 724]]
11:09:11 web.1  |   [1m[36m (0.3ms)[0m  [1mSELECT COUNT(*) FROM "personal_connections"  WHERE "personal_connections"."verb_id" = $1[0m  [["verb_id", 841]]
11:09:11 web.1  |   [1m[35m (0.3ms)[0m  SELECT COUNT(*) FROM "personal_connections"  WHERE "personal_connections"."verb_id" = $1  [["verb_id", 1558]]
11:09:11 web.1  |   [1m[36m (0.3ms)[0m  [1mSELECT COUNT(*) FROM "personal_connections"  WHERE "personal_connections"."verb_id" = $1[0m  [["verb_id", 213]]
11:09:11 web.1  |   [1m[35m (0.3ms)[0m  SELECT COUNT(*) FROM "personal_connections"  WHERE "personal_connections"."verb_id" = $1  [["verb_id", 1297]]
11:09:11 web.1  |   [1m[35m (0.4ms)[0m  SELECT COUNT(*) FROM "personal_connections"  WHERE "personal_connections"."verb_id" = $1  [["verb_id", 1474]]
11:09:11 web.1  |   [1m[36m (0.3ms)[0m  [1mSELECT COUNT(*) FROM "personal_connections"  WHERE "personal_connections"."verb_id" = $1[0m  [["verb_id", 1529]]
11:09:11 web.1  |   [1m[36m (0.3ms)[0m  [1mSELECT COUNT(*) FROM "personal_connections"  WHERE "personal_connections"."verb_id" = $1[0m  [["verb_id", 1245]]
11:09:11 web.1  |   [1m[35m (0.3ms)[0m  SELECT COUNT(*) FROM "personal_connections"  WHERE "personal_connections"."verb_id" = $1  [["verb_id", 55]]
11:09:11 web.1  |   [1m[35m (0.3ms)[0m  SELECT COUNT(*) FROM "personal_connections"  WHERE "personal_connections"."verb_id" = $1  [["verb_id", 476]]
11:09:11 web.1  |   [1m[36m (0.3ms)[0m  [1mSELECT COUNT(*) FROM "personal_connections"  WHERE "personal_connections"."verb_id" = $1[0m  [["verb_id", 181]]
11:09:11 web.1  |   [1m[36m (0.3ms)[0m  [1mSELECT COUNT(*) FROM "personal_connections"  WHERE "personal_connections"."verb_id" = $1[0m  [["verb_id", 1167]]
11:09:11 web.1  |   [1m[35m (0.3ms)[0m  SELECT COUNT(*) FROM "personal_connections"  WHERE "personal_connections"."verb_id" = $1  [["verb_id", 402]]
11:09:11 web.1  |   [1m[35m (0.3ms)[0m  SELECT COUNT(*) FROM "personal_connections"  WHERE "personal_connections"."verb_id" = $1  [["verb_id", 756]]
11:09:11 web.1  |   [1m[36m (0.4ms)[0m  [1mSELECT COUNT(*) FROM "personal_connections"  WHERE "personal_connections"."verb_id" = $1[0m  [["verb_id", 1313]]
11:09:11 web.1  |   [1m[36m (0.7ms)[0m  [1mSELECT COUNT(*) FROM "personal_connections"  WHERE "personal_connections"."verb_id" = $1[0m  [["verb_id", 1488]]
11:09:11 web.1  |   [1m[35m (0.3ms)[0m  SELECT COUNT(*) FROM "personal_connections"  WHERE "personal_connections"."verb_id" = $1  [["verb_id", 1415]]
11:09:11 web.1  |   [1m[35m (0.3ms)[0m  SELECT COUNT(*) FROM "personal_connections"  WHERE "personal_connections"."verb_id" = $1  [["verb_id", 404]]
11:09:11 web.1  |   [1m[36m (0.3ms)[0m  [1mSELECT COUNT(*) FROM "personal_connections"  WHERE "personal_connections"."verb_id" = $1[0m  [["verb_id", 1327]]
11:09:11 web.1  |   [1m[36m (0.3ms)[0m  [1mSELECT COUNT(*) FROM "personal_connections"  WHERE "personal_connections"."verb_id" = $1[0m  [["verb_id", 338]]
11:09:11 web.1  |   [1m[35m (0.3ms)[0m  SELECT COUNT(*) FROM "personal_connections"  WHERE "personal_connections"."verb_id" = $1  [["verb_id", 1084]]
11:09:11 web.1  |   [1m[35m (0.4ms)[0m  SELECT COUNT(*) FROM "personal_connections"  WHERE "personal_connections"."verb_id" = $1  [["verb_id", 919]]
11:09:11 web.1  |   [1m[36m (0.3ms)[0m  [1mSELECT COUNT(*) FROM "personal_connections"  WHERE "personal_connections"."verb_id" = $1[0m  [["verb_id", 1242]]
11:09:11 web.1  |   [1m[35m (0.3ms)[0m  SELECT COUNT(*) FROM "personal_connections"  WHERE "personal_connections"."verb_id" = $1  [["verb_id", 1430]]
11:09:11 web.1  |   [1m[36m (0.2ms)[0m  [1mSELECT COUNT(*) FROM "personal_connections"  WHERE "personal_connections"."verb_id" = $1[0m  [["verb_id", 1112]]
11:09:11 web.1  |   [1m[36m (0.3ms)[0m  [1mSELECT COUNT(*) FROM "personal_connections"  WHERE "personal_connections"."verb_id" = $1[0m  [["verb_id", 791]]
11:09:11 web.1  |   [1m[35m (0.3ms)[0m  SELECT COUNT(*) FROM "personal_connections"  WHERE "personal_connections"."verb_id" = $1  [["verb_id", 785]]
11:09:11 web.1  |   [1m[35m (0.4ms)[0m  SELECT COUNT(*) FROM "personal_connections"  WHERE "personal_connections"."verb_id" = $1  [["verb_id", 1448]]
11:09:11 web.1  |   [1m[36m (0.3ms)[0m  [1mSELECT COUNT(*) FROM "personal_connections"  WHERE "personal_connections"."verb_id" = $1[0m  [["verb_id", 658]]
11:09:11 web.1  |   [1m[36m (0.3ms)[0m  [1mSELECT COUNT(*) FROM "personal_connections"  WHERE "personal_connections"."verb_id" = $1[0m  [["verb_id", 598]]
11:09:11 web.1  |   [1m[35m (0.3ms)[0m  SELECT COUNT(*) FROM "personal_connections"  WHERE "personal_connections"."verb_id" = $1  [["verb_id", 320]]
11:09:11 web.1  |   [1m[35m (0.3ms)[0m  SELECT COUNT(*) FROM "personal_connections"  WHERE "personal_connections"."verb_id" = $1  [["verb_id", 494]]
11:09:11 web.1  |   [1m[36m (0.3ms)[0m  [1mSELECT COUNT(*) FROM "personal_connections"  WHERE "personal_connections"."verb_id" = $1[0m  [["verb_id", 1255]]
11:09:11 web.1  |   [1m[36m (0.2ms)[0m  [1mSELECT COUNT(*) FROM "personal_connections"  WHERE "personal_connections"."verb_id" = $1[0m  [["verb_id", 1226]]
11:09:11 web.1  |   [1m[35m (0.3ms)[0m  SELECT COUNT(*) FROM "personal_connections"  WHERE "personal_connections"."verb_id" = $1  [["verb_id", 388]]
11:09:11 web.1  |   [1m[35m (0.3ms)[0m  SELECT COUNT(*) FROM "personal_connections"  WHERE "personal_connections"."verb_id" = $1  [["verb_id", 787]]
11:09:11 web.1  |   [1m[36m (0.4ms)[0m  [1mSELECT COUNT(*) FROM "personal_connections"  WHERE "personal_connections"."verb_id" = $1[0m  [["verb_id", 1322]]
11:09:11 web.1  |   [1m[36m (0.4ms)[0m  [1mSELECT COUNT(*) FROM "personal_connections"  WHERE "personal_connections"."verb_id" = $1[0m  [["verb_id", 1257]]
11:09:11 web.1  |   [1m[35m (0.2ms)[0m  SELECT COUNT(*) FROM "personal_connections"  WHERE "personal_connections"."verb_id" = $1  [["verb_id", 1247]]
11:09:11 web.1  |   [1m[36m (0.3ms)[0m  [1mSELECT COUNT(*) FROM "personal_connections"  WHERE "personal_connections"."verb_id" = $1[0m  [["verb_id", 1319]]
11:09:11 web.1  |   [1m[35m (0.3ms)[0m  SELECT COUNT(*) FROM "personal_connections"  WHERE "personal_connections"."verb_id" = $1  [["verb_id", 121]]
11:09:11 web.1  |   [1m[35m (0.3ms)[0m  SELECT COUNT(*) FROM "personal_connections"  WHERE "personal_connections"."verb_id" = $1  [["verb_id", 1081]]
11:09:11 web.1  |   [1m[36m (0.3ms)[0m  [1mSELECT COUNT(*) FROM "personal_connections"  WHERE "personal_connections"."verb_id" = $1[0m  [["verb_id", 1144]]
11:09:11 web.1  |   [1m[36m (0.5ms)[0m  [1mSELECT COUNT(*) FROM "personal_connections"  WHERE "personal_connections"."verb_id" = $1[0m  [["verb_id", 312]]
11:09:11 web.1  |   [1m[35m (0.3ms)[0m  SELECT COUNT(*) FROM "personal_connections"  WHERE "personal_connections"."verb_id" = $1  [["verb_id", 1143]]
11:09:11 web.1  |   [1m[35m (0.3ms)[0m  SELECT COUNT(*) FROM "personal_connections"  WHERE "personal_connections"."verb_id" = $1  [["verb_id", 1027]]
11:09:11 web.1  |   [1m[36m (0.3ms)[0m  [1mSELECT COUNT(*) FROM "personal_connections"  WHERE "personal_connections"."verb_id" = $1[0m  [["verb_id", 1554]]
11:09:11 web.1  |   [1m[36m (0.2ms)[0m  [1mSELECT COUNT(*) FROM "personal_connections"  WHERE "personal_connections"."verb_id" = $1[0m  [["verb_id", 940]]
11:09:11 web.1  |   [1m[35m (0.3ms)[0m  SELECT COUNT(*) FROM "personal_connections"  WHERE "personal_connections"."verb_id" = $1  [["verb_id", 1299]]
11:09:11 web.1  |   [1m[35m (0.3ms)[0m  SELECT COUNT(*) FROM "personal_connections"  WHERE "personal_connections"."verb_id" = $1  [["verb_id", 1320]]
11:09:11 web.1  |   [1m[36m (0.3ms)[0m  [1mSELECT COUNT(*) FROM "personal_connections"  WHERE "personal_connections"."verb_id" = $1[0m  [["verb_id", 1157]]
11:09:11 web.1  |   [1m[36m (0.3ms)[0m  [1mSELECT COUNT(*) FROM "personal_connections"  WHERE "personal_connections"."verb_id" = $1[0m  [["verb_id", 768]]
11:09:11 web.1  |   [1m[35m (0.3ms)[0m  SELECT COUNT(*) FROM "personal_connections"  WHERE "personal_connections"."verb_id" = $1  [["verb_id", 1243]]
11:09:11 web.1  |   [1m[35m (0.3ms)[0m  SELECT COUNT(*) FROM "personal_connections"  WHERE "personal_connections"."verb_id" = $1  [["verb_id", 725]]
11:09:11 web.1  |   [1m[36m (0.3ms)[0m  [1mSELECT COUNT(*) FROM "personal_connections"  WHERE "personal_connections"."verb_id" = $1[0m  [["verb_id", 936]]
11:09:11 web.1  |   [1m[36m (0.3ms)[0m  [1mSELECT COUNT(*) FROM "personal_connections"  WHERE "personal_connections"."verb_id" = $1[0m  [["verb_id", 1394]]
11:09:11 web.1  |   [1m[35m (0.3ms)[0m  SELECT COUNT(*) FROM "personal_connections"  WHERE "personal_connections"."verb_id" = $1  [["verb_id", 1392]]
11:09:11 web.1  |   [1m[35m (0.3ms)[0m  SELECT COUNT(*) FROM "personal_connections"  WHERE "personal_connections"."verb_id" = $1  [["verb_id", 1201]]
11:09:11 web.1  |   [1m[36m (0.3ms)[0m  [1mSELECT COUNT(*) FROM "personal_connections"  WHERE "personal_connections"."verb_id" = $1[0m  [["verb_id", 977]]
11:09:11 web.1  |   [1m[36m (0.4ms)[0m  [1mSELECT COUNT(*) FROM "personal_connections"  WHERE "personal_connections"."verb_id" = $1[0m  [["verb_id", 610]]
11:09:11 web.1  |   [1m[35m (0.2ms)[0m  SELECT COUNT(*) FROM "personal_connections"  WHERE "personal_connections"."verb_id" = $1  [["verb_id", 45]]
11:09:11 web.1  |   [1m[36m (0.3ms)[0m  [1mSELECT COUNT(*) FROM "personal_connections"  WHERE "personal_connections"."verb_id" = $1[0m  [["verb_id", 418]]
11:09:11 web.1  |   [1m[35m (0.3ms)[0m  SELECT COUNT(*) FROM "personal_connections"  WHERE "personal_connections"."verb_id" = $1  [["verb_id", 1539]]
11:09:11 web.1  |   [1m[35m (0.3ms)[0m  SELECT COUNT(*) FROM "personal_connections"  WHERE "personal_connections"."verb_id" = $1  [["verb_id", 1268]]
11:09:11 web.1  |   [1m[36m (0.3ms)[0m  [1mSELECT COUNT(*) FROM "personal_connections"  WHERE "personal_connections"."verb_id" = $1[0m  [["verb_id", 1405]]
11:09:11 web.1  |   [1m[36m (0.3ms)[0m  [1mSELECT COUNT(*) FROM "personal_connections"  WHERE "personal_connections"."verb_id" = $1[0m  [["verb_id", 1121]]
11:09:11 web.1  |   [1m[35m (0.3ms)[0m  SELECT COUNT(*) FROM "personal_connections"  WHERE "personal_connections"."verb_id" = $1  [["verb_id", 1379]]
11:09:11 web.1  |   [1m[35m (0.3ms)[0m  SELECT COUNT(*) FROM "personal_connections"  WHERE "personal_connections"."verb_id" = $1  [["verb_id", 1570]]
11:09:11 web.1  |   [1m[36m (0.5ms)[0m  [1mSELECT COUNT(*) FROM "personal_connections"  WHERE "personal_connections"."verb_id" = $1[0m  [["verb_id", 238]]
11:09:11 web.1  |   [1m[36m (0.3ms)[0m  [1mSELECT COUNT(*) FROM "personal_connections"  WHERE "personal_connections"."verb_id" = $1[0m  [["verb_id", 1583]]
11:09:11 web.1  |   [1m[35m (0.3ms)[0m  SELECT COUNT(*) FROM "personal_connections"  WHERE "personal_connections"."verb_id" = $1  [["verb_id", 1425]]
11:09:11 web.1  |   [1m[35m (0.2ms)[0m  SELECT COUNT(*) FROM "personal_connections"  WHERE "personal_connections"."verb_id" = $1  [["verb_id", 1531]]
11:09:11 web.1  |   [1m[36m (0.4ms)[0m  [1mSELECT COUNT(*) FROM "personal_connections"  WHERE "personal_connections"."verb_id" = $1[0m  [["verb_id", 1484]]
11:09:11 web.1  |   [1m[36m (0.2ms)[0m  [1mSELECT COUNT(*) FROM "personal_connections"  WHERE "personal_connections"."verb_id" = $1[0m  [["verb_id", 1561]]
11:09:11 web.1  |   [1m[35m (0.4ms)[0m  SELECT COUNT(*) FROM "personal_connections"  WHERE "personal_connections"."verb_id" = $1  [["verb_id", 1473]]
11:09:11 web.1  |   [1m[35m (0.3ms)[0m  SELECT COUNT(*) FROM "personal_connections"  WHERE "personal_connections"."verb_id" = $1  [["verb_id", 792]]
11:09:11 web.1  |   [1m[36m (0.3ms)[0m  [1mSELECT COUNT(*) FROM "personal_connections"  WHERE "personal_connections"."verb_id" = $1[0m  [["verb_id", 1339]]
11:09:11 web.1  |   [1m[36m (0.3ms)[0m  [1mSELECT COUNT(*) FROM "personal_connections"  WHERE "personal_connections"."verb_id" = $1[0m  [["verb_id", 1431]]
11:09:11 web.1  |   [1m[35m (0.3ms)[0m  SELECT COUNT(*) FROM "personal_connections"  WHERE "personal_connections"."verb_id" = $1  [["verb_id", 1455]]
11:09:11 web.1  |   [1m[35m (0.3ms)[0m  SELECT COUNT(*) FROM "personal_connections"  WHERE "personal_connections"."verb_id" = $1  [["verb_id", 761]]
11:09:11 web.1  |   [1m[36m (0.3ms)[0m  [1mSELECT COUNT(*) FROM "personal_connections"  WHERE "personal_connections"."verb_id" = $1[0m  [["verb_id", 1252]]
11:09:11 web.1  |   [1m[36m (0.3ms)[0m  [1mSELECT COUNT(*) FROM "personal_connections"  WHERE "personal_connections"."verb_id" = $1[0m  [["verb_id", 1038]]
11:09:11 web.1  |   [1m[35m (0.3ms)[0m  SELECT COUNT(*) FROM "personal_connections"  WHERE "personal_connections"."verb_id" = $1  [["verb_id", 1087]]
11:09:11 web.1  |   [1m[35m (0.3ms)[0m  SELECT COUNT(*) FROM "personal_connections"  WHERE "personal_connections"."verb_id" = $1  [["verb_id", 1278]]
11:09:11 web.1  |   [1m[36m (0.3ms)[0m  [1mSELECT COUNT(*) FROM "personal_connections"  WHERE "personal_connections"."verb_id" = $1[0m  [["verb_id", 769]]
11:09:11 web.1  |   [1m[36m (0.3ms)[0m  [1mSELECT COUNT(*) FROM "personal_connections"  WHERE "personal_connections"."verb_id" = $1[0m  [["verb_id", 1016]]
11:09:11 web.1  |   [1m[35m (0.3ms)[0m  SELECT COUNT(*) FROM "personal_connections"  WHERE "personal_connections"."verb_id" = $1  [["verb_id", 720]]
11:09:11 web.1  |   [1m[35m (0.3ms)[0m  SELECT COUNT(*) FROM "personal_connections"  WHERE "personal_connections"."verb_id" = $1  [["verb_id", 815]]
11:09:11 web.1  |   [1m[36m (0.2ms)[0m  [1mSELECT COUNT(*) FROM "personal_connections"  WHERE "personal_connections"."verb_id" = $1[0m  [["verb_id", 1476]]
11:09:11 web.1  |   [1m[36m (0.5ms)[0m  [1mSELECT COUNT(*) FROM "personal_connections"  WHERE "personal_connections"."verb_id" = $1[0m  [["verb_id", 157]]
11:09:12 web.1  |   [1m[35m (0.3ms)[0m  SELECT COUNT(*) FROM "personal_connections"  WHERE "personal_connections"."verb_id" = $1  [["verb_id", 665]]
11:09:12 web.1  |   [1m[35m (0.2ms)[0m  SELECT COUNT(*) FROM "personal_connections"  WHERE "personal_connections"."verb_id" = $1  [["verb_id", 1397]]
11:09:12 web.1  |   [1m[36m (0.3ms)[0m  [1mSELECT COUNT(*) FROM "personal_connections"  WHERE "personal_connections"."verb_id" = $1[0m  [["verb_id", 1477]]
11:09:12 web.1  |   [1m[36m (0.3ms)[0m  [1mSELECT COUNT(*) FROM "personal_connections"  WHERE "personal_connections"."verb_id" = $1[0m  [["verb_id", 1432]]
11:09:12 web.1  |   [1m[35m (0.3ms)[0m  SELECT COUNT(*) FROM "personal_connections"  WHERE "personal_connections"."verb_id" = $1  [["verb_id", 1026]]
11:09:12 web.1  |   [1m[35m (0.3ms)[0m  SELECT COUNT(*) FROM "personal_connections"  WHERE "personal_connections"."verb_id" = $1  [["verb_id", 1429]]
11:09:12 web.1  |   [1m[36m (0.3ms)[0m  [1mSELECT COUNT(*) FROM "personal_connections"  WHERE "personal_connections"."verb_id" = $1[0m  [["verb_id", 1042]]
11:09:12 web.1  |   [1m[36m (0.3ms)[0m  [1mSELECT COUNT(*) FROM "personal_connections"  WHERE "personal_connections"."verb_id" = $1[0m  [["verb_id", 1567]]
11:09:12 web.1  |   [1m[35m (0.3ms)[0m  SELECT COUNT(*) FROM "personal_connections"  WHERE "personal_connections"."verb_id" = $1  [["verb_id", 724]]
11:09:12 web.1  |   [1m[35m (0.3ms)[0m  SELECT COUNT(*) FROM "personal_connections"  WHERE "personal_connections"."verb_id" = $1  [["verb_id", 1581]]
11:09:12 web.1  |   [1m[36m (0.3ms)[0m  [1mSELECT COUNT(*) FROM "personal_connections"  WHERE "personal_connections"."verb_id" = $1[0m  [["verb_id", 1558]]
11:09:12 web.1  |   [1m[35m (0.2ms)[0m  SELECT COUNT(*) FROM "personal_connections"  WHERE "personal_connections"."verb_id" = $1  [["verb_id", 213]]
11:09:12 web.1  |   [1m[36m (0.3ms)[0m  [1mSELECT COUNT(*) FROM "personal_connections"  WHERE "personal_connections"."verb_id" = $1[0m  [["verb_id", 1580]]
11:09:12 web.1  |   [1m[36m (0.3ms)[0m  [1mSELECT COUNT(*) FROM "personal_connections"  WHERE "personal_connections"."verb_id" = $1[0m  [["verb_id", 1474]]
11:09:12 web.1  |   [1m[35m (0.3ms)[0m  SELECT COUNT(*) FROM "personal_connections"  WHERE "personal_connections"."verb_id" = $1  [["verb_id", 795]]
11:09:12 web.1  |   [1m[35m (0.3ms)[0m  SELECT COUNT(*) FROM "personal_connections"  WHERE "personal_connections"."verb_id" = $1  [["verb_id", 1245]]
11:09:12 web.1  |   [1m[36m (0.3ms)[0m  [1mSELECT COUNT(*) FROM "personal_connections"  WHERE "personal_connections"."verb_id" = $1[0m  [["verb_id", 1091]]
11:09:12 web.1  |   [1m[36m (0.3ms)[0m  [1mSELECT COUNT(*) FROM "personal_connections"  WHERE "personal_connections"."verb_id" = $1[0m  [["verb_id", 476]]
11:09:12 web.1  |   [1m[35m (0.4ms)[0m  SELECT COUNT(*) FROM "personal_connections"  WHERE "personal_connections"."verb_id" = $1  [["verb_id", 290]]
11:09:12 web.1  |   [1m[35m (0.3ms)[0m  SELECT COUNT(*) FROM "personal_connections"  WHERE "personal_connections"."verb_id" = $1  [["verb_id", 1167]]
11:09:12 web.1  |   [1m[36m (0.3ms)[0m  [1mSELECT COUNT(*) FROM "personal_connections"  WHERE "personal_connections"."verb_id" = $1[0m  [["verb_id", 860]]
11:09:12 web.1  |   [1m[36m (0.3ms)[0m  [1mSELECT COUNT(*) FROM "personal_connections"  WHERE "personal_connections"."verb_id" = $1[0m  [["verb_id", 756]]
11:09:12 web.1  |   [1m[35m (0.3ms)[0m  SELECT COUNT(*) FROM "personal_connections"  WHERE "personal_connections"."verb_id" = $1  [["verb_id", 830]]
11:09:12 web.1  |   [1m[35m (0.3ms)[0m  SELECT COUNT(*) FROM "personal_connections"  WHERE "personal_connections"."verb_id" = $1  [["verb_id", 1313]]
11:09:12 web.1  |   [1m[36m (0.3ms)[0m  [1mSELECT COUNT(*) FROM "personal_connections"  WHERE "personal_connections"."verb_id" = $1[0m  [["verb_id", 1196]]
11:09:12 web.1  |   [1m[36m (0.3ms)[0m  [1mSELECT COUNT(*) FROM "personal_connections"  WHERE "personal_connections"."verb_id" = $1[0m  [["verb_id", 1415]]
11:09:12 web.1  |   [1m[35m (0.3ms)[0m  SELECT COUNT(*) FROM "personal_connections"  WHERE "personal_connections"."verb_id" = $1  [["verb_id", 318]]
11:09:12 web.1  |   [1m[35m (0.3ms)[0m  SELECT COUNT(*) FROM "personal_connections"  WHERE "personal_connections"."verb_id" = $1  [["verb_id", 1327]]
11:09:12 web.1  |   [1m[36m (0.3ms)[0m  [1mSELECT COUNT(*) FROM "personal_connections"  WHERE "personal_connections"."verb_id" = $1[0m  [["verb_id", 374]]
11:09:12 web.1  |   [1m[36m (0.3ms)[0m  [1mSELECT COUNT(*) FROM "personal_connections"  WHERE "personal_connections"."verb_id" = $1[0m  [["verb_id", 1084]]
11:09:12 web.1  |   [1m[35m (0.4ms)[0m  SELECT COUNT(*) FROM "personal_connections"  WHERE "personal_connections"."verb_id" = $1  [["verb_id", 984]]
11:09:12 web.1  |   [1m[35m (0.3ms)[0m  SELECT COUNT(*) FROM "personal_connections"  WHERE "personal_connections"."verb_id" = $1  [["verb_id", 1242]]
11:09:12 web.1  |   [1m[36m (0.3ms)[0m  [1mSELECT COUNT(*) FROM "personal_connections"  WHERE "personal_connections"."verb_id" = $1[0m  [["verb_id", 1391]]
11:09:12 web.1  |   [1m[36m (0.3ms)[0m  [1mSELECT COUNT(*) FROM "personal_connections"  WHERE "personal_connections"."verb_id" = $1[0m  [["verb_id", 1430]]
11:09:12 web.1  |   [1m[35m (0.3ms)[0m  SELECT COUNT(*) FROM "personal_connections"  WHERE "personal_connections"."verb_id" = $1  [["verb_id", 270]]
11:09:12 web.1  |   [1m[35m (0.3ms)[0m  SELECT COUNT(*) FROM "personal_connections"  WHERE "personal_connections"."verb_id" = $1  [["verb_id", 791]]
11:09:12 web.1  |   [1m[36m (0.3ms)[0m  [1mSELECT COUNT(*) FROM "personal_connections"  WHERE "personal_connections"."verb_id" = $1[0m  [["verb_id", 428]]
11:09:12 web.1  |   [1m[36m (0.5ms)[0m  [1mSELECT COUNT(*) FROM "personal_connections"  WHERE "personal_connections"."verb_id" = $1[0m  [["verb_id", 1448]]
11:09:12 web.1  |   [1m[35m (0.3ms)[0m  SELECT COUNT(*) FROM "personal_connections"  WHERE "personal_connections"."verb_id" = $1  [["verb_id", 1131]]
11:09:12 web.1  |   [1m[35m (0.5ms)[0m  SELECT COUNT(*) FROM "personal_connections"  WHERE "personal_connections"."verb_id" = $1  [["verb_id", 598]]
11:09:12 web.1  |   [1m[36m (0.3ms)[0m  [1mSELECT COUNT(*) FROM "personal_connections"  WHERE "personal_connections"."verb_id" = $1[0m  [["verb_id", 1352]]
11:09:12 web.1  |   [1m[36m (0.5ms)[0m  [1mSELECT COUNT(*) FROM "personal_connections"  WHERE "personal_connections"."verb_id" = $1[0m  [["verb_id", 494]]
11:09:12 web.1  |   [1m[35m (0.3ms)[0m  SELECT COUNT(*) FROM "personal_connections"  WHERE "personal_connections"."verb_id" = $1  [["verb_id", 1568]]
11:09:12 web.1  |   [1m[35m (0.3ms)[0m  SELECT COUNT(*) FROM "personal_connections"  WHERE "personal_connections"."verb_id" = $1  [["verb_id", 1226]]
11:09:12 web.1  |   [1m[36m (0.4ms)[0m  [1mSELECT COUNT(*) FROM "personal_connections"  WHERE "personal_connections"."verb_id" = $1[0m  [["verb_id", 978]]
11:09:12 web.1  |   [1m[36m (0.5ms)[0m  [1mSELECT COUNT(*) FROM "personal_connections"  WHERE "personal_connections"."verb_id" = $1[0m  [["verb_id", 388]]
11:09:12 web.1  |   [1m[35m (0.3ms)[0m  SELECT COUNT(*) FROM "personal_connections"  WHERE "personal_connections"."verb_id" = $1  [["verb_id", 1559]]
11:09:12 web.1  |   [1m[35m (0.3ms)[0m  SELECT COUNT(*) FROM "personal_connections"  WHERE "personal_connections"."verb_id" = $1  [["verb_id", 1322]]
11:09:12 web.1  |   [1m[36m (0.3ms)[0m  [1mSELECT COUNT(*) FROM "personal_connections"  WHERE "personal_connections"."verb_id" = $1[0m  [["verb_id", 1361]]
11:09:12 web.1  |   [1m[36m (0.6ms)[0m  [1mSELECT COUNT(*) FROM "personal_connections"  WHERE "personal_connections"."verb_id" = $1[0m  [["verb_id", 1247]]
11:09:12 web.1  |   [1m[35m (0.3ms)[0m  SELECT COUNT(*) FROM "personal_connections"  WHERE "personal_connections"."verb_id" = $1  [["verb_id", 1364]]
11:09:12 web.1  |   [1m[35m (0.3ms)[0m  SELECT COUNT(*) FROM "personal_connections"  WHERE "personal_connections"."verb_id" = $1  [["verb_id", 1319]]
11:09:12 web.1  |   [1m[36m (0.3ms)[0m  [1mSELECT COUNT(*) FROM "personal_connections"  WHERE "personal_connections"."verb_id" = $1[0m  [["verb_id", 1378]]
11:09:12 web.1  |   [1m[36m (0.2ms)[0m  [1mSELECT COUNT(*) FROM "personal_connections"  WHERE "personal_connections"."verb_id" = $1[0m  [["verb_id", 1081]]
11:09:12 web.1  |   [1m[35m (0.3ms)[0m  SELECT COUNT(*) FROM "personal_connections"  WHERE "personal_connections"."verb_id" = $1  [["verb_id", 358]]
11:09:12 web.1  |   [1m[35m (0.3ms)[0m  SELECT COUNT(*) FROM "personal_connections"  WHERE "personal_connections"."verb_id" = $1  [["verb_id", 312]]
11:09:12 web.1  |   [1m[36m (0.2ms)[0m  [1mSELECT COUNT(*) FROM "personal_connections"  WHERE "personal_connections"."verb_id" = $1[0m  [["verb_id", 89]]
11:09:12 web.1  |   [1m[35m (0.3ms)[0m  SELECT COUNT(*) FROM "personal_connections"  WHERE "personal_connections"."verb_id" = $1  [["verb_id", 1341]]
11:09:12 web.1  |   [1m[36m (0.4ms)[0m  [1mSELECT COUNT(*) FROM "personal_connections"  WHERE "personal_connections"."verb_id" = $1[0m  [["verb_id", 1027]]
11:09:12 web.1  |   [1m[35m (0.3ms)[0m  SELECT COUNT(*) FROM "personal_connections"  WHERE "personal_connections"."verb_id" = $1  [["verb_id", 940]]
11:09:12 web.1  |   [1m[36m (0.2ms)[0m  [1mSELECT COUNT(*) FROM "personal_connections"  WHERE "personal_connections"."verb_id" = $1[0m  [["verb_id", 500]]
11:09:12 web.1  |   [1m[36m (0.3ms)[0m  [1mSELECT COUNT(*) FROM "personal_connections"  WHERE "personal_connections"."verb_id" = $1[0m  [["verb_id", 1320]]
11:09:12 web.1  |   [1m[35m (0.7ms)[0m  SELECT COUNT(*) FROM "personal_connections"  WHERE "personal_connections"."verb_id" = $1  [["verb_id", 1579]]
11:09:12 web.1  |   [1m[35m (0.3ms)[0m  SELECT COUNT(*) FROM "personal_connections"  WHERE "personal_connections"."verb_id" = $1  [["verb_id", 1157]]
11:09:12 web.1  |   [1m[36m (0.5ms)[0m  [1mSELECT COUNT(*) FROM "personal_connections"  WHERE "personal_connections"."verb_id" = $1[0m  [["verb_id", 68]]
11:09:12 web.1  |   [1m[36m (0.3ms)[0m  [1mSELECT COUNT(*) FROM "personal_connections"  WHERE "personal_connections"."verb_id" = $1[0m  [["verb_id", 1243]]
11:09:12 web.1  |   [1m[35m (0.4ms)[0m  SELECT COUNT(*) FROM "personal_connections"  WHERE "personal_connections"."verb_id" = $1  [["verb_id", 867]]
11:09:12 web.1  |   [1m[35m (0.6ms)[0m  SELECT COUNT(*) FROM "personal_connections"  WHERE "personal_connections"."verb_id" = $1  [["verb_id", 936]]
11:09:12 web.1  |   [1m[36m (0.3ms)[0m  [1mSELECT COUNT(*) FROM "personal_connections"  WHERE "personal_connections"."verb_id" = $1[0m  [["verb_id", 1023]]
11:09:12 web.1  |   [1m[36m (0.3ms)[0m  [1mSELECT COUNT(*) FROM "personal_connections"  WHERE "personal_connections"."verb_id" = $1[0m  [["verb_id", 1392]]
11:09:12 web.1  |   [1m[35m (0.3ms)[0m  SELECT COUNT(*) FROM "personal_connections"  WHERE "personal_connections"."verb_id" = $1  [["verb_id", 1453]]
11:09:12 web.1  |   [1m[36m (0.4ms)[0m  [1mSELECT COUNT(*) FROM "personal_connections"  WHERE "personal_connections"."verb_id" = $1[0m  [["verb_id", 1326]]
11:09:12 web.1  |   [1m[35m (5.8ms)[0m  SELECT COUNT(*) FROM "personal_connections"  WHERE "personal_connections"."verb_id" = $1  [["verb_id", 977]]
11:09:12 web.1  |   [1m[36m (8.6ms)[0m  [1mSELECT COUNT(*) FROM "personal_connections"  WHERE "personal_connections"."verb_id" = $1[0m  [["verb_id", 45]]
11:09:12 web.1  |   [1m[35m (8.6ms)[0m  SELECT COUNT(*) FROM "personal_connections"  WHERE "personal_connections"."verb_id" = $1  [["verb_id", 1007]]
11:09:12 web.1  |   [1m[35m (7.1ms)[0m  SELECT COUNT(*) FROM "personal_connections"  WHERE "personal_connections"."verb_id" = $1  [["verb_id", 418]]
11:09:12 web.1  |   [1m[36m (3.3ms)[0m  [1mSELECT COUNT(*) FROM "personal_connections"  WHERE "personal_connections"."verb_id" = $1[0m  [["verb_id", 578]]
11:09:12 web.1  |   [1m[36m (2.5ms)[0m  [1mSELECT COUNT(*) FROM "personal_connections"  WHERE "personal_connections"."verb_id" = $1[0m  [["verb_id", 1268]]
11:09:12 web.1  |   [1m[35m (2.2ms)[0m  SELECT COUNT(*) FROM "personal_connections"  WHERE "personal_connections"."verb_id" = $1  [["verb_id", 966]]
11:09:12 web.1  |   [1m[35m (2.2ms)[0m  SELECT COUNT(*) FROM "personal_connections"  WHERE "personal_connections"."verb_id" = $1  [["verb_id", 1121]]
11:09:12 web.1  |   [1m[36m (23.7ms)[0m  [1mSELECT COUNT(*) FROM "personal_connections"  WHERE "personal_connections"."verb_id" = $1[0m  [["verb_id", 836]]
11:09:12 web.1  |   [1m[36m (0.7ms)[0m  [1mSELECT COUNT(*) FROM "personal_connections"  WHERE "personal_connections"."verb_id" = $1[0m  [["verb_id", 1570]]
11:09:12 web.1  |   [1m[35m (0.4ms)[0m  SELECT COUNT(*) FROM "personal_connections"  WHERE "personal_connections"."verb_id" = $1  [["verb_id", 1407]]
11:09:12 web.1  |   [1m[35m (4.7ms)[0m  SELECT COUNT(*) FROM "personal_connections"  WHERE "personal_connections"."verb_id" = $1  [["verb_id", 1583]]
11:09:12 web.1  |   [1m[36m (3.7ms)[0m  [1mSELECT COUNT(*) FROM "personal_connections"  WHERE "personal_connections"."verb_id" = $1[0m  [["verb_id", 1531]]
11:09:12 web.1  |   [1m[35m (0.3ms)[0m  SELECT COUNT(*) FROM "personal_connections"  WHERE "personal_connections"."verb_id" = $1  [["verb_id", 1561]]
11:09:12 web.1  |   [1m[36m (0.3ms)[0m  [1mSELECT COUNT(*) FROM "personal_connections"  WHERE "personal_connections"."verb_id" = $1[0m  [["verb_id", 1526]]
11:09:12 web.1  |   [1m[36m (0.3ms)[0m  [1mSELECT COUNT(*) FROM "personal_connections"  WHERE "personal_connections"."verb_id" = $1[0m  [["verb_id", 1473]]
11:09:12 web.1  |   [1m[35m (0.4ms)[0m  SELECT COUNT(*) FROM "personal_connections"  WHERE "personal_connections"."verb_id" = $1  [["verb_id", 1339]]
11:09:12 web.1  |   [1m[35m (0.3ms)[0m  SELECT COUNT(*) FROM "personal_connections"  WHERE "personal_connections"."verb_id" = $1  [["verb_id", 1457]]
11:09:12 web.1  |   [1m[36m (0.3ms)[0m  [1mSELECT COUNT(*) FROM "personal_connections"  WHERE "personal_connections"."verb_id" = $1[0m  [["verb_id", 1455]]
11:09:12 web.1  |   [1m[36m (0.3ms)[0m  [1mSELECT COUNT(*) FROM "personal_connections"  WHERE "personal_connections"."verb_id" = $1[0m  [["verb_id", 1215]]
11:09:12 web.1  |   [1m[35m (0.3ms)[0m  SELECT COUNT(*) FROM "personal_connections"  WHERE "personal_connections"."verb_id" = $1  [["verb_id", 1252]]
11:09:12 web.1  |   [1m[36m (0.4ms)[0m  [1mSELECT COUNT(*) FROM "personal_connections"  WHERE "personal_connections"."verb_id" = $1[0m  [["verb_id", 1087]]
11:09:12 web.1  |   [1m[35m (0.4ms)[0m  SELECT COUNT(*) FROM "personal_connections"  WHERE "personal_connections"."verb_id" = $1  [["verb_id", 667]]
11:09:12 web.1  |   [1m[35m (0.3ms)[0m  SELECT COUNT(*) FROM "personal_connections"  WHERE "personal_connections"."verb_id" = $1  [["verb_id", 769]]
11:09:12 web.1  |   [1m[36m (0.3ms)[0m  [1mSELECT COUNT(*) FROM "personal_connections"  WHERE "personal_connections"."verb_id" = $1[0m  [["verb_id", 1086]]
11:09:12 web.1  |   [1m[36m (0.4ms)[0m  [1mSELECT COUNT(*) FROM "personal_connections"  WHERE "personal_connections"."verb_id" = $1[0m  [["verb_id", 720]]
11:09:12 web.1  |   [1m[35m (0.3ms)[0m  SELECT COUNT(*) FROM "personal_connections"  WHERE "personal_connections"."verb_id" = $1  [["verb_id", 1076]]
11:09:12 web.1  |   [1m[35m (0.4ms)[0m  SELECT COUNT(*) FROM "personal_connections"  WHERE "personal_connections"."verb_id" = $1  [["verb_id", 157]]
11:09:12 web.1  |   [1m[36m (0.3ms)[0m  [1mSELECT COUNT(*) FROM "personal_connections"  WHERE "personal_connections"."verb_id" = $1[0m  [["verb_id", 1292]]
11:09:12 web.1  |   [1m[36m (0.3ms)[0m  [1mSELECT COUNT(*) FROM "personal_connections"  WHERE "personal_connections"."verb_id" = $1[0m  [["verb_id", 1397]]
11:09:12 web.1  |   [1m[35m (0.4ms)[0m  SELECT COUNT(*) FROM "personal_connections"  WHERE "personal_connections"."verb_id" = $1  [["verb_id", 1451]]
11:09:12 web.1  |   [1m[35m (0.3ms)[0m  SELECT COUNT(*) FROM "personal_connections"  WHERE "personal_connections"."verb_id" = $1  [["verb_id", 1432]]
11:09:12 web.1  |   [1m[36m (0.3ms)[0m  [1mSELECT COUNT(*) FROM "personal_connections"  WHERE "personal_connections"."verb_id" = $1[0m  [["verb_id", 967]]
11:09:12 web.1  |   [1m[36m (0.3ms)[0m  [1mSELECT COUNT(*) FROM "personal_connections"  WHERE "personal_connections"."verb_id" = $1[0m  [["verb_id", 1429]]
11:09:12 web.1  |   [1m[35m (0.3ms)[0m  SELECT COUNT(*) FROM "personal_connections"  WHERE "personal_connections"."verb_id" = $1  [["verb_id", 1553]]
11:09:12 web.1  |   [1m[35m (0.3ms)[0m  SELECT COUNT(*) FROM "personal_connections"  WHERE "personal_connections"."verb_id" = $1  [["verb_id", 1567]]
11:09:12 web.1  |   [1m[36m (0.3ms)[0m  [1mSELECT COUNT(*) FROM "personal_connections"  WHERE "personal_connections"."verb_id" = $1[0m  [["verb_id", 20]]
11:09:12 web.1  |   [1m[36m (0.3ms)[0m  [1mSELECT COUNT(*) FROM "personal_connections"  WHERE "personal_connections"."verb_id" = $1[0m  [["verb_id", 1581]]
11:09:12 web.1  |   [1m[35m (0.3ms)[0m  SELECT COUNT(*) FROM "personal_connections"  WHERE "personal_connections"."verb_id" = $1  [["verb_id", 1580]]
11:09:12 web.1  |   [1m[36m (0.3ms)[0m  [1mSELECT COUNT(*) FROM "personal_connections"  WHERE "personal_connections"."verb_id" = $1[0m  [["verb_id", 795]]
11:09:12 web.1  |   [1m[35m (0.3ms)[0m  SELECT COUNT(*) FROM "personal_connections"  WHERE "personal_connections"."verb_id" = $1  [["verb_id", 895]]
11:09:12 web.1  |   [1m[35m (0.3ms)[0m  SELECT COUNT(*) FROM "personal_connections"  WHERE "personal_connections"."verb_id" = $1  [["verb_id", 1091]]
11:09:12 web.1  |   [1m[36m (0.3ms)[0m  [1mSELECT COUNT(*) FROM "personal_connections"  WHERE "personal_connections"."verb_id" = $1[0m  [["verb_id", 290]]
11:09:12 web.1  |   [1m[36m (0.3ms)[0m  [1mSELECT COUNT(*) FROM "personal_connections"  WHERE "personal_connections"."verb_id" = $1[0m  [["verb_id", 1422]]
11:09:12 web.1  |   [1m[35m (0.3ms)[0m  SELECT COUNT(*) FROM "personal_connections"  WHERE "personal_connections"."verb_id" = $1  [["verb_id", 860]]
11:09:12 web.1  |   [1m[35m (0.3ms)[0m  SELECT COUNT(*) FROM "personal_connections"  WHERE "personal_connections"."verb_id" = $1  [["verb_id", 1346]]
11:09:12 web.1  |   [1m[36m (0.5ms)[0m  [1mSELECT COUNT(*) FROM "personal_connections"  WHERE "personal_connections"."verb_id" = $1[0m  [["verb_id", 830]]
11:09:12 web.1  |   [1m[36m (0.6ms)[0m  [1mSELECT COUNT(*) FROM "personal_connections"  WHERE "personal_connections"."verb_id" = $1[0m  [["verb_id", 7]]
11:09:12 web.1  |   [1m[35m (0.4ms)[0m  SELECT COUNT(*) FROM "personal_connections"  WHERE "personal_connections"."verb_id" = $1  [["verb_id", 1196]]
11:09:12 web.1  |   [1m[36m (0.3ms)[0m  [1mSELECT COUNT(*) FROM "personal_connections"  WHERE "personal_connections"."verb_id" = $1[0m  [["verb_id", 318]]
11:09:12 web.1  |   [1m[35m (0.5ms)[0m  SELECT COUNT(*) FROM "personal_connections"  WHERE "personal_connections"."verb_id" = $1  [["verb_id", 1223]]
11:09:12 web.1  |   [1m[35m (0.3ms)[0m  SELECT COUNT(*) FROM "personal_connections"  WHERE "personal_connections"."verb_id" = $1  [["verb_id", 374]]
11:09:12 web.1  |   [1m[36m (0.3ms)[0m  [1mSELECT COUNT(*) FROM "personal_connections"  WHERE "personal_connections"."verb_id" = $1[0m  [["verb_id", 1062]]
11:09:12 web.1  |   [1m[36m (0.4ms)[0m  [1mSELECT COUNT(*) FROM "personal_connections"  WHERE "personal_connections"."verb_id" = $1[0m  [["verb_id", 984]]
11:09:12 web.1  |   [1m[35m (0.3ms)[0m  SELECT COUNT(*) FROM "personal_connections"  WHERE "personal_connections"."verb_id" = $1  [["verb_id", 1022]]
11:09:12 web.1  |   [1m[35m (0.3ms)[0m  SELECT COUNT(*) FROM "personal_connections"  WHERE "personal_connections"."verb_id" = $1  [["verb_id", 1391]]
11:09:12 web.1  |   [1m[36m (0.2ms)[0m  [1mSELECT COUNT(*) FROM "personal_connections"  WHERE "personal_connections"."verb_id" = $1[0m  [["verb_id", 270]]
11:09:12 web.1  |   [1m[36m (0.3ms)[0m  [1mSELECT COUNT(*) FROM "personal_connections"  WHERE "personal_connections"."verb_id" = $1[0m  [["verb_id", 1277]]
11:09:12 web.1  |   [1m[35m (0.3ms)[0m  SELECT COUNT(*) FROM "personal_connections"  WHERE "personal_connections"."verb_id" = $1  [["verb_id", 428]]
11:09:12 web.1  |   [1m[35m (0.7ms)[0m  SELECT COUNT(*) FROM "personal_connections"  WHERE "personal_connections"."verb_id" = $1  [["verb_id", 1418]]
11:09:12 web.1  |   [1m[36m (0.3ms)[0m  [1mSELECT COUNT(*) FROM "personal_connections"  WHERE "personal_connections"."verb_id" = $1[0m  [["verb_id", 1131]]
11:09:12 web.1  |   [1m[35m (0.4ms)[0m  SELECT COUNT(*) FROM "personal_connections"  WHERE "personal_connections"."verb_id" = $1  [["verb_id", 1352]]
11:09:12 web.1  |   [1m[36m (0.4ms)[0m  [1mSELECT COUNT(*) FROM "personal_connections"  WHERE "personal_connections"."verb_id" = $1[0m  [["verb_id", 1568]]
11:09:12 web.1  |   [1m[35m (0.4ms)[0m  SELECT COUNT(*) FROM "personal_connections"  WHERE "personal_connections"."verb_id" = $1  [["verb_id", 978]]
11:09:12 web.1  |   [1m[36m (0.5ms)[0m  [1mSELECT COUNT(*) FROM "personal_connections"  WHERE "personal_connections"."verb_id" = $1[0m  [["verb_id", 1222]]
11:09:12 web.1  |   [1m[36m (0.3ms)[0m  [1mSELECT COUNT(*) FROM "personal_connections"  WHERE "personal_connections"."verb_id" = $1[0m  [["verb_id", 1559]]
11:09:12 web.1  |   [1m[35m (0.3ms)[0m  SELECT COUNT(*) FROM "personal_connections"  WHERE "personal_connections"."verb_id" = $1  [["verb_id", 1361]]
11:09:12 web.1  |   [1m[35m (0.3ms)[0m  SELECT COUNT(*) FROM "personal_connections"  WHERE "personal_connections"."verb_id" = $1  [["verb_id", 1308]]
11:09:12 web.1  |   [1m[36m (0.3ms)[0m  [1mSELECT COUNT(*) FROM "personal_connections"  WHERE "personal_connections"."verb_id" = $1[0m  [["verb_id", 1364]]
11:09:12 web.1  |   [1m[36m (0.3ms)[0m  [1mSELECT COUNT(*) FROM "personal_connections"  WHERE "personal_connections"."verb_id" = $1[0m  [["verb_id", 1309]]
11:09:12 web.1  |   [1m[35m (0.3ms)[0m  SELECT COUNT(*) FROM "personal_connections"  WHERE "personal_connections"."verb_id" = $1  [["verb_id", 1378]]
11:09:12 web.1  |   [1m[36m (0.3ms)[0m  [1mSELECT COUNT(*) FROM "personal_connections"  WHERE "personal_connections"."verb_id" = $1[0m  [["verb_id", 358]]
11:09:12 web.1  |   [1m[35m (0.2ms)[0m  SELECT COUNT(*) FROM "personal_connections"  WHERE "personal_connections"."verb_id" = $1  [["verb_id", 542]]
11:09:12 web.1  |   [1m[35m (0.3ms)[0m  SELECT COUNT(*) FROM "personal_connections"  WHERE "personal_connections"."verb_id" = $1  [["verb_id", 89]]
11:09:12 web.1  |   [1m[36m (0.3ms)[0m  [1mSELECT COUNT(*) FROM "personal_connections"  WHERE "personal_connections"."verb_id" = $1[0m  [["verb_id", 1491]]
11:09:12 web.1  |   [1m[36m (0.3ms)[0m  [1mSELECT COUNT(*) FROM "personal_connections"  WHERE "personal_connections"."verb_id" = $1[0m  [["verb_id", 1341]]
11:09:12 web.1  |   [1m[35m (0.3ms)[0m  SELECT COUNT(*) FROM "personal_connections"  WHERE "personal_connections"."verb_id" = $1  [["verb_id", 304]]
11:09:12 web.1  |   [1m[35m (0.3ms)[0m  SELECT COUNT(*) FROM "personal_connections"  WHERE "personal_connections"."verb_id" = $1  [["verb_id", 500]]
11:09:12 web.1  |   [1m[36m (0.4ms)[0m  [1mSELECT COUNT(*) FROM "personal_connections"  WHERE "personal_connections"."verb_id" = $1[0m  [["verb_id", 1579]]
11:09:12 web.1  |   [1m[36m (0.5ms)[0m  [1mSELECT COUNT(*) FROM "personal_connections"  WHERE "personal_connections"."verb_id" = $1[0m  [["verb_id", 1411]]
11:09:12 web.1  |   [1m[35m (0.3ms)[0m  SELECT COUNT(*) FROM "personal_connections"  WHERE "personal_connections"."verb_id" = $1  [["verb_id", 68]]
11:09:12 web.1  |   [1m[35m (0.5ms)[0m  SELECT COUNT(*) FROM "personal_connections"  WHERE "personal_connections"."verb_id" = $1  [["verb_id", 1230]]
11:09:12 web.1  |   [1m[36m (0.3ms)[0m  [1mSELECT COUNT(*) FROM "personal_connections"  WHERE "personal_connections"."verb_id" = $1[0m  [["verb_id", 867]]
11:09:12 web.1  |   [1m[36m (0.3ms)[0m  [1mSELECT COUNT(*) FROM "personal_connections"  WHERE "personal_connections"."verb_id" = $1[0m  [["verb_id", 326]]
11:09:12 web.1  |   [1m[35m (0.8ms)[0m  SELECT COUNT(*) FROM "personal_connections"  WHERE "personal_connections"."verb_id" = $1  [["verb_id", 1023]]
11:09:12 web.1  |   [1m[35m (0.3ms)[0m  SELECT COUNT(*) FROM "personal_connections"  WHERE "personal_connections"."verb_id" = $1  [["verb_id", 899]]
11:09:12 web.1  |   [1m[36m (0.3ms)[0m  [1mSELECT COUNT(*) FROM "personal_connections"  WHERE "personal_connections"."verb_id" = $1[0m  [["verb_id", 1453]]
11:09:12 web.1  |   [1m[35m (0.5ms)[0m  SELECT COUNT(*) FROM "personal_connections"  WHERE "personal_connections"."verb_id" = $1  [["verb_id", 1326]]
11:09:12 web.1  |   [1m[36m (1.0ms)[0m  [1mSELECT COUNT(*) FROM "personal_connections"  WHERE "personal_connections"."verb_id" = $1[0m  [["verb_id", 1589]]
11:09:12 web.1  |   [1m[36m (0.3ms)[0m  [1mSELECT COUNT(*) FROM "personal_connections"  WHERE "personal_connections"."verb_id" = $1[0m  [["verb_id", 1007]]
11:09:12 web.1  |   [1m[35m (0.3ms)[0m  SELECT COUNT(*) FROM "personal_connections"  WHERE "personal_connections"."verb_id" = $1  [["verb_id", 847]]
11:09:12 web.1  |   [1m[35m (0.3ms)[0m  SELECT COUNT(*) FROM "personal_connections"  WHERE "personal_connections"."verb_id" = $1  [["verb_id", 578]]
11:09:12 web.1  |   [1m[36m (0.6ms)[0m  [1mSELECT COUNT(*) FROM "personal_connections"  WHERE "personal_connections"."verb_id" = $1[0m  [["verb_id", 758]]
11:09:12 web.1  |   [1m[35m (0.4ms)[0m  SELECT COUNT(*) FROM "personal_connections"  WHERE "personal_connections"."verb_id" = $1  [["verb_id", 278]]
11:09:12 web.1  |   [1m[36m (0.3ms)[0m  [1mSELECT COUNT(*) FROM "personal_connections"  WHERE "personal_connections"."verb_id" = $1[0m  [["verb_id", 894]]
11:09:12 web.1  |   [1m[36m (0.3ms)[0m  [1mSELECT COUNT(*) FROM "personal_connections"  WHERE "personal_connections"."verb_id" = $1[0m  [["verb_id", 966]]
11:09:12 web.1  |   [1m[35m (0.3ms)[0m  SELECT COUNT(*) FROM "personal_connections"  WHERE "personal_connections"."verb_id" = $1  [["verb_id", 755]]
11:09:12 web.1  |   [1m[35m (0.3ms)[0m  SELECT COUNT(*) FROM "personal_connections"  WHERE "personal_connections"."verb_id" = $1  [["verb_id", 836]]
11:09:12 web.1  |   [1m[36m (0.4ms)[0m  [1mSELECT COUNT(*) FROM "personal_connections"  WHERE "personal_connections"."verb_id" = $1[0m  [["verb_id", 1205]]
11:09:12 web.1  |   [1m[36m (0.3ms)[0m  [1mSELECT COUNT(*) FROM "personal_connections"  WHERE "personal_connections"."verb_id" = $1[0m  [["verb_id", 1407]]
11:09:12 web.1  |   [1m[35m (0.3ms)[0m  SELECT COUNT(*) FROM "personal_connections"  WHERE "personal_connections"."verb_id" = $1  [["verb_id", 731]]
11:09:12 web.1  |   [1m[35m (0.5ms)[0m  SELECT COUNT(*) FROM "personal_connections"  WHERE "personal_connections"."verb_id" = $1  [["verb_id", 1526]]
11:09:12 web.1  |   [1m[36m (0.9ms)[0m  [1mSELECT COUNT(*) FROM "personal_connections"  WHERE "personal_connections"."verb_id" = $1[0m  [["verb_id", 3]]
11:09:12 web.1  |   [1m[36m (0.3ms)[0m  [1mSELECT COUNT(*) FROM "personal_connections"  WHERE "personal_connections"."verb_id" = $1[0m  [["verb_id", 1457]]
11:09:12 web.1  |   [1m[35m (0.3ms)[0m  SELECT COUNT(*) FROM "personal_connections"  WHERE "personal_connections"."verb_id" = $1  [["verb_id", 426]]
11:09:12 web.1  |   [1m[36m (0.4ms)[0m  [1mSELECT COUNT(*) FROM "personal_connections"  WHERE "personal_connections"."verb_id" = $1[0m  [["verb_id", 566]]
11:09:12 web.1  |   [1m[35m (9.5ms)[0m  SELECT COUNT(*) FROM "personal_connections"  WHERE "personal_connections"."verb_id" = $1  [["verb_id", 1215]]
11:09:12 web.1  |   [1m[35m (0.3ms)[0m  SELECT COUNT(*) FROM "personal_connections"  WHERE "personal_connections"."verb_id" = $1  [["verb_id", 1572]]
11:09:12 web.1  |   [1m[36m (0.3ms)[0m  [1mSELECT COUNT(*) FROM "personal_connections"  WHERE "personal_connections"."verb_id" = $1[0m  [["verb_id", 667]]
11:09:12 web.1  |   [1m[36m (0.3ms)[0m  [1mSELECT COUNT(*) FROM "personal_connections"  WHERE "personal_connections"."verb_id" = $1[0m  [["verb_id", 244]]
11:09:12 web.1  |   [1m[35m (0.3ms)[0m  SELECT COUNT(*) FROM "personal_connections"  WHERE "personal_connections"."verb_id" = $1  [["verb_id", 963]]
11:09:12 web.1  |   [1m[35m (0.3ms)[0m  SELECT COUNT(*) FROM "personal_connections"  WHERE "personal_connections"."verb_id" = $1  [["verb_id", 1086]]
11:09:12 web.1  |   [1m[36m (0.3ms)[0m  [1mSELECT COUNT(*) FROM "personal_connections"  WHERE "personal_connections"."verb_id" = $1[0m  [["verb_id", 1076]]
11:09:12 web.1  |   [1m[36m (0.3ms)[0m  [1mSELECT COUNT(*) FROM "personal_connections"  WHERE "personal_connections"."verb_id" = $1[0m  [["verb_id", 960]]
11:09:12 web.1  |   [1m[35m (0.3ms)[0m  SELECT COUNT(*) FROM "personal_connections"  WHERE "personal_connections"."verb_id" = $1  [["verb_id", 1292]]
11:09:12 web.1  |   [1m[35m (1.8ms)[0m  SELECT COUNT(*) FROM "personal_connections"  WHERE "personal_connections"."verb_id" = $1  [["verb_id", 716]]
11:09:12 web.1  |   [1m[36m (0.3ms)[0m  [1mSELECT COUNT(*) FROM "personal_connections"  WHERE "personal_connections"."verb_id" = $1[0m  [["verb_id", 1451]]
11:09:12 web.1  |   [1m[35m (0.2ms)[0m  SELECT COUNT(*) FROM "personal_connections"  WHERE "personal_connections"."verb_id" = $1  [["verb_id", 967]]
11:09:12 web.1  |   [1m[36m (0.3ms)[0m  [1mSELECT COUNT(*) FROM "personal_connections"  WHERE "personal_connections"."verb_id" = $1[0m  [["verb_id", 780]]
11:09:12 web.1  |   [1m[35m (0.3ms)[0m  SELECT COUNT(*) FROM "personal_connections"  WHERE "personal_connections"."verb_id" = $1  [["verb_id", 813]]
11:09:12 web.1  |   [1m[36m (0.6ms)[0m  [1mSELECT COUNT(*) FROM "personal_connections"  WHERE "personal_connections"."verb_id" = $1[0m  [["verb_id", 1553]]
11:09:12 web.1  |   [1m[36m (0.3ms)[0m  [1mSELECT COUNT(*) FROM "personal_connections"  WHERE "personal_connections"."verb_id" = $1[0m  [["verb_id", 904]]
11:09:12 web.1  |   [1m[35m (0.3ms)[0m  SELECT COUNT(*) FROM "personal_connections"  WHERE "personal_connections"."verb_id" = $1  [["verb_id", 20]]
11:09:12 web.1  |   [1m[35m (0.3ms)[0m  SELECT COUNT(*) FROM "personal_connections"  WHERE "personal_connections"."verb_id" = $1  [["verb_id", 558]]
11:09:12 web.1  |   [1m[36m (0.4ms)[0m  [1mSELECT COUNT(*) FROM "personal_connections"  WHERE "personal_connections"."verb_id" = $1[0m  [["verb_id", 895]]
11:09:12 web.1  |   [1m[35m (0.3ms)[0m  SELECT COUNT(*) FROM "personal_connections"  WHERE "personal_connections"."verb_id" = $1  [["verb_id", 1422]]
11:09:12 web.1  |   [1m[36m (0.3ms)[0m  [1mSELECT COUNT(*) FROM "personal_connections"  WHERE "personal_connections"."verb_id" = $1[0m  [["verb_id", 77]]
11:09:12 web.1  |   [1m[36m (0.3ms)[0m  [1mSELECT COUNT(*) FROM "personal_connections"  WHERE "personal_connections"."verb_id" = $1[0m  [["verb_id", 1346]]
11:09:12 web.1  |   [1m[35m (0.3ms)[0m  SELECT COUNT(*) FROM "personal_connections"  WHERE "personal_connections"."verb_id" = $1  [["verb_id", 1354]]
11:09:12 web.1  |   [1m[35m (0.6ms)[0m  SELECT COUNT(*) FROM "personal_connections"  WHERE "personal_connections"."verb_id" = $1  [["verb_id", 7]]
11:09:12 web.1  |   [1m[36m (0.4ms)[0m  [1mSELECT COUNT(*) FROM "personal_connections"  WHERE "personal_connections"."verb_id" = $1[0m  [["verb_id", 1290]]
11:09:12 web.1  |   [1m[36m (0.3ms)[0m  [1mSELECT COUNT(*) FROM "personal_connections"  WHERE "personal_connections"."verb_id" = $1[0m  [["verb_id", 1223]]
11:09:12 web.1  |   [1m[35m (0.3ms)[0m  SELECT COUNT(*) FROM "personal_connections"  WHERE "personal_connections"."verb_id" = $1  [["verb_id", 850]]
11:09:12 web.1  |   [1m[35m (0.2ms)[0m  SELECT COUNT(*) FROM "personal_connections"  WHERE "personal_connections"."verb_id" = $1  [["verb_id", 1062]]
11:09:12 web.1  |   [1m[36m (0.5ms)[0m  [1mSELECT COUNT(*) FROM "personal_connections"  WHERE "personal_connections"."verb_id" = $1[0m  [["verb_id", 1022]]
11:09:12 web.1  |   [1m[36m (0.3ms)[0m  [1mSELECT COUNT(*) FROM "personal_connections"  WHERE "personal_connections"."verb_id" = $1[0m  [["verb_id", 480]]
11:09:12 web.1  |   [1m[35m (0.4ms)[0m  SELECT COUNT(*) FROM "personal_connections"  WHERE "personal_connections"."verb_id" = $1  [["verb_id", 1277]]
11:09:12 web.1  |   [1m[35m (0.3ms)[0m  SELECT COUNT(*) FROM "personal_connections"  WHERE "personal_connections"."verb_id" = $1  [["verb_id", 908]]
11:09:12 web.1  |   [1m[36m (0.5ms)[0m  [1mSELECT COUNT(*) FROM "personal_connections"  WHERE "personal_connections"."verb_id" = $1[0m  [["verb_id", 1418]]
11:09:12 web.1  |   [1m[36m (0.3ms)[0m  [1mSELECT COUNT(*) FROM "personal_connections"  WHERE "personal_connections"."verb_id" = $1[0m  [["verb_id", 538]]
11:09:12 web.1  |   [1m[35m (0.3ms)[0m  SELECT COUNT(*) FROM "personal_connections"  WHERE "personal_connections"."verb_id" = $1  [["verb_id", 1222]]
11:09:12 web.1  |   [1m[35m (0.3ms)[0m  SELECT COUNT(*) FROM "personal_connections"  WHERE "personal_connections"."verb_id" = $1  [["verb_id", 456]]
11:09:12 web.1  |   [1m[36m (0.3ms)[0m  [1mSELECT COUNT(*) FROM "personal_connections"  WHERE "personal_connections"."verb_id" = $1[0m  [["verb_id", 1308]]
11:09:12 web.1  |   [1m[35m (0.3ms)[0m  SELECT COUNT(*) FROM "personal_connections"  WHERE "personal_connections"."verb_id" = $1  [["verb_id", 1309]]
11:09:12 web.1  |   [1m[36m (0.3ms)[0m  [1mSELECT COUNT(*) FROM "personal_connections"  WHERE "personal_connections"."verb_id" = $1[0m  [["verb_id", 964]]
11:09:12 web.1  |   [1m[36m (0.3ms)[0m  [1mSELECT COUNT(*) FROM "personal_connections"  WHERE "personal_connections"."verb_id" = $1[0m  [["verb_id", 542]]
11:09:12 web.1  |   [1m[35m (0.5ms)[0m  SELECT COUNT(*) FROM "personal_connections"  WHERE "personal_connections"."verb_id" = $1  [["verb_id", 1357]]
11:09:12 web.1  |   [1m[35m (0.3ms)[0m  SELECT COUNT(*) FROM "personal_connections"  WHERE "personal_connections"."verb_id" = $1  [["verb_id", 1491]]
11:09:13 web.1  |   [1m[36m (0.3ms)[0m  [1mSELECT COUNT(*) FROM "personal_connections"  WHERE "personal_connections"."verb_id" = $1[0m  [["verb_id", 760]]
11:09:13 web.1  |   [1m[36m (0.3ms)[0m  [1mSELECT COUNT(*) FROM "personal_connections"  WHERE "personal_connections"."verb_id" = $1[0m  [["verb_id", 304]]
11:09:13 web.1  |   [1m[35m (0.3ms)[0m  SELECT COUNT(*) FROM "personal_connections"  WHERE "personal_connections"."verb_id" = $1  [["verb_id", 466]]
11:09:13 web.1  |   [1m[35m (0.3ms)[0m  SELECT COUNT(*) FROM "personal_connections"  WHERE "personal_connections"."verb_id" = $1  [["verb_id", 1411]]
11:09:13 web.1  |   [1m[36m (0.2ms)[0m  [1mSELECT COUNT(*) FROM "personal_connections"  WHERE "personal_connections"."verb_id" = $1[0m  [["verb_id", 794]]
11:09:13 web.1  |   [1m[36m (0.4ms)[0m  [1mSELECT COUNT(*) FROM "personal_connections"  WHERE "personal_connections"."verb_id" = $1[0m  [["verb_id", 1230]]
11:09:13 web.1  |   [1m[35m (0.3ms)[0m  SELECT COUNT(*) FROM "personal_connections"  WHERE "personal_connections"."verb_id" = $1  [["verb_id", 1534]]
11:09:13 web.1  |   [1m[36m (0.3ms)[0m  [1mSELECT COUNT(*) FROM "personal_connections"  WHERE "personal_connections"."verb_id" = $1[0m  [["verb_id", 450]]
11:09:13 web.1  |   [1m[35m (0.2ms)[0m  SELECT COUNT(*) FROM "personal_connections"  WHERE "personal_connections"."verb_id" = $1  [["verb_id", 326]]
11:09:13 web.1  |   [1m[35m (0.3ms)[0m  SELECT COUNT(*) FROM "personal_connections"  WHERE "personal_connections"."verb_id" = $1  [["verb_id", 1372]]
11:09:13 web.1  |   [1m[36m (0.5ms)[0m  [1mSELECT COUNT(*) FROM "personal_connections"  WHERE "personal_connections"."verb_id" = $1[0m  [["verb_id", 899]]
11:09:13 web.1  |   [1m[36m (0.3ms)[0m  [1mSELECT COUNT(*) FROM "personal_connections"  WHERE "personal_connections"."verb_id" = $1[0m  [["verb_id", 1235]]
11:09:13 web.1  |   [1m[35m (0.3ms)[0m  SELECT COUNT(*) FROM "personal_connections"  WHERE "personal_connections"."verb_id" = $1  [["verb_id", 1589]]
11:09:13 web.1  |   [1m[35m (0.4ms)[0m  SELECT COUNT(*) FROM "personal_connections"  WHERE "personal_connections"."verb_id" = $1  [["verb_id", 1142]]
11:09:13 web.1  |   [1m[36m (0.3ms)[0m  [1mSELECT COUNT(*) FROM "personal_connections"  WHERE "personal_connections"."verb_id" = $1[0m  [["verb_id", 847]]
11:09:13 web.1  |   [1m[36m (0.3ms)[0m  [1mSELECT COUNT(*) FROM "personal_connections"  WHERE "personal_connections"."verb_id" = $1[0m  [["verb_id", 141]]
11:09:13 web.1  |   [1m[35m (0.3ms)[0m  SELECT COUNT(*) FROM "personal_connections"  WHERE "personal_connections"."verb_id" = $1  [["verb_id", 758]]
11:09:13 web.1  |   [1m[35m (0.3ms)[0m  SELECT COUNT(*) FROM "personal_connections"  WHERE "personal_connections"."verb_id" = $1  [["verb_id", 64]]
11:09:13 web.1  |   [1m[36m (0.3ms)[0m  [1mSELECT COUNT(*) FROM "personal_connections"  WHERE "personal_connections"."verb_id" = $1[0m  [["verb_id", 278]]
11:09:13 web.1  |   [1m[36m (0.3ms)[0m  [1mSELECT COUNT(*) FROM "personal_connections"  WHERE "personal_connections"."verb_id" = $1[0m  [["verb_id", 392]]
11:09:13 web.1  |   [1m[35m (0.3ms)[0m  SELECT COUNT(*) FROM "personal_connections"  WHERE "personal_connections"."verb_id" = $1  [["verb_id", 894]]
11:09:13 web.1  |   [1m[35m (0.3ms)[0m  SELECT COUNT(*) FROM "personal_connections"  WHERE "personal_connections"."verb_id" = $1  [["verb_id", 710]]
11:09:13 web.1  |   [1m[36m (0.4ms)[0m  [1mSELECT COUNT(*) FROM "personal_connections"  WHERE "personal_connections"."verb_id" = $1[0m  [["verb_id", 755]]
11:09:13 web.1  |   [1m[36m (0.3ms)[0m  [1mSELECT COUNT(*) FROM "personal_connections"  WHERE "personal_connections"."verb_id" = $1[0m  [["verb_id", 775]]
11:09:13 web.1  |   [1m[35m (1.0ms)[0m  SELECT COUNT(*) FROM "personal_connections"  WHERE "personal_connections"."verb_id" = $1  [["verb_id", 1205]]
11:09:13 web.1  |   [1m[35m (0.3ms)[0m  SELECT COUNT(*) FROM "personal_connections"  WHERE "personal_connections"."verb_id" = $1  [["verb_id", 1535]]
11:09:13 web.1  |   [1m[36m (0.4ms)[0m  [1mSELECT COUNT(*) FROM "personal_connections"  WHERE "personal_connections"."verb_id" = $1[0m  [["verb_id", 731]]
11:09:13 web.1  |   [1m[36m (0.7ms)[0m  [1mSELECT COUNT(*) FROM "personal_connections"  WHERE "personal_connections"."verb_id" = $1[0m  [["verb_id", 1231]]
11:09:13 web.1  |   [1m[35m (0.2ms)[0m  SELECT COUNT(*) FROM "personal_connections"  WHERE "personal_connections"."verb_id" = $1  [["verb_id", 861]]
11:09:13 web.1  |   [1m[35m (0.6ms)[0m  SELECT COUNT(*) FROM "personal_connections"  WHERE "personal_connections"."verb_id" = $1  [["verb_id", 3]]
11:09:13 web.1  |   [1m[36m (0.3ms)[0m  [1mSELECT COUNT(*) FROM "personal_connections"  WHERE "personal_connections"."verb_id" = $1[0m  [["verb_id", 803]]
11:09:13 web.1  |   [1m[36m (0.2ms)[0m  [1mSELECT COUNT(*) FROM "personal_connections"  WHERE "personal_connections"."verb_id" = $1[0m  [["verb_id", 426]]
11:09:13 web.1  |   [1m[35m (0.4ms)[0m  SELECT COUNT(*) FROM "personal_connections"  WHERE "personal_connections"."verb_id" = $1  [["verb_id", 572]]
11:09:13 web.1  |   [1m[35m (0.5ms)[0m  SELECT COUNT(*) FROM "personal_connections"  WHERE "personal_connections"."verb_id" = $1  [["verb_id", 566]]
11:09:13 web.1  |   [1m[36m (0.4ms)[0m  [1mSELECT COUNT(*) FROM "personal_connections"  WHERE "personal_connections"."verb_id" = $1[0m  [["verb_id", 490]]
11:09:13 web.1  |   [1m[36m (0.4ms)[0m  [1mSELECT COUNT(*) FROM "personal_connections"  WHERE "personal_connections"."verb_id" = $1[0m  [["verb_id", 1572]]
11:09:13 web.1  |   [1m[35m (0.3ms)[0m  SELECT COUNT(*) FROM "personal_connections"  WHERE "personal_connections"."verb_id" = $1  [["verb_id", 1015]]
11:09:13 web.1  |   [1m[35m (0.3ms)[0m  SELECT COUNT(*) FROM "personal_connections"  WHERE "personal_connections"."verb_id" = $1  [["verb_id", 244]]
11:09:13 web.1  |   [1m[36m (0.3ms)[0m  [1mSELECT COUNT(*) FROM "personal_connections"  WHERE "personal_connections"."verb_id" = $1[0m  [["verb_id", 1267]]
11:09:13 web.1  |   [1m[36m (0.3ms)[0m  [1mSELECT COUNT(*) FROM "personal_connections"  WHERE "personal_connections"."verb_id" = $1[0m  [["verb_id", 963]]
11:09:13 web.1  |   [1m[35m (0.3ms)[0m  SELECT COUNT(*) FROM "personal_connections"  WHERE "personal_connections"."verb_id" = $1  [["verb_id", 300]]
11:09:13 web.1  |   [1m[35m (0.3ms)[0m  SELECT COUNT(*) FROM "personal_connections"  WHERE "personal_connections"."verb_id" = $1  [["verb_id", 960]]
11:09:13 web.1  |   [1m[36m (0.3ms)[0m  [1mSELECT COUNT(*) FROM "personal_connections"  WHERE "personal_connections"."verb_id" = $1[0m  [["verb_id", 885]]
11:09:13 web.1  |   [1m[36m (0.3ms)[0m  [1mSELECT COUNT(*) FROM "personal_connections"  WHERE "personal_connections"."verb_id" = $1[0m  [["verb_id", 716]]
11:09:13 web.1  |   [1m[35m (0.3ms)[0m  SELECT COUNT(*) FROM "personal_connections"  WHERE "personal_connections"."verb_id" = $1  [["verb_id", 1097]]
11:09:13 web.1  |   [1m[36m (0.3ms)[0m  [1mSELECT COUNT(*) FROM "personal_connections"  WHERE "personal_connections"."verb_id" = $1[0m  [["verb_id", 574]]
11:09:13 web.1  |   [1m[35m (0.3ms)[0m  SELECT COUNT(*) FROM "personal_connections"  WHERE "personal_connections"."verb_id" = $1  [["verb_id", 780]]
11:09:13 web.1  |   [1m[35m (0.3ms)[0m  SELECT COUNT(*) FROM "personal_connections"  WHERE "personal_connections"."verb_id" = $1  [["verb_id", 1030]]
11:09:13 web.1  |   [1m[36m (0.2ms)[0m  [1mSELECT COUNT(*) FROM "personal_connections"  WHERE "personal_connections"."verb_id" = $1[0m  [["verb_id", 813]]
11:09:13 web.1  |   [1m[36m (0.4ms)[0m  [1mSELECT COUNT(*) FROM "personal_connections"  WHERE "personal_connections"."verb_id" = $1[0m  [["verb_id", 24]]
11:09:13 web.1  |   [1m[35m (0.3ms)[0m  SELECT COUNT(*) FROM "personal_connections"  WHERE "personal_connections"."verb_id" = $1  [["verb_id", 904]]
11:09:13 web.1  |   [1m[35m (0.3ms)[0m  SELECT COUNT(*) FROM "personal_connections"  WHERE "personal_connections"."verb_id" = $1  [["verb_id", 818]]
11:09:13 web.1  |   [1m[36m (0.3ms)[0m  [1mSELECT COUNT(*) FROM "personal_connections"  WHERE "personal_connections"."verb_id" = $1[0m  [["verb_id", 558]]
11:09:13 web.1  |   [1m[36m (0.4ms)[0m  [1mSELECT COUNT(*) FROM "personal_connections"  WHERE "personal_connections"."verb_id" = $1[0m  [["verb_id", 887]]
11:09:13 web.1  |   [1m[35m (0.5ms)[0m  SELECT COUNT(*) FROM "personal_connections"  WHERE "personal_connections"."verb_id" = $1  [["verb_id", 77]]
11:09:13 web.1  |   [1m[35m (0.3ms)[0m  SELECT COUNT(*) FROM "personal_connections"  WHERE "personal_connections"."verb_id" = $1  [["verb_id", 448]]
11:09:13 web.1  |   [1m[36m (0.4ms)[0m  [1mSELECT COUNT(*) FROM "personal_connections"  WHERE "personal_connections"."verb_id" = $1[0m  [["verb_id", 1325]]
11:09:13 web.1  |   [1m[36m (0.3ms)[0m  [1mSELECT COUNT(*) FROM "personal_connections"  WHERE "personal_connections"."verb_id" = $1[0m  [["verb_id", 1354]]
11:09:13 web.1  |   [1m[35m (0.3ms)[0m  SELECT COUNT(*) FROM "personal_connections"  WHERE "personal_connections"."verb_id" = $1  [["verb_id", 1125]]
11:09:13 web.1  |   [1m[35m (0.3ms)[0m  SELECT COUNT(*) FROM "personal_connections"  WHERE "personal_connections"."verb_id" = $1  [["verb_id", 1290]]
11:09:13 web.1  |   [1m[36m (0.3ms)[0m  [1mSELECT COUNT(*) FROM "personal_connections"  WHERE "personal_connections"."verb_id" = $1[0m  [["verb_id", 496]]
11:09:13 web.1  |   [1m[36m (1.2ms)[0m  [1mSELECT COUNT(*) FROM "personal_connections"  WHERE "personal_connections"."verb_id" = $1[0m  [["verb_id", 850]]
11:09:13 web.1  |   [1m[35m (0.6ms)[0m  SELECT COUNT(*) FROM "personal_connections"  WHERE "personal_connections"."verb_id" = $1  [["verb_id", 902]]
11:09:13 web.1  |   [1m[35m (0.3ms)[0m  SELECT COUNT(*) FROM "personal_connections"  WHERE "personal_connections"."verb_id" = $1  [["verb_id", 480]]
11:09:13 web.1  |   [1m[36m (0.2ms)[0m  [1mSELECT COUNT(*) FROM "personal_connections"  WHERE "personal_connections"."verb_id" = $1[0m  [["verb_id", 1359]]
11:09:13 web.1  |   [1m[36m (0.4ms)[0m  [1mSELECT COUNT(*) FROM "personal_connections"  WHERE "personal_connections"."verb_id" = $1[0m  [["verb_id", 908]]
11:09:13 web.1  |   [1m[35m (0.2ms)[0m  SELECT COUNT(*) FROM "personal_connections"  WHERE "personal_connections"."verb_id" = $1  [["verb_id", 522]]
11:09:13 web.1  |   [1m[36m (0.3ms)[0m  [1mSELECT COUNT(*) FROM "personal_connections"  WHERE "personal_connections"."verb_id" = $1[0m  [["verb_id", 848]]
11:09:13 web.1  |   [1m[35m (0.3ms)[0m  SELECT COUNT(*) FROM "personal_connections"  WHERE "personal_connections"."verb_id" = $1  [["verb_id", 538]]
11:09:13 web.1  |   [1m[35m (0.3ms)[0m  SELECT COUNT(*) FROM "personal_connections"  WHERE "personal_connections"."verb_id" = $1  [["verb_id", 1013]]
11:09:13 web.1  |   [1m[36m (0.3ms)[0m  [1mSELECT COUNT(*) FROM "personal_connections"  WHERE "personal_connections"."verb_id" = $1[0m  [["verb_id", 456]]
11:09:13 web.1  |   [1m[36m (0.3ms)[0m  [1mSELECT COUNT(*) FROM "personal_connections"  WHERE "personal_connections"."verb_id" = $1[0m  [["verb_id", 1381]]
11:09:13 web.1  |   [1m[35m (0.4ms)[0m  SELECT COUNT(*) FROM "personal_connections"  WHERE "personal_connections"."verb_id" = $1  [["verb_id", 964]]
11:09:13 web.1  |   [1m[35m (0.3ms)[0m  SELECT COUNT(*) FROM "personal_connections"  WHERE "personal_connections"."verb_id" = $1  [["verb_id", 701]]
11:09:13 web.1  |   [1m[36m (0.3ms)[0m  [1mSELECT COUNT(*) FROM "personal_connections"  WHERE "personal_connections"."verb_id" = $1[0m  [["verb_id", 1357]]
11:09:13 web.1  |   [1m[36m (0.3ms)[0m  [1mSELECT COUNT(*) FROM "personal_connections"  WHERE "personal_connections"."verb_id" = $1[0m  [["verb_id", 1234]]
11:09:13 web.1  |   [1m[35m (0.3ms)[0m  SELECT COUNT(*) FROM "personal_connections"  WHERE "personal_connections"."verb_id" = $1  [["verb_id", 760]]
11:09:13 web.1  |   [1m[35m (0.3ms)[0m  SELECT COUNT(*) FROM "personal_connections"  WHERE "personal_connections"."verb_id" = $1  [["verb_id", 486]]
11:09:13 web.1  |   [1m[36m (0.3ms)[0m  [1mSELECT COUNT(*) FROM "personal_connections"  WHERE "personal_connections"."verb_id" = $1[0m  [["verb_id", 466]]
11:09:13 web.1  |   [1m[36m (0.3ms)[0m  [1mSELECT COUNT(*) FROM "personal_connections"  WHERE "personal_connections"."verb_id" = $1[0m  [["verb_id", 986]]
11:09:13 web.1  |   [1m[35m (0.4ms)[0m  SELECT COUNT(*) FROM "personal_connections"  WHERE "personal_connections"."verb_id" = $1  [["verb_id", 794]]
11:09:13 web.1  |   [1m[36m (0.3ms)[0m  [1mSELECT COUNT(*) FROM "personal_connections"  WHERE "personal_connections"."verb_id" = $1[0m  [["verb_id", 1534]]
11:09:13 web.1  |   [1m[35m (0.2ms)[0m  SELECT COUNT(*) FROM "personal_connections"  WHERE "personal_connections"."verb_id" = $1  [["verb_id", 915]]
11:09:13 web.1  |   [1m[36m (0.4ms)[0m  [1mSELECT COUNT(*) FROM "personal_connections"  WHERE "personal_connections"."verb_id" = $1[0m  [["verb_id", 1504]]
11:09:13 web.1  |   [1m[35m (0.3ms)[0m  SELECT COUNT(*) FROM "personal_connections"  WHERE "personal_connections"."verb_id" = $1  [["verb_id", 450]]
11:09:13 web.1  |   [1m[35m (0.4ms)[0m  SELECT COUNT(*) FROM "personal_connections"  WHERE "personal_connections"."verb_id" = $1  [["verb_id", 751]]
11:09:13 web.1  |   [1m[36m (0.2ms)[0m  [1mSELECT COUNT(*) FROM "personal_connections"  WHERE "personal_connections"."verb_id" = $1[0m  [["verb_id", 1372]]
11:09:13 web.1  |   [1m[36m (0.3ms)[0m  [1mSELECT COUNT(*) FROM "personal_connections"  WHERE "personal_connections"."verb_id" = $1[0m  [["verb_id", 540]]
11:09:13 web.1  |   [1m[35m (0.5ms)[0m  SELECT COUNT(*) FROM "personal_connections"  WHERE "personal_connections"."verb_id" = $1  [["verb_id", 1235]]
11:09:13 web.1  |   [1m[35m (0.3ms)[0m  SELECT COUNT(*) FROM "personal_connections"  WHERE "personal_connections"."verb_id" = $1  [["verb_id", 652]]
11:09:13 web.1  |   [1m[36m (0.3ms)[0m  [1mSELECT COUNT(*) FROM "personal_connections"  WHERE "personal_connections"."verb_id" = $1[0m  [["verb_id", 1142]]
11:09:13 web.1  |   [1m[36m (0.7ms)[0m  [1mSELECT COUNT(*) FROM "personal_connections"  WHERE "personal_connections"."verb_id" = $1[0m  [["verb_id", 1197]]
11:09:13 web.1  |   [1m[35m (2.3ms)[0m  SELECT COUNT(*) FROM "personal_connections"  WHERE "personal_connections"."verb_id" = $1  [["verb_id", 141]]
11:09:13 web.1  |   [1m[35m (0.3ms)[0m  SELECT COUNT(*) FROM "personal_connections"  WHERE "personal_connections"."verb_id" = $1  [["verb_id", 266]]
11:09:13 web.1  |   [1m[36m (0.3ms)[0m  [1mSELECT COUNT(*) FROM "personal_connections"  WHERE "personal_connections"."verb_id" = $1[0m  [["verb_id", 64]]
11:09:13 web.1  |   [1m[36m (0.5ms)[0m  [1mSELECT COUNT(*) FROM "personal_connections"  WHERE "personal_connections"."verb_id" = $1[0m  [["verb_id", 1446]]
11:09:13 web.1  |   [1m[35m (0.3ms)[0m  SELECT COUNT(*) FROM "personal_connections"  WHERE "personal_connections"."verb_id" = $1  [["verb_id", 392]]
11:09:13 web.1  |   [1m[35m (0.3ms)[0m  SELECT COUNT(*) FROM "personal_connections"  WHERE "personal_connections"."verb_id" = $1  [["verb_id", 1082]]
11:09:13 web.1  |   [1m[36m (0.4ms)[0m  [1mSELECT COUNT(*) FROM "personal_connections"  WHERE "personal_connections"."verb_id" = $1[0m  [["verb_id", 710]]
11:09:13 web.1  |   [1m[36m (0.3ms)[0m  [1mSELECT COUNT(*) FROM "personal_connections"  WHERE "personal_connections"."verb_id" = $1[0m  [["verb_id", 1305]]
11:09:13 web.1  |   [1m[35m (0.3ms)[0m  SELECT COUNT(*) FROM "personal_connections"  WHERE "personal_connections"."verb_id" = $1  [["verb_id", 775]]
11:09:13 web.1  |   [1m[35m (0.3ms)[0m  SELECT COUNT(*) FROM "personal_connections"  WHERE "personal_connections"."verb_id" = $1  [["verb_id", 1304]]
11:09:13 web.1  |   [1m[36m (0.3ms)[0m  [1mSELECT COUNT(*) FROM "personal_connections"  WHERE "personal_connections"."verb_id" = $1[0m  [["verb_id", 1535]]
11:09:13 web.1  |   [1m[36m (0.4ms)[0m  [1mSELECT COUNT(*) FROM "personal_connections"  WHERE "personal_connections"."verb_id" = $1[0m  [["verb_id", 262]]
11:09:13 web.1  |   [1m[35m (0.3ms)[0m  SELECT COUNT(*) FROM "personal_connections"  WHERE "personal_connections"."verb_id" = $1  [["verb_id", 1231]]
11:09:13 web.1  |   [1m[35m (0.3ms)[0m  SELECT COUNT(*) FROM "personal_connections"  WHERE "personal_connections"."verb_id" = $1  [["verb_id", 954]]
11:09:13 web.1  |   [1m[36m (0.3ms)[0m  [1mSELECT COUNT(*) FROM "personal_connections"  WHERE "personal_connections"."verb_id" = $1[0m  [["verb_id", 861]]
11:09:13 web.1  |   [1m[36m (0.4ms)[0m  [1mSELECT COUNT(*) FROM "personal_connections"  WHERE "personal_connections"."verb_id" = $1[0m  [["verb_id", 400]]
11:09:13 web.1  |   [1m[35m (0.4ms)[0m  SELECT COUNT(*) FROM "personal_connections"  WHERE "personal_connections"."verb_id" = $1  [["verb_id", 803]]
11:09:13 web.1  |   [1m[35m (0.6ms)[0m  SELECT COUNT(*) FROM "personal_connections"  WHERE "personal_connections"."verb_id" = $1  [["verb_id", 73]]
11:09:13 web.1  |   [1m[36m (0.3ms)[0m  [1mSELECT COUNT(*) FROM "personal_connections"  WHERE "personal_connections"."verb_id" = $1[0m  [["verb_id", 572]]
11:09:13 web.1  |   [1m[36m (0.4ms)[0m  [1mSELECT COUNT(*) FROM "personal_connections"  WHERE "personal_connections"."verb_id" = $1[0m  [["verb_id", 1569]]
11:09:13 web.1  |   [1m[35m (0.2ms)[0m  SELECT COUNT(*) FROM "personal_connections"  WHERE "personal_connections"."verb_id" = $1  [["verb_id", 1077]]
11:09:13 web.1  |   [1m[35m (0.3ms)[0m  SELECT COUNT(*) FROM "personal_connections"  WHERE "personal_connections"."verb_id" = $1  [["verb_id", 490]]
11:09:13 web.1  |   [1m[36m (0.3ms)[0m  [1mSELECT COUNT(*) FROM "personal_connections"  WHERE "personal_connections"."verb_id" = $1[0m  [["verb_id", 1468]]
11:09:13 web.1  |   [1m[36m (0.3ms)[0m  [1mSELECT COUNT(*) FROM "personal_connections"  WHERE "personal_connections"."verb_id" = $1[0m  [["verb_id", 1015]]
11:09:13 web.1  |   [1m[35m (0.3ms)[0m  SELECT COUNT(*) FROM "personal_connections"  WHERE "personal_connections"."verb_id" = $1  [["verb_id", 1542]]
11:09:13 web.1  |   [1m[35m (0.3ms)[0m  SELECT COUNT(*) FROM "personal_connections"  WHERE "personal_connections"."verb_id" = $1  [["verb_id", 1267]]
11:09:13 web.1  |   [1m[36m (0.3ms)[0m  [1mSELECT COUNT(*) FROM "personal_connections"  WHERE "personal_connections"."verb_id" = $1[0m  [["verb_id", 819]]
11:09:13 web.1  |   [1m[36m (0.4ms)[0m  [1mSELECT COUNT(*) FROM "personal_connections"  WHERE "personal_connections"."verb_id" = $1[0m  [["verb_id", 300]]
11:09:13 web.1  |   [1m[35m (0.3ms)[0m  SELECT COUNT(*) FROM "personal_connections"  WHERE "personal_connections"."verb_id" = $1  [["verb_id", 885]]
11:09:13 web.1  |   [1m[35m (0.3ms)[0m  SELECT COUNT(*) FROM "personal_connections"  WHERE "personal_connections"."verb_id" = $1  [["verb_id", 1052]]
11:09:13 web.1  |   [1m[36m (0.3ms)[0m  [1mSELECT COUNT(*) FROM "personal_connections"  WHERE "personal_connections"."verb_id" = $1[0m  [["verb_id", 882]]
11:09:13 web.1  |   [1m[36m (1.9ms)[0m  [1mSELECT COUNT(*) FROM "personal_connections"  WHERE "personal_connections"."verb_id" = $1[0m  [["verb_id", 1097]]
11:09:13 web.1  |   [1m[35m (0.3ms)[0m  SELECT COUNT(*) FROM "personal_connections"  WHERE "personal_connections"."verb_id" = $1  [["verb_id", 220]]
11:09:13 web.1  |   [1m[35m (0.2ms)[0m  SELECT COUNT(*) FROM "personal_connections"  WHERE "personal_connections"."verb_id" = $1  [["verb_id", 574]]
11:09:13 web.1  |   [1m[36m (0.3ms)[0m  [1mSELECT COUNT(*) FROM "personal_connections"  WHERE "personal_connections"."verb_id" = $1[0m  [["verb_id", 766]]
11:09:13 web.1  |   [1m[36m (0.2ms)[0m  [1mSELECT COUNT(*) FROM "personal_connections"  WHERE "personal_connections"."verb_id" = $1[0m  [["verb_id", 1030]]
11:09:13 web.1  |   [1m[35m (0.3ms)[0m  SELECT COUNT(*) FROM "personal_connections"  WHERE "personal_connections"."verb_id" = $1  [["verb_id", 201]]
11:09:13 web.1  |   [1m[35m (0.5ms)[0m  SELECT COUNT(*) FROM "personal_connections"  WHERE "personal_connections"."verb_id" = $1  [["verb_id", 24]]
11:09:13 web.1  |   [1m[36m (0.3ms)[0m  [1mSELECT COUNT(*) FROM "personal_connections"  WHERE "personal_connections"."verb_id" = $1[0m  [["verb_id", 809]]
11:09:13 web.1  |   [1m[36m (0.5ms)[0m  [1mSELECT COUNT(*) FROM "personal_connections"  WHERE "personal_connections"."verb_id" = $1[0m  [["verb_id", 818]]
11:09:13 web.1  |   [1m[35m (0.3ms)[0m  SELECT COUNT(*) FROM "personal_connections"  WHERE "personal_connections"."verb_id" = $1  [["verb_id", 1420]]
11:09:13 web.1  |   [1m[35m (1.3ms)[0m  SELECT COUNT(*) FROM "personal_connections"  WHERE "personal_connections"."verb_id" = $1  [["verb_id", 887]]
11:09:13 web.1  |   [1m[36m (0.3ms)[0m  [1mSELECT COUNT(*) FROM "personal_connections"  WHERE "personal_connections"."verb_id" = $1[0m  [["verb_id", 1178]]
11:09:13 web.1  |   [1m[36m (0.5ms)[0m  [1mSELECT COUNT(*) FROM "personal_connections"  WHERE "personal_connections"."verb_id" = $1[0m  [["verb_id", 448]]
11:09:13 web.1  |   [1m[35m (0.3ms)[0m  SELECT COUNT(*) FROM "personal_connections"  WHERE "personal_connections"."verb_id" = $1  [["verb_id", 1287]]
11:09:13 web.1  |   [1m[35m (0.5ms)[0m  SELECT COUNT(*) FROM "personal_connections"  WHERE "personal_connections"."verb_id" = $1  [["verb_id", 1325]]
11:09:13 web.1  |   [1m[36m (0.4ms)[0m  [1mSELECT COUNT(*) FROM "personal_connections"  WHERE "personal_connections"."verb_id" = $1[0m  [["verb_id", 1496]]
11:09:13 web.1  |   [1m[36m (0.3ms)[0m  [1mSELECT COUNT(*) FROM "personal_connections"  WHERE "personal_connections"."verb_id" = $1[0m  [["verb_id", 1125]]
11:09:13 web.1  |   [1m[35m (0.3ms)[0m  SELECT COUNT(*) FROM "personal_connections"  WHERE "personal_connections"."verb_id" = $1  [["verb_id", 528]]
11:09:13 web.1  |   [1m[35m (1.8ms)[0m  SELECT COUNT(*) FROM "personal_connections"  WHERE "personal_connections"."verb_id" = $1  [["verb_id", 496]]
11:09:13 web.1  |   [1m[36m (0.3ms)[0m  [1mSELECT COUNT(*) FROM "personal_connections"  WHERE "personal_connections"."verb_id" = $1[0m  [["verb_id", 777]]
11:09:13 web.1  |   [1m[36m (0.5ms)[0m  [1mSELECT COUNT(*) FROM "personal_connections"  WHERE "personal_connections"."verb_id" = $1[0m  [["verb_id", 902]]
11:09:13 web.1  |   [1m[35m (0.3ms)[0m  SELECT COUNT(*) FROM "personal_connections"  WHERE "personal_connections"."verb_id" = $1  [["verb_id", 1099]]
11:09:13 web.1  |   [1m[35m (0.9ms)[0m  SELECT COUNT(*) FROM "personal_connections"  WHERE "personal_connections"."verb_id" = $1  [["verb_id", 1359]]
11:09:13 web.1  |   [1m[36m (0.3ms)[0m  [1mSELECT COUNT(*) FROM "personal_connections"  WHERE "personal_connections"."verb_id" = $1[0m  [["verb_id", 408]]
11:09:13 web.1  |   [1m[35m (0.2ms)[0m  SELECT COUNT(*) FROM "personal_connections"  WHERE "personal_connections"."verb_id" = $1  [["verb_id", 1389]]
11:09:13 web.1  |   [1m[36m (0.3ms)[0m  [1mSELECT COUNT(*) FROM "personal_connections"  WHERE "personal_connections"."verb_id" = $1[0m  [["verb_id", 522]]
11:09:13 web.1  |   [1m[36m (0.3ms)[0m  [1mSELECT COUNT(*) FROM "personal_connections"  WHERE "personal_connections"."verb_id" = $1[0m  [["verb_id", 602]]
11:09:13 web.1  |   [1m[35m (0.3ms)[0m  SELECT COUNT(*) FROM "personal_connections"  WHERE "personal_connections"."verb_id" = $1  [["verb_id", 848]]
11:09:13 web.1  |   [1m[35m (0.3ms)[0m  SELECT COUNT(*) FROM "personal_connections"  WHERE "personal_connections"."verb_id" = $1  [["verb_id", 250]]
11:09:13 web.1  |   [1m[36m (0.3ms)[0m  [1mSELECT COUNT(*) FROM "personal_connections"  WHERE "personal_connections"."verb_id" = $1[0m  [["verb_id", 1013]]
11:09:13 web.1  |   [1m[36m (0.3ms)[0m  [1mSELECT COUNT(*) FROM "personal_connections"  WHERE "personal_connections"."verb_id" = $1[0m  [["verb_id", 1005]]
11:09:13 web.1  |   [1m[35m (0.4ms)[0m  SELECT COUNT(*) FROM "personal_connections"  WHERE "personal_connections"."verb_id" = $1  [["verb_id", 1273]]
11:09:13 web.1  |   [1m[35m (0.3ms)[0m  SELECT COUNT(*) FROM "personal_connections"  WHERE "personal_connections"."verb_id" = $1  [["verb_id", 1381]]
11:09:13 web.1  |   [1m[36m (0.2ms)[0m  [1mSELECT COUNT(*) FROM "personal_connections"  WHERE "personal_connections"."verb_id" = $1[0m  [["verb_id", 1272]]
11:09:13 web.1  |   [1m[35m (0.3ms)[0m  SELECT COUNT(*) FROM "personal_connections"  WHERE "personal_connections"."verb_id" = $1  [["verb_id", 460]]
11:09:13 web.1  |   [1m[36m (0.2ms)[0m  [1mSELECT COUNT(*) FROM "personal_connections"  WHERE "personal_connections"."verb_id" = $1[0m  [["verb_id", 701]]
11:09:13 web.1  |   [1m[35m (0.3ms)[0m  SELECT COUNT(*) FROM "personal_connections"  WHERE "personal_connections"."verb_id" = $1  [["verb_id", 1234]]
11:09:13 web.1  |   [1m[36m (0.3ms)[0m  [1mSELECT COUNT(*) FROM "personal_connections"  WHERE "personal_connections"."verb_id" = $1[0m  [["verb_id", 486]]
11:09:13 web.1  |   [1m[36m (0.3ms)[0m  [1mSELECT COUNT(*) FROM "personal_connections"  WHERE "personal_connections"."verb_id" = $1[0m  [["verb_id", 1336]]
11:09:13 web.1  |   [1m[35m (0.3ms)[0m  SELECT COUNT(*) FROM "personal_connections"  WHERE "personal_connections"."verb_id" = $1  [["verb_id", 986]]
11:09:13 web.1  |   [1m[35m (0.3ms)[0m  SELECT COUNT(*) FROM "personal_connections"  WHERE "personal_connections"."verb_id" = $1  [["verb_id", 874]]
11:09:13 web.1  |   [1m[36m (0.3ms)[0m  [1mSELECT COUNT(*) FROM "personal_connections"  WHERE "personal_connections"."verb_id" = $1[0m  [["verb_id", 915]]
11:09:13 web.1  |   [1m[36m (0.4ms)[0m  [1mSELECT COUNT(*) FROM "personal_connections"  WHERE "personal_connections"."verb_id" = $1[0m  [["verb_id", 934]]
11:09:13 web.1  |   [1m[35m (0.3ms)[0m  SELECT COUNT(*) FROM "personal_connections"  WHERE "personal_connections"."verb_id" = $1  [["verb_id", 1504]]
11:09:13 web.1  |   [1m[35m (0.3ms)[0m  SELECT COUNT(*) FROM "personal_connections"  WHERE "personal_connections"."verb_id" = $1  [["verb_id", 1576]]
11:09:13 web.1  |   [1m[36m (0.3ms)[0m  [1mSELECT COUNT(*) FROM "personal_connections"  WHERE "personal_connections"."verb_id" = $1[0m  [["verb_id", 751]]
11:09:13 web.1  |   [1m[36m (0.3ms)[0m  [1mSELECT COUNT(*) FROM "personal_connections"  WHERE "personal_connections"."verb_id" = $1[0m  [["verb_id", 340]]
11:09:13 web.1  |   [1m[35m (0.4ms)[0m  SELECT COUNT(*) FROM "personal_connections"  WHERE "personal_connections"."verb_id" = $1  [["verb_id", 540]]
11:09:13 web.1  |   [1m[35m (0.3ms)[0m  SELECT COUNT(*) FROM "personal_connections"  WHERE "personal_connections"."verb_id" = $1  [["verb_id", 224]]
11:09:13 web.1  |   [1m[36m (0.3ms)[0m  [1mSELECT COUNT(*) FROM "personal_connections"  WHERE "personal_connections"."verb_id" = $1[0m  [["verb_id", 1375]]
11:09:13 web.1  |   [1m[36m (0.8ms)[0m  [1mSELECT COUNT(*) FROM "personal_connections"  WHERE "personal_connections"."verb_id" = $1[0m  [["verb_id", 652]]
11:09:13 web.1  |   [1m[35m (0.3ms)[0m  SELECT COUNT(*) FROM "personal_connections"  WHERE "personal_connections"."verb_id" = $1  [["verb_id", 436]]
11:09:13 web.1  |   [1m[35m (0.3ms)[0m  SELECT COUNT(*) FROM "personal_connections"  WHERE "personal_connections"."verb_id" = $1  [["verb_id", 1197]]
11:09:13 web.1  |   [1m[36m (0.3ms)[0m  [1mSELECT COUNT(*) FROM "personal_connections"  WHERE "personal_connections"."verb_id" = $1[0m  [["verb_id", 642]]
11:09:13 web.1  |   [1m[36m (0.3ms)[0m  [1mSELECT COUNT(*) FROM "personal_connections"  WHERE "personal_connections"."verb_id" = $1[0m  [["verb_id", 266]]
11:09:13 web.1  |   [1m[35m (0.3ms)[0m  SELECT COUNT(*) FROM "personal_connections"  WHERE "personal_connections"."verb_id" = $1  [["verb_id", 1303]]
11:09:13 web.1  |   [1m[35m (0.3ms)[0m  SELECT COUNT(*) FROM "personal_connections"  WHERE "personal_connections"."verb_id" = $1  [["verb_id", 1446]]
11:09:13 web.1  |   [1m[36m (0.3ms)[0m  [1mSELECT COUNT(*) FROM "personal_connections"  WHERE "personal_connections"."verb_id" = $1[0m  [["verb_id", 1388]]
11:09:13 web.1  |   [1m[35m (0.3ms)[0m  SELECT COUNT(*) FROM "personal_connections"  WHERE "personal_connections"."verb_id" = $1  [["verb_id", 1285]]
11:09:13 web.1  |   [1m[36m (0.3ms)[0m  [1mSELECT COUNT(*) FROM "personal_connections"  WHERE "personal_connections"."verb_id" = $1[0m  [["verb_id", 1082]]
11:09:13 web.1  |   [1m[36m (0.6ms)[0m  [1mSELECT COUNT(*) FROM "personal_connections"  WHERE "personal_connections"."verb_id" = $1[0m  [["verb_id", 1376]]
11:09:13 web.1  |   [1m[35m (0.4ms)[0m  SELECT COUNT(*) FROM "personal_connections"  WHERE "personal_connections"."verb_id" = $1  [["verb_id", 1355]]
11:09:13 web.1  |   [1m[35m (0.6ms)[0m  SELECT COUNT(*) FROM "personal_connections"  WHERE "personal_connections"."verb_id" = $1  [["verb_id", 1305]]
11:09:13 web.1  |   [1m[36m (0.3ms)[0m  [1mSELECT COUNT(*) FROM "personal_connections"  WHERE "personal_connections"."verb_id" = $1[0m  [["verb_id", 1307]]
11:09:13 web.1  |   [1m[35m (0.3ms)[0m  SELECT COUNT(*) FROM "personal_connections"  WHERE "personal_connections"."verb_id" = $1  [["verb_id", 1115]]
11:09:13 web.1  |   [1m[36m (0.3ms)[0m  [1mSELECT COUNT(*) FROM "personal_connections"  WHERE "personal_connections"."verb_id" = $1[0m  [["verb_id", 1304]]
11:09:13 web.1  |   [1m[36m (0.3ms)[0m  [1mSELECT COUNT(*) FROM "personal_connections"  WHERE "personal_connections"."verb_id" = $1[0m  [["verb_id", 1547]]
11:09:13 web.1  |   [1m[35m (0.3ms)[0m  SELECT COUNT(*) FROM "personal_connections"  WHERE "personal_connections"."verb_id" = $1  [["verb_id", 458]]
11:09:13 web.1  |   [1m[35m (0.2ms)[0m  SELECT COUNT(*) FROM "personal_connections"  WHERE "personal_connections"."verb_id" = $1  [["verb_id", 262]]
11:09:13 web.1  |   [1m[36m (0.4ms)[0m  [1mSELECT COUNT(*) FROM "personal_connections"  WHERE "personal_connections"."verb_id" = $1[0m  [["verb_id", 28]]
11:09:13 web.1  |   [1m[36m (0.6ms)[0m  [1mSELECT COUNT(*) FROM "personal_connections"  WHERE "personal_connections"."verb_id" = $1[0m  [["verb_id", 954]]
11:09:13 web.1  |   [1m[35m (0.4ms)[0m  SELECT COUNT(*) FROM "personal_connections"  WHERE "personal_connections"."verb_id" = $1  [["verb_id", 1088]]
11:09:13 web.1  |   [1m[35m (0.3ms)[0m  SELECT COUNT(*) FROM "personal_connections"  WHERE "personal_connections"."verb_id" = $1  [["verb_id", 400]]
11:09:13 web.1  |   [1m[36m (0.3ms)[0m  [1mSELECT COUNT(*) FROM "personal_connections"  WHERE "personal_connections"."verb_id" = $1[0m  [["verb_id", 1069]]
11:09:13 web.1  |   [1m[36m (0.9ms)[0m  [1mSELECT COUNT(*) FROM "personal_connections"  WHERE "personal_connections"."verb_id" = $1[0m  [["verb_id", 73]]
11:09:13 web.1  |   [1m[35m (0.3ms)[0m  SELECT COUNT(*) FROM "personal_connections"  WHERE "personal_connections"."verb_id" = $1  [["verb_id", 1510]]
11:09:13 web.1  |   [1m[35m (0.3ms)[0m  SELECT COUNT(*) FROM "personal_connections"  WHERE "personal_connections"."verb_id" = $1  [["verb_id", 1569]]
11:09:13 web.1  |   [1m[36m (0.3ms)[0m  [1mSELECT COUNT(*) FROM "personal_connections"  WHERE "personal_connections"."verb_id" = $1[0m  [["verb_id", 685]]
11:09:13 web.1  |   [1m[36m (0.6ms)[0m  [1mSELECT COUNT(*) FROM "personal_connections"  WHERE "personal_connections"."verb_id" = $1[0m  [["verb_id", 1077]]
11:09:13 web.1  |   [1m[35m (0.2ms)[0m  SELECT COUNT(*) FROM "personal_connections"  WHERE "personal_connections"."verb_id" = $1  [["verb_id", 1289]]
11:09:13 web.1  |   [1m[36m (0.3ms)[0m  [1mSELECT COUNT(*) FROM "personal_connections"  WHERE "personal_connections"."verb_id" = $1[0m  [["verb_id", 965]]
11:09:13 web.1  |   [1m[35m (0.4ms)[0m  SELECT COUNT(*) FROM "personal_connections"  WHERE "personal_connections"."verb_id" = $1  [["verb_id", 1468]]
11:09:13 web.1  |   [1m[35m (0.3ms)[0m  SELECT COUNT(*) FROM "personal_connections"  WHERE "personal_connections"."verb_id" = $1  [["verb_id", 876]]
11:09:13 web.1  |   [1m[36m (0.3ms)[0m  [1mSELECT COUNT(*) FROM "personal_connections"  WHERE "personal_connections"."verb_id" = $1[0m  [["verb_id", 1542]]
11:09:13 web.1  |   [1m[36m (0.3ms)[0m  [1mSELECT COUNT(*) FROM "personal_connections"  WHERE "personal_connections"."verb_id" = $1[0m  [["verb_id", 1122]]
11:09:13 web.1  |   [1m[35m (0.4ms)[0m  SELECT COUNT(*) FROM "personal_connections"  WHERE "personal_connections"."verb_id" = $1  [["verb_id", 819]]
11:09:13 web.1  |   [1m[35m (0.2ms)[0m  SELECT COUNT(*) FROM "personal_connections"  WHERE "personal_connections"."verb_id" = $1  [["verb_id", 732]]
11:09:13 web.1  |   [1m[36m (0.4ms)[0m  [1mSELECT COUNT(*) FROM "personal_connections"  WHERE "personal_connections"."verb_id" = $1[0m  [["verb_id", 6]]
11:09:13 web.1  |   [1m[36m (0.5ms)[0m  [1mSELECT COUNT(*) FROM "personal_connections"  WHERE "personal_connections"."verb_id" = $1[0m  [["verb_id", 1052]]
11:09:13 web.1  |   [1m[35m (0.2ms)[0m  SELECT COUNT(*) FROM "personal_connections"  WHERE "personal_connections"."verb_id" = $1  [["verb_id", 882]]
11:09:13 web.1  |   [1m[35m (0.3ms)[0m  SELECT COUNT(*) FROM "personal_connections"  WHERE "personal_connections"."verb_id" = $1  [["verb_id", 1403]]
11:09:13 web.1  |   [1m[36m (0.3ms)[0m  [1mSELECT COUNT(*) FROM "personal_connections"  WHERE "personal_connections"."verb_id" = $1[0m  [["verb_id", 220]]
11:09:13 web.1  |   [1m[36m (0.3ms)[0m  [1mSELECT COUNT(*) FROM "personal_connections"  WHERE "personal_connections"."verb_id" = $1[0m  [["verb_id", 953]]
11:09:13 web.1  |   [1m[35m (0.3ms)[0m  SELECT COUNT(*) FROM "personal_connections"  WHERE "personal_connections"."verb_id" = $1  [["verb_id", 766]]
11:09:13 web.1  |   [1m[35m (0.3ms)[0m  SELECT COUNT(*) FROM "personal_connections"  WHERE "personal_connections"."verb_id" = $1  [["verb_id", 1317]]
11:09:13 web.1  |   [1m[36m (0.4ms)[0m  [1mSELECT COUNT(*) FROM "personal_connections"  WHERE "personal_connections"."verb_id" = $1[0m  [["verb_id", 638]]
11:09:13 web.1  |   [1m[35m (0.4ms)[0m  SELECT COUNT(*) FROM "personal_connections"  WHERE "personal_connections"."verb_id" = $1  [["verb_id", 532]]
11:09:13 web.1  |   [1m[36m (0.4ms)[0m  [1mSELECT COUNT(*) FROM "personal_connections"  WHERE "personal_connections"."verb_id" = $1[0m  [["verb_id", 992]]
11:09:13 web.1  |   [1m[35m (0.4ms)[0m  SELECT COUNT(*) FROM "personal_connections"  WHERE "personal_connections"."verb_id" = $1  [["verb_id", 855]]
11:09:13 web.1  |   [1m[36m (30.5ms)[0m  [1mSELECT COUNT(*) FROM "personal_connections"  WHERE "personal_connections"."verb_id" = $1[0m  [["verb_id", 201]]
11:09:13 web.1  |   [1m[36m (0.4ms)[0m  [1mSELECT COUNT(*) FROM "personal_connections"  WHERE "personal_connections"."verb_id" = $1[0m  [["verb_id", 1209]]
11:09:13 web.1  |   [1m[35m (0.5ms)[0m  SELECT COUNT(*) FROM "personal_connections"  WHERE "personal_connections"."verb_id" = $1  [["verb_id", 1137]]
11:09:13 web.1  |   [1m[36m (0.4ms)[0m  [1mSELECT COUNT(*) FROM "personal_connections"  WHERE "personal_connections"."verb_id" = $1[0m  [["verb_id", 1066]]
11:09:13 web.1  |   [1m[35m (0.7ms)[0m  SELECT COUNT(*) FROM "personal_connections"  WHERE "personal_connections"."verb_id" = $1  [["verb_id", 1439]]
11:09:13 web.1  |   [1m[36m (0.5ms)[0m  [1mSELECT COUNT(*) FROM "personal_connections"  WHERE "personal_connections"."verb_id" = $1[0m  [["verb_id", 1171]]
11:09:13 web.1  |   [1m[35m (0.4ms)[0m  SELECT COUNT(*) FROM "personal_connections"  WHERE "personal_connections"."verb_id" = $1  [["verb_id", 1449]]
11:09:13 web.1  |   [1m[36m (0.5ms)[0m  [1mSELECT COUNT(*) FROM "personal_connections"  WHERE "personal_connections"."verb_id" = $1[0m  [["verb_id", 1000]]
11:09:13 web.1  |   [1m[35m (0.4ms)[0m  SELECT COUNT(*) FROM "personal_connections"  WHERE "personal_connections"."verb_id" = $1  [["verb_id", 839]]
11:09:13 web.1  |   [1m[36m (0.4ms)[0m  [1mSELECT COUNT(*) FROM "personal_connections"  WHERE "personal_connections"."verb_id" = $1[0m  [["verb_id", 970]]
11:09:13 web.1  |   [1m[35m (0.4ms)[0m  SELECT COUNT(*) FROM "personal_connections"  WHERE "personal_connections"."verb_id" = $1  [["verb_id", 824]]
11:09:13 web.1  |   [1m[36m (0.4ms)[0m  [1mSELECT COUNT(*) FROM "personal_connections"  WHERE "personal_connections"."verb_id" = $1[0m  [["verb_id", 763]]
11:09:13 web.1  |   [1m[35m (0.4ms)[0m  SELECT COUNT(*) FROM "personal_connections"  WHERE "personal_connections"."verb_id" = $1  [["verb_id", 1199]]
11:09:13 web.1  |   [1m[35m (65.6ms)[0m  SELECT COUNT(*) FROM "personal_connections"  WHERE "personal_connections"."verb_id" = $1  [["verb_id", 809]]
11:09:13 web.1  |   [1m[36m (0.3ms)[0m  [1mSELECT COUNT(*) FROM "personal_connections"  WHERE "personal_connections"."verb_id" = $1[0m  [["verb_id", 1420]]
11:09:14 web.1  |   [1m[35m (0.3ms)[0m  SELECT COUNT(*) FROM "personal_connections"  WHERE "personal_connections"."verb_id" = $1  [["verb_id", 1178]]
11:09:14 web.1  |   [1m[36m (0.3ms)[0m  [1mSELECT COUNT(*) FROM "personal_connections"  WHERE "personal_connections"."verb_id" = $1[0m  [["verb_id", 1287]]
11:09:14 web.1  |   [1m[35m (0.3ms)[0m  SELECT COUNT(*) FROM "personal_connections"  WHERE "personal_connections"."verb_id" = $1  [["verb_id", 1496]]
11:09:14 web.1  |   [1m[36m (32.2ms)[0m  [1mSELECT COUNT(*) FROM "personal_connections"  WHERE "personal_connections"."verb_id" = $1[0m  [["verb_id", 671]]
11:09:14 web.1  |   [1m[36m (0.3ms)[0m  [1mSELECT COUNT(*) FROM "personal_connections"  WHERE "personal_connections"."verb_id" = $1[0m  [["verb_id", 528]]
11:09:14 web.1  |   [1m[35m (0.3ms)[0m  SELECT COUNT(*) FROM "personal_connections"  WHERE "personal_connections"."verb_id" = $1  [["verb_id", 777]]
11:09:14 web.1  |   [1m[36m (0.3ms)[0m  [1mSELECT COUNT(*) FROM "personal_connections"  WHERE "personal_connections"."verb_id" = $1[0m  [["verb_id", 1099]]
11:09:14 web.1  |   [1m[35m (0.4ms)[0m  SELECT COUNT(*) FROM "personal_connections"  WHERE "personal_connections"."verb_id" = $1  [["verb_id", 408]]
11:09:14 web.1  |   [1m[35m (31.0ms)[0m  SELECT COUNT(*) FROM "personal_connections"  WHERE "personal_connections"."verb_id" = $1  [["verb_id", 808]]
11:09:14 web.1  |   [1m[36m (12.4ms)[0m  [1mSELECT COUNT(*) FROM "personal_connections"  WHERE "personal_connections"."verb_id" = $1[0m  [["verb_id", 1465]]
11:09:14 web.1  |   [1m[36m (0.3ms)[0m  [1mSELECT COUNT(*) FROM "personal_connections"  WHERE "personal_connections"."verb_id" = $1[0m  [["verb_id", 1389]]
11:09:14 web.1  |   [1m[35m (12.8ms)[0m  SELECT COUNT(*) FROM "personal_connections"  WHERE "personal_connections"."verb_id" = $1  [["verb_id", 470]]
11:09:14 web.1  |   [1m[35m (0.3ms)[0m  SELECT COUNT(*) FROM "personal_connections"  WHERE "personal_connections"."verb_id" = $1  [["verb_id", 602]]
11:09:14 web.1  |   [1m[36m (0.3ms)[0m  [1mSELECT COUNT(*) FROM "personal_connections"  WHERE "personal_connections"."verb_id" = $1[0m  [["verb_id", 250]]
11:09:14 web.1  |   [1m[36m (11.6ms)[0m  [1mSELECT COUNT(*) FROM "personal_connections"  WHERE "personal_connections"."verb_id" = $1[0m  [["verb_id", 981]]
11:09:14 web.1  |   [1m[35m (0.3ms)[0m  SELECT COUNT(*) FROM "personal_connections"  WHERE "personal_connections"."verb_id" = $1  [["verb_id", 1005]]
11:09:14 web.1  |   [1m[35m (0.4ms)[0m  SELECT COUNT(*) FROM "personal_connections"  WHERE "personal_connections"."verb_id" = $1  [["verb_id", 880]]
11:09:14 web.1  |   [1m[36m (0.3ms)[0m  [1mSELECT COUNT(*) FROM "personal_connections"  WHERE "personal_connections"."verb_id" = $1[0m  [["verb_id", 1273]]
11:09:14 web.1  |   [1m[36m (0.2ms)[0m  [1mSELECT COUNT(*) FROM "personal_connections"  WHERE "personal_connections"."verb_id" = $1[0m  [["verb_id", 1050]]
11:09:14 web.1  |   [1m[35m (0.4ms)[0m  SELECT COUNT(*) FROM "personal_connections"  WHERE "personal_connections"."verb_id" = $1  [["verb_id", 980]]
11:09:14 web.1  |   [1m[35m (0.8ms)[0m  SELECT COUNT(*) FROM "personal_connections"  WHERE "personal_connections"."verb_id" = $1  [["verb_id", 1272]]
11:09:14 web.1  |   [1m[36m (0.3ms)[0m  [1mSELECT COUNT(*) FROM "personal_connections"  WHERE "personal_connections"."verb_id" = $1[0m  [["verb_id", 1010]]
11:09:14 web.1  |   [1m[35m (0.7ms)[0m  SELECT COUNT(*) FROM "personal_connections"  WHERE "personal_connections"."verb_id" = $1  [["verb_id", 492]]
11:09:14 web.1  |   [1m[36m (0.3ms)[0m  [1mSELECT COUNT(*) FROM "personal_connections"  WHERE "personal_connections"."verb_id" = $1[0m  [["verb_id", 460]]
11:09:14 web.1  |   [1m[35m (0.3ms)[0m  SELECT COUNT(*) FROM "personal_connections"  WHERE "personal_connections"."verb_id" = $1  [["verb_id", 1336]]
11:09:14 web.1  |   [1m[36m (0.3ms)[0m  [1mSELECT COUNT(*) FROM "personal_connections"  WHERE "personal_connections"."verb_id" = $1[0m  [["verb_id", 1556]]
11:09:14 web.1  |   [1m[36m (0.3ms)[0m  [1mSELECT COUNT(*) FROM "personal_connections"  WHERE "personal_connections"."verb_id" = $1[0m  [["verb_id", 874]]
11:09:14 web.1  |   [1m[35m (0.3ms)[0m  SELECT COUNT(*) FROM "personal_connections"  WHERE "personal_connections"."verb_id" = $1  [["verb_id", 934]]
11:09:14 web.1  |   [1m[35m (0.3ms)[0m  SELECT COUNT(*) FROM "personal_connections"  WHERE "personal_connections"."verb_id" = $1  [["verb_id", 744]]
11:09:14 web.1  |   [1m[36m (0.3ms)[0m  [1mSELECT COUNT(*) FROM "personal_connections"  WHERE "personal_connections"."verb_id" = $1[0m  [["verb_id", 1509]]
11:09:14 web.1  |   [1m[36m (0.3ms)[0m  [1mSELECT COUNT(*) FROM "personal_connections"  WHERE "personal_connections"."verb_id" = $1[0m  [["verb_id", 1576]]
11:09:14 web.1  |   [1m[35m (0.3ms)[0m  SELECT COUNT(*) FROM "personal_connections"  WHERE "personal_connections"."verb_id" = $1  [["verb_id", 1218]]
11:09:14 web.1  |   [1m[35m (0.3ms)[0m  SELECT COUNT(*) FROM "personal_connections"  WHERE "personal_connections"."verb_id" = $1  [["verb_id", 340]]
11:09:14 web.1  |   [1m[36m (0.8ms)[0m  [1mSELECT COUNT(*) FROM "personal_connections"  WHERE "personal_connections"."verb_id" = $1[0m  [["verb_id", 1490]]
11:09:14 web.1  |   [1m[36m (0.3ms)[0m  [1mSELECT COUNT(*) FROM "personal_connections"  WHERE "personal_connections"."verb_id" = $1[0m  [["verb_id", 224]]
11:09:14 web.1  |   [1m[35m (0.3ms)[0m  SELECT COUNT(*) FROM "personal_connections"  WHERE "personal_connections"."verb_id" = $1  [["verb_id", 1318]]
11:09:14 web.1  |   [1m[35m (0.3ms)[0m  SELECT COUNT(*) FROM "personal_connections"  WHERE "personal_connections"."verb_id" = $1  [["verb_id", 1375]]
11:09:14 web.1  |   [1m[36m (0.3ms)[0m  [1mSELECT COUNT(*) FROM "personal_connections"  WHERE "personal_connections"."verb_id" = $1[0m  [["verb_id", 708]]
11:09:14 web.1  |   [1m[36m (0.8ms)[0m  [1mSELECT COUNT(*) FROM "personal_connections"  WHERE "personal_connections"."verb_id" = $1[0m  [["verb_id", 436]]
11:09:14 web.1  |   [1m[35m (0.3ms)[0m  SELECT COUNT(*) FROM "personal_connections"  WHERE "personal_connections"."verb_id" = $1  [["verb_id", 1195]]
11:09:14 web.1  |   [1m[36m (0.3ms)[0m  [1mSELECT COUNT(*) FROM "personal_connections"  WHERE "personal_connections"."verb_id" = $1[0m  [["verb_id", 1335]]
11:09:14 web.1  |   [1m[35m (0.3ms)[0m  SELECT COUNT(*) FROM "personal_connections"  WHERE "personal_connections"."verb_id" = $1  [["verb_id", 1206]]
11:09:14 web.1  |   [1m[36m (0.3ms)[0m  [1mSELECT COUNT(*) FROM "personal_connections"  WHERE "personal_connections"."verb_id" = $1[0m  [["verb_id", 713]]
11:09:14 web.1  |   [1m[35m (0.3ms)[0m  SELECT COUNT(*) FROM "personal_connections"  WHERE "personal_connections"."verb_id" = $1  [["verb_id", 871]]
11:09:14 web.1  |   [1m[36m (0.5ms)[0m  [1mSELECT COUNT(*) FROM "personal_connections"  WHERE "personal_connections"."verb_id" = $1[0m  [["verb_id", 604]]
11:09:14 web.1  |   [1m[35m (0.3ms)[0m  SELECT COUNT(*) FROM "personal_connections"  WHERE "personal_connections"."verb_id" = $1  [["verb_id", 707]]
11:09:14 web.1  |   [1m[36m (0.3ms)[0m  [1mSELECT COUNT(*) FROM "personal_connections"  WHERE "personal_connections"."verb_id" = $1[0m  [["verb_id", 825]]
11:09:14 web.1  |   [1m[35m (0.3ms)[0m  SELECT COUNT(*) FROM "personal_connections"  WHERE "personal_connections"."verb_id" = $1  [["verb_id", 1343]]
11:09:14 web.1  |   [1m[36m (0.3ms)[0m  [1mSELECT COUNT(*) FROM "personal_connections"  WHERE "personal_connections"."verb_id" = $1[0m  [["verb_id", 332]]
11:09:14 web.1  |   [1m[35m (0.3ms)[0m  SELECT COUNT(*) FROM "personal_connections"  WHERE "personal_connections"."verb_id" = $1  [["verb_id", 380]]
11:09:14 web.1  |   [1m[36m (0.3ms)[0m  [1mSELECT COUNT(*) FROM "personal_connections"  WHERE "personal_connections"."verb_id" = $1[0m  [["verb_id", 1434]]
11:09:14 web.1  |   [1m[35m (0.3ms)[0m  SELECT COUNT(*) FROM "personal_connections"  WHERE "personal_connections"."verb_id" = $1  [["verb_id", 1466]]
11:09:14 web.1  |   [1m[36m (0.3ms)[0m  [1mSELECT COUNT(*) FROM "personal_connections"  WHERE "personal_connections"."verb_id" = $1[0m  [["verb_id", 608]]
11:09:14 web.1  |   [1m[35m (0.3ms)[0m  SELECT COUNT(*) FROM "personal_connections"  WHERE "personal_connections"."verb_id" = $1  [["verb_id", 600]]
11:09:14 web.1  |   [1m[35m (0.4ms)[0m  SELECT COUNT(*) FROM "personal_connections"  WHERE "personal_connections"."verb_id" = $1  [["verb_id", 642]]
11:09:14 web.1  |   [1m[36m (0.3ms)[0m  [1mSELECT COUNT(*) FROM "personal_connections"  WHERE "personal_connections"."verb_id" = $1[0m  [["verb_id", 1303]]
11:09:14 web.1  |   [1m[35m (0.3ms)[0m  SELECT COUNT(*) FROM "personal_connections"  WHERE "personal_connections"."verb_id" = $1  [["verb_id", 1388]]
11:09:14 web.1  |   [1m[36m (0.3ms)[0m  [1mSELECT COUNT(*) FROM "personal_connections"  WHERE "personal_connections"."verb_id" = $1[0m  [["verb_id", 1285]]
11:09:14 web.1  |   [1m[35m (0.3ms)[0m  SELECT COUNT(*) FROM "personal_connections"  WHERE "personal_connections"."verb_id" = $1  [["verb_id", 1376]]
11:09:14 web.1  |   [1m[36m (0.3ms)[0m  [1mSELECT COUNT(*) FROM "personal_connections"  WHERE "personal_connections"."verb_id" = $1[0m  [["verb_id", 1355]]
11:09:14 web.1  |   [1m[35m (0.3ms)[0m  SELECT COUNT(*) FROM "personal_connections"  WHERE "personal_connections"."verb_id" = $1  [["verb_id", 1307]]
11:09:14 web.1  |   [1m[36m (0.3ms)[0m  [1mSELECT COUNT(*) FROM "personal_connections"  WHERE "personal_connections"."verb_id" = $1[0m  [["verb_id", 1115]]
11:09:14 web.1  |   [1m[35m (0.3ms)[0m  SELECT COUNT(*) FROM "personal_connections"  WHERE "personal_connections"."verb_id" = $1  [["verb_id", 1547]]
11:09:14 web.1  |   [1m[36m (0.3ms)[0m  [1mSELECT COUNT(*) FROM "personal_connections"  WHERE "personal_connections"."verb_id" = $1[0m  [["verb_id", 458]]
11:09:14 web.1  |   [1m[35m (0.3ms)[0m  SELECT COUNT(*) FROM "personal_connections"  WHERE "personal_connections"."verb_id" = $1  [["verb_id", 28]]
11:09:14 web.1  |   [1m[36m (0.3ms)[0m  [1mSELECT COUNT(*) FROM "personal_connections"  WHERE "personal_connections"."verb_id" = $1[0m  [["verb_id", 1088]]
11:09:14 web.1  |   [1m[35m (0.3ms)[0m  SELECT COUNT(*) FROM "personal_connections"  WHERE "personal_connections"."verb_id" = $1  [["verb_id", 1069]]
11:09:14 web.1  |   [1m[36m (0.3ms)[0m  [1mSELECT COUNT(*) FROM "personal_connections"  WHERE "personal_connections"."verb_id" = $1[0m  [["verb_id", 1510]]
11:09:14 web.1  |   [1m[35m (0.3ms)[0m  SELECT COUNT(*) FROM "personal_connections"  WHERE "personal_connections"."verb_id" = $1  [["verb_id", 685]]
11:09:14 web.1  |   [1m[36m (0.3ms)[0m  [1mSELECT COUNT(*) FROM "personal_connections"  WHERE "personal_connections"."verb_id" = $1[0m  [["verb_id", 1289]]
11:09:14 web.1  |   [1m[35m (0.6ms)[0m  SELECT COUNT(*) FROM "personal_connections"  WHERE "personal_connections"."verb_id" = $1  [["verb_id", 965]]
11:09:14 web.1  |   [1m[36m (0.3ms)[0m  [1mSELECT COUNT(*) FROM "personal_connections"  WHERE "personal_connections"."verb_id" = $1[0m  [["verb_id", 876]]
11:09:14 web.1  |   [1m[35m (0.3ms)[0m  SELECT COUNT(*) FROM "personal_connections"  WHERE "personal_connections"."verb_id" = $1  [["verb_id", 1122]]
11:09:14 web.1  |   [1m[36m (0.3ms)[0m  [1mSELECT COUNT(*) FROM "personal_connections"  WHERE "personal_connections"."verb_id" = $1[0m  [["verb_id", 732]]
11:09:14 web.1  |   [1m[36m (39.9ms)[0m  [1mSELECT COUNT(*) FROM "personal_connections"  WHERE "personal_connections"."verb_id" = $1[0m  [["verb_id", 1035]]
11:09:14 web.1  |   [1m[35m (0.3ms)[0m  SELECT COUNT(*) FROM "personal_connections"  WHERE "personal_connections"."verb_id" = $1  [["verb_id", 656]]
11:09:14 web.1  |   [1m[36m (0.3ms)[0m  [1mSELECT COUNT(*) FROM "personal_connections"  WHERE "personal_connections"."verb_id" = $1[0m  [["verb_id", 910]]
11:09:14 web.1  |   [1m[35m (0.3ms)[0m  SELECT COUNT(*) FROM "personal_connections"  WHERE "personal_connections"."verb_id" = $1  [["verb_id", 360]]
11:09:14 web.1  |   [1m[36m (0.3ms)[0m  [1mSELECT COUNT(*) FROM "personal_connections"  WHERE "personal_connections"."verb_id" = $1[0m  [["verb_id", 1256]]
11:09:14 web.1  |   [1m[35m (0.3ms)[0m  SELECT COUNT(*) FROM "personal_connections"  WHERE "personal_connections"."verb_id" = $1  [["verb_id", 897]]
11:09:14 web.1  |   [1m[36m (0.3ms)[0m  [1mSELECT COUNT(*) FROM "personal_connections"  WHERE "personal_connections"."verb_id" = $1[0m  [["verb_id", 324]]
11:09:14 web.1  |   [1m[35m (0.3ms)[0m  SELECT COUNT(*) FROM "personal_connections"  WHERE "personal_connections"."verb_id" = $1  [["verb_id", 330]]
11:09:14 web.1  |   [1m[36m (0.3ms)[0m  [1mSELECT COUNT(*) FROM "personal_connections"  WHERE "personal_connections"."verb_id" = $1[0m  [["verb_id", 386]]
11:09:14 web.1  |   [1m[35m (0.3ms)[0m  SELECT COUNT(*) FROM "personal_connections"  WHERE "personal_connections"."verb_id" = $1  [["verb_id", 1183]]
11:09:14 web.1  |   [1m[36m (0.3ms)[0m  [1mSELECT COUNT(*) FROM "personal_connections"  WHERE "personal_connections"."verb_id" = $1[0m  [["verb_id", 811]]
11:09:14 web.1  |   [1m[35m (0.3ms)[0m  SELECT COUNT(*) FROM "personal_connections"  WHERE "personal_connections"."verb_id" = $1  [["verb_id", 350]]
11:09:14 web.1  |   [1m[36m (0.3ms)[0m  [1mSELECT COUNT(*) FROM "personal_connections"  WHERE "personal_connections"."verb_id" = $1[0m  [["verb_id", 1480]]
11:09:14 web.1  |   [1m[35m (0.3ms)[0m  SELECT COUNT(*) FROM "personal_connections"  WHERE "personal_connections"."verb_id" = $1  [["verb_id", 368]]
11:09:14 web.1  |   [1m[36m (0.3ms)[0m  [1mSELECT COUNT(*) FROM "personal_connections"  WHERE "personal_connections"."verb_id" = $1[0m  [["verb_id", 366]]
11:09:14 web.1  |   [1m[35m (0.3ms)[0m  SELECT COUNT(*) FROM "personal_connections"  WHERE "personal_connections"."verb_id" = $1  [["verb_id", 344]]
11:09:14 web.1  |   [1m[36m (0.3ms)[0m  [1mSELECT COUNT(*) FROM "personal_connections"  WHERE "personal_connections"."verb_id" = $1[0m  [["verb_id", 1204]]
11:09:14 web.1  |   [1m[35m (0.3ms)[0m  SELECT COUNT(*) FROM "personal_connections"  WHERE "personal_connections"."verb_id" = $1  [["verb_id", 1070]]
11:09:14 web.1  |   [1m[36m (0.3ms)[0m  [1mSELECT COUNT(*) FROM "personal_connections"  WHERE "personal_connections"."verb_id" = $1[0m  [["verb_id", 996]]
11:09:14 web.1  |   [1m[35m (0.3ms)[0m  SELECT COUNT(*) FROM "personal_connections"  WHERE "personal_connections"."verb_id" = $1  [["verb_id", 1409]]
11:09:14 web.1  |   [1m[35m (0.3ms)[0m  SELECT COUNT(*) FROM "personal_connections"  WHERE "personal_connections"."verb_id" = $1  [["verb_id", 6]]
11:09:14 web.1  |   [1m[36m (0.4ms)[0m  [1mSELECT COUNT(*) FROM "personal_connections"  WHERE "personal_connections"."verb_id" = $1[0m  [["verb_id", 1403]]
11:09:14 web.1  |   [1m[35m (0.3ms)[0m  SELECT COUNT(*) FROM "personal_connections"  WHERE "personal_connections"."verb_id" = $1  [["verb_id", 953]]
11:09:14 web.1  |   [1m[36m (0.3ms)[0m  [1mSELECT COUNT(*) FROM "personal_connections"  WHERE "personal_connections"."verb_id" = $1[0m  [["verb_id", 1317]]
11:09:14 web.1  |   [1m[35m (0.3ms)[0m  SELECT COUNT(*) FROM "personal_connections"  WHERE "personal_connections"."verb_id" = $1  [["verb_id", 638]]
11:09:14 web.1  |   [1m[36m (0.3ms)[0m  [1mSELECT COUNT(*) FROM "personal_connections"  WHERE "personal_connections"."verb_id" = $1[0m  [["verb_id", 532]]
11:09:14 web.1  |   [1m[35m (0.4ms)[0m  SELECT COUNT(*) FROM "personal_connections"  WHERE "personal_connections"."verb_id" = $1  [["verb_id", 992]]
11:09:14 web.1  |   [1m[36m (0.4ms)[0m  [1mSELECT COUNT(*) FROM "personal_connections"  WHERE "personal_connections"."verb_id" = $1[0m  [["verb_id", 855]]
11:09:14 web.1  |   [1m[35m (0.3ms)[0m  SELECT COUNT(*) FROM "personal_connections"  WHERE "personal_connections"."verb_id" = $1  [["verb_id", 1209]]
11:09:14 web.1  |   [1m[36m (0.3ms)[0m  [1mSELECT COUNT(*) FROM "personal_connections"  WHERE "personal_connections"."verb_id" = $1[0m  [["verb_id", 1137]]
11:09:14 web.1  |   [1m[36m (61.8ms)[0m  [1mSELECT COUNT(*) FROM "personal_connections"  WHERE "personal_connections"."verb_id" = $1[0m  [["verb_id", 1072]]
11:09:14 web.1  |   [1m[35m (0.3ms)[0m  SELECT COUNT(*) FROM "personal_connections"  WHERE "personal_connections"."verb_id" = $1  [["verb_id", 1160]]
11:09:14 web.1  |   [1m[35m (0.3ms)[0m  SELECT COUNT(*) FROM "personal_connections"  WHERE "personal_connections"."verb_id" = $1  [["verb_id", 1066]]
11:09:14 web.1  |   [1m[36m (0.3ms)[0m  [1mSELECT COUNT(*) FROM "personal_connections"  WHERE "personal_connections"."verb_id" = $1[0m  [["verb_id", 1439]]
11:09:14 web.1  |   [1m[36m (0.5ms)[0m  [1mSELECT COUNT(*) FROM "personal_connections"  WHERE "personal_connections"."verb_id" = $1[0m  [["verb_id", 1587]]
11:09:14 web.1  |   [1m[35m (0.3ms)[0m  SELECT COUNT(*) FROM "personal_connections"  WHERE "personal_connections"."verb_id" = $1  [["verb_id", 1171]]
11:09:14 web.1  |   [1m[35m (0.3ms)[0m  SELECT COUNT(*) FROM "personal_connections"  WHERE "personal_connections"."verb_id" = $1  [["verb_id", 952]]
11:09:14 web.1  |   [1m[36m (0.3ms)[0m  [1mSELECT COUNT(*) FROM "personal_connections"  WHERE "personal_connections"."verb_id" = $1[0m  [["verb_id", 546]]
11:09:14 web.1  |   [1m[36m (0.3ms)[0m  [1mSELECT COUNT(*) FROM "personal_connections"  WHERE "personal_connections"."verb_id" = $1[0m  [["verb_id", 1449]]
11:09:14 web.1  |   [1m[35m (1.5ms)[0m  SELECT COUNT(*) FROM "personal_connections"  WHERE "personal_connections"."verb_id" = $1  [["verb_id", 1000]]
11:09:14 web.1  |   [1m[35m (0.5ms)[0m  SELECT COUNT(*) FROM "personal_connections"  WHERE "personal_connections"."verb_id" = $1  [["verb_id", 209]]
11:09:14 web.1  |   [1m[36m (0.3ms)[0m  [1mSELECT COUNT(*) FROM "personal_connections"  WHERE "personal_connections"."verb_id" = $1[0m  [["verb_id", 839]]
11:09:14 web.1  |   [1m[36m (0.3ms)[0m  [1mSELECT COUNT(*) FROM "personal_connections"  WHERE "personal_connections"."verb_id" = $1[0m  [["verb_id", 169]]
11:09:14 web.1  |   [1m[35m (0.4ms)[0m  SELECT COUNT(*) FROM "personal_connections"  WHERE "personal_connections"."verb_id" = $1  [["verb_id", 970]]
11:09:14 web.1  |   [1m[35m (0.2ms)[0m  SELECT COUNT(*) FROM "personal_connections"  WHERE "personal_connections"."verb_id" = $1  [["verb_id", 1017]]
11:09:14 web.1  |   [1m[36m (0.3ms)[0m  [1mSELECT COUNT(*) FROM "personal_connections"  WHERE "personal_connections"."verb_id" = $1[0m  [["verb_id", 1073]]
11:09:14 web.1  |   [1m[36m (0.3ms)[0m  [1mSELECT COUNT(*) FROM "personal_connections"  WHERE "personal_connections"."verb_id" = $1[0m  [["verb_id", 824]]
11:09:14 web.1  |   [1m[35m (0.3ms)[0m  SELECT COUNT(*) FROM "personal_connections"  WHERE "personal_connections"."verb_id" = $1  [["verb_id", 892]]
11:09:14 web.1  |   [1m[36m (0.3ms)[0m  [1mSELECT COUNT(*) FROM "personal_connections"  WHERE "personal_connections"."verb_id" = $1[0m  [["verb_id", 1316]]
11:09:14 web.1  |   [1m[35m (3.9ms)[0m  SELECT COUNT(*) FROM "personal_connections"  WHERE "personal_connections"."verb_id" = $1  [["verb_id", 763]]
11:09:14 web.1  |   [1m[35m (0.3ms)[0m  SELECT COUNT(*) FROM "personal_connections"  WHERE "personal_connections"."verb_id" = $1  [["verb_id", 764]]
11:09:14 web.1  |   [1m[36m (0.5ms)[0m  [1mSELECT COUNT(*) FROM "personal_connections"  WHERE "personal_connections"."verb_id" = $1[0m  [["verb_id", 1199]]
11:09:14 web.1  |   [1m[36m (0.3ms)[0m  [1mSELECT COUNT(*) FROM "personal_connections"  WHERE "personal_connections"."verb_id" = $1[0m  [["verb_id", 1410]]
11:09:14 web.1  |   [1m[35m (0.3ms)[0m  SELECT COUNT(*) FROM "personal_connections"  WHERE "personal_connections"."verb_id" = $1  [["verb_id", 800]]
11:09:14 web.1  |   [1m[36m (0.3ms)[0m  [1mSELECT COUNT(*) FROM "personal_connections"  WHERE "personal_connections"."verb_id" = $1[0m  [["verb_id", 612]]
11:09:14 web.1  |   [1m[35m (0.4ms)[0m  SELECT COUNT(*) FROM "personal_connections"  WHERE "personal_connections"."verb_id" = $1  [["verb_id", 748]]
11:09:14 web.1  |   [1m[36m (0.4ms)[0m  [1mSELECT COUNT(*) FROM "personal_connections"  WHERE "personal_connections"."verb_id" = $1[0m  [["verb_id", 474]]
11:09:14 web.1  |   [1m[35m (0.3ms)[0m  SELECT COUNT(*) FROM "personal_connections"  WHERE "personal_connections"."verb_id" = $1  [["verb_id", 1428]]
11:09:14 web.1  |   [1m[36m (0.3ms)[0m  [1mSELECT COUNT(*) FROM "personal_connections"  WHERE "personal_connections"."verb_id" = $1[0m  [["verb_id", 752]]
11:09:14 web.1  |   [1m[35m (0.3ms)[0m  SELECT COUNT(*) FROM "personal_connections"  WHERE "personal_connections"."verb_id" = $1  [["verb_id", 1279]]
11:09:14 web.1  |   [1m[36m (0.3ms)[0m  [1mSELECT COUNT(*) FROM "personal_connections"  WHERE "personal_connections"."verb_id" = $1[0m  [["verb_id", 1406]]
11:09:14 web.1  |   [1m[35m (0.3ms)[0m  SELECT COUNT(*) FROM "personal_connections"  WHERE "personal_connections"."verb_id" = $1  [["verb_id", 870]]
11:09:14 web.1  |   [1m[36m (0.3ms)[0m  [1mSELECT COUNT(*) FROM "personal_connections"  WHERE "personal_connections"."verb_id" = $1[0m  [["verb_id", 864]]
11:09:14 web.1  |   [1m[35m (0.3ms)[0m  SELECT COUNT(*) FROM "personal_connections"  WHERE "personal_connections"."verb_id" = $1  [["verb_id", 845]]
11:09:14 web.1  |   [1m[35m (0.4ms)[0m  SELECT COUNT(*) FROM "personal_connections"  WHERE "personal_connections"."verb_id" = $1  [["verb_id", 671]]
11:09:14 web.1  |   [1m[36m (0.3ms)[0m  [1mSELECT COUNT(*) FROM "personal_connections"  WHERE "personal_connections"."verb_id" = $1[0m  [["verb_id", 808]]
11:09:14 web.1  |   [1m[35m (0.3ms)[0m  SELECT COUNT(*) FROM "personal_connections"  WHERE "personal_connections"."verb_id" = $1  [["verb_id", 1465]]
11:09:14 web.1  |   [1m[36m (0.3ms)[0m  [1mSELECT COUNT(*) FROM "personal_connections"  WHERE "personal_connections"."verb_id" = $1[0m  [["verb_id", 470]]
11:09:14 web.1  |   [1m[35m (0.3ms)[0m  SELECT COUNT(*) FROM "personal_connections"  WHERE "personal_connections"."verb_id" = $1  [["verb_id", 981]]
11:09:14 web.1  |   [1m[36m (0.3ms)[0m  [1mSELECT COUNT(*) FROM "personal_connections"  WHERE "personal_connections"."verb_id" = $1[0m  [["verb_id", 880]]
11:09:14 web.1  |   [1m[35m (0.3ms)[0m  SELECT COUNT(*) FROM "personal_connections"  WHERE "personal_connections"."verb_id" = $1  [["verb_id", 1050]]
11:09:14 web.1  |   [1m[36m (0.3ms)[0m  [1mSELECT COUNT(*) FROM "personal_connections"  WHERE "personal_connections"."verb_id" = $1[0m  [["verb_id", 980]]
11:09:14 web.1  |   [1m[35m (0.3ms)[0m  SELECT COUNT(*) FROM "personal_connections"  WHERE "personal_connections"."verb_id" = $1  [["verb_id", 1010]]
11:09:14 web.1  |   [1m[36m (0.3ms)[0m  [1mSELECT COUNT(*) FROM "personal_connections"  WHERE "personal_connections"."verb_id" = $1[0m  [["verb_id", 492]]
11:09:14 web.1  |   [1m[35m (0.3ms)[0m  SELECT COUNT(*) FROM "personal_connections"  WHERE "personal_connections"."verb_id" = $1  [["verb_id", 1556]]
11:09:14 web.1  |   [1m[36m (0.3ms)[0m  [1mSELECT COUNT(*) FROM "personal_connections"  WHERE "personal_connections"."verb_id" = $1[0m  [["verb_id", 744]]
11:09:14 web.1  |   [1m[35m (0.3ms)[0m  SELECT COUNT(*) FROM "personal_connections"  WHERE "personal_connections"."verb_id" = $1  [["verb_id", 1509]]
11:09:14 web.1  |   [1m[36m (0.3ms)[0m  [1mSELECT COUNT(*) FROM "personal_connections"  WHERE "personal_connections"."verb_id" = $1[0m  [["verb_id", 1218]]
11:09:14 web.1  |   [1m[35m (0.3ms)[0m  SELECT COUNT(*) FROM "personal_connections"  WHERE "personal_connections"."verb_id" = $1  [["verb_id", 1490]]
11:09:14 web.1  |   [1m[36m (0.3ms)[0m  [1mSELECT COUNT(*) FROM "personal_connections"  WHERE "personal_connections"."verb_id" = $1[0m  [["verb_id", 1318]]
11:09:14 web.1  |   [1m[35m (0.3ms)[0m  SELECT COUNT(*) FROM "personal_connections"  WHERE "personal_connections"."verb_id" = $1  [["verb_id", 708]]
11:09:14 web.1  |   [1m[36m (0.3ms)[0m  [1mSELECT COUNT(*) FROM "personal_connections"  WHERE "personal_connections"."verb_id" = $1[0m  [["verb_id", 1195]]
11:09:14 web.1  |   [1m[35m (0.3ms)[0m  SELECT COUNT(*) FROM "personal_connections"  WHERE "personal_connections"."verb_id" = $1  [["verb_id", 1335]]
11:09:14 web.1  |   [1m[36m (16.9ms)[0m  [1mSELECT COUNT(*) FROM "personal_connections"  WHERE "personal_connections"."verb_id" = $1[0m  [["verb_id", 560]]
11:09:15 web.1  |   [1m[35m (0.3ms)[0m  SELECT COUNT(*) FROM "personal_connections"  WHERE "personal_connections"."verb_id" = $1  [["verb_id", 1019]]
11:09:15 web.1  |   [1m[36m (0.3ms)[0m  [1mSELECT COUNT(*) FROM "personal_connections"  WHERE "personal_connections"."verb_id" = $1[0m  [["verb_id", 821]]
11:09:15 web.1  |   [1m[35m (0.3ms)[0m  SELECT COUNT(*) FROM "personal_connections"  WHERE "personal_connections"."verb_id" = $1  [["verb_id", 987]]
11:09:15 web.1  |   [1m[36m (0.3ms)[0m  [1mSELECT COUNT(*) FROM "personal_connections"  WHERE "personal_connections"."verb_id" = $1[0m  [["verb_id", 749]]
11:09:15 web.1  |   [1m[35m (0.4ms)[0m  SELECT COUNT(*) FROM "personal_connections"  WHERE "personal_connections"."verb_id" = $1  [["verb_id", 1500]]
11:09:15 web.1  |   [1m[36m (0.3ms)[0m  [1mSELECT COUNT(*) FROM "personal_connections"  WHERE "personal_connections"."verb_id" = $1[0m  [["verb_id", 982]]
11:09:15 web.1  |   [1m[35m (0.3ms)[0m  SELECT COUNT(*) FROM "personal_connections"  WHERE "personal_connections"."verb_id" = $1  [["verb_id", 570]]
11:09:15 web.1  |   [1m[36m (0.5ms)[0m  [1mSELECT COUNT(*) FROM "personal_connections"  WHERE "personal_connections"."verb_id" = $1[0m  [["verb_id", 1206]]
11:09:15 web.1  |   [1m[36m (0.4ms)[0m  [1mSELECT COUNT(*) FROM "personal_connections"  WHERE "personal_connections"."verb_id" = $1[0m  [["verb_id", 784]]
11:09:15 web.1  |   [1m[35m (0.3ms)[0m  SELECT COUNT(*) FROM "personal_connections"  WHERE "personal_connections"."verb_id" = $1  [["verb_id", 713]]
11:09:15 web.1  |   [1m[35m (0.3ms)[0m  SELECT COUNT(*) FROM "personal_connections"  WHERE "personal_connections"."verb_id" = $1  [["verb_id", 911]]
11:09:15 web.1  |   [1m[36m (0.3ms)[0m  [1mSELECT COUNT(*) FROM "personal_connections"  WHERE "personal_connections"."verb_id" = $1[0m  [["verb_id", 871]]
11:09:15 web.1  |   [1m[36m (0.3ms)[0m  [1mSELECT COUNT(*) FROM "personal_connections"  WHERE "personal_connections"."verb_id" = $1[0m  [["verb_id", 988]]
11:09:15 web.1  |   [1m[35m (0.3ms)[0m  SELECT COUNT(*) FROM "personal_connections"  WHERE "personal_connections"."verb_id" = $1  [["verb_id", 604]]
11:09:15 web.1  |   [1m[36m (0.3ms)[0m  [1mSELECT COUNT(*) FROM "personal_connections"  WHERE "personal_connections"."verb_id" = $1[0m  [["verb_id", 707]]
11:09:15 web.1  |   [1m[35m (0.2ms)[0m  SELECT COUNT(*) FROM "personal_connections"  WHERE "personal_connections"."verb_id" = $1  [["verb_id", 1413]]
11:09:15 web.1  |   [1m[35m (0.3ms)[0m  SELECT COUNT(*) FROM "personal_connections"  WHERE "personal_connections"."verb_id" = $1  [["verb_id", 825]]
11:09:15 web.1  |   [1m[36m (0.2ms)[0m  [1mSELECT COUNT(*) FROM "personal_connections"  WHERE "personal_connections"."verb_id" = $1[0m  [["verb_id", 1343]]
11:09:15 web.1  |   [1m[36m (0.3ms)[0m  [1mSELECT COUNT(*) FROM "personal_connections"  WHERE "personal_connections"."verb_id" = $1[0m  [["verb_id", 1064]]
11:09:15 web.1  |   [1m[35m (0.4ms)[0m  SELECT COUNT(*) FROM "personal_connections"  WHERE "personal_connections"."verb_id" = $1  [["verb_id", 332]]
11:09:15 web.1  |   [1m[35m (0.3ms)[0m  SELECT COUNT(*) FROM "personal_connections"  WHERE "personal_connections"."verb_id" = $1  [["verb_id", 726]]
11:09:15 web.1  |   [1m[36m (0.3ms)[0m  [1mSELECT COUNT(*) FROM "personal_connections"  WHERE "personal_connections"."verb_id" = $1[0m  [["verb_id", 380]]
11:09:15 web.1  |   [1m[36m (0.3ms)[0m  [1mSELECT COUNT(*) FROM "personal_connections"  WHERE "personal_connections"."verb_id" = $1[0m  [["verb_id", 548]]
11:09:15 web.1  |   [1m[35m (0.3ms)[0m  SELECT COUNT(*) FROM "personal_connections"  WHERE "personal_connections"."verb_id" = $1  [["verb_id", 1434]]
11:09:15 web.1  |   [1m[36m (0.2ms)[0m  [1mSELECT COUNT(*) FROM "personal_connections"  WHERE "personal_connections"."verb_id" = $1[0m  [["verb_id", 1466]]
11:09:15 web.1  |   [1m[35m (0.3ms)[0m  SELECT COUNT(*) FROM "personal_connections"  WHERE "personal_connections"."verb_id" = $1  [["verb_id", 568]]
11:09:15 web.1  |   [1m[35m (0.3ms)[0m  SELECT COUNT(*) FROM "personal_connections"  WHERE "personal_connections"."verb_id" = $1  [["verb_id", 608]]
11:09:15 web.1  |   [1m[36m (0.4ms)[0m  [1mSELECT COUNT(*) FROM "personal_connections"  WHERE "personal_connections"."verb_id" = $1[0m  [["verb_id", 1494]]
11:09:15 web.1  |   [1m[35m (0.3ms)[0m  SELECT COUNT(*) FROM "personal_connections"  WHERE "personal_connections"."verb_id" = $1  [["verb_id", 675]]
11:09:15 web.1  |   [1m[36m (0.3ms)[0m  [1mSELECT COUNT(*) FROM "personal_connections"  WHERE "personal_connections"."verb_id" = $1[0m  [["verb_id", 600]]
11:09:15 web.1  |   [1m[36m (0.3ms)[0m  [1mSELECT COUNT(*) FROM "personal_connections"  WHERE "personal_connections"."verb_id" = $1[0m  [["verb_id", 1002]]
11:09:15 web.1  |   [1m[35m (0.5ms)[0m  SELECT COUNT(*) FROM "personal_connections"  WHERE "personal_connections"."verb_id" = $1  [["verb_id", 1035]]
11:09:15 web.1  |   [1m[35m (0.3ms)[0m  SELECT COUNT(*) FROM "personal_connections"  WHERE "personal_connections"."verb_id" = $1  [["verb_id", 1424]]
11:09:15 web.1  |   [1m[36m (0.3ms)[0m  [1mSELECT COUNT(*) FROM "personal_connections"  WHERE "personal_connections"."verb_id" = $1[0m  [["verb_id", 656]]
11:09:15 web.1  |   [1m[36m (0.3ms)[0m  [1mSELECT COUNT(*) FROM "personal_connections"  WHERE "personal_connections"."verb_id" = $1[0m  [["verb_id", 689]]
11:09:15 web.1  |   [1m[35m (0.2ms)[0m  SELECT COUNT(*) FROM "personal_connections"  WHERE "personal_connections"."verb_id" = $1  [["verb_id", 1573]]
11:09:15 web.1  |   [1m[35m (0.3ms)[0m  SELECT COUNT(*) FROM "personal_connections"  WHERE "personal_connections"."verb_id" = $1  [["verb_id", 910]]
11:09:15 web.1  |   [1m[36m (0.3ms)[0m  [1mSELECT COUNT(*) FROM "personal_connections"  WHERE "personal_connections"."verb_id" = $1[0m  [["verb_id", 798]]
11:09:15 web.1  |   [1m[36m (0.2ms)[0m  [1mSELECT COUNT(*) FROM "personal_connections"  WHERE "personal_connections"."verb_id" = $1[0m  [["verb_id", 360]]
11:09:15 web.1  |   [1m[35m (0.3ms)[0m  SELECT COUNT(*) FROM "personal_connections"  WHERE "personal_connections"."verb_id" = $1  [["verb_id", 730]]
11:09:15 web.1  |   [1m[35m (0.5ms)[0m  SELECT COUNT(*) FROM "personal_connections"  WHERE "personal_connections"."verb_id" = $1  [["verb_id", 1256]]
11:09:15 web.1  |   [1m[36m (0.4ms)[0m  [1mSELECT COUNT(*) FROM "personal_connections"  WHERE "personal_connections"."verb_id" = $1[0m  [["verb_id", 929]]
11:09:15 web.1  |   [1m[36m (0.5ms)[0m  [1mSELECT COUNT(*) FROM "personal_connections"  WHERE "personal_connections"."verb_id" = $1[0m  [["verb_id", 897]]
11:09:15 web.1  |   [1m[35m (0.3ms)[0m  SELECT COUNT(*) FROM "personal_connections"  WHERE "personal_connections"."verb_id" = $1  [["verb_id", 1213]]
11:09:15 web.1  |   [1m[35m (0.3ms)[0m  SELECT COUNT(*) FROM "personal_connections"  WHERE "personal_connections"."verb_id" = $1  [["verb_id", 324]]
11:09:15 web.1  |   [1m[36m (0.3ms)[0m  [1mSELECT COUNT(*) FROM "personal_connections"  WHERE "personal_connections"."verb_id" = $1[0m  [["verb_id", 905]]
11:09:15 web.1  |   [1m[36m (0.3ms)[0m  [1mSELECT COUNT(*) FROM "personal_connections"  WHERE "personal_connections"."verb_id" = $1[0m  [["verb_id", 330]]
11:09:15 web.1  |   [1m[35m (0.3ms)[0m  SELECT COUNT(*) FROM "personal_connections"  WHERE "personal_connections"."verb_id" = $1  [["verb_id", 1214]]
11:09:15 web.1  |   [1m[35m (0.4ms)[0m  SELECT COUNT(*) FROM "personal_connections"  WHERE "personal_connections"."verb_id" = $1  [["verb_id", 386]]
11:09:15 web.1  |   [1m[36m (0.3ms)[0m  [1mSELECT COUNT(*) FROM "personal_connections"  WHERE "personal_connections"."verb_id" = $1[0m  [["verb_id", 999]]
11:09:15 web.1  |   [1m[36m (0.5ms)[0m  [1mSELECT COUNT(*) FROM "personal_connections"  WHERE "personal_connections"."verb_id" = $1[0m  [["verb_id", 1183]]
11:09:15 web.1  |   [1m[35m (0.3ms)[0m  SELECT COUNT(*) FROM "personal_connections"  WHERE "personal_connections"."verb_id" = $1  [["verb_id", 681]]
11:09:15 web.1  |   [1m[35m (0.3ms)[0m  SELECT COUNT(*) FROM "personal_connections"  WHERE "personal_connections"."verb_id" = $1  [["verb_id", 811]]
11:09:15 web.1  |   [1m[36m (0.4ms)[0m  [1mSELECT COUNT(*) FROM "personal_connections"  WHERE "personal_connections"."verb_id" = $1[0m  [["verb_id", 1100]]
11:09:15 web.1  |   [1m[36m (0.3ms)[0m  [1mSELECT COUNT(*) FROM "personal_connections"  WHERE "personal_connections"."verb_id" = $1[0m  [["verb_id", 350]]
11:09:15 web.1  |   [1m[35m (0.3ms)[0m  SELECT COUNT(*) FROM "personal_connections"  WHERE "personal_connections"."verb_id" = $1  [["verb_id", 628]]
11:09:15 web.1  |   [1m[36m (0.3ms)[0m  [1mSELECT COUNT(*) FROM "personal_connections"  WHERE "personal_connections"."verb_id" = $1[0m  [["verb_id", 524]]
11:09:15 web.1  |   [1m[35m (0.3ms)[0m  SELECT COUNT(*) FROM "personal_connections"  WHERE "personal_connections"."verb_id" = $1  [["verb_id", 1480]]
11:09:15 web.1  |   [1m[35m (0.3ms)[0m  SELECT COUNT(*) FROM "personal_connections"  WHERE "personal_connections"."verb_id" = $1  [["verb_id", 145]]
11:09:15 web.1  |   [1m[36m (0.2ms)[0m  [1mSELECT COUNT(*) FROM "personal_connections"  WHERE "personal_connections"."verb_id" = $1[0m  [["verb_id", 368]]
11:09:15 web.1  |   [1m[36m (0.3ms)[0m  [1mSELECT COUNT(*) FROM "personal_connections"  WHERE "personal_connections"."verb_id" = $1[0m  [["verb_id", 1469]]
11:09:15 web.1  |   [1m[35m (0.4ms)[0m  SELECT COUNT(*) FROM "personal_connections"  WHERE "personal_connections"."verb_id" = $1  [["verb_id", 366]]
11:09:15 web.1  |   [1m[35m (0.3ms)[0m  SELECT COUNT(*) FROM "personal_connections"  WHERE "personal_connections"."verb_id" = $1  [["verb_id", 1188]]
11:09:15 web.1  |   [1m[36m (0.5ms)[0m  [1mSELECT COUNT(*) FROM "personal_connections"  WHERE "personal_connections"."verb_id" = $1[0m  [["verb_id", 344]]
11:09:15 web.1  |   [1m[36m (0.4ms)[0m  [1mSELECT COUNT(*) FROM "personal_connections"  WHERE "personal_connections"."verb_id" = $1[0m  [["verb_id", 1039]]
11:09:15 web.1  |   [1m[35m (0.4ms)[0m  SELECT COUNT(*) FROM "personal_connections"  WHERE "personal_connections"."verb_id" = $1  [["verb_id", 1204]]
11:09:15 web.1  |   [1m[35m (0.6ms)[0m  SELECT COUNT(*) FROM "personal_connections"  WHERE "personal_connections"."verb_id" = $1  [["verb_id", 985]]
11:09:15 web.1  |   [1m[36m (0.4ms)[0m  [1mSELECT COUNT(*) FROM "personal_connections"  WHERE "personal_connections"."verb_id" = $1[0m  [["verb_id", 1070]]
11:09:15 web.1  |   [1m[36m (0.3ms)[0m  [1mSELECT COUNT(*) FROM "personal_connections"  WHERE "personal_connections"."verb_id" = $1[0m  [["verb_id", 1482]]
11:09:15 web.1  |   [1m[35m (0.5ms)[0m  SELECT COUNT(*) FROM "personal_connections"  WHERE "personal_connections"."verb_id" = $1  [["verb_id", 996]]
11:09:15 web.1  |   [1m[35m (0.5ms)[0m  SELECT COUNT(*) FROM "personal_connections"  WHERE "personal_connections"."verb_id" = $1  [["verb_id", 342]]
11:09:15 web.1  |   [1m[36m (0.5ms)[0m  [1mSELECT COUNT(*) FROM "personal_connections"  WHERE "personal_connections"."verb_id" = $1[0m  [["verb_id", 1409]]
11:09:15 web.1  |   [1m[36m (0.3ms)[0m  [1mSELECT COUNT(*) FROM "personal_connections"  WHERE "personal_connections"."verb_id" = $1[0m  [["verb_id", 242]]
11:09:15 web.1  |   [1m[35m (0.3ms)[0m  SELECT COUNT(*) FROM "personal_connections"  WHERE "personal_connections"."verb_id" = $1  [["verb_id", 1072]]
11:09:15 web.1  |   [1m[35m (0.3ms)[0m  SELECT COUNT(*) FROM "personal_connections"  WHERE "personal_connections"."verb_id" = $1  [["verb_id", 802]]
11:09:15 web.1  |   [1m[36m (0.5ms)[0m  [1mSELECT COUNT(*) FROM "personal_connections"  WHERE "personal_connections"."verb_id" = $1[0m  [["verb_id", 1160]]
11:09:15 web.1  |   [1m[36m (0.6ms)[0m  [1mSELECT COUNT(*) FROM "personal_connections"  WHERE "personal_connections"."verb_id" = $1[0m  [["verb_id", 442]]
11:09:15 web.1  |   [1m[35m (0.5ms)[0m  SELECT COUNT(*) FROM "personal_connections"  WHERE "personal_connections"."verb_id" = $1  [["verb_id", 1587]]
11:09:15 web.1  |   [1m[35m (0.3ms)[0m  SELECT COUNT(*) FROM "personal_connections"  WHERE "personal_connections"."verb_id" = $1  [["verb_id", 1156]]
11:09:15 web.1  |   [1m[36m (0.2ms)[0m  [1mSELECT COUNT(*) FROM "personal_connections"  WHERE "personal_connections"."verb_id" = $1[0m  [["verb_id", 952]]
11:09:15 web.1  |   [1m[36m (0.4ms)[0m  [1mSELECT COUNT(*) FROM "personal_connections"  WHERE "personal_connections"."verb_id" = $1[0m  [["verb_id", 370]]
11:09:15 web.1  |   [1m[35m (0.2ms)[0m  SELECT COUNT(*) FROM "personal_connections"  WHERE "personal_connections"."verb_id" = $1  [["verb_id", 546]]
11:09:15 web.1  |   [1m[36m (0.3ms)[0m  [1mSELECT COUNT(*) FROM "personal_connections"  WHERE "personal_connections"."verb_id" = $1[0m  [["verb_id", 209]]
11:09:15 web.1  |   [1m[35m (0.2ms)[0m  SELECT COUNT(*) FROM "personal_connections"  WHERE "personal_connections"."verb_id" = $1  [["verb_id", 1162]]
11:09:15 web.1  |   [1m[36m (0.8ms)[0m  [1mSELECT COUNT(*) FROM "personal_connections"  WHERE "personal_connections"."verb_id" = $1[0m  [["verb_id", 452]]
11:09:15 web.1  |   [1m[35m (0.2ms)[0m  SELECT COUNT(*) FROM "personal_connections"  WHERE "personal_connections"."verb_id" = $1  [["verb_id", 169]]
11:09:15 web.1  |   [1m[36m (0.6ms)[0m  [1mSELECT COUNT(*) FROM "personal_connections"  WHERE "personal_connections"."verb_id" = $1[0m  [["verb_id", 1017]]
11:09:15 web.1  |   [1m[35m (0.3ms)[0m  SELECT COUNT(*) FROM "personal_connections"  WHERE "personal_connections"."verb_id" = $1  [["verb_id", 1073]]
11:09:15 web.1  |   [1m[35m (0.3ms)[0m  SELECT COUNT(*) FROM "personal_connections"  WHERE "personal_connections"."verb_id" = $1  [["verb_id", 806]]
11:09:15 web.1  |   [1m[36m (0.6ms)[0m  [1mSELECT COUNT(*) FROM "personal_connections"  WHERE "personal_connections"."verb_id" = $1[0m  [["verb_id", 892]]
11:09:15 web.1  |   [1m[36m (0.3ms)[0m  [1mSELECT COUNT(*) FROM "personal_connections"  WHERE "personal_connections"."verb_id" = $1[0m  [["verb_id", 994]]
11:09:15 web.1  |   [1m[35m (0.5ms)[0m  SELECT COUNT(*) FROM "personal_connections"  WHERE "personal_connections"."verb_id" = $1  [["verb_id", 1316]]
11:09:15 web.1  |   [1m[35m (0.3ms)[0m  SELECT COUNT(*) FROM "personal_connections"  WHERE "personal_connections"."verb_id" = $1  [["verb_id", 1342]]
11:09:15 web.1  |   [1m[36m (0.3ms)[0m  [1mSELECT COUNT(*) FROM "personal_connections"  WHERE "personal_connections"."verb_id" = $1[0m  [["verb_id", 764]]
11:09:15 web.1  |   [1m[36m (0.3ms)[0m  [1mSELECT COUNT(*) FROM "personal_connections"  WHERE "personal_connections"."verb_id" = $1[0m  [["verb_id", 789]]
11:09:15 web.1  |   [1m[35m (0.5ms)[0m  SELECT COUNT(*) FROM "personal_connections"  WHERE "personal_connections"."verb_id" = $1  [["verb_id", 1410]]
11:09:15 web.1  |   [1m[35m (0.5ms)[0m  SELECT COUNT(*) FROM "personal_connections"  WHERE "personal_connections"."verb_id" = $1  [["verb_id", 1321]]
11:09:15 web.1  |   [1m[36m (0.6ms)[0m  [1mSELECT COUNT(*) FROM "personal_connections"  WHERE "personal_connections"."verb_id" = $1[0m  [["verb_id", 800]]
11:09:15 web.1  |   [1m[36m (0.3ms)[0m  [1mSELECT COUNT(*) FROM "personal_connections"  WHERE "personal_connections"."verb_id" = $1[0m  [["verb_id", 464]]
11:09:15 web.1  |   [1m[35m (0.4ms)[0m  SELECT COUNT(*) FROM "personal_connections"  WHERE "personal_connections"."verb_id" = $1  [["verb_id", 612]]
11:09:15 web.1  |   [1m[35m (0.3ms)[0m  SELECT COUNT(*) FROM "personal_connections"  WHERE "personal_connections"."verb_id" = $1  [["verb_id", 272]]
11:09:15 web.1  |   [1m[36m (0.3ms)[0m  [1mSELECT COUNT(*) FROM "personal_connections"  WHERE "personal_connections"."verb_id" = $1[0m  [["verb_id", 748]]
11:09:15 web.1  |   [1m[36m (0.3ms)[0m  [1mSELECT COUNT(*) FROM "personal_connections"  WHERE "personal_connections"."verb_id" = $1[0m  [["verb_id", 923]]
11:09:15 web.1  |   [1m[35m (0.3ms)[0m  SELECT COUNT(*) FROM "personal_connections"  WHERE "personal_connections"."verb_id" = $1  [["verb_id", 474]]
11:09:15 web.1  |   [1m[35m (0.3ms)[0m  SELECT COUNT(*) FROM "personal_connections"  WHERE "personal_connections"."verb_id" = $1  [["verb_id", 931]]
11:09:15 web.1  |   [1m[36m (0.3ms)[0m  [1mSELECT COUNT(*) FROM "personal_connections"  WHERE "personal_connections"."verb_id" = $1[0m  [["verb_id", 921]]
11:09:15 web.1  |   [1m[36m (0.3ms)[0m  [1mSELECT COUNT(*) FROM "personal_connections"  WHERE "personal_connections"."verb_id" = $1[0m  [["verb_id", 1428]]
11:09:15 web.1  |   [1m[35m (0.3ms)[0m  SELECT COUNT(*) FROM "personal_connections"  WHERE "personal_connections"."verb_id" = $1  [["verb_id", 234]]
11:09:15 web.1  |   [1m[35m (0.3ms)[0m  SELECT COUNT(*) FROM "personal_connections"  WHERE "personal_connections"."verb_id" = $1  [["verb_id", 752]]
11:09:15 web.1  |   [1m[36m (0.4ms)[0m  [1mSELECT COUNT(*) FROM "personal_connections"  WHERE "personal_connections"."verb_id" = $1[0m  [["verb_id", 149]]
11:09:15 web.1  |   [1m[35m (0.6ms)[0m  SELECT COUNT(*) FROM "personal_connections"  WHERE "personal_connections"."verb_id" = $1  [["verb_id", 1467]]
11:09:15 web.1  |   [1m[36m (6.6ms)[0m  [1mSELECT COUNT(*) FROM "personal_connections"  WHERE "personal_connections"."verb_id" = $1[0m  [["verb_id", 1279]]
11:09:15 web.1  |   [1m[36m (0.3ms)[0m  [1mSELECT COUNT(*) FROM "personal_connections"  WHERE "personal_connections"."verb_id" = $1[0m  [["verb_id", 938]]
11:09:15 web.1  |   [1m[35m (0.3ms)[0m  SELECT COUNT(*) FROM "personal_connections"  WHERE "personal_connections"."verb_id" = $1  [["verb_id", 1109]]
11:09:15 web.1  |   [1m[35m (0.3ms)[0m  SELECT COUNT(*) FROM "personal_connections"  WHERE "personal_connections"."verb_id" = $1  [["verb_id", 1406]]
11:09:15 web.1  |   [1m[36m (0.4ms)[0m  [1mSELECT COUNT(*) FROM "personal_connections"  WHERE "personal_connections"."verb_id" = $1[0m  [["verb_id", 1369]]
11:09:15 web.1  |   [1m[36m (0.8ms)[0m  [1mSELECT COUNT(*) FROM "personal_connections"  WHERE "personal_connections"."verb_id" = $1[0m  [["verb_id", 870]]
11:09:15 web.1  |   [1m[35m (0.3ms)[0m  SELECT COUNT(*) FROM "personal_connections"  WHERE "personal_connections"."verb_id" = $1  [["verb_id", 93]]
11:09:15 web.1  |   [1m[35m (0.3ms)[0m  SELECT COUNT(*) FROM "personal_connections"  WHERE "personal_connections"."verb_id" = $1  [["verb_id", 864]]
11:09:15 web.1  |   [1m[36m (0.3ms)[0m  [1mSELECT COUNT(*) FROM "personal_connections"  WHERE "personal_connections"."verb_id" = $1[0m  [["verb_id", 336]]
11:09:15 web.1  |   [1m[36m (0.4ms)[0m  [1mSELECT COUNT(*) FROM "personal_connections"  WHERE "personal_connections"."verb_id" = $1[0m  [["verb_id", 845]]
11:09:15 web.1  |   [1m[35m (0.3ms)[0m  SELECT COUNT(*) FROM "personal_connections"  WHERE "personal_connections"."verb_id" = $1  [["verb_id", 1169]]
11:09:15 web.1  |   [1m[36m (0.2ms)[0m  [1mSELECT COUNT(*) FROM "personal_connections"  WHERE "personal_connections"."verb_id" = $1[0m  [["verb_id", 1380]]
11:09:15 web.1  |   [1m[35m (0.9ms)[0m  SELECT COUNT(*) FROM "personal_connections"  WHERE "personal_connections"."verb_id" = $1  [["verb_id", 560]]
11:09:15 web.1  |   [1m[35m (0.3ms)[0m  SELECT COUNT(*) FROM "personal_connections"  WHERE "personal_connections"."verb_id" = $1  [["verb_id", 1116]]
11:09:15 web.1  |   [1m[36m (0.3ms)[0m  [1mSELECT COUNT(*) FROM "personal_connections"  WHERE "personal_connections"."verb_id" = $1[0m  [["verb_id", 1019]]
11:09:15 web.1  |   [1m[36m (0.5ms)[0m  [1mSELECT COUNT(*) FROM "personal_connections"  WHERE "personal_connections"."verb_id" = $1[0m  [["verb_id", 1408]]
11:09:15 web.1  |   [1m[35m (0.3ms)[0m  SELECT COUNT(*) FROM "personal_connections"  WHERE "personal_connections"."verb_id" = $1  [["verb_id", 821]]
11:09:15 web.1  |   [1m[35m (0.3ms)[0m  SELECT COUNT(*) FROM "personal_connections"  WHERE "personal_connections"."verb_id" = $1  [["verb_id", 1311]]
11:09:15 web.1  |   [1m[36m (0.3ms)[0m  [1mSELECT COUNT(*) FROM "personal_connections"  WHERE "personal_connections"."verb_id" = $1[0m  [["verb_id", 987]]
11:09:15 web.1  |   [1m[36m (0.3ms)[0m  [1mSELECT COUNT(*) FROM "personal_connections"  WHERE "personal_connections"."verb_id" = $1[0m  [["verb_id", 654]]
11:09:15 web.1  |   [1m[35m (0.5ms)[0m  SELECT COUNT(*) FROM "personal_connections"  WHERE "personal_connections"."verb_id" = $1  [["verb_id", 749]]
11:09:15 web.1  |   [1m[35m (0.5ms)[0m  SELECT COUNT(*) FROM "personal_connections"  WHERE "personal_connections"."verb_id" = $1  [["verb_id", 979]]
11:09:15 web.1  |   [1m[36m (0.3ms)[0m  [1mSELECT COUNT(*) FROM "personal_connections"  WHERE "personal_connections"."verb_id" = $1[0m  [["verb_id", 1500]]
11:09:15 web.1  |   [1m[36m (0.5ms)[0m  [1mSELECT COUNT(*) FROM "personal_connections"  WHERE "personal_connections"."verb_id" = $1[0m  [["verb_id", 1486]]
11:09:15 web.1  |   [1m[35m (0.3ms)[0m  SELECT COUNT(*) FROM "personal_connections"  WHERE "personal_connections"."verb_id" = $1  [["verb_id", 982]]
11:09:15 web.1  |   [1m[35m (0.5ms)[0m  SELECT COUNT(*) FROM "personal_connections"  WHERE "personal_connections"."verb_id" = $1  [["verb_id", 1502]]
11:09:15 web.1  |   [1m[36m (0.3ms)[0m  [1mSELECT COUNT(*) FROM "personal_connections"  WHERE "personal_connections"."verb_id" = $1[0m  [["verb_id", 570]]
11:09:15 web.1  |   [1m[36m (0.3ms)[0m  [1mSELECT COUNT(*) FROM "personal_connections"  WHERE "personal_connections"."verb_id" = $1[0m  [["verb_id", 1029]]
11:09:15 web.1  |   [1m[35m (0.3ms)[0m  SELECT COUNT(*) FROM "personal_connections"  WHERE "personal_connections"."verb_id" = $1  [["verb_id", 784]]
11:09:15 web.1  |   [1m[35m (0.3ms)[0m  SELECT COUNT(*) FROM "personal_connections"  WHERE "personal_connections"."verb_id" = $1  [["verb_id", 1182]]
11:09:15 web.1  |   [1m[36m (0.5ms)[0m  [1mSELECT COUNT(*) FROM "personal_connections"  WHERE "personal_connections"."verb_id" = $1[0m  [["verb_id", 1227]]
11:09:15 web.1  |   [1m[36m (0.5ms)[0m  [1mSELECT COUNT(*) FROM "personal_connections"  WHERE "personal_connections"."verb_id" = $1[0m  [["verb_id", 911]]
11:09:15 web.1  |   [1m[35m (0.3ms)[0m  SELECT COUNT(*) FROM "personal_connections"  WHERE "personal_connections"."verb_id" = $1  [["verb_id", 1202]]
11:09:15 web.1  |   [1m[35m (0.3ms)[0m  SELECT COUNT(*) FROM "personal_connections"  WHERE "personal_connections"."verb_id" = $1  [["verb_id", 988]]
11:09:15 web.1  |   [1m[36m (0.3ms)[0m  [1mSELECT COUNT(*) FROM "personal_connections"  WHERE "personal_connections"."verb_id" = $1[0m  [["verb_id", 308]]
11:09:15 web.1  |   [1m[36m (0.3ms)[0m  [1mSELECT COUNT(*) FROM "personal_connections"  WHERE "personal_connections"."verb_id" = $1[0m  [["verb_id", 1413]]
11:09:15 web.1  |   [1m[35m (0.7ms)[0m  SELECT COUNT(*) FROM "personal_connections"  WHERE "personal_connections"."verb_id" = $1  [["verb_id", 1155]]
11:09:15 web.1  |   [1m[35m (0.3ms)[0m  SELECT COUNT(*) FROM "personal_connections"  WHERE "personal_connections"."verb_id" = $1  [["verb_id", 1064]]
11:09:15 web.1  |   [1m[36m (0.4ms)[0m  [1mSELECT COUNT(*) FROM "personal_connections"  WHERE "personal_connections"."verb_id" = $1[0m  [["verb_id", 1300]]
11:09:15 web.1  |   [1m[35m (0.3ms)[0m  SELECT COUNT(*) FROM "personal_connections"  WHERE "personal_connections"."verb_id" = $1  [["verb_id", 109]]
11:09:15 web.1  |   [1m[36m (0.3ms)[0m  [1mSELECT COUNT(*) FROM "personal_connections"  WHERE "personal_connections"."verb_id" = $1[0m  [["verb_id", 726]]
11:09:15 web.1  |   [1m[36m (0.4ms)[0m  [1mSELECT COUNT(*) FROM "personal_connections"  WHERE "personal_connections"."verb_id" = $1[0m  [["verb_id", 502]]
11:09:15 web.1  |   [1m[35m (0.5ms)[0m  SELECT COUNT(*) FROM "personal_connections"  WHERE "personal_connections"."verb_id" = $1  [["verb_id", 548]]
11:09:15 web.1  |   [1m[35m (0.3ms)[0m  SELECT COUNT(*) FROM "personal_connections"  WHERE "personal_connections"."verb_id" = $1  [["verb_id", 51]]
11:09:15 web.1  |   [1m[36m (0.4ms)[0m  [1mSELECT COUNT(*) FROM "personal_connections"  WHERE "personal_connections"."verb_id" = $1[0m  [["verb_id", 568]]
11:09:15 web.1  |   [1m[36m (0.4ms)[0m  [1mSELECT COUNT(*) FROM "personal_connections"  WHERE "personal_connections"."verb_id" = $1[0m  [["verb_id", 1563]]
11:09:15 web.1  |   [1m[35m (0.3ms)[0m  SELECT COUNT(*) FROM "personal_connections"  WHERE "personal_connections"."verb_id" = $1  [["verb_id", 1494]]
11:09:15 web.1  |   [1m[35m (0.2ms)[0m  SELECT COUNT(*) FROM "personal_connections"  WHERE "personal_connections"."verb_id" = $1  [["verb_id", 1562]]
11:09:15 web.1  |   [1m[36m (0.4ms)[0m  [1mSELECT COUNT(*) FROM "personal_connections"  WHERE "personal_connections"."verb_id" = $1[0m  [["verb_id", 65]]
11:09:15 web.1  |   [1m[36m (0.2ms)[0m  [1mSELECT COUNT(*) FROM "personal_connections"  WHERE "personal_connections"."verb_id" = $1[0m  [["verb_id", 675]]
11:09:15 web.1  |   [1m[35m (0.3ms)[0m  SELECT COUNT(*) FROM "personal_connections"  WHERE "personal_connections"."verb_id" = $1  [["verb_id", 1399]]
11:09:15 web.1  |   [1m[35m (0.4ms)[0m  SELECT COUNT(*) FROM "personal_connections"  WHERE "personal_connections"."verb_id" = $1  [["verb_id", 1002]]
11:09:15 web.1  |   [1m[36m (0.3ms)[0m  [1mSELECT COUNT(*) FROM "personal_connections"  WHERE "personal_connections"."verb_id" = $1[0m  [["verb_id", 434]]
11:09:15 web.1  |   [1m[36m (0.5ms)[0m  [1mSELECT COUNT(*) FROM "personal_connections"  WHERE "personal_connections"."verb_id" = $1[0m  [["verb_id", 1424]]
11:09:15 web.1  |   [1m[35m (0.3ms)[0m  SELECT COUNT(*) FROM "personal_connections"  WHERE "personal_connections"."verb_id" = $1  [["verb_id", 909]]
11:09:15 web.1  |   [1m[35m (0.3ms)[0m  SELECT COUNT(*) FROM "personal_connections"  WHERE "personal_connections"."verb_id" = $1  [["verb_id", 689]]
11:09:15 web.1  |   [1m[36m (0.5ms)[0m  [1mSELECT COUNT(*) FROM "personal_connections"  WHERE "personal_connections"."verb_id" = $1[0m  [["verb_id", 743]]
11:09:15 web.1  |   [1m[36m (0.3ms)[0m  [1mSELECT COUNT(*) FROM "personal_connections"  WHERE "personal_connections"."verb_id" = $1[0m  [["verb_id", 1573]]
11:09:15 web.1  |   [1m[35m (0.5ms)[0m  SELECT COUNT(*) FROM "personal_connections"  WHERE "personal_connections"."verb_id" = $1  [["verb_id", 1286]]
11:09:15 web.1  |   [1m[35m (0.3ms)[0m  SELECT COUNT(*) FROM "personal_connections"  WHERE "personal_connections"."verb_id" = $1  [["verb_id", 798]]
11:09:15 web.1  |   [1m[36m (0.5ms)[0m  [1mSELECT COUNT(*) FROM "personal_connections"  WHERE "personal_connections"."verb_id" = $1[0m  [["verb_id", 1416]]
11:09:15 web.1  |   [1m[36m (0.3ms)[0m  [1mSELECT COUNT(*) FROM "personal_connections"  WHERE "personal_connections"."verb_id" = $1[0m  [["verb_id", 730]]
11:09:15 web.1  |   [1m[35m (0.3ms)[0m  SELECT COUNT(*) FROM "personal_connections"  WHERE "personal_connections"."verb_id" = $1  [["verb_id", 929]]
11:09:15 web.1  |   [1m[35m (0.3ms)[0m  SELECT COUNT(*) FROM "personal_connections"  WHERE "personal_connections"."verb_id" = $1  [["verb_id", 1111]]
11:09:15 web.1  |   [1m[36m (0.3ms)[0m  [1mSELECT COUNT(*) FROM "personal_connections"  WHERE "personal_connections"."verb_id" = $1[0m  [["verb_id", 1213]]
11:09:15 web.1  |   [1m[36m (0.5ms)[0m  [1mSELECT COUNT(*) FROM "personal_connections"  WHERE "personal_connections"."verb_id" = $1[0m  [["verb_id", 1585]]
11:09:15 web.1  |   [1m[35m (0.3ms)[0m  SELECT COUNT(*) FROM "personal_connections"  WHERE "personal_connections"."verb_id" = $1  [["verb_id", 905]]
11:09:15 web.1  |   [1m[35m (0.3ms)[0m  SELECT COUNT(*) FROM "personal_connections"  WHERE "personal_connections"."verb_id" = $1  [["verb_id", 948]]
11:09:15 web.1  |   [1m[36m (0.3ms)[0m  [1mSELECT COUNT(*) FROM "personal_connections"  WHERE "personal_connections"."verb_id" = $1[0m  [["verb_id", 1214]]
11:09:15 web.1  |   [1m[36m (0.5ms)[0m  [1mSELECT COUNT(*) FROM "personal_connections"  WHERE "personal_connections"."verb_id" = $1[0m  [["verb_id", 1314]]
11:09:15 web.1  |   [1m[35m (0.3ms)[0m  SELECT COUNT(*) FROM "personal_connections"  WHERE "personal_connections"."verb_id" = $1  [["verb_id", 999]]
11:09:15 web.1  |   [1m[35m (0.3ms)[0m  SELECT COUNT(*) FROM "personal_connections"  WHERE "personal_connections"."verb_id" = $1  [["verb_id", 1315]]
11:09:15 web.1  |   [1m[36m (0.3ms)[0m  [1mSELECT COUNT(*) FROM "personal_connections"  WHERE "personal_connections"."verb_id" = $1[0m  [["verb_id", 681]]
11:09:15 web.1  |   [1m[36m (0.3ms)[0m  [1mSELECT COUNT(*) FROM "personal_connections"  WHERE "personal_connections"."verb_id" = $1[0m  [["verb_id", 596]]
11:09:15 web.1  |   [1m[35m (0.3ms)[0m  SELECT COUNT(*) FROM "personal_connections"  WHERE "personal_connections"."verb_id" = $1  [["verb_id", 1100]]
11:09:15 web.1  |   [1m[35m (0.3ms)[0m  SELECT COUNT(*) FROM "personal_connections"  WHERE "personal_connections"."verb_id" = $1  [["verb_id", 842]]
11:09:15 web.1  |   [1m[36m (0.2ms)[0m  [1mSELECT COUNT(*) FROM "personal_connections"  WHERE "personal_connections"."verb_id" = $1[0m  [["verb_id", 628]]
11:09:15 web.1  |   [1m[35m (0.3ms)[0m  SELECT COUNT(*) FROM "personal_connections"  WHERE "personal_connections"."verb_id" = $1  [["verb_id", 524]]
11:09:15 web.1  |   [1m[36m (0.2ms)[0m  [1mSELECT COUNT(*) FROM "personal_connections"  WHERE "personal_connections"."verb_id" = $1[0m  [["verb_id", 1295]]
11:09:15 web.1  |   [1m[36m (0.5ms)[0m  [1mSELECT COUNT(*) FROM "personal_connections"  WHERE "personal_connections"."verb_id" = $1[0m  [["verb_id", 145]]
11:09:15 web.1  |   [1m[35m (0.2ms)[0m  SELECT COUNT(*) FROM "personal_connections"  WHERE "personal_connections"."verb_id" = $1  [["verb_id", 468]]
11:09:15 web.1  |   [1m[36m (0.4ms)[0m  [1mSELECT COUNT(*) FROM "personal_connections"  WHERE "personal_connections"."verb_id" = $1[0m  [["verb_id", 1481]]
11:09:15 web.1  |   [1m[35m (0.3ms)[0m  SELECT COUNT(*) FROM "personal_connections"  WHERE "personal_connections"."verb_id" = $1  [["verb_id", 1469]]
11:09:15 web.1  |   [1m[36m (0.3ms)[0m  [1mSELECT COUNT(*) FROM "personal_connections"  WHERE "personal_connections"."verb_id" = $1[0m  [["verb_id", 1188]]
11:09:15 web.1  |   [1m[35m (0.3ms)[0m  SELECT COUNT(*) FROM "personal_connections"  WHERE "personal_connections"."verb_id" = $1  [["verb_id", 1574]]
11:09:15 web.1  |   [1m[36m (0.4ms)[0m  [1mSELECT COUNT(*) FROM "personal_connections"  WHERE "personal_connections"."verb_id" = $1[0m  [["verb_id", 1149]]
11:09:15 web.1  |   [1m[35m (0.4ms)[0m  SELECT COUNT(*) FROM "personal_connections"  WHERE "personal_connections"."verb_id" = $1  [["verb_id", 1541]]
11:09:15 web.1  |   [1m[35m (1.3ms)[0m  SELECT COUNT(*) FROM "personal_connections"  WHERE "personal_connections"."verb_id" = $1  [["verb_id", 1039]]
11:09:15 web.1  |   [1m[36m (0.5ms)[0m  [1mSELECT COUNT(*) FROM "personal_connections"  WHERE "personal_connections"."verb_id" = $1[0m  [["verb_id", 646]]
11:09:15 web.1  |   [1m[36m (0.3ms)[0m  [1mSELECT COUNT(*) FROM "personal_connections"  WHERE "personal_connections"."verb_id" = $1[0m  [["verb_id", 985]]
11:09:15 web.1  |   [1m[35m (0.3ms)[0m  SELECT COUNT(*) FROM "personal_connections"  WHERE "personal_connections"."verb_id" = $1  [["verb_id", 719]]
11:09:15 web.1  |   [1m[36m (0.3ms)[0m  [1mSELECT COUNT(*) FROM "personal_connections"  WHERE "personal_connections"."verb_id" = $1[0m  [["verb_id", 1402]]
11:09:15 web.1  |   [1m[35m (0.3ms)[0m  SELECT COUNT(*) FROM "personal_connections"  WHERE "personal_connections"."verb_id" = $1  [["verb_id", 1482]]
11:09:15 web.1  |   [1m[35m (0.4ms)[0m  SELECT COUNT(*) FROM "personal_connections"  WHERE "personal_connections"."verb_id" = $1  [["verb_id", 48]]
11:09:15 web.1  |   [1m[36m (0.5ms)[0m  [1mSELECT COUNT(*) FROM "personal_connections"  WHERE "personal_connections"."verb_id" = $1[0m  [["verb_id", 342]]
11:09:15 web.1  |   [1m[36m (0.3ms)[0m  [1mSELECT COUNT(*) FROM "personal_connections"  WHERE "personal_connections"."verb_id" = $1[0m  [["verb_id", 1266]]
11:09:15 web.1  |   [1m[35m (0.5ms)[0m  SELECT COUNT(*) FROM "personal_connections"  WHERE "personal_connections"."verb_id" = $1  [["verb_id", 242]]
11:09:15 web.1  |   [1m[35m (0.3ms)[0m  SELECT COUNT(*) FROM "personal_connections"  WHERE "personal_connections"."verb_id" = $1  [["verb_id", 376]]
11:09:15 web.1  |   [1m[36m (0.3ms)[0m  [1mSELECT COUNT(*) FROM "personal_connections"  WHERE "personal_connections"."verb_id" = $1[0m  [["verb_id", 802]]
11:09:15 web.1  |   [1m[36m (0.3ms)[0m  [1mSELECT COUNT(*) FROM "personal_connections"  WHERE "personal_connections"."verb_id" = $1[0m  [["verb_id", 1522]]
11:09:15 web.1  |   [1m[35m (0.5ms)[0m  SELECT COUNT(*) FROM "personal_connections"  WHERE "personal_connections"."verb_id" = $1  [["verb_id", 442]]
11:09:15 web.1  |   [1m[35m (0.3ms)[0m  SELECT COUNT(*) FROM "personal_connections"  WHERE "personal_connections"."verb_id" = $1  [["verb_id", 1150]]
11:09:15 web.1  |   [1m[36m (0.5ms)[0m  [1mSELECT COUNT(*) FROM "personal_connections"  WHERE "personal_connections"."verb_id" = $1[0m  [["verb_id", 1156]]
11:09:15 web.1  |   [1m[36m (0.3ms)[0m  [1mSELECT COUNT(*) FROM "personal_connections"  WHERE "personal_connections"."verb_id" = $1[0m  [["verb_id", 356]]
11:09:15 web.1  |   [1m[35m (0.4ms)[0m  SELECT COUNT(*) FROM "personal_connections"  WHERE "personal_connections"."verb_id" = $1  [["verb_id", 370]]
11:09:15 web.1  |   [1m[35m (0.3ms)[0m  SELECT COUNT(*) FROM "personal_connections"  WHERE "personal_connections"."verb_id" = $1  [["verb_id", 762]]
11:09:15 web.1  |   [1m[36m (0.3ms)[0m  [1mSELECT COUNT(*) FROM "personal_connections"  WHERE "personal_connections"."verb_id" = $1[0m  [["verb_id", 1162]]
11:09:15 web.1  |   [1m[36m (0.3ms)[0m  [1mSELECT COUNT(*) FROM "personal_connections"  WHERE "personal_connections"."verb_id" = $1[0m  [["verb_id", 1366]]
11:09:15 web.1  |   [1m[35m (0.4ms)[0m  SELECT COUNT(*) FROM "personal_connections"  WHERE "personal_connections"."verb_id" = $1  [["verb_id", 452]]
11:09:15 web.1  |   [1m[35m (0.2ms)[0m  SELECT COUNT(*) FROM "personal_connections"  WHERE "personal_connections"."verb_id" = $1  [["verb_id", 1367]]
11:09:15 web.1  |   [1m[36m (0.3ms)[0m  [1mSELECT COUNT(*) FROM "personal_connections"  WHERE "personal_connections"."verb_id" = $1[0m  [["verb_id", 1270]]
11:09:15 web.1  |   [1m[36m (0.2ms)[0m  [1mSELECT COUNT(*) FROM "personal_connections"  WHERE "personal_connections"."verb_id" = $1[0m  [["verb_id", 806]]
11:09:15 web.1  |   [1m[35m (0.3ms)[0m  SELECT COUNT(*) FROM "personal_connections"  WHERE "personal_connections"."verb_id" = $1  [["verb_id", 1135]]
11:09:15 web.1  |   [1m[35m (0.3ms)[0m  SELECT COUNT(*) FROM "personal_connections"  WHERE "personal_connections"."verb_id" = $1  [["verb_id", 994]]
11:09:15 web.1  |   [1m[36m (0.4ms)[0m  [1mSELECT COUNT(*) FROM "personal_connections"  WHERE "personal_connections"."verb_id" = $1[0m  [["verb_id", 282]]
11:09:15 web.1  |   [1m[36m (0.7ms)[0m  [1mSELECT COUNT(*) FROM "personal_connections"  WHERE "personal_connections"."verb_id" = $1[0m  [["verb_id", 1342]]
11:09:15 web.1  |   [1m[35m (0.3ms)[0m  SELECT COUNT(*) FROM "personal_connections"  WHERE "personal_connections"."verb_id" = $1  [["verb_id", 1462]]
11:09:15 web.1  |   [1m[35m (1.2ms)[0m  SELECT COUNT(*) FROM "personal_connections"  WHERE "personal_connections"."verb_id" = $1  [["verb_id", 789]]
11:09:15 web.1  |   [1m[36m (0.4ms)[0m  [1mSELECT COUNT(*) FROM "personal_connections"  WHERE "personal_connections"."verb_id" = $1[0m  [["verb_id", 912]]
11:09:15 web.1  |   [1m[36m (0.5ms)[0m  [1mSELECT COUNT(*) FROM "personal_connections"  WHERE "personal_connections"."verb_id" = $1[0m  [["verb_id", 1321]]
11:09:15 web.1  |   [1m[35m (0.3ms)[0m  SELECT COUNT(*) FROM "personal_connections"  WHERE "personal_connections"."verb_id" = $1  [["verb_id", 256]]
11:09:15 web.1  |   [1m[35m (0.3ms)[0m  SELECT COUNT(*) FROM "personal_connections"  WHERE "personal_connections"."verb_id" = $1  [["verb_id", 464]]
11:09:15 web.1  |   [1m[36m (0.5ms)[0m  [1mSELECT COUNT(*) FROM "personal_connections"  WHERE "personal_connections"."verb_id" = $1[0m  [["verb_id", 478]]
11:09:15 web.1  |   [1m[36m (0.3ms)[0m  [1mSELECT COUNT(*) FROM "personal_connections"  WHERE "personal_connections"."verb_id" = $1[0m  [["verb_id", 272]]
11:09:15 web.1  |   [1m[35m (0.3ms)[0m  SELECT COUNT(*) FROM "personal_connections"  WHERE "personal_connections"."verb_id" = $1  [["verb_id", 1441]]
11:09:15 web.1  |   [1m[35m (0.3ms)[0m  SELECT COUNT(*) FROM "personal_connections"  WHERE "personal_connections"."verb_id" = $1  [["verb_id", 923]]
11:09:15 web.1  |   [1m[36m (0.4ms)[0m  [1mSELECT COUNT(*) FROM "personal_connections"  WHERE "personal_connections"."verb_id" = $1[0m  [["verb_id", 1545]]
11:09:15 web.1  |   [1m[36m (0.5ms)[0m  [1mSELECT COUNT(*) FROM "personal_connections"  WHERE "personal_connections"."verb_id" = $1[0m  [["verb_id", 931]]
11:09:15 web.1  |   [1m[35m (0.2ms)[0m  SELECT COUNT(*) FROM "personal_connections"  WHERE "personal_connections"."verb_id" = $1  [["verb_id", 424]]
11:09:15 web.1  |   [1m[35m (0.3ms)[0m  SELECT COUNT(*) FROM "personal_connections"  WHERE "personal_connections"."verb_id" = $1  [["verb_id", 921]]
11:09:15 web.1  |   [1m[36m (0.5ms)[0m  [1mSELECT COUNT(*) FROM "personal_connections"  WHERE "personal_connections"."verb_id" = $1[0m  [["verb_id", 306]]
11:09:15 web.1  |   [1m[36m (0.3ms)[0m  [1mSELECT COUNT(*) FROM "personal_connections"  WHERE "personal_connections"."verb_id" = $1[0m  [["verb_id", 234]]
11:09:15 web.1  |   [1m[35m (0.5ms)[0m  SELECT COUNT(*) FROM "personal_connections"  WHERE "personal_connections"."verb_id" = $1  [["verb_id", 1259]]
11:09:15 web.1  |   [1m[35m (0.3ms)[0m  SELECT COUNT(*) FROM "personal_connections"  WHERE "personal_connections"."verb_id" = $1  [["verb_id", 149]]
11:09:15 web.1  |   [1m[36m (0.5ms)[0m  [1mSELECT COUNT(*) FROM "personal_connections"  WHERE "personal_connections"."verb_id" = $1[0m  [["verb_id", 884]]
11:09:15 web.1  |   [1m[36m (0.3ms)[0m  [1mSELECT COUNT(*) FROM "personal_connections"  WHERE "personal_connections"."verb_id" = $1[0m  [["verb_id", 1467]]
11:09:15 web.1  |   [1m[35m (0.3ms)[0m  SELECT COUNT(*) FROM "personal_connections"  WHERE "personal_connections"."verb_id" = $1  [["verb_id", 1025]]
11:09:15 web.1  |   [1m[35m (0.3ms)[0m  SELECT COUNT(*) FROM "personal_connections"  WHERE "personal_connections"."verb_id" = $1  [["verb_id", 938]]
11:09:15 web.1  |   [1m[36m (0.3ms)[0m  [1mSELECT COUNT(*) FROM "personal_connections"  WHERE "personal_connections"."verb_id" = $1[0m  [["verb_id", 378]]
11:09:15 web.1  |   [1m[36m (0.3ms)[0m  [1mSELECT COUNT(*) FROM "personal_connections"  WHERE "personal_connections"."verb_id" = $1[0m  [["verb_id", 1109]]
11:09:15 web.1  |   [1m[35m (0.3ms)[0m  SELECT COUNT(*) FROM "personal_connections"  WHERE "personal_connections"."verb_id" = $1  [["verb_id", 165]]
11:09:15 web.1  |   [1m[35m (0.2ms)[0m  SELECT COUNT(*) FROM "personal_connections"  WHERE "personal_connections"."verb_id" = $1  [["verb_id", 1369]]
11:09:15 web.1  |   [1m[36m (0.8ms)[0m  [1mSELECT COUNT(*) FROM "personal_connections"  WHERE "personal_connections"."verb_id" = $1[0m  [["verb_id", 93]]
11:09:15 web.1  |   [1m[36m (1.0ms)[0m  [1mSELECT COUNT(*) FROM "personal_connections"  WHERE "personal_connections"."verb_id" = $1[0m  [["verb_id", 1113]]
11:09:15 web.1  |   [1m[35m (0.3ms)[0m  SELECT COUNT(*) FROM "personal_connections"  WHERE "personal_connections"."verb_id" = $1  [["verb_id", 336]]
11:09:15 web.1  |   [1m[35m (1.5ms)[0m  SELECT COUNT(*) FROM "personal_connections"  WHERE "personal_connections"."verb_id" = $1  [["verb_id", 1]]
11:09:15 web.1  |   [1m[36m (0.3ms)[0m  [1mSELECT COUNT(*) FROM "personal_connections"  WHERE "personal_connections"."verb_id" = $1[0m  [["verb_id", 1169]]
11:09:15 web.1  |   [1m[36m (0.3ms)[0m  [1mSELECT COUNT(*) FROM "personal_connections"  WHERE "personal_connections"."verb_id" = $1[0m  [["verb_id", 1151]]
11:09:15 web.1  |   [1m[35m (0.4ms)[0m  SELECT COUNT(*) FROM "personal_connections"  WHERE "personal_connections"."verb_id" = $1  [["verb_id", 1380]]
11:09:15 web.1  |   [1m[35m (0.4ms)[0m  SELECT COUNT(*) FROM "personal_connections"  WHERE "personal_connections"."verb_id" = $1  [["verb_id", 1426]]
11:09:15 web.1  |   [1m[36m (0.5ms)[0m  [1mSELECT COUNT(*) FROM "personal_connections"  WHERE "personal_connections"."verb_id" = $1[0m  [["verb_id", 1116]]
11:09:15 web.1  |   [1m[36m (0.3ms)[0m  [1mSELECT COUNT(*) FROM "personal_connections"  WHERE "personal_connections"."verb_id" = $1[0m  [["verb_id", 1435]]
11:09:15 web.1  |   [1m[35m (0.3ms)[0m  SELECT COUNT(*) FROM "personal_connections"  WHERE "personal_connections"."verb_id" = $1  [["verb_id", 1408]]
11:09:16 web.1  |   [1m[35m (0.3ms)[0m  SELECT COUNT(*) FROM "personal_connections"  WHERE "personal_connections"."verb_id" = $1  [["verb_id", 1333]]
11:09:16 web.1  |   [1m[36m (0.3ms)[0m  [1mSELECT COUNT(*) FROM "personal_connections"  WHERE "personal_connections"."verb_id" = $1[0m  [["verb_id", 1311]]
11:09:16 web.1  |   [1m[36m (0.5ms)[0m  [1mSELECT COUNT(*) FROM "personal_connections"  WHERE "personal_connections"."verb_id" = $1[0m  [["verb_id", 1383]]
11:09:16 web.1  |   [1m[35m (0.3ms)[0m  SELECT COUNT(*) FROM "personal_connections"  WHERE "personal_connections"."verb_id" = $1  [["verb_id", 654]]
11:09:16 web.1  |   [1m[35m (0.3ms)[0m  SELECT COUNT(*) FROM "personal_connections"  WHERE "personal_connections"."verb_id" = $1  [["verb_id", 1328]]
11:09:16 web.1  |   [1m[36m (0.3ms)[0m  [1mSELECT COUNT(*) FROM "personal_connections"  WHERE "personal_connections"."verb_id" = $1[0m  [["verb_id", 979]]
11:09:16 web.1  |   [1m[36m (0.5ms)[0m  [1mSELECT COUNT(*) FROM "personal_connections"  WHERE "personal_connections"."verb_id" = $1[0m  [["verb_id", 534]]
11:09:16 web.1  |   [1m[35m (0.3ms)[0m  SELECT COUNT(*) FROM "personal_connections"  WHERE "personal_connections"."verb_id" = $1  [["verb_id", 1486]]
11:09:16 web.1  |   [1m[35m (0.5ms)[0m  SELECT COUNT(*) FROM "personal_connections"  WHERE "personal_connections"."verb_id" = $1  [["verb_id", 334]]
11:09:16 web.1  |   [1m[36m (0.7ms)[0m  [1mSELECT COUNT(*) FROM "personal_connections"  WHERE "personal_connections"."verb_id" = $1[0m  [["verb_id", 1502]]
11:09:16 web.1  |   [1m[36m (0.4ms)[0m  [1mSELECT COUNT(*) FROM "personal_connections"  WHERE "personal_connections"."verb_id" = $1[0m  [["verb_id", 2]]
11:09:16 web.1  |   [1m[35m (0.3ms)[0m  SELECT COUNT(*) FROM "personal_connections"  WHERE "personal_connections"."verb_id" = $1  [["verb_id", 1029]]
11:09:16 web.1  |   [1m[35m (0.3ms)[0m  SELECT COUNT(*) FROM "personal_connections"  WHERE "personal_connections"."verb_id" = $1  [["verb_id", 1120]]
11:09:16 web.1  |   [1m[36m (0.3ms)[0m  [1mSELECT COUNT(*) FROM "personal_connections"  WHERE "personal_connections"."verb_id" = $1[0m  [["verb_id", 1182]]
11:09:16 web.1  |   [1m[35m (0.5ms)[0m  SELECT COUNT(*) FROM "personal_connections"  WHERE "personal_connections"."verb_id" = $1  [["verb_id", 1227]]
11:09:16 web.1  |   [1m[36m (0.3ms)[0m  [1mSELECT COUNT(*) FROM "personal_connections"  WHERE "personal_connections"."verb_id" = $1[0m  [["verb_id", 844]]
11:09:16 web.1  |   [1m[36m (0.5ms)[0m  [1mSELECT COUNT(*) FROM "personal_connections"  WHERE "personal_connections"."verb_id" = $1[0m  [["verb_id", 1202]]
11:09:16 web.1  |   [1m[35m (0.3ms)[0m  SELECT COUNT(*) FROM "personal_connections"  WHERE "personal_connections"."verb_id" = $1  [["verb_id", 1210]]
11:09:16 web.1  |   [1m[35m (0.5ms)[0m  SELECT COUNT(*) FROM "personal_connections"  WHERE "personal_connections"."verb_id" = $1  [["verb_id", 308]]
11:09:16 web.1  |   [1m[36m (0.3ms)[0m  [1mSELECT COUNT(*) FROM "personal_connections"  WHERE "personal_connections"."verb_id" = $1[0m  [["verb_id", 1089]]
11:09:16 web.1  |   [1m[36m (0.3ms)[0m  [1mSELECT COUNT(*) FROM "personal_connections"  WHERE "personal_connections"."verb_id" = $1[0m  [["verb_id", 1155]]
11:09:16 web.1  |   [1m[35m (0.3ms)[0m  SELECT COUNT(*) FROM "personal_connections"  WHERE "personal_connections"."verb_id" = $1  [["verb_id", 314]]
11:09:16 web.1  |   [1m[35m (0.3ms)[0m  SELECT COUNT(*) FROM "personal_connections"  WHERE "personal_connections"."verb_id" = $1  [["verb_id", 1300]]
11:09:16 web.1  |   [1m[36m (0.4ms)[0m  [1mSELECT COUNT(*) FROM "personal_connections"  WHERE "personal_connections"."verb_id" = $1[0m  [["verb_id", 205]]
11:09:16 web.1  |   [1m[35m (0.2ms)[0m  SELECT COUNT(*) FROM "personal_connections"  WHERE "personal_connections"."verb_id" = $1  [["verb_id", 703]]
11:09:16 web.1  |   [1m[36m (1.0ms)[0m  [1mSELECT COUNT(*) FROM "personal_connections"  WHERE "personal_connections"."verb_id" = $1[0m  [["verb_id", 109]]
11:09:16 web.1  |   [1m[36m (0.3ms)[0m  [1mSELECT COUNT(*) FROM "personal_connections"  WHERE "personal_connections"."verb_id" = $1[0m  [["verb_id", 1219]]
11:09:16 web.1  |   [1m[35m (0.5ms)[0m  SELECT COUNT(*) FROM "personal_connections"  WHERE "personal_connections"."verb_id" = $1  [["verb_id", 502]]
11:09:16 web.1  |   [1m[35m (0.3ms)[0m  SELECT COUNT(*) FROM "personal_connections"  WHERE "personal_connections"."verb_id" = $1  [["verb_id", 640]]
11:09:16 web.1  |   [1m[36m (0.3ms)[0m  [1mSELECT COUNT(*) FROM "personal_connections"  WHERE "personal_connections"."verb_id" = $1[0m  [["verb_id", 51]]
11:09:16 web.1  |   [1m[36m (0.3ms)[0m  [1mSELECT COUNT(*) FROM "personal_connections"  WHERE "personal_connections"."verb_id" = $1[0m  [["verb_id", 248]]
11:09:16 web.1  |   [1m[35m (0.3ms)[0m  SELECT COUNT(*) FROM "personal_connections"  WHERE "personal_connections"."verb_id" = $1  [["verb_id", 1563]]
11:09:16 web.1  |   [1m[35m (0.6ms)[0m  SELECT COUNT(*) FROM "personal_connections"  WHERE "personal_connections"."verb_id" = $1  [["verb_id", 781]]
11:09:16 web.1  |   [1m[36m (0.5ms)[0m  [1mSELECT COUNT(*) FROM "personal_connections"  WHERE "personal_connections"."verb_id" = $1[0m  [["verb_id", 1562]]
11:09:16 web.1  |   [1m[36m (0.3ms)[0m  [1mSELECT COUNT(*) FROM "personal_connections"  WHERE "personal_connections"."verb_id" = $1[0m  [["verb_id", 820]]
11:09:16 web.1  |   [1m[35m (0.3ms)[0m  SELECT COUNT(*) FROM "personal_connections"  WHERE "personal_connections"."verb_id" = $1  [["verb_id", 236]]
11:09:16 web.1  |   [1m[35m (0.3ms)[0m  SELECT COUNT(*) FROM "personal_connections"  WHERE "personal_connections"."verb_id" = $1  [["verb_id", 65]]
11:09:16 web.1  |   [1m[36m (0.3ms)[0m  [1mSELECT COUNT(*) FROM "personal_connections"  WHERE "personal_connections"."verb_id" = $1[0m  [["verb_id", 484]]
11:09:16 web.1  |   [1m[36m (0.6ms)[0m  [1mSELECT COUNT(*) FROM "personal_connections"  WHERE "personal_connections"."verb_id" = $1[0m  [["verb_id", 1399]]
11:09:16 web.1  |   [1m[35m (0.3ms)[0m  SELECT COUNT(*) FROM "personal_connections"  WHERE "personal_connections"."verb_id" = $1  [["verb_id", 1238]]
11:09:16 web.1  |   [1m[35m (0.3ms)[0m  SELECT COUNT(*) FROM "personal_connections"  WHERE "personal_connections"."verb_id" = $1  [["verb_id", 434]]
11:09:16 web.1  |   [1m[36m (0.3ms)[0m  [1mSELECT COUNT(*) FROM "personal_connections"  WHERE "personal_connections"."verb_id" = $1[0m  [["verb_id", 1337]]
11:09:16 web.1  |   [1m[36m (0.4ms)[0m  [1mSELECT COUNT(*) FROM "personal_connections"  WHERE "personal_connections"."verb_id" = $1[0m  [["verb_id", 909]]
11:09:16 web.1  |   [1m[35m (0.3ms)[0m  SELECT COUNT(*) FROM "personal_connections"  WHERE "personal_connections"."verb_id" = $1  [["verb_id", 1365]]
11:09:16 web.1  |   [1m[36m (0.3ms)[0m  [1mSELECT COUNT(*) FROM "personal_connections"  WHERE "personal_connections"."verb_id" = $1[0m  [["verb_id", 1417]]
11:09:16 web.1  |   [1m[35m (0.3ms)[0m  SELECT COUNT(*) FROM "personal_connections"  WHERE "personal_connections"."verb_id" = $1  [["verb_id", 743]]
11:09:16 web.1  |   [1m[35m (0.3ms)[0m  SELECT COUNT(*) FROM "personal_connections"  WHERE "personal_connections"."verb_id" = $1  [["verb_id", 432]]
11:09:16 web.1  |   [1m[36m (0.3ms)[0m  [1mSELECT COUNT(*) FROM "personal_connections"  WHERE "personal_connections"."verb_id" = $1[0m  [["verb_id", 1286]]
11:09:16 web.1  |   [1m[36m (0.3ms)[0m  [1mSELECT COUNT(*) FROM "personal_connections"  WHERE "personal_connections"."verb_id" = $1[0m  [["verb_id", 697]]
11:09:16 web.1  |   [1m[35m (0.3ms)[0m  SELECT COUNT(*) FROM "personal_connections"  WHERE "personal_connections"."verb_id" = $1  [["verb_id", 1416]]
11:09:16 web.1  |   [1m[35m (0.3ms)[0m  SELECT COUNT(*) FROM "personal_connections"  WHERE "personal_connections"."verb_id" = $1  [["verb_id", 228]]
11:09:16 web.1  |   [1m[36m (0.3ms)[0m  [1mSELECT COUNT(*) FROM "personal_connections"  WHERE "personal_connections"."verb_id" = $1[0m  [["verb_id", 1111]]
11:09:16 web.1  |   [1m[36m (0.3ms)[0m  [1mSELECT COUNT(*) FROM "personal_connections"  WHERE "personal_connections"."verb_id" = $1[0m  [["verb_id", 1530]]
11:09:16 web.1  |   [1m[35m (0.3ms)[0m  SELECT COUNT(*) FROM "personal_connections"  WHERE "personal_connections"."verb_id" = $1  [["verb_id", 1438]]
11:09:16 web.1  |   [1m[35m (0.5ms)[0m  SELECT COUNT(*) FROM "personal_connections"  WHERE "personal_connections"."verb_id" = $1  [["verb_id", 1585]]
11:09:16 web.1  |   [1m[36m (0.3ms)[0m  [1mSELECT COUNT(*) FROM "personal_connections"  WHERE "personal_connections"."verb_id" = $1[0m  [["verb_id", 61]]
11:09:16 web.1  |   [1m[36m (0.3ms)[0m  [1mSELECT COUNT(*) FROM "personal_connections"  WHERE "personal_connections"."verb_id" = $1[0m  [["verb_id", 948]]
11:09:16 web.1  |   [1m[35m (0.3ms)[0m  SELECT COUNT(*) FROM "personal_connections"  WHERE "personal_connections"."verb_id" = $1  [["verb_id", 16]]
11:09:16 web.1  |   [1m[35m (0.3ms)[0m  SELECT COUNT(*) FROM "personal_connections"  WHERE "personal_connections"."verb_id" = $1  [["verb_id", 1314]]
11:09:16 web.1  |   [1m[36m (0.3ms)[0m  [1mSELECT COUNT(*) FROM "personal_connections"  WHERE "personal_connections"."verb_id" = $1[0m  [["verb_id", 747]]
11:09:16 web.1  |   [1m[36m (0.3ms)[0m  [1mSELECT COUNT(*) FROM "personal_connections"  WHERE "personal_connections"."verb_id" = $1[0m  [["verb_id", 1315]]
11:09:16 web.1  |   [1m[35m (0.4ms)[0m  SELECT COUNT(*) FROM "personal_connections"  WHERE "personal_connections"."verb_id" = $1  [["verb_id", 958]]
11:09:16 web.1  |   [1m[35m (0.3ms)[0m  SELECT COUNT(*) FROM "personal_connections"  WHERE "personal_connections"."verb_id" = $1  [["verb_id", 596]]
11:09:16 web.1  |   [1m[36m (0.3ms)[0m  [1mSELECT COUNT(*) FROM "personal_connections"  WHERE "personal_connections"."verb_id" = $1[0m  [["verb_id", 544]]
11:09:16 web.1  |   [1m[36m (0.2ms)[0m  [1mSELECT COUNT(*) FROM "personal_connections"  WHERE "personal_connections"."verb_id" = $1[0m  [["verb_id", 842]]
11:09:16 web.1  |   [1m[35m (0.3ms)[0m  SELECT COUNT(*) FROM "personal_connections"  WHERE "personal_connections"."verb_id" = $1  [["verb_id", 1009]]
11:09:16 web.1  |   [1m[36m (0.4ms)[0m  [1mSELECT COUNT(*) FROM "personal_connections"  WHERE "personal_connections"."verb_id" = $1[0m  [["verb_id", 1040]]
11:09:16 web.1  |   [1m[35m (0.2ms)[0m  SELECT COUNT(*) FROM "personal_connections"  WHERE "personal_connections"."verb_id" = $1  [["verb_id", 1295]]
11:09:16 web.1  |   [1m[35m (0.4ms)[0m  SELECT COUNT(*) FROM "personal_connections"  WHERE "personal_connections"."verb_id" = $1  [["verb_id", 296]]
11:09:16 web.1  |   [1m[36m (0.2ms)[0m  [1mSELECT COUNT(*) FROM "personal_connections"  WHERE "personal_connections"."verb_id" = $1[0m  [["verb_id", 468]]
11:09:16 web.1  |   [1m[36m (0.4ms)[0m  [1mSELECT COUNT(*) FROM "personal_connections"  WHERE "personal_connections"."verb_id" = $1[0m  [["verb_id", 696]]
11:09:16 web.1  |   [1m[35m (0.4ms)[0m  SELECT COUNT(*) FROM "personal_connections"  WHERE "personal_connections"."verb_id" = $1  [["verb_id", 1481]]
11:09:16 web.1  |   [1m[35m (0.3ms)[0m  SELECT COUNT(*) FROM "personal_connections"  WHERE "personal_connections"."verb_id" = $1  [["verb_id", 1103]]
11:09:16 web.1  |   [1m[36m (0.4ms)[0m  [1mSELECT COUNT(*) FROM "personal_connections"  WHERE "personal_connections"."verb_id" = $1[0m  [["verb_id", 1574]]
11:09:16 web.1  |   [1m[36m (0.3ms)[0m  [1mSELECT COUNT(*) FROM "personal_connections"  WHERE "personal_connections"."verb_id" = $1[0m  [["verb_id", 757]]
11:09:16 web.1  |   [1m[35m (0.3ms)[0m  SELECT COUNT(*) FROM "personal_connections"  WHERE "personal_connections"."verb_id" = $1  [["verb_id", 1149]]
11:09:16 web.1  |   [1m[35m (0.3ms)[0m  SELECT COUNT(*) FROM "personal_connections"  WHERE "personal_connections"."verb_id" = $1  [["verb_id", 488]]
11:09:16 web.1  |   [1m[36m (0.3ms)[0m  [1mSELECT COUNT(*) FROM "personal_connections"  WHERE "personal_connections"."verb_id" = $1[0m  [["verb_id", 1541]]
11:09:16 web.1  |   [1m[36m (0.3ms)[0m  [1mSELECT COUNT(*) FROM "personal_connections"  WHERE "personal_connections"."verb_id" = $1[0m  [["verb_id", 840]]
11:09:16 web.1  |   [1m[35m (0.3ms)[0m  SELECT COUNT(*) FROM "personal_connections"  WHERE "personal_connections"."verb_id" = $1  [["verb_id", 646]]
11:09:16 web.1  |   [1m[35m (0.3ms)[0m  SELECT COUNT(*) FROM "personal_connections"  WHERE "personal_connections"."verb_id" = $1  [["verb_id", 817]]
11:09:16 web.1  |   [1m[36m (0.3ms)[0m  [1mSELECT COUNT(*) FROM "personal_connections"  WHERE "personal_connections"."verb_id" = $1[0m  [["verb_id", 719]]
11:09:16 web.1  |   [1m[36m (0.3ms)[0m  [1mSELECT COUNT(*) FROM "personal_connections"  WHERE "personal_connections"."verb_id" = $1[0m  [["verb_id", 1565]]
11:09:16 web.1  |   [1m[35m (0.3ms)[0m  SELECT COUNT(*) FROM "personal_connections"  WHERE "personal_connections"."verb_id" = $1  [["verb_id", 1402]]
11:09:16 web.1  |   [1m[35m (0.3ms)[0m  SELECT COUNT(*) FROM "personal_connections"  WHERE "personal_connections"."verb_id" = $1  [["verb_id", 1173]]
11:09:16 web.1  |   [1m[36m (0.3ms)[0m  [1mSELECT COUNT(*) FROM "personal_connections"  WHERE "personal_connections"."verb_id" = $1[0m  [["verb_id", 48]]
11:09:16 web.1  |   [1m[36m (0.3ms)[0m  [1mSELECT COUNT(*) FROM "personal_connections"  WHERE "personal_connections"."verb_id" = $1[0m  [["verb_id", 1564]]
11:09:16 web.1  |   [1m[35m (0.6ms)[0m  SELECT COUNT(*) FROM "personal_connections"  WHERE "personal_connections"."verb_id" = $1  [["verb_id", 1266]]
11:09:16 web.1  |   [1m[35m (0.3ms)[0m  SELECT COUNT(*) FROM "personal_connections"  WHERE "personal_connections"."verb_id" = $1  [["verb_id", 1095]]
11:09:16 web.1  |   [1m[36m (0.4ms)[0m  [1mSELECT COUNT(*) FROM "personal_connections"  WHERE "personal_connections"."verb_id" = $1[0m  [["verb_id", 739]]
11:09:16 web.1  |   [1m[36m (0.8ms)[0m  [1mSELECT COUNT(*) FROM "personal_connections"  WHERE "personal_connections"."verb_id" = $1[0m  [["verb_id", 376]]
11:09:16 web.1  |   [1m[35m (0.4ms)[0m  SELECT COUNT(*) FROM "personal_connections"  WHERE "personal_connections"."verb_id" = $1  [["verb_id", 1310]]
11:09:16 web.1  |   [1m[35m (2.1ms)[0m  SELECT COUNT(*) FROM "personal_connections"  WHERE "personal_connections"."verb_id" = $1  [["verb_id", 1522]]
11:09:16 web.1  |   [1m[36m (0.3ms)[0m  [1mSELECT COUNT(*) FROM "personal_connections"  WHERE "personal_connections"."verb_id" = $1[0m  [["verb_id", 738]]
11:09:16 web.1  |   [1m[36m (0.3ms)[0m  [1mSELECT COUNT(*) FROM "personal_connections"  WHERE "personal_connections"."verb_id" = $1[0m  [["verb_id", 1150]]
11:09:16 web.1  |   [1m[35m (0.3ms)[0m  SELECT COUNT(*) FROM "personal_connections"  WHERE "personal_connections"."verb_id" = $1  [["verb_id", 1139]]
11:09:16 web.1  |   [1m[35m (0.3ms)[0m  SELECT COUNT(*) FROM "personal_connections"  WHERE "personal_connections"."verb_id" = $1  [["verb_id", 356]]
11:09:16 web.1  |   [1m[36m (0.3ms)[0m  [1mSELECT COUNT(*) FROM "personal_connections"  WHERE "personal_connections"."verb_id" = $1[0m  [["verb_id", 728]]
11:09:16 web.1  |   [1m[35m (0.4ms)[0m  SELECT COUNT(*) FROM "personal_connections"  WHERE "personal_connections"."verb_id" = $1  [["verb_id", 1138]]
11:09:16 web.1  |   [1m[36m (0.4ms)[0m  [1mSELECT COUNT(*) FROM "personal_connections"  WHERE "personal_connections"."verb_id" = $1[0m  [["verb_id", 762]]
11:09:16 web.1  |   [1m[36m (0.3ms)[0m  [1mSELECT COUNT(*) FROM "personal_connections"  WHERE "personal_connections"."verb_id" = $1[0m  [["verb_id", 727]]
11:09:16 web.1  |   [1m[35m (0.3ms)[0m  SELECT COUNT(*) FROM "personal_connections"  WHERE "personal_connections"."verb_id" = $1  [["verb_id", 1366]]
11:09:16 web.1  |   [1m[35m (0.3ms)[0m  SELECT COUNT(*) FROM "personal_connections"  WHERE "personal_connections"."verb_id" = $1  [["verb_id", 868]]
11:09:16 web.1  |   [1m[36m (0.4ms)[0m  [1mSELECT COUNT(*) FROM "personal_connections"  WHERE "personal_connections"."verb_id" = $1[0m  [["verb_id", 1367]]
11:09:16 web.1  |   [1m[36m (0.3ms)[0m  [1mSELECT COUNT(*) FROM "personal_connections"  WHERE "personal_connections"."verb_id" = $1[0m  [["verb_id", 1063]]
11:09:16 web.1  |   [1m[35m (0.4ms)[0m  SELECT COUNT(*) FROM "personal_connections"  WHERE "personal_connections"."verb_id" = $1  [["verb_id", 1270]]
11:09:16 web.1  |   [1m[35m (0.4ms)[0m  SELECT COUNT(*) FROM "personal_connections"  WHERE "personal_connections"."verb_id" = $1  [["verb_id", 973]]
11:09:16 web.1  |   [1m[36m (0.3ms)[0m  [1mSELECT COUNT(*) FROM "personal_connections"  WHERE "personal_connections"."verb_id" = $1[0m  [["verb_id", 1135]]
11:09:16 web.1  |   [1m[36m (0.3ms)[0m  [1mSELECT COUNT(*) FROM "personal_connections"  WHERE "personal_connections"."verb_id" = $1[0m  [["verb_id", 872]]
11:09:16 web.1  |   [1m[35m (0.3ms)[0m  SELECT COUNT(*) FROM "personal_connections"  WHERE "personal_connections"."verb_id" = $1  [["verb_id", 282]]
11:09:16 web.1  |   [1m[35m (0.4ms)[0m  SELECT COUNT(*) FROM "personal_connections"  WHERE "personal_connections"."verb_id" = $1  [["verb_id", 161]]
11:09:16 web.1  |   [1m[36m (0.3ms)[0m  [1mSELECT COUNT(*) FROM "personal_connections"  WHERE "personal_connections"."verb_id" = $1[0m  [["verb_id", 482]]
11:09:16 web.1  |   [1m[36m (0.2ms)[0m  [1mSELECT COUNT(*) FROM "personal_connections"  WHERE "personal_connections"."verb_id" = $1[0m  [["verb_id", 1462]]
11:09:16 web.1  |   [1m[35m (0.4ms)[0m  SELECT COUNT(*) FROM "personal_connections"  WHERE "personal_connections"."verb_id" = $1  [["verb_id", 416]]
11:09:16 web.1  |   [1m[35m (0.3ms)[0m  SELECT COUNT(*) FROM "personal_connections"  WHERE "personal_connections"."verb_id" = $1  [["verb_id", 912]]
11:09:16 web.1  |   [1m[36m (0.4ms)[0m  [1mSELECT COUNT(*) FROM "personal_connections"  WHERE "personal_connections"."verb_id" = $1[0m  [["verb_id", 877]]
11:09:16 web.1  |   [1m[36m (0.3ms)[0m  [1mSELECT COUNT(*) FROM "personal_connections"  WHERE "personal_connections"."verb_id" = $1[0m  [["verb_id", 256]]
11:09:16 web.1  |   [1m[35m (0.3ms)[0m  SELECT COUNT(*) FROM "personal_connections"  WHERE "personal_connections"."verb_id" = $1  [["verb_id", 1460]]
11:09:16 web.1  |   [1m[35m (0.6ms)[0m  SELECT COUNT(*) FROM "personal_connections"  WHERE "personal_connections"."verb_id" = $1  [["verb_id", 478]]
11:09:16 web.1  |   [1m[36m (0.3ms)[0m  [1mSELECT COUNT(*) FROM "personal_connections"  WHERE "personal_connections"."verb_id" = $1[0m  [["verb_id", 510]]
11:09:16 web.1  |   [1m[36m (0.3ms)[0m  [1mSELECT COUNT(*) FROM "personal_connections"  WHERE "personal_connections"."verb_id" = $1[0m  [["verb_id", 1441]]
11:09:16 web.1  |   [1m[35m (0.5ms)[0m  SELECT COUNT(*) FROM "personal_connections"  WHERE "personal_connections"."verb_id" = $1  [["verb_id", 779]]
11:09:16 web.1  |   [1m[35m (0.3ms)[0m  SELECT COUNT(*) FROM "personal_connections"  WHERE "personal_connections"."verb_id" = $1  [["verb_id", 1545]]
11:09:16 web.1  |   [1m[36m (0.3ms)[0m  [1mSELECT COUNT(*) FROM "personal_connections"  WHERE "personal_connections"."verb_id" = $1[0m  [["verb_id", 594]]
11:09:16 web.1  |   [1m[35m (0.3ms)[0m  SELECT COUNT(*) FROM "personal_connections"  WHERE "personal_connections"."verb_id" = $1  [["verb_id", 717]]
11:09:16 web.1  |   [1m[36m (0.2ms)[0m  [1mSELECT COUNT(*) FROM "personal_connections"  WHERE "personal_connections"."verb_id" = $1[0m  [["verb_id", 424]]
11:09:16 web.1  |   [1m[36m (0.4ms)[0m  [1mSELECT COUNT(*) FROM "personal_connections"  WHERE "personal_connections"."verb_id" = $1[0m  [["verb_id", 718]]
11:09:16 web.1  |   [1m[35m (0.3ms)[0m  SELECT COUNT(*) FROM "personal_connections"  WHERE "personal_connections"."verb_id" = $1  [["verb_id", 306]]
11:09:16 web.1  |   [1m[35m (0.3ms)[0m  SELECT COUNT(*) FROM "personal_connections"  WHERE "personal_connections"."verb_id" = $1  [["verb_id", 1059]]
11:09:16 web.1  |   [1m[36m (0.3ms)[0m  [1mSELECT COUNT(*) FROM "personal_connections"  WHERE "personal_connections"."verb_id" = $1[0m  [["verb_id", 1259]]
11:09:16 web.1  |   [1m[36m (0.4ms)[0m  [1mSELECT COUNT(*) FROM "personal_connections"  WHERE "personal_connections"."verb_id" = $1[0m  [["verb_id", 1057]]
11:09:16 web.1  |   [1m[35m (0.3ms)[0m  SELECT COUNT(*) FROM "personal_connections"  WHERE "personal_connections"."verb_id" = $1  [["verb_id", 1058]]
11:09:16 web.1  |   [1m[35m (0.2ms)[0m  SELECT COUNT(*) FROM "personal_connections"  WHERE "personal_connections"."verb_id" = $1  [["verb_id", 884]]
11:09:16 web.1  |   [1m[36m (0.3ms)[0m  [1mSELECT COUNT(*) FROM "personal_connections"  WHERE "personal_connections"."verb_id" = $1[0m  [["verb_id", 1025]]
11:09:16 web.1  |   [1m[36m (0.3ms)[0m  [1mSELECT COUNT(*) FROM "personal_connections"  WHERE "personal_connections"."verb_id" = $1[0m  [["verb_id", 1060]]
11:09:16 web.1  |   [1m[35m (0.3ms)[0m  SELECT COUNT(*) FROM "personal_connections"  WHERE "personal_connections"."verb_id" = $1  [["verb_id", 378]]
11:09:16 web.1  |   [1m[35m (0.5ms)[0m  SELECT COUNT(*) FROM "personal_connections"  WHERE "personal_connections"."verb_id" = $1  [["verb_id", 1055]]
11:09:16 web.1  |   [1m[36m (0.4ms)[0m  [1mSELECT COUNT(*) FROM "personal_connections"  WHERE "personal_connections"."verb_id" = $1[0m  [["verb_id", 165]]
11:09:16 web.1  |   [1m[36m (0.5ms)[0m  [1mSELECT COUNT(*) FROM "personal_connections"  WHERE "personal_connections"."verb_id" = $1[0m  [["verb_id", 1056]]
11:09:16 web.1  |   [1m[35m (0.3ms)[0m  SELECT COUNT(*) FROM "personal_connections"  WHERE "personal_connections"."verb_id" = $1  [["verb_id", 1113]]
11:09:16 web.1  |   [1m[35m (0.3ms)[0m  SELECT COUNT(*) FROM "personal_connections"  WHERE "personal_connections"."verb_id" = $1  [["verb_id", 1061]]
11:09:16 web.1  |   [1m[36m (1.6ms)[0m  [1mSELECT COUNT(*) FROM "personal_connections"  WHERE "personal_connections"."verb_id" = $1[0m  [["verb_id", 1]]
11:09:16 web.1  |   [1m[35m (0.4ms)[0m  SELECT COUNT(*) FROM "personal_connections"  WHERE "personal_connections"."verb_id" = $1  [["verb_id", 1151]]
11:09:16 web.1  |   [1m[36m (0.4ms)[0m  [1mSELECT COUNT(*) FROM "personal_connections"  WHERE "personal_connections"."verb_id" = $1[0m  [["verb_id", 1426]]
11:09:16 web.1  |   [1m[36m (0.3ms)[0m  [1mSELECT COUNT(*) FROM "personal_connections"  WHERE "personal_connections"."verb_id" = $1[0m  [["verb_id", 12]]
11:09:16 web.1  |   [1m[35m (0.3ms)[0m  SELECT COUNT(*) FROM "personal_connections"  WHERE "personal_connections"."verb_id" = $1  [["verb_id", 1435]]
11:09:16 web.1  |   [1m[35m (0.3ms)[0m  SELECT COUNT(*) FROM "personal_connections"  WHERE "personal_connections"."verb_id" = $1  [["verb_id", 1412]]
11:09:16 web.1  |   [1m[36m (0.3ms)[0m  [1mSELECT COUNT(*) FROM "personal_connections"  WHERE "personal_connections"."verb_id" = $1[0m  [["verb_id", 1505]]
11:09:16 web.1  |   [1m[36m (0.3ms)[0m  [1mSELECT COUNT(*) FROM "personal_connections"  WHERE "personal_connections"."verb_id" = $1[0m  [["verb_id", 1333]]
11:09:16 web.1  |   [1m[35m (0.6ms)[0m  SELECT COUNT(*) FROM "personal_connections"  WHERE "personal_connections"."verb_id" = $1  [["verb_id", 1096]]
11:09:16 web.1  |   [1m[35m (0.3ms)[0m  SELECT COUNT(*) FROM "personal_connections"  WHERE "personal_connections"."verb_id" = $1  [["verb_id", 1383]]
11:09:16 web.1  |   [1m[36m (0.4ms)[0m  [1mSELECT COUNT(*) FROM "personal_connections"  WHERE "personal_connections"."verb_id" = $1[0m  [["verb_id", 1492]]
11:09:16 web.1  |   [1m[36m (0.2ms)[0m  [1mSELECT COUNT(*) FROM "personal_connections"  WHERE "personal_connections"."verb_id" = $1[0m  [["verb_id", 1328]]
11:09:16 web.1  |   [1m[35m (1.1ms)[0m  SELECT COUNT(*) FROM "personal_connections"  WHERE "personal_connections"."verb_id" = $1  [["verb_id", 534]]
11:09:16 web.1  |   [1m[35m (0.3ms)[0m  SELECT COUNT(*) FROM "personal_connections"  WHERE "personal_connections"."verb_id" = $1  [["verb_id", 105]]
11:09:16 web.1  |   [1m[36m (0.3ms)[0m  [1mSELECT COUNT(*) FROM "personal_connections"  WHERE "personal_connections"."verb_id" = $1[0m  [["verb_id", 334]]
11:09:16 web.1  |   [1m[36m (0.3ms)[0m  [1mSELECT COUNT(*) FROM "personal_connections"  WHERE "personal_connections"."verb_id" = $1[0m  [["verb_id", 1293]]
11:09:16 web.1  |   [1m[35m (0.3ms)[0m  SELECT COUNT(*) FROM "personal_connections"  WHERE "personal_connections"."verb_id" = $1  [["verb_id", 2]]
11:09:16 web.1  |   [1m[35m (0.3ms)[0m  SELECT COUNT(*) FROM "personal_connections"  WHERE "personal_connections"."verb_id" = $1  [["verb_id", 1020]]
11:09:16 web.1  |   [1m[36m (0.2ms)[0m  [1mSELECT COUNT(*) FROM "personal_connections"  WHERE "personal_connections"."verb_id" = $1[0m  [["verb_id", 1120]]
11:09:16 web.1  |   [1m[35m (0.3ms)[0m  SELECT COUNT(*) FROM "personal_connections"  WHERE "personal_connections"."verb_id" = $1  [["verb_id", 844]]
11:09:16 web.1  |   [1m[36m (0.2ms)[0m  [1mSELECT COUNT(*) FROM "personal_connections"  WHERE "personal_connections"."verb_id" = $1[0m  [["verb_id", 1351]]
11:09:16 web.1  |   [1m[36m (0.3ms)[0m  [1mSELECT COUNT(*) FROM "personal_connections"  WHERE "personal_connections"."verb_id" = $1[0m  [["verb_id", 1210]]
11:09:16 web.1  |   [1m[35m (0.3ms)[0m  SELECT COUNT(*) FROM "personal_connections"  WHERE "personal_connections"."verb_id" = $1  [["verb_id", 737]]
11:09:16 web.1  |   [1m[35m (0.3ms)[0m  SELECT COUNT(*) FROM "personal_connections"  WHERE "personal_connections"."verb_id" = $1  [["verb_id", 1089]]
11:09:16 web.1  |   [1m[36m (0.4ms)[0m  [1mSELECT COUNT(*) FROM "personal_connections"  WHERE "personal_connections"."verb_id" = $1[0m  [["verb_id", 11]]
11:09:16 web.1  |   [1m[36m (0.2ms)[0m  [1mSELECT COUNT(*) FROM "personal_connections"  WHERE "personal_connections"."verb_id" = $1[0m  [["verb_id", 314]]
11:09:16 web.1  |   [1m[35m (0.7ms)[0m  SELECT COUNT(*) FROM "personal_connections"  WHERE "personal_connections"."verb_id" = $1  [["verb_id", 205]]
11:09:16 web.1  |   [1m[35m (0.7ms)[0m  SELECT COUNT(*) FROM "personal_connections"  WHERE "personal_connections"."verb_id" = $1  [["verb_id", 742]]
11:09:16 web.1  |   [1m[36m (0.3ms)[0m  [1mSELECT COUNT(*) FROM "personal_connections"  WHERE "personal_connections"."verb_id" = $1[0m  [["verb_id", 703]]
11:09:16 web.1  |   [1m[36m (0.3ms)[0m  [1mSELECT COUNT(*) FROM "personal_connections"  WHERE "personal_connections"."verb_id" = $1[0m  [["verb_id", 414]]
11:09:16 web.1  |   [1m[35m (0.5ms)[0m  SELECT COUNT(*) FROM "personal_connections"  WHERE "personal_connections"."verb_id" = $1  [["verb_id", 1219]]
11:09:16 web.1  |   [1m[35m (0.3ms)[0m  SELECT COUNT(*) FROM "personal_connections"  WHERE "personal_connections"."verb_id" = $1  [["verb_id", 753]]
11:09:16 web.1  |   [1m[36m (0.3ms)[0m  [1mSELECT COUNT(*) FROM "personal_connections"  WHERE "personal_connections"."verb_id" = $1[0m  [["verb_id", 640]]
11:09:16 web.1  |   [1m[36m (0.3ms)[0m  [1mSELECT COUNT(*) FROM "personal_connections"  WHERE "personal_connections"."verb_id" = $1[0m  [["verb_id", 849]]
11:09:16 web.1  |   [1m[35m (0.3ms)[0m  SELECT COUNT(*) FROM "personal_connections"  WHERE "personal_connections"."verb_id" = $1  [["verb_id", 714]]
11:09:16 web.1  |   [1m[35m (0.3ms)[0m  SELECT COUNT(*) FROM "personal_connections"  WHERE "personal_connections"."verb_id" = $1  [["verb_id", 248]]
11:09:16 web.1  |   [1m[36m (0.3ms)[0m  [1mSELECT COUNT(*) FROM "personal_connections"  WHERE "personal_connections"."verb_id" = $1[0m  [["verb_id", 711]]
11:09:16 web.1  |   [1m[35m (0.3ms)[0m  SELECT COUNT(*) FROM "personal_connections"  WHERE "personal_connections"."verb_id" = $1  [["verb_id", 1472]]
11:09:16 web.1  |   [1m[36m (0.3ms)[0m  [1mSELECT COUNT(*) FROM "personal_connections"  WHERE "personal_connections"."verb_id" = $1[0m  [["verb_id", 1514]]
11:09:16 web.1  |   [1m[36m (0.3ms)[0m  [1mSELECT COUNT(*) FROM "personal_connections"  WHERE "personal_connections"."verb_id" = $1[0m  [["verb_id", 781]]
11:09:16 web.1  |   [1m[35m (0.6ms)[0m  SELECT COUNT(*) FROM "personal_connections"  WHERE "personal_connections"."verb_id" = $1  [["verb_id", 820]]
11:09:16 web.1  |   [1m[36m (0.3ms)[0m  [1mSELECT COUNT(*) FROM "personal_connections"  WHERE "personal_connections"."verb_id" = $1[0m  [["verb_id", 236]]
11:09:16 web.1  |   [1m[35m (0.3ms)[0m  SELECT COUNT(*) FROM "personal_connections"  WHERE "personal_connections"."verb_id" = $1  [["verb_id", 1470]]
11:09:16 web.1  |   [1m[36m (0.3ms)[0m  [1mSELECT COUNT(*) FROM "personal_connections"  WHERE "personal_connections"."verb_id" = $1[0m  [["verb_id", 1034]]
11:09:16 web.1  |   [1m[35m (0.3ms)[0m  SELECT COUNT(*) FROM "personal_connections"  WHERE "personal_connections"."verb_id" = $1  [["verb_id", 484]]
11:09:16 web.1  |   [1m[36m (0.3ms)[0m  [1mSELECT COUNT(*) FROM "personal_connections"  WHERE "personal_connections"."verb_id" = $1[0m  [["verb_id", 1238]]
11:09:16 web.1  |   [1m[35m (0.3ms)[0m  SELECT COUNT(*) FROM "personal_connections"  WHERE "personal_connections"."verb_id" = $1  [["verb_id", 991]]
11:09:16 web.1  |   [1m[35m (0.3ms)[0m  SELECT COUNT(*) FROM "personal_connections"  WHERE "personal_connections"."verb_id" = $1  [["verb_id", 1337]]
11:09:16 web.1  |   [1m[36m (0.3ms)[0m  [1mSELECT COUNT(*) FROM "personal_connections"  WHERE "personal_connections"."verb_id" = $1[0m  [["verb_id", 957]]
11:09:16 web.1  |   [1m[35m (0.3ms)[0m  SELECT COUNT(*) FROM "personal_connections"  WHERE "personal_connections"."verb_id" = $1  [["verb_id", 254]]
11:09:16 web.1  |   [1m[36m (2.1ms)[0m  [1mSELECT COUNT(*) FROM "personal_connections"  WHERE "personal_connections"."verb_id" = $1[0m  [["verb_id", 1365]]
11:09:16 web.1  |   [1m[35m (0.3ms)[0m  SELECT COUNT(*) FROM "personal_connections"  WHERE "personal_connections"."verb_id" = $1  [["verb_id", 1417]]
11:09:16 web.1  |   [1m[36m (0.5ms)[0m  [1mSELECT COUNT(*) FROM "personal_connections"  WHERE "personal_connections"."verb_id" = $1[0m  [["verb_id", 432]]
11:09:16 web.1  |   [1m[36m (0.3ms)[0m  [1mSELECT COUNT(*) FROM "personal_connections"  WHERE "personal_connections"."verb_id" = $1[0m  [["verb_id", 990]]
11:09:16 web.1  |   [1m[35m (0.3ms)[0m  SELECT COUNT(*) FROM "personal_connections"  WHERE "personal_connections"."verb_id" = $1  [["verb_id", 586]]
11:09:16 web.1  |   [1m[36m (0.3ms)[0m  [1mSELECT COUNT(*) FROM "personal_connections"  WHERE "personal_connections"."verb_id" = $1[0m  [["verb_id", 1471]]
11:09:16 web.1  |   [1m[35m (11.9ms)[0m  SELECT COUNT(*) FROM "personal_connections"  WHERE "personal_connections"."verb_id" = $1  [["verb_id", 697]]
11:09:16 web.1  |   [1m[36m (1.0ms)[0m  [1mSELECT COUNT(*) FROM "personal_connections"  WHERE "personal_connections"."verb_id" = $1[0m  [["verb_id", 228]]
11:09:16 web.1  |   [1m[35m (0.3ms)[0m  SELECT COUNT(*) FROM "personal_connections"  WHERE "personal_connections"."verb_id" = $1  [["verb_id", 698]]
11:09:16 web.1  |   [1m[36m (0.9ms)[0m  [1mSELECT COUNT(*) FROM "personal_connections"  WHERE "personal_connections"."verb_id" = $1[0m  [["verb_id", 1006]]
11:09:16 web.1  |   [1m[35m (6.6ms)[0m  SELECT COUNT(*) FROM "personal_connections"  WHERE "personal_connections"."verb_id" = $1  [["verb_id", 1530]]
11:09:16 web.1  |   [1m[35m (4.1ms)[0m  SELECT COUNT(*) FROM "personal_connections"  WHERE "personal_connections"."verb_id" = $1  [["verb_id", 843]]
11:09:16 web.1  |   [1m[36m (4.1ms)[0m  [1mSELECT COUNT(*) FROM "personal_connections"  WHERE "personal_connections"."verb_id" = $1[0m  [["verb_id", 1438]]
11:09:16 web.1  |   [1m[36m (7.9ms)[0m  [1mSELECT COUNT(*) FROM "personal_connections"  WHERE "personal_connections"."verb_id" = $1[0m  [["verb_id", 1128]]
11:09:16 web.1  |   [1m[35m (7.4ms)[0m  SELECT COUNT(*) FROM "personal_connections"  WHERE "personal_connections"."verb_id" = $1  [["verb_id", 61]]
11:09:16 web.1  |   [1m[35m (3.8ms)[0m  SELECT COUNT(*) FROM "personal_connections"  WHERE "personal_connections"."verb_id" = $1  [["verb_id", 588]]
11:09:16 web.1  |   [1m[36m (0.3ms)[0m  [1mSELECT COUNT(*) FROM "personal_connections"  WHERE "personal_connections"."verb_id" = $1[0m  [["verb_id", 1110]]
11:09:16 web.1  |   [1m[36m (6.2ms)[0m  [1mSELECT COUNT(*) FROM "personal_connections"  WHERE "personal_connections"."verb_id" = $1[0m  [["verb_id", 16]]
11:09:16 web.1  |   [1m[35m (0.2ms)[0m  SELECT COUNT(*) FROM "personal_connections"  WHERE "personal_connections"."verb_id" = $1  [["verb_id", 1306]]
11:09:16 web.1  |   [1m[35m (6.9ms)[0m  SELECT COUNT(*) FROM "personal_connections"  WHERE "personal_connections"."verb_id" = $1  [["verb_id", 747]]
11:09:16 web.1  |   [1m[36m (5.1ms)[0m  [1mSELECT COUNT(*) FROM "personal_connections"  WHERE "personal_connections"."verb_id" = $1[0m  [["verb_id", 1450]]
11:09:16 web.1  |   [1m[36m (0.3ms)[0m  [1mSELECT COUNT(*) FROM "personal_connections"  WHERE "personal_connections"."verb_id" = $1[0m  [["verb_id", 958]]
11:09:16 web.1  |   [1m[35m (0.3ms)[0m  SELECT COUNT(*) FROM "personal_connections"  WHERE "personal_connections"."verb_id" = $1  [["verb_id", 544]]
11:09:16 web.1  |   [1m[36m (0.3ms)[0m  [1mSELECT COUNT(*) FROM "personal_connections"  WHERE "personal_connections"."verb_id" = $1[0m  [["verb_id", 1009]]
11:09:16 web.1  |   [1m[35m (0.3ms)[0m  SELECT COUNT(*) FROM "personal_connections"  WHERE "personal_connections"."verb_id" = $1  [["verb_id", 669]]
11:09:16 web.1  |   [1m[35m (0.3ms)[0m  SELECT COUNT(*) FROM "personal_connections"  WHERE "personal_connections"."verb_id" = $1  [["verb_id", 1040]]
11:09:16 web.1  |   [1m[36m (0.4ms)[0m  [1mSELECT COUNT(*) FROM "personal_connections"  WHERE "personal_connections"."verb_id" = $1[0m  [["verb_id", 296]]
11:09:16 web.1  |   [1m[35m (0.6ms)[0m  SELECT COUNT(*) FROM "personal_connections"  WHERE "personal_connections"."verb_id" = $1  [["verb_id", 696]]
11:09:16 web.1  |   [1m[36m (0.5ms)[0m  [1mSELECT COUNT(*) FROM "personal_connections"  WHERE "personal_connections"."verb_id" = $1[0m  [["verb_id", 1251]]
11:09:16 web.1  |   [1m[36m (0.3ms)[0m  [1mSELECT COUNT(*) FROM "personal_connections"  WHERE "personal_connections"."verb_id" = $1[0m  [["verb_id", 1103]]
11:09:16 web.1  |   [1m[35m (0.5ms)[0m  SELECT COUNT(*) FROM "personal_connections"  WHERE "personal_connections"."verb_id" = $1  [["verb_id", 1175]]
11:09:16 web.1  |   [1m[35m (0.3ms)[0m  SELECT COUNT(*) FROM "personal_connections"  WHERE "personal_connections"."verb_id" = $1  [["verb_id", 757]]
11:09:16 web.1  |   [1m[36m (0.3ms)[0m  [1mSELECT COUNT(*) FROM "personal_connections"  WHERE "personal_connections"."verb_id" = $1[0m  [["verb_id", 488]]
11:09:16 web.1  |   [1m[35m (0.3ms)[0m  SELECT COUNT(*) FROM "personal_connections"  WHERE "personal_connections"."verb_id" = $1  [["verb_id", 840]]
11:09:16 web.1  |   [1m[36m (0.5ms)[0m  [1mSELECT COUNT(*) FROM "personal_connections"  WHERE "personal_connections"."verb_id" = $1[0m  [["verb_id", 1174]]
11:09:16 web.1  |   [1m[36m (0.3ms)[0m  [1mSELECT COUNT(*) FROM "personal_connections"  WHERE "personal_connections"."verb_id" = $1[0m  [["verb_id", 817]]
11:09:16 web.1  |   [1m[35m (0.2ms)[0m  SELECT COUNT(*) FROM "personal_connections"  WHERE "personal_connections"."verb_id" = $1  [["verb_id", 1433]]
11:09:16 web.1  |   [1m[35m (5.5ms)[0m  SELECT COUNT(*) FROM "personal_connections"  WHERE "personal_connections"."verb_id" = $1  [["verb_id", 1565]]
11:09:16 web.1  |   [1m[36m (4.3ms)[0m  [1mSELECT COUNT(*) FROM "personal_connections"  WHERE "personal_connections"."verb_id" = $1[0m  [["verb_id", 137]]
11:09:16 web.1  |   [1m[36m (8.3ms)[0m  [1mSELECT COUNT(*) FROM "personal_connections"  WHERE "personal_connections"."verb_id" = $1[0m  [["verb_id", 1173]]
11:09:16 web.1  |   [1m[35m (1.9ms)[0m  SELECT COUNT(*) FROM "personal_connections"  WHERE "personal_connections"."verb_id" = $1  [["verb_id", 722]]
11:09:17 web.1  |   [1m[36m (3.7ms)[0m  [1mSELECT COUNT(*) FROM "personal_connections"  WHERE "personal_connections"."verb_id" = $1[0m  [["verb_id", 975]]
11:09:17 web.1  |   [1m[35m (6.9ms)[0m  SELECT COUNT(*) FROM "personal_connections"  WHERE "personal_connections"."verb_id" = $1  [["verb_id", 1564]]
11:09:17 web.1  |   [1m[35m (3.6ms)[0m  SELECT COUNT(*) FROM "personal_connections"  WHERE "personal_connections"."verb_id" = $1  [["verb_id", 873]]
11:09:17 web.1  |   [1m[36m (0.5ms)[0m  [1mSELECT COUNT(*) FROM "personal_connections"  WHERE "personal_connections"."verb_id" = $1[0m  [["verb_id", 1095]]
11:09:17 web.1  |   [1m[35m (0.3ms)[0m  SELECT COUNT(*) FROM "personal_connections"  WHERE "personal_connections"."verb_id" = $1  [["verb_id", 739]]
11:09:17 web.1  |   [1m[36m (0.5ms)[0m  [1mSELECT COUNT(*) FROM "personal_connections"  WHERE "personal_connections"."verb_id" = $1[0m  [["verb_id", 536]]
11:09:17 web.1  |   [1m[36m (0.3ms)[0m  [1mSELECT COUNT(*) FROM "personal_connections"  WHERE "personal_connections"."verb_id" = $1[0m  [["verb_id", 1310]]
11:09:17 web.1  |   [1m[35m (0.4ms)[0m  SELECT COUNT(*) FROM "personal_connections"  WHERE "personal_connections"."verb_id" = $1  [["verb_id", 738]]
11:09:17 web.1  |   [1m[36m (0.3ms)[0m  [1mSELECT COUNT(*) FROM "personal_connections"  WHERE "personal_connections"."verb_id" = $1[0m  [["verb_id", 1139]]
11:09:17 web.1  |   [1m[35m (0.5ms)[0m  SELECT COUNT(*) FROM "personal_connections"  WHERE "personal_connections"."verb_id" = $1  [["verb_id", 1499]]
11:09:17 web.1  |   [1m[35m (0.3ms)[0m  SELECT COUNT(*) FROM "personal_connections"  WHERE "personal_connections"."verb_id" = $1  [["verb_id", 728]]
11:09:17 web.1  |   [1m[36m (0.6ms)[0m  [1mSELECT COUNT(*) FROM "personal_connections"  WHERE "personal_connections"."verb_id" = $1[0m  [["verb_id", 1138]]
11:09:17 web.1  |   [1m[35m (0.3ms)[0m  SELECT COUNT(*) FROM "personal_connections"  WHERE "personal_connections"."verb_id" = $1  [["verb_id", 727]]
11:09:17 web.1  |   [1m[36m (0.5ms)[0m  [1mSELECT COUNT(*) FROM "personal_connections"  WHERE "personal_connections"."verb_id" = $1[0m  [["verb_id", 868]]
11:09:17 web.1  |   [1m[35m (0.4ms)[0m  SELECT COUNT(*) FROM "personal_connections"  WHERE "personal_connections"."verb_id" = $1  [["verb_id", 1063]]
11:09:17 web.1  |   [1m[36m (0.3ms)[0m  [1mSELECT COUNT(*) FROM "personal_connections"  WHERE "personal_connections"."verb_id" = $1[0m  [["verb_id", 859]]
11:09:17 web.1  |   [1m[36m (0.6ms)[0m  [1mSELECT COUNT(*) FROM "personal_connections"  WHERE "personal_connections"."verb_id" = $1[0m  [["verb_id", 973]]
11:09:17 web.1  |   [1m[35m (0.3ms)[0m  SELECT COUNT(*) FROM "personal_connections"  WHERE "personal_connections"."verb_id" = $1  [["verb_id", 721]]
11:09:17 web.1  |   [1m[35m (0.5ms)[0m  SELECT COUNT(*) FROM "personal_connections"  WHERE "personal_connections"."verb_id" = $1  [["verb_id", 872]]
11:09:17 web.1  |   [1m[36m (0.4ms)[0m  [1mSELECT COUNT(*) FROM "personal_connections"  WHERE "personal_connections"."verb_id" = $1[0m  [["verb_id", 161]]
11:09:17 web.1  |   [1m[35m (0.3ms)[0m  SELECT COUNT(*) FROM "personal_connections"  WHERE "personal_connections"."verb_id" = $1  [["verb_id", 482]]
11:09:17 web.1  |   [1m[36m (0.6ms)[0m  [1mSELECT COUNT(*) FROM "personal_connections"  WHERE "personal_connections"."verb_id" = $1[0m  [["verb_id", 416]]
11:09:17 web.1  |   [1m[36m (0.3ms)[0m  [1mSELECT COUNT(*) FROM "personal_connections"  WHERE "personal_connections"."verb_id" = $1[0m  [["verb_id", 706]]
11:09:17 web.1  |   [1m[35m (23.0ms)[0m  SELECT COUNT(*) FROM "personal_connections"  WHERE "personal_connections"."verb_id" = $1  [["verb_id", 729]]
11:09:17 web.1  |   [1m[36m (0.4ms)[0m  [1mSELECT COUNT(*) FROM "personal_connections"  WHERE "personal_connections"."verb_id" = $1[0m  [["verb_id", 1536]]
11:09:17 web.1  |   [1m[35m (0.4ms)[0m  SELECT COUNT(*) FROM "personal_connections"  WHERE "personal_connections"."verb_id" = $1  [["verb_id", 514]]
11:09:17 web.1  |   [1m[36m (0.4ms)[0m  [1mSELECT COUNT(*) FROM "personal_connections"  WHERE "personal_connections"."verb_id" = $1[0m  [["verb_id", 1133]]
11:09:17 web.1  |   [1m[35m (0.4ms)[0m  SELECT COUNT(*) FROM "personal_connections"  WHERE "personal_connections"."verb_id" = $1  [["verb_id", 1177]]
11:09:17 web.1  |   [1m[36m (0.4ms)[0m  [1mSELECT COUNT(*) FROM "personal_connections"  WHERE "personal_connections"."verb_id" = $1[0m  [["verb_id", 1329]]
11:09:17 web.1  |   [1m[35m (0.3ms)[0m  SELECT COUNT(*) FROM "personal_connections"  WHERE "personal_connections"."verb_id" = $1  [["verb_id", 745]]
11:09:17 web.1  |   [1m[35m (0.3ms)[0m  SELECT COUNT(*) FROM "personal_connections"  WHERE "personal_connections"."verb_id" = $1  [["verb_id", 877]]
11:09:17 web.1  |   [1m[36m (0.4ms)[0m  [1mSELECT COUNT(*) FROM "personal_connections"  WHERE "personal_connections"."verb_id" = $1[0m  [["verb_id", 454]]
11:09:17 web.1  |   [1m[36m (0.3ms)[0m  [1mSELECT COUNT(*) FROM "personal_connections"  WHERE "personal_connections"."verb_id" = $1[0m  [["verb_id", 1460]]
11:09:17 web.1  |   [1m[35m (1.1ms)[0m  SELECT COUNT(*) FROM "personal_connections"  WHERE "personal_connections"."verb_id" = $1  [["verb_id", 592]]
11:09:17 web.1  |   [1m[35m (0.4ms)[0m  SELECT COUNT(*) FROM "personal_connections"  WHERE "personal_connections"."verb_id" = $1  [["verb_id", 510]]
11:09:17 web.1  |   [1m[36m (0.4ms)[0m  [1mSELECT COUNT(*) FROM "personal_connections"  WHERE "personal_connections"."verb_id" = $1[0m  [["verb_id", 1130]]
11:09:17 web.1  |   [1m[36m (0.4ms)[0m  [1mSELECT COUNT(*) FROM "personal_connections"  WHERE "personal_connections"."verb_id" = $1[0m  [["verb_id", 779]]
11:09:17 web.1  |   [1m[35m (0.3ms)[0m  SELECT COUNT(*) FROM "personal_connections"  WHERE "personal_connections"."verb_id" = $1  [["verb_id", 70]]
11:09:17 web.1  |   [1m[36m (0.3ms)[0m  [1mSELECT COUNT(*) FROM "personal_connections"  WHERE "personal_connections"."verb_id" = $1[0m  [["verb_id", 1374]]
11:09:17 web.1  |   [1m[35m (0.3ms)[0m  SELECT COUNT(*) FROM "personal_connections"  WHERE "personal_connections"."verb_id" = $1  [["verb_id", 594]]
11:09:17 web.1  |   [1m[36m (0.2ms)[0m  [1mSELECT COUNT(*) FROM "personal_connections"  WHERE "personal_connections"."verb_id" = $1[0m  [["verb_id", 717]]
11:09:17 web.1  |   [1m[35m (0.3ms)[0m  SELECT COUNT(*) FROM "personal_connections"  WHERE "personal_connections"."verb_id" = $1  [["verb_id", 1373]]
11:09:17 web.1  |   [1m[36m (0.3ms)[0m  [1mSELECT COUNT(*) FROM "personal_connections"  WHERE "personal_connections"."verb_id" = $1[0m  [["verb_id", 1437]]
11:09:17 web.1  |   [1m[35m (0.2ms)[0m  SELECT COUNT(*) FROM "personal_connections"  WHERE "personal_connections"."verb_id" = $1  [["verb_id", 718]]
11:09:17 web.1  |   [1m[35m (0.3ms)[0m  SELECT COUNT(*) FROM "personal_connections"  WHERE "personal_connections"."verb_id" = $1  [["verb_id", 1046]]
11:09:17 web.1  |   [1m[36m (0.2ms)[0m  [1mSELECT COUNT(*) FROM "personal_connections"  WHERE "personal_connections"."verb_id" = $1[0m  [["verb_id", 1059]]
11:09:17 web.1  |   [1m[35m (0.3ms)[0m  SELECT COUNT(*) FROM "personal_connections"  WHERE "personal_connections"."verb_id" = $1  [["verb_id", 1057]]
11:09:17 web.1  |   [1m[36m (0.3ms)[0m  [1mSELECT COUNT(*) FROM "personal_connections"  WHERE "personal_connections"."verb_id" = $1[0m  [["verb_id", 852]]
11:09:17 web.1  |   [1m[36m (0.3ms)[0m  [1mSELECT COUNT(*) FROM "personal_connections"  WHERE "personal_connections"."verb_id" = $1[0m  [["verb_id", 1058]]
11:09:17 web.1  |   [1m[35m (0.3ms)[0m  SELECT COUNT(*) FROM "personal_connections"  WHERE "personal_connections"."verb_id" = $1  [["verb_id", 1550]]
11:09:17 web.1  |   [1m[35m (0.3ms)[0m  SELECT COUNT(*) FROM "personal_connections"  WHERE "personal_connections"."verb_id" = $1  [["verb_id", 1060]]
11:09:17 web.1  |   [1m[36m (0.4ms)[0m  [1mSELECT COUNT(*) FROM "personal_connections"  WHERE "personal_connections"."verb_id" = $1[0m  [["verb_id", 23]]
11:09:17 web.1  |   [1m[36m (0.3ms)[0m  [1mSELECT COUNT(*) FROM "personal_connections"  WHERE "personal_connections"."verb_id" = $1[0m  [["verb_id", 1055]]
11:09:17 web.1  |   [1m[35m (0.3ms)[0m  SELECT COUNT(*) FROM "personal_connections"  WHERE "personal_connections"."verb_id" = $1  [["verb_id", 412]]
11:09:17 web.1  |   [1m[35m (0.4ms)[0m  SELECT COUNT(*) FROM "personal_connections"  WHERE "personal_connections"."verb_id" = $1  [["verb_id", 1056]]
11:09:17 web.1  |   [1m[36m (0.3ms)[0m  [1mSELECT COUNT(*) FROM "personal_connections"  WHERE "personal_connections"."verb_id" = $1[0m  [["verb_id", 1071]]
11:09:17 web.1  |   [1m[36m (0.3ms)[0m  [1mSELECT COUNT(*) FROM "personal_connections"  WHERE "personal_connections"."verb_id" = $1[0m  [["verb_id", 1061]]
11:09:17 web.1  |   [1m[35m (0.3ms)[0m  SELECT COUNT(*) FROM "personal_connections"  WHERE "personal_connections"."verb_id" = $1  [["verb_id", 1180]]
11:09:17 web.1  |   [1m[35m (0.2ms)[0m  SELECT COUNT(*) FROM "personal_connections"  WHERE "personal_connections"."verb_id" = $1  [["verb_id", 12]]
11:09:17 web.1  |   [1m[36m (0.3ms)[0m  [1mSELECT COUNT(*) FROM "personal_connections"  WHERE "personal_connections"."verb_id" = $1[0m  [["verb_id", 1412]]
11:09:17 web.1  |   [1m[36m (0.2ms)[0m  [1mSELECT COUNT(*) FROM "personal_connections"  WHERE "personal_connections"."verb_id" = $1[0m  [["verb_id", 1544]]
11:09:17 web.1  |   [1m[35m (0.3ms)[0m  SELECT COUNT(*) FROM "personal_connections"  WHERE "personal_connections"."verb_id" = $1  [["verb_id", 1505]]
11:09:17 web.1  |   [1m[35m (0.2ms)[0m  SELECT COUNT(*) FROM "personal_connections"  WHERE "personal_connections"."verb_id" = $1  [["verb_id", 1331]]
11:09:17 web.1  |   [1m[36m (0.4ms)[0m  [1mSELECT COUNT(*) FROM "personal_connections"  WHERE "personal_connections"."verb_id" = $1[0m  [["verb_id", 1096]]
11:09:17 web.1  |   [1m[36m (0.3ms)[0m  [1mSELECT COUNT(*) FROM "personal_connections"  WHERE "personal_connections"."verb_id" = $1[0m  [["verb_id", 346]]
11:09:17 web.1  |   [1m[35m (0.3ms)[0m  SELECT COUNT(*) FROM "personal_connections"  WHERE "personal_connections"."verb_id" = $1  [["verb_id", 1492]]
11:09:17 web.1  |   [1m[35m (0.3ms)[0m  SELECT COUNT(*) FROM "personal_connections"  WHERE "personal_connections"."verb_id" = $1  [["verb_id", 348]]
11:09:17 web.1  |   [1m[36m (0.3ms)[0m  [1mSELECT COUNT(*) FROM "personal_connections"  WHERE "personal_connections"."verb_id" = $1[0m  [["verb_id", 105]]
11:09:17 web.1  |   [1m[36m (0.3ms)[0m  [1mSELECT COUNT(*) FROM "personal_connections"  WHERE "personal_connections"."verb_id" = $1[0m  [["verb_id", 1487]]
11:09:17 web.1  |   [1m[35m (0.3ms)[0m  SELECT COUNT(*) FROM "personal_connections"  WHERE "personal_connections"."verb_id" = $1  [["verb_id", 1293]]
11:09:17 web.1  |   [1m[35m (0.3ms)[0m  SELECT COUNT(*) FROM "personal_connections"  WHERE "personal_connections"."verb_id" = $1  [["verb_id", 1523]]
11:09:17 web.1  |   [1m[36m (0.3ms)[0m  [1mSELECT COUNT(*) FROM "personal_connections"  WHERE "personal_connections"."verb_id" = $1[0m  [["verb_id", 1020]]
11:09:17 web.1  |   [1m[35m (0.3ms)[0m  SELECT COUNT(*) FROM "personal_connections"  WHERE "personal_connections"."verb_id" = $1  [["verb_id", 1351]]
11:09:17 web.1  |   [1m[36m (0.2ms)[0m  [1mSELECT COUNT(*) FROM "personal_connections"  WHERE "personal_connections"."verb_id" = $1[0m  [["verb_id", 1083]]
11:09:17 web.1  |   [1m[36m (0.3ms)[0m  [1mSELECT COUNT(*) FROM "personal_connections"  WHERE "personal_connections"."verb_id" = $1[0m  [["verb_id", 737]]
11:09:17 web.1  |   [1m[35m (0.3ms)[0m  SELECT COUNT(*) FROM "personal_connections"  WHERE "personal_connections"."verb_id" = $1  [["verb_id", 14]]
11:09:17 web.1  |   [1m[35m (0.4ms)[0m  SELECT COUNT(*) FROM "personal_connections"  WHERE "personal_connections"."verb_id" = $1  [["verb_id", 11]]
11:09:17 web.1  |   [1m[36m (0.3ms)[0m  [1mSELECT COUNT(*) FROM "personal_connections"  WHERE "personal_connections"."verb_id" = $1[0m  [["verb_id", 1301]]
11:09:17 web.1  |   [1m[36m (0.3ms)[0m  [1mSELECT COUNT(*) FROM "personal_connections"  WHERE "personal_connections"."verb_id" = $1[0m  [["verb_id", 742]]
11:09:17 web.1  |   [1m[35m (0.3ms)[0m  SELECT COUNT(*) FROM "personal_connections"  WHERE "personal_connections"."verb_id" = $1  [["verb_id", 246]]
11:09:17 web.1  |   [1m[35m (0.3ms)[0m  SELECT COUNT(*) FROM "personal_connections"  WHERE "personal_connections"."verb_id" = $1  [["verb_id", 414]]
11:09:17 web.1  |   [1m[36m (0.3ms)[0m  [1mSELECT COUNT(*) FROM "personal_connections"  WHERE "personal_connections"."verb_id" = $1[0m  [["verb_id", 709]]
11:09:17 web.1  |   [1m[36m (0.3ms)[0m  [1mSELECT COUNT(*) FROM "personal_connections"  WHERE "personal_connections"."verb_id" = $1[0m  [["verb_id", 753]]
11:09:17 web.1  |   [1m[35m (0.3ms)[0m  SELECT COUNT(*) FROM "personal_connections"  WHERE "personal_connections"."verb_id" = $1  [["verb_id", 862]]
11:09:17 web.1  |   [1m[35m (0.4ms)[0m  SELECT COUNT(*) FROM "personal_connections"  WHERE "personal_connections"."verb_id" = $1  [["verb_id", 849]]
11:09:17 web.1  |   [1m[36m (0.3ms)[0m  [1mSELECT COUNT(*) FROM "personal_connections"  WHERE "personal_connections"."verb_id" = $1[0m  [["verb_id", 276]]
11:09:17 web.1  |   [1m[36m (0.3ms)[0m  [1mSELECT COUNT(*) FROM "personal_connections"  WHERE "personal_connections"."verb_id" = $1[0m  [["verb_id", 714]]
11:09:17 web.1  |   [1m[35m (0.3ms)[0m  SELECT COUNT(*) FROM "personal_connections"  WHERE "personal_connections"."verb_id" = $1  [["verb_id", 949]]
11:09:17 web.1  |   [1m[35m (0.3ms)[0m  SELECT COUNT(*) FROM "personal_connections"  WHERE "personal_connections"."verb_id" = $1  [["verb_id", 711]]
11:09:17 web.1  |   [1m[36m (0.4ms)[0m  [1mSELECT COUNT(*) FROM "personal_connections"  WHERE "personal_connections"."verb_id" = $1[0m  [["verb_id", 193]]
11:09:17 web.1  |   [1m[36m (0.3ms)[0m  [1mSELECT COUNT(*) FROM "personal_connections"  WHERE "personal_connections"."verb_id" = $1[0m  [["verb_id", 1472]]
11:09:17 web.1  |   [1m[35m (0.3ms)[0m  SELECT COUNT(*) FROM "personal_connections"  WHERE "personal_connections"."verb_id" = $1  [["verb_id", 1248]]
11:09:17 web.1  |   [1m[35m (0.3ms)[0m  SELECT COUNT(*) FROM "personal_connections"  WHERE "personal_connections"."verb_id" = $1  [["verb_id", 1514]]
11:09:17 web.1  |   [1m[36m (0.3ms)[0m  [1mSELECT COUNT(*) FROM "personal_connections"  WHERE "personal_connections"."verb_id" = $1[0m  [["verb_id", 734]]
11:09:17 web.1  |   [1m[36m (0.3ms)[0m  [1mSELECT COUNT(*) FROM "personal_connections"  WHERE "personal_connections"."verb_id" = $1[0m  [["verb_id", 1470]]
11:09:17 web.1  |   [1m[35m (0.3ms)[0m  SELECT COUNT(*) FROM "personal_connections"  WHERE "personal_connections"."verb_id" = $1  [["verb_id", 913]]
11:09:17 web.1  |   [1m[35m (0.4ms)[0m  SELECT COUNT(*) FROM "personal_connections"  WHERE "personal_connections"."verb_id" = $1  [["verb_id", 1034]]
11:09:17 web.1  |   [1m[36m (0.2ms)[0m  [1mSELECT COUNT(*) FROM "personal_connections"  WHERE "personal_connections"."verb_id" = $1[0m  [["verb_id", 1571]]
11:09:17 web.1  |   [1m[35m (0.3ms)[0m  SELECT COUNT(*) FROM "personal_connections"  WHERE "personal_connections"."verb_id" = $1  [["verb_id", 700]]
11:09:17 web.1  |   [1m[36m (0.2ms)[0m  [1mSELECT COUNT(*) FROM "personal_connections"  WHERE "personal_connections"."verb_id" = $1[0m  [["verb_id", 991]]
11:09:17 web.1  |   [1m[36m (0.3ms)[0m  [1mSELECT COUNT(*) FROM "personal_connections"  WHERE "personal_connections"."verb_id" = $1[0m  [["verb_id", 950]]
11:09:17 web.1  |   [1m[35m (0.4ms)[0m  SELECT COUNT(*) FROM "personal_connections"  WHERE "personal_connections"."verb_id" = $1  [["verb_id", 957]]
11:09:17 web.1  |   [1m[35m (0.3ms)[0m  SELECT COUNT(*) FROM "personal_connections"  WHERE "personal_connections"."verb_id" = $1  [["verb_id", 1398]]
11:09:17 web.1  |   [1m[36m (0.3ms)[0m  [1mSELECT COUNT(*) FROM "personal_connections"  WHERE "personal_connections"."verb_id" = $1[0m  [["verb_id", 254]]
11:09:17 web.1  |   [1m[36m (0.4ms)[0m  [1mSELECT COUNT(*) FROM "personal_connections"  WHERE "personal_connections"."verb_id" = $1[0m  [["verb_id", 472]]
11:09:17 web.1  |   [1m[35m (0.3ms)[0m  SELECT COUNT(*) FROM "personal_connections"  WHERE "personal_connections"."verb_id" = $1  [["verb_id", 990]]
11:09:17 web.1  |   [1m[35m (0.3ms)[0m  SELECT COUNT(*) FROM "personal_connections"  WHERE "personal_connections"."verb_id" = $1  [["verb_id", 1519]]
11:09:17 web.1  |   [1m[36m (0.3ms)[0m  [1mSELECT COUNT(*) FROM "personal_connections"  WHERE "personal_connections"."verb_id" = $1[0m  [["verb_id", 699]]
11:09:17 web.1  |   [1m[36m (0.3ms)[0m  [1mSELECT COUNT(*) FROM "personal_connections"  WHERE "personal_connections"."verb_id" = $1[0m  [["verb_id", 586]]
11:09:17 web.1  |   [1m[35m (0.3ms)[0m  SELECT COUNT(*) FROM "personal_connections"  WHERE "personal_connections"."verb_id" = $1  [["verb_id", 976]]
11:09:17 web.1  |   [1m[35m (0.2ms)[0m  SELECT COUNT(*) FROM "personal_connections"  WHERE "personal_connections"."verb_id" = $1  [["verb_id", 1471]]
11:09:17 web.1  |   [1m[36m (0.4ms)[0m  [1mSELECT COUNT(*) FROM "personal_connections"  WHERE "personal_connections"."verb_id" = $1[0m  [["verb_id", 1207]]
11:09:17 web.1  |   [1m[36m (0.3ms)[0m  [1mSELECT COUNT(*) FROM "personal_connections"  WHERE "personal_connections"."verb_id" = $1[0m  [["verb_id", 698]]
11:09:17 web.1  |   [1m[35m (0.4ms)[0m  SELECT COUNT(*) FROM "personal_connections"  WHERE "personal_connections"."verb_id" = $1  [["verb_id", 1291]]
11:09:17 web.1  |   [1m[35m (0.3ms)[0m  SELECT COUNT(*) FROM "personal_connections"  WHERE "personal_connections"."verb_id" = $1  [["verb_id", 1006]]
11:09:17 web.1  |   [1m[36m (0.3ms)[0m  [1mSELECT COUNT(*) FROM "personal_connections"  WHERE "personal_connections"."verb_id" = $1[0m  [["verb_id", 863]]
11:09:17 web.1  |   [1m[36m (0.3ms)[0m  [1mSELECT COUNT(*) FROM "personal_connections"  WHERE "personal_connections"."verb_id" = $1[0m  [["verb_id", 843]]
11:09:17 web.1  |   [1m[35m (0.3ms)[0m  SELECT COUNT(*) FROM "personal_connections"  WHERE "personal_connections"."verb_id" = $1  [["verb_id", 1368]]
11:09:17 web.1  |   [1m[35m (1.8ms)[0m  SELECT COUNT(*) FROM "personal_connections"  WHERE "personal_connections"."verb_id" = $1  [["verb_id", 1128]]
11:09:17 web.1  |   [1m[36m (0.3ms)[0m  [1mSELECT COUNT(*) FROM "personal_connections"  WHERE "personal_connections"."verb_id" = $1[0m  [["verb_id", 516]]
11:09:17 web.1  |   [1m[36m (0.3ms)[0m  [1mSELECT COUNT(*) FROM "personal_connections"  WHERE "personal_connections"."verb_id" = $1[0m  [["verb_id", 588]]
11:09:17 web.1  |   [1m[35m (0.3ms)[0m  SELECT COUNT(*) FROM "personal_connections"  WHERE "personal_connections"."verb_id" = $1  [["verb_id", 969]]
11:09:17 web.1  |   [1m[35m (0.3ms)[0m  SELECT COUNT(*) FROM "personal_connections"  WHERE "personal_connections"."verb_id" = $1  [["verb_id", 1110]]
11:09:17 web.1  |   [1m[36m (0.3ms)[0m  [1mSELECT COUNT(*) FROM "personal_connections"  WHERE "personal_connections"."verb_id" = $1[0m  [["verb_id", 883]]
11:09:17 web.1  |   [1m[36m (0.3ms)[0m  [1mSELECT COUNT(*) FROM "personal_connections"  WHERE "personal_connections"."verb_id" = $1[0m  [["verb_id", 1306]]
11:09:17 web.1  |   [1m[35m (0.3ms)[0m  SELECT COUNT(*) FROM "personal_connections"  WHERE "personal_connections"."verb_id" = $1  [["verb_id", 1168]]
11:09:17 web.1  |   [1m[35m (0.4ms)[0m  SELECT COUNT(*) FROM "personal_connections"  WHERE "personal_connections"."verb_id" = $1  [["verb_id", 1450]]
11:09:17 web.1  |   [1m[36m (0.3ms)[0m  [1mSELECT COUNT(*) FROM "personal_connections"  WHERE "personal_connections"."verb_id" = $1[0m  [["verb_id", 782]]
11:09:17 web.1  |   [1m[35m (0.3ms)[0m  SELECT COUNT(*) FROM "personal_connections"  WHERE "personal_connections"."verb_id" = $1  [["verb_id", 1588]]
11:09:17 web.1  |   [1m[36m (0.3ms)[0m  [1mSELECT COUNT(*) FROM "personal_connections"  WHERE "personal_connections"."verb_id" = $1[0m  [["verb_id", 669]]
11:09:17 web.1  |   [1m[36m (0.3ms)[0m  [1mSELECT COUNT(*) FROM "personal_connections"  WHERE "personal_connections"."verb_id" = $1[0m  [["verb_id", 740]]
11:09:17 web.1  |   [1m[35m (0.5ms)[0m  SELECT COUNT(*) FROM "personal_connections"  WHERE "personal_connections"."verb_id" = $1  [["verb_id", 1251]]
11:09:17 web.1  |   [1m[35m (0.3ms)[0m  SELECT COUNT(*) FROM "personal_connections"  WHERE "personal_connections"."verb_id" = $1  [["verb_id", 1074]]
11:09:17 web.1  |   [1m[36m (0.3ms)[0m  [1mSELECT COUNT(*) FROM "personal_connections"  WHERE "personal_connections"."verb_id" = $1[0m  [["verb_id", 1175]]
11:09:17 web.1  |   [1m[36m (0.3ms)[0m  [1mSELECT COUNT(*) FROM "personal_connections"  WHERE "personal_connections"."verb_id" = $1[0m  [["verb_id", 624]]
11:09:17 web.1  |   [1m[35m (0.3ms)[0m  SELECT COUNT(*) FROM "personal_connections"  WHERE "personal_connections"."verb_id" = $1  [["verb_id", 1174]]
11:09:17 web.1  |   [1m[35m (0.3ms)[0m  SELECT COUNT(*) FROM "personal_connections"  WHERE "personal_connections"."verb_id" = $1  [["verb_id", 989]]
11:09:17 web.1  |   [1m[36m (0.3ms)[0m  [1mSELECT COUNT(*) FROM "personal_connections"  WHERE "personal_connections"."verb_id" = $1[0m  [["verb_id", 1433]]
11:09:17 web.1  |   [1m[36m (0.3ms)[0m  [1mSELECT COUNT(*) FROM "personal_connections"  WHERE "personal_connections"."verb_id" = $1[0m  [["verb_id", 1548]]
11:09:17 web.1  |   [1m[35m (0.4ms)[0m  SELECT COUNT(*) FROM "personal_connections"  WHERE "personal_connections"."verb_id" = $1  [["verb_id", 137]]
11:09:17 web.1  |   [1m[35m (0.3ms)[0m  SELECT COUNT(*) FROM "personal_connections"  WHERE "personal_connections"."verb_id" = $1  [["verb_id", 44]]
11:09:17 web.1  |   [1m[36m (0.3ms)[0m  [1mSELECT COUNT(*) FROM "personal_connections"  WHERE "personal_connections"."verb_id" = $1[0m  [["verb_id", 722]]
11:09:17 web.1  |   [1m[36m (0.2ms)[0m  [1mSELECT COUNT(*) FROM "personal_connections"  WHERE "personal_connections"."verb_id" = $1[0m  [["verb_id", 1260]]
11:09:17 web.1  |   [1m[35m (0.3ms)[0m  SELECT COUNT(*) FROM "personal_connections"  WHERE "personal_connections"."verb_id" = $1  [["verb_id", 1358]]
11:09:17 web.1  |   [1m[35m (0.3ms)[0m  SELECT COUNT(*) FROM "personal_connections"  WHERE "personal_connections"."verb_id" = $1  [["verb_id", 975]]
11:09:17 web.1  |   [1m[36m (0.3ms)[0m  [1mSELECT COUNT(*) FROM "personal_connections"  WHERE "personal_connections"."verb_id" = $1[0m  [["verb_id", 1021]]
11:09:17 web.1  |   [1m[36m (0.3ms)[0m  [1mSELECT COUNT(*) FROM "personal_connections"  WHERE "personal_connections"."verb_id" = $1[0m  [["verb_id", 873]]
11:09:17 web.1  |   [1m[35m (0.3ms)[0m  SELECT COUNT(*) FROM "personal_connections"  WHERE "personal_connections"."verb_id" = $1  [["verb_id", 268]]
11:09:17 web.1  |   [1m[35m (0.3ms)[0m  SELECT COUNT(*) FROM "personal_connections"  WHERE "personal_connections"."verb_id" = $1  [["verb_id", 536]]
11:09:17 web.1  |   [1m[36m (0.3ms)[0m  [1mSELECT COUNT(*) FROM "personal_connections"  WHERE "personal_connections"."verb_id" = $1[0m  [["verb_id", 983]]
11:09:17 web.1  |   [1m[36m (0.3ms)[0m  [1mSELECT COUNT(*) FROM "personal_connections"  WHERE "personal_connections"."verb_id" = $1[0m  [["verb_id", 1499]]
11:09:17 web.1  |   [1m[35m (0.3ms)[0m  SELECT COUNT(*) FROM "personal_connections"  WHERE "personal_connections"."verb_id" = $1  [["verb_id", 796]]
11:09:17 web.1  |   [1m[35m (0.3ms)[0m  SELECT COUNT(*) FROM "personal_connections"  WHERE "personal_connections"."verb_id" = $1  [["verb_id", 859]]
11:09:17 web.1  |   [1m[36m (0.3ms)[0m  [1mSELECT COUNT(*) FROM "personal_connections"  WHERE "personal_connections"."verb_id" = $1[0m  [["verb_id", 1401]]
11:09:17 web.1  |   [1m[36m (0.3ms)[0m  [1mSELECT COUNT(*) FROM "personal_connections"  WHERE "personal_connections"."verb_id" = $1[0m  [["verb_id", 721]]
11:09:17 web.1  |   [1m[35m (0.3ms)[0m  SELECT COUNT(*) FROM "personal_connections"  WHERE "personal_connections"."verb_id" = $1  [["verb_id", 1203]]
11:09:17 web.1  |   [1m[35m (0.3ms)[0m  SELECT COUNT(*) FROM "personal_connections"  WHERE "personal_connections"."verb_id" = $1  [["verb_id", 706]]
11:09:17 web.1  |   [1m[36m (0.4ms)[0m  [1mSELECT COUNT(*) FROM "personal_connections"  WHERE "personal_connections"."verb_id" = $1[0m  [["verb_id", 774]]
11:09:17 web.1  |   [1m[36m (0.3ms)[0m  [1mSELECT COUNT(*) FROM "personal_connections"  WHERE "personal_connections"."verb_id" = $1[0m  [["verb_id", 729]]
11:09:17 web.1  |   [1m[35m (0.5ms)[0m  SELECT COUNT(*) FROM "personal_connections"  WHERE "personal_connections"."verb_id" = $1  [["verb_id", 1011]]
11:09:17 web.1  |   [1m[35m (0.3ms)[0m  SELECT COUNT(*) FROM "personal_connections"  WHERE "personal_connections"."verb_id" = $1  [["verb_id", 1536]]
11:09:17 web.1  |   [1m[36m (0.3ms)[0m  [1mSELECT COUNT(*) FROM "personal_connections"  WHERE "personal_connections"."verb_id" = $1[0m  [["verb_id", 712]]
11:09:17 web.1  |   [1m[36m (0.3ms)[0m  [1mSELECT COUNT(*) FROM "personal_connections"  WHERE "personal_connections"."verb_id" = $1[0m  [["verb_id", 514]]
11:09:17 web.1  |   [1m[35m (0.3ms)[0m  SELECT COUNT(*) FROM "personal_connections"  WHERE "personal_connections"."verb_id" = $1  [["verb_id", 328]]
11:09:17 web.1  |   [1m[35m (0.3ms)[0m  SELECT COUNT(*) FROM "personal_connections"  WHERE "personal_connections"."verb_id" = $1  [["verb_id", 1133]]
11:09:17 web.1  |   [1m[36m (0.3ms)[0m  [1mSELECT COUNT(*) FROM "personal_connections"  WHERE "personal_connections"."verb_id" = $1[0m  [["verb_id", 733]]
11:09:17 web.1  |   [1m[36m (0.3ms)[0m  [1mSELECT COUNT(*) FROM "personal_connections"  WHERE "personal_connections"."verb_id" = $1[0m  [["verb_id", 1177]]
11:09:17 web.1  |   [1m[35m (0.3ms)[0m  SELECT COUNT(*) FROM "personal_connections"  WHERE "personal_connections"."verb_id" = $1  [["verb_id", 1003]]
11:09:17 web.1  |   [1m[35m (0.3ms)[0m  SELECT COUNT(*) FROM "personal_connections"  WHERE "personal_connections"."verb_id" = $1  [["verb_id", 1329]]
11:09:17 web.1  |   [1m[36m (0.2ms)[0m  [1mSELECT COUNT(*) FROM "personal_connections"  WHERE "personal_connections"."verb_id" = $1[0m  [["verb_id", 1508]]
11:09:17 web.1  |   [1m[36m (0.3ms)[0m  [1mSELECT COUNT(*) FROM "personal_connections"  WHERE "personal_connections"."verb_id" = $1[0m  [["verb_id", 745]]
11:09:17 web.1  |   [1m[35m (0.3ms)[0m  SELECT COUNT(*) FROM "personal_connections"  WHERE "personal_connections"."verb_id" = $1  [["verb_id", 454]]
11:09:17 web.1  |   [1m[35m (0.2ms)[0m  SELECT COUNT(*) FROM "personal_connections"  WHERE "personal_connections"."verb_id" = $1  [["verb_id", 252]]
11:09:17 web.1  |   [1m[36m (0.4ms)[0m  [1mSELECT COUNT(*) FROM "personal_connections"  WHERE "personal_connections"."verb_id" = $1[0m  [["verb_id", 592]]
11:09:17 web.1  |   [1m[36m (0.2ms)[0m  [1mSELECT COUNT(*) FROM "personal_connections"  WHERE "personal_connections"."verb_id" = $1[0m  [["verb_id", 1127]]
11:09:17 web.1  |   [1m[35m (0.3ms)[0m  SELECT COUNT(*) FROM "personal_connections"  WHERE "personal_connections"."verb_id" = $1  [["verb_id", 1130]]
11:09:17 web.1  |   [1m[35m (0.4ms)[0m  SELECT COUNT(*) FROM "personal_connections"  WHERE "personal_connections"."verb_id" = $1  [["verb_id", 1241]]
11:09:17 web.1  |   [1m[36m (0.4ms)[0m  [1mSELECT COUNT(*) FROM "personal_connections"  WHERE "personal_connections"."verb_id" = $1[0m  [["verb_id", 70]]
11:09:17 web.1  |   [1m[36m (0.3ms)[0m  [1mSELECT COUNT(*) FROM "personal_connections"  WHERE "personal_connections"."verb_id" = $1[0m  [["verb_id", 1578]]
11:09:17 web.1  |   [1m[35m (0.3ms)[0m  SELECT COUNT(*) FROM "personal_connections"  WHERE "personal_connections"."verb_id" = $1  [["verb_id", 1374]]
11:09:17 web.1  |   [1m[35m (0.3ms)[0m  SELECT COUNT(*) FROM "personal_connections"  WHERE "personal_connections"."verb_id" = $1  [["verb_id", 1452]]
11:09:17 web.1  |   [1m[36m (0.3ms)[0m  [1mSELECT COUNT(*) FROM "personal_connections"  WHERE "personal_connections"."verb_id" = $1[0m  [["verb_id", 1373]]
11:09:17 web.1  |   [1m[36m (0.3ms)[0m  [1mSELECT COUNT(*) FROM "personal_connections"  WHERE "personal_connections"."verb_id" = $1[0m  [["verb_id", 1051]]
11:09:17 web.1  |   [1m[35m (0.3ms)[0m  SELECT COUNT(*) FROM "personal_connections"  WHERE "personal_connections"."verb_id" = $1  [["verb_id", 1437]]
11:09:17 web.1  |   [1m[35m (0.3ms)[0m  SELECT COUNT(*) FROM "personal_connections"  WHERE "personal_connections"."verb_id" = $1  [["verb_id", 660]]
11:09:17 web.1  |   [1m[36m (0.3ms)[0m  [1mSELECT COUNT(*) FROM "personal_connections"  WHERE "personal_connections"."verb_id" = $1[0m  [["verb_id", 1046]]
11:09:17 web.1  |   [1m[36m (0.3ms)[0m  [1mSELECT COUNT(*) FROM "personal_connections"  WHERE "personal_connections"."verb_id" = $1[0m  [["verb_id", 664]]
11:09:17 web.1  |   [1m[35m (0.3ms)[0m  SELECT COUNT(*) FROM "personal_connections"  WHERE "personal_connections"."verb_id" = $1  [["verb_id", 852]]
11:09:17 web.1  |   [1m[35m (0.3ms)[0m  SELECT COUNT(*) FROM "personal_connections"  WHERE "personal_connections"."verb_id" = $1  [["verb_id", 1184]]
11:09:17 web.1  |   [1m[36m (0.3ms)[0m  [1mSELECT COUNT(*) FROM "personal_connections"  WHERE "personal_connections"."verb_id" = $1[0m  [["verb_id", 1550]]
11:09:17 web.1  |   [1m[36m (0.4ms)[0m  [1mSELECT COUNT(*) FROM "personal_connections"  WHERE "personal_connections"."verb_id" = $1[0m  [["verb_id", 837]]
11:09:17 web.1  |   [1m[35m (0.3ms)[0m  SELECT COUNT(*) FROM "personal_connections"  WHERE "personal_connections"."verb_id" = $1  [["verb_id", 23]]
11:09:17 web.1  |   [1m[36m (0.3ms)[0m  [1mSELECT COUNT(*) FROM "personal_connections"  WHERE "personal_connections"."verb_id" = $1[0m  [["verb_id", 412]]
11:09:17 web.1  |   [1m[35m (0.2ms)[0m  SELECT COUNT(*) FROM "personal_connections"  WHERE "personal_connections"."verb_id" = $1  [["verb_id", 1244]]
11:09:17 web.1  |   [1m[35m (0.3ms)[0m  SELECT COUNT(*) FROM "personal_connections"  WHERE "personal_connections"."verb_id" = $1  [["verb_id", 1071]]
11:09:17 web.1  |   [1m[36m (0.5ms)[0m  [1mSELECT COUNT(*) FROM "personal_connections"  WHERE "personal_connections"."verb_id" = $1[0m  [["verb_id", 1527]]
11:09:17 web.1  |   [1m[36m (0.3ms)[0m  [1mSELECT COUNT(*) FROM "personal_connections"  WHERE "personal_connections"."verb_id" = $1[0m  [["verb_id", 1180]]
11:09:17 web.1  |   [1m[35m (0.5ms)[0m  SELECT COUNT(*) FROM "personal_connections"  WHERE "personal_connections"."verb_id" = $1  [["verb_id", 997]]
11:09:17 web.1  |   [1m[35m (0.3ms)[0m  SELECT COUNT(*) FROM "personal_connections"  WHERE "personal_connections"."verb_id" = $1  [["verb_id", 1544]]
11:09:17 web.1  |   [1m[36m (0.6ms)[0m  [1mSELECT COUNT(*) FROM "personal_connections"  WHERE "personal_connections"."verb_id" = $1[0m  [["verb_id", 974]]
11:09:17 web.1  |   [1m[36m (0.3ms)[0m  [1mSELECT COUNT(*) FROM "personal_connections"  WHERE "personal_connections"."verb_id" = $1[0m  [["verb_id", 1331]]
11:09:17 web.1  |   [1m[35m (0.5ms)[0m  SELECT COUNT(*) FROM "personal_connections"  WHERE "personal_connections"."verb_id" = $1  [["verb_id", 1085]]
11:09:17 web.1  |   [1m[35m (0.3ms)[0m  SELECT COUNT(*) FROM "personal_connections"  WHERE "personal_connections"."verb_id" = $1  [["verb_id", 346]]
11:09:17 web.1  |   [1m[36m (0.3ms)[0m  [1mSELECT COUNT(*) FROM "personal_connections"  WHERE "personal_connections"."verb_id" = $1[0m  [["verb_id", 260]]
11:09:17 web.1  |   [1m[36m (0.3ms)[0m  [1mSELECT COUNT(*) FROM "personal_connections"  WHERE "personal_connections"."verb_id" = $1[0m  [["verb_id", 348]]
11:09:17 web.1  |   [1m[35m (0.7ms)[0m  SELECT COUNT(*) FROM "personal_connections"  WHERE "personal_connections"."verb_id" = $1  [["verb_id", 1078]]
11:09:17 web.1  |   [1m[35m (0.3ms)[0m  SELECT COUNT(*) FROM "personal_connections"  WHERE "personal_connections"."verb_id" = $1  [["verb_id", 1487]]
11:09:17 web.1  |   [1m[36m (0.3ms)[0m  [1mSELECT COUNT(*) FROM "personal_connections"  WHERE "personal_connections"."verb_id" = $1[0m  [["verb_id", 1523]]
11:09:17 web.1  |   [1m[36m (0.2ms)[0m  [1mSELECT COUNT(*) FROM "personal_connections"  WHERE "personal_connections"."verb_id" = $1[0m  [["verb_id", 1187]]
11:09:17 web.1  |   [1m[35m (0.3ms)[0m  SELECT COUNT(*) FROM "personal_connections"  WHERE "personal_connections"."verb_id" = $1  [["verb_id", 1083]]
11:09:17 web.1  |   [1m[35m (0.3ms)[0m  SELECT COUNT(*) FROM "personal_connections"  WHERE "personal_connections"."verb_id" = $1  [["verb_id", 189]]
11:09:17 web.1  |   [1m[36m (0.3ms)[0m  [1mSELECT COUNT(*) FROM "personal_connections"  WHERE "personal_connections"."verb_id" = $1[0m  [["verb_id", 14]]
11:09:17 web.1  |   [1m[36m (0.5ms)[0m  [1mSELECT COUNT(*) FROM "personal_connections"  WHERE "personal_connections"."verb_id" = $1[0m  [["verb_id", 1419]]
11:09:17 web.1  |   [1m[35m (0.4ms)[0m  SELECT COUNT(*) FROM "personal_connections"  WHERE "personal_connections"."verb_id" = $1  [["verb_id", 1301]]
11:09:17 web.1  |   [1m[35m (0.3ms)[0m  SELECT COUNT(*) FROM "personal_connections"  WHERE "personal_connections"."verb_id" = $1  [["verb_id", 1511]]
11:09:17 web.1  |   [1m[36m (0.4ms)[0m  [1mSELECT COUNT(*) FROM "personal_connections"  WHERE "personal_connections"."verb_id" = $1[0m  [["verb_id", 246]]
11:09:17 web.1  |   [1m[36m (0.5ms)[0m  [1mSELECT COUNT(*) FROM "personal_connections"  WHERE "personal_connections"."verb_id" = $1[0m  [["verb_id", 875]]
11:09:17 web.1  |   [1m[35m (0.3ms)[0m  SELECT COUNT(*) FROM "personal_connections"  WHERE "personal_connections"."verb_id" = $1  [["verb_id", 709]]
11:09:17 web.1  |   [1m[35m (0.3ms)[0m  SELECT COUNT(*) FROM "personal_connections"  WHERE "personal_connections"."verb_id" = $1  [["verb_id", 616]]
11:09:17 web.1  |   [1m[36m (0.3ms)[0m  [1mSELECT COUNT(*) FROM "personal_connections"  WHERE "personal_connections"."verb_id" = $1[0m  [["verb_id", 862]]
11:09:17 web.1  |   [1m[36m (0.5ms)[0m  [1mSELECT COUNT(*) FROM "personal_connections"  WHERE "personal_connections"."verb_id" = $1[0m  [["verb_id", 1080]]
11:09:17 web.1  |   [1m[35m (0.3ms)[0m  SELECT COUNT(*) FROM "personal_connections"  WHERE "personal_connections"."verb_id" = $1  [["verb_id", 276]]
11:09:17 web.1  |   [1m[35m (0.3ms)[0m  SELECT COUNT(*) FROM "personal_connections"  WHERE "personal_connections"."verb_id" = $1  [["verb_id", 1079]]
11:09:17 web.1  |   [1m[36m (0.3ms)[0m  [1mSELECT COUNT(*) FROM "personal_connections"  WHERE "personal_connections"."verb_id" = $1[0m  [["verb_id", 949]]
11:09:17 web.1  |   [1m[36m (0.3ms)[0m  [1mSELECT COUNT(*) FROM "personal_connections"  WHERE "personal_connections"."verb_id" = $1[0m  [["verb_id", 1395]]
11:09:17 web.1  |   [1m[35m (0.4ms)[0m  SELECT COUNT(*) FROM "personal_connections"  WHERE "personal_connections"."verb_id" = $1  [["verb_id", 193]]
11:09:17 web.1  |   [1m[35m (0.3ms)[0m  SELECT COUNT(*) FROM "personal_connections"  WHERE "personal_connections"."verb_id" = $1  [["verb_id", 1236]]
11:09:17 web.1  |   [1m[36m (0.3ms)[0m  [1mSELECT COUNT(*) FROM "personal_connections"  WHERE "personal_connections"."verb_id" = $1[0m  [["verb_id", 1248]]
11:09:17 web.1  |   [1m[36m (0.3ms)[0m  [1mSELECT COUNT(*) FROM "personal_connections"  WHERE "personal_connections"."verb_id" = $1[0m  [["verb_id", 1271]]
11:09:17 web.1  |   [1m[35m (0.4ms)[0m  SELECT COUNT(*) FROM "personal_connections"  WHERE "personal_connections"."verb_id" = $1  [["verb_id", 734]]
11:09:17 web.1  |   [1m[35m (0.6ms)[0m  SELECT COUNT(*) FROM "personal_connections"  WHERE "personal_connections"."verb_id" = $1  [["verb_id", 1344]]
11:09:17 web.1  |   [1m[36m (0.2ms)[0m  [1mSELECT COUNT(*) FROM "personal_connections"  WHERE "personal_connections"."verb_id" = $1[0m  [["verb_id", 913]]
11:09:17 web.1  |   [1m[36m (0.5ms)[0m  [1mSELECT COUNT(*) FROM "personal_connections"  WHERE "personal_connections"."verb_id" = $1[0m  [["verb_id", 891]]
11:09:17 web.1  |   [1m[35m (0.3ms)[0m  SELECT COUNT(*) FROM "personal_connections"  WHERE "personal_connections"."verb_id" = $1  [["verb_id", 1571]]
11:09:17 web.1  |   [1m[36m (0.3ms)[0m  [1mSELECT COUNT(*) FROM "personal_connections"  WHERE "personal_connections"."verb_id" = $1[0m  [["verb_id", 700]]
11:09:17 web.1  |   [1m[35m (0.2ms)[0m  SELECT COUNT(*) FROM "personal_connections"  WHERE "personal_connections"."verb_id" = $1  [["verb_id", 770]]
11:09:17 web.1  |   [1m[35m (0.4ms)[0m  SELECT COUNT(*) FROM "personal_connections"  WHERE "personal_connections"."verb_id" = $1  [["verb_id", 950]]
11:09:17 web.1  |   [1m[36m (0.2ms)[0m  [1mSELECT COUNT(*) FROM "personal_connections"  WHERE "personal_connections"."verb_id" = $1[0m  [["verb_id", 1566]]
11:09:17 web.1  |   [1m[35m (0.3ms)[0m  SELECT COUNT(*) FROM "personal_connections"  WHERE "personal_connections"."verb_id" = $1  [["verb_id", 1440]]
11:09:17 web.1  |   [1m[36m (7.0ms)[0m  [1mSELECT COUNT(*) FROM "personal_connections"  WHERE "personal_connections"."verb_id" = $1[0m  [["verb_id", 1398]]
11:09:17 web.1  |   [1m[36m (7.3ms)[0m  [1mSELECT COUNT(*) FROM "personal_connections"  WHERE "personal_connections"."verb_id" = $1[0m  [["verb_id", 1014]]
11:09:17 web.1  |   [1m[35m (1.2ms)[0m  SELECT COUNT(*) FROM "personal_connections"  WHERE "personal_connections"."verb_id" = $1  [["verb_id", 788]]
11:09:17 web.1  |   [1m[35m (11.7ms)[0m  SELECT COUNT(*) FROM "personal_connections"  WHERE "personal_connections"."verb_id" = $1  [["verb_id", 472]]
11:09:18 web.1  |   [1m[36m (45.0ms)[0m  [1mSELECT COUNT(*) FROM "personal_connections"  WHERE "personal_connections"."verb_id" = $1[0m  [["verb_id", 1519]]
11:09:18 web.1  |   [1m[36m (7.3ms)[0m  [1mSELECT COUNT(*) FROM "personal_connections"  WHERE "personal_connections"."verb_id" = $1[0m  [["verb_id", 1350]]
11:09:18 web.1  |   [1m[35m (7.9ms)[0m  SELECT COUNT(*) FROM "personal_connections"  WHERE "personal_connections"."verb_id" = $1  [["verb_id", 699]]
11:09:18 web.1  |   [1m[35m (7.1ms)[0m  SELECT COUNT(*) FROM "personal_connections"  WHERE "personal_connections"."verb_id" = $1  [["verb_id", 1377]]
11:09:18 web.1  |   [1m[36m (11.0ms)[0m  [1mSELECT COUNT(*) FROM "personal_connections"  WHERE "personal_connections"."verb_id" = $1[0m  [["verb_id", 976]]
11:09:18 web.1  |   [1m[35m (0.3ms)[0m  SELECT COUNT(*) FROM "personal_connections"  WHERE "personal_connections"."verb_id" = $1  [["verb_id", 1207]]
11:09:18 web.1  |   [1m[36m (0.3ms)[0m  [1mSELECT COUNT(*) FROM "personal_connections"  WHERE "personal_connections"."verb_id" = $1[0m  [["verb_id", 1291]]
11:09:18 web.1  |   [1m[36m (0.3ms)[0m  [1mSELECT COUNT(*) FROM "personal_connections"  WHERE "personal_connections"."verb_id" = $1[0m  [["verb_id", 1092]]
11:09:18 web.1  |   [1m[35m (0.3ms)[0m  SELECT COUNT(*) FROM "personal_connections"  WHERE "personal_connections"."verb_id" = $1  [["verb_id", 863]]
11:09:18 web.1  |   [1m[35m (0.3ms)[0m  SELECT COUNT(*) FROM "personal_connections"  WHERE "personal_connections"."verb_id" = $1  [["verb_id", 22]]
11:09:18 web.1  |   [1m[36m (0.4ms)[0m  [1mSELECT COUNT(*) FROM "personal_connections"  WHERE "personal_connections"."verb_id" = $1[0m  [["verb_id", 1368]]
11:09:18 web.1  |   [1m[36m (0.3ms)[0m  [1mSELECT COUNT(*) FROM "personal_connections"  WHERE "personal_connections"."verb_id" = $1[0m  [["verb_id", 947]]
11:09:18 web.1  |   [1m[35m (0.3ms)[0m  SELECT COUNT(*) FROM "personal_connections"  WHERE "personal_connections"."verb_id" = $1  [["verb_id", 516]]
11:09:18 web.1  |   [1m[35m (0.3ms)[0m  SELECT COUNT(*) FROM "personal_connections"  WHERE "personal_connections"."verb_id" = $1  [["verb_id", 790]]
11:09:18 web.1  |   [1m[36m (0.3ms)[0m  [1mSELECT COUNT(*) FROM "personal_connections"  WHERE "personal_connections"."verb_id" = $1[0m  [["verb_id", 969]]
11:09:18 web.1  |   [1m[36m (0.3ms)[0m  [1mSELECT COUNT(*) FROM "personal_connections"  WHERE "personal_connections"."verb_id" = $1[0m  [["verb_id", 1528]]
11:09:18 web.1  |   [1m[35m (0.4ms)[0m  SELECT COUNT(*) FROM "personal_connections"  WHERE "personal_connections"."verb_id" = $1  [["verb_id", 797]]
11:09:18 web.1  |   [1m[35m (0.2ms)[0m  SELECT COUNT(*) FROM "personal_connections"  WHERE "personal_connections"."verb_id" = $1  [["verb_id", 883]]
11:09:18 web.1  |   [1m[36m (0.4ms)[0m  [1mSELECT COUNT(*) FROM "personal_connections"  WHERE "personal_connections"."verb_id" = $1[0m  [["verb_id", 620]]
11:09:18 web.1  |   [1m[36m (0.3ms)[0m  [1mSELECT COUNT(*) FROM "personal_connections"  WHERE "personal_connections"."verb_id" = $1[0m  [["verb_id", 1168]]
11:09:18 web.1  |   [1m[35m (0.4ms)[0m  SELECT COUNT(*) FROM "personal_connections"  WHERE "personal_connections"."verb_id" = $1  [["verb_id", 1340]]
11:09:18 web.1  |   [1m[35m (0.3ms)[0m  SELECT COUNT(*) FROM "personal_connections"  WHERE "personal_connections"."verb_id" = $1  [["verb_id", 782]]
11:09:18 web.1  |   [1m[36m (0.3ms)[0m  [1mSELECT COUNT(*) FROM "personal_connections"  WHERE "personal_connections"."verb_id" = $1[0m  [["verb_id", 771]]
11:09:18 web.1  |   [1m[36m (0.3ms)[0m  [1mSELECT COUNT(*) FROM "personal_connections"  WHERE "personal_connections"."verb_id" = $1[0m  [["verb_id", 1588]]
11:09:18 web.1  |   [1m[35m (0.3ms)[0m  SELECT COUNT(*) FROM "personal_connections"  WHERE "personal_connections"."verb_id" = $1  [["verb_id", 218]]
11:09:18 web.1  |   [1m[36m (0.3ms)[0m  [1mSELECT COUNT(*) FROM "personal_connections"  WHERE "personal_connections"."verb_id" = $1[0m  [["verb_id", 382]]
11:09:18 web.1  |   [1m[35m (0.3ms)[0m  SELECT COUNT(*) FROM "personal_connections"  WHERE "personal_connections"."verb_id" = $1  [["verb_id", 740]]
11:09:18 web.1  |   [1m[35m (0.3ms)[0m  SELECT COUNT(*) FROM "personal_connections"  WHERE "personal_connections"."verb_id" = $1  [["verb_id", 799]]
11:09:18 web.1  |   [1m[36m (0.3ms)[0m  [1mSELECT COUNT(*) FROM "personal_connections"  WHERE "personal_connections"."verb_id" = $1[0m  [["verb_id", 1074]]
11:09:18 web.1  |   [1m[36m (0.4ms)[0m  [1mSELECT COUNT(*) FROM "personal_connections"  WHERE "personal_connections"."verb_id" = $1[0m  [["verb_id", 1442]]
11:09:18 web.1  |   [1m[35m (0.4ms)[0m  SELECT COUNT(*) FROM "personal_connections"  WHERE "personal_connections"."verb_id" = $1  [["verb_id", 838]]
11:09:18 web.1  |   [1m[35m (0.3ms)[0m  SELECT COUNT(*) FROM "personal_connections"  WHERE "personal_connections"."verb_id" = $1  [["verb_id", 624]]
11:09:18 web.1  |   [1m[36m (0.3ms)[0m  [1mSELECT COUNT(*) FROM "personal_connections"  WHERE "personal_connections"."verb_id" = $1[0m  [["verb_id", 989]]
11:09:18 web.1  |   [1m[36m (0.2ms)[0m  [1mSELECT COUNT(*) FROM "personal_connections"  WHERE "personal_connections"."verb_id" = $1[0m  [["verb_id", 851]]
11:09:18 web.1  |   [1m[35m (0.3ms)[0m  SELECT COUNT(*) FROM "personal_connections"  WHERE "personal_connections"."verb_id" = $1  [["verb_id", 1548]]
11:09:18 web.1  |   [1m[35m (0.5ms)[0m  SELECT COUNT(*) FROM "personal_connections"  WHERE "personal_connections"."verb_id" = $1  [["verb_id", 1546]]
11:09:18 web.1  |   [1m[36m (0.3ms)[0m  [1mSELECT COUNT(*) FROM "personal_connections"  WHERE "personal_connections"."verb_id" = $1[0m  [["verb_id", 44]]
11:09:18 web.1  |   [1m[36m (0.5ms)[0m  [1mSELECT COUNT(*) FROM "personal_connections"  WHERE "personal_connections"."verb_id" = $1[0m  [["verb_id", 925]]
11:09:18 web.1  |   [1m[35m (0.3ms)[0m  SELECT COUNT(*) FROM "personal_connections"  WHERE "personal_connections"."verb_id" = $1  [["verb_id", 1260]]
11:09:18 web.1  |   [1m[35m (0.4ms)[0m  SELECT COUNT(*) FROM "personal_connections"  WHERE "personal_connections"."verb_id" = $1  [["verb_id", 956]]
11:09:18 web.1  |   [1m[36m (0.3ms)[0m  [1mSELECT COUNT(*) FROM "personal_connections"  WHERE "personal_connections"."verb_id" = $1[0m  [["verb_id", 1358]]
11:09:18 web.1  |   [1m[36m (0.3ms)[0m  [1mSELECT COUNT(*) FROM "personal_connections"  WHERE "personal_connections"."verb_id" = $1[0m  [["verb_id", 1497]]
11:09:18 web.1  |   [1m[35m (0.3ms)[0m  SELECT COUNT(*) FROM "personal_connections"  WHERE "personal_connections"."verb_id" = $1  [["verb_id", 1021]]
11:09:18 web.1  |   [1m[35m (0.3ms)[0m  SELECT COUNT(*) FROM "personal_connections"  WHERE "personal_connections"."verb_id" = $1  [["verb_id", 1512]]
11:09:18 web.1  |   [1m[36m (0.3ms)[0m  [1mSELECT COUNT(*) FROM "personal_connections"  WHERE "personal_connections"."verb_id" = $1[0m  [["verb_id", 268]]
11:09:18 web.1  |   [1m[35m (0.4ms)[0m  SELECT COUNT(*) FROM "personal_connections"  WHERE "personal_connections"."verb_id" = $1  [["verb_id", 983]]
11:09:18 web.1  |   [1m[36m (0.3ms)[0m  [1mSELECT COUNT(*) FROM "personal_connections"  WHERE "personal_connections"."verb_id" = $1[0m  [["verb_id", 1253]]
11:09:18 web.1  |   [1m[36m (0.5ms)[0m  [1mSELECT COUNT(*) FROM "personal_connections"  WHERE "personal_connections"."verb_id" = $1[0m  [["verb_id", 796]]
11:09:18 web.1  |   [1m[35m (1.0ms)[0m  SELECT COUNT(*) FROM "personal_connections"  WHERE "personal_connections"."verb_id" = $1  [["verb_id", 854]]
11:09:18 web.1  |   [1m[35m (0.4ms)[0m  SELECT COUNT(*) FROM "personal_connections"  WHERE "personal_connections"."verb_id" = $1  [["verb_id", 1401]]
11:09:18 web.1  |   [1m[36m (0.2ms)[0m  [1mSELECT COUNT(*) FROM "personal_connections"  WHERE "personal_connections"."verb_id" = $1[0m  [["verb_id", 1145]]
11:09:18 web.1  |   [1m[35m (0.3ms)[0m  SELECT COUNT(*) FROM "personal_connections"  WHERE "personal_connections"."verb_id" = $1  [["verb_id", 1146]]
11:09:18 web.1  |   [1m[36m (0.6ms)[0m  [1mSELECT COUNT(*) FROM "personal_connections"  WHERE "personal_connections"."verb_id" = $1[0m  [["verb_id", 1203]]
11:09:18 web.1  |   [1m[35m (0.4ms)[0m  SELECT COUNT(*) FROM "personal_connections"  WHERE "personal_connections"."verb_id" = $1  [["verb_id", 774]]
11:09:18 web.1  |   [1m[36m (0.5ms)[0m  [1mSELECT COUNT(*) FROM "personal_connections"  WHERE "personal_connections"."verb_id" = $1[0m  [["verb_id", 1075]]
11:09:18 web.1  |   [1m[36m (0.3ms)[0m  [1mSELECT COUNT(*) FROM "personal_connections"  WHERE "personal_connections"."verb_id" = $1[0m  [["verb_id", 1011]]
11:09:18 web.1  |   [1m[35m (0.3ms)[0m  SELECT COUNT(*) FROM "personal_connections"  WHERE "personal_connections"."verb_id" = $1  [["verb_id", 1067]]
11:09:18 web.1  |   [1m[35m (0.3ms)[0m  SELECT COUNT(*) FROM "personal_connections"  WHERE "personal_connections"."verb_id" = $1  [["verb_id", 712]]
11:09:18 web.1  |   [1m[36m (0.3ms)[0m  [1mSELECT COUNT(*) FROM "personal_connections"  WHERE "personal_connections"."verb_id" = $1[0m  [["verb_id", 590]]
11:09:18 web.1  |   [1m[36m (0.3ms)[0m  [1mSELECT COUNT(*) FROM "personal_connections"  WHERE "personal_connections"."verb_id" = $1[0m  [["verb_id", 328]]
11:09:18 web.1  |   [1m[35m (0.3ms)[0m  SELECT COUNT(*) FROM "personal_connections"  WHERE "personal_connections"."verb_id" = $1  [["verb_id", 1281]]
11:09:18 web.1  |   [1m[35m (0.3ms)[0m  SELECT COUNT(*) FROM "personal_connections"  WHERE "personal_connections"."verb_id" = $1  [["verb_id", 733]]
11:09:18 web.1  |   [1m[36m (0.4ms)[0m  [1mSELECT COUNT(*) FROM "personal_connections"  WHERE "personal_connections"."verb_id" = $1[0m  [["verb_id", 662]]
11:09:18 web.1  |   [1m[36m (0.2ms)[0m  [1mSELECT COUNT(*) FROM "personal_connections"  WHERE "personal_connections"."verb_id" = $1[0m  [["verb_id", 1003]]
11:09:18 web.1  |   [1m[35m (0.4ms)[0m  SELECT COUNT(*) FROM "personal_connections"  WHERE "personal_connections"."verb_id" = $1  [["verb_id", 1508]]
11:09:18 web.1  |   [1m[35m (0.2ms)[0m  SELECT COUNT(*) FROM "personal_connections"  WHERE "personal_connections"."verb_id" = $1  [["verb_id", 63]]
11:09:18 web.1  |   [1m[36m (0.4ms)[0m  [1mSELECT COUNT(*) FROM "personal_connections"  WHERE "personal_connections"."verb_id" = $1[0m  [["verb_id", 252]]
11:09:18 web.1  |   [1m[36m (0.8ms)[0m  [1mSELECT COUNT(*) FROM "personal_connections"  WHERE "personal_connections"."verb_id" = $1[0m  [["verb_id", 1503]]
11:09:18 web.1  |   [1m[35m (0.3ms)[0m  SELECT COUNT(*) FROM "personal_connections"  WHERE "personal_connections"."verb_id" = $1  [["verb_id", 1127]]
11:09:18 web.1  |   [1m[35m (0.5ms)[0m  SELECT COUNT(*) FROM "personal_connections"  WHERE "personal_connections"."verb_id" = $1  [["verb_id", 1237]]
11:09:18 web.1  |   [1m[36m (0.3ms)[0m  [1mSELECT COUNT(*) FROM "personal_connections"  WHERE "personal_connections"."verb_id" = $1[0m  [["verb_id", 1241]]
11:09:18 web.1  |   [1m[36m (0.3ms)[0m  [1mSELECT COUNT(*) FROM "personal_connections"  WHERE "personal_connections"."verb_id" = $1[0m  [["verb_id", 648]]
11:09:18 web.1  |   [1m[35m (0.3ms)[0m  SELECT COUNT(*) FROM "personal_connections"  WHERE "personal_connections"."verb_id" = $1  [["verb_id", 1578]]
11:09:18 web.1  |   [1m[35m (0.3ms)[0m  SELECT COUNT(*) FROM "personal_connections"  WHERE "personal_connections"."verb_id" = $1  [["verb_id", 410]]
11:09:18 web.1  |   [1m[36m (0.3ms)[0m  [1mSELECT COUNT(*) FROM "personal_connections"  WHERE "personal_connections"."verb_id" = $1[0m  [["verb_id", 1452]]
11:09:18 web.1  |   [1m[36m (0.3ms)[0m  [1mSELECT COUNT(*) FROM "personal_connections"  WHERE "personal_connections"."verb_id" = $1[0m  [["verb_id", 1018]]
11:09:18 web.1  |   [1m[35m (0.3ms)[0m  SELECT COUNT(*) FROM "personal_connections"  WHERE "personal_connections"."verb_id" = $1  [["verb_id", 1051]]
11:09:18 web.1  |   [1m[35m (0.3ms)[0m  SELECT COUNT(*) FROM "personal_connections"  WHERE "personal_connections"."verb_id" = $1  [["verb_id", 1228]]
11:09:18 web.1  |   [1m[36m (0.3ms)[0m  [1mSELECT COUNT(*) FROM "personal_connections"  WHERE "personal_connections"."verb_id" = $1[0m  [["verb_id", 660]]
11:09:18 web.1  |   [1m[36m (0.3ms)[0m  [1mSELECT COUNT(*) FROM "personal_connections"  WHERE "personal_connections"."verb_id" = $1[0m  [["verb_id", 1456]]
11:09:18 web.1  |   [1m[35m (0.3ms)[0m  SELECT COUNT(*) FROM "personal_connections"  WHERE "personal_connections"."verb_id" = $1  [["verb_id", 664]]
11:09:18 web.1  |   [1m[35m (0.5ms)[0m  SELECT COUNT(*) FROM "personal_connections"  WHERE "personal_connections"."verb_id" = $1  [["verb_id", 1165]]
11:09:18 web.1  |   [1m[36m (0.3ms)[0m  [1mSELECT COUNT(*) FROM "personal_connections"  WHERE "personal_connections"."verb_id" = $1[0m  [["verb_id", 1184]]
11:09:18 web.1  |   [1m[36m (0.4ms)[0m  [1mSELECT COUNT(*) FROM "personal_connections"  WHERE "personal_connections"."verb_id" = $1[0m  [["verb_id", 185]]
11:09:18 web.1  |   [1m[35m (0.3ms)[0m  SELECT COUNT(*) FROM "personal_connections"  WHERE "personal_connections"."verb_id" = $1  [["verb_id", 837]]
11:09:18 web.1  |   [1m[35m (0.3ms)[0m  SELECT COUNT(*) FROM "personal_connections"  WHERE "personal_connections"."verb_id" = $1  [["verb_id", 444]]
11:09:18 web.1  |   [1m[36m (0.3ms)[0m  [1mSELECT COUNT(*) FROM "personal_connections"  WHERE "personal_connections"."verb_id" = $1[0m  [["verb_id", 1244]]
11:09:18 web.1  |   [1m[36m (0.3ms)[0m  [1mSELECT COUNT(*) FROM "personal_connections"  WHERE "personal_connections"."verb_id" = $1[0m  [["verb_id", 650]]
11:09:18 web.1  |   [1m[35m (0.2ms)[0m  SELECT COUNT(*) FROM "personal_connections"  WHERE "personal_connections"."verb_id" = $1  [["verb_id", 1527]]
11:09:18 web.1  |   [1m[36m (0.4ms)[0m  [1mSELECT COUNT(*) FROM "personal_connections"  WHERE "personal_connections"."verb_id" = $1[0m  [["verb_id", 997]]
11:09:18 web.1  |   [1m[35m (0.3ms)[0m  SELECT COUNT(*) FROM "personal_connections"  WHERE "personal_connections"."verb_id" = $1  [["verb_id", 1577]]
11:09:18 web.1  |   [1m[35m (0.4ms)[0m  SELECT COUNT(*) FROM "personal_connections"  WHERE "personal_connections"."verb_id" = $1  [["verb_id", 974]]
11:09:18 web.1  |   [1m[36m (0.4ms)[0m  [1mSELECT COUNT(*) FROM "personal_connections"  WHERE "personal_connections"."verb_id" = $1[0m  [["verb_id", 1126]]
11:09:18 web.1  |   [1m[36m (0.3ms)[0m  [1mSELECT COUNT(*) FROM "personal_connections"  WHERE "personal_connections"."verb_id" = $1[0m  [["verb_id", 1085]]
11:09:18 web.1  |   [1m[35m (0.3ms)[0m  SELECT COUNT(*) FROM "personal_connections"  WHERE "personal_connections"."verb_id" = $1  [["verb_id", 1012]]
11:09:18 web.1  |   [1m[35m (0.3ms)[0m  SELECT COUNT(*) FROM "personal_connections"  WHERE "personal_connections"."verb_id" = $1  [["verb_id", 260]]
11:09:18 web.1  |   [1m[36m (0.4ms)[0m  [1mSELECT COUNT(*) FROM "personal_connections"  WHERE "personal_connections"."verb_id" = $1[0m  [["verb_id", 1208]]
11:09:18 web.1  |   [1m[36m (0.3ms)[0m  [1mSELECT COUNT(*) FROM "personal_connections"  WHERE "personal_connections"."verb_id" = $1[0m  [["verb_id", 1078]]
11:09:18 web.1  |   [1m[35m (0.3ms)[0m  SELECT COUNT(*) FROM "personal_connections"  WHERE "personal_connections"."verb_id" = $1  [["verb_id", 1414]]
11:09:18 web.1  |   [1m[35m (0.3ms)[0m  SELECT COUNT(*) FROM "personal_connections"  WHERE "personal_connections"."verb_id" = $1  [["verb_id", 1187]]
11:09:18 web.1  |   [1m[36m (0.4ms)[0m  [1mSELECT COUNT(*) FROM "personal_connections"  WHERE "personal_connections"."verb_id" = $1[0m  [["verb_id", 189]]
11:09:18 web.1  |   [1m[36m (0.3ms)[0m  [1mSELECT COUNT(*) FROM "personal_connections"  WHERE "personal_connections"."verb_id" = $1[0m  [["verb_id", 1098]]
11:09:18 web.1  |   [1m[35m (0.3ms)[0m  SELECT COUNT(*) FROM "personal_connections"  WHERE "personal_connections"."verb_id" = $1  [["verb_id", 1513]]
11:09:18 web.1  |   [1m[36m (0.5ms)[0m  [1mSELECT COUNT(*) FROM "personal_connections"  WHERE "personal_connections"."verb_id" = $1[0m  [["verb_id", 362]]
11:09:18 web.1  |   [1m[35m (0.3ms)[0m  SELECT COUNT(*) FROM "personal_connections"  WHERE "personal_connections"."verb_id" = $1  [["verb_id", 1419]]
11:09:18 web.1  |   [1m[35m (0.3ms)[0m  SELECT COUNT(*) FROM "personal_connections"  WHERE "personal_connections"."verb_id" = $1  [["verb_id", 1136]]
11:09:18 web.1  |   [1m[36m (0.3ms)[0m  [1mSELECT COUNT(*) FROM "personal_connections"  WHERE "personal_connections"."verb_id" = $1[0m  [["verb_id", 1511]]
11:09:18 web.1  |   [1m[36m (0.3ms)[0m  [1mSELECT COUNT(*) FROM "personal_connections"  WHERE "personal_connections"."verb_id" = $1[0m  [["verb_id", 1498]]
11:09:18 web.1  |   [1m[35m (0.3ms)[0m  SELECT COUNT(*) FROM "personal_connections"  WHERE "personal_connections"."verb_id" = $1  [["verb_id", 875]]
11:09:18 web.1  |   [1m[35m (0.3ms)[0m  SELECT COUNT(*) FROM "personal_connections"  WHERE "personal_connections"."verb_id" = $1  [["verb_id", 1555]]
11:09:18 web.1  |   [1m[36m (0.3ms)[0m  [1mSELECT COUNT(*) FROM "personal_connections"  WHERE "personal_connections"."verb_id" = $1[0m  [["verb_id", 616]]
11:09:18 web.1  |   [1m[36m (0.3ms)[0m  [1mSELECT COUNT(*) FROM "personal_connections"  WHERE "personal_connections"."verb_id" = $1[0m  [["verb_id", 1475]]
11:09:18 web.1  |   [1m[35m (0.3ms)[0m  SELECT COUNT(*) FROM "personal_connections"  WHERE "personal_connections"."verb_id" = $1  [["verb_id", 1080]]
11:09:18 web.1  |   [1m[35m (0.3ms)[0m  SELECT COUNT(*) FROM "personal_connections"  WHERE "personal_connections"."verb_id" = $1  [["verb_id", 705]]
11:09:18 web.1  |   [1m[36m (0.3ms)[0m  [1mSELECT COUNT(*) FROM "personal_connections"  WHERE "personal_connections"."verb_id" = $1[0m  [["verb_id", 1079]]
11:09:18 web.1  |   [1m[35m (0.3ms)[0m  SELECT COUNT(*) FROM "personal_connections"  WHERE "personal_connections"."verb_id" = $1  [["verb_id", 1395]]
11:09:18 web.1  |   [1m[36m (0.2ms)[0m  [1mSELECT COUNT(*) FROM "personal_connections"  WHERE "personal_connections"."verb_id" = $1[0m  [["verb_id", 1478]]
11:09:18 web.1  |   [1m[36m (0.3ms)[0m  [1mSELECT COUNT(*) FROM "personal_connections"  WHERE "personal_connections"."verb_id" = $1[0m  [["verb_id", 1236]]
11:09:18 web.1  |   [1m[35m (0.2ms)[0m  SELECT COUNT(*) FROM "personal_connections"  WHERE "personal_connections"."verb_id" = $1  [["verb_id", 1164]]
11:09:18 web.1  |   [1m[35m (0.3ms)[0m  SELECT COUNT(*) FROM "personal_connections"  WHERE "personal_connections"."verb_id" = $1  [["verb_id", 1271]]
11:09:18 web.1  |   [1m[36m (0.3ms)[0m  [1mSELECT COUNT(*) FROM "personal_connections"  WHERE "personal_connections"."verb_id" = $1[0m  [["verb_id", 741]]
11:09:18 web.1  |   [1m[36m (0.3ms)[0m  [1mSELECT COUNT(*) FROM "personal_connections"  WHERE "personal_connections"."verb_id" = $1[0m  [["verb_id", 1344]]
11:09:18 web.1  |   [1m[35m (0.3ms)[0m  SELECT COUNT(*) FROM "personal_connections"  WHERE "personal_connections"."verb_id" = $1  [["verb_id", 1360]]
11:09:18 web.1  |   [1m[35m (0.3ms)[0m  SELECT COUNT(*) FROM "personal_connections"  WHERE "personal_connections"."verb_id" = $1  [["verb_id", 891]]
11:09:18 web.1  |   [1m[36m (0.3ms)[0m  [1mSELECT COUNT(*) FROM "personal_connections"  WHERE "personal_connections"."verb_id" = $1[0m  [["verb_id", 773]]
11:09:18 web.1  |   [1m[36m (0.3ms)[0m  [1mSELECT COUNT(*) FROM "personal_connections"  WHERE "personal_connections"."verb_id" = $1[0m  [["verb_id", 770]]
11:09:18 web.1  |   [1m[35m (0.3ms)[0m  SELECT COUNT(*) FROM "personal_connections"  WHERE "personal_connections"."verb_id" = $1  [["verb_id", 1024]]
11:09:18 web.1  |   [1m[35m (0.3ms)[0m  SELECT COUNT(*) FROM "personal_connections"  WHERE "personal_connections"."verb_id" = $1  [["verb_id", 1566]]
11:09:18 web.1  |   [1m[36m (0.4ms)[0m  [1mSELECT COUNT(*) FROM "personal_connections"  WHERE "personal_connections"."verb_id" = $1[0m  [["verb_id", 1192]]
11:09:18 web.1  |   [1m[36m (0.4ms)[0m  [1mSELECT COUNT(*) FROM "personal_connections"  WHERE "personal_connections"."verb_id" = $1[0m  [["verb_id", 1440]]
11:09:18 web.1  |   [1m[35m (0.3ms)[0m  SELECT COUNT(*) FROM "personal_connections"  WHERE "personal_connections"."verb_id" = $1  [["verb_id", 584]]
11:09:18 web.1  |   [1m[35m (0.4ms)[0m  SELECT COUNT(*) FROM "personal_connections"  WHERE "personal_connections"."verb_id" = $1  [["verb_id", 1014]]
11:09:18 web.1  |   [1m[36m (0.4ms)[0m  [1mSELECT COUNT(*) FROM "personal_connections"  WHERE "personal_connections"."verb_id" = $1[0m  [["verb_id", 512]]
11:09:18 web.1  |   [1m[36m (0.3ms)[0m  [1mSELECT COUNT(*) FROM "personal_connections"  WHERE "personal_connections"."verb_id" = $1[0m  [["verb_id", 788]]
11:09:18 web.1  |   [1m[35m (0.3ms)[0m  SELECT COUNT(*) FROM "personal_connections"  WHERE "personal_connections"."verb_id" = $1  [["verb_id", 1068]]
11:09:18 web.1  |   [1m[35m (0.4ms)[0m  SELECT COUNT(*) FROM "personal_connections"  WHERE "personal_connections"."verb_id" = $1  [["verb_id", 1350]]
11:09:18 web.1  |   [1m[36m (0.3ms)[0m  [1mSELECT COUNT(*) FROM "personal_connections"  WHERE "personal_connections"."verb_id" = $1[0m  [["verb_id", 1356]]
11:09:18 web.1  |   [1m[36m (0.3ms)[0m  [1mSELECT COUNT(*) FROM "personal_connections"  WHERE "personal_connections"."verb_id" = $1[0m  [["verb_id", 1377]]
11:09:18 web.1  |   [1m[35m (0.3ms)[0m  SELECT COUNT(*) FROM "personal_connections"  WHERE "personal_connections"."verb_id" = $1  [["verb_id", 372]]
11:09:18 web.1  |   [1m[35m (0.4ms)[0m  SELECT COUNT(*) FROM "personal_connections"  WHERE "personal_connections"."verb_id" = $1  [["verb_id", 1092]]
11:09:18 web.1  |   [1m[36m (0.3ms)[0m  [1mSELECT COUNT(*) FROM "personal_connections"  WHERE "personal_connections"."verb_id" = $1[0m  [["verb_id", 1302]]
11:09:18 web.1  |   [1m[36m (0.4ms)[0m  [1mSELECT COUNT(*) FROM "personal_connections"  WHERE "personal_connections"."verb_id" = $1[0m  [["verb_id", 22]]
11:09:18 web.1  |   [1m[35m (0.2ms)[0m  SELECT COUNT(*) FROM "personal_connections"  WHERE "personal_connections"."verb_id" = $1  [["verb_id", 1507]]
11:09:18 web.1  |   [1m[35m (0.3ms)[0m  SELECT COUNT(*) FROM "personal_connections"  WHERE "personal_connections"."verb_id" = $1  [["verb_id", 947]]
11:09:18 web.1  |   [1m[36m (0.5ms)[0m  [1mSELECT COUNT(*) FROM "personal_connections"  WHERE "personal_connections"."verb_id" = $1[0m  [["verb_id", 232]]
11:09:18 web.1  |   [1m[36m (0.3ms)[0m  [1mSELECT COUNT(*) FROM "personal_connections"  WHERE "personal_connections"."verb_id" = $1[0m  [["verb_id", 790]]
11:09:18 web.1  |   [1m[35m (0.5ms)[0m  SELECT COUNT(*) FROM "personal_connections"  WHERE "personal_connections"."verb_id" = $1  [["verb_id", 1495]]
11:09:18 web.1  |   [1m[35m (0.3ms)[0m  SELECT COUNT(*) FROM "personal_connections"  WHERE "personal_connections"."verb_id" = $1  [["verb_id", 1528]]
11:09:18 web.1  |   [1m[36m (0.3ms)[0m  [1mSELECT COUNT(*) FROM "personal_connections"  WHERE "personal_connections"."verb_id" = $1[0m  [["verb_id", 1250]]
11:09:18 web.1  |   [1m[36m (0.3ms)[0m  [1mSELECT COUNT(*) FROM "personal_connections"  WHERE "personal_connections"."verb_id" = $1[0m  [["verb_id", 797]]
11:09:18 web.1  |   [1m[35m (0.6ms)[0m  SELECT COUNT(*) FROM "personal_connections"  WHERE "personal_connections"."verb_id" = $1  [["verb_id", 715]]
11:09:18 web.1  |   [1m[35m (0.3ms)[0m  SELECT COUNT(*) FROM "personal_connections"  WHERE "personal_connections"."verb_id" = $1  [["verb_id", 620]]
11:09:18 web.1  |   [1m[36m (0.4ms)[0m  [1mSELECT COUNT(*) FROM "personal_connections"  WHERE "personal_connections"."verb_id" = $1[0m  [["verb_id", 1340]]
11:09:18 web.1  |   [1m[36m (0.2ms)[0m  [1mSELECT COUNT(*) FROM "personal_connections"  WHERE "personal_connections"."verb_id" = $1[0m  [["verb_id", 396]]
11:09:18 web.1  |   [1m[35m (0.3ms)[0m  SELECT COUNT(*) FROM "personal_connections"  WHERE "personal_connections"."verb_id" = $1  [["verb_id", 771]]
11:09:18 web.1  |   [1m[35m (0.2ms)[0m  SELECT COUNT(*) FROM "personal_connections"  WHERE "personal_connections"."verb_id" = $1  [["verb_id", 1540]]
11:09:18 web.1  |   [1m[36m (0.4ms)[0m  [1mSELECT COUNT(*) FROM "personal_connections"  WHERE "personal_connections"."verb_id" = $1[0m  [["verb_id", 218]]
11:09:18 web.1  |   [1m[36m (0.7ms)[0m  [1mSELECT COUNT(*) FROM "personal_connections"  WHERE "personal_connections"."verb_id" = $1[0m  [["verb_id", 13]]
11:09:18 web.1  |   [1m[35m (0.3ms)[0m  SELECT COUNT(*) FROM "personal_connections"  WHERE "personal_connections"."verb_id" = $1  [["verb_id", 382]]
11:09:18 web.1  |   [1m[35m (0.5ms)[0m  SELECT COUNT(*) FROM "personal_connections"  WHERE "personal_connections"."verb_id" = $1  [["verb_id", 1229]]
11:09:18 web.1  |   [1m[36m (0.3ms)[0m  [1mSELECT COUNT(*) FROM "personal_connections"  WHERE "personal_connections"."verb_id" = $1[0m  [["verb_id", 799]]
11:09:18 web.1  |   [1m[36m (0.5ms)[0m  [1mSELECT COUNT(*) FROM "personal_connections"  WHERE "personal_connections"."verb_id" = $1[0m  [["verb_id", 1053]]
11:09:18 web.1  |   [1m[35m (0.3ms)[0m  SELECT COUNT(*) FROM "personal_connections"  WHERE "personal_connections"."verb_id" = $1  [["verb_id", 1442]]
11:09:18 web.1  |   [1m[35m (0.4ms)[0m  SELECT COUNT(*) FROM "personal_connections"  WHERE "personal_connections"."verb_id" = $1  [["verb_id", 302]]
11:09:18 web.1  |   [1m[36m (0.3ms)[0m  [1mSELECT COUNT(*) FROM "personal_connections"  WHERE "personal_connections"."verb_id" = $1[0m  [["verb_id", 838]]
11:09:18 web.1  |   [1m[35m (0.3ms)[0m  SELECT COUNT(*) FROM "personal_connections"  WHERE "personal_connections"."verb_id" = $1  [["verb_id", 851]]
11:09:18 web.1  |   [1m[36m (0.3ms)[0m  [1mSELECT COUNT(*) FROM "personal_connections"  WHERE "personal_connections"."verb_id" = $1[0m  [["verb_id", 917]]
11:09:18 web.1  |   [1m[36m (0.3ms)[0m  [1mSELECT COUNT(*) FROM "personal_connections"  WHERE "personal_connections"."verb_id" = $1[0m  [["verb_id", 1546]]
11:09:18 web.1  |   [1m[35m (0.3ms)[0m  SELECT COUNT(*) FROM "personal_connections"  WHERE "personal_connections"."verb_id" = $1  [["verb_id", 1101]]
11:09:18 web.1  |   [1m[35m (0.3ms)[0m  SELECT COUNT(*) FROM "personal_connections"  WHERE "personal_connections"."verb_id" = $1  [["verb_id", 925]]
11:09:18 web.1  |   [1m[36m (0.3ms)[0m  [1mSELECT COUNT(*) FROM "personal_connections"  WHERE "personal_connections"."verb_id" = $1[0m  [["verb_id", 498]]
11:09:18 web.1  |   [1m[36m (0.3ms)[0m  [1mSELECT COUNT(*) FROM "personal_connections"  WHERE "personal_connections"."verb_id" = $1[0m  [["verb_id", 956]]
11:09:18 web.1  |   [1m[35m (0.3ms)[0m  SELECT COUNT(*) FROM "personal_connections"  WHERE "personal_connections"."verb_id" = $1  [["verb_id", 298]]
11:09:18 web.1  |   [1m[36m (0.4ms)[0m  [1mSELECT COUNT(*) FROM "personal_connections"  WHERE "personal_connections"."verb_id" = $1[0m  [["verb_id", 506]]
11:09:18 web.1  |   [1m[35m (0.5ms)[0m  SELECT COUNT(*) FROM "personal_connections"  WHERE "personal_connections"."verb_id" = $1  [["verb_id", 1497]]
11:09:18 web.1  |   [1m[35m (0.4ms)[0m  SELECT COUNT(*) FROM "personal_connections"  WHERE "personal_connections"."verb_id" = $1  [["verb_id", 1330]]
11:09:18 web.1  |   [1m[36m (0.3ms)[0m  [1mSELECT COUNT(*) FROM "personal_connections"  WHERE "personal_connections"."verb_id" = $1[0m  [["verb_id", 1512]]
11:09:18 web.1  |   [1m[36m (0.6ms)[0m  [1mSELECT COUNT(*) FROM "personal_connections"  WHERE "personal_connections"."verb_id" = $1[0m  [["verb_id", 10]]
11:09:18 web.1  |   [1m[35m (0.5ms)[0m  SELECT COUNT(*) FROM "personal_connections"  WHERE "personal_connections"."verb_id" = $1  [["verb_id", 1253]]
11:09:18 web.1  |   [1m[35m (0.5ms)[0m  SELECT COUNT(*) FROM "personal_connections"  WHERE "personal_connections"."verb_id" = $1  [["verb_id", 776]]
11:09:18 web.1  |   [1m[36m (0.5ms)[0m  [1mSELECT COUNT(*) FROM "personal_connections"  WHERE "personal_connections"."verb_id" = $1[0m  [["verb_id", 854]]
11:09:18 web.1  |   [1m[36m (0.3ms)[0m  [1mSELECT COUNT(*) FROM "personal_connections"  WHERE "personal_connections"."verb_id" = $1[0m  [["verb_id", 310]]
11:09:18 web.1  |   [1m[35m (0.3ms)[0m  SELECT COUNT(*) FROM "personal_connections"  WHERE "personal_connections"."verb_id" = $1  [["verb_id", 1145]]
11:09:18 web.1  |   [1m[35m (0.5ms)[0m  SELECT COUNT(*) FROM "personal_connections"  WHERE "personal_connections"."verb_id" = $1  [["verb_id", 679]]
11:09:18 web.1  |   [1m[36m (0.5ms)[0m  [1mSELECT COUNT(*) FROM "personal_connections"  WHERE "personal_connections"."verb_id" = $1[0m  [["verb_id", 1146]]
11:09:18 web.1  |   [1m[36m (0.5ms)[0m  [1mSELECT COUNT(*) FROM "personal_connections"  WHERE "personal_connections"."verb_id" = $1[0m  [["verb_id", 869]]
11:09:18 web.1  |   [1m[35m (0.3ms)[0m  SELECT COUNT(*) FROM "personal_connections"  WHERE "personal_connections"."verb_id" = $1  [["verb_id", 1075]]
11:09:18 web.1  |   [1m[35m (0.3ms)[0m  SELECT COUNT(*) FROM "personal_connections"  WHERE "personal_connections"."verb_id" = $1  [["verb_id", 968]]
11:09:18 web.1  |   [1m[36m (0.6ms)[0m  [1mSELECT COUNT(*) FROM "personal_connections"  WHERE "personal_connections"."verb_id" = $1[0m  [["verb_id", 1067]]
11:09:18 web.1  |   [1m[36m (0.3ms)[0m  [1mSELECT COUNT(*) FROM "personal_connections"  WHERE "personal_connections"."verb_id" = $1[0m  [["verb_id", 1575]]
11:09:18 web.1  |   [1m[35m (0.3ms)[0m  SELECT COUNT(*) FROM "personal_connections"  WHERE "personal_connections"."verb_id" = $1  [["verb_id", 590]]
11:09:18 web.1  |   [1m[35m (0.3ms)[0m  SELECT COUNT(*) FROM "personal_connections"  WHERE "personal_connections"."verb_id" = $1  [["verb_id", 901]]
11:09:18 web.1  |   [1m[36m (0.4ms)[0m  [1mSELECT COUNT(*) FROM "personal_connections"  WHERE "personal_connections"."verb_id" = $1[0m  [["verb_id", 1281]]
11:09:18 web.1  |   [1m[36m (0.3ms)[0m  [1mSELECT COUNT(*) FROM "personal_connections"  WHERE "personal_connections"."verb_id" = $1[0m  [["verb_id", 736]]
11:09:18 web.1  |   [1m[35m (0.4ms)[0m  SELECT COUNT(*) FROM "personal_connections"  WHERE "personal_connections"."verb_id" = $1  [["verb_id", 662]]
11:09:18 web.1  |   [1m[35m (0.5ms)[0m  SELECT COUNT(*) FROM "personal_connections"  WHERE "personal_connections"."verb_id" = $1  [["verb_id", 462]]
11:09:18 web.1  |   [1m[36m (0.6ms)[0m  [1mSELECT COUNT(*) FROM "personal_connections"  WHERE "personal_connections"."verb_id" = $1[0m  [["verb_id", 63]]
11:09:18 web.1  |   [1m[36m (0.4ms)[0m  [1mSELECT COUNT(*) FROM "personal_connections"  WHERE "personal_connections"."verb_id" = $1[0m  [["verb_id", 930]]
11:09:18 web.1  |   [1m[35m (0.3ms)[0m  SELECT COUNT(*) FROM "personal_connections"  WHERE "personal_connections"."verb_id" = $1  [["verb_id", 1503]]
11:09:18 web.1  |   [1m[35m (0.3ms)[0m  SELECT COUNT(*) FROM "personal_connections"  WHERE "personal_connections"."verb_id" = $1  [["verb_id", 15]]
11:09:18 web.1  |   [1m[36m (0.5ms)[0m  [1mSELECT COUNT(*) FROM "personal_connections"  WHERE "personal_connections"."verb_id" = $1[0m  [["verb_id", 1237]]
11:09:18 web.1  |   [1m[36m (0.3ms)[0m  [1mSELECT COUNT(*) FROM "personal_connections"  WHERE "personal_connections"."verb_id" = $1[0m  [["verb_id", 704]]
11:09:18 web.1  |   [1m[35m (0.4ms)[0m  SELECT COUNT(*) FROM "personal_connections"  WHERE "personal_connections"."verb_id" = $1  [["verb_id", 648]]
11:09:18 web.1  |   [1m[35m (0.3ms)[0m  SELECT COUNT(*) FROM "personal_connections"  WHERE "personal_connections"."verb_id" = $1  [["verb_id", 1552]]
11:09:18 web.1  |   [1m[36m (0.4ms)[0m  [1mSELECT COUNT(*) FROM "personal_connections"  WHERE "personal_connections"."verb_id" = $1[0m  [["verb_id", 410]]
11:09:18 web.1  |   [1m[36m (0.2ms)[0m  [1mSELECT COUNT(*) FROM "personal_connections"  WHERE "personal_connections"."verb_id" = $1[0m  [["verb_id", 1172]]
11:09:18 web.1  |   [1m[35m (0.7ms)[0m  SELECT COUNT(*) FROM "personal_connections"  WHERE "personal_connections"."verb_id" = $1  [["verb_id", 1018]]
11:09:18 web.1  |   [1m[35m (0.4ms)[0m  SELECT COUNT(*) FROM "personal_connections"  WHERE "personal_connections"."verb_id" = $1  [["verb_id", 1216]]
11:09:18 web.1  |   [1m[36m (0.4ms)[0m  [1mSELECT COUNT(*) FROM "personal_connections"  WHERE "personal_connections"."verb_id" = $1[0m  [["verb_id", 1557]]
11:09:18 web.1  |   [1m[36m (0.4ms)[0m  [1mSELECT COUNT(*) FROM "personal_connections"  WHERE "personal_connections"."verb_id" = $1[0m  [["verb_id", 1228]]
11:09:18 web.1  |   [1m[35m (0.4ms)[0m  SELECT COUNT(*) FROM "personal_connections"  WHERE "personal_connections"."verb_id" = $1  [["verb_id", 576]]
11:09:18 web.1  |   [1m[35m (0.5ms)[0m  SELECT COUNT(*) FROM "personal_connections"  WHERE "personal_connections"."verb_id" = $1  [["verb_id", 1456]]
11:09:18 web.1  |   [1m[36m (0.2ms)[0m  [1mSELECT COUNT(*) FROM "personal_connections"  WHERE "personal_connections"."verb_id" = $1[0m  [["verb_id", 1165]]
11:09:18 web.1  |   [1m[36m (0.3ms)[0m  [1mSELECT COUNT(*) FROM "personal_connections"  WHERE "personal_connections"."verb_id" = $1[0m  [["verb_id", 846]]
11:09:18 web.1  |   [1m[35m (0.4ms)[0m  SELECT COUNT(*) FROM "personal_connections"  WHERE "personal_connections"."verb_id" = $1  [["verb_id", 185]]
11:09:18 web.1  |   [1m[35m (0.4ms)[0m  SELECT COUNT(*) FROM "personal_connections"  WHERE "personal_connections"."verb_id" = $1  [["verb_id", 1363]]
11:09:18 web.1  |   [1m[36m (0.4ms)[0m  [1mSELECT COUNT(*) FROM "personal_connections"  WHERE "personal_connections"."verb_id" = $1[0m  [["verb_id", 444]]
11:09:18 web.1  |   [1m[36m (0.8ms)[0m  [1mSELECT COUNT(*) FROM "personal_connections"  WHERE "personal_connections"."verb_id" = $1[0m  [["verb_id", 932]]
11:09:18 web.1  |   [1m[35m (0.3ms)[0m  SELECT COUNT(*) FROM "personal_connections"  WHERE "personal_connections"."verb_id" = $1  [["verb_id", 693]]
11:09:18 web.1  |   [1m[35m (0.4ms)[0m  SELECT COUNT(*) FROM "personal_connections"  WHERE "personal_connections"."verb_id" = $1  [["verb_id", 650]]
11:09:18 web.1  |   [1m[36m (0.4ms)[0m  [1mSELECT COUNT(*) FROM "personal_connections"  WHERE "personal_connections"."verb_id" = $1[0m  [["verb_id", 1153]]
11:09:18 web.1  |   [1m[36m (0.4ms)[0m  [1mSELECT COUNT(*) FROM "personal_connections"  WHERE "personal_connections"."verb_id" = $1[0m  [["verb_id", 1577]]
11:09:18 web.1  |   [1m[35m (0.3ms)[0m  SELECT COUNT(*) FROM "personal_connections"  WHERE "personal_connections"."verb_id" = $1  [["verb_id", 829]]
11:09:18 web.1  |   [1m[35m (0.4ms)[0m  SELECT COUNT(*) FROM "personal_connections"  WHERE "personal_connections"."verb_id" = $1  [["verb_id", 1126]]
11:09:18 web.1  |   [1m[36m (0.4ms)[0m  [1mSELECT COUNT(*) FROM "personal_connections"  WHERE "personal_connections"."verb_id" = $1[0m  [["verb_id", 1012]]
11:09:18 web.1  |   [1m[36m (0.2ms)[0m  [1mSELECT COUNT(*) FROM "personal_connections"  WHERE "personal_connections"."verb_id" = $1[0m  [["verb_id", 1445]]
11:09:18 web.1  |   [1m[35m (0.3ms)[0m  SELECT COUNT(*) FROM "personal_connections"  WHERE "personal_connections"."verb_id" = $1  [["verb_id", 133]]
11:09:18 web.1  |   [1m[35m (0.4ms)[0m  SELECT COUNT(*) FROM "personal_connections"  WHERE "personal_connections"."verb_id" = $1  [["verb_id", 1208]]
11:09:18 web.1  |   [1m[36m (0.5ms)[0m  [1mSELECT COUNT(*) FROM "personal_connections"  WHERE "personal_connections"."verb_id" = $1[0m  [["verb_id", 1414]]
11:09:18 web.1  |   [1m[36m (0.5ms)[0m  [1mSELECT COUNT(*) FROM "personal_connections"  WHERE "personal_connections"."verb_id" = $1[0m  [["verb_id", 25]]
11:09:18 web.1  |   [1m[35m (0.4ms)[0m  SELECT COUNT(*) FROM "personal_connections"  WHERE "personal_connections"."verb_id" = $1  [["verb_id", 614]]
11:09:18 web.1  |   [1m[35m (0.4ms)[0m  SELECT COUNT(*) FROM "personal_connections"  WHERE "personal_connections"."verb_id" = $1  [["verb_id", 1098]]
11:09:18 web.1  |   [1m[36m (0.3ms)[0m  [1mSELECT COUNT(*) FROM "personal_connections"  WHERE "personal_connections"."verb_id" = $1[0m  [["verb_id", 1513]]
11:09:18 web.1  |   [1m[36m (0.3ms)[0m  [1mSELECT COUNT(*) FROM "personal_connections"  WHERE "personal_connections"."verb_id" = $1[0m  [["verb_id", 117]]
11:09:18 web.1  |   [1m[35m (0.8ms)[0m  SELECT COUNT(*) FROM "personal_connections"  WHERE "personal_connections"."verb_id" = $1  [["verb_id", 362]]
11:09:18 web.1  |   [1m[35m (0.3ms)[0m  SELECT COUNT(*) FROM "personal_connections"  WHERE "personal_connections"."verb_id" = $1  [["verb_id", 264]]
11:09:18 web.1  |   [1m[36m (0.3ms)[0m  [1mSELECT COUNT(*) FROM "personal_connections"  WHERE "personal_connections"."verb_id" = $1[0m  [["verb_id", 1136]]
11:09:18 web.1  |   [1m[36m (0.5ms)[0m  [1mSELECT COUNT(*) FROM "personal_connections"  WHERE "personal_connections"."verb_id" = $1[0m  [["verb_id", 1382]]
11:09:18 web.1  |   [1m[35m (0.6ms)[0m  SELECT COUNT(*) FROM "personal_connections"  WHERE "personal_connections"."verb_id" = $1  [["verb_id", 1498]]
11:09:18 web.1  |   [1m[35m (0.4ms)[0m  SELECT COUNT(*) FROM "personal_connections"  WHERE "personal_connections"."verb_id" = $1  [["verb_id", 352]]
11:09:18 web.1  |   [1m[36m (0.3ms)[0m  [1mSELECT COUNT(*) FROM "personal_connections"  WHERE "personal_connections"."verb_id" = $1[0m  [["verb_id", 1555]]
11:09:18 web.1  |   [1m[36m (0.2ms)[0m  [1mSELECT COUNT(*) FROM "personal_connections"  WHERE "personal_connections"."verb_id" = $1[0m  [["verb_id", 1065]]
11:09:18 web.1  |   [1m[35m (0.3ms)[0m  SELECT COUNT(*) FROM "personal_connections"  WHERE "personal_connections"."verb_id" = $1  [["verb_id", 1475]]
11:09:18 web.1  |   [1m[35m (0.2ms)[0m  SELECT COUNT(*) FROM "personal_connections"  WHERE "personal_connections"."verb_id" = $1  [["verb_id", 822]]
11:09:18 web.1  |   [1m[36m (0.7ms)[0m  [1mSELECT COUNT(*) FROM "personal_connections"  WHERE "personal_connections"."verb_id" = $1[0m  [["verb_id", 705]]
11:09:18 web.1  |   [1m[36m (0.3ms)[0m  [1mSELECT COUNT(*) FROM "personal_connections"  WHERE "personal_connections"."verb_id" = $1[0m  [["verb_id", 364]]
11:09:18 web.1  |   [1m[35m (0.3ms)[0m  SELECT COUNT(*) FROM "personal_connections"  WHERE "personal_connections"."verb_id" = $1  [["verb_id", 1478]]
11:09:18 web.1  |   [1m[35m (0.3ms)[0m  SELECT COUNT(*) FROM "personal_connections"  WHERE "personal_connections"."verb_id" = $1  [["verb_id", 39]]
11:09:18 web.1  |   [1m[36m (0.3ms)[0m  [1mSELECT COUNT(*) FROM "personal_connections"  WHERE "personal_connections"."verb_id" = $1[0m  [["verb_id", 1518]]
11:09:18 web.1  |   [1m[36m (0.4ms)[0m  [1mSELECT COUNT(*) FROM "personal_connections"  WHERE "personal_connections"."verb_id" = $1[0m  [["verb_id", 1164]]
11:09:18 web.1  |   [1m[35m (0.4ms)[0m  SELECT COUNT(*) FROM "personal_connections"  WHERE "personal_connections"."verb_id" = $1  [["verb_id", 1044]]
11:09:18 web.1  |   [1m[35m (0.2ms)[0m  SELECT COUNT(*) FROM "personal_connections"  WHERE "personal_connections"."verb_id" = $1  [["verb_id", 741]]
11:09:18 web.1  |   [1m[36m (0.3ms)[0m  [1mSELECT COUNT(*) FROM "personal_connections"  WHERE "personal_connections"."verb_id" = $1[0m  [["verb_id", 856]]
11:09:18 web.1  |   [1m[36m (0.4ms)[0m  [1mSELECT COUNT(*) FROM "personal_connections"  WHERE "personal_connections"."verb_id" = $1[0m  [["verb_id", 1360]]
11:09:18 web.1  |   [1m[35m (0.4ms)[0m  SELECT COUNT(*) FROM "personal_connections"  WHERE "personal_connections"."verb_id" = $1  [["verb_id", 773]]
11:09:18 web.1  |   [1m[35m (0.2ms)[0m  SELECT COUNT(*) FROM "personal_connections"  WHERE "personal_connections"."verb_id" = $1  [["verb_id", 1191]]
11:09:18 web.1  |   [1m[36m (0.3ms)[0m  [1mSELECT COUNT(*) FROM "personal_connections"  WHERE "personal_connections"."verb_id" = $1[0m  [["verb_id", 1024]]
11:09:18 web.1  |   [1m[36m (0.2ms)[0m  [1mSELECT COUNT(*) FROM "personal_connections"  WHERE "personal_connections"."verb_id" = $1[0m  [["verb_id", 446]]
11:09:18 web.1  |   [1m[35m (0.4ms)[0m  SELECT COUNT(*) FROM "personal_connections"  WHERE "personal_connections"."verb_id" = $1  [["verb_id", 890]]
11:09:18 web.1  |   [1m[35m (0.2ms)[0m  SELECT COUNT(*) FROM "personal_connections"  WHERE "personal_connections"."verb_id" = $1  [["verb_id", 1192]]
11:09:18 web.1  |   [1m[36m (0.3ms)[0m  [1mSELECT COUNT(*) FROM "personal_connections"  WHERE "personal_connections"."verb_id" = $1[0m  [["verb_id", 1094]]
11:09:18 web.1  |   [1m[36m (0.2ms)[0m  [1mSELECT COUNT(*) FROM "personal_connections"  WHERE "personal_connections"."verb_id" = $1[0m  [["verb_id", 584]]
11:09:18 web.1  |   [1m[35m (0.5ms)[0m  SELECT COUNT(*) FROM "personal_connections"  WHERE "personal_connections"."verb_id" = $1  [["verb_id", 69]]
11:09:18 web.1  |   [1m[35m (0.4ms)[0m  SELECT COUNT(*) FROM "personal_connections"  WHERE "personal_connections"."verb_id" = $1  [["verb_id", 512]]
11:09:18 web.1  |   [1m[36m (0.4ms)[0m  [1mSELECT COUNT(*) FROM "personal_connections"  WHERE "personal_connections"."verb_id" = $1[0m  [["verb_id", 1246]]
11:09:18 web.1  |   [1m[36m (0.4ms)[0m  [1mSELECT COUNT(*) FROM "personal_connections"  WHERE "personal_connections"."verb_id" = $1[0m  [["verb_id", 1068]]
11:09:18 web.1  |   [1m[35m (0.3ms)[0m  SELECT COUNT(*) FROM "personal_connections"  WHERE "personal_connections"."verb_id" = $1  [["verb_id", 831]]
11:09:18 web.1  |   [1m[35m (0.5ms)[0m  SELECT COUNT(*) FROM "personal_connections"  WHERE "personal_connections"."verb_id" = $1  [["verb_id", 1356]]
11:09:18 web.1  |   [1m[36m (0.3ms)[0m  [1mSELECT COUNT(*) FROM "personal_connections"  WHERE "personal_connections"."verb_id" = $1[0m  [["verb_id", 765]]
11:09:18 web.1  |   [1m[36m (0.3ms)[0m  [1mSELECT COUNT(*) FROM "personal_connections"  WHERE "personal_connections"."verb_id" = $1[0m  [["verb_id", 372]]
11:09:18 web.1  |   [1m[35m (0.3ms)[0m  SELECT COUNT(*) FROM "personal_connections"  WHERE "personal_connections"."verb_id" = $1  [["verb_id", 834]]
11:09:18 web.1  |   [1m[35m (0.5ms)[0m  SELECT COUNT(*) FROM "personal_connections"  WHERE "personal_connections"."verb_id" = $1  [["verb_id", 1302]]
11:09:18 web.1  |   [1m[36m (1.3ms)[0m  [1mSELECT COUNT(*) FROM "personal_connections"  WHERE "personal_connections"."verb_id" = $1[0m  [["verb_id", 222]]
11:09:18 web.1  |   [1m[36m (0.5ms)[0m  [1mSELECT COUNT(*) FROM "personal_connections"  WHERE "personal_connections"."verb_id" = $1[0m  [["verb_id", 1507]]
11:09:18 web.1  |   [1m[35m (0.6ms)[0m  SELECT COUNT(*) FROM "personal_connections"  WHERE "personal_connections"."verb_id" = $1  [["verb_id", 556]]
11:09:18 web.1  |   [1m[35m (0.5ms)[0m  SELECT COUNT(*) FROM "personal_connections"  WHERE "personal_connections"."verb_id" = $1  [["verb_id", 232]]
11:09:18 web.1  |   [1m[36m (0.3ms)[0m  [1mSELECT COUNT(*) FROM "personal_connections"  WHERE "personal_connections"."verb_id" = $1[0m  [["verb_id", 1032]]
11:09:18 web.1  |   [1m[36m (0.5ms)[0m  [1mSELECT COUNT(*) FROM "personal_connections"  WHERE "personal_connections"."verb_id" = $1[0m  [["verb_id", 1495]]
11:09:18 web.1  |   [1m[35m (0.3ms)[0m  SELECT COUNT(*) FROM "personal_connections"  WHERE "personal_connections"."verb_id" = $1  [["verb_id", 1189]]
11:09:18 web.1  |   [1m[35m (0.3ms)[0m  SELECT COUNT(*) FROM "personal_connections"  WHERE "personal_connections"."verb_id" = $1  [["verb_id", 1250]]
11:09:18 web.1  |   [1m[36m (0.3ms)[0m  [1mSELECT COUNT(*) FROM "personal_connections"  WHERE "personal_connections"."verb_id" = $1[0m  [["verb_id", 691]]
11:09:18 web.1  |   [1m[36m (0.5ms)[0m  [1mSELECT COUNT(*) FROM "personal_connections"  WHERE "personal_connections"."verb_id" = $1[0m  [["verb_id", 715]]
11:09:19 web.1  |   [1m[35m (0.4ms)[0m  SELECT COUNT(*) FROM "personal_connections"  WHERE "personal_connections"."verb_id" = $1  [["verb_id", 1221]]
11:09:19 web.1  |   [1m[36m (0.2ms)[0m  [1mSELECT COUNT(*) FROM "personal_connections"  WHERE "personal_connections"."verb_id" = $1[0m  [["verb_id", 1033]]
11:09:19 web.1  |   [1m[35m (0.4ms)[0m  SELECT COUNT(*) FROM "personal_connections"  WHERE "personal_connections"."verb_id" = $1  [["verb_id", 396]]
11:09:19 web.1  |   [1m[35m (0.4ms)[0m  SELECT COUNT(*) FROM "personal_connections"  WHERE "personal_connections"."verb_id" = $1  [["verb_id", 322]]
11:09:19 web.1  |   [1m[36m (0.3ms)[0m  [1mSELECT COUNT(*) FROM "personal_connections"  WHERE "personal_connections"."verb_id" = $1[0m  [["verb_id", 1540]]
11:09:19 web.1  |   [1m[36m (0.3ms)[0m  [1mSELECT COUNT(*) FROM "personal_connections"  WHERE "personal_connections"."verb_id" = $1[0m  [["verb_id", 1041]]
11:09:19 web.1  |   [1m[35m (0.7ms)[0m  SELECT COUNT(*) FROM "personal_connections"  WHERE "personal_connections"."verb_id" = $1  [["verb_id", 13]]
11:09:19 web.1  |   [1m[35m (0.3ms)[0m  SELECT COUNT(*) FROM "personal_connections"  WHERE "personal_connections"."verb_id" = $1  [["verb_id", 1264]]
11:09:19 web.1  |   [1m[36m (0.3ms)[0m  [1mSELECT COUNT(*) FROM "personal_connections"  WHERE "personal_connections"."verb_id" = $1[0m  [["verb_id", 1229]]
11:09:19 web.1  |   [1m[36m (0.3ms)[0m  [1mSELECT COUNT(*) FROM "personal_connections"  WHERE "personal_connections"."verb_id" = $1[0m  [["verb_id", 1152]]
11:09:19 web.1  |   [1m[35m (0.3ms)[0m  SELECT COUNT(*) FROM "personal_connections"  WHERE "personal_connections"."verb_id" = $1  [["verb_id", 1053]]
11:09:19 web.1  |   [1m[35m (0.2ms)[0m  SELECT COUNT(*) FROM "personal_connections"  WHERE "personal_connections"."verb_id" = $1  [["verb_id", 723]]
11:09:19 web.1  |   [1m[36m (0.4ms)[0m  [1mSELECT COUNT(*) FROM "personal_connections"  WHERE "personal_connections"."verb_id" = $1[0m  [["verb_id", 552]]
11:09:19 web.1  |   [1m[36m (0.3ms)[0m  [1mSELECT COUNT(*) FROM "personal_connections"  WHERE "personal_connections"."verb_id" = $1[0m  [["verb_id", 302]]
11:09:19 web.1  |   [1m[35m (1.5ms)[0m  SELECT COUNT(*) FROM "personal_connections"  WHERE "personal_connections"."verb_id" = $1  [["verb_id", 1166]]
11:09:19 web.1  |   [1m[35m (0.3ms)[0m  SELECT COUNT(*) FROM "personal_connections"  WHERE "personal_connections"."verb_id" = $1  [["verb_id", 917]]
11:09:19 web.1  |   [1m[36m (0.4ms)[0m  [1mSELECT COUNT(*) FROM "personal_connections"  WHERE "personal_connections"."verb_id" = $1[0m  [["verb_id", 1211]]
11:09:19 web.1  |   [1m[36m (0.5ms)[0m  [1mSELECT COUNT(*) FROM "personal_connections"  WHERE "personal_connections"."verb_id" = $1[0m  [["verb_id", 1101]]
11:09:19 web.1  |   [1m[35m (0.6ms)[0m  SELECT COUNT(*) FROM "personal_connections"  WHERE "personal_connections"."verb_id" = $1  [["verb_id", 498]]
11:09:19 web.1  |   [1m[35m (1.0ms)[0m  SELECT COUNT(*) FROM "personal_connections"  WHERE "personal_connections"."verb_id" = $1  [["verb_id", 564]]
11:09:19 web.1  |   [1m[36m (0.4ms)[0m  [1mSELECT COUNT(*) FROM "personal_connections"  WHERE "personal_connections"."verb_id" = $1[0m  [["verb_id", 298]]
11:09:19 web.1  |   [1m[36m (0.3ms)[0m  [1mSELECT COUNT(*) FROM "personal_connections"  WHERE "personal_connections"."verb_id" = $1[0m  [["verb_id", 518]]
11:09:19 web.1  |   [1m[35m (0.4ms)[0m  SELECT COUNT(*) FROM "personal_connections"  WHERE "personal_connections"."verb_id" = $1  [["verb_id", 506]]
11:09:19 web.1  |   [1m[35m (0.5ms)[0m  SELECT COUNT(*) FROM "personal_connections"  WHERE "personal_connections"."verb_id" = $1  [["verb_id", 1048]]
11:09:19 web.1  |   [1m[36m (0.4ms)[0m  [1mSELECT COUNT(*) FROM "personal_connections"  WHERE "personal_connections"."verb_id" = $1[0m  [["verb_id", 1330]]
11:09:19 web.1  |   [1m[36m (0.3ms)[0m  [1mSELECT COUNT(*) FROM "personal_connections"  WHERE "personal_connections"."verb_id" = $1[0m  [["verb_id", 230]]
11:09:19 web.1  |   [1m[35m (0.6ms)[0m  SELECT COUNT(*) FROM "personal_connections"  WHERE "personal_connections"."verb_id" = $1  [["verb_id", 10]]
11:09:19 web.1  |   [1m[35m (0.3ms)[0m  SELECT COUNT(*) FROM "personal_connections"  WHERE "personal_connections"."verb_id" = $1  [["verb_id", 998]]
11:09:19 web.1  |   [1m[36m (0.3ms)[0m  [1mSELECT COUNT(*) FROM "personal_connections"  WHERE "personal_connections"."verb_id" = $1[0m  [["verb_id", 776]]
11:09:19 web.1  |   [1m[36m (0.5ms)[0m  [1mSELECT COUNT(*) FROM "personal_connections"  WHERE "personal_connections"."verb_id" = $1[0m  [["verb_id", 288]]
11:09:19 web.1  |   [1m[35m (0.4ms)[0m  SELECT COUNT(*) FROM "personal_connections"  WHERE "personal_connections"."verb_id" = $1  [["verb_id", 310]]
11:09:19 web.1  |   [1m[35m (1.3ms)[0m  SELECT COUNT(*) FROM "personal_connections"  WHERE "personal_connections"."verb_id" = $1  [["verb_id", 1560]]
11:09:19 web.1  |   [1m[36m (0.3ms)[0m  [1mSELECT COUNT(*) FROM "personal_connections"  WHERE "personal_connections"."verb_id" = $1[0m  [["verb_id", 679]]
11:09:19 web.1  |   [1m[36m (0.3ms)[0m  [1mSELECT COUNT(*) FROM "personal_connections"  WHERE "personal_connections"."verb_id" = $1[0m  [["verb_id", 1533]]
11:09:19 web.1  |   [1m[35m (0.3ms)[0m  SELECT COUNT(*) FROM "personal_connections"  WHERE "personal_connections"."verb_id" = $1  [["verb_id", 869]]
11:09:19 web.1  |   [1m[35m (0.2ms)[0m  SELECT COUNT(*) FROM "personal_connections"  WHERE "personal_connections"."verb_id" = $1  [["verb_id", 866]]
11:09:19 web.1  |   [1m[36m (0.3ms)[0m  [1mSELECT COUNT(*) FROM "personal_connections"  WHERE "personal_connections"."verb_id" = $1[0m  [["verb_id", 968]]
11:09:19 web.1  |   [1m[36m (0.4ms)[0m  [1mSELECT COUNT(*) FROM "personal_connections"  WHERE "personal_connections"."verb_id" = $1[0m  [["verb_id", 1108]]
11:09:19 web.1  |   [1m[35m (0.3ms)[0m  SELECT COUNT(*) FROM "personal_connections"  WHERE "personal_connections"."verb_id" = $1  [["verb_id", 1575]]
11:09:19 web.1  |   [1m[35m (0.2ms)[0m  SELECT COUNT(*) FROM "personal_connections"  WHERE "personal_connections"."verb_id" = $1  [["verb_id", 1163]]
11:09:19 web.1  |   [1m[36m (0.6ms)[0m  [1mSELECT COUNT(*) FROM "personal_connections"  WHERE "personal_connections"."verb_id" = $1[0m  [["verb_id", 901]]
11:09:19 web.1  |   [1m[36m (0.3ms)[0m  [1mSELECT COUNT(*) FROM "personal_connections"  WHERE "personal_connections"."verb_id" = $1[0m  [["verb_id", 1123]]
11:09:19 web.1  |   [1m[35m (1.4ms)[0m  SELECT COUNT(*) FROM "personal_connections"  WHERE "personal_connections"."verb_id" = $1  [["verb_id", 736]]
11:09:19 web.1  |   [1m[35m (1.3ms)[0m  SELECT COUNT(*) FROM "personal_connections"  WHERE "personal_connections"."verb_id" = $1  [["verb_id", 8]]
11:09:19 web.1  |   [1m[36m (0.3ms)[0m  [1mSELECT COUNT(*) FROM "personal_connections"  WHERE "personal_connections"."verb_id" = $1[0m  [["verb_id", 462]]
11:09:19 web.1  |   [1m[35m (0.3ms)[0m  SELECT COUNT(*) FROM "personal_connections"  WHERE "personal_connections"."verb_id" = $1  [["verb_id", 930]]
11:09:19 web.1  |   [1m[36m (0.5ms)[0m  [1mSELECT COUNT(*) FROM "personal_connections"  WHERE "personal_connections"."verb_id" = $1[0m  [["verb_id", 504]]
11:09:19 web.1  |   [1m[36m (0.3ms)[0m  [1mSELECT COUNT(*) FROM "personal_connections"  WHERE "personal_connections"."verb_id" = $1[0m  [["verb_id", 15]]
11:09:19 web.1  |   [1m[35m (0.3ms)[0m  SELECT COUNT(*) FROM "personal_connections"  WHERE "personal_connections"."verb_id" = $1  [["verb_id", 1031]]
11:09:19 web.1  |   [1m[35m (0.2ms)[0m  SELECT COUNT(*) FROM "personal_connections"  WHERE "personal_connections"."verb_id" = $1  [["verb_id", 704]]
11:09:19 web.1  |   [1m[36m (0.3ms)[0m  [1mSELECT COUNT(*) FROM "personal_connections"  WHERE "personal_connections"."verb_id" = $1[0m  [["verb_id", 778]]
11:09:19 web.1  |   [1m[36m (0.3ms)[0m  [1mSELECT COUNT(*) FROM "personal_connections"  WHERE "personal_connections"."verb_id" = $1[0m  [["verb_id", 1552]]
11:09:19 web.1  |   [1m[35m (0.5ms)[0m  SELECT COUNT(*) FROM "personal_connections"  WHERE "personal_connections"."verb_id" = $1  [["verb_id", 1036]]
11:09:19 web.1  |   [1m[35m (0.3ms)[0m  SELECT COUNT(*) FROM "personal_connections"  WHERE "personal_connections"."verb_id" = $1  [["verb_id", 1172]]
11:09:19 web.1  |   [1m[36m (0.4ms)[0m  [1mSELECT COUNT(*) FROM "personal_connections"  WHERE "personal_connections"."verb_id" = $1[0m  [["verb_id", 292]]
11:09:19 web.1  |   [1m[36m (0.4ms)[0m  [1mSELECT COUNT(*) FROM "personal_connections"  WHERE "personal_connections"."verb_id" = $1[0m  [["verb_id", 1216]]
11:09:19 web.1  |   [1m[35m (0.3ms)[0m  SELECT COUNT(*) FROM "personal_connections"  WHERE "personal_connections"."verb_id" = $1  [["verb_id", 1459]]
11:09:19 web.1  |   [1m[35m (0.3ms)[0m  SELECT COUNT(*) FROM "personal_connections"  WHERE "personal_connections"."verb_id" = $1  [["verb_id", 1557]]
11:09:19 web.1  |   [1m[36m (0.4ms)[0m  [1mSELECT COUNT(*) FROM "personal_connections"  WHERE "personal_connections"."verb_id" = $1[0m  [["verb_id", 576]]
11:09:19 web.1  |   [1m[36m (0.3ms)[0m  [1mSELECT COUNT(*) FROM "personal_connections"  WHERE "personal_connections"."verb_id" = $1[0m  [["verb_id", 881]]
11:09:19 web.1  |   [1m[35m (0.3ms)[0m  SELECT COUNT(*) FROM "personal_connections"  WHERE "personal_connections"."verb_id" = $1  [["verb_id", 846]]
11:09:19 web.1  |   [1m[35m (0.4ms)[0m  SELECT COUNT(*) FROM "personal_connections"  WHERE "personal_connections"."verb_id" = $1  [["verb_id", 1233]]
11:09:19 web.1  |   [1m[36m (0.3ms)[0m  [1mSELECT COUNT(*) FROM "personal_connections"  WHERE "personal_connections"."verb_id" = $1[0m  [["verb_id", 1363]]
11:09:19 web.1  |   [1m[36m (0.3ms)[0m  [1mSELECT COUNT(*) FROM "personal_connections"  WHERE "personal_connections"."verb_id" = $1[0m  [["verb_id", 1185]]
11:09:19 web.1  |   [1m[35m (0.3ms)[0m  SELECT COUNT(*) FROM "personal_connections"  WHERE "personal_connections"."verb_id" = $1  [["verb_id", 932]]
11:09:19 web.1  |   [1m[35m (0.3ms)[0m  SELECT COUNT(*) FROM "personal_connections"  WHERE "personal_connections"."verb_id" = $1  [["verb_id", 1037]]
11:09:19 web.1  |   [1m[36m (0.3ms)[0m  [1mSELECT COUNT(*) FROM "personal_connections"  WHERE "personal_connections"."verb_id" = $1[0m  [["verb_id", 693]]
11:09:19 web.1  |   [1m[36m (0.4ms)[0m  [1mSELECT COUNT(*) FROM "personal_connections"  WHERE "personal_connections"."verb_id" = $1[0m  [["verb_id", 816]]
11:09:19 web.1  |   [1m[35m (0.4ms)[0m  SELECT COUNT(*) FROM "personal_connections"  WHERE "personal_connections"."verb_id" = $1  [["verb_id", 1153]]
11:09:19 web.1  |   [1m[35m (0.3ms)[0m  SELECT COUNT(*) FROM "personal_connections"  WHERE "personal_connections"."verb_id" = $1  [["verb_id", 1045]]
11:09:19 web.1  |   [1m[36m (0.3ms)[0m  [1mSELECT COUNT(*) FROM "personal_connections"  WHERE "personal_connections"."verb_id" = $1[0m  [["verb_id", 829]]
11:09:19 web.1  |   [1m[36m (0.3ms)[0m  [1mSELECT COUNT(*) FROM "personal_connections"  WHERE "personal_connections"."verb_id" = $1[0m  [["verb_id", 1140]]
11:09:19 web.1  |   [1m[35m (0.3ms)[0m  SELECT COUNT(*) FROM "personal_connections"  WHERE "personal_connections"."verb_id" = $1  [["verb_id", 1445]]
11:09:19 web.1  |   [1m[35m (0.4ms)[0m  SELECT COUNT(*) FROM "personal_connections"  WHERE "personal_connections"."verb_id" = $1  [["verb_id", 1525]]
11:09:19 web.1  |   [1m[36m (0.4ms)[0m  [1mSELECT COUNT(*) FROM "personal_connections"  WHERE "personal_connections"."verb_id" = $1[0m  [["verb_id", 133]]
11:09:19 web.1  |   [1m[36m (0.4ms)[0m  [1mSELECT COUNT(*) FROM "personal_connections"  WHERE "personal_connections"."verb_id" = $1[0m  [["verb_id", 1458]]
11:09:19 web.1  |   [1m[35m (0.3ms)[0m  SELECT COUNT(*) FROM "personal_connections"  WHERE "personal_connections"."verb_id" = $1  [["verb_id", 25]]
11:09:19 web.1  |   [1m[35m (0.3ms)[0m  SELECT COUNT(*) FROM "personal_connections"  WHERE "personal_connections"."verb_id" = $1  [["verb_id", 896]]
11:09:19 web.1  |   [1m[36m (0.2ms)[0m  [1mSELECT COUNT(*) FROM "personal_connections"  WHERE "personal_connections"."verb_id" = $1[0m  [["verb_id", 614]]
11:09:19 web.1  |   [1m[36m (0.3ms)[0m  [1mSELECT COUNT(*) FROM "personal_connections"  WHERE "personal_connections"."verb_id" = $1[0m  [["verb_id", 1479]]
11:09:19 web.1  |   [1m[35m (0.2ms)[0m  SELECT COUNT(*) FROM "personal_connections"  WHERE "personal_connections"."verb_id" = $1  [["verb_id", 117]]
11:09:19 web.1  |   [1m[35m (0.2ms)[0m  SELECT COUNT(*) FROM "personal_connections"  WHERE "personal_connections"."verb_id" = $1  [["verb_id", 1186]]
11:09:19 web.1  |   [1m[36m (0.3ms)[0m  [1mSELECT COUNT(*) FROM "personal_connections"  WHERE "personal_connections"."verb_id" = $1[0m  [["verb_id", 264]]
11:09:19 web.1  |   [1m[35m (0.4ms)[0m  SELECT COUNT(*) FROM "personal_connections"  WHERE "personal_connections"."verb_id" = $1  [["verb_id", 1382]]
11:09:19 web.1  |   [1m[36m (0.2ms)[0m  [1mSELECT COUNT(*) FROM "personal_connections"  WHERE "personal_connections"."verb_id" = $1[0m  [["verb_id", 1161]]
11:09:19 web.1  |   [1m[36m (0.3ms)[0m  [1mSELECT COUNT(*) FROM "personal_connections"  WHERE "personal_connections"."verb_id" = $1[0m  [["verb_id", 352]]
11:09:19 web.1  |   [1m[35m (0.2ms)[0m  SELECT COUNT(*) FROM "personal_connections"  WHERE "personal_connections"."verb_id" = $1  [["verb_id", 805]]
11:09:19 web.1  |   [1m[35m (0.4ms)[0m  SELECT COUNT(*) FROM "personal_connections"  WHERE "personal_connections"."verb_id" = $1  [["verb_id", 1065]]
11:09:19 web.1  |   [1m[36m (0.5ms)[0m  [1mSELECT COUNT(*) FROM "personal_connections"  WHERE "personal_connections"."verb_id" = $1[0m  [["verb_id", 900]]
11:09:19 web.1  |   [1m[36m (0.4ms)[0m  [1mSELECT COUNT(*) FROM "personal_connections"  WHERE "personal_connections"."verb_id" = $1[0m  [["verb_id", 822]]
11:09:19 web.1  |   [1m[35m (0.3ms)[0m  SELECT COUNT(*) FROM "personal_connections"  WHERE "personal_connections"."verb_id" = $1  [["verb_id", 814]]
11:09:19 web.1  |   [1m[35m (0.4ms)[0m  SELECT COUNT(*) FROM "personal_connections"  WHERE "personal_connections"."verb_id" = $1  [["verb_id", 364]]
11:09:19 web.1  |   [1m[36m (0.2ms)[0m  [1mSELECT COUNT(*) FROM "personal_connections"  WHERE "personal_connections"."verb_id" = $1[0m  [["verb_id", 226]]
11:09:19 web.1  |   [1m[35m (0.4ms)[0m  SELECT COUNT(*) FROM "personal_connections"  WHERE "personal_connections"."verb_id" = $1  [["verb_id", 644]]
11:09:19 web.1  |   [1m[36m (0.3ms)[0m  [1mSELECT COUNT(*) FROM "personal_connections"  WHERE "personal_connections"."verb_id" = $1[0m  [["verb_id", 39]]
11:09:19 web.1  |   [1m[36m (0.7ms)[0m  [1mSELECT COUNT(*) FROM "personal_connections"  WHERE "personal_connections"."verb_id" = $1[0m  [["verb_id", 804]]
11:09:19 web.1  |   [1m[35m (0.2ms)[0m  SELECT COUNT(*) FROM "personal_connections"  WHERE "personal_connections"."verb_id" = $1  [["verb_id", 1518]]
11:09:19 web.1  |   [1m[35m (1.2ms)[0m  SELECT COUNT(*) FROM "personal_connections"  WHERE "personal_connections"."verb_id" = $1  [["verb_id", 937]]
11:09:19 web.1  |   [1m[36m (0.3ms)[0m  [1mSELECT COUNT(*) FROM "personal_connections"  WHERE "personal_connections"."verb_id" = $1[0m  [["verb_id", 1044]]
11:09:19 web.1  |   [1m[36m (0.4ms)[0m  [1mSELECT COUNT(*) FROM "personal_connections"  WHERE "personal_connections"."verb_id" = $1[0m  [["verb_id", 926]]
11:09:19 web.1  |   [1m[35m (0.5ms)[0m  SELECT COUNT(*) FROM "personal_connections"  WHERE "personal_connections"."verb_id" = $1  [["verb_id", 856]]
11:09:19 web.1  |   [1m[35m (0.4ms)[0m  SELECT COUNT(*) FROM "personal_connections"  WHERE "personal_connections"."verb_id" = $1  [["verb_id", 916]]
11:09:19 web.1  |   [1m[36m (0.2ms)[0m  [1mSELECT COUNT(*) FROM "personal_connections"  WHERE "personal_connections"."verb_id" = $1[0m  [["verb_id", 1191]]
11:09:19 web.1  |   [1m[36m (0.4ms)[0m  [1mSELECT COUNT(*) FROM "personal_connections"  WHERE "personal_connections"."verb_id" = $1[0m  [["verb_id", 49]]
11:09:19 web.1  |   [1m[35m (0.6ms)[0m  SELECT COUNT(*) FROM "personal_connections"  WHERE "personal_connections"."verb_id" = $1  [["verb_id", 446]]
11:09:19 web.1  |   [1m[35m (0.6ms)[0m  SELECT COUNT(*) FROM "personal_connections"  WHERE "personal_connections"."verb_id" = $1  [["verb_id", 430]]
11:09:19 web.1  |   [1m[36m (0.5ms)[0m  [1mSELECT COUNT(*) FROM "personal_connections"  WHERE "personal_connections"."verb_id" = $1[0m  [["verb_id", 890]]
11:09:19 web.1  |   [1m[36m (0.4ms)[0m  [1mSELECT COUNT(*) FROM "personal_connections"  WHERE "personal_connections"."verb_id" = $1[0m  [["verb_id", 1054]]
11:09:19 web.1  |   [1m[35m (0.5ms)[0m  SELECT COUNT(*) FROM "personal_connections"  WHERE "personal_connections"."verb_id" = $1  [["verb_id", 1094]]
11:09:19 web.1  |   [1m[35m (0.4ms)[0m  SELECT COUNT(*) FROM "personal_connections"  WHERE "personal_connections"."verb_id" = $1  [["verb_id", 1538]]
11:09:19 web.1  |   [1m[36m (0.6ms)[0m  [1mSELECT COUNT(*) FROM "personal_connections"  WHERE "personal_connections"."verb_id" = $1[0m  [["verb_id", 69]]
11:09:19 web.1  |   [1m[36m (0.5ms)[0m  [1mSELECT COUNT(*) FROM "personal_connections"  WHERE "personal_connections"."verb_id" = $1[0m  [["verb_id", 1004]]
11:09:19 web.1  |   [1m[35m (0.3ms)[0m  SELECT COUNT(*) FROM "personal_connections"  WHERE "personal_connections"."verb_id" = $1  [["verb_id", 1246]]
11:09:19 web.1  |   [1m[35m (0.5ms)[0m  SELECT COUNT(*) FROM "personal_connections"  WHERE "personal_connections"."verb_id" = $1  [["verb_id", 1298]]
11:09:19 web.1  |   [1m[36m (1.0ms)[0m  [1mSELECT COUNT(*) FROM "personal_connections"  WHERE "personal_connections"."verb_id" = $1[0m  [["verb_id", 831]]
11:09:19 web.1  |   [1m[36m (0.4ms)[0m  [1mSELECT COUNT(*) FROM "personal_connections"  WHERE "personal_connections"."verb_id" = $1[0m  [["verb_id", 1118]]
11:09:19 web.1  |   [1m[35m (0.5ms)[0m  SELECT COUNT(*) FROM "personal_connections"  WHERE "personal_connections"."verb_id" = $1  [["verb_id", 765]]
11:09:19 web.1  |   [1m[35m (3.0ms)[0m  SELECT COUNT(*) FROM "personal_connections"  WHERE "personal_connections"."verb_id" = $1  [["verb_id", 1532]]
11:09:19 web.1  |   [1m[36m (0.3ms)[0m  [1mSELECT COUNT(*) FROM "personal_connections"  WHERE "personal_connections"."verb_id" = $1[0m  [["verb_id", 834]]
11:09:19 web.1  |   [1m[36m (0.3ms)[0m  [1mSELECT COUNT(*) FROM "personal_connections"  WHERE "personal_connections"."verb_id" = $1[0m  [["verb_id", 1198]]
11:09:19 web.1  |   [1m[35m (1.6ms)[0m  SELECT COUNT(*) FROM "personal_connections"  WHERE "personal_connections"."verb_id" = $1  [["verb_id", 222]]
11:09:19 web.1  |   [1m[35m (0.6ms)[0m  SELECT COUNT(*) FROM "personal_connections"  WHERE "personal_connections"."verb_id" = $1  [["verb_id", 826]]
11:09:19 web.1  |   [1m[36m (0.4ms)[0m  [1mSELECT COUNT(*) FROM "personal_connections"  WHERE "personal_connections"."verb_id" = $1[0m  [["verb_id", 556]]
11:09:19 web.1  |   [1m[36m (0.3ms)[0m  [1mSELECT COUNT(*) FROM "personal_connections"  WHERE "personal_connections"."verb_id" = $1[0m  [["verb_id", 1349]]
11:09:19 web.1  |   [1m[35m (0.3ms)[0m  SELECT COUNT(*) FROM "personal_connections"  WHERE "personal_connections"."verb_id" = $1  [["verb_id", 1032]]
11:09:19 web.1  |   [1m[35m (0.4ms)[0m  SELECT COUNT(*) FROM "personal_connections"  WHERE "personal_connections"."verb_id" = $1  [["verb_id", 1338]]
11:09:19 web.1  |   [1m[36m (0.3ms)[0m  [1mSELECT COUNT(*) FROM "personal_connections"  WHERE "personal_connections"."verb_id" = $1[0m  [["verb_id", 1189]]
11:09:19 web.1  |   [1m[36m (0.3ms)[0m  [1mSELECT COUNT(*) FROM "personal_connections"  WHERE "personal_connections"."verb_id" = $1[0m  [["verb_id", 384]]
11:09:19 web.1  |   [1m[35m (0.4ms)[0m  SELECT COUNT(*) FROM "personal_connections"  WHERE "personal_connections"."verb_id" = $1  [["verb_id", 691]]
11:09:19 web.1  |   [1m[35m (0.3ms)[0m  SELECT COUNT(*) FROM "personal_connections"  WHERE "personal_connections"."verb_id" = $1  [["verb_id", 630]]
11:09:19 web.1  |   [1m[36m (0.5ms)[0m  [1mSELECT COUNT(*) FROM "personal_connections"  WHERE "personal_connections"."verb_id" = $1[0m  [["verb_id", 1221]]
11:09:19 web.1  |   [1m[36m (0.3ms)[0m  [1mSELECT COUNT(*) FROM "personal_connections"  WHERE "personal_connections"."verb_id" = $1[0m  [["verb_id", 284]]
11:09:19 web.1  |   [1m[35m (0.6ms)[0m  SELECT COUNT(*) FROM "personal_connections"  WHERE "personal_connections"."verb_id" = $1  [["verb_id", 1033]]
11:09:19 web.1  |   [1m[35m (0.5ms)[0m  SELECT COUNT(*) FROM "personal_connections"  WHERE "personal_connections"."verb_id" = $1  [["verb_id", 1179]]
11:09:19 web.1  |   [1m[36m (0.3ms)[0m  [1mSELECT COUNT(*) FROM "personal_connections"  WHERE "personal_connections"."verb_id" = $1[0m  [["verb_id", 920]]
11:09:19 web.1  |   [1m[35m (0.4ms)[0m  SELECT COUNT(*) FROM "personal_connections"  WHERE "personal_connections"."verb_id" = $1  [["verb_id", 1212]]
11:09:19 web.1  |   [1m[36m (0.5ms)[0m  [1mSELECT COUNT(*) FROM "personal_connections"  WHERE "personal_connections"."verb_id" = $1[0m  [["verb_id", 322]]
11:09:19 web.1  |   [1m[36m (0.6ms)[0m  [1mSELECT COUNT(*) FROM "personal_connections"  WHERE "personal_connections"."verb_id" = $1[0m  [["verb_id", 622]]
11:09:19 web.1  |   [1m[35m (0.5ms)[0m  SELECT COUNT(*) FROM "personal_connections"  WHERE "personal_connections"."verb_id" = $1  [["verb_id", 1041]]
11:09:19 web.1  |   [1m[35m (0.4ms)[0m  SELECT COUNT(*) FROM "personal_connections"  WHERE "personal_connections"."verb_id" = $1  [["verb_id", 898]]
11:09:19 web.1  |   [1m[36m (0.5ms)[0m  [1mSELECT COUNT(*) FROM "personal_connections"  WHERE "personal_connections"."verb_id" = $1[0m  [["verb_id", 1264]]
11:09:19 web.1  |   [1m[36m (0.7ms)[0m  [1mSELECT COUNT(*) FROM "personal_connections"  WHERE "personal_connections"."verb_id" = $1[0m  [["verb_id", 1190]]
11:09:19 web.1  |   [1m[35m (0.5ms)[0m  SELECT COUNT(*) FROM "personal_connections"  WHERE "personal_connections"."verb_id" = $1  [["verb_id", 1152]]
11:09:19 web.1  |   [1m[35m (0.3ms)[0m  SELECT COUNT(*) FROM "personal_connections"  WHERE "personal_connections"."verb_id" = $1  [["verb_id", 1134]]
11:09:19 web.1  |   [1m[36m (0.5ms)[0m  [1mSELECT COUNT(*) FROM "personal_connections"  WHERE "personal_connections"."verb_id" = $1[0m  [["verb_id", 723]]
11:09:19 web.1  |   [1m[36m (0.3ms)[0m  [1mSELECT COUNT(*) FROM "personal_connections"  WHERE "personal_connections"."verb_id" = $1[0m  [["verb_id", 955]]
11:09:19 web.1  |   [1m[35m (0.5ms)[0m  SELECT COUNT(*) FROM "personal_connections"  WHERE "personal_connections"."verb_id" = $1  [["verb_id", 552]]
11:09:19 web.1  |   [1m[35m (0.6ms)[0m  SELECT COUNT(*) FROM "personal_connections"  WHERE "personal_connections"."verb_id" = $1  [["verb_id", 280]]
11:09:19 web.1  |   [1m[36m (0.5ms)[0m  [1mSELECT COUNT(*) FROM "personal_connections"  WHERE "personal_connections"."verb_id" = $1[0m  [["verb_id", 1166]]
11:09:19 web.1  |   [1m[36m (0.3ms)[0m  [1mSELECT COUNT(*) FROM "personal_connections"  WHERE "personal_connections"."verb_id" = $1[0m  [["verb_id", 735]]
11:09:19 web.1  |   [1m[35m (0.4ms)[0m  SELECT COUNT(*) FROM "personal_connections"  WHERE "personal_connections"."verb_id" = $1  [["verb_id", 1211]]
11:09:19 web.1  |   [1m[35m (0.3ms)[0m  SELECT COUNT(*) FROM "personal_connections"  WHERE "personal_connections"."verb_id" = $1  [["verb_id", 750]]
11:09:19 web.1  |   [1m[36m (0.5ms)[0m  [1mSELECT COUNT(*) FROM "personal_connections"  WHERE "personal_connections"."verb_id" = $1[0m  [["verb_id", 564]]
11:09:19 web.1  |   [1m[36m (0.4ms)[0m  [1mSELECT COUNT(*) FROM "personal_connections"  WHERE "personal_connections"."verb_id" = $1[0m  [["verb_id", 1147]]
11:09:19 web.1  |   [1m[35m (0.5ms)[0m  SELECT COUNT(*) FROM "personal_connections"  WHERE "personal_connections"."verb_id" = $1  [["verb_id", 518]]
11:09:19 web.1  |   [1m[35m (0.3ms)[0m  SELECT COUNT(*) FROM "personal_connections"  WHERE "personal_connections"."verb_id" = $1  [["verb_id", 1362]]
11:09:19 web.1  |   [1m[36m (0.5ms)[0m  [1mSELECT COUNT(*) FROM "personal_connections"  WHERE "personal_connections"."verb_id" = $1[0m  [["verb_id", 1048]]
11:09:19 web.1  |   [1m[36m (0.3ms)[0m  [1mSELECT COUNT(*) FROM "personal_connections"  WHERE "personal_connections"."verb_id" = $1[0m  [["verb_id", 772]]
11:09:19 web.1  |   [1m[35m (0.3ms)[0m  SELECT COUNT(*) FROM "personal_connections"  WHERE "personal_connections"."verb_id" = $1  [["verb_id", 230]]
11:09:19 web.1  |   [1m[35m (0.4ms)[0m  SELECT COUNT(*) FROM "personal_connections"  WHERE "personal_connections"."verb_id" = $1  [["verb_id", 1090]]
11:09:19 web.1  |   [1m[36m (0.5ms)[0m  [1mSELECT COUNT(*) FROM "personal_connections"  WHERE "personal_connections"."verb_id" = $1[0m  [["verb_id", 998]]
11:09:19 web.1  |   [1m[36m (0.3ms)[0m  [1mSELECT COUNT(*) FROM "personal_connections"  WHERE "personal_connections"."verb_id" = $1[0m  [["verb_id", 1240]]
11:09:19 web.1  |   [1m[35m (1.8ms)[0m  SELECT COUNT(*) FROM "personal_connections"  WHERE "personal_connections"."verb_id" = $1  [["verb_id", 288]]
11:09:19 web.1  |   [1m[35m (0.3ms)[0m  SELECT COUNT(*) FROM "personal_connections"  WHERE "personal_connections"."verb_id" = $1  [["verb_id", 878]]
11:09:19 web.1  |   [1m[36m (0.4ms)[0m  [1mSELECT COUNT(*) FROM "personal_connections"  WHERE "personal_connections"."verb_id" = $1[0m  [["verb_id", 1239]]
11:09:19 web.1  |   [1m[36m (0.2ms)[0m  [1mSELECT COUNT(*) FROM "personal_connections"  WHERE "personal_connections"."verb_id" = $1[0m  [["verb_id", 1560]]
11:09:19 web.1  |   [1m[35m (0.3ms)[0m  SELECT COUNT(*) FROM "personal_connections"  WHERE "personal_connections"."verb_id" = $1  [["verb_id", 810]]
11:09:19 web.1  |   [1m[35m (0.2ms)[0m  SELECT COUNT(*) FROM "personal_connections"  WHERE "personal_connections"."verb_id" = $1  [["verb_id", 1533]]
11:09:19 web.1  |   [1m[36m (0.3ms)[0m  [1mSELECT COUNT(*) FROM "personal_connections"  WHERE "personal_connections"."verb_id" = $1[0m  [["verb_id", 907]]
11:09:19 web.1  |   [1m[36m (0.4ms)[0m  [1mSELECT COUNT(*) FROM "personal_connections"  WHERE "personal_connections"."verb_id" = $1[0m  [["verb_id", 866]]
11:09:19 web.1  |   [1m[35m (0.4ms)[0m  SELECT COUNT(*) FROM "personal_connections"  WHERE "personal_connections"."verb_id" = $1  [["verb_id", 1275]]
11:09:19 web.1  |   [1m[35m (0.3ms)[0m  SELECT COUNT(*) FROM "personal_connections"  WHERE "personal_connections"."verb_id" = $1  [["verb_id", 1108]]
11:09:19 web.1  |   [1m[36m (0.3ms)[0m  [1mSELECT COUNT(*) FROM "personal_connections"  WHERE "personal_connections"."verb_id" = $1[0m  [["verb_id", 1170]]
11:09:19 web.1  |   [1m[36m (0.5ms)[0m  [1mSELECT COUNT(*) FROM "personal_connections"  WHERE "personal_connections"."verb_id" = $1[0m  [["verb_id", 1163]]
11:09:19 web.1  |   [1m[35m (0.3ms)[0m  SELECT COUNT(*) FROM "personal_connections"  WHERE "personal_connections"."verb_id" = $1  [["verb_id", 1464]]
11:09:19 web.1  |   [1m[35m (0.3ms)[0m  SELECT COUNT(*) FROM "personal_connections"  WHERE "personal_connections"."verb_id" = $1  [["verb_id", 1123]]
11:09:19 web.1  |   [1m[36m (0.2ms)[0m  [1mSELECT COUNT(*) FROM "personal_connections"  WHERE "personal_connections"."verb_id" = $1[0m  [["verb_id", 286]]
11:09:19 web.1  |   [1m[35m (0.5ms)[0m  SELECT COUNT(*) FROM "personal_connections"  WHERE "personal_connections"."verb_id" = $1  [["verb_id", 933]]
11:09:19 web.1  |   [1m[36m (0.7ms)[0m  [1mSELECT COUNT(*) FROM "personal_connections"  WHERE "personal_connections"."verb_id" = $1[0m  [["verb_id", 8]]
11:09:19 web.1  |   [1m[36m (0.4ms)[0m  [1mSELECT COUNT(*) FROM "personal_connections"  WHERE "personal_connections"."verb_id" = $1[0m  [["verb_id", 1220]]
11:09:19 web.1  |   [1m[35m (0.5ms)[0m  SELECT COUNT(*) FROM "personal_connections"  WHERE "personal_connections"."verb_id" = $1  [["verb_id", 504]]
11:09:19 web.1  |   [1m[35m (0.3ms)[0m  SELECT COUNT(*) FROM "personal_connections"  WHERE "personal_connections"."verb_id" = $1  [["verb_id", 626]]
11:09:19 web.1  |   [1m[36m (0.2ms)[0m  [1mSELECT COUNT(*) FROM "personal_connections"  WHERE "personal_connections"."verb_id" = $1[0m  [["verb_id", 1031]]
11:09:19 web.1  |   [1m[36m (0.3ms)[0m  [1mSELECT COUNT(*) FROM "personal_connections"  WHERE "personal_connections"."verb_id" = $1[0m  [["verb_id", 1549]]
11:09:19 web.1  |   [1m[35m (0.5ms)[0m  SELECT COUNT(*) FROM "personal_connections"  WHERE "personal_connections"."verb_id" = $1  [["verb_id", 778]]
11:09:19 web.1  |   [1m[35m (0.3ms)[0m  SELECT COUNT(*) FROM "personal_connections"  WHERE "personal_connections"."verb_id" = $1  [["verb_id", 858]]
11:09:19 web.1  |   [1m[36m (0.3ms)[0m  [1mSELECT COUNT(*) FROM "personal_connections"  WHERE "personal_connections"."verb_id" = $1[0m  [["verb_id", 1036]]
11:09:19 web.1  |   [1m[36m (0.3ms)[0m  [1mSELECT COUNT(*) FROM "personal_connections"  WHERE "personal_connections"."verb_id" = $1[0m  [["verb_id", 1154]]
11:09:19 web.1  |   [1m[35m (0.4ms)[0m  SELECT COUNT(*) FROM "personal_connections"  WHERE "personal_connections"."verb_id" = $1  [["verb_id", 292]]
11:09:19 web.1  |   [1m[35m (0.3ms)[0m  SELECT COUNT(*) FROM "personal_connections"  WHERE "personal_connections"."verb_id" = $1  [["verb_id", 746]]
11:09:19 web.1  |   [1m[36m (0.3ms)[0m  [1mSELECT COUNT(*) FROM "personal_connections"  WHERE "personal_connections"."verb_id" = $1[0m  [["verb_id", 1459]]
11:09:19 web.1  |   [1m[36m (0.3ms)[0m  [1mSELECT COUNT(*) FROM "personal_connections"  WHERE "personal_connections"."verb_id" = $1[0m  [["verb_id", 1194]]
11:09:19 web.1  |   [1m[35m (0.3ms)[0m  SELECT COUNT(*) FROM "personal_connections"  WHERE "personal_connections"."verb_id" = $1  [["verb_id", 881]]
11:09:19 web.1  |   [1m[35m (0.3ms)[0m  SELECT COUNT(*) FROM "personal_connections"  WHERE "personal_connections"."verb_id" = $1  [["verb_id", 1258]]
11:09:19 web.1  |   [1m[36m (0.3ms)[0m  [1mSELECT COUNT(*) FROM "personal_connections"  WHERE "personal_connections"."verb_id" = $1[0m  [["verb_id", 1233]]
11:09:19 web.1  |   [1m[36m (0.3ms)[0m  [1mSELECT COUNT(*) FROM "personal_connections"  WHERE "personal_connections"."verb_id" = $1[0m  [["verb_id", 918]]
11:09:19 web.1  |   [1m[35m (0.2ms)[0m  SELECT COUNT(*) FROM "personal_connections"  WHERE "personal_connections"."verb_id" = $1  [["verb_id", 1288]]
11:09:19 web.1  |   [1m[35m (0.3ms)[0m  SELECT COUNT(*) FROM "personal_connections"  WHERE "personal_connections"."verb_id" = $1  [["verb_id", 1185]]
11:09:19 web.1  |   [1m[36m (0.4ms)[0m  [1mSELECT COUNT(*) FROM "personal_connections"  WHERE "personal_connections"."verb_id" = $1[0m  [["verb_id", 1586]]
11:09:19 web.1  |   [1m[36m (0.2ms)[0m  [1mSELECT COUNT(*) FROM "personal_connections"  WHERE "personal_connections"."verb_id" = $1[0m  [["verb_id", 1037]]
11:09:19 web.1  |   [1m[35m (0.7ms)[0m  SELECT COUNT(*) FROM "personal_connections"  WHERE "personal_connections"."verb_id" = $1  [["verb_id", 1537]]
11:09:19 web.1  |   [1m[35m (0.2ms)[0m  SELECT COUNT(*) FROM "personal_connections"  WHERE "personal_connections"."verb_id" = $1  [["verb_id", 816]]
11:09:19 web.1  |   [1m[36m (0.3ms)[0m  [1mSELECT COUNT(*) FROM "personal_connections"  WHERE "personal_connections"."verb_id" = $1[0m  [["verb_id", 1393]]
11:09:19 web.1  |   [1m[36m (0.2ms)[0m  [1mSELECT COUNT(*) FROM "personal_connections"  WHERE "personal_connections"."verb_id" = $1[0m  [["verb_id", 1045]]
11:09:19 web.1  |   [1m[35m (0.3ms)[0m  SELECT COUNT(*) FROM "personal_connections"  WHERE "personal_connections"."verb_id" = $1  [["verb_id", 1396]]
11:09:19 web.1  |   [1m[35m (0.2ms)[0m  SELECT COUNT(*) FROM "personal_connections"  WHERE "personal_connections"."verb_id" = $1  [["verb_id", 1140]]
11:09:19 web.1  |   [1m[36m (0.3ms)[0m  [1mSELECT COUNT(*) FROM "personal_connections"  WHERE "personal_connections"."verb_id" = $1[0m  [["verb_id", 1049]]
11:09:19 web.1  |   [1m[36m (0.2ms)[0m  [1mSELECT COUNT(*) FROM "personal_connections"  WHERE "personal_connections"."verb_id" = $1[0m  [["verb_id", 1525]]
11:09:19 web.1  |   [1m[35m (0.3ms)[0m  SELECT COUNT(*) FROM "personal_connections"  WHERE "personal_connections"."verb_id" = $1  [["verb_id", 1543]]
11:09:19 web.1  |   [1m[35m (0.3ms)[0m  SELECT COUNT(*) FROM "personal_connections"  WHERE "personal_connections"."verb_id" = $1  [["verb_id", 1458]]
11:09:19 web.1  |   [1m[36m (0.3ms)[0m  [1mSELECT COUNT(*) FROM "personal_connections"  WHERE "personal_connections"."verb_id" = $1[0m  [["verb_id", 1447]]
11:09:19 web.1  |   [1m[36m (0.5ms)[0m  [1mSELECT COUNT(*) FROM "personal_connections"  WHERE "personal_connections"."verb_id" = $1[0m  [["verb_id", 896]]
11:09:19 web.1  |   [1m[35m (0.3ms)[0m  SELECT COUNT(*) FROM "personal_connections"  WHERE "personal_connections"."verb_id" = $1  [["verb_id", 216]]
11:09:19 web.1  |   [1m[35m (0.3ms)[0m  SELECT COUNT(*) FROM "personal_connections"  WHERE "personal_connections"."verb_id" = $1  [["verb_id", 1479]]
11:09:19 web.1  |   [1m[36m (0.3ms)[0m  [1mSELECT COUNT(*) FROM "personal_connections"  WHERE "personal_connections"."verb_id" = $1[0m  [["verb_id", 1371]]
11:09:19 web.1  |   [1m[36m (0.3ms)[0m  [1mSELECT COUNT(*) FROM "personal_connections"  WHERE "personal_connections"."verb_id" = $1[0m  [["verb_id", 1186]]
11:09:19 web.1  |   [1m[35m (0.3ms)[0m  SELECT COUNT(*) FROM "personal_connections"  WHERE "personal_connections"."verb_id" = $1  [["verb_id", 832]]
11:09:19 web.1  |   [1m[35m (0.3ms)[0m  SELECT COUNT(*) FROM "personal_connections"  WHERE "personal_connections"."verb_id" = $1  [["verb_id", 1161]]
11:09:19 web.1  |   [1m[36m (0.3ms)[0m  [1mSELECT COUNT(*) FROM "personal_connections"  WHERE "personal_connections"."verb_id" = $1[0m  [["verb_id", 1524]]
11:09:19 web.1  |   [1m[36m (0.3ms)[0m  [1mSELECT COUNT(*) FROM "personal_connections"  WHERE "personal_connections"."verb_id" = $1[0m  [["verb_id", 805]]
11:09:19 web.1  |   [1m[35m (0.3ms)[0m  SELECT COUNT(*) FROM "personal_connections"  WHERE "personal_connections"."verb_id" = $1  [["verb_id", 1129]]
11:09:19 web.1  |   [1m[35m (0.3ms)[0m  SELECT COUNT(*) FROM "personal_connections"  WHERE "personal_connections"."verb_id" = $1  [["verb_id", 900]]
11:09:19 web.1  |   [1m[36m (0.4ms)[0m  [1mSELECT COUNT(*) FROM "personal_connections"  WHERE "personal_connections"."verb_id" = $1[0m  [["verb_id", 922]]
11:09:19 web.1  |   [1m[36m (0.3ms)[0m  [1mSELECT COUNT(*) FROM "personal_connections"  WHERE "personal_connections"."verb_id" = $1[0m  [["verb_id", 814]]
11:09:19 web.1  |   [1m[35m (0.3ms)[0m  SELECT COUNT(*) FROM "personal_connections"  WHERE "personal_connections"."verb_id" = $1  [["verb_id", 928]]
11:09:19 web.1  |   [1m[35m (0.3ms)[0m  SELECT COUNT(*) FROM "personal_connections"  WHERE "personal_connections"."verb_id" = $1  [["verb_id", 226]]
11:09:19 web.1  |   [1m[36m (0.3ms)[0m  [1mSELECT COUNT(*) FROM "personal_connections"  WHERE "personal_connections"."verb_id" = $1[0m  [["verb_id", 294]]
11:09:19 web.1  |   [1m[36m (0.3ms)[0m  [1mSELECT COUNT(*) FROM "personal_connections"  WHERE "personal_connections"."verb_id" = $1[0m  [["verb_id", 644]]
11:09:19 web.1  |   [1m[35m (0.3ms)[0m  SELECT COUNT(*) FROM "personal_connections"  WHERE "personal_connections"."verb_id" = $1  [["verb_id", 804]]
11:09:19 web.1  |   [1m[35m (0.3ms)[0m  SELECT COUNT(*) FROM "personal_connections"  WHERE "personal_connections"."verb_id" = $1  [["verb_id", 1501]]
11:09:19 web.1  |   [1m[36m (0.3ms)[0m  [1mSELECT COUNT(*) FROM "personal_connections"  WHERE "personal_connections"."verb_id" = $1[0m  [["verb_id", 937]]
11:09:19 web.1  |   [1m[36m (0.2ms)[0m  [1mSELECT COUNT(*) FROM "personal_connections"  WHERE "personal_connections"."verb_id" = $1[0m  [["verb_id", 1249]]
11:09:19 web.1  |   [1m[35m (0.3ms)[0m  SELECT COUNT(*) FROM "personal_connections"  WHERE "personal_connections"."verb_id" = $1  [["verb_id", 1225]]
11:09:19 web.1  |   [1m[35m (0.3ms)[0m  SELECT COUNT(*) FROM "personal_connections"  WHERE "personal_connections"."verb_id" = $1  [["verb_id", 926]]
11:09:19 web.1  |   [1m[36m (0.7ms)[0m  [1mSELECT COUNT(*) FROM "personal_connections"  WHERE "personal_connections"."verb_id" = $1[0m  [["verb_id", 5]]
11:09:19 web.1  |   [1m[36m (0.2ms)[0m  [1mSELECT COUNT(*) FROM "personal_connections"  WHERE "personal_connections"."verb_id" = $1[0m  [["verb_id", 916]]
11:09:19 web.1  |   [1m[35m (0.4ms)[0m  SELECT COUNT(*) FROM "personal_connections"  WHERE "personal_connections"."verb_id" = $1  [["verb_id", 959]]
11:09:19 web.1  |   [1m[35m (0.3ms)[0m  SELECT COUNT(*) FROM "personal_connections"  WHERE "personal_connections"."verb_id" = $1  [["verb_id", 49]]
11:09:19 web.1  |   [1m[36m (0.3ms)[0m  [1mSELECT COUNT(*) FROM "personal_connections"  WHERE "personal_connections"."verb_id" = $1[0m  [["verb_id", 1483]]
11:09:19 web.1  |   [1m[36m (0.2ms)[0m  [1mSELECT COUNT(*) FROM "personal_connections"  WHERE "personal_connections"."verb_id" = $1[0m  [["verb_id", 430]]
11:09:19 web.1  |   [1m[35m (0.4ms)[0m  SELECT COUNT(*) FROM "personal_connections"  WHERE "personal_connections"."verb_id" = $1  [["verb_id", 27]]
11:09:19 web.1  |   [1m[35m (0.3ms)[0m  SELECT COUNT(*) FROM "personal_connections"  WHERE "personal_connections"."verb_id" = $1  [["verb_id", 1054]]
11:09:19 web.1  |   [1m[36m (0.4ms)[0m  [1mSELECT COUNT(*) FROM "personal_connections"  WHERE "personal_connections"."verb_id" = $1[0m  [["verb_id", 240]]
11:09:19 web.1  |   [1m[36m (0.2ms)[0m  [1mSELECT COUNT(*) FROM "personal_connections"  WHERE "personal_connections"."verb_id" = $1[0m  [["verb_id", 1538]]
11:09:19 web.1  |   [1m[35m (0.3ms)[0m  SELECT COUNT(*) FROM "personal_connections"  WHERE "personal_connections"."verb_id" = $1  [["verb_id", 1332]]
11:09:19 web.1  |   [1m[35m (0.3ms)[0m  SELECT COUNT(*) FROM "personal_connections"  WHERE "personal_connections"."verb_id" = $1  [["verb_id", 1004]]
11:09:19 web.1  |   [1m[36m (0.3ms)[0m  [1mSELECT COUNT(*) FROM "personal_connections"  WHERE "personal_connections"."verb_id" = $1[0m  [["verb_id", 1193]]
11:09:19 web.1  |   [1m[36m (0.3ms)[0m  [1mSELECT COUNT(*) FROM "personal_connections"  WHERE "personal_connections"."verb_id" = $1[0m  [["verb_id", 1298]]
11:09:19 web.1  |   [1m[35m (0.3ms)[0m  SELECT COUNT(*) FROM "personal_connections"  WHERE "personal_connections"."verb_id" = $1  [["verb_id", 1093]]
11:09:19 web.1  |   [1m[35m (0.3ms)[0m  SELECT COUNT(*) FROM "personal_connections"  WHERE "personal_connections"."verb_id" = $1  [["verb_id", 1118]]
11:09:19 web.1  |   [1m[36m (0.3ms)[0m  [1mSELECT COUNT(*) FROM "personal_connections"  WHERE "personal_connections"."verb_id" = $1[0m  [["verb_id", 4]]
11:09:19 web.1  |   [1m[36m (0.3ms)[0m  [1mSELECT COUNT(*) FROM "personal_connections"  WHERE "personal_connections"."verb_id" = $1[0m  [["verb_id", 1532]]
11:09:19 web.1  |   [1m[35m (0.3ms)[0m  SELECT COUNT(*) FROM "personal_connections"  WHERE "personal_connections"."verb_id" = $1  [["verb_id", 807]]
11:09:19 web.1  |   [1m[35m (0.3ms)[0m  SELECT COUNT(*) FROM "personal_connections"  WHERE "personal_connections"."verb_id" = $1  [["verb_id", 1198]]
11:09:19 web.1  |   [1m[36m (0.3ms)[0m  [1mSELECT COUNT(*) FROM "personal_connections"  WHERE "personal_connections"."verb_id" = $1[0m  [["verb_id", 812]]
11:09:19 web.1  |   [1m[36m (0.4ms)[0m  [1mSELECT COUNT(*) FROM "personal_connections"  WHERE "personal_connections"."verb_id" = $1[0m  [["verb_id", 826]]
11:09:19 web.1  |   [1m[35m (0.3ms)[0m  SELECT COUNT(*) FROM "personal_connections"  WHERE "personal_connections"."verb_id" = $1  [["verb_id", 1106]]
11:09:19 web.1  |   [1m[35m (0.3ms)[0m  SELECT COUNT(*) FROM "personal_connections"  WHERE "personal_connections"."verb_id" = $1  [["verb_id", 1349]]
11:09:19 web.1  |   [1m[36m (0.3ms)[0m  [1mSELECT COUNT(*) FROM "personal_connections"  WHERE "personal_connections"."verb_id" = $1[0m  [["verb_id", 1493]]
11:09:19 web.1  |   [1m[36m (0.3ms)[0m  [1mSELECT COUNT(*) FROM "personal_connections"  WHERE "personal_connections"."verb_id" = $1[0m  [["verb_id", 1338]]
11:09:19 web.1  |   [1m[35m (0.3ms)[0m  SELECT COUNT(*) FROM "personal_connections"  WHERE "personal_connections"."verb_id" = $1  [["verb_id", 1423]]
11:09:19 web.1  |   [1m[36m (0.2ms)[0m  [1mSELECT COUNT(*) FROM "personal_connections"  WHERE "personal_connections"."verb_id" = $1[0m  [["verb_id", 754]]
11:09:19 web.1  |   [1m[35m (0.4ms)[0m  SELECT COUNT(*) FROM "personal_connections"  WHERE "personal_connections"."verb_id" = $1  [["verb_id", 384]]
11:09:19 web.1  |   [1m[36m (0.3ms)[0m  [1mSELECT COUNT(*) FROM "personal_connections"  WHERE "personal_connections"."verb_id" = $1[0m  [["verb_id", 630]]
11:09:19 web.1  |   [1m[35m (0.2ms)[0m  SELECT COUNT(*) FROM "personal_connections"  WHERE "personal_connections"."verb_id" = $1  [["verb_id", 1324]]
11:09:19 web.1  |   [1m[35m (0.3ms)[0m  SELECT COUNT(*) FROM "personal_connections"  WHERE "personal_connections"."verb_id" = $1  [["verb_id", 284]]
11:09:19 web.1  |   [1m[36m (0.5ms)[0m  [1mSELECT COUNT(*) FROM "personal_connections"  WHERE "personal_connections"."verb_id" = $1[0m  [["verb_id", 1323]]
11:09:19 web.1  |   [1m[36m (0.3ms)[0m  [1mSELECT COUNT(*) FROM "personal_connections"  WHERE "personal_connections"."verb_id" = $1[0m  [["verb_id", 1179]]
11:09:19 web.1  |   [1m[35m (0.5ms)[0m  SELECT COUNT(*) FROM "personal_connections"  WHERE "personal_connections"."verb_id" = $1  [["verb_id", 801]]
11:09:19 web.1  |   [1m[35m (0.4ms)[0m  SELECT COUNT(*) FROM "personal_connections"  WHERE "personal_connections"."verb_id" = $1  [["verb_id", 920]]
11:09:19 web.1  |   [1m[36m (0.5ms)[0m  [1mSELECT COUNT(*) FROM "personal_connections"  WHERE "personal_connections"."verb_id" = $1[0m  [["verb_id", 1444]]
11:09:19 web.1  |   [1m[36m (0.3ms)[0m  [1mSELECT COUNT(*) FROM "personal_connections"  WHERE "personal_connections"."verb_id" = $1[0m  [["verb_id", 1212]]
11:09:19 web.1  |   [1m[35m (0.3ms)[0m  SELECT COUNT(*) FROM "personal_connections"  WHERE "personal_connections"."verb_id" = $1  [["verb_id", 759]]
11:09:19 web.1  |   [1m[35m (0.3ms)[0m  SELECT COUNT(*) FROM "personal_connections"  WHERE "personal_connections"."verb_id" = $1  [["verb_id", 622]]
11:09:19 web.1  |   [1m[36m (0.3ms)[0m  [1mSELECT COUNT(*) FROM "personal_connections"  WHERE "personal_connections"."verb_id" = $1[0m  [["verb_id", 26]]
11:09:19 web.1  |   [1m[36m (0.3ms)[0m  [1mSELECT COUNT(*) FROM "personal_connections"  WHERE "personal_connections"."verb_id" = $1[0m  [["verb_id", 898]]
11:09:19 web.1  |   [1m[35m (0.4ms)[0m  SELECT COUNT(*) FROM "personal_connections"  WHERE "personal_connections"."verb_id" = $1  [["verb_id", 1190]]
11:09:19 web.1  |   [1m[35m (0.6ms)[0m  SELECT COUNT(*) FROM "personal_connections"  WHERE "personal_connections"."verb_id" = $1  [["verb_id", 889]]
11:09:19 web.1  |   [1m[36m (0.5ms)[0m  [1mSELECT COUNT(*) FROM "personal_connections"  WHERE "personal_connections"."verb_id" = $1[0m  [["verb_id", 1134]]
11:09:19 web.1  |   [1m[36m (0.2ms)[0m  [1mSELECT COUNT(*) FROM "personal_connections"  WHERE "personal_connections"."verb_id" = $1[0m  [["verb_id", 827]]
11:09:19 web.1  |   [1m[35m (0.5ms)[0m  SELECT COUNT(*) FROM "personal_connections"  WHERE "personal_connections"."verb_id" = $1  [["verb_id", 955]]
11:09:19 web.1  |   [1m[35m (0.8ms)[0m  SELECT COUNT(*) FROM "personal_connections"  WHERE "personal_connections"."verb_id" = $1  [["verb_id", 903]]
11:09:19 web.1  |   [1m[36m (0.3ms)[0m  [1mSELECT COUNT(*) FROM "personal_connections"  WHERE "personal_connections"."verb_id" = $1[0m  [["verb_id", 280]]
11:09:19 web.1  |   [1m[36m (0.3ms)[0m  [1mSELECT COUNT(*) FROM "personal_connections"  WHERE "personal_connections"."verb_id" = $1[0m  [["verb_id", 828]]
11:09:19 web.1  |   [1m[35m (0.3ms)[0m  SELECT COUNT(*) FROM "personal_connections"  WHERE "personal_connections"."verb_id" = $1  [["verb_id", 735]]
11:09:19 web.1  |   [1m[35m (0.3ms)[0m  SELECT COUNT(*) FROM "personal_connections"  WHERE "personal_connections"."verb_id" = $1  [["verb_id", 1463]]
11:09:19 web.1  |   [1m[36m (0.4ms)[0m  [1mSELECT COUNT(*) FROM "personal_connections"  WHERE "personal_connections"."verb_id" = $1[0m  [["verb_id", 750]]
11:09:20 web.1  |   [1m[36m (0.3ms)[0m  [1mSELECT COUNT(*) FROM "personal_connections"  WHERE "personal_connections"."verb_id" = $1[0m  [["verb_id", 1284]]
11:09:20 web.1  |   [1m[35m (0.5ms)[0m  SELECT COUNT(*) FROM "personal_connections"  WHERE "personal_connections"."verb_id" = $1  [["verb_id", 1147]]
11:09:20 web.1  |   [1m[35m (1.9ms)[0m  SELECT COUNT(*) FROM "personal_connections"  WHERE "personal_connections"."verb_id" = $1  [["verb_id", 939]]
11:09:20 web.1  |   [1m[36m (0.3ms)[0m  [1mSELECT COUNT(*) FROM "personal_connections"  WHERE "personal_connections"."verb_id" = $1[0m  [["verb_id", 1362]]
11:09:20 web.1  |   [1m[36m (0.3ms)[0m  [1mSELECT COUNT(*) FROM "personal_connections"  WHERE "personal_connections"."verb_id" = $1[0m  [["verb_id", 1263]]
11:09:20 web.1  |   [1m[35m (0.6ms)[0m  SELECT COUNT(*) FROM "personal_connections"  WHERE "personal_connections"."verb_id" = $1  [["verb_id", 772]]
11:09:20 web.1  |   [1m[35m (0.2ms)[0m  SELECT COUNT(*) FROM "personal_connections"  WHERE "personal_connections"."verb_id" = $1  [["verb_id", 1132]]
11:09:20 web.1  |   [1m[36m (0.3ms)[0m  [1mSELECT COUNT(*) FROM "personal_connections"  WHERE "personal_connections"."verb_id" = $1[0m  [["verb_id", 153]]
11:09:20 web.1  |   [1m[36m (0.4ms)[0m  [1mSELECT COUNT(*) FROM "personal_connections"  WHERE "personal_connections"."verb_id" = $1[0m  [["verb_id", 1090]]
11:09:20 web.1  |   [1m[35m (0.5ms)[0m  SELECT COUNT(*) FROM "personal_connections"  WHERE "personal_connections"."verb_id" = $1  [["verb_id", 1443]]
11:09:20 web.1  |   [1m[35m (0.6ms)[0m  SELECT COUNT(*) FROM "personal_connections"  WHERE "personal_connections"."verb_id" = $1  [["verb_id", 1240]]
11:09:20 web.1  |   [1m[36m (0.4ms)[0m  [1mSELECT COUNT(*) FROM "personal_connections"  WHERE "personal_connections"."verb_id" = $1[0m  [["verb_id", 406]]
11:09:20 web.1  |   [1m[36m (0.3ms)[0m  [1mSELECT COUNT(*) FROM "personal_connections"  WHERE "personal_connections"."verb_id" = $1[0m  [["verb_id", 878]]
11:09:20 web.1  |   [1m[35m (0.5ms)[0m  SELECT COUNT(*) FROM "personal_connections"  WHERE "personal_connections"."verb_id" = $1  [["verb_id", 508]]
11:09:20 web.1  |   [1m[35m (0.3ms)[0m  SELECT COUNT(*) FROM "personal_connections"  WHERE "personal_connections"."verb_id" = $1  [["verb_id", 1239]]
11:09:20 web.1  |   [1m[36m (0.6ms)[0m  [1mSELECT COUNT(*) FROM "personal_connections"  WHERE "personal_connections"."verb_id" = $1[0m  [["verb_id", 1224]]
11:09:20 web.1  |   [1m[36m (0.3ms)[0m  [1mSELECT COUNT(*) FROM "personal_connections"  WHERE "personal_connections"."verb_id" = $1[0m  [["verb_id", 810]]
11:09:20 web.1  |   [1m[35m (0.3ms)[0m  SELECT COUNT(*) FROM "personal_connections"  WHERE "personal_connections"."verb_id" = $1  [["verb_id", 1276]]
11:09:20 web.1  |   [1m[35m (0.4ms)[0m  SELECT COUNT(*) FROM "personal_connections"  WHERE "personal_connections"."verb_id" = $1  [["verb_id", 907]]
11:09:20 web.1  |   [1m[36m (0.5ms)[0m  [1mSELECT COUNT(*) FROM "personal_connections"  WHERE "personal_connections"."verb_id" = $1[0m  [["verb_id", 1274]]
11:09:20 web.1  |   [1m[36m (0.3ms)[0m  [1mSELECT COUNT(*) FROM "personal_connections"  WHERE "personal_connections"."verb_id" = $1[0m  [["verb_id", 1275]]
11:09:20 web.1  |   [1m[35m (2.4ms)[0m  SELECT COUNT(*) FROM "personal_connections"  WHERE "personal_connections"."verb_id" = $1  [["verb_id", 1159]]
11:09:20 web.1  |   [1m[35m (0.5ms)[0m  SELECT COUNT(*) FROM "personal_connections"  WHERE "personal_connections"."verb_id" = $1  [["verb_id", 1170]]
11:09:20 web.1  |   Rendered verbs/_verb.html.erb (9100.6ms)
11:09:20 web.1  |   Rendered verbs/index.html.erb within layouts/application (9180.9ms)
11:09:20 web.1  |   [1m[36m (0.6ms)[0m  [1mSELECT COUNT(*) FROM "personal_connections"  WHERE "personal_connections"."verb_id" = $1[0m  [["verb_id", 1464]]
11:09:20 web.1  |   [1m[35m (0.3ms)[0m  SELECT COUNT(*) FROM "personal_connections"  WHERE "personal_connections"."verb_id" = $1  [["verb_id", 286]]
11:09:20 web.1  |   [1m[36m (0.3ms)[0m  [1mSELECT COUNT(*) FROM "personal_connections"  WHERE "personal_connections"."verb_id" = $1[0m  [["verb_id", 933]]
11:09:20 web.1  | Completed 200 OK in 9208ms (Views: 8442.7ms | ActiveRecord: 764.5ms)
11:09:20 web.1  | Oink Action: verbs#index
11:09:20 web.1  |   [1m[35m (0.5ms)[0m  SELECT COUNT(*) FROM "personal_connections"  WHERE "personal_connections"."verb_id" = $1  [["verb_id", 1220]]
11:09:20 web.1  | Memory usage: 2639788 | PID: 40431
11:09:20 web.1  | Instantiation Breakdown: Total: 1126 | Verb: 1126
11:09:20 web.1  | Oink Log Entry Complete
11:09:20 web.1  |   [1m[36m (0.3ms)[0m  [1mSELECT COUNT(*) FROM "personal_connections"  WHERE "personal_connections"."verb_id" = $1[0m  [["verb_id", 626]]
11:09:20 web.1  |   [1m[35m (0.3ms)[0m  SELECT COUNT(*) FROM "personal_connections"  WHERE "personal_connections"."verb_id" = $1  [["verb_id", 1549]]
11:09:20 web.1  |   [1m[36m (0.3ms)[0m  [1mSELECT COUNT(*) FROM "personal_connections"  WHERE "personal_connections"."verb_id" = $1[0m  [["verb_id", 858]]
11:09:20 web.1  |   [1m[35m (0.3ms)[0m  SELECT COUNT(*) FROM "personal_connections"  WHERE "personal_connections"."verb_id" = $1  [["verb_id", 1154]]
11:09:20 web.1  |   [1m[36m (0.3ms)[0m  [1mSELECT COUNT(*) FROM "personal_connections"  WHERE "personal_connections"."verb_id" = $1[0m  [["verb_id", 746]]
11:09:20 web.1  |   [1m[35m (0.3ms)[0m  SELECT COUNT(*) FROM "personal_connections"  WHERE "personal_connections"."verb_id" = $1  [["verb_id", 1194]]
11:09:20 web.1  |   [1m[36m (0.3ms)[0m  [1mSELECT COUNT(*) FROM "personal_connections"  WHERE "personal_connections"."verb_id" = $1[0m  [["verb_id", 1258]]
11:09:20 web.1  |   [1m[35m (0.3ms)[0m  SELECT COUNT(*) FROM "personal_connections"  WHERE "personal_connections"."verb_id" = $1  [["verb_id", 918]]
11:09:20 web.1  |   [1m[36m (0.3ms)[0m  [1mSELECT COUNT(*) FROM "personal_connections"  WHERE "personal_connections"."verb_id" = $1[0m  [["verb_id", 1288]]
11:09:20 web.1  |   [1m[35m (0.3ms)[0m  SELECT COUNT(*) FROM "personal_connections"  WHERE "personal_connections"."verb_id" = $1  [["verb_id", 1586]]
11:09:20 web.1  |   [1m[36m (0.3ms)[0m  [1mSELECT COUNT(*) FROM "personal_connections"  WHERE "personal_connections"."verb_id" = $1[0m  [["verb_id", 1537]]
11:09:20 web.1  |   [1m[35m (0.3ms)[0m  SELECT COUNT(*) FROM "personal_connections"  WHERE "personal_connections"."verb_id" = $1  [["verb_id", 1393]]
11:09:20 web.1  |   [1m[36m (0.3ms)[0m  [1mSELECT COUNT(*) FROM "personal_connections"  WHERE "personal_connections"."verb_id" = $1[0m  [["verb_id", 1396]]
11:09:20 web.1  |   [1m[35m (0.3ms)[0m  SELECT COUNT(*) FROM "personal_connections"  WHERE "personal_connections"."verb_id" = $1  [["verb_id", 1049]]
11:09:20 web.1  |   [1m[36m (0.3ms)[0m  [1mSELECT COUNT(*) FROM "personal_connections"  WHERE "personal_connections"."verb_id" = $1[0m  [["verb_id", 1543]]
11:09:20 web.1  |   [1m[35m (0.3ms)[0m  SELECT COUNT(*) FROM "personal_connections"  WHERE "personal_connections"."verb_id" = $1  [["verb_id", 1447]]
11:09:20 web.1  |   [1m[36m (0.4ms)[0m  [1mSELECT COUNT(*) FROM "personal_connections"  WHERE "personal_connections"."verb_id" = $1[0m  [["verb_id", 216]]
11:09:20 web.1  |   [1m[35m (0.3ms)[0m  SELECT COUNT(*) FROM "personal_connections"  WHERE "personal_connections"."verb_id" = $1  [["verb_id", 1371]]
11:09:20 web.1  |   [1m[36m (0.3ms)[0m  [1mSELECT COUNT(*) FROM "personal_connections"  WHERE "personal_connections"."verb_id" = $1[0m  [["verb_id", 832]]
11:09:20 web.1  |   [1m[35m (0.3ms)[0m  SELECT COUNT(*) FROM "personal_connections"  WHERE "personal_connections"."verb_id" = $1  [["verb_id", 1524]]
11:09:20 web.1  |   [1m[36m (0.3ms)[0m  [1mSELECT COUNT(*) FROM "personal_connections"  WHERE "personal_connections"."verb_id" = $1[0m  [["verb_id", 1129]]
11:09:20 web.1  |   [1m[35m (0.3ms)[0m  SELECT COUNT(*) FROM "personal_connections"  WHERE "personal_connections"."verb_id" = $1  [["verb_id", 922]]
11:09:20 web.1  |   [1m[36m (0.3ms)[0m  [1mSELECT COUNT(*) FROM "personal_connections"  WHERE "personal_connections"."verb_id" = $1[0m  [["verb_id", 928]]
11:09:20 web.1  |   [1m[35m (0.3ms)[0m  SELECT COUNT(*) FROM "personal_connections"  WHERE "personal_connections"."verb_id" = $1  [["verb_id", 294]]
11:09:20 web.1  |   [1m[36m (0.3ms)[0m  [1mSELECT COUNT(*) FROM "personal_connections"  WHERE "personal_connections"."verb_id" = $1[0m  [["verb_id", 1501]]
11:09:20 web.1  |   [1m[35m (0.3ms)[0m  SELECT COUNT(*) FROM "personal_connections"  WHERE "personal_connections"."verb_id" = $1  [["verb_id", 1249]]
11:09:20 web.1  |   [1m[36m (0.3ms)[0m  [1mSELECT COUNT(*) FROM "personal_connections"  WHERE "personal_connections"."verb_id" = $1[0m  [["verb_id", 1225]]
11:09:20 web.1  |   [1m[35m (0.6ms)[0m  SELECT COUNT(*) FROM "personal_connections"  WHERE "personal_connections"."verb_id" = $1  [["verb_id", 5]]
11:09:20 web.1  |   [1m[36m (0.8ms)[0m  [1mSELECT COUNT(*) FROM "personal_connections"  WHERE "personal_connections"."verb_id" = $1[0m  [["verb_id", 959]]
11:09:20 web.1  |   [1m[35m (0.3ms)[0m  SELECT COUNT(*) FROM "personal_connections"  WHERE "personal_connections"."verb_id" = $1  [["verb_id", 1483]]
11:09:20 web.1  |   [1m[36m (0.3ms)[0m  [1mSELECT COUNT(*) FROM "personal_connections"  WHERE "personal_connections"."verb_id" = $1[0m  [["verb_id", 27]]
11:09:20 web.1  |   [1m[35m (0.3ms)[0m  SELECT COUNT(*) FROM "personal_connections"  WHERE "personal_connections"."verb_id" = $1  [["verb_id", 240]]
11:09:20 web.1  |   [1m[36m (0.3ms)[0m  [1mSELECT COUNT(*) FROM "personal_connections"  WHERE "personal_connections"."verb_id" = $1[0m  [["verb_id", 1332]]
11:09:20 web.1  |   [1m[35m (1.3ms)[0m  SELECT COUNT(*) FROM "personal_connections"  WHERE "personal_connections"."verb_id" = $1  [["verb_id", 1193]]
11:09:20 web.1  |   [1m[36m (0.3ms)[0m  [1mSELECT COUNT(*) FROM "personal_connections"  WHERE "personal_connections"."verb_id" = $1[0m  [["verb_id", 1093]]
11:09:20 web.1  |   [1m[35m (0.3ms)[0m  SELECT COUNT(*) FROM "personal_connections"  WHERE "personal_connections"."verb_id" = $1  [["verb_id", 4]]
11:09:20 web.1  |   [1m[36m (0.3ms)[0m  [1mSELECT COUNT(*) FROM "personal_connections"  WHERE "personal_connections"."verb_id" = $1[0m  [["verb_id", 807]]
11:09:20 web.1  |   [1m[35m (0.4ms)[0m  SELECT COUNT(*) FROM "personal_connections"  WHERE "personal_connections"."verb_id" = $1  [["verb_id", 812]]
11:09:20 web.1  |   [1m[36m (0.3ms)[0m  [1mSELECT COUNT(*) FROM "personal_connections"  WHERE "personal_connections"."verb_id" = $1[0m  [["verb_id", 1106]]
11:09:20 web.1  |   [1m[35m (0.3ms)[0m  SELECT COUNT(*) FROM "personal_connections"  WHERE "personal_connections"."verb_id" = $1  [["verb_id", 1493]]
11:09:20 web.1  |   [1m[36m (0.3ms)[0m  [1mSELECT COUNT(*) FROM "personal_connections"  WHERE "personal_connections"."verb_id" = $1[0m  [["verb_id", 1423]]
11:09:20 web.1  |   [1m[35m (0.4ms)[0m  SELECT COUNT(*) FROM "personal_connections"  WHERE "personal_connections"."verb_id" = $1  [["verb_id", 754]]
11:09:20 web.1  |   [1m[36m (0.3ms)[0m  [1mSELECT COUNT(*) FROM "personal_connections"  WHERE "personal_connections"."verb_id" = $1[0m  [["verb_id", 1324]]
11:09:20 web.1  |   [1m[35m (0.3ms)[0m  SELECT COUNT(*) FROM "personal_connections"  WHERE "personal_connections"."verb_id" = $1  [["verb_id", 1323]]
11:09:20 web.1  |   [1m[36m (0.3ms)[0m  [1mSELECT COUNT(*) FROM "personal_connections"  WHERE "personal_connections"."verb_id" = $1[0m  [["verb_id", 801]]
11:09:20 web.1  |   [1m[35m (0.3ms)[0m  SELECT COUNT(*) FROM "personal_connections"  WHERE "personal_connections"."verb_id" = $1  [["verb_id", 1444]]
11:09:20 web.1  |   [1m[36m (0.3ms)[0m  [1mSELECT COUNT(*) FROM "personal_connections"  WHERE "personal_connections"."verb_id" = $1[0m  [["verb_id", 759]]
11:09:20 web.1  |   [1m[35m (0.3ms)[0m  SELECT COUNT(*) FROM "personal_connections"  WHERE "personal_connections"."verb_id" = $1  [["verb_id", 26]]
11:09:20 web.1  |   [1m[36m (0.3ms)[0m  [1mSELECT COUNT(*) FROM "personal_connections"  WHERE "personal_connections"."verb_id" = $1[0m  [["verb_id", 889]]
11:09:20 web.1  |   [1m[35m (0.3ms)[0m  SELECT COUNT(*) FROM "personal_connections"  WHERE "personal_connections"."verb_id" = $1  [["verb_id", 827]]
11:09:20 web.1  |   [1m[36m (0.3ms)[0m  [1mSELECT COUNT(*) FROM "personal_connections"  WHERE "personal_connections"."verb_id" = $1[0m  [["verb_id", 903]]
11:09:20 web.1  |   [1m[35m (0.3ms)[0m  SELECT COUNT(*) FROM "personal_connections"  WHERE "personal_connections"."verb_id" = $1  [["verb_id", 828]]
11:09:20 web.1  |   [1m[36m (0.3ms)[0m  [1mSELECT COUNT(*) FROM "personal_connections"  WHERE "personal_connections"."verb_id" = $1[0m  [["verb_id", 1463]]
11:09:20 web.1  |   [1m[35m (0.3ms)[0m  SELECT COUNT(*) FROM "personal_connections"  WHERE "personal_connections"."verb_id" = $1  [["verb_id", 1284]]
11:09:20 web.1  |   [1m[36m (0.3ms)[0m  [1mSELECT COUNT(*) FROM "personal_connections"  WHERE "personal_connections"."verb_id" = $1[0m  [["verb_id", 939]]
11:09:20 web.1  |   [1m[35m (0.3ms)[0m  SELECT COUNT(*) FROM "personal_connections"  WHERE "personal_connections"."verb_id" = $1  [["verb_id", 1263]]
11:09:20 web.1  |   [1m[36m (0.3ms)[0m  [1mSELECT COUNT(*) FROM "personal_connections"  WHERE "personal_connections"."verb_id" = $1[0m  [["verb_id", 1132]]
11:09:20 web.1  |   [1m[35m (0.3ms)[0m  SELECT COUNT(*) FROM "personal_connections"  WHERE "personal_connections"."verb_id" = $1  [["verb_id", 153]]
11:09:20 web.1  |   [1m[36m (0.3ms)[0m  [1mSELECT COUNT(*) FROM "personal_connections"  WHERE "personal_connections"."verb_id" = $1[0m  [["verb_id", 1443]]
11:09:20 web.1  |   [1m[35m (0.3ms)[0m  SELECT COUNT(*) FROM "personal_connections"  WHERE "personal_connections"."verb_id" = $1  [["verb_id", 406]]
11:09:20 web.1  |   [1m[36m (0.3ms)[0m  [1mSELECT COUNT(*) FROM "personal_connections"  WHERE "personal_connections"."verb_id" = $1[0m  [["verb_id", 508]]
11:09:20 web.1  |   [1m[35m (0.3ms)[0m  SELECT COUNT(*) FROM "personal_connections"  WHERE "personal_connections"."verb_id" = $1  [["verb_id", 1224]]
11:09:20 web.1  |   [1m[36m (0.3ms)[0m  [1mSELECT COUNT(*) FROM "personal_connections"  WHERE "personal_connections"."verb_id" = $1[0m  [["verb_id", 1276]]
11:09:20 web.1  |   [1m[35m (0.3ms)[0m  SELECT COUNT(*) FROM "personal_connections"  WHERE "personal_connections"."verb_id" = $1  [["verb_id", 1274]]
11:09:20 web.1  |   [1m[36m (0.3ms)[0m  [1mSELECT COUNT(*) FROM "personal_connections"  WHERE "personal_connections"."verb_id" = $1[0m  [["verb_id", 1159]]
11:09:20 web.1  |   Rendered verbs/_verb.html.erb (9256.7ms)
11:09:20 web.1  |   Rendered verbs/index.html.erb within layouts/application (9344.2ms)
11:09:20 web.1  | Completed 200 OK in 9371ms (Views: 8637.9ms | ActiveRecord: 732.0ms)
11:09:20 web.1  | Oink Action: verbs#index
11:09:20 web.1  | Memory usage: 2638764 | PID: 40432
11:09:20 web.1  | Instantiation Breakdown: Total: 1126 | Verb: 1126
11:09:20 web.1  | Oink Log Entry Complete
11:09:21 web.1  | [40431] 127.0.0.1 - - [16/May/2015 11:09:21] "GET /verbs HTTP/1.0" 200 - 10.2249
11:09:21 web.1  | Started GET "/verbs" for 127.0.0.1 at 2015-05-16 11:09:21 +0100
11:09:21 web.1  | Processing by VerbsController#index as */*
11:09:21 web.1  | USERAGENT: /verbs ApacheBench/2.3
11:09:21 web.1  |   [1m[36mVerb Load (23.6ms)[0m  [1mSELECT "verbs".* FROM "verbs"   ORDER BY "verbs"."name" ASC[0m
11:09:21 web.1  |   [1m[35m (0.3ms)[0m  SELECT COUNT(*) FROM "personal_connections"  WHERE "personal_connections"."verb_id" = $1  [["verb_id", 687]]
11:09:21 web.1  |   [1m[36m (0.3ms)[0m  [1mSELECT COUNT(*) FROM "personal_connections"  WHERE "personal_connections"."verb_id" = $1[0m  [["verb_id", 1294]]
11:09:21 web.1  |   [1m[35m (0.3ms)[0m  SELECT COUNT(*) FROM "personal_connections"  WHERE "personal_connections"."verb_id" = $1  [["verb_id", 316]]
11:09:21 web.1  |   [1m[36m (0.3ms)[0m  [1mSELECT COUNT(*) FROM "personal_connections"  WHERE "personal_connections"."verb_id" = $1[0m  [["verb_id", 1158]]
11:09:21 web.1  |   [1m[35m (0.3ms)[0m  SELECT COUNT(*) FROM "personal_connections"  WHERE "personal_connections"."verb_id" = $1  [["verb_id", 1461]]
11:09:21 web.1  |   [1m[36m (0.3ms)[0m  [1mSELECT COUNT(*) FROM "personal_connections"  WHERE "personal_connections"."verb_id" = $1[0m  [["verb_id", 995]]
11:09:21 web.1  |   [1m[35m (0.3ms)[0m  SELECT COUNT(*) FROM "personal_connections"  WHERE "personal_connections"."verb_id" = $1  [["verb_id", 1176]]
11:09:21 web.1  |   [1m[36m (0.3ms)[0m  [1mSELECT COUNT(*) FROM "personal_connections"  WHERE "personal_connections"."verb_id" = $1[0m  [["verb_id", 1102]]
11:09:21 web.1  |   [1m[35m (0.3ms)[0m  SELECT COUNT(*) FROM "personal_connections"  WHERE "personal_connections"."verb_id" = $1  [["verb_id", 1028]]
11:09:21 web.1  |   [1m[36m (0.3ms)[0m  [1mSELECT COUNT(*) FROM "personal_connections"  WHERE "personal_connections"."verb_id" = $1[0m  [["verb_id", 1521]]
11:09:21 web.1  |   [1m[35m (0.3ms)[0m  SELECT COUNT(*) FROM "personal_connections"  WHERE "personal_connections"."verb_id" = $1  [["verb_id", 1582]]
11:09:21 web.1  |   [1m[36m (0.3ms)[0m  [1mSELECT COUNT(*) FROM "personal_connections"  WHERE "personal_connections"."verb_id" = $1[0m  [["verb_id", 695]]
11:09:21 web.1  |   [1m[35m (0.3ms)[0m  SELECT COUNT(*) FROM "personal_connections"  WHERE "personal_connections"."verb_id" = $1  [["verb_id", 618]]
11:09:21 web.1  |   [1m[36m (0.3ms)[0m  [1mSELECT COUNT(*) FROM "personal_connections"  WHERE "personal_connections"."verb_id" = $1[0m  [["verb_id", 972]]
11:09:21 web.1  |   [1m[35m (0.3ms)[0m  SELECT COUNT(*) FROM "personal_connections"  WHERE "personal_connections"."verb_id" = $1  [["verb_id", 943]]
11:09:21 web.1  |   [1m[36m (0.3ms)[0m  [1mSELECT COUNT(*) FROM "personal_connections"  WHERE "personal_connections"."verb_id" = $1[0m  [["verb_id", 1117]]
11:09:21 web.1  |   [1m[35m (0.3ms)[0m  SELECT COUNT(*) FROM "personal_connections"  WHERE "personal_connections"."verb_id" = $1  [["verb_id", 1353]]
11:09:21 web.1  |   [1m[36m (0.3ms)[0m  [1mSELECT COUNT(*) FROM "personal_connections"  WHERE "personal_connections"."verb_id" = $1[0m  [["verb_id", 941]]
11:09:21 web.1  |   [1m[35m (0.3ms)[0m  SELECT COUNT(*) FROM "personal_connections"  WHERE "personal_connections"."verb_id" = $1  [["verb_id", 1141]]
11:09:21 web.1  |   [1m[36m (0.7ms)[0m  [1mSELECT COUNT(*) FROM "personal_connections"  WHERE "personal_connections"."verb_id" = $1[0m  [["verb_id", 1217]]
11:09:21 web.1  |   [1m[35m (0.4ms)[0m  SELECT COUNT(*) FROM "personal_connections"  WHERE "personal_connections"."verb_id" = $1  [["verb_id", 1043]]
11:09:21 web.1  |   [1m[36m (0.3ms)[0m  [1mSELECT COUNT(*) FROM "personal_connections"  WHERE "personal_connections"."verb_id" = $1[0m  [["verb_id", 971]]
11:09:21 web.1  |   [1m[35m (0.3ms)[0m  SELECT COUNT(*) FROM "personal_connections"  WHERE "personal_connections"."verb_id" = $1  [["verb_id", 1282]]
11:09:21 web.1  |   [1m[36m (0.3ms)[0m  [1mSELECT COUNT(*) FROM "personal_connections"  WHERE "personal_connections"."verb_id" = $1[0m  [["verb_id", 767]]
11:09:21 web.1  |   [1m[35m (0.3ms)[0m  SELECT COUNT(*) FROM "personal_connections"  WHERE "personal_connections"."verb_id" = $1  [["verb_id", 530]]
11:09:21 web.1  |   [1m[36m (0.3ms)[0m  [1mSELECT COUNT(*) FROM "personal_connections"  WHERE "personal_connections"."verb_id" = $1[0m  [["verb_id", 886]]
11:09:21 web.1  |   [1m[35m (0.3ms)[0m  SELECT COUNT(*) FROM "personal_connections"  WHERE "personal_connections"."verb_id" = $1  [["verb_id", 1047]]
11:09:21 web.1  |   [1m[36m (0.3ms)[0m  [1mSELECT COUNT(*) FROM "personal_connections"  WHERE "personal_connections"."verb_id" = $1[0m  [["verb_id", 786]]
11:09:21 web.1  |   [1m[35m (0.3ms)[0m  SELECT COUNT(*) FROM "personal_connections"  WHERE "personal_connections"."verb_id" = $1  [["verb_id", 833]]
11:09:21 web.1  |   [1m[36m (0.3ms)[0m  [1mSELECT COUNT(*) FROM "personal_connections"  WHERE "personal_connections"."verb_id" = $1[0m  [["verb_id", 1345]]
11:09:21 web.1  |   [1m[35m (0.3ms)[0m  SELECT COUNT(*) FROM "personal_connections"  WHERE "personal_connections"."verb_id" = $1  [["verb_id", 793]]
11:09:21 web.1  |   [1m[36m (0.3ms)[0m  [1mSELECT COUNT(*) FROM "personal_connections"  WHERE "personal_connections"."verb_id" = $1[0m  [["verb_id", 702]]
11:09:21 web.1  |   [1m[35m (0.3ms)[0m  SELECT COUNT(*) FROM "personal_connections"  WHERE "personal_connections"."verb_id" = $1  [["verb_id", 50]]
11:09:21 web.1  |   [1m[36m (0.3ms)[0m  [1mSELECT COUNT(*) FROM "personal_connections"  WHERE "personal_connections"."verb_id" = $1[0m  [["verb_id", 394]]
11:09:21 web.1  |   [1m[35m (0.3ms)[0m  SELECT COUNT(*) FROM "personal_connections"  WHERE "personal_connections"."verb_id" = $1  [["verb_id", 526]]
11:09:21 web.1  |   [1m[36m (0.4ms)[0m  [1mSELECT COUNT(*) FROM "personal_connections"  WHERE "personal_connections"."verb_id" = $1[0m  [["verb_id", 1551]]
11:09:21 web.1  |   [1m[35m (0.3ms)[0m  SELECT COUNT(*) FROM "personal_connections"  WHERE "personal_connections"."verb_id" = $1  [["verb_id", 1254]]
11:09:21 web.1  |   [1m[36m (0.3ms)[0m  [1mSELECT COUNT(*) FROM "personal_connections"  WHERE "personal_connections"."verb_id" = $1[0m  [["verb_id", 1489]]
11:09:21 web.1  |   [1m[35m (0.3ms)[0m  SELECT COUNT(*) FROM "personal_connections"  WHERE "personal_connections"."verb_id" = $1  [["verb_id", 21]]
11:09:21 web.1  |   [1m[36m (0.3ms)[0m  [1mSELECT COUNT(*) FROM "personal_connections"  WHERE "personal_connections"."verb_id" = $1[0m  [["verb_id", 935]]
11:09:21 web.1  |   [1m[35m (0.3ms)[0m  SELECT COUNT(*) FROM "personal_connections"  WHERE "personal_connections"."verb_id" = $1  [["verb_id", 1370]]
11:09:21 web.1  |   [1m[36m (0.3ms)[0m  [1mSELECT COUNT(*) FROM "personal_connections"  WHERE "personal_connections"."verb_id" = $1[0m  [["verb_id", 398]]
11:09:21 web.1  |   [1m[35m (0.3ms)[0m  SELECT COUNT(*) FROM "personal_connections"  WHERE "personal_connections"."verb_id" = $1  [["verb_id", 58]]
11:09:21 web.1  |   [1m[36m (0.4ms)[0m  [1mSELECT COUNT(*) FROM "personal_connections"  WHERE "personal_connections"."verb_id" = $1[0m  [["verb_id", 177]]
11:09:21 web.1  |   [1m[35m (0.3ms)[0m  SELECT COUNT(*) FROM "personal_connections"  WHERE "personal_connections"."verb_id" = $1  [["verb_id", 582]]
11:09:21 web.1  |   [1m[36m (0.3ms)[0m  [1mSELECT COUNT(*) FROM "personal_connections"  WHERE "personal_connections"."verb_id" = $1[0m  [["verb_id", 1280]]
11:09:21 web.1  |   [1m[35m (0.3ms)[0m  SELECT COUNT(*) FROM "personal_connections"  WHERE "personal_connections"."verb_id" = $1  [["verb_id", 1148]]
11:09:21 web.1  |   [1m[36m (0.3ms)[0m  [1mSELECT COUNT(*) FROM "personal_connections"  WHERE "personal_connections"."verb_id" = $1[0m  [["verb_id", 354]]
11:09:21 web.1  |   [1m[35m (0.3ms)[0m  SELECT COUNT(*) FROM "personal_connections"  WHERE "personal_connections"."verb_id" = $1  [["verb_id", 857]]
11:09:21 web.1  |   [1m[36m (0.3ms)[0m  [1mSELECT COUNT(*) FROM "personal_connections"  WHERE "personal_connections"."verb_id" = $1[0m  [["verb_id", 1119]]
11:09:21 web.1  |   [1m[35m (0.3ms)[0m  SELECT COUNT(*) FROM "personal_connections"  WHERE "personal_connections"."verb_id" = $1  [["verb_id", 865]]
11:09:21 web.1  |   [1m[36m (0.3ms)[0m  [1mSELECT COUNT(*) FROM "personal_connections"  WHERE "personal_connections"."verb_id" = $1[0m  [["verb_id", 841]]
11:09:21 web.1  |   [1m[35m (0.3ms)[0m  SELECT COUNT(*) FROM "personal_connections"  WHERE "personal_connections"."verb_id" = $1  [["verb_id", 1297]]
11:09:21 web.1  |   [1m[36m (0.3ms)[0m  [1mSELECT COUNT(*) FROM "personal_connections"  WHERE "personal_connections"."verb_id" = $1[0m  [["verb_id", 1529]]
11:09:21 web.1  |   [1m[35m (0.3ms)[0m  SELECT COUNT(*) FROM "personal_connections"  WHERE "personal_connections"."verb_id" = $1  [["verb_id", 55]]
11:09:21 web.1  |   [1m[36m (0.3ms)[0m  [1mSELECT COUNT(*) FROM "personal_connections"  WHERE "personal_connections"."verb_id" = $1[0m  [["verb_id", 181]]
11:09:21 web.1  |   [1m[35m (0.3ms)[0m  SELECT COUNT(*) FROM "personal_connections"  WHERE "personal_connections"."verb_id" = $1  [["verb_id", 402]]
11:09:21 web.1  |   [1m[36m (0.3ms)[0m  [1mSELECT COUNT(*) FROM "personal_connections"  WHERE "personal_connections"."verb_id" = $1[0m  [["verb_id", 1488]]
11:09:21 web.1  |   [1m[35m (0.3ms)[0m  SELECT COUNT(*) FROM "personal_connections"  WHERE "personal_connections"."verb_id" = $1  [["verb_id", 404]]
11:09:21 web.1  |   [1m[36m (0.3ms)[0m  [1mSELECT COUNT(*) FROM "personal_connections"  WHERE "personal_connections"."verb_id" = $1[0m  [["verb_id", 338]]
11:09:21 web.1  |   [1m[35m (0.3ms)[0m  SELECT COUNT(*) FROM "personal_connections"  WHERE "personal_connections"."verb_id" = $1  [["verb_id", 919]]
11:09:21 web.1  |   [1m[36m (0.3ms)[0m  [1mSELECT COUNT(*) FROM "personal_connections"  WHERE "personal_connections"."verb_id" = $1[0m  [["verb_id", 1112]]
11:09:21 web.1  |   [1m[35m (0.3ms)[0m  SELECT COUNT(*) FROM "personal_connections"  WHERE "personal_connections"."verb_id" = $1  [["verb_id", 785]]
11:09:21 web.1  |   [1m[36m (0.3ms)[0m  [1mSELECT COUNT(*) FROM "personal_connections"  WHERE "personal_connections"."verb_id" = $1[0m  [["verb_id", 658]]
11:09:21 web.1  |   [1m[35m (0.4ms)[0m  SELECT COUNT(*) FROM "personal_connections"  WHERE "personal_connections"."verb_id" = $1  [["verb_id", 320]]
11:09:21 web.1  |   [1m[36m (0.3ms)[0m  [1mSELECT COUNT(*) FROM "personal_connections"  WHERE "personal_connections"."verb_id" = $1[0m  [["verb_id", 1255]]
11:09:21 web.1  |   [1m[35m (0.3ms)[0m  SELECT COUNT(*) FROM "personal_connections"  WHERE "personal_connections"."verb_id" = $1  [["verb_id", 787]]
11:09:21 web.1  |   [1m[36m (0.3ms)[0m  [1mSELECT COUNT(*) FROM "personal_connections"  WHERE "personal_connections"."verb_id" = $1[0m  [["verb_id", 1257]]
11:09:21 web.1  |   [1m[35m (0.4ms)[0m  SELECT COUNT(*) FROM "personal_connections"  WHERE "personal_connections"."verb_id" = $1  [["verb_id", 121]]
11:09:21 web.1  |   [1m[36m (0.3ms)[0m  [1mSELECT COUNT(*) FROM "personal_connections"  WHERE "personal_connections"."verb_id" = $1[0m  [["verb_id", 1144]]
11:09:21 web.1  |   [1m[35m (0.3ms)[0m  SELECT COUNT(*) FROM "personal_connections"  WHERE "personal_connections"."verb_id" = $1  [["verb_id", 1143]]
11:09:21 web.1  |   [1m[36m (0.3ms)[0m  [1mSELECT COUNT(*) FROM "personal_connections"  WHERE "personal_connections"."verb_id" = $1[0m  [["verb_id", 1554]]
11:09:21 web.1  |   [1m[35m (0.3ms)[0m  SELECT COUNT(*) FROM "personal_connections"  WHERE "personal_connections"."verb_id" = $1  [["verb_id", 1299]]
11:09:21 web.1  |   [1m[36m (0.3ms)[0m  [1mSELECT COUNT(*) FROM "personal_connections"  WHERE "personal_connections"."verb_id" = $1[0m  [["verb_id", 768]]
11:09:21 web.1  |   [1m[35m (0.6ms)[0m  SELECT COUNT(*) FROM "personal_connections"  WHERE "personal_connections"."verb_id" = $1  [["verb_id", 725]]
11:09:21 web.1  |   [1m[36m (0.3ms)[0m  [1mSELECT COUNT(*) FROM "personal_connections"  WHERE "personal_connections"."verb_id" = $1[0m  [["verb_id", 1394]]
11:09:21 web.1  |   [1m[35m (0.3ms)[0m  SELECT COUNT(*) FROM "personal_connections"  WHERE "personal_connections"."verb_id" = $1  [["verb_id", 1201]]
11:09:21 web.1  |   [1m[36m (0.3ms)[0m  [1mSELECT COUNT(*) FROM "personal_connections"  WHERE "personal_connections"."verb_id" = $1[0m  [["verb_id", 610]]
11:09:21 web.1  |   [1m[35m (0.3ms)[0m  SELECT COUNT(*) FROM "personal_connections"  WHERE "personal_connections"."verb_id" = $1  [["verb_id", 1539]]
11:09:21 web.1  |   [1m[36m (0.3ms)[0m  [1mSELECT COUNT(*) FROM "personal_connections"  WHERE "personal_connections"."verb_id" = $1[0m  [["verb_id", 1405]]
11:09:21 web.1  |   [1m[35m (0.4ms)[0m  SELECT COUNT(*) FROM "personal_connections"  WHERE "personal_connections"."verb_id" = $1  [["verb_id", 1379]]
11:09:21 web.1  |   [1m[36m (0.5ms)[0m  [1mSELECT COUNT(*) FROM "personal_connections"  WHERE "personal_connections"."verb_id" = $1[0m  [["verb_id", 238]]
11:09:21 web.1  |   [1m[35m (0.4ms)[0m  SELECT COUNT(*) FROM "personal_connections"  WHERE "personal_connections"."verb_id" = $1  [["verb_id", 1425]]
11:09:21 web.1  |   [1m[36m (0.4ms)[0m  [1mSELECT COUNT(*) FROM "personal_connections"  WHERE "personal_connections"."verb_id" = $1[0m  [["verb_id", 1484]]
11:09:21 web.1  |   [1m[35m (0.3ms)[0m  SELECT COUNT(*) FROM "personal_connections"  WHERE "personal_connections"."verb_id" = $1  [["verb_id", 792]]
11:09:21 web.1  | [40432] 127.0.0.1 - - [16/May/2015 11:09:21] "GET /verbs HTTP/1.0" 200 - 10.5229
11:09:21 web.1  |   [1m[36m (0.3ms)[0m  [1mSELECT COUNT(*) FROM "personal_connections"  WHERE "personal_connections"."verb_id" = $1[0m  [["verb_id", 1431]]
11:09:21 web.1  |   [1m[35m (0.3ms)[0m  SELECT COUNT(*) FROM "personal_connections"  WHERE "personal_connections"."verb_id" = $1  [["verb_id", 761]]
11:09:21 web.1  |   [1m[36m (0.3ms)[0m  [1mSELECT COUNT(*) FROM "personal_connections"  WHERE "personal_connections"."verb_id" = $1[0m  [["verb_id", 1038]]
11:09:21 web.1  |   [1m[35m (0.3ms)[0m  SELECT COUNT(*) FROM "personal_connections"  WHERE "personal_connections"."verb_id" = $1  [["verb_id", 1278]]
11:09:21 web.1  |   [1m[36m (0.3ms)[0m  [1mSELECT COUNT(*) FROM "personal_connections"  WHERE "personal_connections"."verb_id" = $1[0m  [["verb_id", 1016]]
11:09:21 web.1  |   [1m[35m (0.3ms)[0m  SELECT COUNT(*) FROM "personal_connections"  WHERE "personal_connections"."verb_id" = $1  [["verb_id", 815]]
11:09:21 web.1  |   [1m[36m (0.3ms)[0m  [1mSELECT COUNT(*) FROM "personal_connections"  WHERE "personal_connections"."verb_id" = $1[0m  [["verb_id", 1476]]
11:09:21 web.1  |   [1m[35m (0.3ms)[0m  SELECT COUNT(*) FROM "personal_connections"  WHERE "personal_connections"."verb_id" = $1  [["verb_id", 665]]
11:09:21 web.1  |   [1m[36m (0.3ms)[0m  [1mSELECT COUNT(*) FROM "personal_connections"  WHERE "personal_connections"."verb_id" = $1[0m  [["verb_id", 1477]]
11:09:21 web.1  |   [1m[35m (0.3ms)[0m  SELECT COUNT(*) FROM "personal_connections"  WHERE "personal_connections"."verb_id" = $1  [["verb_id", 1026]]
11:09:21 web.1  |   [1m[36m (0.3ms)[0m  [1mSELECT COUNT(*) FROM "personal_connections"  WHERE "personal_connections"."verb_id" = $1[0m  [["verb_id", 1042]]
11:09:21 web.1  |   [1m[35m (0.3ms)[0m  SELECT COUNT(*) FROM "personal_connections"  WHERE "personal_connections"."verb_id" = $1  [["verb_id", 724]]
11:09:21 web.1  |   [1m[36m (0.3ms)[0m  [1mSELECT COUNT(*) FROM "personal_connections"  WHERE "personal_connections"."verb_id" = $1[0m  [["verb_id", 1558]]
11:09:21 web.1  |   [1m[35m (0.3ms)[0m  SELECT COUNT(*) FROM "personal_connections"  WHERE "personal_connections"."verb_id" = $1  [["verb_id", 213]]
11:09:21 web.1  |   [1m[36m (0.4ms)[0m  [1mSELECT COUNT(*) FROM "personal_connections"  WHERE "personal_connections"."verb_id" = $1[0m  [["verb_id", 1474]]
11:09:21 web.1  |   [1m[35m (0.3ms)[0m  SELECT COUNT(*) FROM "personal_connections"  WHERE "personal_connections"."verb_id" = $1  [["verb_id", 1245]]
11:09:21 web.1  |   [1m[36m (0.3ms)[0m  [1mSELECT COUNT(*) FROM "personal_connections"  WHERE "personal_connections"."verb_id" = $1[0m  [["verb_id", 476]]
11:09:21 web.1  |   [1m[35m (0.4ms)[0m  SELECT COUNT(*) FROM "personal_connections"  WHERE "personal_connections"."verb_id" = $1  [["verb_id", 1167]]
11:09:21 web.1  |   [1m[36m (0.4ms)[0m  [1mSELECT COUNT(*) FROM "personal_connections"  WHERE "personal_connections"."verb_id" = $1[0m  [["verb_id", 756]]
11:09:21 web.1  |   [1m[35m (0.3ms)[0m  SELECT COUNT(*) FROM "personal_connections"  WHERE "personal_connections"."verb_id" = $1  [["verb_id", 1313]]
11:09:21 web.1  |   [1m[36m (0.3ms)[0m  [1mSELECT COUNT(*) FROM "personal_connections"  WHERE "personal_connections"."verb_id" = $1[0m  [["verb_id", 1415]]
11:09:21 web.1  |   [1m[35m (0.3ms)[0m  SELECT COUNT(*) FROM "personal_connections"  WHERE "personal_connections"."verb_id" = $1  [["verb_id", 1327]]
11:09:21 web.1  |   [1m[36m (0.3ms)[0m  [1mSELECT COUNT(*) FROM "personal_connections"  WHERE "personal_connections"."verb_id" = $1[0m  [["verb_id", 1084]]
11:09:21 web.1  |   [1m[35m (0.3ms)[0m  SELECT COUNT(*) FROM "personal_connections"  WHERE "personal_connections"."verb_id" = $1  [["verb_id", 1242]]
11:09:21 web.1  |   [1m[36m (0.3ms)[0m  [1mSELECT COUNT(*) FROM "personal_connections"  WHERE "personal_connections"."verb_id" = $1[0m  [["verb_id", 1430]]
11:09:21 web.1  |   [1m[35m (0.3ms)[0m  SELECT COUNT(*) FROM "personal_connections"  WHERE "personal_connections"."verb_id" = $1  [["verb_id", 791]]
11:09:21 web.1  |   [1m[36m (0.4ms)[0m  [1mSELECT COUNT(*) FROM "personal_connections"  WHERE "personal_connections"."verb_id" = $1[0m  [["verb_id", 1448]]
11:09:21 web.1  |   [1m[35m (0.3ms)[0m  SELECT COUNT(*) FROM "personal_connections"  WHERE "personal_connections"."verb_id" = $1  [["verb_id", 598]]
11:09:21 web.1  |   [1m[36m (0.3ms)[0m  [1mSELECT COUNT(*) FROM "personal_connections"  WHERE "personal_connections"."verb_id" = $1[0m  [["verb_id", 494]]
11:09:21 web.1  |   [1m[35m (0.3ms)[0m  SELECT COUNT(*) FROM "personal_connections"  WHERE "personal_connections"."verb_id" = $1  [["verb_id", 1226]]
11:09:21 web.1  |   [1m[36m (0.3ms)[0m  [1mSELECT COUNT(*) FROM "personal_connections"  WHERE "personal_connections"."verb_id" = $1[0m  [["verb_id", 388]]
11:09:21 web.1  |   [1m[35m (0.3ms)[0m  SELECT COUNT(*) FROM "personal_connections"  WHERE "personal_connections"."verb_id" = $1  [["verb_id", 1322]]
11:09:21 web.1  |   [1m[36m (0.3ms)[0m  [1mSELECT COUNT(*) FROM "personal_connections"  WHERE "personal_connections"."verb_id" = $1[0m  [["verb_id", 1247]]
11:09:21 web.1  |   [1m[35m (0.3ms)[0m  SELECT COUNT(*) FROM "personal_connections"  WHERE "personal_connections"."verb_id" = $1  [["verb_id", 1319]]
11:09:21 web.1  |   [1m[36m (0.3ms)[0m  [1mSELECT COUNT(*) FROM "personal_connections"  WHERE "personal_connections"."verb_id" = $1[0m  [["verb_id", 1081]]
11:09:21 web.1  |   [1m[35m (0.3ms)[0m  SELECT COUNT(*) FROM "personal_connections"  WHERE "personal_connections"."verb_id" = $1  [["verb_id", 312]]
11:09:21 web.1  |   [1m[36m (0.3ms)[0m  [1mSELECT COUNT(*) FROM "personal_connections"  WHERE "personal_connections"."verb_id" = $1[0m  [["verb_id", 1027]]
11:09:21 web.1  |   [1m[35m (0.3ms)[0m  SELECT COUNT(*) FROM "personal_connections"  WHERE "personal_connections"."verb_id" = $1  [["verb_id", 940]]
11:09:21 web.1  |   [1m[36m (0.3ms)[0m  [1mSELECT COUNT(*) FROM "personal_connections"  WHERE "personal_connections"."verb_id" = $1[0m  [["verb_id", 1320]]
11:09:21 web.1  |   [1m[35m (0.3ms)[0m  SELECT COUNT(*) FROM "personal_connections"  WHERE "personal_connections"."verb_id" = $1  [["verb_id", 1157]]
11:09:21 web.1  |   [1m[36m (0.3ms)[0m  [1mSELECT COUNT(*) FROM "personal_connections"  WHERE "personal_connections"."verb_id" = $1[0m  [["verb_id", 1243]]
11:09:21 web.1  |   [1m[35m (0.3ms)[0m  SELECT COUNT(*) FROM "personal_connections"  WHERE "personal_connections"."verb_id" = $1  [["verb_id", 936]]
11:09:21 web.1  |   [1m[36m (0.3ms)[0m  [1mSELECT COUNT(*) FROM "personal_connections"  WHERE "personal_connections"."verb_id" = $1[0m  [["verb_id", 1392]]
11:09:22 web.1  |   [1m[35m (0.3ms)[0m  SELECT COUNT(*) FROM "personal_connections"  WHERE "personal_connections"."verb_id" = $1  [["verb_id", 977]]
11:09:22 web.1  |   [1m[36m (0.3ms)[0m  [1mSELECT COUNT(*) FROM "personal_connections"  WHERE "personal_connections"."verb_id" = $1[0m  [["verb_id", 45]]
11:09:22 web.1  |   [1m[35m (0.3ms)[0m  SELECT COUNT(*) FROM "personal_connections"  WHERE "personal_connections"."verb_id" = $1  [["verb_id", 418]]
11:09:22 web.1  |   [1m[36m (0.3ms)[0m  [1mSELECT COUNT(*) FROM "personal_connections"  WHERE "personal_connections"."verb_id" = $1[0m  [["verb_id", 1268]]
11:09:22 web.1  |   [1m[35m (0.3ms)[0m  SELECT COUNT(*) FROM "personal_connections"  WHERE "personal_connections"."verb_id" = $1  [["verb_id", 1121]]
11:09:22 web.1  |   [1m[36m (0.3ms)[0m  [1mSELECT COUNT(*) FROM "personal_connections"  WHERE "personal_connections"."verb_id" = $1[0m  [["verb_id", 1570]]
11:09:22 web.1  |   [1m[35m (0.3ms)[0m  SELECT COUNT(*) FROM "personal_connections"  WHERE "personal_connections"."verb_id" = $1  [["verb_id", 1583]]
11:09:22 web.1  |   [1m[36m (0.4ms)[0m  [1mSELECT COUNT(*) FROM "personal_connections"  WHERE "personal_connections"."verb_id" = $1[0m  [["verb_id", 1531]]
11:09:22 web.1  |   [1m[35m (1.7ms)[0m  SELECT COUNT(*) FROM "personal_connections"  WHERE "personal_connections"."verb_id" = $1  [["verb_id", 1561]]
11:09:22 web.1  |   [1m[36m (0.3ms)[0m  [1mSELECT COUNT(*) FROM "personal_connections"  WHERE "personal_connections"."verb_id" = $1[0m  [["verb_id", 1473]]
11:09:22 web.1  |   [1m[35m (0.3ms)[0m  SELECT COUNT(*) FROM "personal_connections"  WHERE "personal_connections"."verb_id" = $1  [["verb_id", 1339]]
11:09:22 web.1  |   [1m[36m (0.3ms)[0m  [1mSELECT COUNT(*) FROM "personal_connections"  WHERE "personal_connections"."verb_id" = $1[0m  [["verb_id", 1455]]
11:09:22 web.1  |   [1m[35m (0.3ms)[0m  SELECT COUNT(*) FROM "personal_connections"  WHERE "personal_connections"."verb_id" = $1  [["verb_id", 1252]]
11:09:22 web.1  |   [1m[36m (0.3ms)[0m  [1mSELECT COUNT(*) FROM "personal_connections"  WHERE "personal_connections"."verb_id" = $1[0m  [["verb_id", 1087]]
11:09:22 web.1  |   [1m[35m (0.3ms)[0m  SELECT COUNT(*) FROM "personal_connections"  WHERE "personal_connections"."verb_id" = $1  [["verb_id", 769]]
11:09:22 web.1  |   [1m[36m (0.3ms)[0m  [1mSELECT COUNT(*) FROM "personal_connections"  WHERE "personal_connections"."verb_id" = $1[0m  [["verb_id", 720]]
11:09:22 web.1  |   [1m[35m (0.4ms)[0m  SELECT COUNT(*) FROM "personal_connections"  WHERE "personal_connections"."verb_id" = $1  [["verb_id", 157]]
11:09:22 web.1  |   [1m[36m (0.3ms)[0m  [1mSELECT COUNT(*) FROM "personal_connections"  WHERE "personal_connections"."verb_id" = $1[0m  [["verb_id", 1397]]
11:09:22 web.1  |   [1m[35m (0.3ms)[0m  SELECT COUNT(*) FROM "personal_connections"  WHERE "personal_connections"."verb_id" = $1  [["verb_id", 1432]]
11:09:22 web.1  |   [1m[36m (0.3ms)[0m  [1mSELECT COUNT(*) FROM "personal_connections"  WHERE "personal_connections"."verb_id" = $1[0m  [["verb_id", 1429]]
11:09:22 web.1  |   [1m[35m (0.3ms)[0m  SELECT COUNT(*) FROM "personal_connections"  WHERE "personal_connections"."verb_id" = $1  [["verb_id", 1567]]
11:09:22 web.1  |   [1m[36m (0.3ms)[0m  [1mSELECT COUNT(*) FROM "personal_connections"  WHERE "personal_connections"."verb_id" = $1[0m  [["verb_id", 1581]]
11:09:22 web.1  |   [1m[35m (0.4ms)[0m  SELECT COUNT(*) FROM "personal_connections"  WHERE "personal_connections"."verb_id" = $1  [["verb_id", 1580]]
11:09:22 web.1  |   [1m[36m (0.3ms)[0m  [1mSELECT COUNT(*) FROM "personal_connections"  WHERE "personal_connections"."verb_id" = $1[0m  [["verb_id", 795]]
11:09:22 web.1  |   [1m[35m (0.3ms)[0m  SELECT COUNT(*) FROM "personal_connections"  WHERE "personal_connections"."verb_id" = $1  [["verb_id", 1091]]
11:09:22 web.1  |   [1m[36m (0.4ms)[0m  [1mSELECT COUNT(*) FROM "personal_connections"  WHERE "personal_connections"."verb_id" = $1[0m  [["verb_id", 290]]
11:09:22 web.1  |   [1m[35m (0.4ms)[0m  SELECT COUNT(*) FROM "personal_connections"  WHERE "personal_connections"."verb_id" = $1  [["verb_id", 860]]
11:09:22 web.1  |   [1m[36m (0.4ms)[0m  [1mSELECT COUNT(*) FROM "personal_connections"  WHERE "personal_connections"."verb_id" = $1[0m  [["verb_id", 830]]
11:09:22 web.1  |   [1m[35m (0.3ms)[0m  SELECT COUNT(*) FROM "personal_connections"  WHERE "personal_connections"."verb_id" = $1  [["verb_id", 1196]]
11:09:22 web.1  |   [1m[36m (0.3ms)[0m  [1mSELECT COUNT(*) FROM "personal_connections"  WHERE "personal_connections"."verb_id" = $1[0m  [["verb_id", 318]]
11:09:22 web.1  |   [1m[35m (0.4ms)[0m  SELECT COUNT(*) FROM "personal_connections"  WHERE "personal_connections"."verb_id" = $1  [["verb_id", 374]]
11:09:22 web.1  |   [1m[36m (0.3ms)[0m  [1mSELECT COUNT(*) FROM "personal_connections"  WHERE "personal_connections"."verb_id" = $1[0m  [["verb_id", 984]]
11:09:22 web.1  |   [1m[35m (0.4ms)[0m  SELECT COUNT(*) FROM "personal_connections"  WHERE "personal_connections"."verb_id" = $1  [["verb_id", 1391]]
11:09:22 web.1  |   [1m[36m (0.3ms)[0m  [1mSELECT COUNT(*) FROM "personal_connections"  WHERE "personal_connections"."verb_id" = $1[0m  [["verb_id", 270]]
11:09:22 web.1  |   [1m[35m (0.3ms)[0m  SELECT COUNT(*) FROM "personal_connections"  WHERE "personal_connections"."verb_id" = $1  [["verb_id", 428]]
11:09:22 web.1  |   [1m[36m (0.4ms)[0m  [1mSELECT COUNT(*) FROM "personal_connections"  WHERE "personal_connections"."verb_id" = $1[0m  [["verb_id", 1131]]
11:09:22 web.1  |   [1m[35m (0.3ms)[0m  SELECT COUNT(*) FROM "personal_connections"  WHERE "personal_connections"."verb_id" = $1  [["verb_id", 1352]]
11:09:22 web.1  |   [1m[36m (0.4ms)[0m  [1mSELECT COUNT(*) FROM "personal_connections"  WHERE "personal_connections"."verb_id" = $1[0m  [["verb_id", 1568]]
11:09:22 web.1  |   [1m[35m (0.4ms)[0m  SELECT COUNT(*) FROM "personal_connections"  WHERE "personal_connections"."verb_id" = $1  [["verb_id", 978]]
11:09:22 web.1  |   [1m[36m (0.3ms)[0m  [1mSELECT COUNT(*) FROM "personal_connections"  WHERE "personal_connections"."verb_id" = $1[0m  [["verb_id", 1559]]
11:09:22 web.1  |   [1m[35m (0.3ms)[0m  SELECT COUNT(*) FROM "personal_connections"  WHERE "personal_connections"."verb_id" = $1  [["verb_id", 1361]]
11:09:22 web.1  |   [1m[36m (0.3ms)[0m  [1mSELECT COUNT(*) FROM "personal_connections"  WHERE "personal_connections"."verb_id" = $1[0m  [["verb_id", 1364]]
11:09:22 web.1  |   [1m[35m (0.4ms)[0m  SELECT COUNT(*) FROM "personal_connections"  WHERE "personal_connections"."verb_id" = $1  [["verb_id", 1378]]
11:09:22 web.1  |   [1m[36m (0.3ms)[0m  [1mSELECT COUNT(*) FROM "personal_connections"  WHERE "personal_connections"."verb_id" = $1[0m  [["verb_id", 358]]
11:09:22 web.1  |   [1m[35m (0.3ms)[0m  SELECT COUNT(*) FROM "personal_connections"  WHERE "personal_connections"."verb_id" = $1  [["verb_id", 89]]
11:09:22 web.1  |   [1m[36m (0.3ms)[0m  [1mSELECT COUNT(*) FROM "personal_connections"  WHERE "personal_connections"."verb_id" = $1[0m  [["verb_id", 1341]]
11:09:22 web.1  |   [1m[35m (0.3ms)[0m  SELECT COUNT(*) FROM "personal_connections"  WHERE "personal_connections"."verb_id" = $1  [["verb_id", 500]]
11:09:22 web.1  |   [1m[36m (0.3ms)[0m  [1mSELECT COUNT(*) FROM "personal_connections"  WHERE "personal_connections"."verb_id" = $1[0m  [["verb_id", 1579]]
11:09:22 web.1  |   [1m[35m (0.3ms)[0m  SELECT COUNT(*) FROM "personal_connections"  WHERE "personal_connections"."verb_id" = $1  [["verb_id", 68]]
11:09:22 web.1  |   [1m[36m (0.4ms)[0m  [1mSELECT COUNT(*) FROM "personal_connections"  WHERE "personal_connections"."verb_id" = $1[0m  [["verb_id", 867]]
11:09:22 web.1  |   [1m[35m (0.3ms)[0m  SELECT COUNT(*) FROM "personal_connections"  WHERE "personal_connections"."verb_id" = $1  [["verb_id", 1023]]
11:09:22 web.1  |   [1m[36m (0.3ms)[0m  [1mSELECT COUNT(*) FROM "personal_connections"  WHERE "personal_connections"."verb_id" = $1[0m  [["verb_id", 1453]]
11:09:22 web.1  |   [1m[35m (0.3ms)[0m  SELECT COUNT(*) FROM "personal_connections"  WHERE "personal_connections"."verb_id" = $1  [["verb_id", 1326]]
11:09:22 web.1  |   [1m[36m (0.3ms)[0m  [1mSELECT COUNT(*) FROM "personal_connections"  WHERE "personal_connections"."verb_id" = $1[0m  [["verb_id", 1007]]
11:09:22 web.1  |   [1m[35m (0.3ms)[0m  SELECT COUNT(*) FROM "personal_connections"  WHERE "personal_connections"."verb_id" = $1  [["verb_id", 578]]
11:09:22 web.1  |   [1m[36m (0.3ms)[0m  [1mSELECT COUNT(*) FROM "personal_connections"  WHERE "personal_connections"."verb_id" = $1[0m  [["verb_id", 966]]
11:09:22 web.1  |   [1m[35m (0.3ms)[0m  SELECT COUNT(*) FROM "personal_connections"  WHERE "personal_connections"."verb_id" = $1  [["verb_id", 836]]
11:09:22 web.1  |   [1m[36m (0.3ms)[0m  [1mSELECT COUNT(*) FROM "personal_connections"  WHERE "personal_connections"."verb_id" = $1[0m  [["verb_id", 1407]]
11:09:22 web.1  |   [1m[35m (0.3ms)[0m  SELECT COUNT(*) FROM "personal_connections"  WHERE "personal_connections"."verb_id" = $1  [["verb_id", 1526]]
11:09:22 web.1  |   [1m[36m (0.3ms)[0m  [1mSELECT COUNT(*) FROM "personal_connections"  WHERE "personal_connections"."verb_id" = $1[0m  [["verb_id", 1457]]
11:09:22 web.1  |   [1m[35m (0.3ms)[0m  SELECT COUNT(*) FROM "personal_connections"  WHERE "personal_connections"."verb_id" = $1  [["verb_id", 1215]]
11:09:22 web.1  |   [1m[36m (0.3ms)[0m  [1mSELECT COUNT(*) FROM "personal_connections"  WHERE "personal_connections"."verb_id" = $1[0m  [["verb_id", 667]]
11:09:22 web.1  |   [1m[35m (0.3ms)[0m  SELECT COUNT(*) FROM "personal_connections"  WHERE "personal_connections"."verb_id" = $1  [["verb_id", 1086]]
11:09:22 web.1  |   [1m[36m (0.3ms)[0m  [1mSELECT COUNT(*) FROM "personal_connections"  WHERE "personal_connections"."verb_id" = $1[0m  [["verb_id", 1076]]
11:09:22 web.1  |   [1m[35m (0.3ms)[0m  SELECT COUNT(*) FROM "personal_connections"  WHERE "personal_connections"."verb_id" = $1  [["verb_id", 1292]]
11:09:22 web.1  |   [1m[36m (0.3ms)[0m  [1mSELECT COUNT(*) FROM "personal_connections"  WHERE "personal_connections"."verb_id" = $1[0m  [["verb_id", 1451]]
11:09:22 web.1  |   [1m[35m (0.3ms)[0m  SELECT COUNT(*) FROM "personal_connections"  WHERE "personal_connections"."verb_id" = $1  [["verb_id", 967]]
11:09:22 web.1  |   [1m[36m (0.4ms)[0m  [1mSELECT COUNT(*) FROM "personal_connections"  WHERE "personal_connections"."verb_id" = $1[0m  [["verb_id", 1553]]
11:09:22 web.1  |   [1m[35m (0.3ms)[0m  SELECT COUNT(*) FROM "personal_connections"  WHERE "personal_connections"."verb_id" = $1  [["verb_id", 20]]
11:09:22 web.1  |   [1m[36m (0.3ms)[0m  [1mSELECT COUNT(*) FROM "personal_connections"  WHERE "personal_connections"."verb_id" = $1[0m  [["verb_id", 895]]
11:09:22 web.1  |   [1m[35m (0.3ms)[0m  SELECT COUNT(*) FROM "personal_connections"  WHERE "personal_connections"."verb_id" = $1  [["verb_id", 1422]]
11:09:22 web.1  |   [1m[36m (0.3ms)[0m  [1mSELECT COUNT(*) FROM "personal_connections"  WHERE "personal_connections"."verb_id" = $1[0m  [["verb_id", 1346]]
11:09:22 web.1  |   [1m[35m (0.5ms)[0m  SELECT COUNT(*) FROM "personal_connections"  WHERE "personal_connections"."verb_id" = $1  [["verb_id", 7]]
11:09:22 web.1  |   [1m[36m (0.3ms)[0m  [1mSELECT COUNT(*) FROM "personal_connections"  WHERE "personal_connections"."verb_id" = $1[0m  [["verb_id", 1223]]
11:09:22 web.1  |   [1m[35m (0.3ms)[0m  SELECT COUNT(*) FROM "personal_connections"  WHERE "personal_connections"."verb_id" = $1  [["verb_id", 1062]]
11:09:22 web.1  |   [1m[36m (0.3ms)[0m  [1mSELECT COUNT(*) FROM "personal_connections"  WHERE "personal_connections"."verb_id" = $1[0m  [["verb_id", 1022]]
11:09:22 web.1  |   [1m[35m (0.4ms)[0m  SELECT COUNT(*) FROM "personal_connections"  WHERE "personal_connections"."verb_id" = $1  [["verb_id", 1277]]
11:09:22 web.1  |   [1m[36m (0.3ms)[0m  [1mSELECT COUNT(*) FROM "personal_connections"  WHERE "personal_connections"."verb_id" = $1[0m  [["verb_id", 1418]]
11:09:22 web.1  |   [1m[35m (0.3ms)[0m  SELECT COUNT(*) FROM "personal_connections"  WHERE "personal_connections"."verb_id" = $1  [["verb_id", 1222]]
11:09:22 web.1  |   [1m[36m (0.3ms)[0m  [1mSELECT COUNT(*) FROM "personal_connections"  WHERE "personal_connections"."verb_id" = $1[0m  [["verb_id", 1308]]
11:09:22 web.1  |   [1m[35m (0.3ms)[0m  SELECT COUNT(*) FROM "personal_connections"  WHERE "personal_connections"."verb_id" = $1  [["verb_id", 1309]]
11:09:22 web.1  |   [1m[36m (0.3ms)[0m  [1mSELECT COUNT(*) FROM "personal_connections"  WHERE "personal_connections"."verb_id" = $1[0m  [["verb_id", 542]]
11:09:22 web.1  |   [1m[35m (0.3ms)[0m  SELECT COUNT(*) FROM "personal_connections"  WHERE "personal_connections"."verb_id" = $1  [["verb_id", 1491]]
11:09:22 web.1  |   [1m[36m (0.3ms)[0m  [1mSELECT COUNT(*) FROM "personal_connections"  WHERE "personal_connections"."verb_id" = $1[0m  [["verb_id", 304]]
11:09:22 web.1  |   [1m[35m (0.3ms)[0m  SELECT COUNT(*) FROM "personal_connections"  WHERE "personal_connections"."verb_id" = $1  [["verb_id", 1411]]
11:09:22 web.1  |   [1m[36m (0.3ms)[0m  [1mSELECT COUNT(*) FROM "personal_connections"  WHERE "personal_connections"."verb_id" = $1[0m  [["verb_id", 1230]]
11:09:22 web.1  |   [1m[35m (0.3ms)[0m  SELECT COUNT(*) FROM "personal_connections"  WHERE "personal_connections"."verb_id" = $1  [["verb_id", 326]]
11:09:22 web.1  |   [1m[36m (0.3ms)[0m  [1mSELECT COUNT(*) FROM "personal_connections"  WHERE "personal_connections"."verb_id" = $1[0m  [["verb_id", 899]]
11:09:22 web.1  |   [1m[35m (0.3ms)[0m  SELECT COUNT(*) FROM "personal_connections"  WHERE "personal_connections"."verb_id" = $1  [["verb_id", 1589]]
11:09:22 web.1  |   [1m[36m (0.3ms)[0m  [1mSELECT COUNT(*) FROM "personal_connections"  WHERE "personal_connections"."verb_id" = $1[0m  [["verb_id", 847]]
11:09:22 web.1  |   [1m[35m (0.3ms)[0m  SELECT COUNT(*) FROM "personal_connections"  WHERE "personal_connections"."verb_id" = $1  [["verb_id", 758]]
11:09:22 web.1  |   [1m[36m (0.3ms)[0m  [1mSELECT COUNT(*) FROM "personal_connections"  WHERE "personal_connections"."verb_id" = $1[0m  [["verb_id", 278]]
11:09:22 web.1  |   [1m[35m (0.3ms)[0m  SELECT COUNT(*) FROM "personal_connections"  WHERE "personal_connections"."verb_id" = $1  [["verb_id", 894]]
11:09:22 web.1  |   [1m[36m (0.3ms)[0m  [1mSELECT COUNT(*) FROM "personal_connections"  WHERE "personal_connections"."verb_id" = $1[0m  [["verb_id", 755]]
11:09:22 web.1  |   [1m[35m (0.4ms)[0m  SELECT COUNT(*) FROM "personal_connections"  WHERE "personal_connections"."verb_id" = $1  [["verb_id", 1205]]
11:09:22 web.1  |   [1m[36m (0.3ms)[0m  [1mSELECT COUNT(*) FROM "personal_connections"  WHERE "personal_connections"."verb_id" = $1[0m  [["verb_id", 731]]
11:09:22 web.1  |   [1m[35m (0.5ms)[0m  SELECT COUNT(*) FROM "personal_connections"  WHERE "personal_connections"."verb_id" = $1  [["verb_id", 3]]
11:09:22 web.1  |   [1m[36m (0.3ms)[0m  [1mSELECT COUNT(*) FROM "personal_connections"  WHERE "personal_connections"."verb_id" = $1[0m  [["verb_id", 426]]
11:09:22 web.1  |   [1m[35m (0.3ms)[0m  SELECT COUNT(*) FROM "personal_connections"  WHERE "personal_connections"."verb_id" = $1  [["verb_id", 566]]
11:09:22 web.1  |   [1m[36m (0.3ms)[0m  [1mSELECT COUNT(*) FROM "personal_connections"  WHERE "personal_connections"."verb_id" = $1[0m  [["verb_id", 1572]]
11:09:22 web.1  |   [1m[35m (0.3ms)[0m  SELECT COUNT(*) FROM "personal_connections"  WHERE "personal_connections"."verb_id" = $1  [["verb_id", 244]]
11:09:22 web.1  |   [1m[36m (0.3ms)[0m  [1mSELECT COUNT(*) FROM "personal_connections"  WHERE "personal_connections"."verb_id" = $1[0m  [["verb_id", 963]]
11:09:22 web.1  |   [1m[35m (0.3ms)[0m  SELECT COUNT(*) FROM "personal_connections"  WHERE "personal_connections"."verb_id" = $1  [["verb_id", 960]]
11:09:22 web.1  |   [1m[36m (0.3ms)[0m  [1mSELECT COUNT(*) FROM "personal_connections"  WHERE "personal_connections"."verb_id" = $1[0m  [["verb_id", 716]]
11:09:22 web.1  |   [1m[35m (0.3ms)[0m  SELECT COUNT(*) FROM "personal_connections"  WHERE "personal_connections"."verb_id" = $1  [["verb_id", 780]]
11:09:22 web.1  |   [1m[36m (0.3ms)[0m  [1mSELECT COUNT(*) FROM "personal_connections"  WHERE "personal_connections"."verb_id" = $1[0m  [["verb_id", 813]]
11:09:22 web.1  |   [1m[35m (0.4ms)[0m  SELECT COUNT(*) FROM "personal_connections"  WHERE "personal_connections"."verb_id" = $1  [["verb_id", 904]]
11:09:22 web.1  |   [1m[36m (0.3ms)[0m  [1mSELECT COUNT(*) FROM "personal_connections"  WHERE "personal_connections"."verb_id" = $1[0m  [["verb_id", 558]]
11:09:22 web.1  |   [1m[35m (0.3ms)[0m  SELECT COUNT(*) FROM "personal_connections"  WHERE "personal_connections"."verb_id" = $1  [["verb_id", 77]]
11:09:22 web.1  |   [1m[36m (0.3ms)[0m  [1mSELECT COUNT(*) FROM "personal_connections"  WHERE "personal_connections"."verb_id" = $1[0m  [["verb_id", 1354]]
11:09:22 web.1  |   [1m[35m (0.3ms)[0m  SELECT COUNT(*) FROM "personal_connections"  WHERE "personal_connections"."verb_id" = $1  [["verb_id", 1290]]
11:09:22 web.1  |   [1m[36m (0.4ms)[0m  [1mSELECT COUNT(*) FROM "personal_connections"  WHERE "personal_connections"."verb_id" = $1[0m  [["verb_id", 850]]
11:09:22 web.1  |   [1m[35m (0.3ms)[0m  SELECT COUNT(*) FROM "personal_connections"  WHERE "personal_connections"."verb_id" = $1  [["verb_id", 480]]
11:09:22 web.1  |   [1m[36m (0.3ms)[0m  [1mSELECT COUNT(*) FROM "personal_connections"  WHERE "personal_connections"."verb_id" = $1[0m  [["verb_id", 908]]
11:09:22 web.1  |   [1m[35m (0.4ms)[0m  SELECT COUNT(*) FROM "personal_connections"  WHERE "personal_connections"."verb_id" = $1  [["verb_id", 538]]
11:09:22 web.1  |   [1m[36m (0.3ms)[0m  [1mSELECT COUNT(*) FROM "personal_connections"  WHERE "personal_connections"."verb_id" = $1[0m  [["verb_id", 456]]
11:09:22 web.1  |   [1m[35m (0.3ms)[0m  SELECT COUNT(*) FROM "personal_connections"  WHERE "personal_connections"."verb_id" = $1  [["verb_id", 964]]
11:09:22 web.1  |   [1m[36m (0.3ms)[0m  [1mSELECT COUNT(*) FROM "personal_connections"  WHERE "personal_connections"."verb_id" = $1[0m  [["verb_id", 1357]]
11:09:22 web.1  |   [1m[35m (0.3ms)[0m  SELECT COUNT(*) FROM "personal_connections"  WHERE "personal_connections"."verb_id" = $1  [["verb_id", 760]]
11:09:22 web.1  |   [1m[36m (0.3ms)[0m  [1mSELECT COUNT(*) FROM "personal_connections"  WHERE "personal_connections"."verb_id" = $1[0m  [["verb_id", 466]]
11:09:22 web.1  |   [1m[35m (0.3ms)[0m  SELECT COUNT(*) FROM "personal_connections"  WHERE "personal_connections"."verb_id" = $1  [["verb_id", 794]]
11:09:22 web.1  |   [1m[36m (0.3ms)[0m  [1mSELECT COUNT(*) FROM "personal_connections"  WHERE "personal_connections"."verb_id" = $1[0m  [["verb_id", 1534]]
11:09:22 web.1  |   [1m[35m (0.3ms)[0m  SELECT COUNT(*) FROM "personal_connections"  WHERE "personal_connections"."verb_id" = $1  [["verb_id", 450]]
11:09:22 web.1  |   [1m[36m (0.3ms)[0m  [1mSELECT COUNT(*) FROM "personal_connections"  WHERE "personal_connections"."verb_id" = $1[0m  [["verb_id", 1372]]
11:09:22 web.1  |   [1m[35m (0.3ms)[0m  SELECT COUNT(*) FROM "personal_connections"  WHERE "personal_connections"."verb_id" = $1  [["verb_id", 1235]]
11:09:22 web.1  |   [1m[36m (0.3ms)[0m  [1mSELECT COUNT(*) FROM "personal_connections"  WHERE "personal_connections"."verb_id" = $1[0m  [["verb_id", 1142]]
11:09:22 web.1  |   [1m[35m (0.4ms)[0m  SELECT COUNT(*) FROM "personal_connections"  WHERE "personal_connections"."verb_id" = $1  [["verb_id", 141]]
11:09:22 web.1  |   [1m[36m (0.4ms)[0m  [1mSELECT COUNT(*) FROM "personal_connections"  WHERE "personal_connections"."verb_id" = $1[0m  [["verb_id", 64]]
11:09:22 web.1  |   [1m[35m (0.4ms)[0m  SELECT COUNT(*) FROM "personal_connections"  WHERE "personal_connections"."verb_id" = $1  [["verb_id", 392]]
11:09:22 web.1  |   [1m[36m (0.3ms)[0m  [1mSELECT COUNT(*) FROM "personal_connections"  WHERE "personal_connections"."verb_id" = $1[0m  [["verb_id", 710]]
11:09:22 web.1  |   [1m[35m (0.3ms)[0m  SELECT COUNT(*) FROM "personal_connections"  WHERE "personal_connections"."verb_id" = $1  [["verb_id", 775]]
11:09:22 web.1  |   [1m[36m (0.4ms)[0m  [1mSELECT COUNT(*) FROM "personal_connections"  WHERE "personal_connections"."verb_id" = $1[0m  [["verb_id", 1535]]
11:09:22 web.1  |   [1m[35m (0.3ms)[0m  SELECT COUNT(*) FROM "personal_connections"  WHERE "personal_connections"."verb_id" = $1  [["verb_id", 1231]]
11:09:22 web.1  |   [1m[36m (0.3ms)[0m  [1mSELECT COUNT(*) FROM "personal_connections"  WHERE "personal_connections"."verb_id" = $1[0m  [["verb_id", 861]]
11:09:22 web.1  |   [1m[35m (0.3ms)[0m  SELECT COUNT(*) FROM "personal_connections"  WHERE "personal_connections"."verb_id" = $1  [["verb_id", 803]]
11:09:22 web.1  |   [1m[36m (0.3ms)[0m  [1mSELECT COUNT(*) FROM "personal_connections"  WHERE "personal_connections"."verb_id" = $1[0m  [["verb_id", 572]]
11:09:22 web.1  |   [1m[35m (0.3ms)[0m  SELECT COUNT(*) FROM "personal_connections"  WHERE "personal_connections"."verb_id" = $1  [["verb_id", 490]]
11:09:22 web.1  |   [1m[36m (0.3ms)[0m  [1mSELECT COUNT(*) FROM "personal_connections"  WHERE "personal_connections"."verb_id" = $1[0m  [["verb_id", 1015]]
11:09:22 web.1  |   [1m[35m (0.3ms)[0m  SELECT COUNT(*) FROM "personal_connections"  WHERE "personal_connections"."verb_id" = $1  [["verb_id", 1267]]
11:09:22 web.1  |   [1m[36m (0.3ms)[0m  [1mSELECT COUNT(*) FROM "personal_connections"  WHERE "personal_connections"."verb_id" = $1[0m  [["verb_id", 300]]
11:09:22 web.1  |   [1m[35m (0.3ms)[0m  SELECT COUNT(*) FROM "personal_connections"  WHERE "personal_connections"."verb_id" = $1  [["verb_id", 885]]
11:09:22 web.1  |   [1m[36m (0.3ms)[0m  [1mSELECT COUNT(*) FROM "personal_connections"  WHERE "personal_connections"."verb_id" = $1[0m  [["verb_id", 1097]]
11:09:22 web.1  |   [1m[35m (0.3ms)[0m  SELECT COUNT(*) FROM "personal_connections"  WHERE "personal_connections"."verb_id" = $1  [["verb_id", 574]]
11:09:22 web.1  |   [1m[36m (0.3ms)[0m  [1mSELECT COUNT(*) FROM "personal_connections"  WHERE "personal_connections"."verb_id" = $1[0m  [["verb_id", 1030]]
11:09:22 web.1  |   [1m[35m (0.3ms)[0m  SELECT COUNT(*) FROM "personal_connections"  WHERE "personal_connections"."verb_id" = $1  [["verb_id", 24]]
11:09:22 web.1  |   [1m[36m (0.8ms)[0m  [1mSELECT COUNT(*) FROM "personal_connections"  WHERE "personal_connections"."verb_id" = $1[0m  [["verb_id", 818]]
11:09:22 web.1  |   [1m[35m (0.3ms)[0m  SELECT COUNT(*) FROM "personal_connections"  WHERE "personal_connections"."verb_id" = $1  [["verb_id", 887]]
11:09:22 web.1  |   [1m[36m (0.5ms)[0m  [1mSELECT COUNT(*) FROM "personal_connections"  WHERE "personal_connections"."verb_id" = $1[0m  [["verb_id", 448]]
11:09:22 web.1  |   [1m[35m (0.5ms)[0m  SELECT COUNT(*) FROM "personal_connections"  WHERE "personal_connections"."verb_id" = $1  [["verb_id", 1325]]
11:09:22 web.1  |   [1m[36m (0.3ms)[0m  [1mSELECT COUNT(*) FROM "personal_connections"  WHERE "personal_connections"."verb_id" = $1[0m  [["verb_id", 1125]]
11:09:22 web.1  |   [1m[35m (0.5ms)[0m  SELECT COUNT(*) FROM "personal_connections"  WHERE "personal_connections"."verb_id" = $1  [["verb_id", 496]]
11:09:22 web.1  |   [1m[36m (0.5ms)[0m  [1mSELECT COUNT(*) FROM "personal_connections"  WHERE "personal_connections"."verb_id" = $1[0m  [["verb_id", 902]]
11:09:22 web.1  |   [1m[35m (0.3ms)[0m  SELECT COUNT(*) FROM "personal_connections"  WHERE "personal_connections"."verb_id" = $1  [["verb_id", 1359]]
11:09:22 web.1  |   [1m[36m (0.3ms)[0m  [1mSELECT COUNT(*) FROM "personal_connections"  WHERE "personal_connections"."verb_id" = $1[0m  [["verb_id", 522]]
11:09:22 web.1  |   [1m[35m (0.3ms)[0m  SELECT COUNT(*) FROM "personal_connections"  WHERE "personal_connections"."verb_id" = $1  [["verb_id", 848]]
11:09:22 web.1  |   [1m[36m (0.3ms)[0m  [1mSELECT COUNT(*) FROM "personal_connections"  WHERE "personal_connections"."verb_id" = $1[0m  [["verb_id", 1013]]
11:09:22 web.1  |   [1m[35m (0.3ms)[0m  SELECT COUNT(*) FROM "personal_connections"  WHERE "personal_connections"."verb_id" = $1  [["verb_id", 1381]]
11:09:22 web.1  |   [1m[36m (0.3ms)[0m  [1mSELECT COUNT(*) FROM "personal_connections"  WHERE "personal_connections"."verb_id" = $1[0m  [["verb_id", 701]]
11:09:22 web.1  |   [1m[35m (0.4ms)[0m  SELECT COUNT(*) FROM "personal_connections"  WHERE "personal_connections"."verb_id" = $1  [["verb_id", 1234]]
11:09:23 web.1  |   [1m[36m (0.3ms)[0m  [1mSELECT COUNT(*) FROM "personal_connections"  WHERE "personal_connections"."verb_id" = $1[0m  [["verb_id", 486]]
11:09:23 web.1  |   [1m[35m (0.3ms)[0m  SELECT COUNT(*) FROM "personal_connections"  WHERE "personal_connections"."verb_id" = $1  [["verb_id", 986]]
11:09:23 web.1  |   [1m[36m (0.3ms)[0m  [1mSELECT COUNT(*) FROM "personal_connections"  WHERE "personal_connections"."verb_id" = $1[0m  [["verb_id", 915]]
11:09:23 web.1  |   [1m[35m (0.3ms)[0m  SELECT COUNT(*) FROM "personal_connections"  WHERE "personal_connections"."verb_id" = $1  [["verb_id", 1504]]
11:09:23 web.1  |   [1m[36m (0.3ms)[0m  [1mSELECT COUNT(*) FROM "personal_connections"  WHERE "personal_connections"."verb_id" = $1[0m  [["verb_id", 751]]
11:09:23 web.1  |   [1m[35m (0.3ms)[0m  SELECT COUNT(*) FROM "personal_connections"  WHERE "personal_connections"."verb_id" = $1  [["verb_id", 540]]
11:09:23 web.1  |   [1m[36m (0.3ms)[0m  [1mSELECT COUNT(*) FROM "personal_connections"  WHERE "personal_connections"."verb_id" = $1[0m  [["verb_id", 652]]
11:09:23 web.1  |   [1m[35m (0.3ms)[0m  SELECT COUNT(*) FROM "personal_connections"  WHERE "personal_connections"."verb_id" = $1  [["verb_id", 1197]]
11:09:23 web.1  |   [1m[36m (0.4ms)[0m  [1mSELECT COUNT(*) FROM "personal_connections"  WHERE "personal_connections"."verb_id" = $1[0m  [["verb_id", 266]]
11:09:23 web.1  |   [1m[35m (0.3ms)[0m  SELECT COUNT(*) FROM "personal_connections"  WHERE "personal_connections"."verb_id" = $1  [["verb_id", 1446]]
11:09:23 web.1  |   [1m[36m (0.3ms)[0m  [1mSELECT COUNT(*) FROM "personal_connections"  WHERE "personal_connections"."verb_id" = $1[0m  [["verb_id", 1082]]
11:09:23 web.1  |   [1m[35m (0.3ms)[0m  SELECT COUNT(*) FROM "personal_connections"  WHERE "personal_connections"."verb_id" = $1  [["verb_id", 1305]]
11:09:23 web.1  |   [1m[36m (0.4ms)[0m  [1mSELECT COUNT(*) FROM "personal_connections"  WHERE "personal_connections"."verb_id" = $1[0m  [["verb_id", 1304]]
11:09:23 web.1  |   [1m[35m (0.5ms)[0m  SELECT COUNT(*) FROM "personal_connections"  WHERE "personal_connections"."verb_id" = $1  [["verb_id", 262]]
11:09:23 web.1  |   [1m[36m (0.4ms)[0m  [1mSELECT COUNT(*) FROM "personal_connections"  WHERE "personal_connections"."verb_id" = $1[0m  [["verb_id", 954]]
11:09:23 web.1  |   [1m[35m (0.4ms)[0m  SELECT COUNT(*) FROM "personal_connections"  WHERE "personal_connections"."verb_id" = $1  [["verb_id", 400]]
11:09:23 web.1  |   [1m[36m (0.3ms)[0m  [1mSELECT COUNT(*) FROM "personal_connections"  WHERE "personal_connections"."verb_id" = $1[0m  [["verb_id", 73]]
11:09:23 web.1  |   [1m[35m (0.4ms)[0m  SELECT COUNT(*) FROM "personal_connections"  WHERE "personal_connections"."verb_id" = $1  [["verb_id", 1569]]
11:09:23 web.1  |   [1m[36m (0.3ms)[0m  [1mSELECT COUNT(*) FROM "personal_connections"  WHERE "personal_connections"."verb_id" = $1[0m  [["verb_id", 1077]]
11:09:23 web.1  |   [1m[35m (0.4ms)[0m  SELECT COUNT(*) FROM "personal_connections"  WHERE "personal_connections"."verb_id" = $1  [["verb_id", 1468]]
11:09:23 web.1  |   [1m[36m (0.5ms)[0m  [1mSELECT COUNT(*) FROM "personal_connections"  WHERE "personal_connections"."verb_id" = $1[0m  [["verb_id", 1542]]
11:09:23 web.1  |   [1m[35m (0.4ms)[0m  SELECT COUNT(*) FROM "personal_connections"  WHERE "personal_connections"."verb_id" = $1  [["verb_id", 819]]
11:09:23 web.1  |   [1m[36m (0.3ms)[0m  [1mSELECT COUNT(*) FROM "personal_connections"  WHERE "personal_connections"."verb_id" = $1[0m  [["verb_id", 1052]]
11:09:23 web.1  |   [1m[35m (0.4ms)[0m  SELECT COUNT(*) FROM "personal_connections"  WHERE "personal_connections"."verb_id" = $1  [["verb_id", 882]]
11:09:23 web.1  |   [1m[36m (0.3ms)[0m  [1mSELECT COUNT(*) FROM "personal_connections"  WHERE "personal_connections"."verb_id" = $1[0m  [["verb_id", 220]]
11:09:23 web.1  |   [1m[35m (0.3ms)[0m  SELECT COUNT(*) FROM "personal_connections"  WHERE "personal_connections"."verb_id" = $1  [["verb_id", 766]]
11:09:23 web.1  |   [1m[36m (0.3ms)[0m  [1mSELECT COUNT(*) FROM "personal_connections"  WHERE "personal_connections"."verb_id" = $1[0m  [["verb_id", 201]]
11:09:23 web.1  |   [1m[35m (0.3ms)[0m  SELECT COUNT(*) FROM "personal_connections"  WHERE "personal_connections"."verb_id" = $1  [["verb_id", 809]]
11:09:23 web.1  |   [1m[36m (0.3ms)[0m  [1mSELECT COUNT(*) FROM "personal_connections"  WHERE "personal_connections"."verb_id" = $1[0m  [["verb_id", 1420]]
11:09:23 web.1  |   [1m[35m (0.3ms)[0m  SELECT COUNT(*) FROM "personal_connections"  WHERE "personal_connections"."verb_id" = $1  [["verb_id", 1178]]
11:09:23 web.1  |   [1m[36m (0.3ms)[0m  [1mSELECT COUNT(*) FROM "personal_connections"  WHERE "personal_connections"."verb_id" = $1[0m  [["verb_id", 1287]]
11:09:23 web.1  |   [1m[35m (0.3ms)[0m  SELECT COUNT(*) FROM "personal_connections"  WHERE "personal_connections"."verb_id" = $1  [["verb_id", 1496]]
11:09:23 web.1  |   [1m[36m (0.3ms)[0m  [1mSELECT COUNT(*) FROM "personal_connections"  WHERE "personal_connections"."verb_id" = $1[0m  [["verb_id", 528]]
11:09:23 web.1  |   [1m[35m (0.3ms)[0m  SELECT COUNT(*) FROM "personal_connections"  WHERE "personal_connections"."verb_id" = $1  [["verb_id", 777]]
11:09:23 web.1  |   [1m[36m (0.3ms)[0m  [1mSELECT COUNT(*) FROM "personal_connections"  WHERE "personal_connections"."verb_id" = $1[0m  [["verb_id", 1099]]
11:09:23 web.1  |   [1m[35m (0.3ms)[0m  SELECT COUNT(*) FROM "personal_connections"  WHERE "personal_connections"."verb_id" = $1  [["verb_id", 408]]
11:09:23 web.1  |   [1m[36m (0.3ms)[0m  [1mSELECT COUNT(*) FROM "personal_connections"  WHERE "personal_connections"."verb_id" = $1[0m  [["verb_id", 1389]]
11:09:23 web.1  |   [1m[35m (0.3ms)[0m  SELECT COUNT(*) FROM "personal_connections"  WHERE "personal_connections"."verb_id" = $1  [["verb_id", 602]]
11:09:23 web.1  |   [1m[36m (0.3ms)[0m  [1mSELECT COUNT(*) FROM "personal_connections"  WHERE "personal_connections"."verb_id" = $1[0m  [["verb_id", 250]]
11:09:23 web.1  |   [1m[35m (0.3ms)[0m  SELECT COUNT(*) FROM "personal_connections"  WHERE "personal_connections"."verb_id" = $1  [["verb_id", 1005]]
11:09:23 web.1  |   [1m[36m (0.3ms)[0m  [1mSELECT COUNT(*) FROM "personal_connections"  WHERE "personal_connections"."verb_id" = $1[0m  [["verb_id", 1273]]
11:09:23 web.1  |   [1m[35m (0.3ms)[0m  SELECT COUNT(*) FROM "personal_connections"  WHERE "personal_connections"."verb_id" = $1  [["verb_id", 1272]]
11:09:23 web.1  |   [1m[36m (0.3ms)[0m  [1mSELECT COUNT(*) FROM "personal_connections"  WHERE "personal_connections"."verb_id" = $1[0m  [["verb_id", 460]]
11:09:23 web.1  |   [1m[35m (0.3ms)[0m  SELECT COUNT(*) FROM "personal_connections"  WHERE "personal_connections"."verb_id" = $1  [["verb_id", 1336]]
11:09:23 web.1  |   [1m[36m (0.3ms)[0m  [1mSELECT COUNT(*) FROM "personal_connections"  WHERE "personal_connections"."verb_id" = $1[0m  [["verb_id", 874]]
11:09:23 web.1  |   [1m[35m (0.5ms)[0m  SELECT COUNT(*) FROM "personal_connections"  WHERE "personal_connections"."verb_id" = $1  [["verb_id", 934]]
11:09:23 web.1  |   [1m[36m (0.3ms)[0m  [1mSELECT COUNT(*) FROM "personal_connections"  WHERE "personal_connections"."verb_id" = $1[0m  [["verb_id", 1576]]
11:09:23 web.1  |   [1m[35m (0.3ms)[0m  SELECT COUNT(*) FROM "personal_connections"  WHERE "personal_connections"."verb_id" = $1  [["verb_id", 340]]
11:09:23 web.1  |   [1m[36m (0.3ms)[0m  [1mSELECT COUNT(*) FROM "personal_connections"  WHERE "personal_connections"."verb_id" = $1[0m  [["verb_id", 224]]
11:09:23 web.1  |   [1m[35m (0.4ms)[0m  SELECT COUNT(*) FROM "personal_connections"  WHERE "personal_connections"."verb_id" = $1  [["verb_id", 1375]]
11:09:23 web.1  |   [1m[36m (0.3ms)[0m  [1mSELECT COUNT(*) FROM "personal_connections"  WHERE "personal_connections"."verb_id" = $1[0m  [["verb_id", 436]]
11:09:23 web.1  |   [1m[35m (0.4ms)[0m  SELECT COUNT(*) FROM "personal_connections"  WHERE "personal_connections"."verb_id" = $1  [["verb_id", 642]]
11:09:23 web.1  |   [1m[36m (0.4ms)[0m  [1mSELECT COUNT(*) FROM "personal_connections"  WHERE "personal_connections"."verb_id" = $1[0m  [["verb_id", 1303]]
11:09:23 web.1  |   [1m[35m (0.3ms)[0m  SELECT COUNT(*) FROM "personal_connections"  WHERE "personal_connections"."verb_id" = $1  [["verb_id", 1388]]
11:09:23 web.1  |   [1m[36m (0.6ms)[0m  [1mSELECT COUNT(*) FROM "personal_connections"  WHERE "personal_connections"."verb_id" = $1[0m  [["verb_id", 1285]]
11:09:23 web.1  |   [1m[35m (0.3ms)[0m  SELECT COUNT(*) FROM "personal_connections"  WHERE "personal_connections"."verb_id" = $1  [["verb_id", 1376]]
11:09:23 web.1  |   [1m[36m (0.3ms)[0m  [1mSELECT COUNT(*) FROM "personal_connections"  WHERE "personal_connections"."verb_id" = $1[0m  [["verb_id", 1355]]
11:09:23 web.1  |   [1m[35m (0.3ms)[0m  SELECT COUNT(*) FROM "personal_connections"  WHERE "personal_connections"."verb_id" = $1  [["verb_id", 1307]]
11:09:23 web.1  |   [1m[36m (0.3ms)[0m  [1mSELECT COUNT(*) FROM "personal_connections"  WHERE "personal_connections"."verb_id" = $1[0m  [["verb_id", 1115]]
11:09:23 web.1  |   [1m[35m (0.3ms)[0m  SELECT COUNT(*) FROM "personal_connections"  WHERE "personal_connections"."verb_id" = $1  [["verb_id", 1547]]
11:09:23 web.1  |   [1m[36m (0.3ms)[0m  [1mSELECT COUNT(*) FROM "personal_connections"  WHERE "personal_connections"."verb_id" = $1[0m  [["verb_id", 458]]
11:09:23 web.1  |   [1m[35m (0.3ms)[0m  SELECT COUNT(*) FROM "personal_connections"  WHERE "personal_connections"."verb_id" = $1  [["verb_id", 28]]
11:09:23 web.1  |   [1m[36m (0.3ms)[0m  [1mSELECT COUNT(*) FROM "personal_connections"  WHERE "personal_connections"."verb_id" = $1[0m  [["verb_id", 1088]]
11:09:23 web.1  |   [1m[35m (0.3ms)[0m  SELECT COUNT(*) FROM "personal_connections"  WHERE "personal_connections"."verb_id" = $1  [["verb_id", 1069]]
11:09:23 web.1  |   [1m[36m (0.3ms)[0m  [1mSELECT COUNT(*) FROM "personal_connections"  WHERE "personal_connections"."verb_id" = $1[0m  [["verb_id", 1510]]
11:09:23 web.1  |   [1m[35m (0.3ms)[0m  SELECT COUNT(*) FROM "personal_connections"  WHERE "personal_connections"."verb_id" = $1  [["verb_id", 685]]
11:09:23 web.1  |   [1m[36m (0.3ms)[0m  [1mSELECT COUNT(*) FROM "personal_connections"  WHERE "personal_connections"."verb_id" = $1[0m  [["verb_id", 1289]]
11:09:23 web.1  |   [1m[35m (0.3ms)[0m  SELECT COUNT(*) FROM "personal_connections"  WHERE "personal_connections"."verb_id" = $1  [["verb_id", 965]]
11:09:23 web.1  |   [1m[36m (0.3ms)[0m  [1mSELECT COUNT(*) FROM "personal_connections"  WHERE "personal_connections"."verb_id" = $1[0m  [["verb_id", 876]]
11:09:23 web.1  |   [1m[35m (0.3ms)[0m  SELECT COUNT(*) FROM "personal_connections"  WHERE "personal_connections"."verb_id" = $1  [["verb_id", 1122]]
11:09:23 web.1  |   [1m[36m (0.3ms)[0m  [1mSELECT COUNT(*) FROM "personal_connections"  WHERE "personal_connections"."verb_id" = $1[0m  [["verb_id", 732]]
11:09:23 web.1  |   [1m[35m (0.5ms)[0m  SELECT COUNT(*) FROM "personal_connections"  WHERE "personal_connections"."verb_id" = $1  [["verb_id", 6]]
11:09:23 web.1  |   [1m[36m (0.3ms)[0m  [1mSELECT COUNT(*) FROM "personal_connections"  WHERE "personal_connections"."verb_id" = $1[0m  [["verb_id", 1403]]
11:09:23 web.1  |   [1m[35m (0.3ms)[0m  SELECT COUNT(*) FROM "personal_connections"  WHERE "personal_connections"."verb_id" = $1  [["verb_id", 953]]
11:09:23 web.1  |   [1m[36m (0.6ms)[0m  [1mSELECT COUNT(*) FROM "personal_connections"  WHERE "personal_connections"."verb_id" = $1[0m  [["verb_id", 1317]]
11:09:23 web.1  |   [1m[35m (0.3ms)[0m  SELECT COUNT(*) FROM "personal_connections"  WHERE "personal_connections"."verb_id" = $1  [["verb_id", 638]]
11:09:23 web.1  |   [1m[36m (1.8ms)[0m  [1mSELECT COUNT(*) FROM "personal_connections"  WHERE "personal_connections"."verb_id" = $1[0m  [["verb_id", 532]]
11:09:23 web.1  |   [1m[35m (0.3ms)[0m  SELECT COUNT(*) FROM "personal_connections"  WHERE "personal_connections"."verb_id" = $1  [["verb_id", 992]]
11:09:23 web.1  |   [1m[36m (0.4ms)[0m  [1mSELECT COUNT(*) FROM "personal_connections"  WHERE "personal_connections"."verb_id" = $1[0m  [["verb_id", 855]]
11:09:23 web.1  |   [1m[35m (0.3ms)[0m  SELECT COUNT(*) FROM "personal_connections"  WHERE "personal_connections"."verb_id" = $1  [["verb_id", 1209]]
11:09:23 web.1  |   [1m[36m (0.3ms)[0m  [1mSELECT COUNT(*) FROM "personal_connections"  WHERE "personal_connections"."verb_id" = $1[0m  [["verb_id", 1137]]
11:09:23 web.1  |   [1m[35m (0.3ms)[0m  SELECT COUNT(*) FROM "personal_connections"  WHERE "personal_connections"."verb_id" = $1  [["verb_id", 1066]]
11:09:23 web.1  |   [1m[36m (0.3ms)[0m  [1mSELECT COUNT(*) FROM "personal_connections"  WHERE "personal_connections"."verb_id" = $1[0m  [["verb_id", 1439]]
11:09:23 web.1  |   [1m[35m (0.3ms)[0m  SELECT COUNT(*) FROM "personal_connections"  WHERE "personal_connections"."verb_id" = $1  [["verb_id", 1171]]
11:09:23 web.1  |   [1m[36m (0.3ms)[0m  [1mSELECT COUNT(*) FROM "personal_connections"  WHERE "personal_connections"."verb_id" = $1[0m  [["verb_id", 1449]]
11:09:23 web.1  |   [1m[35m (0.3ms)[0m  SELECT COUNT(*) FROM "personal_connections"  WHERE "personal_connections"."verb_id" = $1  [["verb_id", 1000]]
11:09:23 web.1  |   [1m[36m (0.3ms)[0m  [1mSELECT COUNT(*) FROM "personal_connections"  WHERE "personal_connections"."verb_id" = $1[0m  [["verb_id", 839]]
11:09:23 web.1  |   [1m[35m (0.3ms)[0m  SELECT COUNT(*) FROM "personal_connections"  WHERE "personal_connections"."verb_id" = $1  [["verb_id", 970]]
11:09:23 web.1  |   [1m[36m (0.3ms)[0m  [1mSELECT COUNT(*) FROM "personal_connections"  WHERE "personal_connections"."verb_id" = $1[0m  [["verb_id", 824]]
11:09:23 web.1  |   [1m[35m (0.3ms)[0m  SELECT COUNT(*) FROM "personal_connections"  WHERE "personal_connections"."verb_id" = $1  [["verb_id", 763]]
11:09:23 web.1  |   [1m[36m (0.3ms)[0m  [1mSELECT COUNT(*) FROM "personal_connections"  WHERE "personal_connections"."verb_id" = $1[0m  [["verb_id", 1199]]
11:09:23 web.1  |   [1m[35m (0.3ms)[0m  SELECT COUNT(*) FROM "personal_connections"  WHERE "personal_connections"."verb_id" = $1  [["verb_id", 671]]
11:09:23 web.1  |   [1m[36m (0.3ms)[0m  [1mSELECT COUNT(*) FROM "personal_connections"  WHERE "personal_connections"."verb_id" = $1[0m  [["verb_id", 808]]
11:09:23 web.1  |   [1m[35m (0.3ms)[0m  SELECT COUNT(*) FROM "personal_connections"  WHERE "personal_connections"."verb_id" = $1  [["verb_id", 1465]]
11:09:23 web.1  |   [1m[36m (0.3ms)[0m  [1mSELECT COUNT(*) FROM "personal_connections"  WHERE "personal_connections"."verb_id" = $1[0m  [["verb_id", 470]]
11:09:23 web.1  |   [1m[35m (0.3ms)[0m  SELECT COUNT(*) FROM "personal_connections"  WHERE "personal_connections"."verb_id" = $1  [["verb_id", 981]]
11:09:23 web.1  |   [1m[36m (0.3ms)[0m  [1mSELECT COUNT(*) FROM "personal_connections"  WHERE "personal_connections"."verb_id" = $1[0m  [["verb_id", 880]]
11:09:23 web.1  |   [1m[35m (0.3ms)[0m  SELECT COUNT(*) FROM "personal_connections"  WHERE "personal_connections"."verb_id" = $1  [["verb_id", 1050]]
11:09:23 web.1  |   [1m[36m (0.3ms)[0m  [1mSELECT COUNT(*) FROM "personal_connections"  WHERE "personal_connections"."verb_id" = $1[0m  [["verb_id", 980]]
11:09:23 web.1  |   [1m[35m (0.4ms)[0m  SELECT COUNT(*) FROM "personal_connections"  WHERE "personal_connections"."verb_id" = $1  [["verb_id", 1010]]
11:09:23 web.1  |   [1m[36m (0.3ms)[0m  [1mSELECT COUNT(*) FROM "personal_connections"  WHERE "personal_connections"."verb_id" = $1[0m  [["verb_id", 492]]
11:09:23 web.1  |   [1m[35m (0.3ms)[0m  SELECT COUNT(*) FROM "personal_connections"  WHERE "personal_connections"."verb_id" = $1  [["verb_id", 1556]]
11:09:23 web.1  |   [1m[36m (0.3ms)[0m  [1mSELECT COUNT(*) FROM "personal_connections"  WHERE "personal_connections"."verb_id" = $1[0m  [["verb_id", 744]]
11:09:23 web.1  |   [1m[35m (0.3ms)[0m  SELECT COUNT(*) FROM "personal_connections"  WHERE "personal_connections"."verb_id" = $1  [["verb_id", 1509]]
11:09:23 web.1  |   [1m[36m (0.3ms)[0m  [1mSELECT COUNT(*) FROM "personal_connections"  WHERE "personal_connections"."verb_id" = $1[0m  [["verb_id", 1218]]
11:09:23 web.1  |   [1m[35m (0.3ms)[0m  SELECT COUNT(*) FROM "personal_connections"  WHERE "personal_connections"."verb_id" = $1  [["verb_id", 1490]]
11:09:23 web.1  |   [1m[36m (0.3ms)[0m  [1mSELECT COUNT(*) FROM "personal_connections"  WHERE "personal_connections"."verb_id" = $1[0m  [["verb_id", 1318]]
11:09:23 web.1  |   [1m[35m (0.3ms)[0m  SELECT COUNT(*) FROM "personal_connections"  WHERE "personal_connections"."verb_id" = $1  [["verb_id", 708]]
11:09:23 web.1  |   [1m[36m (0.3ms)[0m  [1mSELECT COUNT(*) FROM "personal_connections"  WHERE "personal_connections"."verb_id" = $1[0m  [["verb_id", 1195]]
11:09:23 web.1  |   [1m[35m (0.3ms)[0m  SELECT COUNT(*) FROM "personal_connections"  WHERE "personal_connections"."verb_id" = $1  [["verb_id", 1335]]
11:09:23 web.1  |   [1m[36m (0.3ms)[0m  [1mSELECT COUNT(*) FROM "personal_connections"  WHERE "personal_connections"."verb_id" = $1[0m  [["verb_id", 1206]]
11:09:23 web.1  |   [1m[35m (0.3ms)[0m  SELECT COUNT(*) FROM "personal_connections"  WHERE "personal_connections"."verb_id" = $1  [["verb_id", 713]]
11:09:23 web.1  |   [1m[36m (0.3ms)[0m  [1mSELECT COUNT(*) FROM "personal_connections"  WHERE "personal_connections"."verb_id" = $1[0m  [["verb_id", 871]]
11:09:23 web.1  |   [1m[35m (0.3ms)[0m  SELECT COUNT(*) FROM "personal_connections"  WHERE "personal_connections"."verb_id" = $1  [["verb_id", 604]]
11:09:23 web.1  |   [1m[36m (0.3ms)[0m  [1mSELECT COUNT(*) FROM "personal_connections"  WHERE "personal_connections"."verb_id" = $1[0m  [["verb_id", 707]]
11:09:23 web.1  |   [1m[35m (0.3ms)[0m  SELECT COUNT(*) FROM "personal_connections"  WHERE "personal_connections"."verb_id" = $1  [["verb_id", 825]]
11:09:23 web.1  |   [1m[36m (0.3ms)[0m  [1mSELECT COUNT(*) FROM "personal_connections"  WHERE "personal_connections"."verb_id" = $1[0m  [["verb_id", 1343]]
11:09:23 web.1  |   [1m[35m (0.3ms)[0m  SELECT COUNT(*) FROM "personal_connections"  WHERE "personal_connections"."verb_id" = $1  [["verb_id", 332]]
11:09:23 web.1  |   [1m[36m (0.3ms)[0m  [1mSELECT COUNT(*) FROM "personal_connections"  WHERE "personal_connections"."verb_id" = $1[0m  [["verb_id", 380]]
11:09:23 web.1  |   [1m[35m (0.3ms)[0m  SELECT COUNT(*) FROM "personal_connections"  WHERE "personal_connections"."verb_id" = $1  [["verb_id", 1434]]
11:09:23 web.1  |   [1m[36m (0.3ms)[0m  [1mSELECT COUNT(*) FROM "personal_connections"  WHERE "personal_connections"."verb_id" = $1[0m  [["verb_id", 1466]]
11:09:23 web.1  |   [1m[35m (0.3ms)[0m  SELECT COUNT(*) FROM "personal_connections"  WHERE "personal_connections"."verb_id" = $1  [["verb_id", 608]]
11:09:23 web.1  |   [1m[36m (0.3ms)[0m  [1mSELECT COUNT(*) FROM "personal_connections"  WHERE "personal_connections"."verb_id" = $1[0m  [["verb_id", 600]]
11:09:23 web.1  |   [1m[35m (0.3ms)[0m  SELECT COUNT(*) FROM "personal_connections"  WHERE "personal_connections"."verb_id" = $1  [["verb_id", 1035]]
11:09:23 web.1  |   [1m[36m (0.3ms)[0m  [1mSELECT COUNT(*) FROM "personal_connections"  WHERE "personal_connections"."verb_id" = $1[0m  [["verb_id", 656]]
11:09:23 web.1  |   [1m[35m (0.3ms)[0m  SELECT COUNT(*) FROM "personal_connections"  WHERE "personal_connections"."verb_id" = $1  [["verb_id", 910]]
11:09:23 web.1  |   [1m[36m (0.3ms)[0m  [1mSELECT COUNT(*) FROM "personal_connections"  WHERE "personal_connections"."verb_id" = $1[0m  [["verb_id", 360]]
11:09:23 web.1  |   [1m[35m (0.5ms)[0m  SELECT COUNT(*) FROM "personal_connections"  WHERE "personal_connections"."verb_id" = $1  [["verb_id", 1256]]
11:09:23 web.1  |   [1m[36m (0.3ms)[0m  [1mSELECT COUNT(*) FROM "personal_connections"  WHERE "personal_connections"."verb_id" = $1[0m  [["verb_id", 897]]
11:09:23 web.1  |   [1m[35m (0.3ms)[0m  SELECT COUNT(*) FROM "personal_connections"  WHERE "personal_connections"."verb_id" = $1  [["verb_id", 324]]
11:09:23 web.1  |   [1m[36m (0.3ms)[0m  [1mSELECT COUNT(*) FROM "personal_connections"  WHERE "personal_connections"."verb_id" = $1[0m  [["verb_id", 330]]
11:09:23 web.1  |   [1m[35m (0.3ms)[0m  SELECT COUNT(*) FROM "personal_connections"  WHERE "personal_connections"."verb_id" = $1  [["verb_id", 386]]
11:09:23 web.1  |   [1m[36m (0.3ms)[0m  [1mSELECT COUNT(*) FROM "personal_connections"  WHERE "personal_connections"."verb_id" = $1[0m  [["verb_id", 1183]]
11:09:23 web.1  |   [1m[35m (0.3ms)[0m  SELECT COUNT(*) FROM "personal_connections"  WHERE "personal_connections"."verb_id" = $1  [["verb_id", 811]]
11:09:23 web.1  |   [1m[36m (0.3ms)[0m  [1mSELECT COUNT(*) FROM "personal_connections"  WHERE "personal_connections"."verb_id" = $1[0m  [["verb_id", 350]]
11:09:23 web.1  |   [1m[35m (0.3ms)[0m  SELECT COUNT(*) FROM "personal_connections"  WHERE "personal_connections"."verb_id" = $1  [["verb_id", 1480]]
11:09:23 web.1  |   [1m[36m (0.3ms)[0m  [1mSELECT COUNT(*) FROM "personal_connections"  WHERE "personal_connections"."verb_id" = $1[0m  [["verb_id", 368]]
11:09:23 web.1  |   [1m[35m (0.3ms)[0m  SELECT COUNT(*) FROM "personal_connections"  WHERE "personal_connections"."verb_id" = $1  [["verb_id", 366]]
11:09:23 web.1  |   [1m[36m (0.3ms)[0m  [1mSELECT COUNT(*) FROM "personal_connections"  WHERE "personal_connections"."verb_id" = $1[0m  [["verb_id", 344]]
11:09:23 web.1  |   [1m[35m (0.3ms)[0m  SELECT COUNT(*) FROM "personal_connections"  WHERE "personal_connections"."verb_id" = $1  [["verb_id", 1204]]
11:09:23 web.1  |   [1m[36m (0.3ms)[0m  [1mSELECT COUNT(*) FROM "personal_connections"  WHERE "personal_connections"."verb_id" = $1[0m  [["verb_id", 1070]]
11:09:23 web.1  |   [1m[35m (0.3ms)[0m  SELECT COUNT(*) FROM "personal_connections"  WHERE "personal_connections"."verb_id" = $1  [["verb_id", 996]]
11:09:23 web.1  |   [1m[36m (0.3ms)[0m  [1mSELECT COUNT(*) FROM "personal_connections"  WHERE "personal_connections"."verb_id" = $1[0m  [["verb_id", 1409]]
11:09:23 web.1  |   [1m[35m (0.5ms)[0m  SELECT COUNT(*) FROM "personal_connections"  WHERE "personal_connections"."verb_id" = $1  [["verb_id", 1072]]
11:09:23 web.1  |   [1m[36m (0.3ms)[0m  [1mSELECT COUNT(*) FROM "personal_connections"  WHERE "personal_connections"."verb_id" = $1[0m  [["verb_id", 1160]]
11:09:23 web.1  |   [1m[35m (0.3ms)[0m  SELECT COUNT(*) FROM "personal_connections"  WHERE "personal_connections"."verb_id" = $1  [["verb_id", 1587]]
11:09:23 web.1  |   [1m[36m (0.3ms)[0m  [1mSELECT COUNT(*) FROM "personal_connections"  WHERE "personal_connections"."verb_id" = $1[0m  [["verb_id", 952]]
11:09:23 web.1  |   [1m[35m (0.3ms)[0m  SELECT COUNT(*) FROM "personal_connections"  WHERE "personal_connections"."verb_id" = $1  [["verb_id", 546]]
11:09:23 web.1  |   [1m[36m (0.3ms)[0m  [1mSELECT COUNT(*) FROM "personal_connections"  WHERE "personal_connections"."verb_id" = $1[0m  [["verb_id", 209]]
11:09:23 web.1  |   [1m[35m (0.3ms)[0m  SELECT COUNT(*) FROM "personal_connections"  WHERE "personal_connections"."verb_id" = $1  [["verb_id", 169]]
11:09:23 web.1  |   [1m[36m (0.3ms)[0m  [1mSELECT COUNT(*) FROM "personal_connections"  WHERE "personal_connections"."verb_id" = $1[0m  [["verb_id", 1017]]
11:09:23 web.1  |   [1m[35m (0.3ms)[0m  SELECT COUNT(*) FROM "personal_connections"  WHERE "personal_connections"."verb_id" = $1  [["verb_id", 1073]]
11:09:23 web.1  |   [1m[36m (0.3ms)[0m  [1mSELECT COUNT(*) FROM "personal_connections"  WHERE "personal_connections"."verb_id" = $1[0m  [["verb_id", 892]]
11:09:23 web.1  |   [1m[35m (0.3ms)[0m  SELECT COUNT(*) FROM "personal_connections"  WHERE "personal_connections"."verb_id" = $1  [["verb_id", 1316]]
11:09:23 web.1  |   [1m[36m (0.3ms)[0m  [1mSELECT COUNT(*) FROM "personal_connections"  WHERE "personal_connections"."verb_id" = $1[0m  [["verb_id", 764]]
11:09:24 web.1  |   [1m[35m (0.3ms)[0m  SELECT COUNT(*) FROM "personal_connections"  WHERE "personal_connections"."verb_id" = $1  [["verb_id", 1410]]
11:09:24 web.1  |   [1m[36m (0.3ms)[0m  [1mSELECT COUNT(*) FROM "personal_connections"  WHERE "personal_connections"."verb_id" = $1[0m  [["verb_id", 800]]
11:09:24 web.1  |   [1m[35m (0.3ms)[0m  SELECT COUNT(*) FROM "personal_connections"  WHERE "personal_connections"."verb_id" = $1  [["verb_id", 612]]
11:09:24 web.1  |   [1m[36m (0.3ms)[0m  [1mSELECT COUNT(*) FROM "personal_connections"  WHERE "personal_connections"."verb_id" = $1[0m  [["verb_id", 748]]
11:09:24 web.1  |   [1m[35m (0.3ms)[0m  SELECT COUNT(*) FROM "personal_connections"  WHERE "personal_connections"."verb_id" = $1  [["verb_id", 474]]
11:09:24 web.1  |   [1m[36m (0.3ms)[0m  [1mSELECT COUNT(*) FROM "personal_connections"  WHERE "personal_connections"."verb_id" = $1[0m  [["verb_id", 1428]]
11:09:24 web.1  |   [1m[35m (0.4ms)[0m  SELECT COUNT(*) FROM "personal_connections"  WHERE "personal_connections"."verb_id" = $1  [["verb_id", 752]]
11:09:24 web.1  |   [1m[36m (0.4ms)[0m  [1mSELECT COUNT(*) FROM "personal_connections"  WHERE "personal_connections"."verb_id" = $1[0m  [["verb_id", 1279]]
11:09:24 web.1  |   [1m[35m (0.7ms)[0m  SELECT COUNT(*) FROM "personal_connections"  WHERE "personal_connections"."verb_id" = $1  [["verb_id", 1406]]
11:09:24 web.1  |   [1m[36m (1.3ms)[0m  [1mSELECT COUNT(*) FROM "personal_connections"  WHERE "personal_connections"."verb_id" = $1[0m  [["verb_id", 870]]
11:09:24 web.1  |   [1m[35m (0.6ms)[0m  SELECT COUNT(*) FROM "personal_connections"  WHERE "personal_connections"."verb_id" = $1  [["verb_id", 864]]
11:09:24 web.1  |   [1m[36m (0.3ms)[0m  [1mSELECT COUNT(*) FROM "personal_connections"  WHERE "personal_connections"."verb_id" = $1[0m  [["verb_id", 845]]
11:09:24 web.1  |   [1m[35m (0.3ms)[0m  SELECT COUNT(*) FROM "personal_connections"  WHERE "personal_connections"."verb_id" = $1  [["verb_id", 560]]
11:09:24 web.1  |   [1m[36m (0.3ms)[0m  [1mSELECT COUNT(*) FROM "personal_connections"  WHERE "personal_connections"."verb_id" = $1[0m  [["verb_id", 1019]]
11:09:24 web.1  |   [1m[35m (0.3ms)[0m  SELECT COUNT(*) FROM "personal_connections"  WHERE "personal_connections"."verb_id" = $1  [["verb_id", 821]]
11:09:24 web.1  |   [1m[36m (0.4ms)[0m  [1mSELECT COUNT(*) FROM "personal_connections"  WHERE "personal_connections"."verb_id" = $1[0m  [["verb_id", 987]]
11:09:24 web.1  |   [1m[35m (0.3ms)[0m  SELECT COUNT(*) FROM "personal_connections"  WHERE "personal_connections"."verb_id" = $1  [["verb_id", 749]]
11:09:24 web.1  |   [1m[36m (0.4ms)[0m  [1mSELECT COUNT(*) FROM "personal_connections"  WHERE "personal_connections"."verb_id" = $1[0m  [["verb_id", 1500]]
11:09:24 web.1  |   [1m[35m (0.3ms)[0m  SELECT COUNT(*) FROM "personal_connections"  WHERE "personal_connections"."verb_id" = $1  [["verb_id", 982]]
11:09:24 web.1  |   [1m[36m (0.4ms)[0m  [1mSELECT COUNT(*) FROM "personal_connections"  WHERE "personal_connections"."verb_id" = $1[0m  [["verb_id", 570]]
11:09:24 web.1  |   [1m[35m (0.3ms)[0m  SELECT COUNT(*) FROM "personal_connections"  WHERE "personal_connections"."verb_id" = $1  [["verb_id", 784]]
11:09:24 web.1  |   [1m[36m (0.5ms)[0m  [1mSELECT COUNT(*) FROM "personal_connections"  WHERE "personal_connections"."verb_id" = $1[0m  [["verb_id", 911]]
11:09:24 web.1  |   [1m[35m (0.3ms)[0m  SELECT COUNT(*) FROM "personal_connections"  WHERE "personal_connections"."verb_id" = $1  [["verb_id", 988]]
11:09:24 web.1  |   [1m[36m (0.4ms)[0m  [1mSELECT COUNT(*) FROM "personal_connections"  WHERE "personal_connections"."verb_id" = $1[0m  [["verb_id", 1413]]
11:09:24 web.1  |   [1m[35m (0.4ms)[0m  SELECT COUNT(*) FROM "personal_connections"  WHERE "personal_connections"."verb_id" = $1  [["verb_id", 1064]]
11:09:24 web.1  |   [1m[36m (0.3ms)[0m  [1mSELECT COUNT(*) FROM "personal_connections"  WHERE "personal_connections"."verb_id" = $1[0m  [["verb_id", 726]]
11:09:24 web.1  |   [1m[35m (0.3ms)[0m  SELECT COUNT(*) FROM "personal_connections"  WHERE "personal_connections"."verb_id" = $1  [["verb_id", 548]]
11:09:24 web.1  |   [1m[36m (0.3ms)[0m  [1mSELECT COUNT(*) FROM "personal_connections"  WHERE "personal_connections"."verb_id" = $1[0m  [["verb_id", 568]]
11:09:24 web.1  |   [1m[35m (0.3ms)[0m  SELECT COUNT(*) FROM "personal_connections"  WHERE "personal_connections"."verb_id" = $1  [["verb_id", 1494]]
11:09:24 web.1  |   [1m[36m (0.3ms)[0m  [1mSELECT COUNT(*) FROM "personal_connections"  WHERE "personal_connections"."verb_id" = $1[0m  [["verb_id", 675]]
11:09:24 web.1  |   [1m[35m (0.3ms)[0m  SELECT COUNT(*) FROM "personal_connections"  WHERE "personal_connections"."verb_id" = $1  [["verb_id", 1002]]
11:09:24 web.1  |   [1m[36m (0.3ms)[0m  [1mSELECT COUNT(*) FROM "personal_connections"  WHERE "personal_connections"."verb_id" = $1[0m  [["verb_id", 1424]]
11:09:24 web.1  |   [1m[35m (0.4ms)[0m  SELECT COUNT(*) FROM "personal_connections"  WHERE "personal_connections"."verb_id" = $1  [["verb_id", 689]]
11:09:24 web.1  |   [1m[36m (0.3ms)[0m  [1mSELECT COUNT(*) FROM "personal_connections"  WHERE "personal_connections"."verb_id" = $1[0m  [["verb_id", 1573]]
11:09:24 web.1  |   [1m[35m (0.3ms)[0m  SELECT COUNT(*) FROM "personal_connections"  WHERE "personal_connections"."verb_id" = $1  [["verb_id", 798]]
11:09:24 web.1  |   [1m[36m (0.4ms)[0m  [1mSELECT COUNT(*) FROM "personal_connections"  WHERE "personal_connections"."verb_id" = $1[0m  [["verb_id", 730]]
11:09:24 web.1  |   [1m[35m (0.3ms)[0m  SELECT COUNT(*) FROM "personal_connections"  WHERE "personal_connections"."verb_id" = $1  [["verb_id", 929]]
11:09:24 web.1  |   [1m[36m (0.3ms)[0m  [1mSELECT COUNT(*) FROM "personal_connections"  WHERE "personal_connections"."verb_id" = $1[0m  [["verb_id", 1213]]
11:09:24 web.1  |   [1m[35m (0.3ms)[0m  SELECT COUNT(*) FROM "personal_connections"  WHERE "personal_connections"."verb_id" = $1  [["verb_id", 905]]
11:09:24 web.1  |   [1m[36m (0.3ms)[0m  [1mSELECT COUNT(*) FROM "personal_connections"  WHERE "personal_connections"."verb_id" = $1[0m  [["verb_id", 1214]]
11:09:24 web.1  |   [1m[35m (0.4ms)[0m  SELECT COUNT(*) FROM "personal_connections"  WHERE "personal_connections"."verb_id" = $1  [["verb_id", 999]]
11:09:24 web.1  |   [1m[36m (0.3ms)[0m  [1mSELECT COUNT(*) FROM "personal_connections"  WHERE "personal_connections"."verb_id" = $1[0m  [["verb_id", 681]]
11:09:24 web.1  |   [1m[35m (0.4ms)[0m  SELECT COUNT(*) FROM "personal_connections"  WHERE "personal_connections"."verb_id" = $1  [["verb_id", 1100]]
11:09:24 web.1  |   [1m[36m (0.4ms)[0m  [1mSELECT COUNT(*) FROM "personal_connections"  WHERE "personal_connections"."verb_id" = $1[0m  [["verb_id", 628]]
11:09:24 web.1  |   [1m[35m (0.4ms)[0m  SELECT COUNT(*) FROM "personal_connections"  WHERE "personal_connections"."verb_id" = $1  [["verb_id", 524]]
11:09:24 web.1  |   [1m[36m (0.4ms)[0m  [1mSELECT COUNT(*) FROM "personal_connections"  WHERE "personal_connections"."verb_id" = $1[0m  [["verb_id", 145]]
11:09:24 web.1  |   [1m[35m (0.3ms)[0m  SELECT COUNT(*) FROM "personal_connections"  WHERE "personal_connections"."verb_id" = $1  [["verb_id", 1469]]
11:09:24 web.1  |   [1m[36m (0.3ms)[0m  [1mSELECT COUNT(*) FROM "personal_connections"  WHERE "personal_connections"."verb_id" = $1[0m  [["verb_id", 1188]]
11:09:24 web.1  |   [1m[35m (0.3ms)[0m  SELECT COUNT(*) FROM "personal_connections"  WHERE "personal_connections"."verb_id" = $1  [["verb_id", 1039]]
11:09:24 web.1  |   [1m[36m (0.3ms)[0m  [1mSELECT COUNT(*) FROM "personal_connections"  WHERE "personal_connections"."verb_id" = $1[0m  [["verb_id", 985]]
11:09:24 web.1  |   [1m[35m (0.4ms)[0m  SELECT COUNT(*) FROM "personal_connections"  WHERE "personal_connections"."verb_id" = $1  [["verb_id", 1482]]
11:09:24 web.1  |   [1m[36m (0.3ms)[0m  [1mSELECT COUNT(*) FROM "personal_connections"  WHERE "personal_connections"."verb_id" = $1[0m  [["verb_id", 342]]
11:09:24 web.1  |   [1m[35m (0.3ms)[0m  SELECT COUNT(*) FROM "personal_connections"  WHERE "personal_connections"."verb_id" = $1  [["verb_id", 242]]
11:09:24 web.1  |   [1m[36m (0.3ms)[0m  [1mSELECT COUNT(*) FROM "personal_connections"  WHERE "personal_connections"."verb_id" = $1[0m  [["verb_id", 802]]
11:09:24 web.1  |   [1m[35m (0.3ms)[0m  SELECT COUNT(*) FROM "personal_connections"  WHERE "personal_connections"."verb_id" = $1  [["verb_id", 442]]
11:09:24 web.1  |   [1m[36m (0.4ms)[0m  [1mSELECT COUNT(*) FROM "personal_connections"  WHERE "personal_connections"."verb_id" = $1[0m  [["verb_id", 1156]]
11:09:24 web.1  |   [1m[35m (0.3ms)[0m  SELECT COUNT(*) FROM "personal_connections"  WHERE "personal_connections"."verb_id" = $1  [["verb_id", 370]]
11:09:24 web.1  |   [1m[36m (0.4ms)[0m  [1mSELECT COUNT(*) FROM "personal_connections"  WHERE "personal_connections"."verb_id" = $1[0m  [["verb_id", 1162]]
11:09:24 web.1  |   [1m[35m (0.3ms)[0m  SELECT COUNT(*) FROM "personal_connections"  WHERE "personal_connections"."verb_id" = $1  [["verb_id", 452]]
11:09:24 web.1  |   [1m[36m (0.4ms)[0m  [1mSELECT COUNT(*) FROM "personal_connections"  WHERE "personal_connections"."verb_id" = $1[0m  [["verb_id", 806]]
11:09:24 web.1  |   [1m[35m (0.4ms)[0m  SELECT COUNT(*) FROM "personal_connections"  WHERE "personal_connections"."verb_id" = $1  [["verb_id", 994]]
11:09:24 web.1  |   [1m[36m (0.4ms)[0m  [1mSELECT COUNT(*) FROM "personal_connections"  WHERE "personal_connections"."verb_id" = $1[0m  [["verb_id", 1342]]
11:09:24 web.1  |   [1m[35m (0.3ms)[0m  SELECT COUNT(*) FROM "personal_connections"  WHERE "personal_connections"."verb_id" = $1  [["verb_id", 789]]
11:09:24 web.1  |   [1m[36m (0.3ms)[0m  [1mSELECT COUNT(*) FROM "personal_connections"  WHERE "personal_connections"."verb_id" = $1[0m  [["verb_id", 1321]]
11:09:24 web.1  |   [1m[35m (0.3ms)[0m  SELECT COUNT(*) FROM "personal_connections"  WHERE "personal_connections"."verb_id" = $1  [["verb_id", 464]]
11:09:24 web.1  |   [1m[36m (0.3ms)[0m  [1mSELECT COUNT(*) FROM "personal_connections"  WHERE "personal_connections"."verb_id" = $1[0m  [["verb_id", 272]]
11:09:24 web.1  |   [1m[35m (0.3ms)[0m  SELECT COUNT(*) FROM "personal_connections"  WHERE "personal_connections"."verb_id" = $1  [["verb_id", 923]]
11:09:24 web.1  |   [1m[36m (0.3ms)[0m  [1mSELECT COUNT(*) FROM "personal_connections"  WHERE "personal_connections"."verb_id" = $1[0m  [["verb_id", 931]]
11:09:24 web.1  |   [1m[35m (0.4ms)[0m  SELECT COUNT(*) FROM "personal_connections"  WHERE "personal_connections"."verb_id" = $1  [["verb_id", 921]]
11:09:24 web.1  |   [1m[36m (0.3ms)[0m  [1mSELECT COUNT(*) FROM "personal_connections"  WHERE "personal_connections"."verb_id" = $1[0m  [["verb_id", 234]]
11:09:24 web.1  |   [1m[35m (0.3ms)[0m  SELECT COUNT(*) FROM "personal_connections"  WHERE "personal_connections"."verb_id" = $1  [["verb_id", 149]]
11:09:24 web.1  |   [1m[36m (0.3ms)[0m  [1mSELECT COUNT(*) FROM "personal_connections"  WHERE "personal_connections"."verb_id" = $1[0m  [["verb_id", 1467]]
11:09:24 web.1  |   [1m[35m (0.3ms)[0m  SELECT COUNT(*) FROM "personal_connections"  WHERE "personal_connections"."verb_id" = $1  [["verb_id", 938]]
11:09:24 web.1  |   [1m[36m (0.3ms)[0m  [1mSELECT COUNT(*) FROM "personal_connections"  WHERE "personal_connections"."verb_id" = $1[0m  [["verb_id", 1109]]
11:09:24 web.1  |   [1m[35m (0.3ms)[0m  SELECT COUNT(*) FROM "personal_connections"  WHERE "personal_connections"."verb_id" = $1  [["verb_id", 1369]]
11:09:24 web.1  |   [1m[36m (0.3ms)[0m  [1mSELECT COUNT(*) FROM "personal_connections"  WHERE "personal_connections"."verb_id" = $1[0m  [["verb_id", 93]]
11:09:24 web.1  |   [1m[35m (0.3ms)[0m  SELECT COUNT(*) FROM "personal_connections"  WHERE "personal_connections"."verb_id" = $1  [["verb_id", 336]]
11:09:24 web.1  |   [1m[36m (0.3ms)[0m  [1mSELECT COUNT(*) FROM "personal_connections"  WHERE "personal_connections"."verb_id" = $1[0m  [["verb_id", 1169]]
11:09:24 web.1  |   [1m[35m (0.3ms)[0m  SELECT COUNT(*) FROM "personal_connections"  WHERE "personal_connections"."verb_id" = $1  [["verb_id", 1380]]
11:09:24 web.1  |   [1m[36m (0.3ms)[0m  [1mSELECT COUNT(*) FROM "personal_connections"  WHERE "personal_connections"."verb_id" = $1[0m  [["verb_id", 1116]]
11:09:24 web.1  |   [1m[35m (0.3ms)[0m  SELECT COUNT(*) FROM "personal_connections"  WHERE "personal_connections"."verb_id" = $1  [["verb_id", 1408]]
11:09:24 web.1  |   [1m[36m (0.3ms)[0m  [1mSELECT COUNT(*) FROM "personal_connections"  WHERE "personal_connections"."verb_id" = $1[0m  [["verb_id", 1311]]
11:09:24 web.1  |   [1m[35m (0.3ms)[0m  SELECT COUNT(*) FROM "personal_connections"  WHERE "personal_connections"."verb_id" = $1  [["verb_id", 654]]
11:09:24 web.1  |   [1m[36m (0.3ms)[0m  [1mSELECT COUNT(*) FROM "personal_connections"  WHERE "personal_connections"."verb_id" = $1[0m  [["verb_id", 979]]
11:09:24 web.1  |   [1m[35m (0.3ms)[0m  SELECT COUNT(*) FROM "personal_connections"  WHERE "personal_connections"."verb_id" = $1  [["verb_id", 1486]]
11:09:24 web.1  |   [1m[36m (0.4ms)[0m  [1mSELECT COUNT(*) FROM "personal_connections"  WHERE "personal_connections"."verb_id" = $1[0m  [["verb_id", 1502]]
11:09:24 web.1  |   [1m[35m (0.3ms)[0m  SELECT COUNT(*) FROM "personal_connections"  WHERE "personal_connections"."verb_id" = $1  [["verb_id", 1029]]
11:09:24 web.1  |   [1m[36m (0.4ms)[0m  [1mSELECT COUNT(*) FROM "personal_connections"  WHERE "personal_connections"."verb_id" = $1[0m  [["verb_id", 1182]]
11:09:24 web.1  |   [1m[35m (0.3ms)[0m  SELECT COUNT(*) FROM "personal_connections"  WHERE "personal_connections"."verb_id" = $1  [["verb_id", 1227]]
11:09:24 web.1  |   [1m[36m (0.3ms)[0m  [1mSELECT COUNT(*) FROM "personal_connections"  WHERE "personal_connections"."verb_id" = $1[0m  [["verb_id", 1202]]
11:09:24 web.1  |   [1m[35m (0.3ms)[0m  SELECT COUNT(*) FROM "personal_connections"  WHERE "personal_connections"."verb_id" = $1  [["verb_id", 308]]
11:09:24 web.1  |   [1m[36m (0.3ms)[0m  [1mSELECT COUNT(*) FROM "personal_connections"  WHERE "personal_connections"."verb_id" = $1[0m  [["verb_id", 1155]]
11:09:24 web.1  |   [1m[35m (0.3ms)[0m  SELECT COUNT(*) FROM "personal_connections"  WHERE "personal_connections"."verb_id" = $1  [["verb_id", 1300]]
11:09:24 web.1  |   [1m[36m (0.3ms)[0m  [1mSELECT COUNT(*) FROM "personal_connections"  WHERE "personal_connections"."verb_id" = $1[0m  [["verb_id", 109]]
11:09:24 web.1  |   [1m[35m (0.3ms)[0m  SELECT COUNT(*) FROM "personal_connections"  WHERE "personal_connections"."verb_id" = $1  [["verb_id", 502]]
11:09:24 web.1  |   [1m[36m (0.3ms)[0m  [1mSELECT COUNT(*) FROM "personal_connections"  WHERE "personal_connections"."verb_id" = $1[0m  [["verb_id", 51]]
11:09:24 web.1  |   [1m[35m (0.4ms)[0m  SELECT COUNT(*) FROM "personal_connections"  WHERE "personal_connections"."verb_id" = $1  [["verb_id", 1563]]
11:09:24 web.1  |   [1m[36m (0.3ms)[0m  [1mSELECT COUNT(*) FROM "personal_connections"  WHERE "personal_connections"."verb_id" = $1[0m  [["verb_id", 1562]]
11:09:24 web.1  |   [1m[35m (0.3ms)[0m  SELECT COUNT(*) FROM "personal_connections"  WHERE "personal_connections"."verb_id" = $1  [["verb_id", 65]]
11:09:24 web.1  |   [1m[36m (0.4ms)[0m  [1mSELECT COUNT(*) FROM "personal_connections"  WHERE "personal_connections"."verb_id" = $1[0m  [["verb_id", 1399]]
11:09:24 web.1  |   [1m[35m (0.3ms)[0m  SELECT COUNT(*) FROM "personal_connections"  WHERE "personal_connections"."verb_id" = $1  [["verb_id", 434]]
11:09:24 web.1  |   [1m[36m (0.3ms)[0m  [1mSELECT COUNT(*) FROM "personal_connections"  WHERE "personal_connections"."verb_id" = $1[0m  [["verb_id", 909]]
11:09:24 web.1  |   [1m[35m (0.8ms)[0m  SELECT COUNT(*) FROM "personal_connections"  WHERE "personal_connections"."verb_id" = $1  [["verb_id", 743]]
11:09:24 web.1  |   [1m[36m (0.3ms)[0m  [1mSELECT COUNT(*) FROM "personal_connections"  WHERE "personal_connections"."verb_id" = $1[0m  [["verb_id", 1286]]
11:09:24 web.1  |   [1m[35m (0.3ms)[0m  SELECT COUNT(*) FROM "personal_connections"  WHERE "personal_connections"."verb_id" = $1  [["verb_id", 1416]]
11:09:24 web.1  |   [1m[36m (0.4ms)[0m  [1mSELECT COUNT(*) FROM "personal_connections"  WHERE "personal_connections"."verb_id" = $1[0m  [["verb_id", 1111]]
11:09:24 web.1  |   [1m[35m (0.3ms)[0m  SELECT COUNT(*) FROM "personal_connections"  WHERE "personal_connections"."verb_id" = $1  [["verb_id", 1585]]
11:09:24 web.1  |   [1m[36m (0.3ms)[0m  [1mSELECT COUNT(*) FROM "personal_connections"  WHERE "personal_connections"."verb_id" = $1[0m  [["verb_id", 948]]
11:09:24 web.1  |   [1m[35m (0.3ms)[0m  SELECT COUNT(*) FROM "personal_connections"  WHERE "personal_connections"."verb_id" = $1  [["verb_id", 1314]]
11:09:24 web.1  |   [1m[36m (0.4ms)[0m  [1mSELECT COUNT(*) FROM "personal_connections"  WHERE "personal_connections"."verb_id" = $1[0m  [["verb_id", 1315]]
11:09:24 web.1  |   [1m[35m (0.4ms)[0m  SELECT COUNT(*) FROM "personal_connections"  WHERE "personal_connections"."verb_id" = $1  [["verb_id", 596]]
11:09:24 web.1  |   [1m[36m (0.3ms)[0m  [1mSELECT COUNT(*) FROM "personal_connections"  WHERE "personal_connections"."verb_id" = $1[0m  [["verb_id", 842]]
11:09:24 web.1  |   [1m[35m (0.3ms)[0m  SELECT COUNT(*) FROM "personal_connections"  WHERE "personal_connections"."verb_id" = $1  [["verb_id", 1295]]
11:09:24 web.1  |   [1m[36m (0.3ms)[0m  [1mSELECT COUNT(*) FROM "personal_connections"  WHERE "personal_connections"."verb_id" = $1[0m  [["verb_id", 468]]
11:09:24 web.1  |   [1m[35m (0.3ms)[0m  SELECT COUNT(*) FROM "personal_connections"  WHERE "personal_connections"."verb_id" = $1  [["verb_id", 1481]]
11:09:24 web.1  |   [1m[36m (0.3ms)[0m  [1mSELECT COUNT(*) FROM "personal_connections"  WHERE "personal_connections"."verb_id" = $1[0m  [["verb_id", 1574]]
11:09:24 web.1  |   [1m[35m (0.3ms)[0m  SELECT COUNT(*) FROM "personal_connections"  WHERE "personal_connections"."verb_id" = $1  [["verb_id", 1149]]
11:09:24 web.1  |   [1m[36m (0.3ms)[0m  [1mSELECT COUNT(*) FROM "personal_connections"  WHERE "personal_connections"."verb_id" = $1[0m  [["verb_id", 1541]]
11:09:24 web.1  |   [1m[35m (0.3ms)[0m  SELECT COUNT(*) FROM "personal_connections"  WHERE "personal_connections"."verb_id" = $1  [["verb_id", 646]]
11:09:24 web.1  |   [1m[36m (0.4ms)[0m  [1mSELECT COUNT(*) FROM "personal_connections"  WHERE "personal_connections"."verb_id" = $1[0m  [["verb_id", 719]]
11:09:24 web.1  |   [1m[35m (0.3ms)[0m  SELECT COUNT(*) FROM "personal_connections"  WHERE "personal_connections"."verb_id" = $1  [["verb_id", 1402]]
11:09:24 web.1  |   [1m[36m (0.4ms)[0m  [1mSELECT COUNT(*) FROM "personal_connections"  WHERE "personal_connections"."verb_id" = $1[0m  [["verb_id", 48]]
11:09:24 web.1  |   [1m[35m (0.4ms)[0m  SELECT COUNT(*) FROM "personal_connections"  WHERE "personal_connections"."verb_id" = $1  [["verb_id", 1266]]
11:09:24 web.1  |   [1m[36m (0.3ms)[0m  [1mSELECT COUNT(*) FROM "personal_connections"  WHERE "personal_connections"."verb_id" = $1[0m  [["verb_id", 376]]
11:09:24 web.1  |   [1m[35m (0.3ms)[0m  SELECT COUNT(*) FROM "personal_connections"  WHERE "personal_connections"."verb_id" = $1  [["verb_id", 1522]]
11:09:24 web.1  |   [1m[36m (0.3ms)[0m  [1mSELECT COUNT(*) FROM "personal_connections"  WHERE "personal_connections"."verb_id" = $1[0m  [["verb_id", 1150]]
11:09:24 web.1  |   [1m[35m (0.3ms)[0m  SELECT COUNT(*) FROM "personal_connections"  WHERE "personal_connections"."verb_id" = $1  [["verb_id", 356]]
11:09:24 web.1  |   [1m[36m (0.3ms)[0m  [1mSELECT COUNT(*) FROM "personal_connections"  WHERE "personal_connections"."verb_id" = $1[0m  [["verb_id", 762]]
11:09:24 web.1  |   [1m[35m (0.3ms)[0m  SELECT COUNT(*) FROM "personal_connections"  WHERE "personal_connections"."verb_id" = $1  [["verb_id", 1366]]
11:09:24 web.1  |   [1m[36m (0.3ms)[0m  [1mSELECT COUNT(*) FROM "personal_connections"  WHERE "personal_connections"."verb_id" = $1[0m  [["verb_id", 1367]]
11:09:24 web.1  |   [1m[35m (0.4ms)[0m  SELECT COUNT(*) FROM "personal_connections"  WHERE "personal_connections"."verb_id" = $1  [["verb_id", 1270]]
11:09:24 web.1  |   [1m[36m (0.3ms)[0m  [1mSELECT COUNT(*) FROM "personal_connections"  WHERE "personal_connections"."verb_id" = $1[0m  [["verb_id", 1135]]
11:09:24 web.1  |   [1m[35m (0.3ms)[0m  SELECT COUNT(*) FROM "personal_connections"  WHERE "personal_connections"."verb_id" = $1  [["verb_id", 282]]
11:09:24 web.1  |   [1m[36m (0.3ms)[0m  [1mSELECT COUNT(*) FROM "personal_connections"  WHERE "personal_connections"."verb_id" = $1[0m  [["verb_id", 1462]]
11:09:24 web.1  |   [1m[35m (0.3ms)[0m  SELECT COUNT(*) FROM "personal_connections"  WHERE "personal_connections"."verb_id" = $1  [["verb_id", 912]]
11:09:24 web.1  |   [1m[36m (0.3ms)[0m  [1mSELECT COUNT(*) FROM "personal_connections"  WHERE "personal_connections"."verb_id" = $1[0m  [["verb_id", 256]]
11:09:24 web.1  |   [1m[35m (0.5ms)[0m  SELECT COUNT(*) FROM "personal_connections"  WHERE "personal_connections"."verb_id" = $1  [["verb_id", 478]]
11:09:24 web.1  |   [1m[36m (0.3ms)[0m  [1mSELECT COUNT(*) FROM "personal_connections"  WHERE "personal_connections"."verb_id" = $1[0m  [["verb_id", 1441]]
11:09:24 web.1  |   [1m[35m (0.3ms)[0m  SELECT COUNT(*) FROM "personal_connections"  WHERE "personal_connections"."verb_id" = $1  [["verb_id", 1545]]
11:09:24 web.1  |   [1m[36m (0.3ms)[0m  [1mSELECT COUNT(*) FROM "personal_connections"  WHERE "personal_connections"."verb_id" = $1[0m  [["verb_id", 424]]
11:09:24 web.1  |   [1m[35m (0.3ms)[0m  SELECT COUNT(*) FROM "personal_connections"  WHERE "personal_connections"."verb_id" = $1  [["verb_id", 306]]
11:09:24 web.1  |   [1m[36m (0.3ms)[0m  [1mSELECT COUNT(*) FROM "personal_connections"  WHERE "personal_connections"."verb_id" = $1[0m  [["verb_id", 1259]]
11:09:24 web.1  |   [1m[35m (0.3ms)[0m  SELECT COUNT(*) FROM "personal_connections"  WHERE "personal_connections"."verb_id" = $1  [["verb_id", 884]]
11:09:24 web.1  |   [1m[36m (0.3ms)[0m  [1mSELECT COUNT(*) FROM "personal_connections"  WHERE "personal_connections"."verb_id" = $1[0m  [["verb_id", 1025]]
11:09:24 web.1  |   [1m[35m (0.3ms)[0m  SELECT COUNT(*) FROM "personal_connections"  WHERE "personal_connections"."verb_id" = $1  [["verb_id", 378]]
11:09:24 web.1  |   [1m[36m (0.3ms)[0m  [1mSELECT COUNT(*) FROM "personal_connections"  WHERE "personal_connections"."verb_id" = $1[0m  [["verb_id", 165]]
11:09:24 web.1  |   [1m[35m (0.3ms)[0m  SELECT COUNT(*) FROM "personal_connections"  WHERE "personal_connections"."verb_id" = $1  [["verb_id", 1113]]
11:09:24 web.1  |   [1m[36m (1.9ms)[0m  [1mSELECT COUNT(*) FROM "personal_connections"  WHERE "personal_connections"."verb_id" = $1[0m  [["verb_id", 1]]
11:09:24 web.1  |   [1m[35m (0.5ms)[0m  SELECT COUNT(*) FROM "personal_connections"  WHERE "personal_connections"."verb_id" = $1  [["verb_id", 1151]]
11:09:24 web.1  |   [1m[36m (0.3ms)[0m  [1mSELECT COUNT(*) FROM "personal_connections"  WHERE "personal_connections"."verb_id" = $1[0m  [["verb_id", 1426]]
11:09:24 web.1  |   [1m[35m (0.3ms)[0m  SELECT COUNT(*) FROM "personal_connections"  WHERE "personal_connections"."verb_id" = $1  [["verb_id", 1435]]
11:09:24 web.1  |   [1m[36m (0.3ms)[0m  [1mSELECT COUNT(*) FROM "personal_connections"  WHERE "personal_connections"."verb_id" = $1[0m  [["verb_id", 1333]]
11:09:24 web.1  |   [1m[35m (0.3ms)[0m  SELECT COUNT(*) FROM "personal_connections"  WHERE "personal_connections"."verb_id" = $1  [["verb_id", 1383]]
11:09:24 web.1  |   [1m[36m (0.4ms)[0m  [1mSELECT COUNT(*) FROM "personal_connections"  WHERE "personal_connections"."verb_id" = $1[0m  [["verb_id", 1328]]
11:09:24 web.1  |   [1m[35m (0.5ms)[0m  SELECT COUNT(*) FROM "personal_connections"  WHERE "personal_connections"."verb_id" = $1  [["verb_id", 534]]
11:09:24 web.1  |   [1m[36m (0.3ms)[0m  [1mSELECT COUNT(*) FROM "personal_connections"  WHERE "personal_connections"."verb_id" = $1[0m  [["verb_id", 334]]
11:09:24 web.1  |   [1m[35m (0.4ms)[0m  SELECT COUNT(*) FROM "personal_connections"  WHERE "personal_connections"."verb_id" = $1  [["verb_id", 2]]
11:09:24 web.1  |   [1m[36m (0.3ms)[0m  [1mSELECT COUNT(*) FROM "personal_connections"  WHERE "personal_connections"."verb_id" = $1[0m  [["verb_id", 1120]]
11:09:25 web.1  |   [1m[35m (0.3ms)[0m  SELECT COUNT(*) FROM "personal_connections"  WHERE "personal_connections"."verb_id" = $1  [["verb_id", 844]]
11:09:25 web.1  |   [1m[36m (0.3ms)[0m  [1mSELECT COUNT(*) FROM "personal_connections"  WHERE "personal_connections"."verb_id" = $1[0m  [["verb_id", 1210]]
11:09:25 web.1  |   [1m[35m (0.3ms)[0m  SELECT COUNT(*) FROM "personal_connections"  WHERE "personal_connections"."verb_id" = $1  [["verb_id", 1089]]
11:09:25 web.1  |   [1m[36m (0.3ms)[0m  [1mSELECT COUNT(*) FROM "personal_connections"  WHERE "personal_connections"."verb_id" = $1[0m  [["verb_id", 314]]
11:09:25 web.1  |   [1m[35m (0.3ms)[0m  SELECT COUNT(*) FROM "personal_connections"  WHERE "personal_connections"."verb_id" = $1  [["verb_id", 205]]
11:09:25 web.1  |   [1m[36m (0.3ms)[0m  [1mSELECT COUNT(*) FROM "personal_connections"  WHERE "personal_connections"."verb_id" = $1[0m  [["verb_id", 703]]
11:09:25 web.1  |   [1m[35m (0.3ms)[0m  SELECT COUNT(*) FROM "personal_connections"  WHERE "personal_connections"."verb_id" = $1  [["verb_id", 1219]]
11:09:25 web.1  |   [1m[36m (0.3ms)[0m  [1mSELECT COUNT(*) FROM "personal_connections"  WHERE "personal_connections"."verb_id" = $1[0m  [["verb_id", 640]]
11:09:25 web.1  |   [1m[35m (0.3ms)[0m  SELECT COUNT(*) FROM "personal_connections"  WHERE "personal_connections"."verb_id" = $1  [["verb_id", 248]]
11:09:25 web.1  |   [1m[36m (0.3ms)[0m  [1mSELECT COUNT(*) FROM "personal_connections"  WHERE "personal_connections"."verb_id" = $1[0m  [["verb_id", 781]]
11:09:25 web.1  |   [1m[35m (0.3ms)[0m  SELECT COUNT(*) FROM "personal_connections"  WHERE "personal_connections"."verb_id" = $1  [["verb_id", 820]]
11:09:25 web.1  |   [1m[36m (0.3ms)[0m  [1mSELECT COUNT(*) FROM "personal_connections"  WHERE "personal_connections"."verb_id" = $1[0m  [["verb_id", 236]]
11:09:25 web.1  |   [1m[35m (0.3ms)[0m  SELECT COUNT(*) FROM "personal_connections"  WHERE "personal_connections"."verb_id" = $1  [["verb_id", 484]]
11:09:25 web.1  |   [1m[36m (0.3ms)[0m  [1mSELECT COUNT(*) FROM "personal_connections"  WHERE "personal_connections"."verb_id" = $1[0m  [["verb_id", 1238]]
11:09:25 web.1  |   [1m[35m (0.3ms)[0m  SELECT COUNT(*) FROM "personal_connections"  WHERE "personal_connections"."verb_id" = $1  [["verb_id", 1337]]
11:09:25 web.1  |   [1m[36m (0.3ms)[0m  [1mSELECT COUNT(*) FROM "personal_connections"  WHERE "personal_connections"."verb_id" = $1[0m  [["verb_id", 1365]]
11:09:25 web.1  |   [1m[35m (0.3ms)[0m  SELECT COUNT(*) FROM "personal_connections"  WHERE "personal_connections"."verb_id" = $1  [["verb_id", 1417]]
11:09:25 web.1  |   [1m[36m (0.3ms)[0m  [1mSELECT COUNT(*) FROM "personal_connections"  WHERE "personal_connections"."verb_id" = $1[0m  [["verb_id", 432]]
11:09:25 web.1  |   [1m[35m (0.4ms)[0m  SELECT COUNT(*) FROM "personal_connections"  WHERE "personal_connections"."verb_id" = $1  [["verb_id", 697]]
11:09:25 web.1  |   [1m[36m (0.3ms)[0m  [1mSELECT COUNT(*) FROM "personal_connections"  WHERE "personal_connections"."verb_id" = $1[0m  [["verb_id", 228]]
11:09:25 web.1  |   [1m[35m (0.3ms)[0m  SELECT COUNT(*) FROM "personal_connections"  WHERE "personal_connections"."verb_id" = $1  [["verb_id", 1530]]
11:09:25 web.1  |   [1m[36m (0.3ms)[0m  [1mSELECT COUNT(*) FROM "personal_connections"  WHERE "personal_connections"."verb_id" = $1[0m  [["verb_id", 1438]]
11:09:25 web.1  |   [1m[35m (0.3ms)[0m  SELECT COUNT(*) FROM "personal_connections"  WHERE "personal_connections"."verb_id" = $1  [["verb_id", 61]]
11:09:25 web.1  |   [1m[36m (0.3ms)[0m  [1mSELECT COUNT(*) FROM "personal_connections"  WHERE "personal_connections"."verb_id" = $1[0m  [["verb_id", 16]]
11:09:25 web.1  |   [1m[35m (0.3ms)[0m  SELECT COUNT(*) FROM "personal_connections"  WHERE "personal_connections"."verb_id" = $1  [["verb_id", 747]]
11:09:25 web.1  |   [1m[36m (0.4ms)[0m  [1mSELECT COUNT(*) FROM "personal_connections"  WHERE "personal_connections"."verb_id" = $1[0m  [["verb_id", 958]]
11:09:25 web.1  |   [1m[35m (0.4ms)[0m  SELECT COUNT(*) FROM "personal_connections"  WHERE "personal_connections"."verb_id" = $1  [["verb_id", 544]]
11:09:25 web.1  |   [1m[36m (0.3ms)[0m  [1mSELECT COUNT(*) FROM "personal_connections"  WHERE "personal_connections"."verb_id" = $1[0m  [["verb_id", 1009]]
11:09:25 web.1  |   [1m[35m (0.3ms)[0m  SELECT COUNT(*) FROM "personal_connections"  WHERE "personal_connections"."verb_id" = $1  [["verb_id", 1040]]
11:09:25 web.1  |   [1m[36m (0.4ms)[0m  [1mSELECT COUNT(*) FROM "personal_connections"  WHERE "personal_connections"."verb_id" = $1[0m  [["verb_id", 296]]
11:09:25 web.1  |   [1m[35m (0.3ms)[0m  SELECT COUNT(*) FROM "personal_connections"  WHERE "personal_connections"."verb_id" = $1  [["verb_id", 696]]
11:09:25 web.1  |   [1m[36m (0.3ms)[0m  [1mSELECT COUNT(*) FROM "personal_connections"  WHERE "personal_connections"."verb_id" = $1[0m  [["verb_id", 1103]]
11:09:25 web.1  |   [1m[35m (0.3ms)[0m  SELECT COUNT(*) FROM "personal_connections"  WHERE "personal_connections"."verb_id" = $1  [["verb_id", 757]]
11:09:25 web.1  |   [1m[36m (0.3ms)[0m  [1mSELECT COUNT(*) FROM "personal_connections"  WHERE "personal_connections"."verb_id" = $1[0m  [["verb_id", 488]]
11:09:25 web.1  |   [1m[35m (0.3ms)[0m  SELECT COUNT(*) FROM "personal_connections"  WHERE "personal_connections"."verb_id" = $1  [["verb_id", 840]]
11:09:25 web.1  |   [1m[36m (0.3ms)[0m  [1mSELECT COUNT(*) FROM "personal_connections"  WHERE "personal_connections"."verb_id" = $1[0m  [["verb_id", 817]]
11:09:25 web.1  |   [1m[35m (0.3ms)[0m  SELECT COUNT(*) FROM "personal_connections"  WHERE "personal_connections"."verb_id" = $1  [["verb_id", 1565]]
11:09:25 web.1  |   [1m[36m (0.3ms)[0m  [1mSELECT COUNT(*) FROM "personal_connections"  WHERE "personal_connections"."verb_id" = $1[0m  [["verb_id", 1173]]
11:09:25 web.1  |   [1m[35m (0.3ms)[0m  SELECT COUNT(*) FROM "personal_connections"  WHERE "personal_connections"."verb_id" = $1  [["verb_id", 1564]]
11:09:25 web.1  |   [1m[36m (0.3ms)[0m  [1mSELECT COUNT(*) FROM "personal_connections"  WHERE "personal_connections"."verb_id" = $1[0m  [["verb_id", 1095]]
11:09:25 web.1  |   [1m[35m (0.3ms)[0m  SELECT COUNT(*) FROM "personal_connections"  WHERE "personal_connections"."verb_id" = $1  [["verb_id", 739]]
11:09:25 web.1  |   [1m[36m (0.3ms)[0m  [1mSELECT COUNT(*) FROM "personal_connections"  WHERE "personal_connections"."verb_id" = $1[0m  [["verb_id", 1310]]
11:09:25 web.1  |   [1m[35m (0.3ms)[0m  SELECT COUNT(*) FROM "personal_connections"  WHERE "personal_connections"."verb_id" = $1  [["verb_id", 738]]
11:09:25 web.1  |   [1m[36m (0.3ms)[0m  [1mSELECT COUNT(*) FROM "personal_connections"  WHERE "personal_connections"."verb_id" = $1[0m  [["verb_id", 1139]]
11:09:25 web.1  |   [1m[35m (0.3ms)[0m  SELECT COUNT(*) FROM "personal_connections"  WHERE "personal_connections"."verb_id" = $1  [["verb_id", 728]]
11:09:25 web.1  |   [1m[36m (0.3ms)[0m  [1mSELECT COUNT(*) FROM "personal_connections"  WHERE "personal_connections"."verb_id" = $1[0m  [["verb_id", 1138]]
11:09:25 web.1  |   [1m[35m (0.3ms)[0m  SELECT COUNT(*) FROM "personal_connections"  WHERE "personal_connections"."verb_id" = $1  [["verb_id", 727]]
11:09:25 web.1  |   [1m[36m (0.3ms)[0m  [1mSELECT COUNT(*) FROM "personal_connections"  WHERE "personal_connections"."verb_id" = $1[0m  [["verb_id", 868]]
11:09:25 web.1  |   [1m[35m (0.3ms)[0m  SELECT COUNT(*) FROM "personal_connections"  WHERE "personal_connections"."verb_id" = $1  [["verb_id", 1063]]
11:09:25 web.1  |   [1m[36m (0.3ms)[0m  [1mSELECT COUNT(*) FROM "personal_connections"  WHERE "personal_connections"."verb_id" = $1[0m  [["verb_id", 973]]
11:09:25 web.1  |   [1m[35m (0.3ms)[0m  SELECT COUNT(*) FROM "personal_connections"  WHERE "personal_connections"."verb_id" = $1  [["verb_id", 872]]
11:09:25 web.1  |   [1m[36m (0.4ms)[0m  [1mSELECT COUNT(*) FROM "personal_connections"  WHERE "personal_connections"."verb_id" = $1[0m  [["verb_id", 161]]
11:09:25 web.1  |   [1m[35m (0.3ms)[0m  SELECT COUNT(*) FROM "personal_connections"  WHERE "personal_connections"."verb_id" = $1  [["verb_id", 482]]
11:09:25 web.1  |   [1m[36m (0.3ms)[0m  [1mSELECT COUNT(*) FROM "personal_connections"  WHERE "personal_connections"."verb_id" = $1[0m  [["verb_id", 416]]
11:09:25 web.1  |   [1m[35m (0.4ms)[0m  SELECT COUNT(*) FROM "personal_connections"  WHERE "personal_connections"."verb_id" = $1  [["verb_id", 877]]
11:09:25 web.1  |   [1m[36m (0.3ms)[0m  [1mSELECT COUNT(*) FROM "personal_connections"  WHERE "personal_connections"."verb_id" = $1[0m  [["verb_id", 1460]]
11:09:25 web.1  |   [1m[35m (0.3ms)[0m  SELECT COUNT(*) FROM "personal_connections"  WHERE "personal_connections"."verb_id" = $1  [["verb_id", 510]]
11:09:25 web.1  |   [1m[36m (0.4ms)[0m  [1mSELECT COUNT(*) FROM "personal_connections"  WHERE "personal_connections"."verb_id" = $1[0m  [["verb_id", 779]]
11:09:25 web.1  |   [1m[35m (0.3ms)[0m  SELECT COUNT(*) FROM "personal_connections"  WHERE "personal_connections"."verb_id" = $1  [["verb_id", 594]]
11:09:25 web.1  |   [1m[36m (0.3ms)[0m  [1mSELECT COUNT(*) FROM "personal_connections"  WHERE "personal_connections"."verb_id" = $1[0m  [["verb_id", 717]]
11:09:25 web.1  |   [1m[35m (0.4ms)[0m  SELECT COUNT(*) FROM "personal_connections"  WHERE "personal_connections"."verb_id" = $1  [["verb_id", 718]]
11:09:25 web.1  |   [1m[36m (0.3ms)[0m  [1mSELECT COUNT(*) FROM "personal_connections"  WHERE "personal_connections"."verb_id" = $1[0m  [["verb_id", 1059]]
11:09:25 web.1  |   [1m[35m (12.9ms)[0m  SELECT COUNT(*) FROM "personal_connections"  WHERE "personal_connections"."verb_id" = $1  [["verb_id", 1057]]
11:09:25 web.1  |   [1m[36m (0.3ms)[0m  [1mSELECT COUNT(*) FROM "personal_connections"  WHERE "personal_connections"."verb_id" = $1[0m  [["verb_id", 1058]]
11:09:25 web.1  |   [1m[35m (0.3ms)[0m  SELECT COUNT(*) FROM "personal_connections"  WHERE "personal_connections"."verb_id" = $1  [["verb_id", 1060]]
11:09:25 web.1  |   [1m[36m (0.3ms)[0m  [1mSELECT COUNT(*) FROM "personal_connections"  WHERE "personal_connections"."verb_id" = $1[0m  [["verb_id", 1055]]
11:09:25 web.1  |   [1m[35m (0.3ms)[0m  SELECT COUNT(*) FROM "personal_connections"  WHERE "personal_connections"."verb_id" = $1  [["verb_id", 1056]]
11:09:25 web.1  |   [1m[36m (0.3ms)[0m  [1mSELECT COUNT(*) FROM "personal_connections"  WHERE "personal_connections"."verb_id" = $1[0m  [["verb_id", 1061]]
11:09:25 web.1  |   [1m[35m (0.3ms)[0m  SELECT COUNT(*) FROM "personal_connections"  WHERE "personal_connections"."verb_id" = $1  [["verb_id", 12]]
11:09:25 web.1  |   [1m[36m (0.3ms)[0m  [1mSELECT COUNT(*) FROM "personal_connections"  WHERE "personal_connections"."verb_id" = $1[0m  [["verb_id", 1412]]
11:09:25 web.1  |   [1m[35m (0.3ms)[0m  SELECT COUNT(*) FROM "personal_connections"  WHERE "personal_connections"."verb_id" = $1  [["verb_id", 1505]]
11:09:25 web.1  |   [1m[36m (0.3ms)[0m  [1mSELECT COUNT(*) FROM "personal_connections"  WHERE "personal_connections"."verb_id" = $1[0m  [["verb_id", 1096]]
11:09:25 web.1  |   [1m[35m (0.3ms)[0m  SELECT COUNT(*) FROM "personal_connections"  WHERE "personal_connections"."verb_id" = $1  [["verb_id", 1492]]
11:09:25 web.1  |   [1m[36m (0.3ms)[0m  [1mSELECT COUNT(*) FROM "personal_connections"  WHERE "personal_connections"."verb_id" = $1[0m  [["verb_id", 105]]
11:09:25 web.1  |   [1m[35m (0.3ms)[0m  SELECT COUNT(*) FROM "personal_connections"  WHERE "personal_connections"."verb_id" = $1  [["verb_id", 1293]]
11:09:25 web.1  |   [1m[36m (0.4ms)[0m  [1mSELECT COUNT(*) FROM "personal_connections"  WHERE "personal_connections"."verb_id" = $1[0m  [["verb_id", 1020]]
11:09:25 web.1  |   [1m[35m (0.3ms)[0m  SELECT COUNT(*) FROM "personal_connections"  WHERE "personal_connections"."verb_id" = $1  [["verb_id", 1351]]
11:09:25 web.1  |   [1m[36m (0.3ms)[0m  [1mSELECT COUNT(*) FROM "personal_connections"  WHERE "personal_connections"."verb_id" = $1[0m  [["verb_id", 737]]
11:09:25 web.1  |   [1m[35m (0.4ms)[0m  SELECT COUNT(*) FROM "personal_connections"  WHERE "personal_connections"."verb_id" = $1  [["verb_id", 11]]
11:09:25 web.1  |   [1m[36m (0.3ms)[0m  [1mSELECT COUNT(*) FROM "personal_connections"  WHERE "personal_connections"."verb_id" = $1[0m  [["verb_id", 742]]
11:09:25 web.1  |   [1m[35m (0.3ms)[0m  SELECT COUNT(*) FROM "personal_connections"  WHERE "personal_connections"."verb_id" = $1  [["verb_id", 414]]
11:09:25 web.1  |   [1m[36m (0.4ms)[0m  [1mSELECT COUNT(*) FROM "personal_connections"  WHERE "personal_connections"."verb_id" = $1[0m  [["verb_id", 753]]
11:09:25 web.1  |   [1m[35m (0.3ms)[0m  SELECT COUNT(*) FROM "personal_connections"  WHERE "personal_connections"."verb_id" = $1  [["verb_id", 849]]
11:09:25 web.1  |   [1m[36m (0.3ms)[0m  [1mSELECT COUNT(*) FROM "personal_connections"  WHERE "personal_connections"."verb_id" = $1[0m  [["verb_id", 714]]
11:09:25 web.1  |   [1m[35m (0.3ms)[0m  SELECT COUNT(*) FROM "personal_connections"  WHERE "personal_connections"."verb_id" = $1  [["verb_id", 711]]
11:09:25 web.1  |   [1m[36m (0.3ms)[0m  [1mSELECT COUNT(*) FROM "personal_connections"  WHERE "personal_connections"."verb_id" = $1[0m  [["verb_id", 1472]]
11:09:25 web.1  |   [1m[35m (0.3ms)[0m  SELECT COUNT(*) FROM "personal_connections"  WHERE "personal_connections"."verb_id" = $1  [["verb_id", 1514]]
11:09:25 web.1  |   [1m[36m (0.4ms)[0m  [1mSELECT COUNT(*) FROM "personal_connections"  WHERE "personal_connections"."verb_id" = $1[0m  [["verb_id", 1470]]
11:09:25 web.1  |   [1m[35m (0.4ms)[0m  SELECT COUNT(*) FROM "personal_connections"  WHERE "personal_connections"."verb_id" = $1  [["verb_id", 1034]]
11:09:25 web.1  |   [1m[36m (0.3ms)[0m  [1mSELECT COUNT(*) FROM "personal_connections"  WHERE "personal_connections"."verb_id" = $1[0m  [["verb_id", 991]]
11:09:25 web.1  |   [1m[35m (0.3ms)[0m  SELECT COUNT(*) FROM "personal_connections"  WHERE "personal_connections"."verb_id" = $1  [["verb_id", 957]]
11:09:25 web.1  |   [1m[36m (0.3ms)[0m  [1mSELECT COUNT(*) FROM "personal_connections"  WHERE "personal_connections"."verb_id" = $1[0m  [["verb_id", 254]]
11:09:25 web.1  |   [1m[35m (0.3ms)[0m  SELECT COUNT(*) FROM "personal_connections"  WHERE "personal_connections"."verb_id" = $1  [["verb_id", 990]]
11:09:25 web.1  |   [1m[36m (0.4ms)[0m  [1mSELECT COUNT(*) FROM "personal_connections"  WHERE "personal_connections"."verb_id" = $1[0m  [["verb_id", 586]]
11:09:25 web.1  |   [1m[35m (0.3ms)[0m  SELECT COUNT(*) FROM "personal_connections"  WHERE "personal_connections"."verb_id" = $1  [["verb_id", 1471]]
11:09:25 web.1  |   [1m[36m (0.3ms)[0m  [1mSELECT COUNT(*) FROM "personal_connections"  WHERE "personal_connections"."verb_id" = $1[0m  [["verb_id", 698]]
11:09:25 web.1  |   [1m[35m (0.3ms)[0m  SELECT COUNT(*) FROM "personal_connections"  WHERE "personal_connections"."verb_id" = $1  [["verb_id", 1006]]
11:09:25 web.1  |   [1m[36m (0.4ms)[0m  [1mSELECT COUNT(*) FROM "personal_connections"  WHERE "personal_connections"."verb_id" = $1[0m  [["verb_id", 843]]
11:09:25 web.1  |   [1m[35m (0.3ms)[0m  SELECT COUNT(*) FROM "personal_connections"  WHERE "personal_connections"."verb_id" = $1  [["verb_id", 1128]]
11:09:25 web.1  |   [1m[36m (0.3ms)[0m  [1mSELECT COUNT(*) FROM "personal_connections"  WHERE "personal_connections"."verb_id" = $1[0m  [["verb_id", 588]]
11:09:25 web.1  |   [1m[35m (0.3ms)[0m  SELECT COUNT(*) FROM "personal_connections"  WHERE "personal_connections"."verb_id" = $1  [["verb_id", 1110]]
11:09:25 web.1  |   [1m[36m (0.3ms)[0m  [1mSELECT COUNT(*) FROM "personal_connections"  WHERE "personal_connections"."verb_id" = $1[0m  [["verb_id", 1306]]
11:09:25 web.1  |   [1m[35m (0.4ms)[0m  SELECT COUNT(*) FROM "personal_connections"  WHERE "personal_connections"."verb_id" = $1  [["verb_id", 1450]]
11:09:25 web.1  |   [1m[36m (0.3ms)[0m  [1mSELECT COUNT(*) FROM "personal_connections"  WHERE "personal_connections"."verb_id" = $1[0m  [["verb_id", 669]]
11:09:25 web.1  |   [1m[35m (0.4ms)[0m  SELECT COUNT(*) FROM "personal_connections"  WHERE "personal_connections"."verb_id" = $1  [["verb_id", 1251]]
11:09:25 web.1  |   [1m[36m (0.3ms)[0m  [1mSELECT COUNT(*) FROM "personal_connections"  WHERE "personal_connections"."verb_id" = $1[0m  [["verb_id", 1175]]
11:09:25 web.1  |   [1m[35m (0.4ms)[0m  SELECT COUNT(*) FROM "personal_connections"  WHERE "personal_connections"."verb_id" = $1  [["verb_id", 1174]]
11:09:25 web.1  |   [1m[36m (0.8ms)[0m  [1mSELECT COUNT(*) FROM "personal_connections"  WHERE "personal_connections"."verb_id" = $1[0m  [["verb_id", 1433]]
11:09:25 web.1  |   [1m[35m (0.4ms)[0m  SELECT COUNT(*) FROM "personal_connections"  WHERE "personal_connections"."verb_id" = $1  [["verb_id", 137]]
11:09:25 web.1  |   [1m[36m (0.3ms)[0m  [1mSELECT COUNT(*) FROM "personal_connections"  WHERE "personal_connections"."verb_id" = $1[0m  [["verb_id", 722]]
11:09:25 web.1  |   [1m[35m (0.3ms)[0m  SELECT COUNT(*) FROM "personal_connections"  WHERE "personal_connections"."verb_id" = $1  [["verb_id", 975]]
11:09:25 web.1  |   [1m[36m (0.4ms)[0m  [1mSELECT COUNT(*) FROM "personal_connections"  WHERE "personal_connections"."verb_id" = $1[0m  [["verb_id", 873]]
11:09:25 web.1  |   [1m[35m (0.3ms)[0m  SELECT COUNT(*) FROM "personal_connections"  WHERE "personal_connections"."verb_id" = $1  [["verb_id", 536]]
11:09:25 web.1  |   [1m[36m (0.3ms)[0m  [1mSELECT COUNT(*) FROM "personal_connections"  WHERE "personal_connections"."verb_id" = $1[0m  [["verb_id", 1499]]
11:09:25 web.1  |   [1m[35m (0.3ms)[0m  SELECT COUNT(*) FROM "personal_connections"  WHERE "personal_connections"."verb_id" = $1  [["verb_id", 859]]
11:09:25 web.1  |   [1m[36m (0.3ms)[0m  [1mSELECT COUNT(*) FROM "personal_connections"  WHERE "personal_connections"."verb_id" = $1[0m  [["verb_id", 721]]
11:09:25 web.1  |   [1m[35m (0.3ms)[0m  SELECT COUNT(*) FROM "personal_connections"  WHERE "personal_connections"."verb_id" = $1  [["verb_id", 706]]
11:09:25 web.1  |   [1m[36m (0.3ms)[0m  [1mSELECT COUNT(*) FROM "personal_connections"  WHERE "personal_connections"."verb_id" = $1[0m  [["verb_id", 729]]
11:09:25 web.1  |   [1m[35m (0.3ms)[0m  SELECT COUNT(*) FROM "personal_connections"  WHERE "personal_connections"."verb_id" = $1  [["verb_id", 1536]]
11:09:25 web.1  |   [1m[36m (0.3ms)[0m  [1mSELECT COUNT(*) FROM "personal_connections"  WHERE "personal_connections"."verb_id" = $1[0m  [["verb_id", 514]]
11:09:25 web.1  |   [1m[35m (0.3ms)[0m  SELECT COUNT(*) FROM "personal_connections"  WHERE "personal_connections"."verb_id" = $1  [["verb_id", 1133]]
11:09:25 web.1  |   [1m[36m (0.3ms)[0m  [1mSELECT COUNT(*) FROM "personal_connections"  WHERE "personal_connections"."verb_id" = $1[0m  [["verb_id", 1177]]
11:09:25 web.1  |   [1m[35m (0.3ms)[0m  SELECT COUNT(*) FROM "personal_connections"  WHERE "personal_connections"."verb_id" = $1  [["verb_id", 1329]]
11:09:25 web.1  |   [1m[36m (0.3ms)[0m  [1mSELECT COUNT(*) FROM "personal_connections"  WHERE "personal_connections"."verb_id" = $1[0m  [["verb_id", 745]]
11:09:25 web.1  |   [1m[35m (0.4ms)[0m  SELECT COUNT(*) FROM "personal_connections"  WHERE "personal_connections"."verb_id" = $1  [["verb_id", 454]]
11:09:25 web.1  |   [1m[36m (0.3ms)[0m  [1mSELECT COUNT(*) FROM "personal_connections"  WHERE "personal_connections"."verb_id" = $1[0m  [["verb_id", 592]]
11:09:25 web.1  |   [1m[35m (0.3ms)[0m  SELECT COUNT(*) FROM "personal_connections"  WHERE "personal_connections"."verb_id" = $1  [["verb_id", 1130]]
11:09:25 web.1  |   [1m[36m (0.5ms)[0m  [1mSELECT COUNT(*) FROM "personal_connections"  WHERE "personal_connections"."verb_id" = $1[0m  [["verb_id", 70]]
11:09:25 web.1  |   [1m[35m (0.3ms)[0m  SELECT COUNT(*) FROM "personal_connections"  WHERE "personal_connections"."verb_id" = $1  [["verb_id", 1374]]
11:09:25 web.1  |   [1m[36m (0.3ms)[0m  [1mSELECT COUNT(*) FROM "personal_connections"  WHERE "personal_connections"."verb_id" = $1[0m  [["verb_id", 1373]]
11:09:25 web.1  |   [1m[35m (0.3ms)[0m  SELECT COUNT(*) FROM "personal_connections"  WHERE "personal_connections"."verb_id" = $1  [["verb_id", 1437]]
11:09:25 web.1  |   [1m[36m (0.3ms)[0m  [1mSELECT COUNT(*) FROM "personal_connections"  WHERE "personal_connections"."verb_id" = $1[0m  [["verb_id", 1046]]
11:09:25 web.1  |   [1m[35m (0.3ms)[0m  SELECT COUNT(*) FROM "personal_connections"  WHERE "personal_connections"."verb_id" = $1  [["verb_id", 852]]
11:09:25 web.1  |   [1m[36m (0.3ms)[0m  [1mSELECT COUNT(*) FROM "personal_connections"  WHERE "personal_connections"."verb_id" = $1[0m  [["verb_id", 1550]]
11:09:25 web.1  |   [1m[35m (0.4ms)[0m  SELECT COUNT(*) FROM "personal_connections"  WHERE "personal_connections"."verb_id" = $1  [["verb_id", 23]]
11:09:25 web.1  |   [1m[36m (0.4ms)[0m  [1mSELECT COUNT(*) FROM "personal_connections"  WHERE "personal_connections"."verb_id" = $1[0m  [["verb_id", 412]]
11:09:25 web.1  |   [1m[35m (0.3ms)[0m  SELECT COUNT(*) FROM "personal_connections"  WHERE "personal_connections"."verb_id" = $1  [["verb_id", 1071]]
11:09:25 web.1  |   [1m[36m (0.3ms)[0m  [1mSELECT COUNT(*) FROM "personal_connections"  WHERE "personal_connections"."verb_id" = $1[0m  [["verb_id", 1180]]
11:09:25 web.1  |   [1m[35m (0.3ms)[0m  SELECT COUNT(*) FROM "personal_connections"  WHERE "personal_connections"."verb_id" = $1  [["verb_id", 1544]]
11:09:25 web.1  |   [1m[36m (0.3ms)[0m  [1mSELECT COUNT(*) FROM "personal_connections"  WHERE "personal_connections"."verb_id" = $1[0m  [["verb_id", 1331]]
11:09:25 web.1  |   [1m[35m (0.5ms)[0m  SELECT COUNT(*) FROM "personal_connections"  WHERE "personal_connections"."verb_id" = $1  [["verb_id", 346]]
11:09:25 web.1  |   [1m[36m (0.3ms)[0m  [1mSELECT COUNT(*) FROM "personal_connections"  WHERE "personal_connections"."verb_id" = $1[0m  [["verb_id", 348]]
11:09:25 web.1  |   [1m[35m (0.3ms)[0m  SELECT COUNT(*) FROM "personal_connections"  WHERE "personal_connections"."verb_id" = $1  [["verb_id", 1487]]
11:09:25 web.1  |   [1m[36m (0.3ms)[0m  [1mSELECT COUNT(*) FROM "personal_connections"  WHERE "personal_connections"."verb_id" = $1[0m  [["verb_id", 1523]]
11:09:25 web.1  |   [1m[35m (0.3ms)[0m  SELECT COUNT(*) FROM "personal_connections"  WHERE "personal_connections"."verb_id" = $1  [["verb_id", 1083]]
11:09:25 web.1  |   [1m[36m (0.3ms)[0m  [1mSELECT COUNT(*) FROM "personal_connections"  WHERE "personal_connections"."verb_id" = $1[0m  [["verb_id", 14]]
11:09:25 web.1  |   [1m[35m (0.4ms)[0m  SELECT COUNT(*) FROM "personal_connections"  WHERE "personal_connections"."verb_id" = $1  [["verb_id", 1301]]
11:09:25 web.1  |   [1m[36m (0.6ms)[0m  [1mSELECT COUNT(*) FROM "personal_connections"  WHERE "personal_connections"."verb_id" = $1[0m  [["verb_id", 246]]
11:09:25 web.1  |   [1m[35m (0.3ms)[0m  SELECT COUNT(*) FROM "personal_connections"  WHERE "personal_connections"."verb_id" = $1  [["verb_id", 709]]
11:09:25 web.1  |   [1m[36m (0.3ms)[0m  [1mSELECT COUNT(*) FROM "personal_connections"  WHERE "personal_connections"."verb_id" = $1[0m  [["verb_id", 862]]
11:09:25 web.1  |   [1m[35m (0.3ms)[0m  SELECT COUNT(*) FROM "personal_connections"  WHERE "personal_connections"."verb_id" = $1  [["verb_id", 276]]
11:09:25 web.1  |   [1m[36m (0.3ms)[0m  [1mSELECT COUNT(*) FROM "personal_connections"  WHERE "personal_connections"."verb_id" = $1[0m  [["verb_id", 949]]
11:09:25 web.1  |   [1m[35m (0.4ms)[0m  SELECT COUNT(*) FROM "personal_connections"  WHERE "personal_connections"."verb_id" = $1  [["verb_id", 193]]
11:09:25 web.1  |   [1m[36m (0.3ms)[0m  [1mSELECT COUNT(*) FROM "personal_connections"  WHERE "personal_connections"."verb_id" = $1[0m  [["verb_id", 1248]]
11:09:25 web.1  |   [1m[35m (0.3ms)[0m  SELECT COUNT(*) FROM "personal_connections"  WHERE "personal_connections"."verb_id" = $1  [["verb_id", 734]]
11:09:25 web.1  |   [1m[36m (0.3ms)[0m  [1mSELECT COUNT(*) FROM "personal_connections"  WHERE "personal_connections"."verb_id" = $1[0m  [["verb_id", 913]]
11:09:25 web.1  |   [1m[35m (0.3ms)[0m  SELECT COUNT(*) FROM "personal_connections"  WHERE "personal_connections"."verb_id" = $1  [["verb_id", 1571]]
11:09:25 web.1  |   [1m[36m (6.8ms)[0m  [1mSELECT COUNT(*) FROM "personal_connections"  WHERE "personal_connections"."verb_id" = $1[0m  [["verb_id", 700]]
11:09:25 web.1  |   [1m[35m (0.3ms)[0m  SELECT COUNT(*) FROM "personal_connections"  WHERE "personal_connections"."verb_id" = $1  [["verb_id", 950]]
11:09:26 web.1  |   [1m[36m (0.3ms)[0m  [1mSELECT COUNT(*) FROM "personal_connections"  WHERE "personal_connections"."verb_id" = $1[0m  [["verb_id", 1398]]
11:09:26 web.1  |   [1m[35m (0.3ms)[0m  SELECT COUNT(*) FROM "personal_connections"  WHERE "personal_connections"."verb_id" = $1  [["verb_id", 472]]
11:09:26 web.1  |   [1m[36m (0.3ms)[0m  [1mSELECT COUNT(*) FROM "personal_connections"  WHERE "personal_connections"."verb_id" = $1[0m  [["verb_id", 1519]]
11:09:26 web.1  |   [1m[35m (0.3ms)[0m  SELECT COUNT(*) FROM "personal_connections"  WHERE "personal_connections"."verb_id" = $1  [["verb_id", 699]]
11:09:26 web.1  |   [1m[36m (0.5ms)[0m  [1mSELECT COUNT(*) FROM "personal_connections"  WHERE "personal_connections"."verb_id" = $1[0m  [["verb_id", 976]]
11:09:26 web.1  |   [1m[35m (0.3ms)[0m  SELECT COUNT(*) FROM "personal_connections"  WHERE "personal_connections"."verb_id" = $1  [["verb_id", 1207]]
11:09:26 web.1  |   [1m[36m (0.3ms)[0m  [1mSELECT COUNT(*) FROM "personal_connections"  WHERE "personal_connections"."verb_id" = $1[0m  [["verb_id", 1291]]
11:09:26 web.1  |   [1m[35m (0.3ms)[0m  SELECT COUNT(*) FROM "personal_connections"  WHERE "personal_connections"."verb_id" = $1  [["verb_id", 863]]
11:09:26 web.1  |   [1m[36m (0.3ms)[0m  [1mSELECT COUNT(*) FROM "personal_connections"  WHERE "personal_connections"."verb_id" = $1[0m  [["verb_id", 1368]]
11:09:26 web.1  |   [1m[35m (0.3ms)[0m  SELECT COUNT(*) FROM "personal_connections"  WHERE "personal_connections"."verb_id" = $1  [["verb_id", 516]]
11:09:26 web.1  |   [1m[36m (0.3ms)[0m  [1mSELECT COUNT(*) FROM "personal_connections"  WHERE "personal_connections"."verb_id" = $1[0m  [["verb_id", 969]]
11:09:26 web.1  |   [1m[35m (0.3ms)[0m  SELECT COUNT(*) FROM "personal_connections"  WHERE "personal_connections"."verb_id" = $1  [["verb_id", 883]]
11:09:26 web.1  |   [1m[36m (0.3ms)[0m  [1mSELECT COUNT(*) FROM "personal_connections"  WHERE "personal_connections"."verb_id" = $1[0m  [["verb_id", 1168]]
11:09:26 web.1  |   [1m[35m (0.3ms)[0m  SELECT COUNT(*) FROM "personal_connections"  WHERE "personal_connections"."verb_id" = $1  [["verb_id", 782]]
11:09:26 web.1  |   [1m[36m (0.3ms)[0m  [1mSELECT COUNT(*) FROM "personal_connections"  WHERE "personal_connections"."verb_id" = $1[0m  [["verb_id", 1588]]
11:09:26 web.1  |   [1m[35m (0.3ms)[0m  SELECT COUNT(*) FROM "personal_connections"  WHERE "personal_connections"."verb_id" = $1  [["verb_id", 740]]
11:09:26 web.1  |   [1m[36m (0.4ms)[0m  [1mSELECT COUNT(*) FROM "personal_connections"  WHERE "personal_connections"."verb_id" = $1[0m  [["verb_id", 1074]]
11:09:26 web.1  |   [1m[35m (0.3ms)[0m  SELECT COUNT(*) FROM "personal_connections"  WHERE "personal_connections"."verb_id" = $1  [["verb_id", 624]]
11:09:26 web.1  |   [1m[36m (0.3ms)[0m  [1mSELECT COUNT(*) FROM "personal_connections"  WHERE "personal_connections"."verb_id" = $1[0m  [["verb_id", 989]]
11:09:26 web.1  |   [1m[35m (0.4ms)[0m  SELECT COUNT(*) FROM "personal_connections"  WHERE "personal_connections"."verb_id" = $1  [["verb_id", 1548]]
11:09:26 web.1  |   [1m[36m (0.4ms)[0m  [1mSELECT COUNT(*) FROM "personal_connections"  WHERE "personal_connections"."verb_id" = $1[0m  [["verb_id", 44]]
11:09:26 web.1  |   [1m[35m (0.3ms)[0m  SELECT COUNT(*) FROM "personal_connections"  WHERE "personal_connections"."verb_id" = $1  [["verb_id", 1260]]
11:09:26 web.1  |   [1m[36m (0.4ms)[0m  [1mSELECT COUNT(*) FROM "personal_connections"  WHERE "personal_connections"."verb_id" = $1[0m  [["verb_id", 1358]]
11:09:26 web.1  |   [1m[35m (0.4ms)[0m  SELECT COUNT(*) FROM "personal_connections"  WHERE "personal_connections"."verb_id" = $1  [["verb_id", 1021]]
11:09:26 web.1  |   [1m[36m (0.3ms)[0m  [1mSELECT COUNT(*) FROM "personal_connections"  WHERE "personal_connections"."verb_id" = $1[0m  [["verb_id", 268]]
11:09:26 web.1  |   [1m[35m (0.3ms)[0m  SELECT COUNT(*) FROM "personal_connections"  WHERE "personal_connections"."verb_id" = $1  [["verb_id", 983]]
11:09:26 web.1  |   [1m[36m (0.4ms)[0m  [1mSELECT COUNT(*) FROM "personal_connections"  WHERE "personal_connections"."verb_id" = $1[0m  [["verb_id", 796]]
11:09:26 web.1  |   [1m[35m (0.3ms)[0m  SELECT COUNT(*) FROM "personal_connections"  WHERE "personal_connections"."verb_id" = $1  [["verb_id", 1401]]
11:09:26 web.1  |   [1m[36m (0.3ms)[0m  [1mSELECT COUNT(*) FROM "personal_connections"  WHERE "personal_connections"."verb_id" = $1[0m  [["verb_id", 1203]]
11:09:26 web.1  |   [1m[35m (0.3ms)[0m  SELECT COUNT(*) FROM "personal_connections"  WHERE "personal_connections"."verb_id" = $1  [["verb_id", 774]]
11:09:26 web.1  |   [1m[36m (0.4ms)[0m  [1mSELECT COUNT(*) FROM "personal_connections"  WHERE "personal_connections"."verb_id" = $1[0m  [["verb_id", 1011]]
11:09:26 web.1  |   [1m[35m (0.3ms)[0m  SELECT COUNT(*) FROM "personal_connections"  WHERE "personal_connections"."verb_id" = $1  [["verb_id", 712]]
11:09:26 web.1  |   [1m[36m (0.3ms)[0m  [1mSELECT COUNT(*) FROM "personal_connections"  WHERE "personal_connections"."verb_id" = $1[0m  [["verb_id", 328]]
11:09:26 web.1  |   [1m[35m (0.3ms)[0m  SELECT COUNT(*) FROM "personal_connections"  WHERE "personal_connections"."verb_id" = $1  [["verb_id", 733]]
11:09:26 web.1  |   [1m[36m (0.3ms)[0m  [1mSELECT COUNT(*) FROM "personal_connections"  WHERE "personal_connections"."verb_id" = $1[0m  [["verb_id", 1003]]
11:09:26 web.1  |   [1m[35m (0.3ms)[0m  SELECT COUNT(*) FROM "personal_connections"  WHERE "personal_connections"."verb_id" = $1  [["verb_id", 1508]]
11:09:26 web.1  |   [1m[36m (0.3ms)[0m  [1mSELECT COUNT(*) FROM "personal_connections"  WHERE "personal_connections"."verb_id" = $1[0m  [["verb_id", 252]]
11:09:26 web.1  |   [1m[35m (0.3ms)[0m  SELECT COUNT(*) FROM "personal_connections"  WHERE "personal_connections"."verb_id" = $1  [["verb_id", 1127]]
11:09:26 web.1  |   [1m[36m (0.4ms)[0m  [1mSELECT COUNT(*) FROM "personal_connections"  WHERE "personal_connections"."verb_id" = $1[0m  [["verb_id", 1241]]
11:09:26 web.1  |   [1m[35m (0.3ms)[0m  SELECT COUNT(*) FROM "personal_connections"  WHERE "personal_connections"."verb_id" = $1  [["verb_id", 1578]]
11:09:26 web.1  |   [1m[36m (0.3ms)[0m  [1mSELECT COUNT(*) FROM "personal_connections"  WHERE "personal_connections"."verb_id" = $1[0m  [["verb_id", 1452]]
11:09:26 web.1  |   [1m[35m (0.4ms)[0m  SELECT COUNT(*) FROM "personal_connections"  WHERE "personal_connections"."verb_id" = $1  [["verb_id", 1051]]
11:09:26 web.1  |   [1m[36m (0.3ms)[0m  [1mSELECT COUNT(*) FROM "personal_connections"  WHERE "personal_connections"."verb_id" = $1[0m  [["verb_id", 660]]
11:09:26 web.1  |   [1m[35m (0.3ms)[0m  SELECT COUNT(*) FROM "personal_connections"  WHERE "personal_connections"."verb_id" = $1  [["verb_id", 664]]
11:09:26 web.1  |   [1m[36m (0.8ms)[0m  [1mSELECT COUNT(*) FROM "personal_connections"  WHERE "personal_connections"."verb_id" = $1[0m  [["verb_id", 1184]]
11:09:26 web.1  |   [1m[35m (0.3ms)[0m  SELECT COUNT(*) FROM "personal_connections"  WHERE "personal_connections"."verb_id" = $1  [["verb_id", 837]]
11:09:26 web.1  |   [1m[36m (0.3ms)[0m  [1mSELECT COUNT(*) FROM "personal_connections"  WHERE "personal_connections"."verb_id" = $1[0m  [["verb_id", 1244]]
11:09:26 web.1  |   [1m[35m (0.3ms)[0m  SELECT COUNT(*) FROM "personal_connections"  WHERE "personal_connections"."verb_id" = $1  [["verb_id", 1527]]
11:09:26 web.1  |   [1m[36m (0.4ms)[0m  [1mSELECT COUNT(*) FROM "personal_connections"  WHERE "personal_connections"."verb_id" = $1[0m  [["verb_id", 997]]
11:09:26 web.1  |   [1m[35m (0.3ms)[0m  SELECT COUNT(*) FROM "personal_connections"  WHERE "personal_connections"."verb_id" = $1  [["verb_id", 974]]
11:09:26 web.1  |   [1m[36m (0.4ms)[0m  [1mSELECT COUNT(*) FROM "personal_connections"  WHERE "personal_connections"."verb_id" = $1[0m  [["verb_id", 1085]]
11:09:26 web.1  |   [1m[35m (0.3ms)[0m  SELECT COUNT(*) FROM "personal_connections"  WHERE "personal_connections"."verb_id" = $1  [["verb_id", 260]]
11:09:26 web.1  |   [1m[36m (0.3ms)[0m  [1mSELECT COUNT(*) FROM "personal_connections"  WHERE "personal_connections"."verb_id" = $1[0m  [["verb_id", 1078]]
11:09:26 web.1  |   [1m[35m (0.3ms)[0m  SELECT COUNT(*) FROM "personal_connections"  WHERE "personal_connections"."verb_id" = $1  [["verb_id", 1187]]
11:09:26 web.1  |   [1m[36m (0.4ms)[0m  [1mSELECT COUNT(*) FROM "personal_connections"  WHERE "personal_connections"."verb_id" = $1[0m  [["verb_id", 189]]
11:09:26 web.1  |   [1m[35m (0.3ms)[0m  SELECT COUNT(*) FROM "personal_connections"  WHERE "personal_connections"."verb_id" = $1  [["verb_id", 1419]]
11:09:26 web.1  |   [1m[36m (0.4ms)[0m  [1mSELECT COUNT(*) FROM "personal_connections"  WHERE "personal_connections"."verb_id" = $1[0m  [["verb_id", 1511]]
11:09:26 web.1  |   [1m[35m (0.3ms)[0m  SELECT COUNT(*) FROM "personal_connections"  WHERE "personal_connections"."verb_id" = $1  [["verb_id", 875]]
11:09:26 web.1  |   [1m[36m (0.3ms)[0m  [1mSELECT COUNT(*) FROM "personal_connections"  WHERE "personal_connections"."verb_id" = $1[0m  [["verb_id", 616]]
11:09:26 web.1  |   [1m[35m (0.3ms)[0m  SELECT COUNT(*) FROM "personal_connections"  WHERE "personal_connections"."verb_id" = $1  [["verb_id", 1080]]
11:09:26 web.1  |   [1m[36m (0.3ms)[0m  [1mSELECT COUNT(*) FROM "personal_connections"  WHERE "personal_connections"."verb_id" = $1[0m  [["verb_id", 1079]]
11:09:26 web.1  |   [1m[35m (0.4ms)[0m  SELECT COUNT(*) FROM "personal_connections"  WHERE "personal_connections"."verb_id" = $1  [["verb_id", 1395]]
11:09:26 web.1  |   [1m[36m (0.3ms)[0m  [1mSELECT COUNT(*) FROM "personal_connections"  WHERE "personal_connections"."verb_id" = $1[0m  [["verb_id", 1236]]
11:09:26 web.1  |   [1m[35m (0.3ms)[0m  SELECT COUNT(*) FROM "personal_connections"  WHERE "personal_connections"."verb_id" = $1  [["verb_id", 1271]]
11:09:26 web.1  |   [1m[36m (0.3ms)[0m  [1mSELECT COUNT(*) FROM "personal_connections"  WHERE "personal_connections"."verb_id" = $1[0m  [["verb_id", 1344]]
11:09:26 web.1  |   [1m[35m (0.3ms)[0m  SELECT COUNT(*) FROM "personal_connections"  WHERE "personal_connections"."verb_id" = $1  [["verb_id", 891]]
11:09:26 web.1  |   [1m[36m (0.3ms)[0m  [1mSELECT COUNT(*) FROM "personal_connections"  WHERE "personal_connections"."verb_id" = $1[0m  [["verb_id", 770]]
11:09:26 web.1  |   [1m[35m (0.3ms)[0m  SELECT COUNT(*) FROM "personal_connections"  WHERE "personal_connections"."verb_id" = $1  [["verb_id", 1566]]
11:09:26 web.1  |   [1m[36m (0.3ms)[0m  [1mSELECT COUNT(*) FROM "personal_connections"  WHERE "personal_connections"."verb_id" = $1[0m  [["verb_id", 1440]]
11:09:26 web.1  |   [1m[35m (0.3ms)[0m  SELECT COUNT(*) FROM "personal_connections"  WHERE "personal_connections"."verb_id" = $1  [["verb_id", 1014]]
11:09:26 web.1  |   [1m[36m (0.3ms)[0m  [1mSELECT COUNT(*) FROM "personal_connections"  WHERE "personal_connections"."verb_id" = $1[0m  [["verb_id", 788]]
11:09:26 web.1  |   [1m[35m (0.3ms)[0m  SELECT COUNT(*) FROM "personal_connections"  WHERE "personal_connections"."verb_id" = $1  [["verb_id", 1350]]
11:09:26 web.1  |   [1m[36m (0.3ms)[0m  [1mSELECT COUNT(*) FROM "personal_connections"  WHERE "personal_connections"."verb_id" = $1[0m  [["verb_id", 1377]]
11:09:26 web.1  |   [1m[35m (0.3ms)[0m  SELECT COUNT(*) FROM "personal_connections"  WHERE "personal_connections"."verb_id" = $1  [["verb_id", 1092]]
11:09:26 web.1  |   [1m[36m (0.4ms)[0m  [1mSELECT COUNT(*) FROM "personal_connections"  WHERE "personal_connections"."verb_id" = $1[0m  [["verb_id", 22]]
11:09:26 web.1  |   [1m[35m (0.3ms)[0m  SELECT COUNT(*) FROM "personal_connections"  WHERE "personal_connections"."verb_id" = $1  [["verb_id", 947]]
11:09:26 web.1  |   [1m[36m (0.3ms)[0m  [1mSELECT COUNT(*) FROM "personal_connections"  WHERE "personal_connections"."verb_id" = $1[0m  [["verb_id", 790]]
11:09:26 web.1  |   [1m[35m (0.3ms)[0m  SELECT COUNT(*) FROM "personal_connections"  WHERE "personal_connections"."verb_id" = $1  [["verb_id", 1528]]
11:09:26 web.1  |   [1m[36m (0.4ms)[0m  [1mSELECT COUNT(*) FROM "personal_connections"  WHERE "personal_connections"."verb_id" = $1[0m  [["verb_id", 797]]
11:09:26 web.1  |   [1m[35m (0.4ms)[0m  SELECT COUNT(*) FROM "personal_connections"  WHERE "personal_connections"."verb_id" = $1  [["verb_id", 620]]
11:09:26 web.1  |   [1m[36m (0.3ms)[0m  [1mSELECT COUNT(*) FROM "personal_connections"  WHERE "personal_connections"."verb_id" = $1[0m  [["verb_id", 1340]]
11:09:26 web.1  |   [1m[35m (0.3ms)[0m  SELECT COUNT(*) FROM "personal_connections"  WHERE "personal_connections"."verb_id" = $1  [["verb_id", 771]]
11:09:26 web.1  |   [1m[36m (0.3ms)[0m  [1mSELECT COUNT(*) FROM "personal_connections"  WHERE "personal_connections"."verb_id" = $1[0m  [["verb_id", 218]]
11:09:26 web.1  |   [1m[35m (0.4ms)[0m  SELECT COUNT(*) FROM "personal_connections"  WHERE "personal_connections"."verb_id" = $1  [["verb_id", 382]]
11:09:26 web.1  |   [1m[36m (0.3ms)[0m  [1mSELECT COUNT(*) FROM "personal_connections"  WHERE "personal_connections"."verb_id" = $1[0m  [["verb_id", 799]]
11:09:26 web.1  |   [1m[35m (0.3ms)[0m  SELECT COUNT(*) FROM "personal_connections"  WHERE "personal_connections"."verb_id" = $1  [["verb_id", 1442]]
11:09:26 web.1  |   [1m[36m (0.3ms)[0m  [1mSELECT COUNT(*) FROM "personal_connections"  WHERE "personal_connections"."verb_id" = $1[0m  [["verb_id", 838]]
11:09:26 web.1  |   [1m[35m (0.3ms)[0m  SELECT COUNT(*) FROM "personal_connections"  WHERE "personal_connections"."verb_id" = $1  [["verb_id", 851]]
11:09:26 web.1  |   [1m[36m (0.3ms)[0m  [1mSELECT COUNT(*) FROM "personal_connections"  WHERE "personal_connections"."verb_id" = $1[0m  [["verb_id", 1546]]
11:09:26 web.1  |   [1m[35m (0.3ms)[0m  SELECT COUNT(*) FROM "personal_connections"  WHERE "personal_connections"."verb_id" = $1  [["verb_id", 925]]
11:09:26 web.1  |   [1m[36m (0.3ms)[0m  [1mSELECT COUNT(*) FROM "personal_connections"  WHERE "personal_connections"."verb_id" = $1[0m  [["verb_id", 956]]
11:09:26 web.1  |   [1m[35m (0.3ms)[0m  SELECT COUNT(*) FROM "personal_connections"  WHERE "personal_connections"."verb_id" = $1  [["verb_id", 1497]]
11:09:26 web.1  |   [1m[36m (0.3ms)[0m  [1mSELECT COUNT(*) FROM "personal_connections"  WHERE "personal_connections"."verb_id" = $1[0m  [["verb_id", 1512]]
11:09:26 web.1  |   [1m[35m (0.3ms)[0m  SELECT COUNT(*) FROM "personal_connections"  WHERE "personal_connections"."verb_id" = $1  [["verb_id", 1253]]
11:09:26 web.1  |   [1m[36m (0.3ms)[0m  [1mSELECT COUNT(*) FROM "personal_connections"  WHERE "personal_connections"."verb_id" = $1[0m  [["verb_id", 854]]
11:09:26 web.1  |   [1m[35m (0.3ms)[0m  SELECT COUNT(*) FROM "personal_connections"  WHERE "personal_connections"."verb_id" = $1  [["verb_id", 1145]]
11:09:26 web.1  |   [1m[36m (0.3ms)[0m  [1mSELECT COUNT(*) FROM "personal_connections"  WHERE "personal_connections"."verb_id" = $1[0m  [["verb_id", 1146]]
11:09:26 web.1  |   [1m[35m (0.3ms)[0m  SELECT COUNT(*) FROM "personal_connections"  WHERE "personal_connections"."verb_id" = $1  [["verb_id", 1075]]
11:09:26 web.1  |   [1m[36m (0.4ms)[0m  [1mSELECT COUNT(*) FROM "personal_connections"  WHERE "personal_connections"."verb_id" = $1[0m  [["verb_id", 1067]]
11:09:26 web.1  |   [1m[35m (0.3ms)[0m  SELECT COUNT(*) FROM "personal_connections"  WHERE "personal_connections"."verb_id" = $1  [["verb_id", 590]]
11:09:26 web.1  |   [1m[36m (0.3ms)[0m  [1mSELECT COUNT(*) FROM "personal_connections"  WHERE "personal_connections"."verb_id" = $1[0m  [["verb_id", 1281]]
11:09:26 web.1  |   [1m[35m (0.4ms)[0m  SELECT COUNT(*) FROM "personal_connections"  WHERE "personal_connections"."verb_id" = $1  [["verb_id", 662]]
11:09:26 web.1  |   [1m[36m (0.4ms)[0m  [1mSELECT COUNT(*) FROM "personal_connections"  WHERE "personal_connections"."verb_id" = $1[0m  [["verb_id", 63]]
11:09:26 web.1  |   [1m[35m (0.4ms)[0m  SELECT COUNT(*) FROM "personal_connections"  WHERE "personal_connections"."verb_id" = $1  [["verb_id", 1503]]
11:09:26 web.1  |   [1m[36m (0.3ms)[0m  [1mSELECT COUNT(*) FROM "personal_connections"  WHERE "personal_connections"."verb_id" = $1[0m  [["verb_id", 1237]]
11:09:26 web.1  |   [1m[35m (0.3ms)[0m  SELECT COUNT(*) FROM "personal_connections"  WHERE "personal_connections"."verb_id" = $1  [["verb_id", 648]]
11:09:26 web.1  |   [1m[36m (0.3ms)[0m  [1mSELECT COUNT(*) FROM "personal_connections"  WHERE "personal_connections"."verb_id" = $1[0m  [["verb_id", 410]]
11:09:26 web.1  |   [1m[35m (0.3ms)[0m  SELECT COUNT(*) FROM "personal_connections"  WHERE "personal_connections"."verb_id" = $1  [["verb_id", 1018]]
11:09:26 web.1  |   [1m[36m (0.3ms)[0m  [1mSELECT COUNT(*) FROM "personal_connections"  WHERE "personal_connections"."verb_id" = $1[0m  [["verb_id", 1228]]
11:09:26 web.1  |   [1m[35m (0.3ms)[0m  SELECT COUNT(*) FROM "personal_connections"  WHERE "personal_connections"."verb_id" = $1  [["verb_id", 1456]]
11:09:26 web.1  |   [1m[36m (0.3ms)[0m  [1mSELECT COUNT(*) FROM "personal_connections"  WHERE "personal_connections"."verb_id" = $1[0m  [["verb_id", 1165]]
11:09:26 web.1  |   [1m[35m (0.4ms)[0m  SELECT COUNT(*) FROM "personal_connections"  WHERE "personal_connections"."verb_id" = $1  [["verb_id", 185]]
11:09:26 web.1  |   [1m[36m (0.3ms)[0m  [1mSELECT COUNT(*) FROM "personal_connections"  WHERE "personal_connections"."verb_id" = $1[0m  [["verb_id", 444]]
11:09:26 web.1  |   [1m[35m (0.3ms)[0m  SELECT COUNT(*) FROM "personal_connections"  WHERE "personal_connections"."verb_id" = $1  [["verb_id", 650]]
11:09:26 web.1  |   [1m[36m (0.3ms)[0m  [1mSELECT COUNT(*) FROM "personal_connections"  WHERE "personal_connections"."verb_id" = $1[0m  [["verb_id", 1577]]
11:09:26 web.1  |   [1m[35m (0.3ms)[0m  SELECT COUNT(*) FROM "personal_connections"  WHERE "personal_connections"."verb_id" = $1  [["verb_id", 1126]]
11:09:26 web.1  |   [1m[36m (0.3ms)[0m  [1mSELECT COUNT(*) FROM "personal_connections"  WHERE "personal_connections"."verb_id" = $1[0m  [["verb_id", 1012]]
11:09:26 web.1  |   [1m[35m (0.3ms)[0m  SELECT COUNT(*) FROM "personal_connections"  WHERE "personal_connections"."verb_id" = $1  [["verb_id", 1208]]
11:09:26 web.1  |   [1m[36m (0.3ms)[0m  [1mSELECT COUNT(*) FROM "personal_connections"  WHERE "personal_connections"."verb_id" = $1[0m  [["verb_id", 1414]]
11:09:26 web.1  |   [1m[35m (0.4ms)[0m  SELECT COUNT(*) FROM "personal_connections"  WHERE "personal_connections"."verb_id" = $1  [["verb_id", 1098]]
11:09:26 web.1  |   [1m[36m (0.3ms)[0m  [1mSELECT COUNT(*) FROM "personal_connections"  WHERE "personal_connections"."verb_id" = $1[0m  [["verb_id", 1513]]
11:09:26 web.1  |   [1m[35m (0.5ms)[0m  SELECT COUNT(*) FROM "personal_connections"  WHERE "personal_connections"."verb_id" = $1  [["verb_id", 362]]
11:09:26 web.1  |   [1m[36m (0.3ms)[0m  [1mSELECT COUNT(*) FROM "personal_connections"  WHERE "personal_connections"."verb_id" = $1[0m  [["verb_id", 1136]]
11:09:26 web.1  |   [1m[35m (0.3ms)[0m  SELECT COUNT(*) FROM "personal_connections"  WHERE "personal_connections"."verb_id" = $1  [["verb_id", 1498]]
11:09:26 web.1  |   [1m[36m (0.3ms)[0m  [1mSELECT COUNT(*) FROM "personal_connections"  WHERE "personal_connections"."verb_id" = $1[0m  [["verb_id", 1555]]
11:09:26 web.1  |   [1m[35m (0.3ms)[0m  SELECT COUNT(*) FROM "personal_connections"  WHERE "personal_connections"."verb_id" = $1  [["verb_id", 1475]]
11:09:26 web.1  |   [1m[36m (0.4ms)[0m  [1mSELECT COUNT(*) FROM "personal_connections"  WHERE "personal_connections"."verb_id" = $1[0m  [["verb_id", 705]]
11:09:26 web.1  |   [1m[35m (0.3ms)[0m  SELECT COUNT(*) FROM "personal_connections"  WHERE "personal_connections"."verb_id" = $1  [["verb_id", 1478]]
11:09:26 web.1  |   [1m[36m (0.4ms)[0m  [1mSELECT COUNT(*) FROM "personal_connections"  WHERE "personal_connections"."verb_id" = $1[0m  [["verb_id", 1164]]
11:09:26 web.1  |   [1m[35m (0.3ms)[0m  SELECT COUNT(*) FROM "personal_connections"  WHERE "personal_connections"."verb_id" = $1  [["verb_id", 741]]
11:09:26 web.1  |   [1m[36m (0.3ms)[0m  [1mSELECT COUNT(*) FROM "personal_connections"  WHERE "personal_connections"."verb_id" = $1[0m  [["verb_id", 1360]]
11:09:26 web.1  |   [1m[35m (0.4ms)[0m  SELECT COUNT(*) FROM "personal_connections"  WHERE "personal_connections"."verb_id" = $1  [["verb_id", 773]]
11:09:26 web.1  |   [1m[36m (0.3ms)[0m  [1mSELECT COUNT(*) FROM "personal_connections"  WHERE "personal_connections"."verb_id" = $1[0m  [["verb_id", 1024]]
11:09:26 web.1  |   [1m[35m (0.3ms)[0m  SELECT COUNT(*) FROM "personal_connections"  WHERE "personal_connections"."verb_id" = $1  [["verb_id", 1192]]
11:09:26 web.1  |   [1m[36m (0.3ms)[0m  [1mSELECT COUNT(*) FROM "personal_connections"  WHERE "personal_connections"."verb_id" = $1[0m  [["verb_id", 584]]
11:09:26 web.1  |   [1m[35m (0.3ms)[0m  SELECT COUNT(*) FROM "personal_connections"  WHERE "personal_connections"."verb_id" = $1  [["verb_id", 512]]
11:09:26 web.1  |   [1m[36m (0.3ms)[0m  [1mSELECT COUNT(*) FROM "personal_connections"  WHERE "personal_connections"."verb_id" = $1[0m  [["verb_id", 1068]]
11:09:26 web.1  |   [1m[35m (0.3ms)[0m  SELECT COUNT(*) FROM "personal_connections"  WHERE "personal_connections"."verb_id" = $1  [["verb_id", 1356]]
11:09:26 web.1  |   [1m[36m (0.3ms)[0m  [1mSELECT COUNT(*) FROM "personal_connections"  WHERE "personal_connections"."verb_id" = $1[0m  [["verb_id", 372]]
11:09:26 web.1  |   [1m[35m (0.3ms)[0m  SELECT COUNT(*) FROM "personal_connections"  WHERE "personal_connections"."verb_id" = $1  [["verb_id", 1302]]
11:09:26 web.1  |   [1m[36m (0.3ms)[0m  [1mSELECT COUNT(*) FROM "personal_connections"  WHERE "personal_connections"."verb_id" = $1[0m  [["verb_id", 1507]]
11:09:26 web.1  |   [1m[35m (0.3ms)[0m  SELECT COUNT(*) FROM "personal_connections"  WHERE "personal_connections"."verb_id" = $1  [["verb_id", 232]]
11:09:26 web.1  |   [1m[36m (0.3ms)[0m  [1mSELECT COUNT(*) FROM "personal_connections"  WHERE "personal_connections"."verb_id" = $1[0m  [["verb_id", 1495]]
11:09:26 web.1  |   [1m[35m (0.3ms)[0m  SELECT COUNT(*) FROM "personal_connections"  WHERE "personal_connections"."verb_id" = $1  [["verb_id", 1250]]
11:09:26 web.1  |   [1m[36m (0.8ms)[0m  [1mSELECT COUNT(*) FROM "personal_connections"  WHERE "personal_connections"."verb_id" = $1[0m  [["verb_id", 715]]
11:09:26 web.1  |   [1m[35m (0.3ms)[0m  SELECT COUNT(*) FROM "personal_connections"  WHERE "personal_connections"."verb_id" = $1  [["verb_id", 396]]
11:09:26 web.1  |   [1m[36m (0.3ms)[0m  [1mSELECT COUNT(*) FROM "personal_connections"  WHERE "personal_connections"."verb_id" = $1[0m  [["verb_id", 1540]]
11:09:26 web.1  |   [1m[35m (0.6ms)[0m  SELECT COUNT(*) FROM "personal_connections"  WHERE "personal_connections"."verb_id" = $1  [["verb_id", 13]]
11:09:26 web.1  |   [1m[36m (0.4ms)[0m  [1mSELECT COUNT(*) FROM "personal_connections"  WHERE "personal_connections"."verb_id" = $1[0m  [["verb_id", 1229]]
11:09:26 web.1  |   [1m[35m (0.3ms)[0m  SELECT COUNT(*) FROM "personal_connections"  WHERE "personal_connections"."verb_id" = $1  [["verb_id", 1053]]
11:09:26 web.1  |   [1m[36m (0.4ms)[0m  [1mSELECT COUNT(*) FROM "personal_connections"  WHERE "personal_connections"."verb_id" = $1[0m  [["verb_id", 302]]
11:09:26 web.1  |   [1m[35m (0.3ms)[0m  SELECT COUNT(*) FROM "personal_connections"  WHERE "personal_connections"."verb_id" = $1  [["verb_id", 917]]
11:09:26 web.1  |   [1m[36m (0.3ms)[0m  [1mSELECT COUNT(*) FROM "personal_connections"  WHERE "personal_connections"."verb_id" = $1[0m  [["verb_id", 1101]]
11:09:26 web.1  |   [1m[35m (0.3ms)[0m  SELECT COUNT(*) FROM "personal_connections"  WHERE "personal_connections"."verb_id" = $1  [["verb_id", 498]]
11:09:26 web.1  |   [1m[36m (0.3ms)[0m  [1mSELECT COUNT(*) FROM "personal_connections"  WHERE "personal_connections"."verb_id" = $1[0m  [["verb_id", 298]]
11:09:26 web.1  |   [1m[35m (0.3ms)[0m  SELECT COUNT(*) FROM "personal_connections"  WHERE "personal_connections"."verb_id" = $1  [["verb_id", 506]]
11:09:26 web.1  |   [1m[36m (0.3ms)[0m  [1mSELECT COUNT(*) FROM "personal_connections"  WHERE "personal_connections"."verb_id" = $1[0m  [["verb_id", 1330]]
11:09:27 web.1  |   [1m[35m (0.4ms)[0m  SELECT COUNT(*) FROM "personal_connections"  WHERE "personal_connections"."verb_id" = $1  [["verb_id", 10]]
11:09:27 web.1  |   [1m[36m (0.3ms)[0m  [1mSELECT COUNT(*) FROM "personal_connections"  WHERE "personal_connections"."verb_id" = $1[0m  [["verb_id", 776]]
11:09:27 web.1  |   [1m[35m (0.4ms)[0m  SELECT COUNT(*) FROM "personal_connections"  WHERE "personal_connections"."verb_id" = $1  [["verb_id", 310]]
11:09:27 web.1  |   [1m[36m (0.3ms)[0m  [1mSELECT COUNT(*) FROM "personal_connections"  WHERE "personal_connections"."verb_id" = $1[0m  [["verb_id", 679]]
11:09:27 web.1  |   [1m[35m (0.3ms)[0m  SELECT COUNT(*) FROM "personal_connections"  WHERE "personal_connections"."verb_id" = $1  [["verb_id", 869]]
11:09:27 web.1  |   [1m[36m (0.5ms)[0m  [1mSELECT COUNT(*) FROM "personal_connections"  WHERE "personal_connections"."verb_id" = $1[0m  [["verb_id", 968]]
11:09:27 web.1  |   [1m[35m (0.3ms)[0m  SELECT COUNT(*) FROM "personal_connections"  WHERE "personal_connections"."verb_id" = $1  [["verb_id", 1575]]
11:09:27 web.1  |   [1m[36m (0.3ms)[0m  [1mSELECT COUNT(*) FROM "personal_connections"  WHERE "personal_connections"."verb_id" = $1[0m  [["verb_id", 901]]
11:09:27 web.1  |   [1m[35m (0.3ms)[0m  SELECT COUNT(*) FROM "personal_connections"  WHERE "personal_connections"."verb_id" = $1  [["verb_id", 736]]
11:09:27 web.1  |   [1m[36m (0.4ms)[0m  [1mSELECT COUNT(*) FROM "personal_connections"  WHERE "personal_connections"."verb_id" = $1[0m  [["verb_id", 462]]
11:09:27 web.1  |   [1m[35m (0.3ms)[0m  SELECT COUNT(*) FROM "personal_connections"  WHERE "personal_connections"."verb_id" = $1  [["verb_id", 930]]
11:09:27 web.1  |   [1m[36m (0.4ms)[0m  [1mSELECT COUNT(*) FROM "personal_connections"  WHERE "personal_connections"."verb_id" = $1[0m  [["verb_id", 15]]
11:09:27 web.1  |   [1m[35m (0.3ms)[0m  SELECT COUNT(*) FROM "personal_connections"  WHERE "personal_connections"."verb_id" = $1  [["verb_id", 704]]
11:09:27 web.1  |   [1m[36m (0.3ms)[0m  [1mSELECT COUNT(*) FROM "personal_connections"  WHERE "personal_connections"."verb_id" = $1[0m  [["verb_id", 1552]]
11:09:27 web.1  |   [1m[35m (0.3ms)[0m  SELECT COUNT(*) FROM "personal_connections"  WHERE "personal_connections"."verb_id" = $1  [["verb_id", 1172]]
11:09:27 web.1  |   [1m[36m (0.3ms)[0m  [1mSELECT COUNT(*) FROM "personal_connections"  WHERE "personal_connections"."verb_id" = $1[0m  [["verb_id", 1216]]
11:09:27 web.1  |   [1m[35m (0.4ms)[0m  SELECT COUNT(*) FROM "personal_connections"  WHERE "personal_connections"."verb_id" = $1  [["verb_id", 1557]]
11:09:27 web.1  |   [1m[36m (0.3ms)[0m  [1mSELECT COUNT(*) FROM "personal_connections"  WHERE "personal_connections"."verb_id" = $1[0m  [["verb_id", 576]]
11:09:27 web.1  |   [1m[35m (0.3ms)[0m  SELECT COUNT(*) FROM "personal_connections"  WHERE "personal_connections"."verb_id" = $1  [["verb_id", 846]]
11:09:27 web.1  |   [1m[36m (0.3ms)[0m  [1mSELECT COUNT(*) FROM "personal_connections"  WHERE "personal_connections"."verb_id" = $1[0m  [["verb_id", 1363]]
11:09:27 web.1  |   [1m[35m (0.4ms)[0m  SELECT COUNT(*) FROM "personal_connections"  WHERE "personal_connections"."verb_id" = $1  [["verb_id", 932]]
11:09:27 web.1  |   [1m[36m (0.3ms)[0m  [1mSELECT COUNT(*) FROM "personal_connections"  WHERE "personal_connections"."verb_id" = $1[0m  [["verb_id", 693]]
11:09:27 web.1  |   [1m[35m (0.3ms)[0m  SELECT COUNT(*) FROM "personal_connections"  WHERE "personal_connections"."verb_id" = $1  [["verb_id", 1153]]
11:09:27 web.1  |   [1m[36m (0.3ms)[0m  [1mSELECT COUNT(*) FROM "personal_connections"  WHERE "personal_connections"."verb_id" = $1[0m  [["verb_id", 829]]
11:09:27 web.1  |   [1m[35m (0.4ms)[0m  SELECT COUNT(*) FROM "personal_connections"  WHERE "personal_connections"."verb_id" = $1  [["verb_id", 1445]]
11:09:27 web.1  |   [1m[36m (0.3ms)[0m  [1mSELECT COUNT(*) FROM "personal_connections"  WHERE "personal_connections"."verb_id" = $1[0m  [["verb_id", 133]]
11:09:27 web.1  |   [1m[35m (0.4ms)[0m  SELECT COUNT(*) FROM "personal_connections"  WHERE "personal_connections"."verb_id" = $1  [["verb_id", 25]]
11:09:27 web.1  |   [1m[36m (0.3ms)[0m  [1mSELECT COUNT(*) FROM "personal_connections"  WHERE "personal_connections"."verb_id" = $1[0m  [["verb_id", 614]]
11:09:27 web.1  |   [1m[35m (0.3ms)[0m  SELECT COUNT(*) FROM "personal_connections"  WHERE "personal_connections"."verb_id" = $1  [["verb_id", 117]]
11:09:27 web.1  |   [1m[36m (0.3ms)[0m  [1mSELECT COUNT(*) FROM "personal_connections"  WHERE "personal_connections"."verb_id" = $1[0m  [["verb_id", 264]]
11:09:27 web.1  |   [1m[35m (0.3ms)[0m  SELECT COUNT(*) FROM "personal_connections"  WHERE "personal_connections"."verb_id" = $1  [["verb_id", 1382]]
11:09:27 web.1  |   [1m[36m (0.3ms)[0m  [1mSELECT COUNT(*) FROM "personal_connections"  WHERE "personal_connections"."verb_id" = $1[0m  [["verb_id", 352]]
11:09:27 web.1  |   [1m[35m (0.3ms)[0m  SELECT COUNT(*) FROM "personal_connections"  WHERE "personal_connections"."verb_id" = $1  [["verb_id", 1065]]
11:09:27 web.1  |   [1m[36m (0.3ms)[0m  [1mSELECT COUNT(*) FROM "personal_connections"  WHERE "personal_connections"."verb_id" = $1[0m  [["verb_id", 822]]
11:09:27 web.1  |   [1m[35m (0.3ms)[0m  SELECT COUNT(*) FROM "personal_connections"  WHERE "personal_connections"."verb_id" = $1  [["verb_id", 364]]
11:09:27 web.1  |   [1m[36m (0.4ms)[0m  [1mSELECT COUNT(*) FROM "personal_connections"  WHERE "personal_connections"."verb_id" = $1[0m  [["verb_id", 39]]
11:09:27 web.1  |   [1m[35m (0.3ms)[0m  SELECT COUNT(*) FROM "personal_connections"  WHERE "personal_connections"."verb_id" = $1  [["verb_id", 1518]]
11:09:27 web.1  |   [1m[36m (0.3ms)[0m  [1mSELECT COUNT(*) FROM "personal_connections"  WHERE "personal_connections"."verb_id" = $1[0m  [["verb_id", 1044]]
11:09:27 web.1  |   [1m[35m (0.3ms)[0m  SELECT COUNT(*) FROM "personal_connections"  WHERE "personal_connections"."verb_id" = $1  [["verb_id", 856]]
11:09:27 web.1  |   [1m[36m (0.3ms)[0m  [1mSELECT COUNT(*) FROM "personal_connections"  WHERE "personal_connections"."verb_id" = $1[0m  [["verb_id", 1191]]
11:09:27 web.1  |   [1m[35m (0.3ms)[0m  SELECT COUNT(*) FROM "personal_connections"  WHERE "personal_connections"."verb_id" = $1  [["verb_id", 446]]
11:09:27 web.1  |   [1m[36m (0.3ms)[0m  [1mSELECT COUNT(*) FROM "personal_connections"  WHERE "personal_connections"."verb_id" = $1[0m  [["verb_id", 890]]
11:09:27 web.1  |   [1m[35m (0.3ms)[0m  SELECT COUNT(*) FROM "personal_connections"  WHERE "personal_connections"."verb_id" = $1  [["verb_id", 1094]]
11:09:27 web.1  |   [1m[36m (0.4ms)[0m  [1mSELECT COUNT(*) FROM "personal_connections"  WHERE "personal_connections"."verb_id" = $1[0m  [["verb_id", 69]]
11:09:27 web.1  |   [1m[35m (0.3ms)[0m  SELECT COUNT(*) FROM "personal_connections"  WHERE "personal_connections"."verb_id" = $1  [["verb_id", 1246]]
11:09:27 web.1  |   [1m[36m (0.3ms)[0m  [1mSELECT COUNT(*) FROM "personal_connections"  WHERE "personal_connections"."verb_id" = $1[0m  [["verb_id", 831]]
11:09:27 web.1  |   [1m[35m (0.4ms)[0m  SELECT COUNT(*) FROM "personal_connections"  WHERE "personal_connections"."verb_id" = $1  [["verb_id", 765]]
11:09:27 web.1  |   [1m[36m (0.4ms)[0m  [1mSELECT COUNT(*) FROM "personal_connections"  WHERE "personal_connections"."verb_id" = $1[0m  [["verb_id", 834]]
11:09:27 web.1  |   [1m[35m (1.3ms)[0m  SELECT COUNT(*) FROM "personal_connections"  WHERE "personal_connections"."verb_id" = $1  [["verb_id", 222]]
11:09:27 web.1  |   [1m[36m (0.3ms)[0m  [1mSELECT COUNT(*) FROM "personal_connections"  WHERE "personal_connections"."verb_id" = $1[0m  [["verb_id", 556]]
11:09:27 web.1  |   [1m[35m (0.3ms)[0m  SELECT COUNT(*) FROM "personal_connections"  WHERE "personal_connections"."verb_id" = $1  [["verb_id", 1032]]
11:09:27 web.1  |   [1m[36m (0.3ms)[0m  [1mSELECT COUNT(*) FROM "personal_connections"  WHERE "personal_connections"."verb_id" = $1[0m  [["verb_id", 1189]]
11:09:27 web.1  |   [1m[35m (0.4ms)[0m  SELECT COUNT(*) FROM "personal_connections"  WHERE "personal_connections"."verb_id" = $1  [["verb_id", 691]]
11:09:27 web.1  |   [1m[36m (0.4ms)[0m  [1mSELECT COUNT(*) FROM "personal_connections"  WHERE "personal_connections"."verb_id" = $1[0m  [["verb_id", 1221]]
11:09:27 web.1  |   [1m[35m (0.3ms)[0m  SELECT COUNT(*) FROM "personal_connections"  WHERE "personal_connections"."verb_id" = $1  [["verb_id", 1033]]
11:09:27 web.1  |   [1m[36m (0.3ms)[0m  [1mSELECT COUNT(*) FROM "personal_connections"  WHERE "personal_connections"."verb_id" = $1[0m  [["verb_id", 322]]
11:09:27 web.1  |   [1m[35m (0.3ms)[0m  SELECT COUNT(*) FROM "personal_connections"  WHERE "personal_connections"."verb_id" = $1  [["verb_id", 1041]]
11:09:27 web.1  |   [1m[36m (0.3ms)[0m  [1mSELECT COUNT(*) FROM "personal_connections"  WHERE "personal_connections"."verb_id" = $1[0m  [["verb_id", 1264]]
11:09:27 web.1  |   [1m[35m (0.3ms)[0m  SELECT COUNT(*) FROM "personal_connections"  WHERE "personal_connections"."verb_id" = $1  [["verb_id", 1152]]
11:09:27 web.1  |   [1m[36m (0.3ms)[0m  [1mSELECT COUNT(*) FROM "personal_connections"  WHERE "personal_connections"."verb_id" = $1[0m  [["verb_id", 723]]
11:09:27 web.1  |   [1m[35m (0.3ms)[0m  SELECT COUNT(*) FROM "personal_connections"  WHERE "personal_connections"."verb_id" = $1  [["verb_id", 552]]
11:09:27 web.1  |   [1m[36m (0.3ms)[0m  [1mSELECT COUNT(*) FROM "personal_connections"  WHERE "personal_connections"."verb_id" = $1[0m  [["verb_id", 1166]]
11:09:27 web.1  |   [1m[35m (0.3ms)[0m  SELECT COUNT(*) FROM "personal_connections"  WHERE "personal_connections"."verb_id" = $1  [["verb_id", 1211]]
11:09:27 web.1  |   [1m[36m (0.4ms)[0m  [1mSELECT COUNT(*) FROM "personal_connections"  WHERE "personal_connections"."verb_id" = $1[0m  [["verb_id", 564]]
11:09:27 web.1  |   [1m[35m (0.3ms)[0m  SELECT COUNT(*) FROM "personal_connections"  WHERE "personal_connections"."verb_id" = $1  [["verb_id", 518]]
11:09:27 web.1  |   [1m[36m (0.3ms)[0m  [1mSELECT COUNT(*) FROM "personal_connections"  WHERE "personal_connections"."verb_id" = $1[0m  [["verb_id", 1048]]
11:09:27 web.1  |   [1m[35m (0.3ms)[0m  SELECT COUNT(*) FROM "personal_connections"  WHERE "personal_connections"."verb_id" = $1  [["verb_id", 230]]
11:09:27 web.1  |   [1m[36m (0.3ms)[0m  [1mSELECT COUNT(*) FROM "personal_connections"  WHERE "personal_connections"."verb_id" = $1[0m  [["verb_id", 998]]
11:09:27 web.1  |   [1m[35m (0.3ms)[0m  SELECT COUNT(*) FROM "personal_connections"  WHERE "personal_connections"."verb_id" = $1  [["verb_id", 288]]
11:09:27 web.1  |   [1m[36m (0.3ms)[0m  [1mSELECT COUNT(*) FROM "personal_connections"  WHERE "personal_connections"."verb_id" = $1[0m  [["verb_id", 1560]]
11:09:27 web.1  |   [1m[35m (0.4ms)[0m  SELECT COUNT(*) FROM "personal_connections"  WHERE "personal_connections"."verb_id" = $1  [["verb_id", 1533]]
11:09:27 web.1  |   [1m[36m (0.3ms)[0m  [1mSELECT COUNT(*) FROM "personal_connections"  WHERE "personal_connections"."verb_id" = $1[0m  [["verb_id", 866]]
11:09:27 web.1  |   [1m[35m (0.3ms)[0m  SELECT COUNT(*) FROM "personal_connections"  WHERE "personal_connections"."verb_id" = $1  [["verb_id", 1108]]
11:09:27 web.1  |   [1m[36m (0.4ms)[0m  [1mSELECT COUNT(*) FROM "personal_connections"  WHERE "personal_connections"."verb_id" = $1[0m  [["verb_id", 1163]]
11:09:27 web.1  |   [1m[35m (0.3ms)[0m  SELECT COUNT(*) FROM "personal_connections"  WHERE "personal_connections"."verb_id" = $1  [["verb_id", 1123]]
11:09:27 web.1  |   [1m[36m (0.6ms)[0m  [1mSELECT COUNT(*) FROM "personal_connections"  WHERE "personal_connections"."verb_id" = $1[0m  [["verb_id", 8]]
11:09:27 web.1  |   [1m[35m (0.5ms)[0m  SELECT COUNT(*) FROM "personal_connections"  WHERE "personal_connections"."verb_id" = $1  [["verb_id", 504]]
11:09:27 web.1  |   [1m[36m (0.4ms)[0m  [1mSELECT COUNT(*) FROM "personal_connections"  WHERE "personal_connections"."verb_id" = $1[0m  [["verb_id", 1031]]
11:09:27 web.1  |   [1m[35m (0.4ms)[0m  SELECT COUNT(*) FROM "personal_connections"  WHERE "personal_connections"."verb_id" = $1  [["verb_id", 778]]
11:09:27 web.1  |   [1m[36m (0.3ms)[0m  [1mSELECT COUNT(*) FROM "personal_connections"  WHERE "personal_connections"."verb_id" = $1[0m  [["verb_id", 1036]]
11:09:27 web.1  |   [1m[35m (0.4ms)[0m  SELECT COUNT(*) FROM "personal_connections"  WHERE "personal_connections"."verb_id" = $1  [["verb_id", 292]]
11:09:27 web.1  |   [1m[36m (0.3ms)[0m  [1mSELECT COUNT(*) FROM "personal_connections"  WHERE "personal_connections"."verb_id" = $1[0m  [["verb_id", 1459]]
11:09:27 web.1  |   [1m[35m (0.3ms)[0m  SELECT COUNT(*) FROM "personal_connections"  WHERE "personal_connections"."verb_id" = $1  [["verb_id", 881]]
11:09:27 web.1  |   [1m[36m (0.3ms)[0m  [1mSELECT COUNT(*) FROM "personal_connections"  WHERE "personal_connections"."verb_id" = $1[0m  [["verb_id", 1233]]
11:09:27 web.1  |   [1m[35m (0.3ms)[0m  SELECT COUNT(*) FROM "personal_connections"  WHERE "personal_connections"."verb_id" = $1  [["verb_id", 1185]]
11:09:27 web.1  |   [1m[36m (0.3ms)[0m  [1mSELECT COUNT(*) FROM "personal_connections"  WHERE "personal_connections"."verb_id" = $1[0m  [["verb_id", 1037]]
11:09:27 web.1  |   [1m[35m (0.3ms)[0m  SELECT COUNT(*) FROM "personal_connections"  WHERE "personal_connections"."verb_id" = $1  [["verb_id", 816]]
11:09:27 web.1  |   [1m[36m (0.4ms)[0m  [1mSELECT COUNT(*) FROM "personal_connections"  WHERE "personal_connections"."verb_id" = $1[0m  [["verb_id", 1045]]
11:09:27 web.1  |   [1m[35m (0.4ms)[0m  SELECT COUNT(*) FROM "personal_connections"  WHERE "personal_connections"."verb_id" = $1  [["verb_id", 1140]]
11:09:27 web.1  |   [1m[36m (0.3ms)[0m  [1mSELECT COUNT(*) FROM "personal_connections"  WHERE "personal_connections"."verb_id" = $1[0m  [["verb_id", 1525]]
11:09:27 web.1  |   [1m[35m (0.3ms)[0m  SELECT COUNT(*) FROM "personal_connections"  WHERE "personal_connections"."verb_id" = $1  [["verb_id", 1458]]
11:09:27 web.1  |   [1m[36m (0.3ms)[0m  [1mSELECT COUNT(*) FROM "personal_connections"  WHERE "personal_connections"."verb_id" = $1[0m  [["verb_id", 896]]
11:09:27 web.1  |   [1m[35m (0.4ms)[0m  SELECT COUNT(*) FROM "personal_connections"  WHERE "personal_connections"."verb_id" = $1  [["verb_id", 1479]]
11:09:27 web.1  |   [1m[36m (0.3ms)[0m  [1mSELECT COUNT(*) FROM "personal_connections"  WHERE "personal_connections"."verb_id" = $1[0m  [["verb_id", 1186]]
11:09:27 web.1  |   [1m[35m (0.3ms)[0m  SELECT COUNT(*) FROM "personal_connections"  WHERE "personal_connections"."verb_id" = $1  [["verb_id", 1161]]
11:09:27 web.1  |   [1m[36m (0.3ms)[0m  [1mSELECT COUNT(*) FROM "personal_connections"  WHERE "personal_connections"."verb_id" = $1[0m  [["verb_id", 805]]
11:09:27 web.1  |   [1m[35m (0.3ms)[0m  SELECT COUNT(*) FROM "personal_connections"  WHERE "personal_connections"."verb_id" = $1  [["verb_id", 900]]
11:09:27 web.1  |   [1m[36m (0.3ms)[0m  [1mSELECT COUNT(*) FROM "personal_connections"  WHERE "personal_connections"."verb_id" = $1[0m  [["verb_id", 814]]
11:09:27 web.1  |   [1m[35m (0.3ms)[0m  SELECT COUNT(*) FROM "personal_connections"  WHERE "personal_connections"."verb_id" = $1  [["verb_id", 226]]
11:09:27 web.1  |   [1m[36m (0.3ms)[0m  [1mSELECT COUNT(*) FROM "personal_connections"  WHERE "personal_connections"."verb_id" = $1[0m  [["verb_id", 644]]
11:09:27 web.1  |   [1m[35m (0.3ms)[0m  SELECT COUNT(*) FROM "personal_connections"  WHERE "personal_connections"."verb_id" = $1  [["verb_id", 804]]
11:09:27 web.1  |   [1m[36m (0.3ms)[0m  [1mSELECT COUNT(*) FROM "personal_connections"  WHERE "personal_connections"."verb_id" = $1[0m  [["verb_id", 937]]
11:09:27 web.1  |   [1m[35m (0.3ms)[0m  SELECT COUNT(*) FROM "personal_connections"  WHERE "personal_connections"."verb_id" = $1  [["verb_id", 926]]
11:09:27 web.1  |   [1m[36m (0.3ms)[0m  [1mSELECT COUNT(*) FROM "personal_connections"  WHERE "personal_connections"."verb_id" = $1[0m  [["verb_id", 916]]
11:09:27 web.1  |   [1m[35m (0.4ms)[0m  SELECT COUNT(*) FROM "personal_connections"  WHERE "personal_connections"."verb_id" = $1  [["verb_id", 49]]
11:09:27 web.1  |   [1m[36m (0.3ms)[0m  [1mSELECT COUNT(*) FROM "personal_connections"  WHERE "personal_connections"."verb_id" = $1[0m  [["verb_id", 430]]
11:09:27 web.1  |   [1m[35m (0.3ms)[0m  SELECT COUNT(*) FROM "personal_connections"  WHERE "personal_connections"."verb_id" = $1  [["verb_id", 1054]]
11:09:27 web.1  |   [1m[36m (0.4ms)[0m  [1mSELECT COUNT(*) FROM "personal_connections"  WHERE "personal_connections"."verb_id" = $1[0m  [["verb_id", 1538]]
11:09:27 web.1  |   [1m[35m (0.3ms)[0m  SELECT COUNT(*) FROM "personal_connections"  WHERE "personal_connections"."verb_id" = $1  [["verb_id", 1004]]
11:09:27 web.1  |   [1m[36m (0.3ms)[0m  [1mSELECT COUNT(*) FROM "personal_connections"  WHERE "personal_connections"."verb_id" = $1[0m  [["verb_id", 1298]]
11:09:27 web.1  |   [1m[35m (0.3ms)[0m  SELECT COUNT(*) FROM "personal_connections"  WHERE "personal_connections"."verb_id" = $1  [["verb_id", 1118]]
11:09:27 web.1  |   [1m[36m (0.3ms)[0m  [1mSELECT COUNT(*) FROM "personal_connections"  WHERE "personal_connections"."verb_id" = $1[0m  [["verb_id", 1532]]
11:09:27 web.1  |   [1m[35m (0.3ms)[0m  SELECT COUNT(*) FROM "personal_connections"  WHERE "personal_connections"."verb_id" = $1  [["verb_id", 1198]]
11:09:27 web.1  |   [1m[36m (0.4ms)[0m  [1mSELECT COUNT(*) FROM "personal_connections"  WHERE "personal_connections"."verb_id" = $1[0m  [["verb_id", 826]]
11:09:27 web.1  |   [1m[35m (0.3ms)[0m  SELECT COUNT(*) FROM "personal_connections"  WHERE "personal_connections"."verb_id" = $1  [["verb_id", 1349]]
11:09:27 web.1  |   [1m[36m (0.3ms)[0m  [1mSELECT COUNT(*) FROM "personal_connections"  WHERE "personal_connections"."verb_id" = $1[0m  [["verb_id", 1338]]
11:09:27 web.1  |   [1m[35m (0.4ms)[0m  SELECT COUNT(*) FROM "personal_connections"  WHERE "personal_connections"."verb_id" = $1  [["verb_id", 384]]
11:09:27 web.1  |   [1m[36m (0.4ms)[0m  [1mSELECT COUNT(*) FROM "personal_connections"  WHERE "personal_connections"."verb_id" = $1[0m  [["verb_id", 630]]
11:09:27 web.1  |   [1m[35m (0.3ms)[0m  SELECT COUNT(*) FROM "personal_connections"  WHERE "personal_connections"."verb_id" = $1  [["verb_id", 284]]
11:09:27 web.1  |   [1m[36m (0.3ms)[0m  [1mSELECT COUNT(*) FROM "personal_connections"  WHERE "personal_connections"."verb_id" = $1[0m  [["verb_id", 1179]]
11:09:27 web.1  |   [1m[35m (0.3ms)[0m  SELECT COUNT(*) FROM "personal_connections"  WHERE "personal_connections"."verb_id" = $1  [["verb_id", 920]]
11:09:27 web.1  |   [1m[36m (0.3ms)[0m  [1mSELECT COUNT(*) FROM "personal_connections"  WHERE "personal_connections"."verb_id" = $1[0m  [["verb_id", 1212]]
11:09:27 web.1  |   [1m[35m (0.3ms)[0m  SELECT COUNT(*) FROM "personal_connections"  WHERE "personal_connections"."verb_id" = $1  [["verb_id", 622]]
11:09:27 web.1  |   [1m[36m (0.3ms)[0m  [1mSELECT COUNT(*) FROM "personal_connections"  WHERE "personal_connections"."verb_id" = $1[0m  [["verb_id", 898]]
11:09:27 web.1  |   [1m[35m (0.3ms)[0m  SELECT COUNT(*) FROM "personal_connections"  WHERE "personal_connections"."verb_id" = $1  [["verb_id", 1190]]
11:09:27 web.1  |   [1m[36m (0.3ms)[0m  [1mSELECT COUNT(*) FROM "personal_connections"  WHERE "personal_connections"."verb_id" = $1[0m  [["verb_id", 1134]]
11:09:27 web.1  |   [1m[35m (0.3ms)[0m  SELECT COUNT(*) FROM "personal_connections"  WHERE "personal_connections"."verb_id" = $1  [["verb_id", 955]]
11:09:27 web.1  |   [1m[36m (0.4ms)[0m  [1mSELECT COUNT(*) FROM "personal_connections"  WHERE "personal_connections"."verb_id" = $1[0m  [["verb_id", 280]]
11:09:27 web.1  |   [1m[35m (0.3ms)[0m  SELECT COUNT(*) FROM "personal_connections"  WHERE "personal_connections"."verb_id" = $1  [["verb_id", 735]]
11:09:27 web.1  |   [1m[36m (0.3ms)[0m  [1mSELECT COUNT(*) FROM "personal_connections"  WHERE "personal_connections"."verb_id" = $1[0m  [["verb_id", 750]]
11:09:27 web.1  |   [1m[35m (0.3ms)[0m  SELECT COUNT(*) FROM "personal_connections"  WHERE "personal_connections"."verb_id" = $1  [["verb_id", 1147]]
11:09:27 web.1  |   [1m[36m (0.3ms)[0m  [1mSELECT COUNT(*) FROM "personal_connections"  WHERE "personal_connections"."verb_id" = $1[0m  [["verb_id", 1362]]
11:09:27 web.1  |   [1m[35m (0.3ms)[0m  SELECT COUNT(*) FROM "personal_connections"  WHERE "personal_connections"."verb_id" = $1  [["verb_id", 772]]
11:09:27 web.1  |   [1m[36m (0.3ms)[0m  [1mSELECT COUNT(*) FROM "personal_connections"  WHERE "personal_connections"."verb_id" = $1[0m  [["verb_id", 1090]]
11:09:27 web.1  |   [1m[35m (0.3ms)[0m  SELECT COUNT(*) FROM "personal_connections"  WHERE "personal_connections"."verb_id" = $1  [["verb_id", 1240]]
11:09:27 web.1  |   [1m[36m (0.3ms)[0m  [1mSELECT COUNT(*) FROM "personal_connections"  WHERE "personal_connections"."verb_id" = $1[0m  [["verb_id", 878]]
11:09:27 web.1  |   [1m[35m (0.4ms)[0m  SELECT COUNT(*) FROM "personal_connections"  WHERE "personal_connections"."verb_id" = $1  [["verb_id", 1239]]
11:09:27 web.1  |   [1m[36m (0.3ms)[0m  [1mSELECT COUNT(*) FROM "personal_connections"  WHERE "personal_connections"."verb_id" = $1[0m  [["verb_id", 810]]
11:09:27 web.1  |   [1m[35m (0.4ms)[0m  SELECT COUNT(*) FROM "personal_connections"  WHERE "personal_connections"."verb_id" = $1  [["verb_id", 907]]
11:09:27 web.1  |   [1m[36m (0.3ms)[0m  [1mSELECT COUNT(*) FROM "personal_connections"  WHERE "personal_connections"."verb_id" = $1[0m  [["verb_id", 1275]]
11:09:27 web.1  |   [1m[35m (0.3ms)[0m  SELECT COUNT(*) FROM "personal_connections"  WHERE "personal_connections"."verb_id" = $1  [["verb_id", 1170]]
11:09:27 web.1  |   [1m[36m (0.3ms)[0m  [1mSELECT COUNT(*) FROM "personal_connections"  WHERE "personal_connections"."verb_id" = $1[0m  [["verb_id", 1464]]
11:09:27 web.1  |   [1m[35m (0.3ms)[0m  SELECT COUNT(*) FROM "personal_connections"  WHERE "personal_connections"."verb_id" = $1  [["verb_id", 286]]
11:09:27 web.1  |   [1m[36m (0.4ms)[0m  [1mSELECT COUNT(*) FROM "personal_connections"  WHERE "personal_connections"."verb_id" = $1[0m  [["verb_id", 933]]
11:09:27 web.1  |   [1m[35m (0.5ms)[0m  SELECT COUNT(*) FROM "personal_connections"  WHERE "personal_connections"."verb_id" = $1  [["verb_id", 1220]]
11:09:27 web.1  |   [1m[36m (0.3ms)[0m  [1mSELECT COUNT(*) FROM "personal_connections"  WHERE "personal_connections"."verb_id" = $1[0m  [["verb_id", 626]]
11:09:27 web.1  |   [1m[35m (0.3ms)[0m  SELECT COUNT(*) FROM "personal_connections"  WHERE "personal_connections"."verb_id" = $1  [["verb_id", 1549]]
11:09:27 web.1  |   [1m[36m (0.3ms)[0m  [1mSELECT COUNT(*) FROM "personal_connections"  WHERE "personal_connections"."verb_id" = $1[0m  [["verb_id", 858]]
11:09:27 web.1  |   [1m[35m (0.3ms)[0m  SELECT COUNT(*) FROM "personal_connections"  WHERE "personal_connections"."verb_id" = $1  [["verb_id", 1154]]
11:09:27 web.1  |   [1m[36m (0.3ms)[0m  [1mSELECT COUNT(*) FROM "personal_connections"  WHERE "personal_connections"."verb_id" = $1[0m  [["verb_id", 746]]
11:09:27 web.1  |   [1m[35m (0.3ms)[0m  SELECT COUNT(*) FROM "personal_connections"  WHERE "personal_connections"."verb_id" = $1  [["verb_id", 1194]]
11:09:27 web.1  |   [1m[36m (0.4ms)[0m  [1mSELECT COUNT(*) FROM "personal_connections"  WHERE "personal_connections"."verb_id" = $1[0m  [["verb_id", 1258]]
11:09:27 web.1  |   [1m[35m (0.3ms)[0m  SELECT COUNT(*) FROM "personal_connections"  WHERE "personal_connections"."verb_id" = $1  [["verb_id", 918]]
11:09:27 web.1  |   [1m[36m (0.4ms)[0m  [1mSELECT COUNT(*) FROM "personal_connections"  WHERE "personal_connections"."verb_id" = $1[0m  [["verb_id", 1288]]
11:09:27 web.1  |   [1m[35m (0.3ms)[0m  SELECT COUNT(*) FROM "personal_connections"  WHERE "personal_connections"."verb_id" = $1  [["verb_id", 1586]]
11:09:27 web.1  |   [1m[36m (0.3ms)[0m  [1mSELECT COUNT(*) FROM "personal_connections"  WHERE "personal_connections"."verb_id" = $1[0m  [["verb_id", 1537]]
11:09:27 web.1  |   [1m[35m (0.3ms)[0m  SELECT COUNT(*) FROM "personal_connections"  WHERE "personal_connections"."verb_id" = $1  [["verb_id", 1393]]
11:09:27 web.1  |   [1m[36m (0.3ms)[0m  [1mSELECT COUNT(*) FROM "personal_connections"  WHERE "personal_connections"."verb_id" = $1[0m  [["verb_id", 1396]]
11:09:28 web.1  |   [1m[35m (0.3ms)[0m  SELECT COUNT(*) FROM "personal_connections"  WHERE "personal_connections"."verb_id" = $1  [["verb_id", 1049]]
11:09:28 web.1  |   [1m[36m (0.3ms)[0m  [1mSELECT COUNT(*) FROM "personal_connections"  WHERE "personal_connections"."verb_id" = $1[0m  [["verb_id", 1543]]
11:09:28 web.1  |   [1m[35m (0.3ms)[0m  SELECT COUNT(*) FROM "personal_connections"  WHERE "personal_connections"."verb_id" = $1  [["verb_id", 1447]]
11:09:28 web.1  |   [1m[36m (0.4ms)[0m  [1mSELECT COUNT(*) FROM "personal_connections"  WHERE "personal_connections"."verb_id" = $1[0m  [["verb_id", 216]]
11:09:28 web.1  |   [1m[35m (0.3ms)[0m  SELECT COUNT(*) FROM "personal_connections"  WHERE "personal_connections"."verb_id" = $1  [["verb_id", 1371]]
11:09:28 web.1  |   [1m[36m (0.4ms)[0m  [1mSELECT COUNT(*) FROM "personal_connections"  WHERE "personal_connections"."verb_id" = $1[0m  [["verb_id", 832]]
11:09:28 web.1  |   [1m[35m (0.3ms)[0m  SELECT COUNT(*) FROM "personal_connections"  WHERE "personal_connections"."verb_id" = $1  [["verb_id", 1524]]
11:09:28 web.1  |   [1m[36m (0.3ms)[0m  [1mSELECT COUNT(*) FROM "personal_connections"  WHERE "personal_connections"."verb_id" = $1[0m  [["verb_id", 1129]]
11:09:28 web.1  |   [1m[35m (0.4ms)[0m  SELECT COUNT(*) FROM "personal_connections"  WHERE "personal_connections"."verb_id" = $1  [["verb_id", 922]]
11:09:28 web.1  |   [1m[36m (0.3ms)[0m  [1mSELECT COUNT(*) FROM "personal_connections"  WHERE "personal_connections"."verb_id" = $1[0m  [["verb_id", 928]]
11:09:28 web.1  |   [1m[35m (0.3ms)[0m  SELECT COUNT(*) FROM "personal_connections"  WHERE "personal_connections"."verb_id" = $1  [["verb_id", 294]]
11:09:28 web.1  |   [1m[36m (0.3ms)[0m  [1mSELECT COUNT(*) FROM "personal_connections"  WHERE "personal_connections"."verb_id" = $1[0m  [["verb_id", 1501]]
11:09:28 web.1  |   [1m[35m (0.3ms)[0m  SELECT COUNT(*) FROM "personal_connections"  WHERE "personal_connections"."verb_id" = $1  [["verb_id", 1249]]
11:09:28 web.1  |   [1m[36m (0.3ms)[0m  [1mSELECT COUNT(*) FROM "personal_connections"  WHERE "personal_connections"."verb_id" = $1[0m  [["verb_id", 1225]]
11:09:28 web.1  |   [1m[35m (0.6ms)[0m  SELECT COUNT(*) FROM "personal_connections"  WHERE "personal_connections"."verb_id" = $1  [["verb_id", 5]]
11:09:28 web.1  |   [1m[36m (0.3ms)[0m  [1mSELECT COUNT(*) FROM "personal_connections"  WHERE "personal_connections"."verb_id" = $1[0m  [["verb_id", 959]]
11:09:28 web.1  |   [1m[35m (0.3ms)[0m  SELECT COUNT(*) FROM "personal_connections"  WHERE "personal_connections"."verb_id" = $1  [["verb_id", 1483]]
11:09:28 web.1  |   [1m[36m (0.4ms)[0m  [1mSELECT COUNT(*) FROM "personal_connections"  WHERE "personal_connections"."verb_id" = $1[0m  [["verb_id", 27]]
11:09:28 web.1  |   [1m[35m (0.4ms)[0m  SELECT COUNT(*) FROM "personal_connections"  WHERE "personal_connections"."verb_id" = $1  [["verb_id", 240]]
11:09:28 web.1  |   [1m[36m (0.3ms)[0m  [1mSELECT COUNT(*) FROM "personal_connections"  WHERE "personal_connections"."verb_id" = $1[0m  [["verb_id", 1332]]
11:09:28 web.1  |   [1m[35m (0.3ms)[0m  SELECT COUNT(*) FROM "personal_connections"  WHERE "personal_connections"."verb_id" = $1  [["verb_id", 1193]]
11:09:28 web.1  |   [1m[36m (0.8ms)[0m  [1mSELECT COUNT(*) FROM "personal_connections"  WHERE "personal_connections"."verb_id" = $1[0m  [["verb_id", 1093]]
11:09:28 web.1  |   [1m[35m (0.3ms)[0m  SELECT COUNT(*) FROM "personal_connections"  WHERE "personal_connections"."verb_id" = $1  [["verb_id", 4]]
11:09:28 web.1  |   [1m[36m (0.3ms)[0m  [1mSELECT COUNT(*) FROM "personal_connections"  WHERE "personal_connections"."verb_id" = $1[0m  [["verb_id", 807]]
11:09:28 web.1  |   [1m[35m (0.3ms)[0m  SELECT COUNT(*) FROM "personal_connections"  WHERE "personal_connections"."verb_id" = $1  [["verb_id", 812]]
11:09:28 web.1  |   [1m[36m (0.3ms)[0m  [1mSELECT COUNT(*) FROM "personal_connections"  WHERE "personal_connections"."verb_id" = $1[0m  [["verb_id", 1106]]
11:09:28 web.1  |   [1m[35m (0.3ms)[0m  SELECT COUNT(*) FROM "personal_connections"  WHERE "personal_connections"."verb_id" = $1  [["verb_id", 1493]]
11:09:28 web.1  |   [1m[36m (0.4ms)[0m  [1mSELECT COUNT(*) FROM "personal_connections"  WHERE "personal_connections"."verb_id" = $1[0m  [["verb_id", 1423]]
11:09:28 web.1  |   [1m[35m (0.3ms)[0m  SELECT COUNT(*) FROM "personal_connections"  WHERE "personal_connections"."verb_id" = $1  [["verb_id", 754]]
11:09:28 web.1  |   [1m[36m (0.3ms)[0m  [1mSELECT COUNT(*) FROM "personal_connections"  WHERE "personal_connections"."verb_id" = $1[0m  [["verb_id", 1324]]
11:09:28 web.1  |   [1m[35m (0.3ms)[0m  SELECT COUNT(*) FROM "personal_connections"  WHERE "personal_connections"."verb_id" = $1  [["verb_id", 1323]]
11:09:28 web.1  |   [1m[36m (0.4ms)[0m  [1mSELECT COUNT(*) FROM "personal_connections"  WHERE "personal_connections"."verb_id" = $1[0m  [["verb_id", 801]]
11:09:28 web.1  |   [1m[35m (0.3ms)[0m  SELECT COUNT(*) FROM "personal_connections"  WHERE "personal_connections"."verb_id" = $1  [["verb_id", 1444]]
11:09:28 web.1  |   [1m[36m (0.3ms)[0m  [1mSELECT COUNT(*) FROM "personal_connections"  WHERE "personal_connections"."verb_id" = $1[0m  [["verb_id", 759]]
11:09:28 web.1  |   [1m[35m (0.3ms)[0m  SELECT COUNT(*) FROM "personal_connections"  WHERE "personal_connections"."verb_id" = $1  [["verb_id", 26]]
11:09:28 web.1  |   [1m[36m (0.3ms)[0m  [1mSELECT COUNT(*) FROM "personal_connections"  WHERE "personal_connections"."verb_id" = $1[0m  [["verb_id", 889]]
11:09:28 web.1  |   [1m[35m (0.4ms)[0m  SELECT COUNT(*) FROM "personal_connections"  WHERE "personal_connections"."verb_id" = $1  [["verb_id", 827]]
11:09:28 web.1  |   [1m[36m (0.3ms)[0m  [1mSELECT COUNT(*) FROM "personal_connections"  WHERE "personal_connections"."verb_id" = $1[0m  [["verb_id", 903]]
11:09:28 web.1  |   [1m[35m (0.3ms)[0m  SELECT COUNT(*) FROM "personal_connections"  WHERE "personal_connections"."verb_id" = $1  [["verb_id", 828]]
11:09:28 web.1  |   [1m[36m (0.4ms)[0m  [1mSELECT COUNT(*) FROM "personal_connections"  WHERE "personal_connections"."verb_id" = $1[0m  [["verb_id", 1463]]
11:09:28 web.1  |   [1m[35m (0.3ms)[0m  SELECT COUNT(*) FROM "personal_connections"  WHERE "personal_connections"."verb_id" = $1  [["verb_id", 1284]]
11:09:28 web.1  |   [1m[36m (0.3ms)[0m  [1mSELECT COUNT(*) FROM "personal_connections"  WHERE "personal_connections"."verb_id" = $1[0m  [["verb_id", 939]]
11:09:28 web.1  |   [1m[35m (0.3ms)[0m  SELECT COUNT(*) FROM "personal_connections"  WHERE "personal_connections"."verb_id" = $1  [["verb_id", 1263]]
11:09:28 web.1  |   [1m[36m (0.3ms)[0m  [1mSELECT COUNT(*) FROM "personal_connections"  WHERE "personal_connections"."verb_id" = $1[0m  [["verb_id", 1132]]
11:09:28 web.1  |   [1m[35m (0.3ms)[0m  SELECT COUNT(*) FROM "personal_connections"  WHERE "personal_connections"."verb_id" = $1  [["verb_id", 153]]
11:09:28 web.1  |   [1m[36m (0.3ms)[0m  [1mSELECT COUNT(*) FROM "personal_connections"  WHERE "personal_connections"."verb_id" = $1[0m  [["verb_id", 1443]]
11:09:28 web.1  |   [1m[35m (0.4ms)[0m  SELECT COUNT(*) FROM "personal_connections"  WHERE "personal_connections"."verb_id" = $1  [["verb_id", 406]]
11:09:28 web.1  |   [1m[36m (0.3ms)[0m  [1mSELECT COUNT(*) FROM "personal_connections"  WHERE "personal_connections"."verb_id" = $1[0m  [["verb_id", 508]]
11:09:28 web.1  |   [1m[35m (0.3ms)[0m  SELECT COUNT(*) FROM "personal_connections"  WHERE "personal_connections"."verb_id" = $1  [["verb_id", 1224]]
11:09:28 web.1  |   [1m[36m (0.3ms)[0m  [1mSELECT COUNT(*) FROM "personal_connections"  WHERE "personal_connections"."verb_id" = $1[0m  [["verb_id", 1276]]
11:09:28 web.1  |   [1m[35m (0.3ms)[0m  SELECT COUNT(*) FROM "personal_connections"  WHERE "personal_connections"."verb_id" = $1  [["verb_id", 1274]]
11:09:28 web.1  |   [1m[36m (0.3ms)[0m  [1mSELECT COUNT(*) FROM "personal_connections"  WHERE "personal_connections"."verb_id" = $1[0m  [["verb_id", 1159]]
11:09:28 web.1  |   Rendered verbs/_verb.html.erb (7096.3ms)
11:09:28 web.1  |   Rendered verbs/index.html.erb within layouts/application (7181.3ms)
11:09:28 web.1  | Completed 200 OK in 7207ms (Views: 6779.5ms | ActiveRecord: 426.6ms)
11:09:28 web.1  | Oink Action: verbs#index
11:09:28 web.1  | Memory usage: 2640164 | PID: 40431
11:09:28 web.1  | Instantiation Breakdown: Total: 1126 | Verb: 1126
11:09:28 web.1  | Oink Log Entry Complete
11:09:29 web.1  | [40431] 127.0.0.1 - - [16/May/2015 11:09:29] "GET /verbs HTTP/1.0" 200 - 8.1273
11:22:52 web.1  | Started GET "/verbs" for 127.0.0.1 at 2015-05-16 11:22:52 +0100
11:22:53 web.1  | Processing by VerbsController#index as HTML
11:22:53 web.1  | USERAGENT: /verbs Mozilla/5.0 (Macintosh; Intel Mac OS X 10_10_3) AppleWebKit/537.36 (KHTML, like Gecko) Chrome/42.0.2311.135 Safari/537.36
11:22:53 web.1  |   [1m[35mVerb Load (24.6ms)[0m  SELECT "verbs".* FROM "verbs"   ORDER BY "verbs"."name" ASC
11:22:54 web.1  |   [1m[36m (0.4ms)[0m  [1mSELECT COUNT(*) FROM "personal_connections"  WHERE "personal_connections"."verb_id" = $1[0m  [["verb_id", 687]]
11:22:54 web.1  |   [1m[35m (0.4ms)[0m  SELECT COUNT(*) FROM "personal_connections"  WHERE "personal_connections"."verb_id" = $1  [["verb_id", 1294]]
11:22:54 web.1  |   [1m[36m (0.4ms)[0m  [1mSELECT COUNT(*) FROM "personal_connections"  WHERE "personal_connections"."verb_id" = $1[0m  [["verb_id", 316]]
11:22:54 web.1  |   [1m[35m (0.4ms)[0m  SELECT COUNT(*) FROM "personal_connections"  WHERE "personal_connections"."verb_id" = $1  [["verb_id", 1158]]
11:22:54 web.1  |   [1m[36m (0.4ms)[0m  [1mSELECT COUNT(*) FROM "personal_connections"  WHERE "personal_connections"."verb_id" = $1[0m  [["verb_id", 1461]]
11:22:54 web.1  |   [1m[35m (0.4ms)[0m  SELECT COUNT(*) FROM "personal_connections"  WHERE "personal_connections"."verb_id" = $1  [["verb_id", 995]]
11:22:54 web.1  |   [1m[36m (0.4ms)[0m  [1mSELECT COUNT(*) FROM "personal_connections"  WHERE "personal_connections"."verb_id" = $1[0m  [["verb_id", 1176]]
11:22:54 web.1  |   [1m[35m (0.4ms)[0m  SELECT COUNT(*) FROM "personal_connections"  WHERE "personal_connections"."verb_id" = $1  [["verb_id", 1102]]
11:22:54 web.1  |   [1m[36m (0.5ms)[0m  [1mSELECT COUNT(*) FROM "personal_connections"  WHERE "personal_connections"."verb_id" = $1[0m  [["verb_id", 1028]]
11:22:54 web.1  |   [1m[35m (0.4ms)[0m  SELECT COUNT(*) FROM "personal_connections"  WHERE "personal_connections"."verb_id" = $1  [["verb_id", 1521]]
11:22:54 web.1  |   [1m[36m (0.3ms)[0m  [1mSELECT COUNT(*) FROM "personal_connections"  WHERE "personal_connections"."verb_id" = $1[0m  [["verb_id", 1582]]
11:22:54 web.1  |   [1m[35m (0.4ms)[0m  SELECT COUNT(*) FROM "personal_connections"  WHERE "personal_connections"."verb_id" = $1  [["verb_id", 695]]
11:22:54 web.1  |   [1m[36m (0.3ms)[0m  [1mSELECT COUNT(*) FROM "personal_connections"  WHERE "personal_connections"."verb_id" = $1[0m  [["verb_id", 618]]
11:22:54 web.1  |   [1m[35m (0.3ms)[0m  SELECT COUNT(*) FROM "personal_connections"  WHERE "personal_connections"."verb_id" = $1  [["verb_id", 972]]
11:22:54 web.1  |   [1m[36m (0.4ms)[0m  [1mSELECT COUNT(*) FROM "personal_connections"  WHERE "personal_connections"."verb_id" = $1[0m  [["verb_id", 943]]
11:22:54 web.1  |   [1m[35m (0.4ms)[0m  SELECT COUNT(*) FROM "personal_connections"  WHERE "personal_connections"."verb_id" = $1  [["verb_id", 1117]]
11:22:54 web.1  |   [1m[36m (0.3ms)[0m  [1mSELECT COUNT(*) FROM "personal_connections"  WHERE "personal_connections"."verb_id" = $1[0m  [["verb_id", 1353]]
11:22:54 web.1  |   [1m[35m (0.3ms)[0m  SELECT COUNT(*) FROM "personal_connections"  WHERE "personal_connections"."verb_id" = $1  [["verb_id", 941]]
11:22:54 web.1  |   [1m[36m (0.3ms)[0m  [1mSELECT COUNT(*) FROM "personal_connections"  WHERE "personal_connections"."verb_id" = $1[0m  [["verb_id", 1141]]
11:22:54 web.1  |   [1m[35m (0.4ms)[0m  SELECT COUNT(*) FROM "personal_connections"  WHERE "personal_connections"."verb_id" = $1  [["verb_id", 1217]]
11:22:54 web.1  |   [1m[36m (0.3ms)[0m  [1mSELECT COUNT(*) FROM "personal_connections"  WHERE "personal_connections"."verb_id" = $1[0m  [["verb_id", 1043]]
11:22:54 web.1  |   [1m[35m (0.3ms)[0m  SELECT COUNT(*) FROM "personal_connections"  WHERE "personal_connections"."verb_id" = $1  [["verb_id", 971]]
11:22:54 web.1  |   [1m[36m (0.3ms)[0m  [1mSELECT COUNT(*) FROM "personal_connections"  WHERE "personal_connections"."verb_id" = $1[0m  [["verb_id", 1282]]
11:22:54 web.1  |   [1m[35m (0.5ms)[0m  SELECT COUNT(*) FROM "personal_connections"  WHERE "personal_connections"."verb_id" = $1  [["verb_id", 767]]
11:22:54 web.1  |   [1m[36m (0.5ms)[0m  [1mSELECT COUNT(*) FROM "personal_connections"  WHERE "personal_connections"."verb_id" = $1[0m  [["verb_id", 530]]
11:22:54 web.1  |   [1m[35m (0.3ms)[0m  SELECT COUNT(*) FROM "personal_connections"  WHERE "personal_connections"."verb_id" = $1  [["verb_id", 886]]
11:22:54 web.1  |   [1m[36m (0.3ms)[0m  [1mSELECT COUNT(*) FROM "personal_connections"  WHERE "personal_connections"."verb_id" = $1[0m  [["verb_id", 1047]]
11:22:54 web.1  |   [1m[35m (0.3ms)[0m  SELECT COUNT(*) FROM "personal_connections"  WHERE "personal_connections"."verb_id" = $1  [["verb_id", 786]]
11:22:54 web.1  |   [1m[36m (0.4ms)[0m  [1mSELECT COUNT(*) FROM "personal_connections"  WHERE "personal_connections"."verb_id" = $1[0m  [["verb_id", 833]]
11:22:54 web.1  |   [1m[35m (0.3ms)[0m  SELECT COUNT(*) FROM "personal_connections"  WHERE "personal_connections"."verb_id" = $1  [["verb_id", 1345]]
11:22:54 web.1  |   [1m[36m (0.3ms)[0m  [1mSELECT COUNT(*) FROM "personal_connections"  WHERE "personal_connections"."verb_id" = $1[0m  [["verb_id", 793]]
11:22:54 web.1  |   [1m[35m (0.4ms)[0m  SELECT COUNT(*) FROM "personal_connections"  WHERE "personal_connections"."verb_id" = $1  [["verb_id", 702]]
11:22:54 web.1  |   [1m[36m (0.4ms)[0m  [1mSELECT COUNT(*) FROM "personal_connections"  WHERE "personal_connections"."verb_id" = $1[0m  [["verb_id", 50]]
11:22:54 web.1  |   [1m[35m (0.3ms)[0m  SELECT COUNT(*) FROM "personal_connections"  WHERE "personal_connections"."verb_id" = $1  [["verb_id", 394]]
11:22:54 web.1  |   [1m[36m (0.3ms)[0m  [1mSELECT COUNT(*) FROM "personal_connections"  WHERE "personal_connections"."verb_id" = $1[0m  [["verb_id", 526]]
11:22:54 web.1  |   [1m[35m (0.3ms)[0m  SELECT COUNT(*) FROM "personal_connections"  WHERE "personal_connections"."verb_id" = $1  [["verb_id", 1551]]
11:22:54 web.1  |   [1m[36m (0.4ms)[0m  [1mSELECT COUNT(*) FROM "personal_connections"  WHERE "personal_connections"."verb_id" = $1[0m  [["verb_id", 1254]]
11:22:54 web.1  |   [1m[35m (0.4ms)[0m  SELECT COUNT(*) FROM "personal_connections"  WHERE "personal_connections"."verb_id" = $1  [["verb_id", 1489]]
11:22:54 web.1  |   [1m[36m (0.4ms)[0m  [1mSELECT COUNT(*) FROM "personal_connections"  WHERE "personal_connections"."verb_id" = $1[0m  [["verb_id", 21]]
11:22:54 web.1  |   [1m[35m (0.3ms)[0m  SELECT COUNT(*) FROM "personal_connections"  WHERE "personal_connections"."verb_id" = $1  [["verb_id", 935]]
11:22:54 web.1  |   [1m[36m (0.3ms)[0m  [1mSELECT COUNT(*) FROM "personal_connections"  WHERE "personal_connections"."verb_id" = $1[0m  [["verb_id", 1370]]
11:22:54 web.1  |   [1m[35m (0.3ms)[0m  SELECT COUNT(*) FROM "personal_connections"  WHERE "personal_connections"."verb_id" = $1  [["verb_id", 398]]
11:22:54 web.1  |   [1m[36m (0.4ms)[0m  [1mSELECT COUNT(*) FROM "personal_connections"  WHERE "personal_connections"."verb_id" = $1[0m  [["verb_id", 58]]
11:22:54 web.1  |   [1m[35m (0.6ms)[0m  SELECT COUNT(*) FROM "personal_connections"  WHERE "personal_connections"."verb_id" = $1  [["verb_id", 177]]
11:22:54 web.1  |   [1m[36m (0.4ms)[0m  [1mSELECT COUNT(*) FROM "personal_connections"  WHERE "personal_connections"."verb_id" = $1[0m  [["verb_id", 582]]
11:22:54 web.1  |   [1m[35m (0.3ms)[0m  SELECT COUNT(*) FROM "personal_connections"  WHERE "personal_connections"."verb_id" = $1  [["verb_id", 1280]]
11:22:54 web.1  |   [1m[36m (0.5ms)[0m  [1mSELECT COUNT(*) FROM "personal_connections"  WHERE "personal_connections"."verb_id" = $1[0m  [["verb_id", 1148]]
11:22:54 web.1  |   [1m[35m (0.6ms)[0m  SELECT COUNT(*) FROM "personal_connections"  WHERE "personal_connections"."verb_id" = $1  [["verb_id", 354]]
11:22:54 web.1  |   [1m[36m (0.3ms)[0m  [1mSELECT COUNT(*) FROM "personal_connections"  WHERE "personal_connections"."verb_id" = $1[0m  [["verb_id", 857]]
11:22:54 web.1  |   [1m[35m (0.3ms)[0m  SELECT COUNT(*) FROM "personal_connections"  WHERE "personal_connections"."verb_id" = $1  [["verb_id", 1119]]
11:22:54 web.1  |   [1m[36m (0.4ms)[0m  [1mSELECT COUNT(*) FROM "personal_connections"  WHERE "personal_connections"."verb_id" = $1[0m  [["verb_id", 865]]
11:22:54 web.1  |   [1m[35m (0.7ms)[0m  SELECT COUNT(*) FROM "personal_connections"  WHERE "personal_connections"."verb_id" = $1  [["verb_id", 841]]
11:22:54 web.1  |   [1m[36m (0.3ms)[0m  [1mSELECT COUNT(*) FROM "personal_connections"  WHERE "personal_connections"."verb_id" = $1[0m  [["verb_id", 1297]]
11:22:54 web.1  |   [1m[35m (0.4ms)[0m  SELECT COUNT(*) FROM "personal_connections"  WHERE "personal_connections"."verb_id" = $1  [["verb_id", 1529]]
11:22:54 web.1  |   [1m[36m (0.4ms)[0m  [1mSELECT COUNT(*) FROM "personal_connections"  WHERE "personal_connections"."verb_id" = $1[0m  [["verb_id", 55]]
11:22:54 web.1  |   [1m[35m (0.3ms)[0m  SELECT COUNT(*) FROM "personal_connections"  WHERE "personal_connections"."verb_id" = $1  [["verb_id", 181]]
11:22:54 web.1  |   [1m[36m (0.4ms)[0m  [1mSELECT COUNT(*) FROM "personal_connections"  WHERE "personal_connections"."verb_id" = $1[0m  [["verb_id", 402]]
11:22:54 web.1  |   [1m[35m (0.3ms)[0m  SELECT COUNT(*) FROM "personal_connections"  WHERE "personal_connections"."verb_id" = $1  [["verb_id", 1488]]
11:22:54 web.1  |   [1m[36m (0.3ms)[0m  [1mSELECT COUNT(*) FROM "personal_connections"  WHERE "personal_connections"."verb_id" = $1[0m  [["verb_id", 404]]
11:22:54 web.1  |   [1m[35m (0.3ms)[0m  SELECT COUNT(*) FROM "personal_connections"  WHERE "personal_connections"."verb_id" = $1  [["verb_id", 338]]
11:22:54 web.1  |   [1m[36m (0.4ms)[0m  [1mSELECT COUNT(*) FROM "personal_connections"  WHERE "personal_connections"."verb_id" = $1[0m  [["verb_id", 919]]
11:22:54 web.1  |   [1m[35m (0.3ms)[0m  SELECT COUNT(*) FROM "personal_connections"  WHERE "personal_connections"."verb_id" = $1  [["verb_id", 1112]]
11:22:54 web.1  |   [1m[36m (0.4ms)[0m  [1mSELECT COUNT(*) FROM "personal_connections"  WHERE "personal_connections"."verb_id" = $1[0m  [["verb_id", 785]]
11:22:54 web.1  |   [1m[35m (0.3ms)[0m  SELECT COUNT(*) FROM "personal_connections"  WHERE "personal_connections"."verb_id" = $1  [["verb_id", 658]]
11:22:54 web.1  |   [1m[36m (0.4ms)[0m  [1mSELECT COUNT(*) FROM "personal_connections"  WHERE "personal_connections"."verb_id" = $1[0m  [["verb_id", 320]]
11:22:54 web.1  |   [1m[35m (0.3ms)[0m  SELECT COUNT(*) FROM "personal_connections"  WHERE "personal_connections"."verb_id" = $1  [["verb_id", 1255]]
11:22:54 web.1  |   [1m[36m (0.4ms)[0m  [1mSELECT COUNT(*) FROM "personal_connections"  WHERE "personal_connections"."verb_id" = $1[0m  [["verb_id", 787]]
11:22:54 web.1  |   [1m[35m (0.3ms)[0m  SELECT COUNT(*) FROM "personal_connections"  WHERE "personal_connections"."verb_id" = $1  [["verb_id", 1257]]
11:22:54 web.1  |   [1m[36m (0.3ms)[0m  [1mSELECT COUNT(*) FROM "personal_connections"  WHERE "personal_connections"."verb_id" = $1[0m  [["verb_id", 121]]
11:22:54 web.1  |   [1m[35m (0.3ms)[0m  SELECT COUNT(*) FROM "personal_connections"  WHERE "personal_connections"."verb_id" = $1  [["verb_id", 1144]]
11:22:54 web.1  |   [1m[36m (0.3ms)[0m  [1mSELECT COUNT(*) FROM "personal_connections"  WHERE "personal_connections"."verb_id" = $1[0m  [["verb_id", 1143]]
11:22:54 web.1  |   [1m[35m (0.4ms)[0m  SELECT COUNT(*) FROM "personal_connections"  WHERE "personal_connections"."verb_id" = $1  [["verb_id", 1554]]
11:22:54 web.1  |   [1m[36m (0.3ms)[0m  [1mSELECT COUNT(*) FROM "personal_connections"  WHERE "personal_connections"."verb_id" = $1[0m  [["verb_id", 1299]]
11:22:54 web.1  |   [1m[35m (0.5ms)[0m  SELECT COUNT(*) FROM "personal_connections"  WHERE "personal_connections"."verb_id" = $1  [["verb_id", 768]]
11:22:54 web.1  |   [1m[36m (0.3ms)[0m  [1mSELECT COUNT(*) FROM "personal_connections"  WHERE "personal_connections"."verb_id" = $1[0m  [["verb_id", 725]]
11:22:54 web.1  |   [1m[35m (0.4ms)[0m  SELECT COUNT(*) FROM "personal_connections"  WHERE "personal_connections"."verb_id" = $1  [["verb_id", 1394]]
11:22:54 web.1  |   [1m[36m (0.4ms)[0m  [1mSELECT COUNT(*) FROM "personal_connections"  WHERE "personal_connections"."verb_id" = $1[0m  [["verb_id", 1201]]
11:22:54 web.1  |   [1m[35m (0.3ms)[0m  SELECT COUNT(*) FROM "personal_connections"  WHERE "personal_connections"."verb_id" = $1  [["verb_id", 610]]
11:22:54 web.1  |   [1m[36m (0.4ms)[0m  [1mSELECT COUNT(*) FROM "personal_connections"  WHERE "personal_connections"."verb_id" = $1[0m  [["verb_id", 1539]]
11:22:54 web.1  |   [1m[35m (0.4ms)[0m  SELECT COUNT(*) FROM "personal_connections"  WHERE "personal_connections"."verb_id" = $1  [["verb_id", 1405]]
11:22:54 web.1  |   [1m[36m (0.3ms)[0m  [1mSELECT COUNT(*) FROM "personal_connections"  WHERE "personal_connections"."verb_id" = $1[0m  [["verb_id", 1379]]
11:22:54 web.1  |   [1m[35m (1.1ms)[0m  SELECT COUNT(*) FROM "personal_connections"  WHERE "personal_connections"."verb_id" = $1  [["verb_id", 238]]
11:22:54 web.1  |   [1m[36m (0.3ms)[0m  [1mSELECT COUNT(*) FROM "personal_connections"  WHERE "personal_connections"."verb_id" = $1[0m  [["verb_id", 1425]]
11:22:54 web.1  |   [1m[35m (0.3ms)[0m  SELECT COUNT(*) FROM "personal_connections"  WHERE "personal_connections"."verb_id" = $1  [["verb_id", 1484]]
11:22:54 web.1  |   [1m[36m (0.3ms)[0m  [1mSELECT COUNT(*) FROM "personal_connections"  WHERE "personal_connections"."verb_id" = $1[0m  [["verb_id", 792]]
11:22:54 web.1  |   [1m[35m (0.3ms)[0m  SELECT COUNT(*) FROM "personal_connections"  WHERE "personal_connections"."verb_id" = $1  [["verb_id", 1431]]
11:22:54 web.1  |   [1m[36m (0.3ms)[0m  [1mSELECT COUNT(*) FROM "personal_connections"  WHERE "personal_connections"."verb_id" = $1[0m  [["verb_id", 761]]
11:22:54 web.1  |   [1m[35m (0.4ms)[0m  SELECT COUNT(*) FROM "personal_connections"  WHERE "personal_connections"."verb_id" = $1  [["verb_id", 1038]]
11:22:54 web.1  |   [1m[36m (0.3ms)[0m  [1mSELECT COUNT(*) FROM "personal_connections"  WHERE "personal_connections"."verb_id" = $1[0m  [["verb_id", 1278]]
11:22:54 web.1  |   [1m[35m (0.3ms)[0m  SELECT COUNT(*) FROM "personal_connections"  WHERE "personal_connections"."verb_id" = $1  [["verb_id", 1016]]
11:22:54 web.1  |   [1m[36m (0.3ms)[0m  [1mSELECT COUNT(*) FROM "personal_connections"  WHERE "personal_connections"."verb_id" = $1[0m  [["verb_id", 815]]
11:22:54 web.1  |   [1m[35m (0.3ms)[0m  SELECT COUNT(*) FROM "personal_connections"  WHERE "personal_connections"."verb_id" = $1  [["verb_id", 1476]]
11:22:54 web.1  |   [1m[36m (0.3ms)[0m  [1mSELECT COUNT(*) FROM "personal_connections"  WHERE "personal_connections"."verb_id" = $1[0m  [["verb_id", 665]]
11:22:54 web.1  |   [1m[35m (0.3ms)[0m  SELECT COUNT(*) FROM "personal_connections"  WHERE "personal_connections"."verb_id" = $1  [["verb_id", 1477]]
11:22:54 web.1  |   [1m[36m (0.3ms)[0m  [1mSELECT COUNT(*) FROM "personal_connections"  WHERE "personal_connections"."verb_id" = $1[0m  [["verb_id", 1026]]
11:22:54 web.1  |   [1m[35m (0.3ms)[0m  SELECT COUNT(*) FROM "personal_connections"  WHERE "personal_connections"."verb_id" = $1  [["verb_id", 1042]]
11:22:54 web.1  |   [1m[36m (0.3ms)[0m  [1mSELECT COUNT(*) FROM "personal_connections"  WHERE "personal_connections"."verb_id" = $1[0m  [["verb_id", 724]]
11:22:54 web.1  |   [1m[35m (0.3ms)[0m  SELECT COUNT(*) FROM "personal_connections"  WHERE "personal_connections"."verb_id" = $1  [["verb_id", 1558]]
11:22:54 web.1  |   [1m[36m (0.4ms)[0m  [1mSELECT COUNT(*) FROM "personal_connections"  WHERE "personal_connections"."verb_id" = $1[0m  [["verb_id", 213]]
11:22:54 web.1  |   [1m[35m (0.3ms)[0m  SELECT COUNT(*) FROM "personal_connections"  WHERE "personal_connections"."verb_id" = $1  [["verb_id", 1474]]
11:22:54 web.1  |   [1m[36m (0.3ms)[0m  [1mSELECT COUNT(*) FROM "personal_connections"  WHERE "personal_connections"."verb_id" = $1[0m  [["verb_id", 1245]]
11:22:54 web.1  |   [1m[35m (0.3ms)[0m  SELECT COUNT(*) FROM "personal_connections"  WHERE "personal_connections"."verb_id" = $1  [["verb_id", 476]]
11:22:54 web.1  |   [1m[36m (0.3ms)[0m  [1mSELECT COUNT(*) FROM "personal_connections"  WHERE "personal_connections"."verb_id" = $1[0m  [["verb_id", 1167]]
11:22:54 web.1  |   [1m[35m (0.3ms)[0m  SELECT COUNT(*) FROM "personal_connections"  WHERE "personal_connections"."verb_id" = $1  [["verb_id", 756]]
11:22:54 web.1  |   [1m[36m (0.3ms)[0m  [1mSELECT COUNT(*) FROM "personal_connections"  WHERE "personal_connections"."verb_id" = $1[0m  [["verb_id", 1313]]
11:22:54 web.1  |   [1m[35m (0.3ms)[0m  SELECT COUNT(*) FROM "personal_connections"  WHERE "personal_connections"."verb_id" = $1  [["verb_id", 1415]]
11:22:54 web.1  |   [1m[36m (0.3ms)[0m  [1mSELECT COUNT(*) FROM "personal_connections"  WHERE "personal_connections"."verb_id" = $1[0m  [["verb_id", 1327]]
11:22:54 web.1  |   [1m[35m (0.3ms)[0m  SELECT COUNT(*) FROM "personal_connections"  WHERE "personal_connections"."verb_id" = $1  [["verb_id", 1084]]
11:22:54 web.1  |   [1m[36m (0.3ms)[0m  [1mSELECT COUNT(*) FROM "personal_connections"  WHERE "personal_connections"."verb_id" = $1[0m  [["verb_id", 1242]]
11:22:54 web.1  |   [1m[35m (0.3ms)[0m  SELECT COUNT(*) FROM "personal_connections"  WHERE "personal_connections"."verb_id" = $1  [["verb_id", 1430]]
11:22:54 web.1  |   [1m[36m (0.3ms)[0m  [1mSELECT COUNT(*) FROM "personal_connections"  WHERE "personal_connections"."verb_id" = $1[0m  [["verb_id", 791]]
11:22:54 web.1  |   [1m[35m (0.3ms)[0m  SELECT COUNT(*) FROM "personal_connections"  WHERE "personal_connections"."verb_id" = $1  [["verb_id", 1448]]
11:22:54 web.1  |   [1m[36m (0.4ms)[0m  [1mSELECT COUNT(*) FROM "personal_connections"  WHERE "personal_connections"."verb_id" = $1[0m  [["verb_id", 598]]
11:22:54 web.1  |   [1m[35m (0.3ms)[0m  SELECT COUNT(*) FROM "personal_connections"  WHERE "personal_connections"."verb_id" = $1  [["verb_id", 494]]
11:22:54 web.1  |   [1m[36m (0.4ms)[0m  [1mSELECT COUNT(*) FROM "personal_connections"  WHERE "personal_connections"."verb_id" = $1[0m  [["verb_id", 1226]]
11:22:54 web.1  |   [1m[35m (0.3ms)[0m  SELECT COUNT(*) FROM "personal_connections"  WHERE "personal_connections"."verb_id" = $1  [["verb_id", 388]]
11:22:54 web.1  |   [1m[36m (0.3ms)[0m  [1mSELECT COUNT(*) FROM "personal_connections"  WHERE "personal_connections"."verb_id" = $1[0m  [["verb_id", 1322]]
11:22:54 web.1  |   [1m[35m (0.3ms)[0m  SELECT COUNT(*) FROM "personal_connections"  WHERE "personal_connections"."verb_id" = $1  [["verb_id", 1247]]
11:22:54 web.1  |   [1m[36m (0.3ms)[0m  [1mSELECT COUNT(*) FROM "personal_connections"  WHERE "personal_connections"."verb_id" = $1[0m  [["verb_id", 1319]]
11:22:54 web.1  |   [1m[35m (0.3ms)[0m  SELECT COUNT(*) FROM "personal_connections"  WHERE "personal_connections"."verb_id" = $1  [["verb_id", 1081]]
11:22:54 web.1  |   [1m[36m (0.3ms)[0m  [1mSELECT COUNT(*) FROM "personal_connections"  WHERE "personal_connections"."verb_id" = $1[0m  [["verb_id", 312]]
11:22:54 web.1  |   [1m[35m (0.3ms)[0m  SELECT COUNT(*) FROM "personal_connections"  WHERE "personal_connections"."verb_id" = $1  [["verb_id", 1027]]
11:22:54 web.1  |   [1m[36m (0.3ms)[0m  [1mSELECT COUNT(*) FROM "personal_connections"  WHERE "personal_connections"."verb_id" = $1[0m  [["verb_id", 940]]
11:22:54 web.1  |   [1m[35m (0.3ms)[0m  SELECT COUNT(*) FROM "personal_connections"  WHERE "personal_connections"."verb_id" = $1  [["verb_id", 1320]]
11:22:54 web.1  |   [1m[36m (0.4ms)[0m  [1mSELECT COUNT(*) FROM "personal_connections"  WHERE "personal_connections"."verb_id" = $1[0m  [["verb_id", 1157]]
11:22:54 web.1  |   [1m[35m (0.3ms)[0m  SELECT COUNT(*) FROM "personal_connections"  WHERE "personal_connections"."verb_id" = $1  [["verb_id", 1243]]
11:22:54 web.1  |   [1m[36m (0.3ms)[0m  [1mSELECT COUNT(*) FROM "personal_connections"  WHERE "personal_connections"."verb_id" = $1[0m  [["verb_id", 936]]
11:22:54 web.1  |   [1m[35m (0.3ms)[0m  SELECT COUNT(*) FROM "personal_connections"  WHERE "personal_connections"."verb_id" = $1  [["verb_id", 1392]]
11:22:54 web.1  |   [1m[36m (0.3ms)[0m  [1mSELECT COUNT(*) FROM "personal_connections"  WHERE "personal_connections"."verb_id" = $1[0m  [["verb_id", 977]]
11:22:54 web.1  |   [1m[35m (0.3ms)[0m  SELECT COUNT(*) FROM "personal_connections"  WHERE "personal_connections"."verb_id" = $1  [["verb_id", 45]]
11:22:55 web.1  |   [1m[36m (0.4ms)[0m  [1mSELECT COUNT(*) FROM "personal_connections"  WHERE "personal_connections"."verb_id" = $1[0m  [["verb_id", 418]]
11:22:55 web.1  |   [1m[35m (0.3ms)[0m  SELECT COUNT(*) FROM "personal_connections"  WHERE "personal_connections"."verb_id" = $1  [["verb_id", 1268]]
11:22:55 web.1  |   [1m[36m (0.3ms)[0m  [1mSELECT COUNT(*) FROM "personal_connections"  WHERE "personal_connections"."verb_id" = $1[0m  [["verb_id", 1121]]
11:22:55 web.1  |   [1m[35m (0.4ms)[0m  SELECT COUNT(*) FROM "personal_connections"  WHERE "personal_connections"."verb_id" = $1  [["verb_id", 1570]]
11:22:55 web.1  |   [1m[36m (0.3ms)[0m  [1mSELECT COUNT(*) FROM "personal_connections"  WHERE "personal_connections"."verb_id" = $1[0m  [["verb_id", 1583]]
11:22:55 web.1  |   [1m[35m (0.3ms)[0m  SELECT COUNT(*) FROM "personal_connections"  WHERE "personal_connections"."verb_id" = $1  [["verb_id", 1531]]
11:22:55 web.1  |   [1m[36m (0.4ms)[0m  [1mSELECT COUNT(*) FROM "personal_connections"  WHERE "personal_connections"."verb_id" = $1[0m  [["verb_id", 1561]]
11:22:55 web.1  |   [1m[35m (0.3ms)[0m  SELECT COUNT(*) FROM "personal_connections"  WHERE "personal_connections"."verb_id" = $1  [["verb_id", 1473]]
11:22:55 web.1  |   [1m[36m (0.3ms)[0m  [1mSELECT COUNT(*) FROM "personal_connections"  WHERE "personal_connections"."verb_id" = $1[0m  [["verb_id", 1339]]
11:22:55 web.1  |   [1m[35m (0.3ms)[0m  SELECT COUNT(*) FROM "personal_connections"  WHERE "personal_connections"."verb_id" = $1  [["verb_id", 1455]]
11:22:55 web.1  |   [1m[36m (0.3ms)[0m  [1mSELECT COUNT(*) FROM "personal_connections"  WHERE "personal_connections"."verb_id" = $1[0m  [["verb_id", 1252]]
11:22:55 web.1  |   [1m[35m (0.3ms)[0m  SELECT COUNT(*) FROM "personal_connections"  WHERE "personal_connections"."verb_id" = $1  [["verb_id", 1087]]
11:22:55 web.1  |   [1m[36m (0.3ms)[0m  [1mSELECT COUNT(*) FROM "personal_connections"  WHERE "personal_connections"."verb_id" = $1[0m  [["verb_id", 769]]
11:22:55 web.1  |   [1m[35m (0.3ms)[0m  SELECT COUNT(*) FROM "personal_connections"  WHERE "personal_connections"."verb_id" = $1  [["verb_id", 720]]
11:22:55 web.1  |   [1m[36m (0.5ms)[0m  [1mSELECT COUNT(*) FROM "personal_connections"  WHERE "personal_connections"."verb_id" = $1[0m  [["verb_id", 157]]
11:22:55 web.1  |   [1m[35m (0.3ms)[0m  SELECT COUNT(*) FROM "personal_connections"  WHERE "personal_connections"."verb_id" = $1  [["verb_id", 1397]]
11:22:55 web.1  |   [1m[36m (0.3ms)[0m  [1mSELECT COUNT(*) FROM "personal_connections"  WHERE "personal_connections"."verb_id" = $1[0m  [["verb_id", 1432]]
11:22:55 web.1  |   [1m[35m (0.3ms)[0m  SELECT COUNT(*) FROM "personal_connections"  WHERE "personal_connections"."verb_id" = $1  [["verb_id", 1429]]
11:22:55 web.1  |   [1m[36m (0.3ms)[0m  [1mSELECT COUNT(*) FROM "personal_connections"  WHERE "personal_connections"."verb_id" = $1[0m  [["verb_id", 1567]]
11:22:55 web.1  |   [1m[35m (0.3ms)[0m  SELECT COUNT(*) FROM "personal_connections"  WHERE "personal_connections"."verb_id" = $1  [["verb_id", 1581]]
11:22:55 web.1  |   [1m[36m (0.3ms)[0m  [1mSELECT COUNT(*) FROM "personal_connections"  WHERE "personal_connections"."verb_id" = $1[0m  [["verb_id", 1580]]
11:22:55 web.1  |   [1m[35m (0.3ms)[0m  SELECT COUNT(*) FROM "personal_connections"  WHERE "personal_connections"."verb_id" = $1  [["verb_id", 795]]
11:22:55 web.1  |   [1m[36m (0.3ms)[0m  [1mSELECT COUNT(*) FROM "personal_connections"  WHERE "personal_connections"."verb_id" = $1[0m  [["verb_id", 1091]]
11:22:55 web.1  |   [1m[35m (0.3ms)[0m  SELECT COUNT(*) FROM "personal_connections"  WHERE "personal_connections"."verb_id" = $1  [["verb_id", 290]]
11:22:55 web.1  |   [1m[36m (0.3ms)[0m  [1mSELECT COUNT(*) FROM "personal_connections"  WHERE "personal_connections"."verb_id" = $1[0m  [["verb_id", 860]]
11:22:55 web.1  |   [1m[35m (0.3ms)[0m  SELECT COUNT(*) FROM "personal_connections"  WHERE "personal_connections"."verb_id" = $1  [["verb_id", 830]]
11:22:55 web.1  |   [1m[36m (0.3ms)[0m  [1mSELECT COUNT(*) FROM "personal_connections"  WHERE "personal_connections"."verb_id" = $1[0m  [["verb_id", 1196]]
11:22:55 web.1  |   [1m[35m (0.4ms)[0m  SELECT COUNT(*) FROM "personal_connections"  WHERE "personal_connections"."verb_id" = $1  [["verb_id", 318]]
11:22:55 web.1  |   [1m[36m (0.3ms)[0m  [1mSELECT COUNT(*) FROM "personal_connections"  WHERE "personal_connections"."verb_id" = $1[0m  [["verb_id", 374]]
11:22:55 web.1  |   [1m[35m (0.3ms)[0m  SELECT COUNT(*) FROM "personal_connections"  WHERE "personal_connections"."verb_id" = $1  [["verb_id", 984]]
11:22:55 web.1  |   [1m[36m (0.3ms)[0m  [1mSELECT COUNT(*) FROM "personal_connections"  WHERE "personal_connections"."verb_id" = $1[0m  [["verb_id", 1391]]
11:22:55 web.1  |   [1m[35m (0.4ms)[0m  SELECT COUNT(*) FROM "personal_connections"  WHERE "personal_connections"."verb_id" = $1  [["verb_id", 270]]
11:22:55 web.1  |   [1m[36m (1.7ms)[0m  [1mSELECT COUNT(*) FROM "personal_connections"  WHERE "personal_connections"."verb_id" = $1[0m  [["verb_id", 428]]
11:22:55 web.1  |   [1m[35m (0.3ms)[0m  SELECT COUNT(*) FROM "personal_connections"  WHERE "personal_connections"."verb_id" = $1  [["verb_id", 1131]]
11:22:55 web.1  |   [1m[36m (0.4ms)[0m  [1mSELECT COUNT(*) FROM "personal_connections"  WHERE "personal_connections"."verb_id" = $1[0m  [["verb_id", 1352]]
11:22:55 web.1  |   [1m[35m (0.3ms)[0m  SELECT COUNT(*) FROM "personal_connections"  WHERE "personal_connections"."verb_id" = $1  [["verb_id", 1568]]
11:22:55 web.1  |   [1m[36m (0.4ms)[0m  [1mSELECT COUNT(*) FROM "personal_connections"  WHERE "personal_connections"."verb_id" = $1[0m  [["verb_id", 978]]
11:22:55 web.1  |   [1m[35m (0.4ms)[0m  SELECT COUNT(*) FROM "personal_connections"  WHERE "personal_connections"."verb_id" = $1  [["verb_id", 1559]]
11:22:55 web.1  |   [1m[36m (0.3ms)[0m  [1mSELECT COUNT(*) FROM "personal_connections"  WHERE "personal_connections"."verb_id" = $1[0m  [["verb_id", 1361]]
11:22:55 web.1  |   [1m[35m (0.3ms)[0m  SELECT COUNT(*) FROM "personal_connections"  WHERE "personal_connections"."verb_id" = $1  [["verb_id", 1364]]
11:22:55 web.1  |   [1m[36m (0.3ms)[0m  [1mSELECT COUNT(*) FROM "personal_connections"  WHERE "personal_connections"."verb_id" = $1[0m  [["verb_id", 1378]]
11:22:55 web.1  |   [1m[35m (0.3ms)[0m  SELECT COUNT(*) FROM "personal_connections"  WHERE "personal_connections"."verb_id" = $1  [["verb_id", 358]]
11:22:55 web.1  |   [1m[36m (0.3ms)[0m  [1mSELECT COUNT(*) FROM "personal_connections"  WHERE "personal_connections"."verb_id" = $1[0m  [["verb_id", 89]]
11:22:55 web.1  |   [1m[35m (0.3ms)[0m  SELECT COUNT(*) FROM "personal_connections"  WHERE "personal_connections"."verb_id" = $1  [["verb_id", 1341]]
11:22:55 web.1  |   [1m[36m (0.3ms)[0m  [1mSELECT COUNT(*) FROM "personal_connections"  WHERE "personal_connections"."verb_id" = $1[0m  [["verb_id", 500]]
11:22:55 web.1  |   [1m[35m (0.3ms)[0m  SELECT COUNT(*) FROM "personal_connections"  WHERE "personal_connections"."verb_id" = $1  [["verb_id", 1579]]
11:22:55 web.1  |   [1m[36m (0.3ms)[0m  [1mSELECT COUNT(*) FROM "personal_connections"  WHERE "personal_connections"."verb_id" = $1[0m  [["verb_id", 68]]
11:22:55 web.1  |   [1m[35m (0.3ms)[0m  SELECT COUNT(*) FROM "personal_connections"  WHERE "personal_connections"."verb_id" = $1  [["verb_id", 867]]
11:22:55 web.1  |   [1m[36m (0.4ms)[0m  [1mSELECT COUNT(*) FROM "personal_connections"  WHERE "personal_connections"."verb_id" = $1[0m  [["verb_id", 1023]]
11:22:55 web.1  |   [1m[35m (0.4ms)[0m  SELECT COUNT(*) FROM "personal_connections"  WHERE "personal_connections"."verb_id" = $1  [["verb_id", 1453]]
11:22:55 web.1  |   [1m[36m (0.3ms)[0m  [1mSELECT COUNT(*) FROM "personal_connections"  WHERE "personal_connections"."verb_id" = $1[0m  [["verb_id", 1326]]
11:22:55 web.1  |   [1m[35m (0.3ms)[0m  SELECT COUNT(*) FROM "personal_connections"  WHERE "personal_connections"."verb_id" = $1  [["verb_id", 1007]]
11:22:55 web.1  |   [1m[36m (0.3ms)[0m  [1mSELECT COUNT(*) FROM "personal_connections"  WHERE "personal_connections"."verb_id" = $1[0m  [["verb_id", 578]]
11:22:55 web.1  |   [1m[35m (0.4ms)[0m  SELECT COUNT(*) FROM "personal_connections"  WHERE "personal_connections"."verb_id" = $1  [["verb_id", 966]]
11:22:55 web.1  |   [1m[36m (0.3ms)[0m  [1mSELECT COUNT(*) FROM "personal_connections"  WHERE "personal_connections"."verb_id" = $1[0m  [["verb_id", 836]]
11:22:55 web.1  |   [1m[35m (0.3ms)[0m  SELECT COUNT(*) FROM "personal_connections"  WHERE "personal_connections"."verb_id" = $1  [["verb_id", 1407]]
11:22:55 web.1  |   [1m[36m (0.3ms)[0m  [1mSELECT COUNT(*) FROM "personal_connections"  WHERE "personal_connections"."verb_id" = $1[0m  [["verb_id", 1526]]
11:22:55 web.1  |   [1m[35m (0.3ms)[0m  SELECT COUNT(*) FROM "personal_connections"  WHERE "personal_connections"."verb_id" = $1  [["verb_id", 1457]]
11:22:55 web.1  |   [1m[36m (0.3ms)[0m  [1mSELECT COUNT(*) FROM "personal_connections"  WHERE "personal_connections"."verb_id" = $1[0m  [["verb_id", 1215]]
11:22:55 web.1  |   [1m[35m (0.3ms)[0m  SELECT COUNT(*) FROM "personal_connections"  WHERE "personal_connections"."verb_id" = $1  [["verb_id", 667]]
11:22:55 web.1  |   [1m[36m (0.3ms)[0m  [1mSELECT COUNT(*) FROM "personal_connections"  WHERE "personal_connections"."verb_id" = $1[0m  [["verb_id", 1086]]
11:22:55 web.1  |   [1m[35m (0.4ms)[0m  SELECT COUNT(*) FROM "personal_connections"  WHERE "personal_connections"."verb_id" = $1  [["verb_id", 1076]]
11:22:55 web.1  |   [1m[36m (0.3ms)[0m  [1mSELECT COUNT(*) FROM "personal_connections"  WHERE "personal_connections"."verb_id" = $1[0m  [["verb_id", 1292]]
11:22:55 web.1  |   [1m[35m (0.3ms)[0m  SELECT COUNT(*) FROM "personal_connections"  WHERE "personal_connections"."verb_id" = $1  [["verb_id", 1451]]
11:22:55 web.1  |   [1m[36m (0.3ms)[0m  [1mSELECT COUNT(*) FROM "personal_connections"  WHERE "personal_connections"."verb_id" = $1[0m  [["verb_id", 967]]
11:22:55 web.1  |   [1m[35m (0.5ms)[0m  SELECT COUNT(*) FROM "personal_connections"  WHERE "personal_connections"."verb_id" = $1  [["verb_id", 1553]]
11:22:55 web.1  |   [1m[36m (0.3ms)[0m  [1mSELECT COUNT(*) FROM "personal_connections"  WHERE "personal_connections"."verb_id" = $1[0m  [["verb_id", 20]]
11:22:55 web.1  |   [1m[35m (0.3ms)[0m  SELECT COUNT(*) FROM "personal_connections"  WHERE "personal_connections"."verb_id" = $1  [["verb_id", 895]]
11:22:55 web.1  |   [1m[36m (0.3ms)[0m  [1mSELECT COUNT(*) FROM "personal_connections"  WHERE "personal_connections"."verb_id" = $1[0m  [["verb_id", 1422]]
11:22:55 web.1  |   [1m[35m (0.4ms)[0m  SELECT COUNT(*) FROM "personal_connections"  WHERE "personal_connections"."verb_id" = $1  [["verb_id", 1346]]
11:22:55 web.1  |   [1m[36m (0.7ms)[0m  [1mSELECT COUNT(*) FROM "personal_connections"  WHERE "personal_connections"."verb_id" = $1[0m  [["verb_id", 7]]
11:22:55 web.1  |   [1m[35m (0.4ms)[0m  SELECT COUNT(*) FROM "personal_connections"  WHERE "personal_connections"."verb_id" = $1  [["verb_id", 1223]]
11:22:55 web.1  |   [1m[36m (0.4ms)[0m  [1mSELECT COUNT(*) FROM "personal_connections"  WHERE "personal_connections"."verb_id" = $1[0m  [["verb_id", 1062]]
11:22:55 web.1  |   [1m[35m (0.3ms)[0m  SELECT COUNT(*) FROM "personal_connections"  WHERE "personal_connections"."verb_id" = $1  [["verb_id", 1022]]
11:22:55 web.1  |   [1m[36m (0.3ms)[0m  [1mSELECT COUNT(*) FROM "personal_connections"  WHERE "personal_connections"."verb_id" = $1[0m  [["verb_id", 1277]]
11:22:55 web.1  |   [1m[35m (0.3ms)[0m  SELECT COUNT(*) FROM "personal_connections"  WHERE "personal_connections"."verb_id" = $1  [["verb_id", 1418]]
11:22:55 web.1  |   [1m[36m (0.3ms)[0m  [1mSELECT COUNT(*) FROM "personal_connections"  WHERE "personal_connections"."verb_id" = $1[0m  [["verb_id", 1222]]
11:22:55 web.1  |   [1m[35m (0.3ms)[0m  SELECT COUNT(*) FROM "personal_connections"  WHERE "personal_connections"."verb_id" = $1  [["verb_id", 1308]]
11:22:55 web.1  |   [1m[36m (0.3ms)[0m  [1mSELECT COUNT(*) FROM "personal_connections"  WHERE "personal_connections"."verb_id" = $1[0m  [["verb_id", 1309]]
11:22:55 web.1  |   [1m[35m (0.3ms)[0m  SELECT COUNT(*) FROM "personal_connections"  WHERE "personal_connections"."verb_id" = $1  [["verb_id", 542]]
11:22:55 web.1  |   [1m[36m (0.3ms)[0m  [1mSELECT COUNT(*) FROM "personal_connections"  WHERE "personal_connections"."verb_id" = $1[0m  [["verb_id", 1491]]
11:22:55 web.1  |   [1m[35m (0.3ms)[0m  SELECT COUNT(*) FROM "personal_connections"  WHERE "personal_connections"."verb_id" = $1  [["verb_id", 304]]
11:22:55 web.1  |   [1m[36m (0.7ms)[0m  [1mSELECT COUNT(*) FROM "personal_connections"  WHERE "personal_connections"."verb_id" = $1[0m  [["verb_id", 1411]]
11:22:55 web.1  |   [1m[35m (0.5ms)[0m  SELECT COUNT(*) FROM "personal_connections"  WHERE "personal_connections"."verb_id" = $1  [["verb_id", 1230]]
11:22:55 web.1  |   [1m[36m (0.4ms)[0m  [1mSELECT COUNT(*) FROM "personal_connections"  WHERE "personal_connections"."verb_id" = $1[0m  [["verb_id", 326]]
11:22:55 web.1  |   [1m[35m (0.4ms)[0m  SELECT COUNT(*) FROM "personal_connections"  WHERE "personal_connections"."verb_id" = $1  [["verb_id", 899]]
11:22:55 web.1  |   [1m[36m (0.6ms)[0m  [1mSELECT COUNT(*) FROM "personal_connections"  WHERE "personal_connections"."verb_id" = $1[0m  [["verb_id", 1589]]
11:22:55 web.1  |   [1m[35m (0.3ms)[0m  SELECT COUNT(*) FROM "personal_connections"  WHERE "personal_connections"."verb_id" = $1  [["verb_id", 847]]
11:22:55 web.1  |   [1m[36m (0.6ms)[0m  [1mSELECT COUNT(*) FROM "personal_connections"  WHERE "personal_connections"."verb_id" = $1[0m  [["verb_id", 758]]
11:22:55 web.1  |   [1m[35m (1.4ms)[0m  SELECT COUNT(*) FROM "personal_connections"  WHERE "personal_connections"."verb_id" = $1  [["verb_id", 278]]
11:22:55 web.1  |   [1m[36m (0.3ms)[0m  [1mSELECT COUNT(*) FROM "personal_connections"  WHERE "personal_connections"."verb_id" = $1[0m  [["verb_id", 894]]
11:22:55 web.1  |   [1m[35m (0.3ms)[0m  SELECT COUNT(*) FROM "personal_connections"  WHERE "personal_connections"."verb_id" = $1  [["verb_id", 755]]
11:22:55 web.1  |   [1m[36m (0.9ms)[0m  [1mSELECT COUNT(*) FROM "personal_connections"  WHERE "personal_connections"."verb_id" = $1[0m  [["verb_id", 1205]]
11:22:55 web.1  |   [1m[35m (1.2ms)[0m  SELECT COUNT(*) FROM "personal_connections"  WHERE "personal_connections"."verb_id" = $1  [["verb_id", 731]]
11:22:55 web.1  |   [1m[36m (0.7ms)[0m  [1mSELECT COUNT(*) FROM "personal_connections"  WHERE "personal_connections"."verb_id" = $1[0m  [["verb_id", 3]]
11:22:55 web.1  |   [1m[35m (0.4ms)[0m  SELECT COUNT(*) FROM "personal_connections"  WHERE "personal_connections"."verb_id" = $1  [["verb_id", 426]]
11:22:55 web.1  |   [1m[36m (0.3ms)[0m  [1mSELECT COUNT(*) FROM "personal_connections"  WHERE "personal_connections"."verb_id" = $1[0m  [["verb_id", 566]]
11:22:55 web.1  |   [1m[35m (0.3ms)[0m  SELECT COUNT(*) FROM "personal_connections"  WHERE "personal_connections"."verb_id" = $1  [["verb_id", 1572]]
11:22:55 web.1  |   [1m[36m (0.3ms)[0m  [1mSELECT COUNT(*) FROM "personal_connections"  WHERE "personal_connections"."verb_id" = $1[0m  [["verb_id", 244]]
11:22:55 web.1  |   [1m[35m (0.3ms)[0m  SELECT COUNT(*) FROM "personal_connections"  WHERE "personal_connections"."verb_id" = $1  [["verb_id", 963]]
11:22:55 web.1  |   [1m[36m (0.3ms)[0m  [1mSELECT COUNT(*) FROM "personal_connections"  WHERE "personal_connections"."verb_id" = $1[0m  [["verb_id", 960]]
11:22:55 web.1  |   [1m[35m (0.3ms)[0m  SELECT COUNT(*) FROM "personal_connections"  WHERE "personal_connections"."verb_id" = $1  [["verb_id", 716]]
11:22:55 web.1  |   [1m[36m (0.3ms)[0m  [1mSELECT COUNT(*) FROM "personal_connections"  WHERE "personal_connections"."verb_id" = $1[0m  [["verb_id", 780]]
11:22:55 web.1  |   [1m[35m (0.3ms)[0m  SELECT COUNT(*) FROM "personal_connections"  WHERE "personal_connections"."verb_id" = $1  [["verb_id", 813]]
11:22:55 web.1  |   [1m[36m (0.3ms)[0m  [1mSELECT COUNT(*) FROM "personal_connections"  WHERE "personal_connections"."verb_id" = $1[0m  [["verb_id", 904]]
11:22:55 web.1  |   [1m[35m (1.4ms)[0m  SELECT COUNT(*) FROM "personal_connections"  WHERE "personal_connections"."verb_id" = $1  [["verb_id", 558]]
11:22:55 web.1  |   [1m[36m (0.3ms)[0m  [1mSELECT COUNT(*) FROM "personal_connections"  WHERE "personal_connections"."verb_id" = $1[0m  [["verb_id", 77]]
11:22:55 web.1  |   [1m[35m (0.3ms)[0m  SELECT COUNT(*) FROM "personal_connections"  WHERE "personal_connections"."verb_id" = $1  [["verb_id", 1354]]
11:22:55 web.1  |   [1m[36m (0.3ms)[0m  [1mSELECT COUNT(*) FROM "personal_connections"  WHERE "personal_connections"."verb_id" = $1[0m  [["verb_id", 1290]]
11:22:55 web.1  |   [1m[35m (0.3ms)[0m  SELECT COUNT(*) FROM "personal_connections"  WHERE "personal_connections"."verb_id" = $1  [["verb_id", 850]]
11:22:55 web.1  |   [1m[36m (0.3ms)[0m  [1mSELECT COUNT(*) FROM "personal_connections"  WHERE "personal_connections"."verb_id" = $1[0m  [["verb_id", 480]]
11:22:55 web.1  |   [1m[35m (0.3ms)[0m  SELECT COUNT(*) FROM "personal_connections"  WHERE "personal_connections"."verb_id" = $1  [["verb_id", 908]]
11:22:55 web.1  |   [1m[36m (0.4ms)[0m  [1mSELECT COUNT(*) FROM "personal_connections"  WHERE "personal_connections"."verb_id" = $1[0m  [["verb_id", 538]]
11:22:55 web.1  |   [1m[35m (0.3ms)[0m  SELECT COUNT(*) FROM "personal_connections"  WHERE "personal_connections"."verb_id" = $1  [["verb_id", 456]]
11:22:55 web.1  |   [1m[36m (0.3ms)[0m  [1mSELECT COUNT(*) FROM "personal_connections"  WHERE "personal_connections"."verb_id" = $1[0m  [["verb_id", 964]]
11:22:55 web.1  |   [1m[35m (0.3ms)[0m  SELECT COUNT(*) FROM "personal_connections"  WHERE "personal_connections"."verb_id" = $1  [["verb_id", 1357]]
11:22:55 web.1  |   [1m[36m (0.3ms)[0m  [1mSELECT COUNT(*) FROM "personal_connections"  WHERE "personal_connections"."verb_id" = $1[0m  [["verb_id", 760]]
11:22:55 web.1  |   [1m[35m (0.3ms)[0m  SELECT COUNT(*) FROM "personal_connections"  WHERE "personal_connections"."verb_id" = $1  [["verb_id", 466]]
11:22:55 web.1  |   [1m[36m (0.3ms)[0m  [1mSELECT COUNT(*) FROM "personal_connections"  WHERE "personal_connections"."verb_id" = $1[0m  [["verb_id", 794]]
11:22:55 web.1  |   [1m[35m (0.3ms)[0m  SELECT COUNT(*) FROM "personal_connections"  WHERE "personal_connections"."verb_id" = $1  [["verb_id", 1534]]
11:22:55 web.1  |   [1m[36m (0.3ms)[0m  [1mSELECT COUNT(*) FROM "personal_connections"  WHERE "personal_connections"."verb_id" = $1[0m  [["verb_id", 450]]
11:22:55 web.1  |   [1m[35m (0.3ms)[0m  SELECT COUNT(*) FROM "personal_connections"  WHERE "personal_connections"."verb_id" = $1  [["verb_id", 1372]]
11:22:55 web.1  |   [1m[36m (0.3ms)[0m  [1mSELECT COUNT(*) FROM "personal_connections"  WHERE "personal_connections"."verb_id" = $1[0m  [["verb_id", 1235]]
11:22:55 web.1  |   [1m[35m (0.3ms)[0m  SELECT COUNT(*) FROM "personal_connections"  WHERE "personal_connections"."verb_id" = $1  [["verb_id", 1142]]
11:22:55 web.1  |   [1m[36m (0.3ms)[0m  [1mSELECT COUNT(*) FROM "personal_connections"  WHERE "personal_connections"."verb_id" = $1[0m  [["verb_id", 141]]
11:22:55 web.1  |   [1m[35m (0.4ms)[0m  SELECT COUNT(*) FROM "personal_connections"  WHERE "personal_connections"."verb_id" = $1  [["verb_id", 64]]
11:22:55 web.1  |   [1m[36m (0.4ms)[0m  [1mSELECT COUNT(*) FROM "personal_connections"  WHERE "personal_connections"."verb_id" = $1[0m  [["verb_id", 392]]
11:22:55 web.1  |   [1m[35m (0.3ms)[0m  SELECT COUNT(*) FROM "personal_connections"  WHERE "personal_connections"."verb_id" = $1  [["verb_id", 710]]
11:22:55 web.1  |   [1m[36m (0.3ms)[0m  [1mSELECT COUNT(*) FROM "personal_connections"  WHERE "personal_connections"."verb_id" = $1[0m  [["verb_id", 775]]
11:22:55 web.1  |   [1m[35m (0.3ms)[0m  SELECT COUNT(*) FROM "personal_connections"  WHERE "personal_connections"."verb_id" = $1  [["verb_id", 1535]]
11:22:55 web.1  |   [1m[36m (0.3ms)[0m  [1mSELECT COUNT(*) FROM "personal_connections"  WHERE "personal_connections"."verb_id" = $1[0m  [["verb_id", 1231]]
11:22:55 web.1  |   [1m[35m (0.3ms)[0m  SELECT COUNT(*) FROM "personal_connections"  WHERE "personal_connections"."verb_id" = $1  [["verb_id", 861]]
11:22:55 web.1  |   [1m[36m (0.4ms)[0m  [1mSELECT COUNT(*) FROM "personal_connections"  WHERE "personal_connections"."verb_id" = $1[0m  [["verb_id", 803]]
11:22:55 web.1  |   [1m[35m (0.3ms)[0m  SELECT COUNT(*) FROM "personal_connections"  WHERE "personal_connections"."verb_id" = $1  [["verb_id", 572]]
11:22:55 web.1  |   [1m[36m (0.3ms)[0m  [1mSELECT COUNT(*) FROM "personal_connections"  WHERE "personal_connections"."verb_id" = $1[0m  [["verb_id", 490]]
11:22:55 web.1  |   [1m[35m (0.3ms)[0m  SELECT COUNT(*) FROM "personal_connections"  WHERE "personal_connections"."verb_id" = $1  [["verb_id", 1015]]
11:22:55 web.1  |   [1m[36m (0.3ms)[0m  [1mSELECT COUNT(*) FROM "personal_connections"  WHERE "personal_connections"."verb_id" = $1[0m  [["verb_id", 1267]]
11:22:55 web.1  |   [1m[35m (0.3ms)[0m  SELECT COUNT(*) FROM "personal_connections"  WHERE "personal_connections"."verb_id" = $1  [["verb_id", 300]]
11:22:55 web.1  |   [1m[36m (0.3ms)[0m  [1mSELECT COUNT(*) FROM "personal_connections"  WHERE "personal_connections"."verb_id" = $1[0m  [["verb_id", 885]]
11:22:55 web.1  |   [1m[35m (0.3ms)[0m  SELECT COUNT(*) FROM "personal_connections"  WHERE "personal_connections"."verb_id" = $1  [["verb_id", 1097]]
11:22:55 web.1  |   [1m[36m (0.4ms)[0m  [1mSELECT COUNT(*) FROM "personal_connections"  WHERE "personal_connections"."verb_id" = $1[0m  [["verb_id", 574]]
11:22:55 web.1  |   [1m[35m (0.3ms)[0m  SELECT COUNT(*) FROM "personal_connections"  WHERE "personal_connections"."verb_id" = $1  [["verb_id", 1030]]
11:22:55 web.1  |   [1m[36m (0.3ms)[0m  [1mSELECT COUNT(*) FROM "personal_connections"  WHERE "personal_connections"."verb_id" = $1[0m  [["verb_id", 24]]
11:22:55 web.1  |   [1m[35m (0.3ms)[0m  SELECT COUNT(*) FROM "personal_connections"  WHERE "personal_connections"."verb_id" = $1  [["verb_id", 818]]
11:22:55 web.1  |   [1m[36m (0.3ms)[0m  [1mSELECT COUNT(*) FROM "personal_connections"  WHERE "personal_connections"."verb_id" = $1[0m  [["verb_id", 887]]
11:22:55 web.1  |   [1m[35m (0.3ms)[0m  SELECT COUNT(*) FROM "personal_connections"  WHERE "personal_connections"."verb_id" = $1  [["verb_id", 448]]
11:22:55 web.1  |   [1m[36m (0.3ms)[0m  [1mSELECT COUNT(*) FROM "personal_connections"  WHERE "personal_connections"."verb_id" = $1[0m  [["verb_id", 1325]]
11:22:55 web.1  |   [1m[35m (0.3ms)[0m  SELECT COUNT(*) FROM "personal_connections"  WHERE "personal_connections"."verb_id" = $1  [["verb_id", 1125]]
11:22:55 web.1  |   [1m[36m (0.4ms)[0m  [1mSELECT COUNT(*) FROM "personal_connections"  WHERE "personal_connections"."verb_id" = $1[0m  [["verb_id", 496]]
11:22:55 web.1  |   [1m[35m (0.3ms)[0m  SELECT COUNT(*) FROM "personal_connections"  WHERE "personal_connections"."verb_id" = $1  [["verb_id", 902]]
11:22:55 web.1  |   [1m[36m (0.3ms)[0m  [1mSELECT COUNT(*) FROM "personal_connections"  WHERE "personal_connections"."verb_id" = $1[0m  [["verb_id", 1359]]
11:22:55 web.1  |   [1m[35m (0.3ms)[0m  SELECT COUNT(*) FROM "personal_connections"  WHERE "personal_connections"."verb_id" = $1  [["verb_id", 522]]
11:22:55 web.1  |   [1m[36m (0.4ms)[0m  [1mSELECT COUNT(*) FROM "personal_connections"  WHERE "personal_connections"."verb_id" = $1[0m  [["verb_id", 848]]
11:22:55 web.1  |   [1m[35m (0.3ms)[0m  SELECT COUNT(*) FROM "personal_connections"  WHERE "personal_connections"."verb_id" = $1  [["verb_id", 1013]]
11:22:55 web.1  |   [1m[36m (0.3ms)[0m  [1mSELECT COUNT(*) FROM "personal_connections"  WHERE "personal_connections"."verb_id" = $1[0m  [["verb_id", 1381]]
11:22:55 web.1  |   [1m[35m (0.3ms)[0m  SELECT COUNT(*) FROM "personal_connections"  WHERE "personal_connections"."verb_id" = $1  [["verb_id", 701]]
11:22:55 web.1  |   [1m[36m (0.3ms)[0m  [1mSELECT COUNT(*) FROM "personal_connections"  WHERE "personal_connections"."verb_id" = $1[0m  [["verb_id", 1234]]
11:22:56 web.1  |   [1m[35m (0.3ms)[0m  SELECT COUNT(*) FROM "personal_connections"  WHERE "personal_connections"."verb_id" = $1  [["verb_id", 486]]
11:22:56 web.1  |   [1m[36m (0.3ms)[0m  [1mSELECT COUNT(*) FROM "personal_connections"  WHERE "personal_connections"."verb_id" = $1[0m  [["verb_id", 986]]
11:22:56 web.1  |   [1m[35m (0.3ms)[0m  SELECT COUNT(*) FROM "personal_connections"  WHERE "personal_connections"."verb_id" = $1  [["verb_id", 915]]
11:22:56 web.1  |   [1m[36m (0.7ms)[0m  [1mSELECT COUNT(*) FROM "personal_connections"  WHERE "personal_connections"."verb_id" = $1[0m  [["verb_id", 1504]]
11:22:56 web.1  |   [1m[35m (0.3ms)[0m  SELECT COUNT(*) FROM "personal_connections"  WHERE "personal_connections"."verb_id" = $1  [["verb_id", 751]]
11:22:56 web.1  |   [1m[36m (0.4ms)[0m  [1mSELECT COUNT(*) FROM "personal_connections"  WHERE "personal_connections"."verb_id" = $1[0m  [["verb_id", 540]]
11:22:56 web.1  |   [1m[35m (0.5ms)[0m  SELECT COUNT(*) FROM "personal_connections"  WHERE "personal_connections"."verb_id" = $1  [["verb_id", 652]]
11:22:56 web.1  |   [1m[36m (0.3ms)[0m  [1mSELECT COUNT(*) FROM "personal_connections"  WHERE "personal_connections"."verb_id" = $1[0m  [["verb_id", 1197]]
11:22:56 web.1  |   [1m[35m (0.3ms)[0m  SELECT COUNT(*) FROM "personal_connections"  WHERE "personal_connections"."verb_id" = $1  [["verb_id", 266]]
11:22:56 web.1  |   [1m[36m (0.3ms)[0m  [1mSELECT COUNT(*) FROM "personal_connections"  WHERE "personal_connections"."verb_id" = $1[0m  [["verb_id", 1446]]
11:22:56 web.1  |   [1m[35m (0.3ms)[0m  SELECT COUNT(*) FROM "personal_connections"  WHERE "personal_connections"."verb_id" = $1  [["verb_id", 1082]]
11:22:56 web.1  |   [1m[36m (0.3ms)[0m  [1mSELECT COUNT(*) FROM "personal_connections"  WHERE "personal_connections"."verb_id" = $1[0m  [["verb_id", 1305]]
11:22:56 web.1  |   [1m[35m (0.3ms)[0m  SELECT COUNT(*) FROM "personal_connections"  WHERE "personal_connections"."verb_id" = $1  [["verb_id", 1304]]
11:22:56 web.1  |   [1m[36m (0.3ms)[0m  [1mSELECT COUNT(*) FROM "personal_connections"  WHERE "personal_connections"."verb_id" = $1[0m  [["verb_id", 262]]
11:22:56 web.1  |   [1m[35m (0.3ms)[0m  SELECT COUNT(*) FROM "personal_connections"  WHERE "personal_connections"."verb_id" = $1  [["verb_id", 954]]
11:22:56 web.1  |   [1m[36m (0.4ms)[0m  [1mSELECT COUNT(*) FROM "personal_connections"  WHERE "personal_connections"."verb_id" = $1[0m  [["verb_id", 400]]
11:22:56 web.1  |   [1m[35m (0.4ms)[0m  SELECT COUNT(*) FROM "personal_connections"  WHERE "personal_connections"."verb_id" = $1  [["verb_id", 73]]
11:22:56 web.1  |   [1m[36m (0.3ms)[0m  [1mSELECT COUNT(*) FROM "personal_connections"  WHERE "personal_connections"."verb_id" = $1[0m  [["verb_id", 1569]]
11:22:56 web.1  |   [1m[35m (0.3ms)[0m  SELECT COUNT(*) FROM "personal_connections"  WHERE "personal_connections"."verb_id" = $1  [["verb_id", 1077]]
11:22:56 web.1  |   [1m[36m (0.4ms)[0m  [1mSELECT COUNT(*) FROM "personal_connections"  WHERE "personal_connections"."verb_id" = $1[0m  [["verb_id", 1468]]
11:22:56 web.1  |   [1m[35m (0.4ms)[0m  SELECT COUNT(*) FROM "personal_connections"  WHERE "personal_connections"."verb_id" = $1  [["verb_id", 1542]]
11:22:56 web.1  |   [1m[36m (0.4ms)[0m  [1mSELECT COUNT(*) FROM "personal_connections"  WHERE "personal_connections"."verb_id" = $1[0m  [["verb_id", 819]]
11:22:56 web.1  |   [1m[35m (0.3ms)[0m  SELECT COUNT(*) FROM "personal_connections"  WHERE "personal_connections"."verb_id" = $1  [["verb_id", 1052]]
11:22:56 web.1  |   [1m[36m (0.3ms)[0m  [1mSELECT COUNT(*) FROM "personal_connections"  WHERE "personal_connections"."verb_id" = $1[0m  [["verb_id", 882]]
11:22:56 web.1  |   [1m[35m (0.4ms)[0m  SELECT COUNT(*) FROM "personal_connections"  WHERE "personal_connections"."verb_id" = $1  [["verb_id", 220]]
11:22:56 web.1  |   [1m[36m (0.3ms)[0m  [1mSELECT COUNT(*) FROM "personal_connections"  WHERE "personal_connections"."verb_id" = $1[0m  [["verb_id", 766]]
11:22:56 web.1  |   [1m[35m (0.3ms)[0m  SELECT COUNT(*) FROM "personal_connections"  WHERE "personal_connections"."verb_id" = $1  [["verb_id", 201]]
11:22:56 web.1  |   [1m[36m (0.3ms)[0m  [1mSELECT COUNT(*) FROM "personal_connections"  WHERE "personal_connections"."verb_id" = $1[0m  [["verb_id", 809]]
11:22:56 web.1  |   [1m[35m (0.3ms)[0m  SELECT COUNT(*) FROM "personal_connections"  WHERE "personal_connections"."verb_id" = $1  [["verb_id", 1420]]
11:22:56 web.1  |   [1m[36m (0.3ms)[0m  [1mSELECT COUNT(*) FROM "personal_connections"  WHERE "personal_connections"."verb_id" = $1[0m  [["verb_id", 1178]]
11:22:56 web.1  |   [1m[35m (0.4ms)[0m  SELECT COUNT(*) FROM "personal_connections"  WHERE "personal_connections"."verb_id" = $1  [["verb_id", 1287]]
11:22:56 web.1  |   [1m[36m (0.3ms)[0m  [1mSELECT COUNT(*) FROM "personal_connections"  WHERE "personal_connections"."verb_id" = $1[0m  [["verb_id", 1496]]
11:22:56 web.1  |   [1m[35m (0.4ms)[0m  SELECT COUNT(*) FROM "personal_connections"  WHERE "personal_connections"."verb_id" = $1  [["verb_id", 528]]
11:22:56 web.1  |   [1m[36m (0.3ms)[0m  [1mSELECT COUNT(*) FROM "personal_connections"  WHERE "personal_connections"."verb_id" = $1[0m  [["verb_id", 777]]
11:22:56 web.1  |   [1m[35m (0.3ms)[0m  SELECT COUNT(*) FROM "personal_connections"  WHERE "personal_connections"."verb_id" = $1  [["verb_id", 1099]]
11:22:56 web.1  |   [1m[36m (0.3ms)[0m  [1mSELECT COUNT(*) FROM "personal_connections"  WHERE "personal_connections"."verb_id" = $1[0m  [["verb_id", 408]]
11:22:56 web.1  |   [1m[35m (0.4ms)[0m  SELECT COUNT(*) FROM "personal_connections"  WHERE "personal_connections"."verb_id" = $1  [["verb_id", 1389]]
11:22:56 web.1  |   [1m[36m (0.5ms)[0m  [1mSELECT COUNT(*) FROM "personal_connections"  WHERE "personal_connections"."verb_id" = $1[0m  [["verb_id", 602]]
11:22:56 web.1  |   [1m[35m (0.3ms)[0m  SELECT COUNT(*) FROM "personal_connections"  WHERE "personal_connections"."verb_id" = $1  [["verb_id", 250]]
11:22:56 web.1  |   [1m[36m (0.4ms)[0m  [1mSELECT COUNT(*) FROM "personal_connections"  WHERE "personal_connections"."verb_id" = $1[0m  [["verb_id", 1005]]
11:22:56 web.1  |   [1m[35m (0.3ms)[0m  SELECT COUNT(*) FROM "personal_connections"  WHERE "personal_connections"."verb_id" = $1  [["verb_id", 1273]]
11:22:56 web.1  |   [1m[36m (0.3ms)[0m  [1mSELECT COUNT(*) FROM "personal_connections"  WHERE "personal_connections"."verb_id" = $1[0m  [["verb_id", 1272]]
11:22:56 web.1  |   [1m[35m (0.3ms)[0m  SELECT COUNT(*) FROM "personal_connections"  WHERE "personal_connections"."verb_id" = $1  [["verb_id", 460]]
11:22:56 web.1  |   [1m[36m (0.4ms)[0m  [1mSELECT COUNT(*) FROM "personal_connections"  WHERE "personal_connections"."verb_id" = $1[0m  [["verb_id", 1336]]
11:22:56 web.1  |   [1m[35m (0.3ms)[0m  SELECT COUNT(*) FROM "personal_connections"  WHERE "personal_connections"."verb_id" = $1  [["verb_id", 874]]
11:22:56 web.1  |   [1m[36m (0.3ms)[0m  [1mSELECT COUNT(*) FROM "personal_connections"  WHERE "personal_connections"."verb_id" = $1[0m  [["verb_id", 934]]
11:22:56 web.1  |   [1m[35m (0.3ms)[0m  SELECT COUNT(*) FROM "personal_connections"  WHERE "personal_connections"."verb_id" = $1  [["verb_id", 1576]]
11:22:56 web.1  |   [1m[36m (0.3ms)[0m  [1mSELECT COUNT(*) FROM "personal_connections"  WHERE "personal_connections"."verb_id" = $1[0m  [["verb_id", 340]]
11:22:56 web.1  |   [1m[35m (0.3ms)[0m  SELECT COUNT(*) FROM "personal_connections"  WHERE "personal_connections"."verb_id" = $1  [["verb_id", 224]]
11:22:56 web.1  |   [1m[36m (0.4ms)[0m  [1mSELECT COUNT(*) FROM "personal_connections"  WHERE "personal_connections"."verb_id" = $1[0m  [["verb_id", 1375]]
11:22:56 web.1  |   [1m[35m (0.3ms)[0m  SELECT COUNT(*) FROM "personal_connections"  WHERE "personal_connections"."verb_id" = $1  [["verb_id", 436]]
11:22:56 web.1  |   [1m[36m (0.3ms)[0m  [1mSELECT COUNT(*) FROM "personal_connections"  WHERE "personal_connections"."verb_id" = $1[0m  [["verb_id", 642]]
11:22:56 web.1  |   [1m[35m (0.3ms)[0m  SELECT COUNT(*) FROM "personal_connections"  WHERE "personal_connections"."verb_id" = $1  [["verb_id", 1303]]
11:22:56 web.1  |   [1m[36m (0.3ms)[0m  [1mSELECT COUNT(*) FROM "personal_connections"  WHERE "personal_connections"."verb_id" = $1[0m  [["verb_id", 1388]]
11:22:56 web.1  |   [1m[35m (0.3ms)[0m  SELECT COUNT(*) FROM "personal_connections"  WHERE "personal_connections"."verb_id" = $1  [["verb_id", 1285]]
11:22:56 web.1  |   [1m[36m (0.3ms)[0m  [1mSELECT COUNT(*) FROM "personal_connections"  WHERE "personal_connections"."verb_id" = $1[0m  [["verb_id", 1376]]
11:22:56 web.1  |   [1m[35m (0.3ms)[0m  SELECT COUNT(*) FROM "personal_connections"  WHERE "personal_connections"."verb_id" = $1  [["verb_id", 1355]]
11:22:56 web.1  |   [1m[36m (0.3ms)[0m  [1mSELECT COUNT(*) FROM "personal_connections"  WHERE "personal_connections"."verb_id" = $1[0m  [["verb_id", 1307]]
11:22:56 web.1  |   [1m[35m (0.4ms)[0m  SELECT COUNT(*) FROM "personal_connections"  WHERE "personal_connections"."verb_id" = $1  [["verb_id", 1115]]
11:22:56 web.1  |   [1m[36m (0.3ms)[0m  [1mSELECT COUNT(*) FROM "personal_connections"  WHERE "personal_connections"."verb_id" = $1[0m  [["verb_id", 1547]]
11:22:56 web.1  |   [1m[35m (0.3ms)[0m  SELECT COUNT(*) FROM "personal_connections"  WHERE "personal_connections"."verb_id" = $1  [["verb_id", 458]]
11:22:56 web.1  |   [1m[36m (0.3ms)[0m  [1mSELECT COUNT(*) FROM "personal_connections"  WHERE "personal_connections"."verb_id" = $1[0m  [["verb_id", 28]]
11:22:56 web.1  |   [1m[35m (0.3ms)[0m  SELECT COUNT(*) FROM "personal_connections"  WHERE "personal_connections"."verb_id" = $1  [["verb_id", 1088]]
11:22:56 web.1  |   [1m[36m (0.3ms)[0m  [1mSELECT COUNT(*) FROM "personal_connections"  WHERE "personal_connections"."verb_id" = $1[0m  [["verb_id", 1069]]
11:22:56 web.1  |   [1m[35m (0.3ms)[0m  SELECT COUNT(*) FROM "personal_connections"  WHERE "personal_connections"."verb_id" = $1  [["verb_id", 1510]]
11:22:56 web.1  |   [1m[36m (0.3ms)[0m  [1mSELECT COUNT(*) FROM "personal_connections"  WHERE "personal_connections"."verb_id" = $1[0m  [["verb_id", 685]]
11:22:56 web.1  |   [1m[35m (0.3ms)[0m  SELECT COUNT(*) FROM "personal_connections"  WHERE "personal_connections"."verb_id" = $1  [["verb_id", 1289]]
11:22:56 web.1  |   [1m[36m (0.3ms)[0m  [1mSELECT COUNT(*) FROM "personal_connections"  WHERE "personal_connections"."verb_id" = $1[0m  [["verb_id", 965]]
11:22:56 web.1  |   [1m[35m (0.3ms)[0m  SELECT COUNT(*) FROM "personal_connections"  WHERE "personal_connections"."verb_id" = $1  [["verb_id", 876]]
11:22:56 web.1  |   [1m[36m (0.3ms)[0m  [1mSELECT COUNT(*) FROM "personal_connections"  WHERE "personal_connections"."verb_id" = $1[0m  [["verb_id", 1122]]
11:22:56 web.1  |   [1m[35m (0.3ms)[0m  SELECT COUNT(*) FROM "personal_connections"  WHERE "personal_connections"."verb_id" = $1  [["verb_id", 732]]
11:22:56 web.1  |   [1m[36m (0.4ms)[0m  [1mSELECT COUNT(*) FROM "personal_connections"  WHERE "personal_connections"."verb_id" = $1[0m  [["verb_id", 6]]
11:22:56 web.1  |   [1m[35m (0.3ms)[0m  SELECT COUNT(*) FROM "personal_connections"  WHERE "personal_connections"."verb_id" = $1  [["verb_id", 1403]]
11:22:56 web.1  |   [1m[36m (0.3ms)[0m  [1mSELECT COUNT(*) FROM "personal_connections"  WHERE "personal_connections"."verb_id" = $1[0m  [["verb_id", 953]]
11:22:56 web.1  |   [1m[35m (0.3ms)[0m  SELECT COUNT(*) FROM "personal_connections"  WHERE "personal_connections"."verb_id" = $1  [["verb_id", 1317]]
11:22:56 web.1  |   [1m[36m (0.3ms)[0m  [1mSELECT COUNT(*) FROM "personal_connections"  WHERE "personal_connections"."verb_id" = $1[0m  [["verb_id", 638]]
11:22:56 web.1  |   [1m[35m (0.3ms)[0m  SELECT COUNT(*) FROM "personal_connections"  WHERE "personal_connections"."verb_id" = $1  [["verb_id", 532]]
11:22:56 web.1  |   [1m[36m (0.3ms)[0m  [1mSELECT COUNT(*) FROM "personal_connections"  WHERE "personal_connections"."verb_id" = $1[0m  [["verb_id", 992]]
11:22:56 web.1  |   [1m[35m (0.3ms)[0m  SELECT COUNT(*) FROM "personal_connections"  WHERE "personal_connections"."verb_id" = $1  [["verb_id", 855]]
11:22:56 web.1  |   [1m[36m (0.3ms)[0m  [1mSELECT COUNT(*) FROM "personal_connections"  WHERE "personal_connections"."verb_id" = $1[0m  [["verb_id", 1209]]
11:22:56 web.1  |   [1m[35m (0.3ms)[0m  SELECT COUNT(*) FROM "personal_connections"  WHERE "personal_connections"."verb_id" = $1  [["verb_id", 1137]]
11:22:56 web.1  |   [1m[36m (0.3ms)[0m  [1mSELECT COUNT(*) FROM "personal_connections"  WHERE "personal_connections"."verb_id" = $1[0m  [["verb_id", 1066]]
11:22:56 web.1  |   [1m[35m (0.3ms)[0m  SELECT COUNT(*) FROM "personal_connections"  WHERE "personal_connections"."verb_id" = $1  [["verb_id", 1439]]
11:22:56 web.1  |   [1m[36m (0.3ms)[0m  [1mSELECT COUNT(*) FROM "personal_connections"  WHERE "personal_connections"."verb_id" = $1[0m  [["verb_id", 1171]]
11:22:56 web.1  |   [1m[35m (0.3ms)[0m  SELECT COUNT(*) FROM "personal_connections"  WHERE "personal_connections"."verb_id" = $1  [["verb_id", 1449]]
11:22:56 web.1  |   [1m[36m (0.3ms)[0m  [1mSELECT COUNT(*) FROM "personal_connections"  WHERE "personal_connections"."verb_id" = $1[0m  [["verb_id", 1000]]
11:22:56 web.1  |   [1m[35m (0.4ms)[0m  SELECT COUNT(*) FROM "personal_connections"  WHERE "personal_connections"."verb_id" = $1  [["verb_id", 839]]
11:22:56 web.1  |   [1m[36m (0.3ms)[0m  [1mSELECT COUNT(*) FROM "personal_connections"  WHERE "personal_connections"."verb_id" = $1[0m  [["verb_id", 970]]
11:22:56 web.1  |   [1m[35m (0.3ms)[0m  SELECT COUNT(*) FROM "personal_connections"  WHERE "personal_connections"."verb_id" = $1  [["verb_id", 824]]
11:22:56 web.1  |   [1m[36m (0.3ms)[0m  [1mSELECT COUNT(*) FROM "personal_connections"  WHERE "personal_connections"."verb_id" = $1[0m  [["verb_id", 763]]
11:22:56 web.1  |   [1m[35m (0.3ms)[0m  SELECT COUNT(*) FROM "personal_connections"  WHERE "personal_connections"."verb_id" = $1  [["verb_id", 1199]]
11:22:56 web.1  |   [1m[36m (0.4ms)[0m  [1mSELECT COUNT(*) FROM "personal_connections"  WHERE "personal_connections"."verb_id" = $1[0m  [["verb_id", 671]]
11:22:56 web.1  |   [1m[35m (0.3ms)[0m  SELECT COUNT(*) FROM "personal_connections"  WHERE "personal_connections"."verb_id" = $1  [["verb_id", 808]]
11:22:56 web.1  |   [1m[36m (0.3ms)[0m  [1mSELECT COUNT(*) FROM "personal_connections"  WHERE "personal_connections"."verb_id" = $1[0m  [["verb_id", 1465]]
11:22:56 web.1  |   [1m[35m (0.3ms)[0m  SELECT COUNT(*) FROM "personal_connections"  WHERE "personal_connections"."verb_id" = $1  [["verb_id", 470]]
11:22:56 web.1  |   [1m[36m (0.3ms)[0m  [1mSELECT COUNT(*) FROM "personal_connections"  WHERE "personal_connections"."verb_id" = $1[0m  [["verb_id", 981]]
11:22:56 web.1  |   [1m[35m (0.4ms)[0m  SELECT COUNT(*) FROM "personal_connections"  WHERE "personal_connections"."verb_id" = $1  [["verb_id", 880]]
11:22:56 web.1  |   [1m[36m (0.3ms)[0m  [1mSELECT COUNT(*) FROM "personal_connections"  WHERE "personal_connections"."verb_id" = $1[0m  [["verb_id", 1050]]
11:22:56 web.1  |   [1m[35m (0.4ms)[0m  SELECT COUNT(*) FROM "personal_connections"  WHERE "personal_connections"."verb_id" = $1  [["verb_id", 980]]
11:22:56 web.1  |   [1m[36m (0.3ms)[0m  [1mSELECT COUNT(*) FROM "personal_connections"  WHERE "personal_connections"."verb_id" = $1[0m  [["verb_id", 1010]]
11:22:56 web.1  |   [1m[35m (0.3ms)[0m  SELECT COUNT(*) FROM "personal_connections"  WHERE "personal_connections"."verb_id" = $1  [["verb_id", 492]]
11:22:56 web.1  |   [1m[36m (1.0ms)[0m  [1mSELECT COUNT(*) FROM "personal_connections"  WHERE "personal_connections"."verb_id" = $1[0m  [["verb_id", 1556]]
11:22:56 web.1  |   [1m[35m (0.4ms)[0m  SELECT COUNT(*) FROM "personal_connections"  WHERE "personal_connections"."verb_id" = $1  [["verb_id", 744]]
11:22:56 web.1  |   [1m[36m (0.3ms)[0m  [1mSELECT COUNT(*) FROM "personal_connections"  WHERE "personal_connections"."verb_id" = $1[0m  [["verb_id", 1509]]
11:22:56 web.1  |   [1m[35m (0.3ms)[0m  SELECT COUNT(*) FROM "personal_connections"  WHERE "personal_connections"."verb_id" = $1  [["verb_id", 1218]]
11:22:56 web.1  |   [1m[36m (0.3ms)[0m  [1mSELECT COUNT(*) FROM "personal_connections"  WHERE "personal_connections"."verb_id" = $1[0m  [["verb_id", 1490]]
11:22:56 web.1  |   [1m[35m (0.3ms)[0m  SELECT COUNT(*) FROM "personal_connections"  WHERE "personal_connections"."verb_id" = $1  [["verb_id", 1318]]
11:22:56 web.1  |   [1m[36m (0.3ms)[0m  [1mSELECT COUNT(*) FROM "personal_connections"  WHERE "personal_connections"."verb_id" = $1[0m  [["verb_id", 708]]
11:22:56 web.1  |   [1m[35m (0.3ms)[0m  SELECT COUNT(*) FROM "personal_connections"  WHERE "personal_connections"."verb_id" = $1  [["verb_id", 1195]]
11:22:56 web.1  |   [1m[36m (0.3ms)[0m  [1mSELECT COUNT(*) FROM "personal_connections"  WHERE "personal_connections"."verb_id" = $1[0m  [["verb_id", 1335]]
11:22:56 web.1  |   [1m[35m (0.3ms)[0m  SELECT COUNT(*) FROM "personal_connections"  WHERE "personal_connections"."verb_id" = $1  [["verb_id", 1206]]
11:22:56 web.1  |   [1m[36m (0.6ms)[0m  [1mSELECT COUNT(*) FROM "personal_connections"  WHERE "personal_connections"."verb_id" = $1[0m  [["verb_id", 713]]
11:22:56 web.1  |   [1m[35m (0.3ms)[0m  SELECT COUNT(*) FROM "personal_connections"  WHERE "personal_connections"."verb_id" = $1  [["verb_id", 871]]
11:22:56 web.1  |   [1m[36m (0.3ms)[0m  [1mSELECT COUNT(*) FROM "personal_connections"  WHERE "personal_connections"."verb_id" = $1[0m  [["verb_id", 604]]
11:22:56 web.1  |   [1m[35m (0.4ms)[0m  SELECT COUNT(*) FROM "personal_connections"  WHERE "personal_connections"."verb_id" = $1  [["verb_id", 707]]
11:22:56 web.1  |   [1m[36m (0.3ms)[0m  [1mSELECT COUNT(*) FROM "personal_connections"  WHERE "personal_connections"."verb_id" = $1[0m  [["verb_id", 825]]
11:22:56 web.1  |   [1m[35m (0.3ms)[0m  SELECT COUNT(*) FROM "personal_connections"  WHERE "personal_connections"."verb_id" = $1  [["verb_id", 1343]]
11:22:56 web.1  |   [1m[36m (0.3ms)[0m  [1mSELECT COUNT(*) FROM "personal_connections"  WHERE "personal_connections"."verb_id" = $1[0m  [["verb_id", 332]]
11:22:56 web.1  |   [1m[35m (0.3ms)[0m  SELECT COUNT(*) FROM "personal_connections"  WHERE "personal_connections"."verb_id" = $1  [["verb_id", 380]]
11:22:56 web.1  |   [1m[36m (0.3ms)[0m  [1mSELECT COUNT(*) FROM "personal_connections"  WHERE "personal_connections"."verb_id" = $1[0m  [["verb_id", 1434]]
11:22:56 web.1  |   [1m[35m (0.3ms)[0m  SELECT COUNT(*) FROM "personal_connections"  WHERE "personal_connections"."verb_id" = $1  [["verb_id", 1466]]
11:22:56 web.1  |   [1m[36m (0.4ms)[0m  [1mSELECT COUNT(*) FROM "personal_connections"  WHERE "personal_connections"."verb_id" = $1[0m  [["verb_id", 608]]
11:22:56 web.1  |   [1m[35m (0.4ms)[0m  SELECT COUNT(*) FROM "personal_connections"  WHERE "personal_connections"."verb_id" = $1  [["verb_id", 600]]
11:22:56 web.1  |   [1m[36m (0.3ms)[0m  [1mSELECT COUNT(*) FROM "personal_connections"  WHERE "personal_connections"."verb_id" = $1[0m  [["verb_id", 1035]]
11:22:56 web.1  |   [1m[35m (0.3ms)[0m  SELECT COUNT(*) FROM "personal_connections"  WHERE "personal_connections"."verb_id" = $1  [["verb_id", 656]]
11:22:56 web.1  |   [1m[36m (0.3ms)[0m  [1mSELECT COUNT(*) FROM "personal_connections"  WHERE "personal_connections"."verb_id" = $1[0m  [["verb_id", 910]]
11:22:56 web.1  |   [1m[35m (0.7ms)[0m  SELECT COUNT(*) FROM "personal_connections"  WHERE "personal_connections"."verb_id" = $1  [["verb_id", 360]]
11:22:56 web.1  |   [1m[36m (0.4ms)[0m  [1mSELECT COUNT(*) FROM "personal_connections"  WHERE "personal_connections"."verb_id" = $1[0m  [["verb_id", 1256]]
11:22:56 web.1  |   [1m[35m (0.3ms)[0m  SELECT COUNT(*) FROM "personal_connections"  WHERE "personal_connections"."verb_id" = $1  [["verb_id", 897]]
11:22:56 web.1  |   [1m[36m (0.3ms)[0m  [1mSELECT COUNT(*) FROM "personal_connections"  WHERE "personal_connections"."verb_id" = $1[0m  [["verb_id", 324]]
11:22:56 web.1  |   [1m[35m (0.4ms)[0m  SELECT COUNT(*) FROM "personal_connections"  WHERE "personal_connections"."verb_id" = $1  [["verb_id", 330]]
11:22:56 web.1  |   [1m[36m (0.3ms)[0m  [1mSELECT COUNT(*) FROM "personal_connections"  WHERE "personal_connections"."verb_id" = $1[0m  [["verb_id", 386]]
11:22:56 web.1  |   [1m[35m (0.4ms)[0m  SELECT COUNT(*) FROM "personal_connections"  WHERE "personal_connections"."verb_id" = $1  [["verb_id", 1183]]
11:22:56 web.1  |   [1m[36m (0.4ms)[0m  [1mSELECT COUNT(*) FROM "personal_connections"  WHERE "personal_connections"."verb_id" = $1[0m  [["verb_id", 811]]
11:22:56 web.1  |   [1m[35m (0.3ms)[0m  SELECT COUNT(*) FROM "personal_connections"  WHERE "personal_connections"."verb_id" = $1  [["verb_id", 350]]
11:22:56 web.1  |   [1m[36m (0.3ms)[0m  [1mSELECT COUNT(*) FROM "personal_connections"  WHERE "personal_connections"."verb_id" = $1[0m  [["verb_id", 1480]]
11:22:56 web.1  |   [1m[35m (0.4ms)[0m  SELECT COUNT(*) FROM "personal_connections"  WHERE "personal_connections"."verb_id" = $1  [["verb_id", 368]]
11:22:56 web.1  |   [1m[36m (0.4ms)[0m  [1mSELECT COUNT(*) FROM "personal_connections"  WHERE "personal_connections"."verb_id" = $1[0m  [["verb_id", 366]]
11:22:56 web.1  |   [1m[35m (0.3ms)[0m  SELECT COUNT(*) FROM "personal_connections"  WHERE "personal_connections"."verb_id" = $1  [["verb_id", 344]]
11:22:56 web.1  |   [1m[36m (0.3ms)[0m  [1mSELECT COUNT(*) FROM "personal_connections"  WHERE "personal_connections"."verb_id" = $1[0m  [["verb_id", 1204]]
11:22:56 web.1  |   [1m[35m (0.4ms)[0m  SELECT COUNT(*) FROM "personal_connections"  WHERE "personal_connections"."verb_id" = $1  [["verb_id", 1070]]
11:22:56 web.1  |   [1m[36m (0.4ms)[0m  [1mSELECT COUNT(*) FROM "personal_connections"  WHERE "personal_connections"."verb_id" = $1[0m  [["verb_id", 996]]
11:22:56 web.1  |   [1m[35m (0.3ms)[0m  SELECT COUNT(*) FROM "personal_connections"  WHERE "personal_connections"."verb_id" = $1  [["verb_id", 1409]]
11:22:56 web.1  |   [1m[36m (0.3ms)[0m  [1mSELECT COUNT(*) FROM "personal_connections"  WHERE "personal_connections"."verb_id" = $1[0m  [["verb_id", 1072]]
11:22:56 web.1  |   [1m[35m (0.3ms)[0m  SELECT COUNT(*) FROM "personal_connections"  WHERE "personal_connections"."verb_id" = $1  [["verb_id", 1160]]
11:22:56 web.1  |   [1m[36m (0.4ms)[0m  [1mSELECT COUNT(*) FROM "personal_connections"  WHERE "personal_connections"."verb_id" = $1[0m  [["verb_id", 1587]]
11:22:56 web.1  |   [1m[35m (0.3ms)[0m  SELECT COUNT(*) FROM "personal_connections"  WHERE "personal_connections"."verb_id" = $1  [["verb_id", 952]]
11:22:56 web.1  |   [1m[36m (0.3ms)[0m  [1mSELECT COUNT(*) FROM "personal_connections"  WHERE "personal_connections"."verb_id" = $1[0m  [["verb_id", 546]]
11:22:56 web.1  |   [1m[35m (0.4ms)[0m  SELECT COUNT(*) FROM "personal_connections"  WHERE "personal_connections"."verb_id" = $1  [["verb_id", 209]]
11:22:56 web.1  |   [1m[36m (0.3ms)[0m  [1mSELECT COUNT(*) FROM "personal_connections"  WHERE "personal_connections"."verb_id" = $1[0m  [["verb_id", 169]]
11:22:56 web.1  |   [1m[35m (0.3ms)[0m  SELECT COUNT(*) FROM "personal_connections"  WHERE "personal_connections"."verb_id" = $1  [["verb_id", 1017]]
11:22:56 web.1  |   [1m[36m (0.3ms)[0m  [1mSELECT COUNT(*) FROM "personal_connections"  WHERE "personal_connections"."verb_id" = $1[0m  [["verb_id", 1073]]
11:22:56 web.1  |   [1m[35m (0.3ms)[0m  SELECT COUNT(*) FROM "personal_connections"  WHERE "personal_connections"."verb_id" = $1  [["verb_id", 892]]
11:22:56 web.1  |   [1m[36m (0.3ms)[0m  [1mSELECT COUNT(*) FROM "personal_connections"  WHERE "personal_connections"."verb_id" = $1[0m  [["verb_id", 1316]]
11:22:56 web.1  |   [1m[35m (0.3ms)[0m  SELECT COUNT(*) FROM "personal_connections"  WHERE "personal_connections"."verb_id" = $1  [["verb_id", 764]]
11:22:56 web.1  |   [1m[36m (0.3ms)[0m  [1mSELECT COUNT(*) FROM "personal_connections"  WHERE "personal_connections"."verb_id" = $1[0m  [["verb_id", 1410]]
11:22:56 web.1  |   [1m[35m (0.3ms)[0m  SELECT COUNT(*) FROM "personal_connections"  WHERE "personal_connections"."verb_id" = $1  [["verb_id", 800]]
11:22:57 web.1  |   [1m[36m (0.5ms)[0m  [1mSELECT COUNT(*) FROM "personal_connections"  WHERE "personal_connections"."verb_id" = $1[0m  [["verb_id", 612]]
11:22:57 web.1  |   [1m[35m (0.4ms)[0m  SELECT COUNT(*) FROM "personal_connections"  WHERE "personal_connections"."verb_id" = $1  [["verb_id", 748]]
11:22:57 web.1  |   [1m[36m (0.3ms)[0m  [1mSELECT COUNT(*) FROM "personal_connections"  WHERE "personal_connections"."verb_id" = $1[0m  [["verb_id", 474]]
11:22:57 web.1  |   [1m[35m (0.4ms)[0m  SELECT COUNT(*) FROM "personal_connections"  WHERE "personal_connections"."verb_id" = $1  [["verb_id", 1428]]
11:22:57 web.1  |   [1m[36m (0.3ms)[0m  [1mSELECT COUNT(*) FROM "personal_connections"  WHERE "personal_connections"."verb_id" = $1[0m  [["verb_id", 752]]
11:22:57 web.1  |   [1m[35m (0.3ms)[0m  SELECT COUNT(*) FROM "personal_connections"  WHERE "personal_connections"."verb_id" = $1  [["verb_id", 1279]]
11:22:57 web.1  |   [1m[36m (0.3ms)[0m  [1mSELECT COUNT(*) FROM "personal_connections"  WHERE "personal_connections"."verb_id" = $1[0m  [["verb_id", 1406]]
11:22:57 web.1  |   [1m[35m (0.3ms)[0m  SELECT COUNT(*) FROM "personal_connections"  WHERE "personal_connections"."verb_id" = $1  [["verb_id", 870]]
11:22:57 web.1  |   [1m[36m (0.3ms)[0m  [1mSELECT COUNT(*) FROM "personal_connections"  WHERE "personal_connections"."verb_id" = $1[0m  [["verb_id", 864]]
11:22:57 web.1  |   [1m[35m (0.3ms)[0m  SELECT COUNT(*) FROM "personal_connections"  WHERE "personal_connections"."verb_id" = $1  [["verb_id", 845]]
11:22:57 web.1  |   [1m[36m (0.3ms)[0m  [1mSELECT COUNT(*) FROM "personal_connections"  WHERE "personal_connections"."verb_id" = $1[0m  [["verb_id", 560]]
11:22:57 web.1  |   [1m[35m (0.3ms)[0m  SELECT COUNT(*) FROM "personal_connections"  WHERE "personal_connections"."verb_id" = $1  [["verb_id", 1019]]
11:22:57 web.1  |   [1m[36m (0.3ms)[0m  [1mSELECT COUNT(*) FROM "personal_connections"  WHERE "personal_connections"."verb_id" = $1[0m  [["verb_id", 821]]
11:22:57 web.1  |   [1m[35m (0.4ms)[0m  SELECT COUNT(*) FROM "personal_connections"  WHERE "personal_connections"."verb_id" = $1  [["verb_id", 987]]
11:22:57 web.1  |   [1m[36m (0.3ms)[0m  [1mSELECT COUNT(*) FROM "personal_connections"  WHERE "personal_connections"."verb_id" = $1[0m  [["verb_id", 749]]
11:22:57 web.1  |   [1m[35m (0.3ms)[0m  SELECT COUNT(*) FROM "personal_connections"  WHERE "personal_connections"."verb_id" = $1  [["verb_id", 1500]]
11:22:57 web.1  |   [1m[36m (0.3ms)[0m  [1mSELECT COUNT(*) FROM "personal_connections"  WHERE "personal_connections"."verb_id" = $1[0m  [["verb_id", 982]]
11:22:57 web.1  |   [1m[35m (0.3ms)[0m  SELECT COUNT(*) FROM "personal_connections"  WHERE "personal_connections"."verb_id" = $1  [["verb_id", 570]]
11:22:57 web.1  |   [1m[36m (0.3ms)[0m  [1mSELECT COUNT(*) FROM "personal_connections"  WHERE "personal_connections"."verb_id" = $1[0m  [["verb_id", 784]]
11:22:57 web.1  |   [1m[35m (0.3ms)[0m  SELECT COUNT(*) FROM "personal_connections"  WHERE "personal_connections"."verb_id" = $1  [["verb_id", 911]]
11:22:57 web.1  |   [1m[36m (0.3ms)[0m  [1mSELECT COUNT(*) FROM "personal_connections"  WHERE "personal_connections"."verb_id" = $1[0m  [["verb_id", 988]]
11:22:57 web.1  |   [1m[35m (0.3ms)[0m  SELECT COUNT(*) FROM "personal_connections"  WHERE "personal_connections"."verb_id" = $1  [["verb_id", 1413]]
11:22:57 web.1  |   [1m[36m (0.4ms)[0m  [1mSELECT COUNT(*) FROM "personal_connections"  WHERE "personal_connections"."verb_id" = $1[0m  [["verb_id", 1064]]
11:22:57 web.1  |   [1m[35m (0.3ms)[0m  SELECT COUNT(*) FROM "personal_connections"  WHERE "personal_connections"."verb_id" = $1  [["verb_id", 726]]
11:22:57 web.1  |   [1m[36m (0.3ms)[0m  [1mSELECT COUNT(*) FROM "personal_connections"  WHERE "personal_connections"."verb_id" = $1[0m  [["verb_id", 548]]
11:22:57 web.1  |   [1m[35m (0.3ms)[0m  SELECT COUNT(*) FROM "personal_connections"  WHERE "personal_connections"."verb_id" = $1  [["verb_id", 568]]
11:22:57 web.1  |   [1m[36m (0.3ms)[0m  [1mSELECT COUNT(*) FROM "personal_connections"  WHERE "personal_connections"."verb_id" = $1[0m  [["verb_id", 1494]]
11:22:57 web.1  |   [1m[35m (0.3ms)[0m  SELECT COUNT(*) FROM "personal_connections"  WHERE "personal_connections"."verb_id" = $1  [["verb_id", 675]]
11:22:57 web.1  |   [1m[36m (0.3ms)[0m  [1mSELECT COUNT(*) FROM "personal_connections"  WHERE "personal_connections"."verb_id" = $1[0m  [["verb_id", 1002]]
11:22:57 web.1  |   [1m[35m (0.3ms)[0m  SELECT COUNT(*) FROM "personal_connections"  WHERE "personal_connections"."verb_id" = $1  [["verb_id", 1424]]
11:22:57 web.1  |   [1m[36m (0.3ms)[0m  [1mSELECT COUNT(*) FROM "personal_connections"  WHERE "personal_connections"."verb_id" = $1[0m  [["verb_id", 689]]
11:22:57 web.1  |   [1m[35m (0.3ms)[0m  SELECT COUNT(*) FROM "personal_connections"  WHERE "personal_connections"."verb_id" = $1  [["verb_id", 1573]]
11:22:57 web.1  |   [1m[36m (0.3ms)[0m  [1mSELECT COUNT(*) FROM "personal_connections"  WHERE "personal_connections"."verb_id" = $1[0m  [["verb_id", 798]]
11:22:57 web.1  |   [1m[35m (0.3ms)[0m  SELECT COUNT(*) FROM "personal_connections"  WHERE "personal_connections"."verb_id" = $1  [["verb_id", 730]]
11:22:57 web.1  |   [1m[36m (0.3ms)[0m  [1mSELECT COUNT(*) FROM "personal_connections"  WHERE "personal_connections"."verb_id" = $1[0m  [["verb_id", 929]]
11:22:57 web.1  |   [1m[35m (0.3ms)[0m  SELECT COUNT(*) FROM "personal_connections"  WHERE "personal_connections"."verb_id" = $1  [["verb_id", 1213]]
11:22:57 web.1  |   [1m[36m (0.3ms)[0m  [1mSELECT COUNT(*) FROM "personal_connections"  WHERE "personal_connections"."verb_id" = $1[0m  [["verb_id", 905]]
11:22:57 web.1  |   [1m[35m (0.3ms)[0m  SELECT COUNT(*) FROM "personal_connections"  WHERE "personal_connections"."verb_id" = $1  [["verb_id", 1214]]
11:22:57 web.1  |   [1m[36m (0.3ms)[0m  [1mSELECT COUNT(*) FROM "personal_connections"  WHERE "personal_connections"."verb_id" = $1[0m  [["verb_id", 999]]
11:22:57 web.1  |   [1m[35m (0.4ms)[0m  SELECT COUNT(*) FROM "personal_connections"  WHERE "personal_connections"."verb_id" = $1  [["verb_id", 681]]
11:22:57 web.1  |   [1m[36m (0.3ms)[0m  [1mSELECT COUNT(*) FROM "personal_connections"  WHERE "personal_connections"."verb_id" = $1[0m  [["verb_id", 1100]]
11:22:57 web.1  |   [1m[35m (0.3ms)[0m  SELECT COUNT(*) FROM "personal_connections"  WHERE "personal_connections"."verb_id" = $1  [["verb_id", 628]]
11:22:57 web.1  |   [1m[36m (0.3ms)[0m  [1mSELECT COUNT(*) FROM "personal_connections"  WHERE "personal_connections"."verb_id" = $1[0m  [["verb_id", 524]]
11:22:57 web.1  |   [1m[35m (0.4ms)[0m  SELECT COUNT(*) FROM "personal_connections"  WHERE "personal_connections"."verb_id" = $1  [["verb_id", 145]]
11:22:57 web.1  |   [1m[36m (0.9ms)[0m  [1mSELECT COUNT(*) FROM "personal_connections"  WHERE "personal_connections"."verb_id" = $1[0m  [["verb_id", 1469]]
11:22:57 web.1  |   [1m[35m (0.7ms)[0m  SELECT COUNT(*) FROM "personal_connections"  WHERE "personal_connections"."verb_id" = $1  [["verb_id", 1188]]
11:22:57 web.1  |   [1m[36m (0.5ms)[0m  [1mSELECT COUNT(*) FROM "personal_connections"  WHERE "personal_connections"."verb_id" = $1[0m  [["verb_id", 1039]]
11:22:57 web.1  |   [1m[35m (0.6ms)[0m  SELECT COUNT(*) FROM "personal_connections"  WHERE "personal_connections"."verb_id" = $1  [["verb_id", 985]]
11:22:57 web.1  |   [1m[36m (0.3ms)[0m  [1mSELECT COUNT(*) FROM "personal_connections"  WHERE "personal_connections"."verb_id" = $1[0m  [["verb_id", 1482]]
11:22:57 web.1  |   [1m[35m (0.3ms)[0m  SELECT COUNT(*) FROM "personal_connections"  WHERE "personal_connections"."verb_id" = $1  [["verb_id", 342]]
11:22:57 web.1  |   [1m[36m (0.3ms)[0m  [1mSELECT COUNT(*) FROM "personal_connections"  WHERE "personal_connections"."verb_id" = $1[0m  [["verb_id", 242]]
11:22:57 web.1  |   [1m[35m (0.3ms)[0m  SELECT COUNT(*) FROM "personal_connections"  WHERE "personal_connections"."verb_id" = $1  [["verb_id", 802]]
11:22:57 web.1  |   [1m[36m (0.3ms)[0m  [1mSELECT COUNT(*) FROM "personal_connections"  WHERE "personal_connections"."verb_id" = $1[0m  [["verb_id", 442]]
11:22:57 web.1  |   [1m[35m (0.3ms)[0m  SELECT COUNT(*) FROM "personal_connections"  WHERE "personal_connections"."verb_id" = $1  [["verb_id", 1156]]
11:22:57 web.1  |   [1m[36m (0.4ms)[0m  [1mSELECT COUNT(*) FROM "personal_connections"  WHERE "personal_connections"."verb_id" = $1[0m  [["verb_id", 370]]
11:22:57 web.1  |   [1m[35m (0.3ms)[0m  SELECT COUNT(*) FROM "personal_connections"  WHERE "personal_connections"."verb_id" = $1  [["verb_id", 1162]]
11:22:57 web.1  |   [1m[36m (0.3ms)[0m  [1mSELECT COUNT(*) FROM "personal_connections"  WHERE "personal_connections"."verb_id" = $1[0m  [["verb_id", 452]]
11:22:57 web.1  |   [1m[35m (0.4ms)[0m  SELECT COUNT(*) FROM "personal_connections"  WHERE "personal_connections"."verb_id" = $1  [["verb_id", 806]]
11:22:57 web.1  |   [1m[36m (0.3ms)[0m  [1mSELECT COUNT(*) FROM "personal_connections"  WHERE "personal_connections"."verb_id" = $1[0m  [["verb_id", 994]]
11:22:57 web.1  |   [1m[35m (0.3ms)[0m  SELECT COUNT(*) FROM "personal_connections"  WHERE "personal_connections"."verb_id" = $1  [["verb_id", 1342]]
11:22:57 web.1  |   [1m[36m (0.3ms)[0m  [1mSELECT COUNT(*) FROM "personal_connections"  WHERE "personal_connections"."verb_id" = $1[0m  [["verb_id", 789]]
11:22:57 web.1  |   [1m[35m (0.3ms)[0m  SELECT COUNT(*) FROM "personal_connections"  WHERE "personal_connections"."verb_id" = $1  [["verb_id", 1321]]
11:22:57 web.1  |   [1m[36m (0.3ms)[0m  [1mSELECT COUNT(*) FROM "personal_connections"  WHERE "personal_connections"."verb_id" = $1[0m  [["verb_id", 464]]
11:22:57 web.1  |   [1m[35m (0.3ms)[0m  SELECT COUNT(*) FROM "personal_connections"  WHERE "personal_connections"."verb_id" = $1  [["verb_id", 272]]
11:22:57 web.1  |   [1m[36m (0.3ms)[0m  [1mSELECT COUNT(*) FROM "personal_connections"  WHERE "personal_connections"."verb_id" = $1[0m  [["verb_id", 923]]
11:22:57 web.1  |   [1m[35m (0.3ms)[0m  SELECT COUNT(*) FROM "personal_connections"  WHERE "personal_connections"."verb_id" = $1  [["verb_id", 931]]
11:22:57 web.1  |   [1m[36m (0.3ms)[0m  [1mSELECT COUNT(*) FROM "personal_connections"  WHERE "personal_connections"."verb_id" = $1[0m  [["verb_id", 921]]
11:22:57 web.1  |   [1m[35m (0.3ms)[0m  SELECT COUNT(*) FROM "personal_connections"  WHERE "personal_connections"."verb_id" = $1  [["verb_id", 234]]
11:22:57 web.1  |   [1m[36m (0.4ms)[0m  [1mSELECT COUNT(*) FROM "personal_connections"  WHERE "personal_connections"."verb_id" = $1[0m  [["verb_id", 149]]
11:22:57 web.1  |   [1m[35m (0.3ms)[0m  SELECT COUNT(*) FROM "personal_connections"  WHERE "personal_connections"."verb_id" = $1  [["verb_id", 1467]]
11:22:57 web.1  |   [1m[36m (0.3ms)[0m  [1mSELECT COUNT(*) FROM "personal_connections"  WHERE "personal_connections"."verb_id" = $1[0m  [["verb_id", 938]]
11:22:57 web.1  |   [1m[35m (0.3ms)[0m  SELECT COUNT(*) FROM "personal_connections"  WHERE "personal_connections"."verb_id" = $1  [["verb_id", 1109]]
11:22:57 web.1  |   [1m[36m (0.3ms)[0m  [1mSELECT COUNT(*) FROM "personal_connections"  WHERE "personal_connections"."verb_id" = $1[0m  [["verb_id", 1369]]
11:22:57 web.1  |   [1m[35m (0.3ms)[0m  SELECT COUNT(*) FROM "personal_connections"  WHERE "personal_connections"."verb_id" = $1  [["verb_id", 93]]
11:22:57 web.1  |   [1m[36m (0.4ms)[0m  [1mSELECT COUNT(*) FROM "personal_connections"  WHERE "personal_connections"."verb_id" = $1[0m  [["verb_id", 336]]
11:22:57 web.1  |   [1m[35m (0.3ms)[0m  SELECT COUNT(*) FROM "personal_connections"  WHERE "personal_connections"."verb_id" = $1  [["verb_id", 1169]]
11:22:57 web.1  |   [1m[36m (0.3ms)[0m  [1mSELECT COUNT(*) FROM "personal_connections"  WHERE "personal_connections"."verb_id" = $1[0m  [["verb_id", 1380]]
11:22:57 web.1  |   [1m[35m (0.3ms)[0m  SELECT COUNT(*) FROM "personal_connections"  WHERE "personal_connections"."verb_id" = $1  [["verb_id", 1116]]
11:22:57 web.1  |   [1m[36m (0.3ms)[0m  [1mSELECT COUNT(*) FROM "personal_connections"  WHERE "personal_connections"."verb_id" = $1[0m  [["verb_id", 1408]]
11:22:57 web.1  |   [1m[35m (0.3ms)[0m  SELECT COUNT(*) FROM "personal_connections"  WHERE "personal_connections"."verb_id" = $1  [["verb_id", 1311]]
11:22:57 web.1  |   [1m[36m (0.3ms)[0m  [1mSELECT COUNT(*) FROM "personal_connections"  WHERE "personal_connections"."verb_id" = $1[0m  [["verb_id", 654]]
11:22:57 web.1  |   [1m[35m (0.3ms)[0m  SELECT COUNT(*) FROM "personal_connections"  WHERE "personal_connections"."verb_id" = $1  [["verb_id", 979]]
11:22:57 web.1  |   [1m[36m (0.3ms)[0m  [1mSELECT COUNT(*) FROM "personal_connections"  WHERE "personal_connections"."verb_id" = $1[0m  [["verb_id", 1486]]
11:22:57 web.1  |   [1m[35m (0.3ms)[0m  SELECT COUNT(*) FROM "personal_connections"  WHERE "personal_connections"."verb_id" = $1  [["verb_id", 1502]]
11:22:57 web.1  |   [1m[36m (0.3ms)[0m  [1mSELECT COUNT(*) FROM "personal_connections"  WHERE "personal_connections"."verb_id" = $1[0m  [["verb_id", 1029]]
11:22:57 web.1  |   [1m[35m (0.3ms)[0m  SELECT COUNT(*) FROM "personal_connections"  WHERE "personal_connections"."verb_id" = $1  [["verb_id", 1182]]
11:22:57 web.1  |   [1m[36m (0.3ms)[0m  [1mSELECT COUNT(*) FROM "personal_connections"  WHERE "personal_connections"."verb_id" = $1[0m  [["verb_id", 1227]]
11:22:57 web.1  |   [1m[35m (0.3ms)[0m  SELECT COUNT(*) FROM "personal_connections"  WHERE "personal_connections"."verb_id" = $1  [["verb_id", 1202]]
11:22:57 web.1  |   [1m[36m (0.3ms)[0m  [1mSELECT COUNT(*) FROM "personal_connections"  WHERE "personal_connections"."verb_id" = $1[0m  [["verb_id", 308]]
11:22:57 web.1  |   [1m[35m (0.3ms)[0m  SELECT COUNT(*) FROM "personal_connections"  WHERE "personal_connections"."verb_id" = $1  [["verb_id", 1155]]
11:22:57 web.1  |   [1m[36m (0.3ms)[0m  [1mSELECT COUNT(*) FROM "personal_connections"  WHERE "personal_connections"."verb_id" = $1[0m  [["verb_id", 1300]]
11:22:57 web.1  |   [1m[35m (0.4ms)[0m  SELECT COUNT(*) FROM "personal_connections"  WHERE "personal_connections"."verb_id" = $1  [["verb_id", 109]]
11:22:57 web.1  |   [1m[36m (0.4ms)[0m  [1mSELECT COUNT(*) FROM "personal_connections"  WHERE "personal_connections"."verb_id" = $1[0m  [["verb_id", 502]]
11:22:57 web.1  |   [1m[35m (0.3ms)[0m  SELECT COUNT(*) FROM "personal_connections"  WHERE "personal_connections"."verb_id" = $1  [["verb_id", 51]]
11:22:57 web.1  |   [1m[36m (0.3ms)[0m  [1mSELECT COUNT(*) FROM "personal_connections"  WHERE "personal_connections"."verb_id" = $1[0m  [["verb_id", 1563]]
11:22:57 web.1  |   [1m[35m (0.4ms)[0m  SELECT COUNT(*) FROM "personal_connections"  WHERE "personal_connections"."verb_id" = $1  [["verb_id", 1562]]
11:22:57 web.1  |   [1m[36m (0.3ms)[0m  [1mSELECT COUNT(*) FROM "personal_connections"  WHERE "personal_connections"."verb_id" = $1[0m  [["verb_id", 65]]
11:22:57 web.1  |   [1m[35m (0.3ms)[0m  SELECT COUNT(*) FROM "personal_connections"  WHERE "personal_connections"."verb_id" = $1  [["verb_id", 1399]]
11:22:57 web.1  |   [1m[36m (0.4ms)[0m  [1mSELECT COUNT(*) FROM "personal_connections"  WHERE "personal_connections"."verb_id" = $1[0m  [["verb_id", 434]]
11:22:57 web.1  |   [1m[35m (0.3ms)[0m  SELECT COUNT(*) FROM "personal_connections"  WHERE "personal_connections"."verb_id" = $1  [["verb_id", 909]]
11:22:57 web.1  |   [1m[36m (0.3ms)[0m  [1mSELECT COUNT(*) FROM "personal_connections"  WHERE "personal_connections"."verb_id" = $1[0m  [["verb_id", 743]]
11:22:57 web.1  |   [1m[35m (0.3ms)[0m  SELECT COUNT(*) FROM "personal_connections"  WHERE "personal_connections"."verb_id" = $1  [["verb_id", 1286]]
11:22:57 web.1  |   [1m[36m (0.3ms)[0m  [1mSELECT COUNT(*) FROM "personal_connections"  WHERE "personal_connections"."verb_id" = $1[0m  [["verb_id", 1416]]
11:22:57 web.1  |   [1m[35m (0.4ms)[0m  SELECT COUNT(*) FROM "personal_connections"  WHERE "personal_connections"."verb_id" = $1  [["verb_id", 1111]]
11:22:57 web.1  |   [1m[36m (0.4ms)[0m  [1mSELECT COUNT(*) FROM "personal_connections"  WHERE "personal_connections"."verb_id" = $1[0m  [["verb_id", 1585]]
11:22:57 web.1  |   [1m[35m (0.3ms)[0m  SELECT COUNT(*) FROM "personal_connections"  WHERE "personal_connections"."verb_id" = $1  [["verb_id", 948]]
11:22:57 web.1  |   [1m[36m (0.3ms)[0m  [1mSELECT COUNT(*) FROM "personal_connections"  WHERE "personal_connections"."verb_id" = $1[0m  [["verb_id", 1314]]
11:22:57 web.1  |   [1m[35m (0.3ms)[0m  SELECT COUNT(*) FROM "personal_connections"  WHERE "personal_connections"."verb_id" = $1  [["verb_id", 1315]]
11:22:57 web.1  |   [1m[36m (0.3ms)[0m  [1mSELECT COUNT(*) FROM "personal_connections"  WHERE "personal_connections"."verb_id" = $1[0m  [["verb_id", 596]]
11:22:57 web.1  |   [1m[35m (0.3ms)[0m  SELECT COUNT(*) FROM "personal_connections"  WHERE "personal_connections"."verb_id" = $1  [["verb_id", 842]]
11:22:57 web.1  |   [1m[36m (0.3ms)[0m  [1mSELECT COUNT(*) FROM "personal_connections"  WHERE "personal_connections"."verb_id" = $1[0m  [["verb_id", 1295]]
11:22:57 web.1  |   [1m[35m (0.3ms)[0m  SELECT COUNT(*) FROM "personal_connections"  WHERE "personal_connections"."verb_id" = $1  [["verb_id", 468]]
11:22:57 web.1  |   [1m[36m (0.3ms)[0m  [1mSELECT COUNT(*) FROM "personal_connections"  WHERE "personal_connections"."verb_id" = $1[0m  [["verb_id", 1481]]
11:22:57 web.1  |   [1m[35m (0.3ms)[0m  SELECT COUNT(*) FROM "personal_connections"  WHERE "personal_connections"."verb_id" = $1  [["verb_id", 1574]]
11:22:57 web.1  |   [1m[36m (0.3ms)[0m  [1mSELECT COUNT(*) FROM "personal_connections"  WHERE "personal_connections"."verb_id" = $1[0m  [["verb_id", 1149]]
11:22:57 web.1  |   [1m[35m (0.3ms)[0m  SELECT COUNT(*) FROM "personal_connections"  WHERE "personal_connections"."verb_id" = $1  [["verb_id", 1541]]
11:22:57 web.1  |   [1m[36m (0.3ms)[0m  [1mSELECT COUNT(*) FROM "personal_connections"  WHERE "personal_connections"."verb_id" = $1[0m  [["verb_id", 646]]
11:22:57 web.1  |   [1m[35m (0.3ms)[0m  SELECT COUNT(*) FROM "personal_connections"  WHERE "personal_connections"."verb_id" = $1  [["verb_id", 719]]
11:22:57 web.1  |   [1m[36m (0.3ms)[0m  [1mSELECT COUNT(*) FROM "personal_connections"  WHERE "personal_connections"."verb_id" = $1[0m  [["verb_id", 1402]]
11:22:57 web.1  |   [1m[35m (0.3ms)[0m  SELECT COUNT(*) FROM "personal_connections"  WHERE "personal_connections"."verb_id" = $1  [["verb_id", 48]]
11:22:57 web.1  |   [1m[36m (0.3ms)[0m  [1mSELECT COUNT(*) FROM "personal_connections"  WHERE "personal_connections"."verb_id" = $1[0m  [["verb_id", 1266]]
11:22:57 web.1  |   [1m[35m (0.3ms)[0m  SELECT COUNT(*) FROM "personal_connections"  WHERE "personal_connections"."verb_id" = $1  [["verb_id", 376]]
11:22:57 web.1  |   [1m[36m (0.3ms)[0m  [1mSELECT COUNT(*) FROM "personal_connections"  WHERE "personal_connections"."verb_id" = $1[0m  [["verb_id", 1522]]
11:22:57 web.1  |   [1m[35m (0.4ms)[0m  SELECT COUNT(*) FROM "personal_connections"  WHERE "personal_connections"."verb_id" = $1  [["verb_id", 1150]]
11:22:57 web.1  |   [1m[36m (0.3ms)[0m  [1mSELECT COUNT(*) FROM "personal_connections"  WHERE "personal_connections"."verb_id" = $1[0m  [["verb_id", 356]]
11:22:57 web.1  |   [1m[35m (0.3ms)[0m  SELECT COUNT(*) FROM "personal_connections"  WHERE "personal_connections"."verb_id" = $1  [["verb_id", 762]]
11:22:57 web.1  |   [1m[36m (0.3ms)[0m  [1mSELECT COUNT(*) FROM "personal_connections"  WHERE "personal_connections"."verb_id" = $1[0m  [["verb_id", 1366]]
11:22:57 web.1  |   [1m[35m (0.4ms)[0m  SELECT COUNT(*) FROM "personal_connections"  WHERE "personal_connections"."verb_id" = $1  [["verb_id", 1367]]
11:22:57 web.1  |   [1m[36m (0.3ms)[0m  [1mSELECT COUNT(*) FROM "personal_connections"  WHERE "personal_connections"."verb_id" = $1[0m  [["verb_id", 1270]]
11:22:57 web.1  |   [1m[35m (0.3ms)[0m  SELECT COUNT(*) FROM "personal_connections"  WHERE "personal_connections"."verb_id" = $1  [["verb_id", 1135]]
11:22:57 web.1  |   [1m[36m (0.3ms)[0m  [1mSELECT COUNT(*) FROM "personal_connections"  WHERE "personal_connections"."verb_id" = $1[0m  [["verb_id", 282]]
11:22:57 web.1  |   [1m[35m (0.3ms)[0m  SELECT COUNT(*) FROM "personal_connections"  WHERE "personal_connections"."verb_id" = $1  [["verb_id", 1462]]
11:22:57 web.1  |   [1m[36m (0.4ms)[0m  [1mSELECT COUNT(*) FROM "personal_connections"  WHERE "personal_connections"."verb_id" = $1[0m  [["verb_id", 912]]
11:22:57 web.1  |   [1m[35m (0.3ms)[0m  SELECT COUNT(*) FROM "personal_connections"  WHERE "personal_connections"."verb_id" = $1  [["verb_id", 256]]
11:22:57 web.1  |   [1m[36m (0.3ms)[0m  [1mSELECT COUNT(*) FROM "personal_connections"  WHERE "personal_connections"."verb_id" = $1[0m  [["verb_id", 478]]
11:22:57 web.1  |   [1m[35m (0.3ms)[0m  SELECT COUNT(*) FROM "personal_connections"  WHERE "personal_connections"."verb_id" = $1  [["verb_id", 1441]]
11:22:57 web.1  |   [1m[36m (0.4ms)[0m  [1mSELECT COUNT(*) FROM "personal_connections"  WHERE "personal_connections"."verb_id" = $1[0m  [["verb_id", 1545]]
11:22:57 web.1  |   [1m[35m (0.3ms)[0m  SELECT COUNT(*) FROM "personal_connections"  WHERE "personal_connections"."verb_id" = $1  [["verb_id", 424]]
11:22:57 web.1  |   [1m[36m (0.6ms)[0m  [1mSELECT COUNT(*) FROM "personal_connections"  WHERE "personal_connections"."verb_id" = $1[0m  [["verb_id", 306]]
11:22:57 web.1  |   [1m[35m (0.3ms)[0m  SELECT COUNT(*) FROM "personal_connections"  WHERE "personal_connections"."verb_id" = $1  [["verb_id", 1259]]
11:22:57 web.1  |   [1m[36m (0.3ms)[0m  [1mSELECT COUNT(*) FROM "personal_connections"  WHERE "personal_connections"."verb_id" = $1[0m  [["verb_id", 884]]
11:22:57 web.1  |   [1m[35m (0.3ms)[0m  SELECT COUNT(*) FROM "personal_connections"  WHERE "personal_connections"."verb_id" = $1  [["verb_id", 1025]]
11:22:57 web.1  |   [1m[36m (0.5ms)[0m  [1mSELECT COUNT(*) FROM "personal_connections"  WHERE "personal_connections"."verb_id" = $1[0m  [["verb_id", 378]]
11:22:57 web.1  |   [1m[35m (0.3ms)[0m  SELECT COUNT(*) FROM "personal_connections"  WHERE "personal_connections"."verb_id" = $1  [["verb_id", 165]]
11:22:57 web.1  |   [1m[36m (0.5ms)[0m  [1mSELECT COUNT(*) FROM "personal_connections"  WHERE "personal_connections"."verb_id" = $1[0m  [["verb_id", 1113]]
11:22:57 web.1  |   [1m[35m (1.6ms)[0m  SELECT COUNT(*) FROM "personal_connections"  WHERE "personal_connections"."verb_id" = $1  [["verb_id", 1]]
11:22:57 web.1  |   [1m[36m (0.3ms)[0m  [1mSELECT COUNT(*) FROM "personal_connections"  WHERE "personal_connections"."verb_id" = $1[0m  [["verb_id", 1151]]
11:22:57 web.1  |   [1m[35m (0.3ms)[0m  SELECT COUNT(*) FROM "personal_connections"  WHERE "personal_connections"."verb_id" = $1  [["verb_id", 1426]]
11:22:57 web.1  |   [1m[36m (0.3ms)[0m  [1mSELECT COUNT(*) FROM "personal_connections"  WHERE "personal_connections"."verb_id" = $1[0m  [["verb_id", 1435]]
11:22:57 web.1  |   [1m[35m (0.4ms)[0m  SELECT COUNT(*) FROM "personal_connections"  WHERE "personal_connections"."verb_id" = $1  [["verb_id", 1333]]
11:22:57 web.1  |   [1m[36m (0.3ms)[0m  [1mSELECT COUNT(*) FROM "personal_connections"  WHERE "personal_connections"."verb_id" = $1[0m  [["verb_id", 1383]]
11:22:57 web.1  |   [1m[35m (0.3ms)[0m  SELECT COUNT(*) FROM "personal_connections"  WHERE "personal_connections"."verb_id" = $1  [["verb_id", 1328]]
11:22:57 web.1  |   [1m[36m (1.2ms)[0m  [1mSELECT COUNT(*) FROM "personal_connections"  WHERE "personal_connections"."verb_id" = $1[0m  [["verb_id", 534]]
11:22:57 web.1  |   [1m[35m (0.3ms)[0m  SELECT COUNT(*) FROM "personal_connections"  WHERE "personal_connections"."verb_id" = $1  [["verb_id", 334]]
11:22:57 web.1  |   [1m[36m (0.4ms)[0m  [1mSELECT COUNT(*) FROM "personal_connections"  WHERE "personal_connections"."verb_id" = $1[0m  [["verb_id", 2]]
11:22:57 web.1  |   [1m[35m (0.3ms)[0m  SELECT COUNT(*) FROM "personal_connections"  WHERE "personal_connections"."verb_id" = $1  [["verb_id", 1120]]
11:22:57 web.1  |   [1m[36m (0.3ms)[0m  [1mSELECT COUNT(*) FROM "personal_connections"  WHERE "personal_connections"."verb_id" = $1[0m  [["verb_id", 844]]
11:22:57 web.1  |   [1m[35m (0.3ms)[0m  SELECT COUNT(*) FROM "personal_connections"  WHERE "personal_connections"."verb_id" = $1  [["verb_id", 1210]]
11:22:57 web.1  |   [1m[36m (0.4ms)[0m  [1mSELECT COUNT(*) FROM "personal_connections"  WHERE "personal_connections"."verb_id" = $1[0m  [["verb_id", 1089]]
11:22:58 web.1  |   [1m[35m (0.3ms)[0m  SELECT COUNT(*) FROM "personal_connections"  WHERE "personal_connections"."verb_id" = $1  [["verb_id", 314]]
11:22:58 web.1  |   [1m[36m (0.3ms)[0m  [1mSELECT COUNT(*) FROM "personal_connections"  WHERE "personal_connections"."verb_id" = $1[0m  [["verb_id", 205]]
11:22:58 web.1  |   [1m[35m (0.4ms)[0m  SELECT COUNT(*) FROM "personal_connections"  WHERE "personal_connections"."verb_id" = $1  [["verb_id", 703]]
11:22:58 web.1  |   [1m[36m (0.3ms)[0m  [1mSELECT COUNT(*) FROM "personal_connections"  WHERE "personal_connections"."verb_id" = $1[0m  [["verb_id", 1219]]
11:22:58 web.1  |   [1m[35m (0.3ms)[0m  SELECT COUNT(*) FROM "personal_connections"  WHERE "personal_connections"."verb_id" = $1  [["verb_id", 640]]
11:22:58 web.1  |   [1m[36m (0.3ms)[0m  [1mSELECT COUNT(*) FROM "personal_connections"  WHERE "personal_connections"."verb_id" = $1[0m  [["verb_id", 248]]
11:22:58 web.1  |   [1m[35m (0.4ms)[0m  SELECT COUNT(*) FROM "personal_connections"  WHERE "personal_connections"."verb_id" = $1  [["verb_id", 781]]
11:22:58 web.1  |   [1m[36m (0.3ms)[0m  [1mSELECT COUNT(*) FROM "personal_connections"  WHERE "personal_connections"."verb_id" = $1[0m  [["verb_id", 820]]
11:22:58 web.1  |   [1m[35m (0.4ms)[0m  SELECT COUNT(*) FROM "personal_connections"  WHERE "personal_connections"."verb_id" = $1  [["verb_id", 236]]
11:22:58 web.1  |   [1m[36m (0.3ms)[0m  [1mSELECT COUNT(*) FROM "personal_connections"  WHERE "personal_connections"."verb_id" = $1[0m  [["verb_id", 484]]
11:22:58 web.1  |   [1m[35m (0.4ms)[0m  SELECT COUNT(*) FROM "personal_connections"  WHERE "personal_connections"."verb_id" = $1  [["verb_id", 1238]]
11:22:58 web.1  |   [1m[36m (0.3ms)[0m  [1mSELECT COUNT(*) FROM "personal_connections"  WHERE "personal_connections"."verb_id" = $1[0m  [["verb_id", 1337]]
11:22:58 web.1  |   [1m[35m (0.3ms)[0m  SELECT COUNT(*) FROM "personal_connections"  WHERE "personal_connections"."verb_id" = $1  [["verb_id", 1365]]
11:22:58 web.1  |   [1m[36m (0.3ms)[0m  [1mSELECT COUNT(*) FROM "personal_connections"  WHERE "personal_connections"."verb_id" = $1[0m  [["verb_id", 1417]]
11:22:58 web.1  |   [1m[35m (0.3ms)[0m  SELECT COUNT(*) FROM "personal_connections"  WHERE "personal_connections"."verb_id" = $1  [["verb_id", 432]]
11:22:58 web.1  |   [1m[36m (0.3ms)[0m  [1mSELECT COUNT(*) FROM "personal_connections"  WHERE "personal_connections"."verb_id" = $1[0m  [["verb_id", 697]]
11:22:58 web.1  |   [1m[35m (0.3ms)[0m  SELECT COUNT(*) FROM "personal_connections"  WHERE "personal_connections"."verb_id" = $1  [["verb_id", 228]]
11:22:58 web.1  |   [1m[36m (0.4ms)[0m  [1mSELECT COUNT(*) FROM "personal_connections"  WHERE "personal_connections"."verb_id" = $1[0m  [["verb_id", 1530]]
11:22:58 web.1  |   [1m[35m (0.4ms)[0m  SELECT COUNT(*) FROM "personal_connections"  WHERE "personal_connections"."verb_id" = $1  [["verb_id", 1438]]
11:22:58 web.1  |   [1m[36m (0.4ms)[0m  [1mSELECT COUNT(*) FROM "personal_connections"  WHERE "personal_connections"."verb_id" = $1[0m  [["verb_id", 61]]
11:22:58 web.1  |   [1m[35m (0.3ms)[0m  SELECT COUNT(*) FROM "personal_connections"  WHERE "personal_connections"."verb_id" = $1  [["verb_id", 16]]
11:22:58 web.1  |   [1m[36m (0.3ms)[0m  [1mSELECT COUNT(*) FROM "personal_connections"  WHERE "personal_connections"."verb_id" = $1[0m  [["verb_id", 747]]
11:22:58 web.1  |   [1m[35m (0.4ms)[0m  SELECT COUNT(*) FROM "personal_connections"  WHERE "personal_connections"."verb_id" = $1  [["verb_id", 958]]
11:22:58 web.1  |   [1m[36m (0.3ms)[0m  [1mSELECT COUNT(*) FROM "personal_connections"  WHERE "personal_connections"."verb_id" = $1[0m  [["verb_id", 544]]
11:22:58 web.1  |   [1m[35m (0.3ms)[0m  SELECT COUNT(*) FROM "personal_connections"  WHERE "personal_connections"."verb_id" = $1  [["verb_id", 1009]]
11:22:58 web.1  |   [1m[36m (0.3ms)[0m  [1mSELECT COUNT(*) FROM "personal_connections"  WHERE "personal_connections"."verb_id" = $1[0m  [["verb_id", 1040]]
11:22:58 web.1  |   [1m[35m (0.3ms)[0m  SELECT COUNT(*) FROM "personal_connections"  WHERE "personal_connections"."verb_id" = $1  [["verb_id", 296]]
11:22:58 web.1  |   [1m[36m (0.4ms)[0m  [1mSELECT COUNT(*) FROM "personal_connections"  WHERE "personal_connections"."verb_id" = $1[0m  [["verb_id", 696]]
11:22:58 web.1  |   [1m[35m (0.4ms)[0m  SELECT COUNT(*) FROM "personal_connections"  WHERE "personal_connections"."verb_id" = $1  [["verb_id", 1103]]
11:22:58 web.1  |   [1m[36m (0.3ms)[0m  [1mSELECT COUNT(*) FROM "personal_connections"  WHERE "personal_connections"."verb_id" = $1[0m  [["verb_id", 757]]
11:22:58 web.1  |   [1m[35m (0.3ms)[0m  SELECT COUNT(*) FROM "personal_connections"  WHERE "personal_connections"."verb_id" = $1  [["verb_id", 488]]
11:22:58 web.1  |   [1m[36m (0.3ms)[0m  [1mSELECT COUNT(*) FROM "personal_connections"  WHERE "personal_connections"."verb_id" = $1[0m  [["verb_id", 840]]
11:22:58 web.1  |   [1m[35m (0.5ms)[0m  SELECT COUNT(*) FROM "personal_connections"  WHERE "personal_connections"."verb_id" = $1  [["verb_id", 817]]
11:22:58 web.1  |   [1m[36m (0.4ms)[0m  [1mSELECT COUNT(*) FROM "personal_connections"  WHERE "personal_connections"."verb_id" = $1[0m  [["verb_id", 1565]]
11:22:58 web.1  |   [1m[35m (0.3ms)[0m  SELECT COUNT(*) FROM "personal_connections"  WHERE "personal_connections"."verb_id" = $1  [["verb_id", 1173]]
11:22:58 web.1  |   [1m[36m (0.3ms)[0m  [1mSELECT COUNT(*) FROM "personal_connections"  WHERE "personal_connections"."verb_id" = $1[0m  [["verb_id", 1564]]
11:22:58 web.1  |   [1m[35m (0.4ms)[0m  SELECT COUNT(*) FROM "personal_connections"  WHERE "personal_connections"."verb_id" = $1  [["verb_id", 1095]]
11:22:58 web.1  |   [1m[36m (0.3ms)[0m  [1mSELECT COUNT(*) FROM "personal_connections"  WHERE "personal_connections"."verb_id" = $1[0m  [["verb_id", 739]]
11:22:58 web.1  |   [1m[35m (0.3ms)[0m  SELECT COUNT(*) FROM "personal_connections"  WHERE "personal_connections"."verb_id" = $1  [["verb_id", 1310]]
11:22:58 web.1  |   [1m[36m (0.3ms)[0m  [1mSELECT COUNT(*) FROM "personal_connections"  WHERE "personal_connections"."verb_id" = $1[0m  [["verb_id", 738]]
11:22:58 web.1  |   [1m[35m (0.4ms)[0m  SELECT COUNT(*) FROM "personal_connections"  WHERE "personal_connections"."verb_id" = $1  [["verb_id", 1139]]
11:22:58 web.1  |   [1m[36m (0.4ms)[0m  [1mSELECT COUNT(*) FROM "personal_connections"  WHERE "personal_connections"."verb_id" = $1[0m  [["verb_id", 728]]
11:22:58 web.1  |   [1m[35m (0.3ms)[0m  SELECT COUNT(*) FROM "personal_connections"  WHERE "personal_connections"."verb_id" = $1  [["verb_id", 1138]]
11:22:58 web.1  |   [1m[36m (0.3ms)[0m  [1mSELECT COUNT(*) FROM "personal_connections"  WHERE "personal_connections"."verb_id" = $1[0m  [["verb_id", 727]]
11:22:58 web.1  |   [1m[35m (0.3ms)[0m  SELECT COUNT(*) FROM "personal_connections"  WHERE "personal_connections"."verb_id" = $1  [["verb_id", 868]]
11:22:58 web.1  |   [1m[36m (0.4ms)[0m  [1mSELECT COUNT(*) FROM "personal_connections"  WHERE "personal_connections"."verb_id" = $1[0m  [["verb_id", 1063]]
11:22:58 web.1  |   [1m[35m (0.3ms)[0m  SELECT COUNT(*) FROM "personal_connections"  WHERE "personal_connections"."verb_id" = $1  [["verb_id", 973]]
11:22:58 web.1  |   [1m[36m (0.3ms)[0m  [1mSELECT COUNT(*) FROM "personal_connections"  WHERE "personal_connections"."verb_id" = $1[0m  [["verb_id", 872]]
11:22:58 web.1  |   [1m[35m (0.3ms)[0m  SELECT COUNT(*) FROM "personal_connections"  WHERE "personal_connections"."verb_id" = $1  [["verb_id", 161]]
11:22:58 web.1  |   [1m[36m (0.3ms)[0m  [1mSELECT COUNT(*) FROM "personal_connections"  WHERE "personal_connections"."verb_id" = $1[0m  [["verb_id", 482]]
11:22:58 web.1  |   [1m[35m (0.3ms)[0m  SELECT COUNT(*) FROM "personal_connections"  WHERE "personal_connections"."verb_id" = $1  [["verb_id", 416]]
11:22:58 web.1  |   [1m[36m (0.3ms)[0m  [1mSELECT COUNT(*) FROM "personal_connections"  WHERE "personal_connections"."verb_id" = $1[0m  [["verb_id", 877]]
11:22:58 web.1  |   [1m[35m (0.3ms)[0m  SELECT COUNT(*) FROM "personal_connections"  WHERE "personal_connections"."verb_id" = $1  [["verb_id", 1460]]
11:22:58 web.1  |   [1m[36m (0.3ms)[0m  [1mSELECT COUNT(*) FROM "personal_connections"  WHERE "personal_connections"."verb_id" = $1[0m  [["verb_id", 510]]
11:22:58 web.1  |   [1m[35m (0.3ms)[0m  SELECT COUNT(*) FROM "personal_connections"  WHERE "personal_connections"."verb_id" = $1  [["verb_id", 779]]
11:22:58 web.1  |   [1m[36m (0.3ms)[0m  [1mSELECT COUNT(*) FROM "personal_connections"  WHERE "personal_connections"."verb_id" = $1[0m  [["verb_id", 594]]
11:22:58 web.1  |   [1m[35m (0.3ms)[0m  SELECT COUNT(*) FROM "personal_connections"  WHERE "personal_connections"."verb_id" = $1  [["verb_id", 717]]
11:22:58 web.1  |   [1m[36m (0.3ms)[0m  [1mSELECT COUNT(*) FROM "personal_connections"  WHERE "personal_connections"."verb_id" = $1[0m  [["verb_id", 718]]
11:22:58 web.1  |   [1m[35m (0.3ms)[0m  SELECT COUNT(*) FROM "personal_connections"  WHERE "personal_connections"."verb_id" = $1  [["verb_id", 1059]]
11:22:58 web.1  |   [1m[36m (0.4ms)[0m  [1mSELECT COUNT(*) FROM "personal_connections"  WHERE "personal_connections"."verb_id" = $1[0m  [["verb_id", 1057]]
11:22:58 web.1  |   [1m[35m (0.3ms)[0m  SELECT COUNT(*) FROM "personal_connections"  WHERE "personal_connections"."verb_id" = $1  [["verb_id", 1058]]
11:22:58 web.1  |   [1m[36m (0.4ms)[0m  [1mSELECT COUNT(*) FROM "personal_connections"  WHERE "personal_connections"."verb_id" = $1[0m  [["verb_id", 1060]]
11:22:58 web.1  |   [1m[35m (0.4ms)[0m  SELECT COUNT(*) FROM "personal_connections"  WHERE "personal_connections"."verb_id" = $1  [["verb_id", 1055]]
11:22:58 web.1  |   [1m[36m (0.3ms)[0m  [1mSELECT COUNT(*) FROM "personal_connections"  WHERE "personal_connections"."verb_id" = $1[0m  [["verb_id", 1056]]
11:22:58 web.1  |   [1m[35m (0.3ms)[0m  SELECT COUNT(*) FROM "personal_connections"  WHERE "personal_connections"."verb_id" = $1  [["verb_id", 1061]]
11:22:58 web.1  |   [1m[36m (0.3ms)[0m  [1mSELECT COUNT(*) FROM "personal_connections"  WHERE "personal_connections"."verb_id" = $1[0m  [["verb_id", 12]]
11:22:58 web.1  |   [1m[35m (0.3ms)[0m  SELECT COUNT(*) FROM "personal_connections"  WHERE "personal_connections"."verb_id" = $1  [["verb_id", 1412]]
11:22:58 web.1  |   [1m[36m (0.3ms)[0m  [1mSELECT COUNT(*) FROM "personal_connections"  WHERE "personal_connections"."verb_id" = $1[0m  [["verb_id", 1505]]
11:22:58 web.1  |   [1m[35m (0.3ms)[0m  SELECT COUNT(*) FROM "personal_connections"  WHERE "personal_connections"."verb_id" = $1  [["verb_id", 1096]]
11:22:58 web.1  |   [1m[36m (0.4ms)[0m  [1mSELECT COUNT(*) FROM "personal_connections"  WHERE "personal_connections"."verb_id" = $1[0m  [["verb_id", 1492]]
11:22:58 web.1  |   [1m[35m (0.4ms)[0m  SELECT COUNT(*) FROM "personal_connections"  WHERE "personal_connections"."verb_id" = $1  [["verb_id", 105]]
11:22:58 web.1  |   [1m[36m (0.3ms)[0m  [1mSELECT COUNT(*) FROM "personal_connections"  WHERE "personal_connections"."verb_id" = $1[0m  [["verb_id", 1293]]
11:22:58 web.1  |   [1m[35m (0.3ms)[0m  SELECT COUNT(*) FROM "personal_connections"  WHERE "personal_connections"."verb_id" = $1  [["verb_id", 1020]]
11:22:58 web.1  |   [1m[36m (0.3ms)[0m  [1mSELECT COUNT(*) FROM "personal_connections"  WHERE "personal_connections"."verb_id" = $1[0m  [["verb_id", 1351]]
11:22:58 web.1  |   [1m[35m (0.3ms)[0m  SELECT COUNT(*) FROM "personal_connections"  WHERE "personal_connections"."verb_id" = $1  [["verb_id", 737]]
11:22:58 web.1  |   [1m[36m (0.5ms)[0m  [1mSELECT COUNT(*) FROM "personal_connections"  WHERE "personal_connections"."verb_id" = $1[0m  [["verb_id", 11]]
11:22:58 web.1  |   [1m[35m (0.3ms)[0m  SELECT COUNT(*) FROM "personal_connections"  WHERE "personal_connections"."verb_id" = $1  [["verb_id", 742]]
11:22:58 web.1  |   [1m[36m (0.3ms)[0m  [1mSELECT COUNT(*) FROM "personal_connections"  WHERE "personal_connections"."verb_id" = $1[0m  [["verb_id", 414]]
11:22:58 web.1  |   [1m[35m (0.3ms)[0m  SELECT COUNT(*) FROM "personal_connections"  WHERE "personal_connections"."verb_id" = $1  [["verb_id", 753]]
11:22:58 web.1  |   [1m[36m (0.4ms)[0m  [1mSELECT COUNT(*) FROM "personal_connections"  WHERE "personal_connections"."verb_id" = $1[0m  [["verb_id", 849]]
11:22:58 web.1  |   [1m[35m (0.3ms)[0m  SELECT COUNT(*) FROM "personal_connections"  WHERE "personal_connections"."verb_id" = $1  [["verb_id", 714]]
11:22:58 web.1  |   [1m[36m (0.3ms)[0m  [1mSELECT COUNT(*) FROM "personal_connections"  WHERE "personal_connections"."verb_id" = $1[0m  [["verb_id", 711]]
11:22:58 web.1  |   [1m[35m (0.3ms)[0m  SELECT COUNT(*) FROM "personal_connections"  WHERE "personal_connections"."verb_id" = $1  [["verb_id", 1472]]
11:22:58 web.1  |   [1m[36m (0.3ms)[0m  [1mSELECT COUNT(*) FROM "personal_connections"  WHERE "personal_connections"."verb_id" = $1[0m  [["verb_id", 1514]]
11:22:58 web.1  |   [1m[35m (0.3ms)[0m  SELECT COUNT(*) FROM "personal_connections"  WHERE "personal_connections"."verb_id" = $1  [["verb_id", 1470]]
11:22:58 web.1  |   [1m[36m (0.3ms)[0m  [1mSELECT COUNT(*) FROM "personal_connections"  WHERE "personal_connections"."verb_id" = $1[0m  [["verb_id", 1034]]
11:22:58 web.1  |   [1m[35m (0.3ms)[0m  SELECT COUNT(*) FROM "personal_connections"  WHERE "personal_connections"."verb_id" = $1  [["verb_id", 991]]
11:22:58 web.1  |   [1m[36m (0.3ms)[0m  [1mSELECT COUNT(*) FROM "personal_connections"  WHERE "personal_connections"."verb_id" = $1[0m  [["verb_id", 957]]
11:22:58 web.1  |   [1m[35m (0.3ms)[0m  SELECT COUNT(*) FROM "personal_connections"  WHERE "personal_connections"."verb_id" = $1  [["verb_id", 254]]
11:22:58 web.1  |   [1m[36m (0.3ms)[0m  [1mSELECT COUNT(*) FROM "personal_connections"  WHERE "personal_connections"."verb_id" = $1[0m  [["verb_id", 990]]
11:22:58 web.1  |   [1m[35m (0.3ms)[0m  SELECT COUNT(*) FROM "personal_connections"  WHERE "personal_connections"."verb_id" = $1  [["verb_id", 586]]
11:22:58 web.1  |   [1m[36m (0.4ms)[0m  [1mSELECT COUNT(*) FROM "personal_connections"  WHERE "personal_connections"."verb_id" = $1[0m  [["verb_id", 1471]]
11:22:58 web.1  |   [1m[35m (0.3ms)[0m  SELECT COUNT(*) FROM "personal_connections"  WHERE "personal_connections"."verb_id" = $1  [["verb_id", 698]]
11:22:58 web.1  |   [1m[36m (0.3ms)[0m  [1mSELECT COUNT(*) FROM "personal_connections"  WHERE "personal_connections"."verb_id" = $1[0m  [["verb_id", 1006]]
11:22:58 web.1  |   [1m[35m (0.3ms)[0m  SELECT COUNT(*) FROM "personal_connections"  WHERE "personal_connections"."verb_id" = $1  [["verb_id", 843]]
11:22:58 web.1  |   [1m[36m (0.3ms)[0m  [1mSELECT COUNT(*) FROM "personal_connections"  WHERE "personal_connections"."verb_id" = $1[0m  [["verb_id", 1128]]
11:22:58 web.1  |   [1m[35m (0.3ms)[0m  SELECT COUNT(*) FROM "personal_connections"  WHERE "personal_connections"."verb_id" = $1  [["verb_id", 588]]
11:22:58 web.1  |   [1m[36m (0.4ms)[0m  [1mSELECT COUNT(*) FROM "personal_connections"  WHERE "personal_connections"."verb_id" = $1[0m  [["verb_id", 1110]]
11:22:58 web.1  |   [1m[35m (0.3ms)[0m  SELECT COUNT(*) FROM "personal_connections"  WHERE "personal_connections"."verb_id" = $1  [["verb_id", 1306]]
11:22:58 web.1  |   [1m[36m (0.3ms)[0m  [1mSELECT COUNT(*) FROM "personal_connections"  WHERE "personal_connections"."verb_id" = $1[0m  [["verb_id", 1450]]
11:22:58 web.1  |   [1m[35m (0.3ms)[0m  SELECT COUNT(*) FROM "personal_connections"  WHERE "personal_connections"."verb_id" = $1  [["verb_id", 669]]
11:22:58 web.1  |   [1m[36m (0.3ms)[0m  [1mSELECT COUNT(*) FROM "personal_connections"  WHERE "personal_connections"."verb_id" = $1[0m  [["verb_id", 1251]]
11:22:58 web.1  |   [1m[35m (0.3ms)[0m  SELECT COUNT(*) FROM "personal_connections"  WHERE "personal_connections"."verb_id" = $1  [["verb_id", 1175]]
11:22:58 web.1  |   [1m[36m (0.4ms)[0m  [1mSELECT COUNT(*) FROM "personal_connections"  WHERE "personal_connections"."verb_id" = $1[0m  [["verb_id", 1174]]
11:22:58 web.1  |   [1m[35m (0.4ms)[0m  SELECT COUNT(*) FROM "personal_connections"  WHERE "personal_connections"."verb_id" = $1  [["verb_id", 1433]]
11:22:58 web.1  |   [1m[36m (0.4ms)[0m  [1mSELECT COUNT(*) FROM "personal_connections"  WHERE "personal_connections"."verb_id" = $1[0m  [["verb_id", 137]]
11:22:58 web.1  |   [1m[35m (0.3ms)[0m  SELECT COUNT(*) FROM "personal_connections"  WHERE "personal_connections"."verb_id" = $1  [["verb_id", 722]]
11:22:58 web.1  |   [1m[36m (0.3ms)[0m  [1mSELECT COUNT(*) FROM "personal_connections"  WHERE "personal_connections"."verb_id" = $1[0m  [["verb_id", 975]]
11:22:58 web.1  |   [1m[35m (0.3ms)[0m  SELECT COUNT(*) FROM "personal_connections"  WHERE "personal_connections"."verb_id" = $1  [["verb_id", 873]]
11:22:58 web.1  |   [1m[36m (0.3ms)[0m  [1mSELECT COUNT(*) FROM "personal_connections"  WHERE "personal_connections"."verb_id" = $1[0m  [["verb_id", 536]]
11:22:58 web.1  |   [1m[35m (0.3ms)[0m  SELECT COUNT(*) FROM "personal_connections"  WHERE "personal_connections"."verb_id" = $1  [["verb_id", 1499]]
11:22:58 web.1  |   [1m[36m (0.3ms)[0m  [1mSELECT COUNT(*) FROM "personal_connections"  WHERE "personal_connections"."verb_id" = $1[0m  [["verb_id", 859]]
11:22:58 web.1  |   [1m[35m (0.3ms)[0m  SELECT COUNT(*) FROM "personal_connections"  WHERE "personal_connections"."verb_id" = $1  [["verb_id", 721]]
11:22:58 web.1  |   [1m[36m (0.4ms)[0m  [1mSELECT COUNT(*) FROM "personal_connections"  WHERE "personal_connections"."verb_id" = $1[0m  [["verb_id", 706]]
11:22:58 web.1  |   [1m[35m (0.3ms)[0m  SELECT COUNT(*) FROM "personal_connections"  WHERE "personal_connections"."verb_id" = $1  [["verb_id", 729]]
11:22:58 web.1  |   [1m[36m (0.3ms)[0m  [1mSELECT COUNT(*) FROM "personal_connections"  WHERE "personal_connections"."verb_id" = $1[0m  [["verb_id", 1536]]
11:22:58 web.1  |   [1m[35m (0.4ms)[0m  SELECT COUNT(*) FROM "personal_connections"  WHERE "personal_connections"."verb_id" = $1  [["verb_id", 514]]
11:22:58 web.1  |   [1m[36m (0.3ms)[0m  [1mSELECT COUNT(*) FROM "personal_connections"  WHERE "personal_connections"."verb_id" = $1[0m  [["verb_id", 1133]]
11:22:58 web.1  |   [1m[35m (0.3ms)[0m  SELECT COUNT(*) FROM "personal_connections"  WHERE "personal_connections"."verb_id" = $1  [["verb_id", 1177]]
11:22:58 web.1  |   [1m[36m (0.4ms)[0m  [1mSELECT COUNT(*) FROM "personal_connections"  WHERE "personal_connections"."verb_id" = $1[0m  [["verb_id", 1329]]
11:22:58 web.1  |   [1m[35m (0.3ms)[0m  SELECT COUNT(*) FROM "personal_connections"  WHERE "personal_connections"."verb_id" = $1  [["verb_id", 745]]
11:22:58 web.1  |   [1m[36m (0.3ms)[0m  [1mSELECT COUNT(*) FROM "personal_connections"  WHERE "personal_connections"."verb_id" = $1[0m  [["verb_id", 454]]
11:22:58 web.1  |   [1m[35m (0.3ms)[0m  SELECT COUNT(*) FROM "personal_connections"  WHERE "personal_connections"."verb_id" = $1  [["verb_id", 592]]
11:22:58 web.1  |   [1m[36m (0.3ms)[0m  [1mSELECT COUNT(*) FROM "personal_connections"  WHERE "personal_connections"."verb_id" = $1[0m  [["verb_id", 1130]]
11:22:58 web.1  |   [1m[35m (0.4ms)[0m  SELECT COUNT(*) FROM "personal_connections"  WHERE "personal_connections"."verb_id" = $1  [["verb_id", 70]]
11:22:58 web.1  |   [1m[36m (0.3ms)[0m  [1mSELECT COUNT(*) FROM "personal_connections"  WHERE "personal_connections"."verb_id" = $1[0m  [["verb_id", 1374]]
11:22:58 web.1  |   [1m[35m (0.3ms)[0m  SELECT COUNT(*) FROM "personal_connections"  WHERE "personal_connections"."verb_id" = $1  [["verb_id", 1373]]
11:22:58 web.1  |   [1m[36m (0.3ms)[0m  [1mSELECT COUNT(*) FROM "personal_connections"  WHERE "personal_connections"."verb_id" = $1[0m  [["verb_id", 1437]]
11:22:58 web.1  |   [1m[35m (0.3ms)[0m  SELECT COUNT(*) FROM "personal_connections"  WHERE "personal_connections"."verb_id" = $1  [["verb_id", 1046]]
11:22:58 web.1  |   [1m[36m (0.3ms)[0m  [1mSELECT COUNT(*) FROM "personal_connections"  WHERE "personal_connections"."verb_id" = $1[0m  [["verb_id", 852]]
11:22:58 web.1  |   [1m[35m (0.3ms)[0m  SELECT COUNT(*) FROM "personal_connections"  WHERE "personal_connections"."verb_id" = $1  [["verb_id", 1550]]
11:22:58 web.1  |   [1m[36m (0.4ms)[0m  [1mSELECT COUNT(*) FROM "personal_connections"  WHERE "personal_connections"."verb_id" = $1[0m  [["verb_id", 23]]
11:22:58 web.1  |   [1m[35m (0.3ms)[0m  SELECT COUNT(*) FROM "personal_connections"  WHERE "personal_connections"."verb_id" = $1  [["verb_id", 412]]
11:22:58 web.1  |   [1m[36m (0.3ms)[0m  [1mSELECT COUNT(*) FROM "personal_connections"  WHERE "personal_connections"."verb_id" = $1[0m  [["verb_id", 1071]]
11:22:58 web.1  |   [1m[35m (0.3ms)[0m  SELECT COUNT(*) FROM "personal_connections"  WHERE "personal_connections"."verb_id" = $1  [["verb_id", 1180]]
11:22:58 web.1  |   [1m[36m (0.3ms)[0m  [1mSELECT COUNT(*) FROM "personal_connections"  WHERE "personal_connections"."verb_id" = $1[0m  [["verb_id", 1544]]
11:22:58 web.1  |   [1m[35m (0.3ms)[0m  SELECT COUNT(*) FROM "personal_connections"  WHERE "personal_connections"."verb_id" = $1  [["verb_id", 1331]]
11:22:58 web.1  |   [1m[36m (0.3ms)[0m  [1mSELECT COUNT(*) FROM "personal_connections"  WHERE "personal_connections"."verb_id" = $1[0m  [["verb_id", 346]]
11:22:58 web.1  |   [1m[35m (0.3ms)[0m  SELECT COUNT(*) FROM "personal_connections"  WHERE "personal_connections"."verb_id" = $1  [["verb_id", 348]]
11:22:58 web.1  |   [1m[36m (0.4ms)[0m  [1mSELECT COUNT(*) FROM "personal_connections"  WHERE "personal_connections"."verb_id" = $1[0m  [["verb_id", 1487]]
11:22:58 web.1  |   [1m[35m (0.3ms)[0m  SELECT COUNT(*) FROM "personal_connections"  WHERE "personal_connections"."verb_id" = $1  [["verb_id", 1523]]
11:22:58 web.1  |   [1m[36m (0.3ms)[0m  [1mSELECT COUNT(*) FROM "personal_connections"  WHERE "personal_connections"."verb_id" = $1[0m  [["verb_id", 1083]]
11:22:58 web.1  |   [1m[35m (0.3ms)[0m  SELECT COUNT(*) FROM "personal_connections"  WHERE "personal_connections"."verb_id" = $1  [["verb_id", 14]]
11:22:58 web.1  |   [1m[36m (0.3ms)[0m  [1mSELECT COUNT(*) FROM "personal_connections"  WHERE "personal_connections"."verb_id" = $1[0m  [["verb_id", 1301]]
11:22:58 web.1  |   [1m[35m (0.3ms)[0m  SELECT COUNT(*) FROM "personal_connections"  WHERE "personal_connections"."verb_id" = $1  [["verb_id", 246]]
11:22:58 web.1  |   [1m[36m (0.3ms)[0m  [1mSELECT COUNT(*) FROM "personal_connections"  WHERE "personal_connections"."verb_id" = $1[0m  [["verb_id", 709]]
11:22:58 web.1  |   [1m[35m (0.3ms)[0m  SELECT COUNT(*) FROM "personal_connections"  WHERE "personal_connections"."verb_id" = $1  [["verb_id", 862]]
11:22:58 web.1  |   [1m[36m (0.3ms)[0m  [1mSELECT COUNT(*) FROM "personal_connections"  WHERE "personal_connections"."verb_id" = $1[0m  [["verb_id", 276]]
11:22:58 web.1  |   [1m[35m (0.3ms)[0m  SELECT COUNT(*) FROM "personal_connections"  WHERE "personal_connections"."verb_id" = $1  [["verb_id", 949]]
11:22:58 web.1  |   [1m[36m (0.4ms)[0m  [1mSELECT COUNT(*) FROM "personal_connections"  WHERE "personal_connections"."verb_id" = $1[0m  [["verb_id", 193]]
11:22:58 web.1  |   [1m[35m (0.3ms)[0m  SELECT COUNT(*) FROM "personal_connections"  WHERE "personal_connections"."verb_id" = $1  [["verb_id", 1248]]
11:22:58 web.1  |   [1m[36m (0.3ms)[0m  [1mSELECT COUNT(*) FROM "personal_connections"  WHERE "personal_connections"."verb_id" = $1[0m  [["verb_id", 734]]
11:22:58 web.1  |   [1m[35m (0.3ms)[0m  SELECT COUNT(*) FROM "personal_connections"  WHERE "personal_connections"."verb_id" = $1  [["verb_id", 913]]
11:22:58 web.1  |   [1m[36m (0.3ms)[0m  [1mSELECT COUNT(*) FROM "personal_connections"  WHERE "personal_connections"."verb_id" = $1[0m  [["verb_id", 1571]]
11:22:58 web.1  |   [1m[35m (0.3ms)[0m  SELECT COUNT(*) FROM "personal_connections"  WHERE "personal_connections"."verb_id" = $1  [["verb_id", 700]]
11:22:59 web.1  |   [1m[36m (0.3ms)[0m  [1mSELECT COUNT(*) FROM "personal_connections"  WHERE "personal_connections"."verb_id" = $1[0m  [["verb_id", 950]]
11:22:59 web.1  |   [1m[35m (0.4ms)[0m  SELECT COUNT(*) FROM "personal_connections"  WHERE "personal_connections"."verb_id" = $1  [["verb_id", 1398]]
11:22:59 web.1  |   [1m[36m (0.3ms)[0m  [1mSELECT COUNT(*) FROM "personal_connections"  WHERE "personal_connections"."verb_id" = $1[0m  [["verb_id", 472]]
11:22:59 web.1  |   [1m[35m (0.9ms)[0m  SELECT COUNT(*) FROM "personal_connections"  WHERE "personal_connections"."verb_id" = $1  [["verb_id", 1519]]
11:22:59 web.1  |   [1m[36m (0.3ms)[0m  [1mSELECT COUNT(*) FROM "personal_connections"  WHERE "personal_connections"."verb_id" = $1[0m  [["verb_id", 699]]
11:22:59 web.1  |   [1m[35m (0.3ms)[0m  SELECT COUNT(*) FROM "personal_connections"  WHERE "personal_connections"."verb_id" = $1  [["verb_id", 976]]
11:22:59 web.1  |   [1m[36m (0.3ms)[0m  [1mSELECT COUNT(*) FROM "personal_connections"  WHERE "personal_connections"."verb_id" = $1[0m  [["verb_id", 1207]]
11:22:59 web.1  |   [1m[35m (0.3ms)[0m  SELECT COUNT(*) FROM "personal_connections"  WHERE "personal_connections"."verb_id" = $1  [["verb_id", 1291]]
11:22:59 web.1  |   [1m[36m (0.3ms)[0m  [1mSELECT COUNT(*) FROM "personal_connections"  WHERE "personal_connections"."verb_id" = $1[0m  [["verb_id", 863]]
11:22:59 web.1  |   [1m[35m (0.3ms)[0m  SELECT COUNT(*) FROM "personal_connections"  WHERE "personal_connections"."verb_id" = $1  [["verb_id", 1368]]
11:22:59 web.1  |   [1m[36m (0.3ms)[0m  [1mSELECT COUNT(*) FROM "personal_connections"  WHERE "personal_connections"."verb_id" = $1[0m  [["verb_id", 516]]
11:22:59 web.1  |   [1m[35m (0.3ms)[0m  SELECT COUNT(*) FROM "personal_connections"  WHERE "personal_connections"."verb_id" = $1  [["verb_id", 969]]
11:22:59 web.1  |   [1m[36m (0.4ms)[0m  [1mSELECT COUNT(*) FROM "personal_connections"  WHERE "personal_connections"."verb_id" = $1[0m  [["verb_id", 883]]
11:22:59 web.1  |   [1m[35m (0.3ms)[0m  SELECT COUNT(*) FROM "personal_connections"  WHERE "personal_connections"."verb_id" = $1  [["verb_id", 1168]]
11:22:59 web.1  |   [1m[36m (0.3ms)[0m  [1mSELECT COUNT(*) FROM "personal_connections"  WHERE "personal_connections"."verb_id" = $1[0m  [["verb_id", 782]]
11:22:59 web.1  |   [1m[35m (0.4ms)[0m  SELECT COUNT(*) FROM "personal_connections"  WHERE "personal_connections"."verb_id" = $1  [["verb_id", 1588]]
11:22:59 web.1  |   [1m[36m (0.3ms)[0m  [1mSELECT COUNT(*) FROM "personal_connections"  WHERE "personal_connections"."verb_id" = $1[0m  [["verb_id", 740]]
11:22:59 web.1  |   [1m[35m (0.3ms)[0m  SELECT COUNT(*) FROM "personal_connections"  WHERE "personal_connections"."verb_id" = $1  [["verb_id", 1074]]
11:22:59 web.1  |   [1m[36m (0.3ms)[0m  [1mSELECT COUNT(*) FROM "personal_connections"  WHERE "personal_connections"."verb_id" = $1[0m  [["verb_id", 624]]
11:22:59 web.1  |   [1m[35m (0.3ms)[0m  SELECT COUNT(*) FROM "personal_connections"  WHERE "personal_connections"."verb_id" = $1  [["verb_id", 989]]
11:22:59 web.1  |   [1m[36m (0.3ms)[0m  [1mSELECT COUNT(*) FROM "personal_connections"  WHERE "personal_connections"."verb_id" = $1[0m  [["verb_id", 1548]]
11:22:59 web.1  |   [1m[35m (0.3ms)[0m  SELECT COUNT(*) FROM "personal_connections"  WHERE "personal_connections"."verb_id" = $1  [["verb_id", 44]]
11:22:59 web.1  |   [1m[36m (0.3ms)[0m  [1mSELECT COUNT(*) FROM "personal_connections"  WHERE "personal_connections"."verb_id" = $1[0m  [["verb_id", 1260]]
11:22:59 web.1  |   [1m[35m (0.3ms)[0m  SELECT COUNT(*) FROM "personal_connections"  WHERE "personal_connections"."verb_id" = $1  [["verb_id", 1358]]
11:22:59 web.1  |   [1m[36m (0.3ms)[0m  [1mSELECT COUNT(*) FROM "personal_connections"  WHERE "personal_connections"."verb_id" = $1[0m  [["verb_id", 1021]]
11:22:59 web.1  |   [1m[35m (0.3ms)[0m  SELECT COUNT(*) FROM "personal_connections"  WHERE "personal_connections"."verb_id" = $1  [["verb_id", 268]]
11:22:59 web.1  |   [1m[36m (0.3ms)[0m  [1mSELECT COUNT(*) FROM "personal_connections"  WHERE "personal_connections"."verb_id" = $1[0m  [["verb_id", 983]]
11:22:59 web.1  |   [1m[35m (0.3ms)[0m  SELECT COUNT(*) FROM "personal_connections"  WHERE "personal_connections"."verb_id" = $1  [["verb_id", 796]]
11:22:59 web.1  |   [1m[36m (0.3ms)[0m  [1mSELECT COUNT(*) FROM "personal_connections"  WHERE "personal_connections"."verb_id" = $1[0m  [["verb_id", 1401]]
11:22:59 web.1  |   [1m[35m (0.3ms)[0m  SELECT COUNT(*) FROM "personal_connections"  WHERE "personal_connections"."verb_id" = $1  [["verb_id", 1203]]
11:22:59 web.1  |   [1m[36m (0.3ms)[0m  [1mSELECT COUNT(*) FROM "personal_connections"  WHERE "personal_connections"."verb_id" = $1[0m  [["verb_id", 774]]
11:22:59 web.1  |   [1m[35m (0.3ms)[0m  SELECT COUNT(*) FROM "personal_connections"  WHERE "personal_connections"."verb_id" = $1  [["verb_id", 1011]]
11:22:59 web.1  |   [1m[36m (0.4ms)[0m  [1mSELECT COUNT(*) FROM "personal_connections"  WHERE "personal_connections"."verb_id" = $1[0m  [["verb_id", 712]]
11:22:59 web.1  |   [1m[35m (0.3ms)[0m  SELECT COUNT(*) FROM "personal_connections"  WHERE "personal_connections"."verb_id" = $1  [["verb_id", 328]]
11:22:59 web.1  |   [1m[36m (0.3ms)[0m  [1mSELECT COUNT(*) FROM "personal_connections"  WHERE "personal_connections"."verb_id" = $1[0m  [["verb_id", 733]]
11:22:59 web.1  |   [1m[35m (0.3ms)[0m  SELECT COUNT(*) FROM "personal_connections"  WHERE "personal_connections"."verb_id" = $1  [["verb_id", 1003]]
11:22:59 web.1  |   [1m[36m (0.4ms)[0m  [1mSELECT COUNT(*) FROM "personal_connections"  WHERE "personal_connections"."verb_id" = $1[0m  [["verb_id", 1508]]
11:22:59 web.1  |   [1m[35m (0.3ms)[0m  SELECT COUNT(*) FROM "personal_connections"  WHERE "personal_connections"."verb_id" = $1  [["verb_id", 252]]
11:22:59 web.1  |   [1m[36m (0.4ms)[0m  [1mSELECT COUNT(*) FROM "personal_connections"  WHERE "personal_connections"."verb_id" = $1[0m  [["verb_id", 1127]]
11:22:59 web.1  |   [1m[35m (0.3ms)[0m  SELECT COUNT(*) FROM "personal_connections"  WHERE "personal_connections"."verb_id" = $1  [["verb_id", 1241]]
11:22:59 web.1  |   [1m[36m (0.3ms)[0m  [1mSELECT COUNT(*) FROM "personal_connections"  WHERE "personal_connections"."verb_id" = $1[0m  [["verb_id", 1578]]
11:22:59 web.1  |   [1m[35m (0.3ms)[0m  SELECT COUNT(*) FROM "personal_connections"  WHERE "personal_connections"."verb_id" = $1  [["verb_id", 1452]]
11:22:59 web.1  |   [1m[36m (0.3ms)[0m  [1mSELECT COUNT(*) FROM "personal_connections"  WHERE "personal_connections"."verb_id" = $1[0m  [["verb_id", 1051]]
11:22:59 web.1  |   [1m[35m (0.4ms)[0m  SELECT COUNT(*) FROM "personal_connections"  WHERE "personal_connections"."verb_id" = $1  [["verb_id", 660]]
11:22:59 web.1  |   [1m[36m (0.3ms)[0m  [1mSELECT COUNT(*) FROM "personal_connections"  WHERE "personal_connections"."verb_id" = $1[0m  [["verb_id", 664]]
11:22:59 web.1  |   [1m[35m (0.3ms)[0m  SELECT COUNT(*) FROM "personal_connections"  WHERE "personal_connections"."verb_id" = $1  [["verb_id", 1184]]
11:22:59 web.1  |   [1m[36m (0.4ms)[0m  [1mSELECT COUNT(*) FROM "personal_connections"  WHERE "personal_connections"."verb_id" = $1[0m  [["verb_id", 837]]
11:22:59 web.1  |   [1m[35m (0.4ms)[0m  SELECT COUNT(*) FROM "personal_connections"  WHERE "personal_connections"."verb_id" = $1  [["verb_id", 1244]]
11:22:59 web.1  |   [1m[36m (0.3ms)[0m  [1mSELECT COUNT(*) FROM "personal_connections"  WHERE "personal_connections"."verb_id" = $1[0m  [["verb_id", 1527]]
11:22:59 web.1  |   [1m[35m (0.3ms)[0m  SELECT COUNT(*) FROM "personal_connections"  WHERE "personal_connections"."verb_id" = $1  [["verb_id", 997]]
11:22:59 web.1  |   [1m[36m (0.3ms)[0m  [1mSELECT COUNT(*) FROM "personal_connections"  WHERE "personal_connections"."verb_id" = $1[0m  [["verb_id", 974]]
11:22:59 web.1  |   [1m[35m (0.3ms)[0m  SELECT COUNT(*) FROM "personal_connections"  WHERE "personal_connections"."verb_id" = $1  [["verb_id", 1085]]
11:22:59 web.1  |   [1m[36m (0.3ms)[0m  [1mSELECT COUNT(*) FROM "personal_connections"  WHERE "personal_connections"."verb_id" = $1[0m  [["verb_id", 260]]
11:22:59 web.1  |   [1m[35m (0.3ms)[0m  SELECT COUNT(*) FROM "personal_connections"  WHERE "personal_connections"."verb_id" = $1  [["verb_id", 1078]]
11:22:59 web.1  |   [1m[36m (0.3ms)[0m  [1mSELECT COUNT(*) FROM "personal_connections"  WHERE "personal_connections"."verb_id" = $1[0m  [["verb_id", 1187]]
11:22:59 web.1  |   [1m[35m (0.3ms)[0m  SELECT COUNT(*) FROM "personal_connections"  WHERE "personal_connections"."verb_id" = $1  [["verb_id", 189]]
11:22:59 web.1  |   [1m[36m (0.3ms)[0m  [1mSELECT COUNT(*) FROM "personal_connections"  WHERE "personal_connections"."verb_id" = $1[0m  [["verb_id", 1419]]
11:22:59 web.1  |   [1m[35m (0.4ms)[0m  SELECT COUNT(*) FROM "personal_connections"  WHERE "personal_connections"."verb_id" = $1  [["verb_id", 1511]]
11:22:59 web.1  |   [1m[36m (0.4ms)[0m  [1mSELECT COUNT(*) FROM "personal_connections"  WHERE "personal_connections"."verb_id" = $1[0m  [["verb_id", 875]]
11:22:59 web.1  |   [1m[35m (0.4ms)[0m  SELECT COUNT(*) FROM "personal_connections"  WHERE "personal_connections"."verb_id" = $1  [["verb_id", 616]]
11:22:59 web.1  |   [1m[36m (0.7ms)[0m  [1mSELECT COUNT(*) FROM "personal_connections"  WHERE "personal_connections"."verb_id" = $1[0m  [["verb_id", 1080]]
11:22:59 web.1  |   [1m[35m (0.3ms)[0m  SELECT COUNT(*) FROM "personal_connections"  WHERE "personal_connections"."verb_id" = $1  [["verb_id", 1079]]
11:22:59 web.1  |   [1m[36m (0.3ms)[0m  [1mSELECT COUNT(*) FROM "personal_connections"  WHERE "personal_connections"."verb_id" = $1[0m  [["verb_id", 1395]]
11:22:59 web.1  |   [1m[35m (0.3ms)[0m  SELECT COUNT(*) FROM "personal_connections"  WHERE "personal_connections"."verb_id" = $1  [["verb_id", 1236]]
11:22:59 web.1  |   [1m[36m (0.4ms)[0m  [1mSELECT COUNT(*) FROM "personal_connections"  WHERE "personal_connections"."verb_id" = $1[0m  [["verb_id", 1271]]
11:22:59 web.1  |   [1m[35m (0.3ms)[0m  SELECT COUNT(*) FROM "personal_connections"  WHERE "personal_connections"."verb_id" = $1  [["verb_id", 1344]]
11:22:59 web.1  |   [1m[36m (0.3ms)[0m  [1mSELECT COUNT(*) FROM "personal_connections"  WHERE "personal_connections"."verb_id" = $1[0m  [["verb_id", 891]]
11:22:59 web.1  |   [1m[35m (0.3ms)[0m  SELECT COUNT(*) FROM "personal_connections"  WHERE "personal_connections"."verb_id" = $1  [["verb_id", 770]]
11:22:59 web.1  |   [1m[36m (0.3ms)[0m  [1mSELECT COUNT(*) FROM "personal_connections"  WHERE "personal_connections"."verb_id" = $1[0m  [["verb_id", 1566]]
11:22:59 web.1  |   [1m[35m (0.3ms)[0m  SELECT COUNT(*) FROM "personal_connections"  WHERE "personal_connections"."verb_id" = $1  [["verb_id", 1440]]
11:22:59 web.1  |   [1m[36m (0.3ms)[0m  [1mSELECT COUNT(*) FROM "personal_connections"  WHERE "personal_connections"."verb_id" = $1[0m  [["verb_id", 1014]]
11:22:59 web.1  |   [1m[35m (0.3ms)[0m  SELECT COUNT(*) FROM "personal_connections"  WHERE "personal_connections"."verb_id" = $1  [["verb_id", 788]]
11:22:59 web.1  |   [1m[36m (0.3ms)[0m  [1mSELECT COUNT(*) FROM "personal_connections"  WHERE "personal_connections"."verb_id" = $1[0m  [["verb_id", 1350]]
11:22:59 web.1  |   [1m[35m (0.3ms)[0m  SELECT COUNT(*) FROM "personal_connections"  WHERE "personal_connections"."verb_id" = $1  [["verb_id", 1377]]
11:22:59 web.1  |   [1m[36m (0.3ms)[0m  [1mSELECT COUNT(*) FROM "personal_connections"  WHERE "personal_connections"."verb_id" = $1[0m  [["verb_id", 1092]]
11:22:59 web.1  |   [1m[35m (0.4ms)[0m  SELECT COUNT(*) FROM "personal_connections"  WHERE "personal_connections"."verb_id" = $1  [["verb_id", 22]]
11:22:59 web.1  |   [1m[36m (0.3ms)[0m  [1mSELECT COUNT(*) FROM "personal_connections"  WHERE "personal_connections"."verb_id" = $1[0m  [["verb_id", 947]]
11:22:59 web.1  |   [1m[35m (0.3ms)[0m  SELECT COUNT(*) FROM "personal_connections"  WHERE "personal_connections"."verb_id" = $1  [["verb_id", 790]]
11:22:59 web.1  |   [1m[36m (0.3ms)[0m  [1mSELECT COUNT(*) FROM "personal_connections"  WHERE "personal_connections"."verb_id" = $1[0m  [["verb_id", 1528]]
11:22:59 web.1  |   [1m[35m (0.3ms)[0m  SELECT COUNT(*) FROM "personal_connections"  WHERE "personal_connections"."verb_id" = $1  [["verb_id", 797]]
11:22:59 web.1  |   [1m[36m (0.3ms)[0m  [1mSELECT COUNT(*) FROM "personal_connections"  WHERE "personal_connections"."verb_id" = $1[0m  [["verb_id", 620]]
11:22:59 web.1  |   [1m[35m (0.3ms)[0m  SELECT COUNT(*) FROM "personal_connections"  WHERE "personal_connections"."verb_id" = $1  [["verb_id", 1340]]
11:22:59 web.1  |   [1m[36m (0.3ms)[0m  [1mSELECT COUNT(*) FROM "personal_connections"  WHERE "personal_connections"."verb_id" = $1[0m  [["verb_id", 771]]
11:22:59 web.1  |   [1m[35m (0.3ms)[0m  SELECT COUNT(*) FROM "personal_connections"  WHERE "personal_connections"."verb_id" = $1  [["verb_id", 218]]
11:22:59 web.1  |   [1m[36m (0.3ms)[0m  [1mSELECT COUNT(*) FROM "personal_connections"  WHERE "personal_connections"."verb_id" = $1[0m  [["verb_id", 382]]
11:22:59 web.1  |   [1m[35m (0.3ms)[0m  SELECT COUNT(*) FROM "personal_connections"  WHERE "personal_connections"."verb_id" = $1  [["verb_id", 799]]
11:22:59 web.1  |   [1m[36m (0.5ms)[0m  [1mSELECT COUNT(*) FROM "personal_connections"  WHERE "personal_connections"."verb_id" = $1[0m  [["verb_id", 1442]]
11:22:59 web.1  |   [1m[35m (0.3ms)[0m  SELECT COUNT(*) FROM "personal_connections"  WHERE "personal_connections"."verb_id" = $1  [["verb_id", 838]]
11:22:59 web.1  |   [1m[36m (0.3ms)[0m  [1mSELECT COUNT(*) FROM "personal_connections"  WHERE "personal_connections"."verb_id" = $1[0m  [["verb_id", 851]]
11:22:59 web.1  |   [1m[35m (0.3ms)[0m  SELECT COUNT(*) FROM "personal_connections"  WHERE "personal_connections"."verb_id" = $1  [["verb_id", 1546]]
11:22:59 web.1  |   [1m[36m (0.3ms)[0m  [1mSELECT COUNT(*) FROM "personal_connections"  WHERE "personal_connections"."verb_id" = $1[0m  [["verb_id", 925]]
11:22:59 web.1  |   [1m[35m (0.3ms)[0m  SELECT COUNT(*) FROM "personal_connections"  WHERE "personal_connections"."verb_id" = $1  [["verb_id", 956]]
11:22:59 web.1  |   [1m[36m (0.3ms)[0m  [1mSELECT COUNT(*) FROM "personal_connections"  WHERE "personal_connections"."verb_id" = $1[0m  [["verb_id", 1497]]
11:22:59 web.1  |   [1m[35m (0.3ms)[0m  SELECT COUNT(*) FROM "personal_connections"  WHERE "personal_connections"."verb_id" = $1  [["verb_id", 1512]]
11:22:59 web.1  |   [1m[36m (0.3ms)[0m  [1mSELECT COUNT(*) FROM "personal_connections"  WHERE "personal_connections"."verb_id" = $1[0m  [["verb_id", 1253]]
11:22:59 web.1  |   [1m[35m (0.3ms)[0m  SELECT COUNT(*) FROM "personal_connections"  WHERE "personal_connections"."verb_id" = $1  [["verb_id", 854]]
11:22:59 web.1  |   [1m[36m (0.3ms)[0m  [1mSELECT COUNT(*) FROM "personal_connections"  WHERE "personal_connections"."verb_id" = $1[0m  [["verb_id", 1145]]
11:22:59 web.1  |   [1m[35m (0.3ms)[0m  SELECT COUNT(*) FROM "personal_connections"  WHERE "personal_connections"."verb_id" = $1  [["verb_id", 1146]]
11:22:59 web.1  |   [1m[36m (0.3ms)[0m  [1mSELECT COUNT(*) FROM "personal_connections"  WHERE "personal_connections"."verb_id" = $1[0m  [["verb_id", 1075]]
11:22:59 web.1  |   [1m[35m (0.3ms)[0m  SELECT COUNT(*) FROM "personal_connections"  WHERE "personal_connections"."verb_id" = $1  [["verb_id", 1067]]
11:22:59 web.1  |   [1m[36m (0.3ms)[0m  [1mSELECT COUNT(*) FROM "personal_connections"  WHERE "personal_connections"."verb_id" = $1[0m  [["verb_id", 590]]
11:22:59 web.1  |   [1m[35m (0.3ms)[0m  SELECT COUNT(*) FROM "personal_connections"  WHERE "personal_connections"."verb_id" = $1  [["verb_id", 1281]]
11:22:59 web.1  |   [1m[36m (0.4ms)[0m  [1mSELECT COUNT(*) FROM "personal_connections"  WHERE "personal_connections"."verb_id" = $1[0m  [["verb_id", 662]]
11:22:59 web.1  |   [1m[35m (0.4ms)[0m  SELECT COUNT(*) FROM "personal_connections"  WHERE "personal_connections"."verb_id" = $1  [["verb_id", 63]]
11:22:59 web.1  |   [1m[36m (0.3ms)[0m  [1mSELECT COUNT(*) FROM "personal_connections"  WHERE "personal_connections"."verb_id" = $1[0m  [["verb_id", 1503]]
11:22:59 web.1  |   [1m[35m (0.3ms)[0m  SELECT COUNT(*) FROM "personal_connections"  WHERE "personal_connections"."verb_id" = $1  [["verb_id", 1237]]
11:22:59 web.1  |   [1m[36m (0.3ms)[0m  [1mSELECT COUNT(*) FROM "personal_connections"  WHERE "personal_connections"."verb_id" = $1[0m  [["verb_id", 648]]
11:22:59 web.1  |   [1m[35m (0.3ms)[0m  SELECT COUNT(*) FROM "personal_connections"  WHERE "personal_connections"."verb_id" = $1  [["verb_id", 410]]
11:22:59 web.1  |   [1m[36m (0.3ms)[0m  [1mSELECT COUNT(*) FROM "personal_connections"  WHERE "personal_connections"."verb_id" = $1[0m  [["verb_id", 1018]]
11:22:59 web.1  |   [1m[35m (0.4ms)[0m  SELECT COUNT(*) FROM "personal_connections"  WHERE "personal_connections"."verb_id" = $1  [["verb_id", 1228]]
11:22:59 web.1  |   [1m[36m (0.4ms)[0m  [1mSELECT COUNT(*) FROM "personal_connections"  WHERE "personal_connections"."verb_id" = $1[0m  [["verb_id", 1456]]
11:22:59 web.1  |   [1m[35m (0.4ms)[0m  SELECT COUNT(*) FROM "personal_connections"  WHERE "personal_connections"."verb_id" = $1  [["verb_id", 1165]]
11:22:59 web.1  |   [1m[36m (0.3ms)[0m  [1mSELECT COUNT(*) FROM "personal_connections"  WHERE "personal_connections"."verb_id" = $1[0m  [["verb_id", 185]]
11:22:59 web.1  |   [1m[35m (0.3ms)[0m  SELECT COUNT(*) FROM "personal_connections"  WHERE "personal_connections"."verb_id" = $1  [["verb_id", 444]]
11:22:59 web.1  |   [1m[36m (0.3ms)[0m  [1mSELECT COUNT(*) FROM "personal_connections"  WHERE "personal_connections"."verb_id" = $1[0m  [["verb_id", 650]]
11:22:59 web.1  |   [1m[35m (0.3ms)[0m  SELECT COUNT(*) FROM "personal_connections"  WHERE "personal_connections"."verb_id" = $1  [["verb_id", 1577]]
11:22:59 web.1  |   [1m[36m (0.3ms)[0m  [1mSELECT COUNT(*) FROM "personal_connections"  WHERE "personal_connections"."verb_id" = $1[0m  [["verb_id", 1126]]
11:22:59 web.1  |   [1m[35m (0.3ms)[0m  SELECT COUNT(*) FROM "personal_connections"  WHERE "personal_connections"."verb_id" = $1  [["verb_id", 1012]]
11:22:59 web.1  |   [1m[36m (0.4ms)[0m  [1mSELECT COUNT(*) FROM "personal_connections"  WHERE "personal_connections"."verb_id" = $1[0m  [["verb_id", 1208]]
11:22:59 web.1  |   [1m[35m (0.3ms)[0m  SELECT COUNT(*) FROM "personal_connections"  WHERE "personal_connections"."verb_id" = $1  [["verb_id", 1414]]
11:22:59 web.1  |   [1m[36m (0.3ms)[0m  [1mSELECT COUNT(*) FROM "personal_connections"  WHERE "personal_connections"."verb_id" = $1[0m  [["verb_id", 1098]]
11:22:59 web.1  |   [1m[35m (0.3ms)[0m  SELECT COUNT(*) FROM "personal_connections"  WHERE "personal_connections"."verb_id" = $1  [["verb_id", 1513]]
11:22:59 web.1  |   [1m[36m (0.5ms)[0m  [1mSELECT COUNT(*) FROM "personal_connections"  WHERE "personal_connections"."verb_id" = $1[0m  [["verb_id", 362]]
11:22:59 web.1  |   [1m[35m (0.3ms)[0m  SELECT COUNT(*) FROM "personal_connections"  WHERE "personal_connections"."verb_id" = $1  [["verb_id", 1136]]
11:22:59 web.1  |   [1m[36m (0.3ms)[0m  [1mSELECT COUNT(*) FROM "personal_connections"  WHERE "personal_connections"."verb_id" = $1[0m  [["verb_id", 1498]]
11:22:59 web.1  |   [1m[35m (0.4ms)[0m  SELECT COUNT(*) FROM "personal_connections"  WHERE "personal_connections"."verb_id" = $1  [["verb_id", 1555]]
11:22:59 web.1  |   [1m[36m (0.3ms)[0m  [1mSELECT COUNT(*) FROM "personal_connections"  WHERE "personal_connections"."verb_id" = $1[0m  [["verb_id", 1475]]
11:22:59 web.1  |   [1m[35m (0.3ms)[0m  SELECT COUNT(*) FROM "personal_connections"  WHERE "personal_connections"."verb_id" = $1  [["verb_id", 705]]
11:22:59 web.1  |   [1m[36m (0.3ms)[0m  [1mSELECT COUNT(*) FROM "personal_connections"  WHERE "personal_connections"."verb_id" = $1[0m  [["verb_id", 1478]]
11:22:59 web.1  |   [1m[35m (0.3ms)[0m  SELECT COUNT(*) FROM "personal_connections"  WHERE "personal_connections"."verb_id" = $1  [["verb_id", 1164]]
11:22:59 web.1  |   [1m[36m (0.4ms)[0m  [1mSELECT COUNT(*) FROM "personal_connections"  WHERE "personal_connections"."verb_id" = $1[0m  [["verb_id", 741]]
11:22:59 web.1  |   [1m[35m (0.3ms)[0m  SELECT COUNT(*) FROM "personal_connections"  WHERE "personal_connections"."verb_id" = $1  [["verb_id", 1360]]
11:22:59 web.1  |   [1m[36m (0.3ms)[0m  [1mSELECT COUNT(*) FROM "personal_connections"  WHERE "personal_connections"."verb_id" = $1[0m  [["verb_id", 773]]
11:22:59 web.1  |   [1m[35m (0.3ms)[0m  SELECT COUNT(*) FROM "personal_connections"  WHERE "personal_connections"."verb_id" = $1  [["verb_id", 1024]]
11:22:59 web.1  |   [1m[36m (0.4ms)[0m  [1mSELECT COUNT(*) FROM "personal_connections"  WHERE "personal_connections"."verb_id" = $1[0m  [["verb_id", 1192]]
11:22:59 web.1  |   [1m[35m (0.3ms)[0m  SELECT COUNT(*) FROM "personal_connections"  WHERE "personal_connections"."verb_id" = $1  [["verb_id", 584]]
11:22:59 web.1  |   [1m[36m (0.3ms)[0m  [1mSELECT COUNT(*) FROM "personal_connections"  WHERE "personal_connections"."verb_id" = $1[0m  [["verb_id", 512]]
11:22:59 web.1  |   [1m[35m (0.3ms)[0m  SELECT COUNT(*) FROM "personal_connections"  WHERE "personal_connections"."verb_id" = $1  [["verb_id", 1068]]
11:22:59 web.1  |   [1m[36m (0.4ms)[0m  [1mSELECT COUNT(*) FROM "personal_connections"  WHERE "personal_connections"."verb_id" = $1[0m  [["verb_id", 1356]]
11:22:59 web.1  |   [1m[35m (0.3ms)[0m  SELECT COUNT(*) FROM "personal_connections"  WHERE "personal_connections"."verb_id" = $1  [["verb_id", 372]]
11:22:59 web.1  |   [1m[36m (0.3ms)[0m  [1mSELECT COUNT(*) FROM "personal_connections"  WHERE "personal_connections"."verb_id" = $1[0m  [["verb_id", 1302]]
11:22:59 web.1  |   [1m[35m (0.3ms)[0m  SELECT COUNT(*) FROM "personal_connections"  WHERE "personal_connections"."verb_id" = $1  [["verb_id", 1507]]
11:22:59 web.1  |   [1m[36m (0.3ms)[0m  [1mSELECT COUNT(*) FROM "personal_connections"  WHERE "personal_connections"."verb_id" = $1[0m  [["verb_id", 232]]
11:22:59 web.1  |   [1m[35m (0.4ms)[0m  SELECT COUNT(*) FROM "personal_connections"  WHERE "personal_connections"."verb_id" = $1  [["verb_id", 1495]]
11:22:59 web.1  |   [1m[36m (0.3ms)[0m  [1mSELECT COUNT(*) FROM "personal_connections"  WHERE "personal_connections"."verb_id" = $1[0m  [["verb_id", 1250]]
11:22:59 web.1  |   [1m[35m (0.5ms)[0m  SELECT COUNT(*) FROM "personal_connections"  WHERE "personal_connections"."verb_id" = $1  [["verb_id", 715]]
11:22:59 web.1  |   [1m[36m (0.3ms)[0m  [1mSELECT COUNT(*) FROM "personal_connections"  WHERE "personal_connections"."verb_id" = $1[0m  [["verb_id", 396]]
11:22:59 web.1  |   [1m[35m (0.3ms)[0m  SELECT COUNT(*) FROM "personal_connections"  WHERE "personal_connections"."verb_id" = $1  [["verb_id", 1540]]
11:22:59 web.1  |   [1m[36m (0.5ms)[0m  [1mSELECT COUNT(*) FROM "personal_connections"  WHERE "personal_connections"."verb_id" = $1[0m  [["verb_id", 13]]
11:22:59 web.1  |   [1m[35m (0.4ms)[0m  SELECT COUNT(*) FROM "personal_connections"  WHERE "personal_connections"."verb_id" = $1  [["verb_id", 1229]]
11:22:59 web.1  |   [1m[36m (0.3ms)[0m  [1mSELECT COUNT(*) FROM "personal_connections"  WHERE "personal_connections"."verb_id" = $1[0m  [["verb_id", 1053]]
11:22:59 web.1  |   [1m[35m (0.4ms)[0m  SELECT COUNT(*) FROM "personal_connections"  WHERE "personal_connections"."verb_id" = $1  [["verb_id", 302]]
11:22:59 web.1  |   [1m[36m (0.3ms)[0m  [1mSELECT COUNT(*) FROM "personal_connections"  WHERE "personal_connections"."verb_id" = $1[0m  [["verb_id", 917]]
11:22:59 web.1  |   [1m[35m (0.3ms)[0m  SELECT COUNT(*) FROM "personal_connections"  WHERE "personal_connections"."verb_id" = $1  [["verb_id", 1101]]
11:22:59 web.1  |   [1m[36m (0.3ms)[0m  [1mSELECT COUNT(*) FROM "personal_connections"  WHERE "personal_connections"."verb_id" = $1[0m  [["verb_id", 498]]
11:22:59 web.1  |   [1m[35m (0.4ms)[0m  SELECT COUNT(*) FROM "personal_connections"  WHERE "personal_connections"."verb_id" = $1  [["verb_id", 298]]
11:22:59 web.1  |   [1m[36m (0.3ms)[0m  [1mSELECT COUNT(*) FROM "personal_connections"  WHERE "personal_connections"."verb_id" = $1[0m  [["verb_id", 506]]
11:23:00 web.1  |   [1m[35m (0.4ms)[0m  SELECT COUNT(*) FROM "personal_connections"  WHERE "personal_connections"."verb_id" = $1  [["verb_id", 1330]]
11:23:00 web.1  |   [1m[36m (0.5ms)[0m  [1mSELECT COUNT(*) FROM "personal_connections"  WHERE "personal_connections"."verb_id" = $1[0m  [["verb_id", 10]]
11:23:00 web.1  |   [1m[35m (0.3ms)[0m  SELECT COUNT(*) FROM "personal_connections"  WHERE "personal_connections"."verb_id" = $1  [["verb_id", 776]]
11:23:00 web.1  |   [1m[36m (0.3ms)[0m  [1mSELECT COUNT(*) FROM "personal_connections"  WHERE "personal_connections"."verb_id" = $1[0m  [["verb_id", 310]]
11:23:00 web.1  |   [1m[35m (0.3ms)[0m  SELECT COUNT(*) FROM "personal_connections"  WHERE "personal_connections"."verb_id" = $1  [["verb_id", 679]]
11:23:00 web.1  |   [1m[36m (0.3ms)[0m  [1mSELECT COUNT(*) FROM "personal_connections"  WHERE "personal_connections"."verb_id" = $1[0m  [["verb_id", 869]]
11:23:00 web.1  |   [1m[35m (0.3ms)[0m  SELECT COUNT(*) FROM "personal_connections"  WHERE "personal_connections"."verb_id" = $1  [["verb_id", 968]]
11:23:00 web.1  |   [1m[36m (0.3ms)[0m  [1mSELECT COUNT(*) FROM "personal_connections"  WHERE "personal_connections"."verb_id" = $1[0m  [["verb_id", 1575]]
11:23:00 web.1  |   [1m[35m (0.3ms)[0m  SELECT COUNT(*) FROM "personal_connections"  WHERE "personal_connections"."verb_id" = $1  [["verb_id", 901]]
11:23:00 web.1  |   [1m[36m (0.3ms)[0m  [1mSELECT COUNT(*) FROM "personal_connections"  WHERE "personal_connections"."verb_id" = $1[0m  [["verb_id", 736]]
11:23:00 web.1  |   [1m[35m (0.3ms)[0m  SELECT COUNT(*) FROM "personal_connections"  WHERE "personal_connections"."verb_id" = $1  [["verb_id", 462]]
11:23:00 web.1  |   [1m[36m (0.3ms)[0m  [1mSELECT COUNT(*) FROM "personal_connections"  WHERE "personal_connections"."verb_id" = $1[0m  [["verb_id", 930]]
11:23:00 web.1  |   [1m[35m (0.4ms)[0m  SELECT COUNT(*) FROM "personal_connections"  WHERE "personal_connections"."verb_id" = $1  [["verb_id", 15]]
11:23:00 web.1  |   [1m[36m (0.3ms)[0m  [1mSELECT COUNT(*) FROM "personal_connections"  WHERE "personal_connections"."verb_id" = $1[0m  [["verb_id", 704]]
11:23:00 web.1  |   [1m[35m (0.3ms)[0m  SELECT COUNT(*) FROM "personal_connections"  WHERE "personal_connections"."verb_id" = $1  [["verb_id", 1552]]
11:23:00 web.1  |   [1m[36m (0.3ms)[0m  [1mSELECT COUNT(*) FROM "personal_connections"  WHERE "personal_connections"."verb_id" = $1[0m  [["verb_id", 1172]]
11:23:00 web.1  |   [1m[35m (0.4ms)[0m  SELECT COUNT(*) FROM "personal_connections"  WHERE "personal_connections"."verb_id" = $1  [["verb_id", 1216]]
11:23:00 web.1  |   [1m[36m (0.3ms)[0m  [1mSELECT COUNT(*) FROM "personal_connections"  WHERE "personal_connections"."verb_id" = $1[0m  [["verb_id", 1557]]
11:23:00 web.1  |   [1m[35m (0.3ms)[0m  SELECT COUNT(*) FROM "personal_connections"  WHERE "personal_connections"."verb_id" = $1  [["verb_id", 576]]
11:23:00 web.1  |   [1m[36m (0.3ms)[0m  [1mSELECT COUNT(*) FROM "personal_connections"  WHERE "personal_connections"."verb_id" = $1[0m  [["verb_id", 846]]
11:23:00 web.1  |   [1m[35m (0.3ms)[0m  SELECT COUNT(*) FROM "personal_connections"  WHERE "personal_connections"."verb_id" = $1  [["verb_id", 1363]]
11:23:00 web.1  |   [1m[36m (0.3ms)[0m  [1mSELECT COUNT(*) FROM "personal_connections"  WHERE "personal_connections"."verb_id" = $1[0m  [["verb_id", 932]]
11:23:00 web.1  |   [1m[35m (0.3ms)[0m  SELECT COUNT(*) FROM "personal_connections"  WHERE "personal_connections"."verb_id" = $1  [["verb_id", 693]]
11:23:00 web.1  |   [1m[36m (0.3ms)[0m  [1mSELECT COUNT(*) FROM "personal_connections"  WHERE "personal_connections"."verb_id" = $1[0m  [["verb_id", 1153]]
11:23:00 web.1  |   [1m[35m (0.3ms)[0m  SELECT COUNT(*) FROM "personal_connections"  WHERE "personal_connections"."verb_id" = $1  [["verb_id", 829]]
11:23:00 web.1  |   [1m[36m (0.3ms)[0m  [1mSELECT COUNT(*) FROM "personal_connections"  WHERE "personal_connections"."verb_id" = $1[0m  [["verb_id", 1445]]
11:23:00 web.1  |   [1m[35m (0.3ms)[0m  SELECT COUNT(*) FROM "personal_connections"  WHERE "personal_connections"."verb_id" = $1  [["verb_id", 133]]
11:23:00 web.1  |   [1m[36m (0.3ms)[0m  [1mSELECT COUNT(*) FROM "personal_connections"  WHERE "personal_connections"."verb_id" = $1[0m  [["verb_id", 25]]
11:23:00 web.1  |   [1m[35m (0.3ms)[0m  SELECT COUNT(*) FROM "personal_connections"  WHERE "personal_connections"."verb_id" = $1  [["verb_id", 614]]
11:23:00 web.1  |   [1m[36m (0.3ms)[0m  [1mSELECT COUNT(*) FROM "personal_connections"  WHERE "personal_connections"."verb_id" = $1[0m  [["verb_id", 117]]
11:23:00 web.1  |   [1m[35m (0.3ms)[0m  SELECT COUNT(*) FROM "personal_connections"  WHERE "personal_connections"."verb_id" = $1  [["verb_id", 264]]
11:23:00 web.1  |   [1m[36m (0.3ms)[0m  [1mSELECT COUNT(*) FROM "personal_connections"  WHERE "personal_connections"."verb_id" = $1[0m  [["verb_id", 1382]]
11:23:00 web.1  |   [1m[35m (0.3ms)[0m  SELECT COUNT(*) FROM "personal_connections"  WHERE "personal_connections"."verb_id" = $1  [["verb_id", 352]]
11:23:00 web.1  |   [1m[36m (0.6ms)[0m  [1mSELECT COUNT(*) FROM "personal_connections"  WHERE "personal_connections"."verb_id" = $1[0m  [["verb_id", 1065]]
11:23:00 web.1  |   [1m[35m (0.4ms)[0m  SELECT COUNT(*) FROM "personal_connections"  WHERE "personal_connections"."verb_id" = $1  [["verb_id", 822]]
11:23:00 web.1  |   [1m[36m (0.3ms)[0m  [1mSELECT COUNT(*) FROM "personal_connections"  WHERE "personal_connections"."verb_id" = $1[0m  [["verb_id", 364]]
11:23:00 web.1  |   [1m[35m (0.4ms)[0m  SELECT COUNT(*) FROM "personal_connections"  WHERE "personal_connections"."verb_id" = $1  [["verb_id", 39]]
11:23:00 web.1  |   [1m[36m (0.4ms)[0m  [1mSELECT COUNT(*) FROM "personal_connections"  WHERE "personal_connections"."verb_id" = $1[0m  [["verb_id", 1518]]
11:23:00 web.1  |   [1m[35m (0.3ms)[0m  SELECT COUNT(*) FROM "personal_connections"  WHERE "personal_connections"."verb_id" = $1  [["verb_id", 1044]]
11:23:00 web.1  |   [1m[36m (0.3ms)[0m  [1mSELECT COUNT(*) FROM "personal_connections"  WHERE "personal_connections"."verb_id" = $1[0m  [["verb_id", 856]]
11:23:00 web.1  |   [1m[35m (0.3ms)[0m  SELECT COUNT(*) FROM "personal_connections"  WHERE "personal_connections"."verb_id" = $1  [["verb_id", 1191]]
11:23:00 web.1  |   [1m[36m (0.3ms)[0m  [1mSELECT COUNT(*) FROM "personal_connections"  WHERE "personal_connections"."verb_id" = $1[0m  [["verb_id", 446]]
11:23:00 web.1  |   [1m[35m (0.3ms)[0m  SELECT COUNT(*) FROM "personal_connections"  WHERE "personal_connections"."verb_id" = $1  [["verb_id", 890]]
11:23:00 web.1  |   [1m[36m (0.3ms)[0m  [1mSELECT COUNT(*) FROM "personal_connections"  WHERE "personal_connections"."verb_id" = $1[0m  [["verb_id", 1094]]
11:23:00 web.1  |   [1m[35m (0.6ms)[0m  SELECT COUNT(*) FROM "personal_connections"  WHERE "personal_connections"."verb_id" = $1  [["verb_id", 69]]
11:23:00 web.1  |   [1m[36m (0.4ms)[0m  [1mSELECT COUNT(*) FROM "personal_connections"  WHERE "personal_connections"."verb_id" = $1[0m  [["verb_id", 1246]]
11:23:00 web.1  |   [1m[35m (0.3ms)[0m  SELECT COUNT(*) FROM "personal_connections"  WHERE "personal_connections"."verb_id" = $1  [["verb_id", 831]]
11:23:00 web.1  |   [1m[36m (0.3ms)[0m  [1mSELECT COUNT(*) FROM "personal_connections"  WHERE "personal_connections"."verb_id" = $1[0m  [["verb_id", 765]]
11:23:00 web.1  |   [1m[35m (0.3ms)[0m  SELECT COUNT(*) FROM "personal_connections"  WHERE "personal_connections"."verb_id" = $1  [["verb_id", 834]]
11:23:00 web.1  |   [1m[36m (1.8ms)[0m  [1mSELECT COUNT(*) FROM "personal_connections"  WHERE "personal_connections"."verb_id" = $1[0m  [["verb_id", 222]]
11:23:00 web.1  |   [1m[35m (0.4ms)[0m  SELECT COUNT(*) FROM "personal_connections"  WHERE "personal_connections"."verb_id" = $1  [["verb_id", 556]]
11:23:00 web.1  |   [1m[36m (0.3ms)[0m  [1mSELECT COUNT(*) FROM "personal_connections"  WHERE "personal_connections"."verb_id" = $1[0m  [["verb_id", 1032]]
11:23:00 web.1  |   [1m[35m (0.3ms)[0m  SELECT COUNT(*) FROM "personal_connections"  WHERE "personal_connections"."verb_id" = $1  [["verb_id", 1189]]
11:23:00 web.1  |   [1m[36m (0.3ms)[0m  [1mSELECT COUNT(*) FROM "personal_connections"  WHERE "personal_connections"."verb_id" = $1[0m  [["verb_id", 691]]
11:23:00 web.1  |   [1m[35m (0.3ms)[0m  SELECT COUNT(*) FROM "personal_connections"  WHERE "personal_connections"."verb_id" = $1  [["verb_id", 1221]]
11:23:00 web.1  |   [1m[36m (0.3ms)[0m  [1mSELECT COUNT(*) FROM "personal_connections"  WHERE "personal_connections"."verb_id" = $1[0m  [["verb_id", 1033]]
11:23:00 web.1  |   [1m[35m (0.5ms)[0m  SELECT COUNT(*) FROM "personal_connections"  WHERE "personal_connections"."verb_id" = $1  [["verb_id", 322]]
11:23:00 web.1  |   [1m[36m (0.3ms)[0m  [1mSELECT COUNT(*) FROM "personal_connections"  WHERE "personal_connections"."verb_id" = $1[0m  [["verb_id", 1041]]
11:23:00 web.1  |   [1m[35m (0.3ms)[0m  SELECT COUNT(*) FROM "personal_connections"  WHERE "personal_connections"."verb_id" = $1  [["verb_id", 1264]]
11:23:00 web.1  |   [1m[36m (0.3ms)[0m  [1mSELECT COUNT(*) FROM "personal_connections"  WHERE "personal_connections"."verb_id" = $1[0m  [["verb_id", 1152]]
11:23:00 web.1  |   [1m[35m (0.3ms)[0m  SELECT COUNT(*) FROM "personal_connections"  WHERE "personal_connections"."verb_id" = $1  [["verb_id", 723]]
11:23:00 web.1  |   [1m[36m (0.3ms)[0m  [1mSELECT COUNT(*) FROM "personal_connections"  WHERE "personal_connections"."verb_id" = $1[0m  [["verb_id", 552]]
11:23:00 web.1  |   [1m[35m (0.3ms)[0m  SELECT COUNT(*) FROM "personal_connections"  WHERE "personal_connections"."verb_id" = $1  [["verb_id", 1166]]
11:23:00 web.1  |   [1m[36m (0.4ms)[0m  [1mSELECT COUNT(*) FROM "personal_connections"  WHERE "personal_connections"."verb_id" = $1[0m  [["verb_id", 1211]]
11:23:00 web.1  |   [1m[35m (0.4ms)[0m  SELECT COUNT(*) FROM "personal_connections"  WHERE "personal_connections"."verb_id" = $1  [["verb_id", 564]]
11:23:00 web.1  |   [1m[36m (0.4ms)[0m  [1mSELECT COUNT(*) FROM "personal_connections"  WHERE "personal_connections"."verb_id" = $1[0m  [["verb_id", 518]]
11:23:00 web.1  |   [1m[35m (0.3ms)[0m  SELECT COUNT(*) FROM "personal_connections"  WHERE "personal_connections"."verb_id" = $1  [["verb_id", 1048]]
11:23:00 web.1  |   [1m[36m (0.3ms)[0m  [1mSELECT COUNT(*) FROM "personal_connections"  WHERE "personal_connections"."verb_id" = $1[0m  [["verb_id", 230]]
11:23:00 web.1  |   [1m[35m (0.3ms)[0m  SELECT COUNT(*) FROM "personal_connections"  WHERE "personal_connections"."verb_id" = $1  [["verb_id", 998]]
11:23:00 web.1  |   [1m[36m (0.3ms)[0m  [1mSELECT COUNT(*) FROM "personal_connections"  WHERE "personal_connections"."verb_id" = $1[0m  [["verb_id", 288]]
11:23:00 web.1  |   [1m[35m (0.3ms)[0m  SELECT COUNT(*) FROM "personal_connections"  WHERE "personal_connections"."verb_id" = $1  [["verb_id", 1560]]
11:23:00 web.1  |   [1m[36m (0.3ms)[0m  [1mSELECT COUNT(*) FROM "personal_connections"  WHERE "personal_connections"."verb_id" = $1[0m  [["verb_id", 1533]]
11:23:00 web.1  |   [1m[35m (0.3ms)[0m  SELECT COUNT(*) FROM "personal_connections"  WHERE "personal_connections"."verb_id" = $1  [["verb_id", 866]]
11:23:00 web.1  |   [1m[36m (0.3ms)[0m  [1mSELECT COUNT(*) FROM "personal_connections"  WHERE "personal_connections"."verb_id" = $1[0m  [["verb_id", 1108]]
11:23:00 web.1  |   [1m[35m (0.3ms)[0m  SELECT COUNT(*) FROM "personal_connections"  WHERE "personal_connections"."verb_id" = $1  [["verb_id", 1163]]
11:23:00 web.1  |   [1m[36m (0.3ms)[0m  [1mSELECT COUNT(*) FROM "personal_connections"  WHERE "personal_connections"."verb_id" = $1[0m  [["verb_id", 1123]]
11:23:00 web.1  |   [1m[35m (0.7ms)[0m  SELECT COUNT(*) FROM "personal_connections"  WHERE "personal_connections"."verb_id" = $1  [["verb_id", 8]]
11:23:00 web.1  |   [1m[36m (0.4ms)[0m  [1mSELECT COUNT(*) FROM "personal_connections"  WHERE "personal_connections"."verb_id" = $1[0m  [["verb_id", 504]]
11:23:00 web.1  |   [1m[35m (0.3ms)[0m  SELECT COUNT(*) FROM "personal_connections"  WHERE "personal_connections"."verb_id" = $1  [["verb_id", 1031]]
11:23:00 web.1  |   [1m[36m (0.4ms)[0m  [1mSELECT COUNT(*) FROM "personal_connections"  WHERE "personal_connections"."verb_id" = $1[0m  [["verb_id", 778]]
11:23:00 web.1  |   [1m[35m (0.3ms)[0m  SELECT COUNT(*) FROM "personal_connections"  WHERE "personal_connections"."verb_id" = $1  [["verb_id", 1036]]
11:23:00 web.1  |   [1m[36m (0.4ms)[0m  [1mSELECT COUNT(*) FROM "personal_connections"  WHERE "personal_connections"."verb_id" = $1[0m  [["verb_id", 292]]
11:23:00 web.1  |   [1m[35m (0.3ms)[0m  SELECT COUNT(*) FROM "personal_connections"  WHERE "personal_connections"."verb_id" = $1  [["verb_id", 1459]]
11:23:00 web.1  |   [1m[36m (0.4ms)[0m  [1mSELECT COUNT(*) FROM "personal_connections"  WHERE "personal_connections"."verb_id" = $1[0m  [["verb_id", 881]]
11:23:00 web.1  |   [1m[35m (0.3ms)[0m  SELECT COUNT(*) FROM "personal_connections"  WHERE "personal_connections"."verb_id" = $1  [["verb_id", 1233]]
11:23:00 web.1  |   [1m[36m (0.3ms)[0m  [1mSELECT COUNT(*) FROM "personal_connections"  WHERE "personal_connections"."verb_id" = $1[0m  [["verb_id", 1185]]
11:23:00 web.1  |   [1m[35m (0.3ms)[0m  SELECT COUNT(*) FROM "personal_connections"  WHERE "personal_connections"."verb_id" = $1  [["verb_id", 1037]]
11:23:00 web.1  |   [1m[36m (0.3ms)[0m  [1mSELECT COUNT(*) FROM "personal_connections"  WHERE "personal_connections"."verb_id" = $1[0m  [["verb_id", 816]]
11:23:00 web.1  |   [1m[35m (0.3ms)[0m  SELECT COUNT(*) FROM "personal_connections"  WHERE "personal_connections"."verb_id" = $1  [["verb_id", 1045]]
11:23:00 web.1  |   [1m[36m (0.3ms)[0m  [1mSELECT COUNT(*) FROM "personal_connections"  WHERE "personal_connections"."verb_id" = $1[0m  [["verb_id", 1140]]
11:23:00 web.1  |   [1m[35m (0.3ms)[0m  SELECT COUNT(*) FROM "personal_connections"  WHERE "personal_connections"."verb_id" = $1  [["verb_id", 1525]]
11:23:00 web.1  |   [1m[36m (0.3ms)[0m  [1mSELECT COUNT(*) FROM "personal_connections"  WHERE "personal_connections"."verb_id" = $1[0m  [["verb_id", 1458]]
11:23:00 web.1  |   [1m[35m (0.3ms)[0m  SELECT COUNT(*) FROM "personal_connections"  WHERE "personal_connections"."verb_id" = $1  [["verb_id", 896]]
11:23:00 web.1  |   [1m[36m (0.3ms)[0m  [1mSELECT COUNT(*) FROM "personal_connections"  WHERE "personal_connections"."verb_id" = $1[0m  [["verb_id", 1479]]
11:23:00 web.1  |   [1m[35m (0.4ms)[0m  SELECT COUNT(*) FROM "personal_connections"  WHERE "personal_connections"."verb_id" = $1  [["verb_id", 1186]]
11:23:00 web.1  |   [1m[36m (0.3ms)[0m  [1mSELECT COUNT(*) FROM "personal_connections"  WHERE "personal_connections"."verb_id" = $1[0m  [["verb_id", 1161]]
11:23:00 web.1  |   [1m[35m (0.3ms)[0m  SELECT COUNT(*) FROM "personal_connections"  WHERE "personal_connections"."verb_id" = $1  [["verb_id", 805]]
11:23:00 web.1  |   [1m[36m (0.3ms)[0m  [1mSELECT COUNT(*) FROM "personal_connections"  WHERE "personal_connections"."verb_id" = $1[0m  [["verb_id", 900]]
11:23:00 web.1  |   [1m[35m (0.3ms)[0m  SELECT COUNT(*) FROM "personal_connections"  WHERE "personal_connections"."verb_id" = $1  [["verb_id", 814]]
11:23:00 web.1  |   [1m[36m (0.3ms)[0m  [1mSELECT COUNT(*) FROM "personal_connections"  WHERE "personal_connections"."verb_id" = $1[0m  [["verb_id", 226]]
11:23:00 web.1  |   [1m[35m (0.4ms)[0m  SELECT COUNT(*) FROM "personal_connections"  WHERE "personal_connections"."verb_id" = $1  [["verb_id", 644]]
11:23:00 web.1  |   [1m[36m (0.3ms)[0m  [1mSELECT COUNT(*) FROM "personal_connections"  WHERE "personal_connections"."verb_id" = $1[0m  [["verb_id", 804]]
11:23:00 web.1  |   [1m[35m (0.5ms)[0m  SELECT COUNT(*) FROM "personal_connections"  WHERE "personal_connections"."verb_id" = $1  [["verb_id", 937]]
11:23:00 web.1  |   [1m[36m (0.3ms)[0m  [1mSELECT COUNT(*) FROM "personal_connections"  WHERE "personal_connections"."verb_id" = $1[0m  [["verb_id", 926]]
11:23:00 web.1  |   [1m[35m (0.3ms)[0m  SELECT COUNT(*) FROM "personal_connections"  WHERE "personal_connections"."verb_id" = $1  [["verb_id", 916]]
11:23:00 web.1  |   [1m[36m (0.3ms)[0m  [1mSELECT COUNT(*) FROM "personal_connections"  WHERE "personal_connections"."verb_id" = $1[0m  [["verb_id", 49]]
11:23:00 web.1  |   [1m[35m (0.3ms)[0m  SELECT COUNT(*) FROM "personal_connections"  WHERE "personal_connections"."verb_id" = $1  [["verb_id", 430]]
11:23:00 web.1  |   [1m[36m (0.3ms)[0m  [1mSELECT COUNT(*) FROM "personal_connections"  WHERE "personal_connections"."verb_id" = $1[0m  [["verb_id", 1054]]
11:23:00 web.1  |   [1m[35m (0.3ms)[0m  SELECT COUNT(*) FROM "personal_connections"  WHERE "personal_connections"."verb_id" = $1  [["verb_id", 1538]]
11:23:00 web.1  |   [1m[36m (0.3ms)[0m  [1mSELECT COUNT(*) FROM "personal_connections"  WHERE "personal_connections"."verb_id" = $1[0m  [["verb_id", 1004]]
11:23:00 web.1  |   [1m[35m (0.3ms)[0m  SELECT COUNT(*) FROM "personal_connections"  WHERE "personal_connections"."verb_id" = $1  [["verb_id", 1298]]
11:23:00 web.1  |   [1m[36m (0.3ms)[0m  [1mSELECT COUNT(*) FROM "personal_connections"  WHERE "personal_connections"."verb_id" = $1[0m  [["verb_id", 1118]]
11:23:00 web.1  |   [1m[35m (0.3ms)[0m  SELECT COUNT(*) FROM "personal_connections"  WHERE "personal_connections"."verb_id" = $1  [["verb_id", 1532]]
11:23:00 web.1  |   [1m[36m (0.3ms)[0m  [1mSELECT COUNT(*) FROM "personal_connections"  WHERE "personal_connections"."verb_id" = $1[0m  [["verb_id", 1198]]
11:23:00 web.1  |   [1m[35m (0.3ms)[0m  SELECT COUNT(*) FROM "personal_connections"  WHERE "personal_connections"."verb_id" = $1  [["verb_id", 826]]
11:23:00 web.1  |   [1m[36m (0.3ms)[0m  [1mSELECT COUNT(*) FROM "personal_connections"  WHERE "personal_connections"."verb_id" = $1[0m  [["verb_id", 1349]]
11:23:00 web.1  |   [1m[35m (0.3ms)[0m  SELECT COUNT(*) FROM "personal_connections"  WHERE "personal_connections"."verb_id" = $1  [["verb_id", 1338]]
11:23:00 web.1  |   [1m[36m (0.3ms)[0m  [1mSELECT COUNT(*) FROM "personal_connections"  WHERE "personal_connections"."verb_id" = $1[0m  [["verb_id", 384]]
11:23:00 web.1  |   [1m[35m (0.3ms)[0m  SELECT COUNT(*) FROM "personal_connections"  WHERE "personal_connections"."verb_id" = $1  [["verb_id", 630]]
11:23:00 web.1  |   [1m[36m (0.4ms)[0m  [1mSELECT COUNT(*) FROM "personal_connections"  WHERE "personal_connections"."verb_id" = $1[0m  [["verb_id", 284]]
11:23:00 web.1  |   [1m[35m (0.3ms)[0m  SELECT COUNT(*) FROM "personal_connections"  WHERE "personal_connections"."verb_id" = $1  [["verb_id", 1179]]
11:23:00 web.1  |   [1m[36m (0.3ms)[0m  [1mSELECT COUNT(*) FROM "personal_connections"  WHERE "personal_connections"."verb_id" = $1[0m  [["verb_id", 920]]
11:23:00 web.1  |   [1m[35m (0.3ms)[0m  SELECT COUNT(*) FROM "personal_connections"  WHERE "personal_connections"."verb_id" = $1  [["verb_id", 1212]]
11:23:00 web.1  |   [1m[36m (0.3ms)[0m  [1mSELECT COUNT(*) FROM "personal_connections"  WHERE "personal_connections"."verb_id" = $1[0m  [["verb_id", 622]]
11:23:00 web.1  |   [1m[35m (0.3ms)[0m  SELECT COUNT(*) FROM "personal_connections"  WHERE "personal_connections"."verb_id" = $1  [["verb_id", 898]]
11:23:00 web.1  |   [1m[36m (0.3ms)[0m  [1mSELECT COUNT(*) FROM "personal_connections"  WHERE "personal_connections"."verb_id" = $1[0m  [["verb_id", 1190]]
11:23:00 web.1  |   [1m[35m (0.3ms)[0m  SELECT COUNT(*) FROM "personal_connections"  WHERE "personal_connections"."verb_id" = $1  [["verb_id", 1134]]
11:23:00 web.1  |   [1m[36m (0.3ms)[0m  [1mSELECT COUNT(*) FROM "personal_connections"  WHERE "personal_connections"."verb_id" = $1[0m  [["verb_id", 955]]
11:23:00 web.1  |   [1m[35m (0.3ms)[0m  SELECT COUNT(*) FROM "personal_connections"  WHERE "personal_connections"."verb_id" = $1  [["verb_id", 280]]
11:23:00 web.1  |   [1m[36m (0.3ms)[0m  [1mSELECT COUNT(*) FROM "personal_connections"  WHERE "personal_connections"."verb_id" = $1[0m  [["verb_id", 735]]
11:23:01 web.1  |   [1m[35m (0.3ms)[0m  SELECT COUNT(*) FROM "personal_connections"  WHERE "personal_connections"."verb_id" = $1  [["verb_id", 750]]
11:23:01 web.1  |   [1m[36m (0.4ms)[0m  [1mSELECT COUNT(*) FROM "personal_connections"  WHERE "personal_connections"."verb_id" = $1[0m  [["verb_id", 1147]]
11:23:01 web.1  |   [1m[35m (0.3ms)[0m  SELECT COUNT(*) FROM "personal_connections"  WHERE "personal_connections"."verb_id" = $1  [["verb_id", 1362]]
11:23:01 web.1  |   [1m[36m (0.3ms)[0m  [1mSELECT COUNT(*) FROM "personal_connections"  WHERE "personal_connections"."verb_id" = $1[0m  [["verb_id", 772]]
11:23:01 web.1  |   [1m[35m (0.3ms)[0m  SELECT COUNT(*) FROM "personal_connections"  WHERE "personal_connections"."verb_id" = $1  [["verb_id", 1090]]
11:23:01 web.1  |   [1m[36m (0.3ms)[0m  [1mSELECT COUNT(*) FROM "personal_connections"  WHERE "personal_connections"."verb_id" = $1[0m  [["verb_id", 1240]]
11:23:01 web.1  |   [1m[35m (0.3ms)[0m  SELECT COUNT(*) FROM "personal_connections"  WHERE "personal_connections"."verb_id" = $1  [["verb_id", 878]]
11:23:01 web.1  |   [1m[36m (0.4ms)[0m  [1mSELECT COUNT(*) FROM "personal_connections"  WHERE "personal_connections"."verb_id" = $1[0m  [["verb_id", 1239]]
11:23:01 web.1  |   [1m[35m (0.4ms)[0m  SELECT COUNT(*) FROM "personal_connections"  WHERE "personal_connections"."verb_id" = $1  [["verb_id", 810]]
11:23:01 web.1  |   [1m[36m (0.3ms)[0m  [1mSELECT COUNT(*) FROM "personal_connections"  WHERE "personal_connections"."verb_id" = $1[0m  [["verb_id", 907]]
11:23:01 web.1  |   [1m[35m (0.3ms)[0m  SELECT COUNT(*) FROM "personal_connections"  WHERE "personal_connections"."verb_id" = $1  [["verb_id", 1275]]
11:23:01 web.1  |   [1m[36m (0.3ms)[0m  [1mSELECT COUNT(*) FROM "personal_connections"  WHERE "personal_connections"."verb_id" = $1[0m  [["verb_id", 1170]]
11:23:01 web.1  |   [1m[35m (0.3ms)[0m  SELECT COUNT(*) FROM "personal_connections"  WHERE "personal_connections"."verb_id" = $1  [["verb_id", 1464]]
11:23:01 web.1  |   [1m[36m (0.3ms)[0m  [1mSELECT COUNT(*) FROM "personal_connections"  WHERE "personal_connections"."verb_id" = $1[0m  [["verb_id", 286]]
11:23:01 web.1  |   [1m[35m (0.3ms)[0m  SELECT COUNT(*) FROM "personal_connections"  WHERE "personal_connections"."verb_id" = $1  [["verb_id", 933]]
11:23:01 web.1  |   [1m[36m (0.3ms)[0m  [1mSELECT COUNT(*) FROM "personal_connections"  WHERE "personal_connections"."verb_id" = $1[0m  [["verb_id", 1220]]
11:23:01 web.1  |   [1m[35m (0.3ms)[0m  SELECT COUNT(*) FROM "personal_connections"  WHERE "personal_connections"."verb_id" = $1  [["verb_id", 626]]
11:23:01 web.1  |   [1m[36m (0.3ms)[0m  [1mSELECT COUNT(*) FROM "personal_connections"  WHERE "personal_connections"."verb_id" = $1[0m  [["verb_id", 1549]]
11:23:01 web.1  |   [1m[35m (0.3ms)[0m  SELECT COUNT(*) FROM "personal_connections"  WHERE "personal_connections"."verb_id" = $1  [["verb_id", 858]]
11:23:01 web.1  |   [1m[36m (0.3ms)[0m  [1mSELECT COUNT(*) FROM "personal_connections"  WHERE "personal_connections"."verb_id" = $1[0m  [["verb_id", 1154]]
11:23:01 web.1  |   [1m[35m (0.3ms)[0m  SELECT COUNT(*) FROM "personal_connections"  WHERE "personal_connections"."verb_id" = $1  [["verb_id", 746]]
11:23:01 web.1  |   [1m[36m (0.3ms)[0m  [1mSELECT COUNT(*) FROM "personal_connections"  WHERE "personal_connections"."verb_id" = $1[0m  [["verb_id", 1194]]
11:23:01 web.1  |   [1m[35m (0.4ms)[0m  SELECT COUNT(*) FROM "personal_connections"  WHERE "personal_connections"."verb_id" = $1  [["verb_id", 1258]]
11:23:01 web.1  |   [1m[36m (0.3ms)[0m  [1mSELECT COUNT(*) FROM "personal_connections"  WHERE "personal_connections"."verb_id" = $1[0m  [["verb_id", 918]]
11:23:01 web.1  |   [1m[35m (0.3ms)[0m  SELECT COUNT(*) FROM "personal_connections"  WHERE "personal_connections"."verb_id" = $1  [["verb_id", 1288]]
11:23:01 web.1  |   [1m[36m (0.3ms)[0m  [1mSELECT COUNT(*) FROM "personal_connections"  WHERE "personal_connections"."verb_id" = $1[0m  [["verb_id", 1586]]
11:23:01 web.1  |   [1m[35m (0.3ms)[0m  SELECT COUNT(*) FROM "personal_connections"  WHERE "personal_connections"."verb_id" = $1  [["verb_id", 1537]]
11:23:01 web.1  |   [1m[36m (0.3ms)[0m  [1mSELECT COUNT(*) FROM "personal_connections"  WHERE "personal_connections"."verb_id" = $1[0m  [["verb_id", 1393]]
11:23:01 web.1  |   [1m[35m (0.3ms)[0m  SELECT COUNT(*) FROM "personal_connections"  WHERE "personal_connections"."verb_id" = $1  [["verb_id", 1396]]
11:23:01 web.1  |   [1m[36m (0.3ms)[0m  [1mSELECT COUNT(*) FROM "personal_connections"  WHERE "personal_connections"."verb_id" = $1[0m  [["verb_id", 1049]]
11:23:01 web.1  |   [1m[35m (0.4ms)[0m  SELECT COUNT(*) FROM "personal_connections"  WHERE "personal_connections"."verb_id" = $1  [["verb_id", 1543]]
11:23:01 web.1  |   [1m[36m (0.3ms)[0m  [1mSELECT COUNT(*) FROM "personal_connections"  WHERE "personal_connections"."verb_id" = $1[0m  [["verb_id", 1447]]
11:23:01 web.1  |   [1m[35m (0.3ms)[0m  SELECT COUNT(*) FROM "personal_connections"  WHERE "personal_connections"."verb_id" = $1  [["verb_id", 216]]
11:23:01 web.1  |   [1m[36m (0.4ms)[0m  [1mSELECT COUNT(*) FROM "personal_connections"  WHERE "personal_connections"."verb_id" = $1[0m  [["verb_id", 1371]]
11:23:01 web.1  |   [1m[35m (0.3ms)[0m  SELECT COUNT(*) FROM "personal_connections"  WHERE "personal_connections"."verb_id" = $1  [["verb_id", 832]]
11:23:01 web.1  |   [1m[36m (0.3ms)[0m  [1mSELECT COUNT(*) FROM "personal_connections"  WHERE "personal_connections"."verb_id" = $1[0m  [["verb_id", 1524]]
11:23:01 web.1  |   [1m[35m (0.4ms)[0m  SELECT COUNT(*) FROM "personal_connections"  WHERE "personal_connections"."verb_id" = $1  [["verb_id", 1129]]
11:23:01 web.1  |   [1m[36m (0.3ms)[0m  [1mSELECT COUNT(*) FROM "personal_connections"  WHERE "personal_connections"."verb_id" = $1[0m  [["verb_id", 922]]
11:23:01 web.1  |   [1m[35m (0.3ms)[0m  SELECT COUNT(*) FROM "personal_connections"  WHERE "personal_connections"."verb_id" = $1  [["verb_id", 928]]
11:23:01 web.1  |   [1m[36m (0.3ms)[0m  [1mSELECT COUNT(*) FROM "personal_connections"  WHERE "personal_connections"."verb_id" = $1[0m  [["verb_id", 294]]
11:23:01 web.1  |   [1m[35m (0.3ms)[0m  SELECT COUNT(*) FROM "personal_connections"  WHERE "personal_connections"."verb_id" = $1  [["verb_id", 1501]]
11:23:01 web.1  |   [1m[36m (0.4ms)[0m  [1mSELECT COUNT(*) FROM "personal_connections"  WHERE "personal_connections"."verb_id" = $1[0m  [["verb_id", 1249]]
11:23:01 web.1  |   [1m[35m (0.3ms)[0m  SELECT COUNT(*) FROM "personal_connections"  WHERE "personal_connections"."verb_id" = $1  [["verb_id", 1225]]
11:23:01 web.1  |   [1m[36m (0.6ms)[0m  [1mSELECT COUNT(*) FROM "personal_connections"  WHERE "personal_connections"."verb_id" = $1[0m  [["verb_id", 5]]
11:23:01 web.1  |   [1m[35m (0.3ms)[0m  SELECT COUNT(*) FROM "personal_connections"  WHERE "personal_connections"."verb_id" = $1  [["verb_id", 959]]
11:23:01 web.1  |   [1m[36m (0.4ms)[0m  [1mSELECT COUNT(*) FROM "personal_connections"  WHERE "personal_connections"."verb_id" = $1[0m  [["verb_id", 1483]]
11:23:01 web.1  |   [1m[35m (0.4ms)[0m  SELECT COUNT(*) FROM "personal_connections"  WHERE "personal_connections"."verb_id" = $1  [["verb_id", 27]]
11:23:01 web.1  |   [1m[36m (0.4ms)[0m  [1mSELECT COUNT(*) FROM "personal_connections"  WHERE "personal_connections"."verb_id" = $1[0m  [["verb_id", 240]]
11:23:01 web.1  |   [1m[35m (0.4ms)[0m  SELECT COUNT(*) FROM "personal_connections"  WHERE "personal_connections"."verb_id" = $1  [["verb_id", 1332]]
11:23:01 web.1  |   [1m[36m (0.3ms)[0m  [1mSELECT COUNT(*) FROM "personal_connections"  WHERE "personal_connections"."verb_id" = $1[0m  [["verb_id", 1193]]
11:23:01 web.1  |   [1m[35m (0.3ms)[0m  SELECT COUNT(*) FROM "personal_connections"  WHERE "personal_connections"."verb_id" = $1  [["verb_id", 1093]]
11:23:01 web.1  |   [1m[36m (0.3ms)[0m  [1mSELECT COUNT(*) FROM "personal_connections"  WHERE "personal_connections"."verb_id" = $1[0m  [["verb_id", 4]]
11:23:01 web.1  |   [1m[35m (0.4ms)[0m  SELECT COUNT(*) FROM "personal_connections"  WHERE "personal_connections"."verb_id" = $1  [["verb_id", 807]]
11:23:01 web.1  |   [1m[36m (0.5ms)[0m  [1mSELECT COUNT(*) FROM "personal_connections"  WHERE "personal_connections"."verb_id" = $1[0m  [["verb_id", 812]]
11:23:01 web.1  |   [1m[35m (0.4ms)[0m  SELECT COUNT(*) FROM "personal_connections"  WHERE "personal_connections"."verb_id" = $1  [["verb_id", 1106]]
11:23:01 web.1  |   [1m[36m (0.3ms)[0m  [1mSELECT COUNT(*) FROM "personal_connections"  WHERE "personal_connections"."verb_id" = $1[0m  [["verb_id", 1493]]
11:23:01 web.1  |   [1m[35m (0.3ms)[0m  SELECT COUNT(*) FROM "personal_connections"  WHERE "personal_connections"."verb_id" = $1  [["verb_id", 1423]]
11:23:01 web.1  |   [1m[36m (0.6ms)[0m  [1mSELECT COUNT(*) FROM "personal_connections"  WHERE "personal_connections"."verb_id" = $1[0m  [["verb_id", 754]]
11:23:01 web.1  |   [1m[35m (0.6ms)[0m  SELECT COUNT(*) FROM "personal_connections"  WHERE "personal_connections"."verb_id" = $1  [["verb_id", 1324]]
11:23:01 web.1  |   [1m[36m (0.4ms)[0m  [1mSELECT COUNT(*) FROM "personal_connections"  WHERE "personal_connections"."verb_id" = $1[0m  [["verb_id", 1323]]
11:23:01 web.1  |   [1m[35m (0.4ms)[0m  SELECT COUNT(*) FROM "personal_connections"  WHERE "personal_connections"."verb_id" = $1  [["verb_id", 801]]
11:23:01 web.1  |   [1m[36m (0.3ms)[0m  [1mSELECT COUNT(*) FROM "personal_connections"  WHERE "personal_connections"."verb_id" = $1[0m  [["verb_id", 1444]]
11:23:01 web.1  |   [1m[35m (0.3ms)[0m  SELECT COUNT(*) FROM "personal_connections"  WHERE "personal_connections"."verb_id" = $1  [["verb_id", 759]]
11:23:01 web.1  |   [1m[36m (0.3ms)[0m  [1mSELECT COUNT(*) FROM "personal_connections"  WHERE "personal_connections"."verb_id" = $1[0m  [["verb_id", 26]]
11:23:01 web.1  |   [1m[35m (0.3ms)[0m  SELECT COUNT(*) FROM "personal_connections"  WHERE "personal_connections"."verb_id" = $1  [["verb_id", 889]]
11:23:01 web.1  |   [1m[36m (0.4ms)[0m  [1mSELECT COUNT(*) FROM "personal_connections"  WHERE "personal_connections"."verb_id" = $1[0m  [["verb_id", 827]]
11:23:01 web.1  |   [1m[35m (0.3ms)[0m  SELECT COUNT(*) FROM "personal_connections"  WHERE "personal_connections"."verb_id" = $1  [["verb_id", 903]]
11:23:01 web.1  |   [1m[36m (0.3ms)[0m  [1mSELECT COUNT(*) FROM "personal_connections"  WHERE "personal_connections"."verb_id" = $1[0m  [["verb_id", 828]]
11:23:01 web.1  |   [1m[35m (0.3ms)[0m  SELECT COUNT(*) FROM "personal_connections"  WHERE "personal_connections"."verb_id" = $1  [["verb_id", 1463]]
11:23:01 web.1  |   [1m[36m (0.3ms)[0m  [1mSELECT COUNT(*) FROM "personal_connections"  WHERE "personal_connections"."verb_id" = $1[0m  [["verb_id", 1284]]
11:23:01 web.1  |   [1m[35m (0.3ms)[0m  SELECT COUNT(*) FROM "personal_connections"  WHERE "personal_connections"."verb_id" = $1  [["verb_id", 939]]
11:23:01 web.1  |   [1m[36m (0.3ms)[0m  [1mSELECT COUNT(*) FROM "personal_connections"  WHERE "personal_connections"."verb_id" = $1[0m  [["verb_id", 1263]]
11:23:01 web.1  |   [1m[35m (0.3ms)[0m  SELECT COUNT(*) FROM "personal_connections"  WHERE "personal_connections"."verb_id" = $1  [["verb_id", 1132]]
11:23:01 web.1  |   [1m[36m (0.3ms)[0m  [1mSELECT COUNT(*) FROM "personal_connections"  WHERE "personal_connections"."verb_id" = $1[0m  [["verb_id", 153]]
11:23:01 web.1  |   [1m[35m (0.3ms)[0m  SELECT COUNT(*) FROM "personal_connections"  WHERE "personal_connections"."verb_id" = $1  [["verb_id", 1443]]
11:23:01 web.1  |   [1m[36m (0.3ms)[0m  [1mSELECT COUNT(*) FROM "personal_connections"  WHERE "personal_connections"."verb_id" = $1[0m  [["verb_id", 406]]
11:23:01 web.1  |   [1m[35m (0.3ms)[0m  SELECT COUNT(*) FROM "personal_connections"  WHERE "personal_connections"."verb_id" = $1  [["verb_id", 508]]
11:23:01 web.1  |   [1m[36m (0.3ms)[0m  [1mSELECT COUNT(*) FROM "personal_connections"  WHERE "personal_connections"."verb_id" = $1[0m  [["verb_id", 1224]]
11:23:01 web.1  |   [1m[35m (0.3ms)[0m  SELECT COUNT(*) FROM "personal_connections"  WHERE "personal_connections"."verb_id" = $1  [["verb_id", 1276]]
11:23:01 web.1  |   [1m[36m (0.3ms)[0m  [1mSELECT COUNT(*) FROM "personal_connections"  WHERE "personal_connections"."verb_id" = $1[0m  [["verb_id", 1274]]
11:23:01 web.1  |   [1m[35m (0.3ms)[0m  SELECT COUNT(*) FROM "personal_connections"  WHERE "personal_connections"."verb_id" = $1  [["verb_id", 1159]]
11:23:01 web.1  |   Rendered verbs/_verb.html.erb (7684.1ms)
11:23:01 web.1  |   Rendered verbs/index.html.erb within layouts/application (7863.4ms)
11:23:01 web.1  | Completed 200 OK in 8188ms (Views: 7693.7ms | ActiveRecord: 448.1ms)
11:23:01 web.1  | Oink Action: verbs#index
11:23:01 web.1  | Memory usage: 2640164 | PID: 40431
11:23:01 web.1  | Instantiation Breakdown: Total: 1126 | Verb: 1126
11:23:01 web.1  | Oink Log Entry Complete
11:23:02 web.1  | [40431] 127.0.0.1 - - [16/May/2015 11:23:02] "GET /verbs HTTP/1.1" 200 - 10.5032
11:23:02 web.1  | Started GET "/assets/application.css" for 127.0.0.1 at 2015-05-16 11:23:02 +0100
11:23:02 web.1  | Started GET "/assets/application.js" for 127.0.0.1 at 2015-05-16 11:23:02 +0100
11:23:03 web.1  | Memory usage: 2638116 | PID: 40431
11:23:03 web.1  | Instantiation Breakdown: Total: 0
11:23:03 web.1  | Oink Log Entry Complete
11:23:03 web.1  | [40431] 127.0.0.1 - - [16/May/2015 11:23:03] "GET /application.css HTTP/1.1" 304 - 0.0746
11:23:03 web.1  | Memory usage: 2638764 | PID: 40432
11:23:03 web.1  | Instantiation Breakdown: Total: 0
11:23:03 web.1  | Oink Log Entry Complete
11:23:03 web.1  | [40432] 127.0.0.1 - - [16/May/2015 11:23:03] "GET /application.js HTTP/1.1" 304 - 0.6151
11:23:03 web.1  | Started GET "/assets/openplaques.png" for 127.0.0.1 at 2015-05-16 11:23:03 +0100
11:23:03 web.1  | Memory usage: 2638764 | PID: 40432
11:23:03 web.1  | Instantiation Breakdown: Total: 0
11:23:03 web.1  | Oink Log Entry Complete
11:23:03 web.1  | [40432] 127.0.0.1 - - [16/May/2015 11:23:03] "GET /openplaques.png HTTP/1.1" 304 - 0.6610
11:23:03 web.1  | Started GET "/assets/icon_search.png" for 127.0.0.1 at 2015-05-16 11:23:03 +0100
11:23:03 web.1  | Memory usage: 2638764 | PID: 40432
11:23:03 web.1  | Instantiation Breakdown: Total: 0
11:23:03 web.1  | Oink Log Entry Complete
11:23:03 web.1  | [40432] 127.0.0.1 - - [16/May/2015 11:23:03] "GET /icon_search.png HTTP/1.1" 304 - 0.1063
11:23:57 web.1  | Started GET "/verbs" for 127.0.0.1 at 2015-05-16 11:23:57 +0100
11:23:57 web.1  | Processing by VerbsController#index as HTML
11:23:57 web.1  | USERAGENT: /verbs Mozilla/5.0 (Macintosh; Intel Mac OS X 10_10_3) AppleWebKit/537.36 (KHTML, like Gecko) Chrome/42.0.2311.135 Safari/537.36
11:23:57 web.1  |   [1m[36mVerb Load (24.7ms)[0m  [1mSELECT "verbs".* FROM "verbs"   ORDER BY "verbs"."name" ASC[0m
11:23:58 web.1  |   Rendered verbs/_verb.html.erb (376.6ms)
11:23:58 web.1  |   Rendered verbs/index.html.erb within layouts/application (478.9ms)
11:23:58 web.1  | Completed 200 OK in 525ms (Views: 498.5ms | ActiveRecord: 24.7ms)
11:23:58 web.1  | Oink Action: verbs#index
11:23:58 web.1  | Memory usage: 2638116 | PID: 40431
11:23:58 web.1  | Instantiation Breakdown: Total: 1126 | Verb: 1126
11:23:58 web.1  | Oink Log Entry Complete
11:23:58 web.1  | [40431] 127.0.0.1 - - [16/May/2015 11:23:58] "GET /verbs HTTP/1.1" 200 - 0.5929
11:23:58 web.1  | Started GET "/assets/application.js" for 127.0.0.1 at 2015-05-16 11:23:58 +0100
11:23:58 web.1  | Memory usage: 2638248 | PID: 40431
11:23:58 web.1  | Instantiation Breakdown: Total: 0
11:23:58 web.1  | Oink Log Entry Complete
11:23:58 web.1  | [40431] 127.0.0.1 - - [16/May/2015 11:23:58] "GET /application.js HTTP/1.1" 304 - 0.0896
11:23:58 web.1  | Started GET "/assets/application.css" for 127.0.0.1 at 2015-05-16 11:23:58 +0100
11:23:58 web.1  | Memory usage: 2638248 | PID: 40431
11:23:58 web.1  | Instantiation Breakdown: Total: 0
11:23:58 web.1  | Oink Log Entry Complete
11:23:58 web.1  | [40431] 127.0.0.1 - - [16/May/2015 11:23:58] "GET /application.css HTTP/1.1" 304 - 0.0764
11:23:58 web.1  | Started GET "/assets/icon_search.png" for 127.0.0.1 at 2015-05-16 11:23:58 +0100
11:23:58 web.1  | Memory usage: 2638248 | PID: 40431
11:23:58 web.1  | Instantiation Breakdown: Total: 0
11:23:58 web.1  | Oink Log Entry Complete
11:23:58 web.1  | [40431] 127.0.0.1 - - [16/May/2015 11:23:58] "GET /icon_search.png HTTP/1.1" 304 - 0.0795
11:23:58 web.1  | Started GET "/assets/openplaques.png" for 127.0.0.1 at 2015-05-16 11:23:58 +0100
11:23:58 web.1  | Memory usage: 2638248 | PID: 40431
11:23:58 web.1  | Instantiation Breakdown: Total: 0
11:23:58 web.1  | Oink Log Entry Complete
11:23:58 web.1  | [40431] 127.0.0.1 - - [16/May/2015 11:23:58] "GET /openplaques.png HTTP/1.1" 304 - 0.1006
11:23:59 web.1  | Started GET "/assets/openplaques-icon.png" for 127.0.0.1 at 2015-05-16 11:23:59 +0100
11:23:59 web.1  | Memory usage: 2638248 | PID: 40431
11:23:59 web.1  | Instantiation Breakdown: Total: 0
11:23:59 web.1  | Oink Log Entry Complete
11:23:59 web.1  | [40431] 127.0.0.1 - - [16/May/2015 11:23:59] "GET /openplaques-icon.png HTTP/1.1" 304 - 0.0623
11:28:55 web.1  | Started GET "/places/gb/areas/aberaman.json" for 127.0.0.1 at 2015-05-16 11:28:55 +0100
11:28:55 web.1  | Processing by AreasController#show as JSON
11:28:55 web.1  |   Parameters: {"country_id"=>"gb", "id"=>"aberaman"}
11:28:55 web.1  | USERAGENT: /places/gb/areas/aberaman.json Mozilla/5.0 (Macintosh; Intel Mac OS X 10_10_3) AppleWebKit/537.36 (KHTML, like Gecko) Chrome/42.0.2311.135 Safari/537.36
11:28:55 web.1  |   [1m[35mCountry Load (49.0ms)[0m  SELECT  "countries".* FROM "countries"  WHERE "countries"."alpha2" = 'gb' LIMIT 1
11:28:56 web.1  |   [1m[36mArea Load (40.5ms)[0m  [1mSELECT  "areas".* FROM "areas"  WHERE "areas"."country_id" = $1 AND "areas"."slug" = 'aberaman'  ORDER BY name ASC LIMIT 1[0m  [["country_id", 1]]
11:28:56 web.1  | Completed 200 OK in 273ms (Views: 4.4ms | ActiveRecord: 97.5ms)
11:28:56 web.1  | Oink Action: areas#show
11:28:56 web.1  | Memory usage: 2638764 | PID: 40432
11:28:56 web.1  | Instantiation Breakdown: Total: 2 | Country: 1 | Area: 1
11:28:56 web.1  | Oink Log Entry Complete
11:28:56 web.1  | [40432] 127.0.0.1 - - [16/May/2015 11:28:56] "GET /places/gb/areas/aberaman.json HTTP/1.1" 304 - 1.0358
11:29:01 web.1  | Started GET "/places/gb/areas/aberaman.geojson" for 127.0.0.1 at 2015-05-16 11:29:01 +0100
11:29:01 web.1  | Processing by AreasController#show as GEOJSON
11:29:01 web.1  |   Parameters: {"country_id"=>"gb", "id"=>"aberaman"}
11:29:01 web.1  | USERAGENT: /places/gb/areas/aberaman.geojson Mozilla/5.0 (Macintosh; Intel Mac OS X 10_10_3) AppleWebKit/537.36 (KHTML, like Gecko) Chrome/42.0.2311.135 Safari/537.36
11:29:01 web.1  |   [1m[35mCountry Load (0.5ms)[0m  SELECT  "countries".* FROM "countries"  WHERE "countries"."alpha2" = 'gb' LIMIT 1
11:29:01 web.1  |   [1m[36mArea Load (0.4ms)[0m  [1mSELECT  "areas".* FROM "areas"  WHERE "areas"."country_id" = $1 AND "areas"."slug" = 'aberaman'  ORDER BY name ASC LIMIT 1[0m  [["country_id", 1]]
11:29:01 web.1  | Completed 200 OK in 17ms (Views: 0.5ms | ActiveRecord: 0.9ms)
11:29:01 web.1  | Oink Action: areas#show
11:29:01 web.1  | Memory usage: 2638764 | PID: 40432
11:29:01 web.1  | Instantiation Breakdown: Total: 2 | Country: 1 | Area: 1
11:29:01 web.1  | Oink Log Entry Complete
11:29:01 web.1  | [40432] 127.0.0.1 - - [16/May/2015 11:29:01] "GET /places/gb/areas/aberaman.geojson HTTP/1.1" 304 - 0.0754
11:29:08 web.1  | Started GET "/places/gb/areas/aberaman" for 127.0.0.1 at 2015-05-16 11:29:08 +0100
11:29:08 web.1  | Processing by AreasController#show as HTML
11:29:08 web.1  |   Parameters: {"country_id"=>"gb", "id"=>"aberaman"}
11:29:08 web.1  | USERAGENT: /places/gb/areas/aberaman Mozilla/5.0 (Macintosh; Intel Mac OS X 10_10_3) AppleWebKit/537.36 (KHTML, like Gecko) Chrome/42.0.2311.135 Safari/537.36
11:29:08 web.1  |   [1m[35mCountry Load (0.6ms)[0m  SELECT  "countries".* FROM "countries"  WHERE "countries"."alpha2" = 'gb' LIMIT 1
11:29:08 web.1  |   [1m[36mArea Load (0.4ms)[0m  [1mSELECT  "areas".* FROM "areas"  WHERE "areas"."country_id" = $1 AND "areas"."slug" = 'aberaman'  ORDER BY name ASC LIMIT 1[0m  [["country_id", 1]]
11:29:08 web.1  |   Rendered areas/show.html.erb within layouts/application (9.1ms)
11:29:08 web.1  | Completed 200 OK in 257ms (Views: 241.7ms | ActiveRecord: 0.9ms)
11:29:08 web.1  | Oink Action: areas#show
11:29:08 web.1  | Memory usage: 2638764 | PID: 40432
11:29:08 web.1  | Instantiation Breakdown: Total: 2 | Country: 1 | Area: 1
11:29:08 web.1  | Oink Log Entry Complete
11:29:08 web.1  | [40432] 127.0.0.1 - - [16/May/2015 11:29:08] "GET /places/gb/areas/aberaman HTTP/1.1" 200 - 0.3376
11:29:08 web.1  | Started GET "/assets/openplaques.png" for 127.0.0.1 at 2015-05-16 11:29:08 +0100
11:29:08 web.1  | Started GET "/assets/application.css" for 127.0.0.1 at 2015-05-16 11:29:08 +0100
11:29:08 web.1  | Memory usage: 2638248 | PID: 40431
11:29:08 web.1  | Instantiation Breakdown: Total: 0
11:29:08 web.1  | Oink Log Entry Complete
11:29:08 web.1  | Started GET "/assets/application.js" for 127.0.0.1 at 2015-05-16 11:29:08 +0100
11:29:08 web.1  | [40431] 127.0.0.1 - - [16/May/2015 11:29:08] "GET /openplaques.png HTTP/1.1" 304 - 0.2401
11:29:08 web.1  | Memory usage: 2638248 | PID: 40431
11:29:08 web.1  | Instantiation Breakdown: Total: 0
11:29:08 web.1  | Oink Log Entry Complete
11:29:08 web.1  | [40431] 127.0.0.1 - - [16/May/2015 11:29:08] "GET /application.js HTTP/1.1" 304 - 0.2220
11:29:08 web.1  | Memory usage: 2638764 | PID: 40432
11:29:08 web.1  | Instantiation Breakdown: Total: 0
11:29:08 web.1  | Oink Log Entry Complete
11:29:08 web.1  | [40432] 127.0.0.1 - - [16/May/2015 11:29:08] "GET /application.css HTTP/1.1" 304 - 0.2860
11:29:09 web.1  | Started GET "/assets/icon_search.png" for 127.0.0.1 at 2015-05-16 11:29:09 +0100
11:29:09 web.1  | Memory usage: 2638764 | PID: 40432
11:29:09 web.1  | Instantiation Breakdown: Total: 0
11:29:09 web.1  | Oink Log Entry Complete
11:29:09 web.1  | [40432] 127.0.0.1 - - [16/May/2015 11:29:09] "GET /icon_search.png HTTP/1.1" 304 - 0.0668
11:29:16 web.1  | Started GET "/places/gb/areas/aberaman/plaques" for 127.0.0.1 at 2015-05-16 11:29:16 +0100
11:29:17 web.1  | Processing by AreaPlaquesController#show as HTML
11:29:17 web.1  |   Parameters: {"country_id"=>"gb", "area_id"=>"aberaman"}
11:29:17 web.1  | USERAGENT: /places/gb/areas/aberaman/plaques Mozilla/5.0 (Macintosh; Intel Mac OS X 10_10_3) AppleWebKit/537.36 (KHTML, like Gecko) Chrome/42.0.2311.135 Safari/537.36
11:29:17 web.1  |   [1m[35mCountry Load (0.7ms)[0m  SELECT  "countries".* FROM "countries"  WHERE "countries"."alpha2" = 'gb' LIMIT 1
11:29:17 web.1  |   [1m[36mArea Load (0.5ms)[0m  [1mSELECT  "areas".* FROM "areas"  WHERE "areas"."country_id" = $1 AND "areas"."slug" = 'aberaman'  ORDER BY name ASC LIMIT 1[0m  [["country_id", 1]]
11:29:17 web.1  |   Rendered area_plaques/show.html.erb within layouts/application (54.2ms)
11:29:17 web.1  | Completed 500 Internal Server Error in 103ms
11:29:17 web.1  | [Rollbar] Reporting exception: The @area_plaques variable appears to be empty. Did you forget to pass the collection object for will_paginate?
11:29:17 web.1  | [Rollbar] Exception not reported because Rollbar is disabled
11:29:17 web.1  | ActionView::Template::Error (The @area_plaques variable appears to be empty. Did you forget to pass the collection object for will_paginate?):
11:29:17 web.1  |     50:       <% end %>
11:29:17 web.1  |     51:     <% end %>
11:29:17 web.1  |     52:   <% end %>
11:29:17 web.1  |     53:   <%= will_paginate @plaques %>
11:29:17 web.1  |     54:   <%= render @plaques %>
11:29:17 web.1  |     55:   <%= will_paginate @plaques %>
11:29:17 web.1  |     56: </div>
11:29:17 web.1  |   app/views/area_plaques/show.html.erb:53:in `_app_views_area_plaques_show_html_erb__3299735895463438450_70110522315500'
11:29:17 web.1  |   app/controllers/area_plaques_controller.rb:10:in `show'
11:29:17 web.1  |   app/controllers/application_controller.rb:27:in `global_request_logging'
11:29:17 web.1  |   Rendered /Users/jeznicholson/.rbenv/versions/2.2.0/lib/ruby/gems/2.2.0/gems/actionpack-4.1.6/lib/action_dispatch/middleware/templates/rescues/_trace.html.erb (2.6ms)
11:29:18 web.1  |   Rendered /Users/jeznicholson/.rbenv/versions/2.2.0/lib/ruby/gems/2.2.0/gems/actionpack-4.1.6/lib/action_dispatch/middleware/templates/rescues/_request_and_response.html.erb (2.4ms)
11:29:18 web.1  |   Rendered /Users/jeznicholson/.rbenv/versions/2.2.0/lib/ruby/gems/2.2.0/gems/actionpack-4.1.6/lib/action_dispatch/middleware/templates/rescues/template_error.html.erb within rescues/layout (164.8ms)
11:29:18 web.1  | [40432] 127.0.0.1 - - [16/May/2015 11:29:18] "GET /places/gb/areas/aberaman/plaques HTTP/1.1" 500 27585 1.3646
11:29:50 web.1  | Started GET "/places/gb/areas/aberaman/plaques.json" for 127.0.0.1 at 2015-05-16 11:29:50 +0100
11:29:50 web.1  | Processing by AreaPlaquesController#show as JSON
11:29:50 web.1  |   Parameters: {"country_id"=>"gb", "area_id"=>"aberaman"}
11:29:50 web.1  | USERAGENT: /places/gb/areas/aberaman/plaques.json Mozilla/5.0 (Macintosh; Intel Mac OS X 10_10_3) AppleWebKit/537.36 (KHTML, like Gecko) Chrome/42.0.2311.135 Safari/537.36
11:29:50 web.1  |   [1m[35mCountry Load (0.5ms)[0m  SELECT  "countries".* FROM "countries"  WHERE "countries"."alpha2" = 'gb' LIMIT 1
11:29:50 web.1  |   [1m[36mArea Load (0.3ms)[0m  [1mSELECT  "areas".* FROM "areas"  WHERE "areas"."country_id" = $1 AND "areas"."slug" = 'aberaman'  ORDER BY name ASC LIMIT 1[0m  [["country_id", 1]]
11:29:50 web.1  | Completed 200 OK in 12ms (Views: 0.3ms | ActiveRecord: 0.8ms)
11:29:50 web.1  | Oink Action: area_plaques#show
11:29:50 web.1  | Memory usage: 2638764 | PID: 40432
11:29:50 web.1  | Instantiation Breakdown: Total: 2 | Country: 1 | Area: 1
11:29:50 web.1  | Oink Log Entry Complete
11:29:50 web.1  | [40432] 127.0.0.1 - - [16/May/2015 11:29:50] "GET /places/gb/areas/aberaman/plaques.json HTTP/1.1" 200 - 0.0684
11:29:55 web.1  | Started GET "/places/gb/areas/aberaman/plaques.geojson" for 127.0.0.1 at 2015-05-16 11:29:55 +0100
11:29:55 web.1  | Processing by AreaPlaquesController#show as GEOJSON
11:29:55 web.1  |   Parameters: {"country_id"=>"gb", "area_id"=>"aberaman"}
11:29:55 web.1  | USERAGENT: /places/gb/areas/aberaman/plaques.geojson Mozilla/5.0 (Macintosh; Intel Mac OS X 10_10_3) AppleWebKit/537.36 (KHTML, like Gecko) Chrome/42.0.2311.135 Safari/537.36
11:29:55 web.1  |   [1m[35mCountry Load (0.5ms)[0m  SELECT  "countries".* FROM "countries"  WHERE "countries"."alpha2" = 'gb' LIMIT 1
11:29:55 web.1  |   [1m[36mArea Load (0.4ms)[0m  [1mSELECT  "areas".* FROM "areas"  WHERE "areas"."country_id" = $1 AND "areas"."slug" = 'aberaman'  ORDER BY name ASC LIMIT 1[0m  [["country_id", 1]]
11:29:55 web.1  | Completed 500 Internal Server Error in 22ms
11:29:55 web.1  | [Rollbar] Reporting exception: Missing template area_plaques/show, application/show with {:locale=>[:"en-GB", :en], :formats=>[:geojson], :variants=>[], :handlers=>[:erb, :builder, :raw, :ruby]}. Searched in:
11:29:55 web.1  |   * "/Users/jeznicholson/open-plaques-3/app/views"
11:29:55 web.1  |   * "/Users/jeznicholson/.rbenv/versions/2.2.0/lib/ruby/gems/2.2.0/gems/devise-3.4.1/app/views"
11:29:55 web.1  | [Rollbar] Exception not reported because Rollbar is disabled
11:29:55 web.1  | ActionView::MissingTemplate (Missing template area_plaques/show, application/show with {:locale=>[:"en-GB", :en], :formats=>[:geojson], :variants=>[], :handlers=>[:erb, :builder, :raw, :ruby]}. Searched in:
11:29:55 web.1  |   * "/Users/jeznicholson/open-plaques-3/app/views"
11:29:55 web.1  |   * "/Users/jeznicholson/.rbenv/versions/2.2.0/lib/ruby/gems/2.2.0/gems/devise-3.4.1/app/views"
11:29:55 web.1  | ):
11:29:55 web.1  |   app/controllers/area_plaques_controller.rb:10:in `show'
11:29:55 web.1  |   app/controllers/application_controller.rb:27:in `global_request_logging'
11:29:55 web.1  |   Rendered /Users/jeznicholson/.rbenv/versions/2.2.0/lib/ruby/gems/2.2.0/gems/actionpack-4.1.6/lib/action_dispatch/middleware/templates/rescues/missing_template.html.erb within rescues/layout (1.0ms)
11:29:55 web.1  | [40432] 127.0.0.1 - - [16/May/2015 11:29:55] "GET /places/gb/areas/aberaman/plaques.geojson HTTP/1.1" 500 3133 0.1998
11:30:14 web.1  | Started GET "/places/gb/areas/aberaman/plaques.json" for 127.0.0.1 at 2015-05-16 11:30:14 +0100
11:30:15 web.1  | Processing by AreaPlaquesController#show as JSON
11:30:15 web.1  |   Parameters: {"country_id"=>"gb", "area_id"=>"aberaman"}
11:30:15 web.1  | USERAGENT: /places/gb/areas/aberaman/plaques.json Mozilla/5.0 (Macintosh; Intel Mac OS X 10_10_3) AppleWebKit/537.36 (KHTML, like Gecko) Chrome/42.0.2311.135 Safari/537.36
11:30:15 web.1  |   [1m[35mCountry Load (0.5ms)[0m  SELECT  "countries".* FROM "countries"  WHERE "countries"."alpha2" = 'gb' LIMIT 1
11:30:15 web.1  |   [1m[36mArea Load (0.4ms)[0m  [1mSELECT  "areas".* FROM "areas"  WHERE "areas"."country_id" = $1 AND "areas"."slug" = 'aberaman'  ORDER BY name ASC LIMIT 1[0m  [["country_id", 1]]
11:30:15 web.1  |   [1m[35mPlaque Load (20.0ms)[0m  SELECT "plaques".* FROM "plaques"  WHERE "plaques"."area_id" = $1  [["area_id", 476]]
11:30:15 web.1  |   [1m[36mPersonalConnection Load (16.9ms)[0m  [1mSELECT "personal_connections".* FROM "personal_connections"  WHERE "personal_connections"."plaque_id" = $1[0m  [["plaque_id", 4856]]
11:30:15 web.1  |   [1m[35mPerson Load (22.9ms)[0m  SELECT  "people".* FROM "people"  WHERE "people"."id" = $1 LIMIT 1  [["id", 2934]]
11:30:15 web.1  |   [1m[36mColour Load (1.9ms)[0m  [1mSELECT  "colours".* FROM "colours"  WHERE "colours"."id" = $1 LIMIT 1[0m  [["id", 2]]
11:30:15 web.1  |   [1m[35mPhoto Load (0.5ms)[0m  SELECT  "photos".* FROM "photos"  WHERE "photos"."plaque_id" = $1 AND "photos"."of_a_plaque" = 't'  ORDER BY shot ASC LIMIT 1  [["plaque_id", 4856]]
11:30:15 web.1  |   [1m[36mPhoto Load (0.2ms)[0m  [1mSELECT "photos".* FROM "photos"  WHERE "photos"."plaque_id" = $1 AND "photos"."of_a_plaque" = 't'  ORDER BY shot ASC[0m  [["plaque_id", 4856]]
11:30:16 web.1  |   [1m[35mOrganisation Load (35.4ms)[0m  SELECT "organisations".* FROM "organisations" INNER JOIN "sponsorships" ON "organisations"."id" = "sponsorships"."organisation_id" WHERE "sponsorships"."plaque_id" = $1  [["plaque_id", 4856]]
11:30:16 web.1  |   [1m[36mLanguage Load (0.2ms)[0m  [1mSELECT  "languages".* FROM "languages"  WHERE "languages"."id" = $1 LIMIT 1[0m  [["id", 1]]
11:30:16 web.1  |   [1m[35mPersonalRole Load (83.1ms)[0m  SELECT "personal_roles".* FROM "personal_roles"  WHERE "personal_roles"."person_id" = $1  [["person_id", 2934]]
11:30:16 web.1  |   [1m[36mRole Load (129.3ms)[0m  [1mSELECT  "roles".* FROM "roles"  WHERE "roles"."id" = $1 LIMIT 1[0m  [["id", 2968]]
11:30:16 web.1  |   [1m[35mRole Load (0.3ms)[0m  SELECT "roles".* FROM "roles" INNER JOIN "personal_roles" ON "roles"."id" = "personal_roles"."role_id" WHERE "personal_roles"."person_id" = $1  [["person_id", 2934]]
11:30:16 web.1  |   [1m[36mPlaque Load (66.9ms)[0m  [1mSELECT "plaques".* FROM "plaques" INNER JOIN "personal_connections" ON "plaques"."id" = "personal_connections"."plaque_id" WHERE "personal_connections"."person_id" = $1[0m  [["person_id", 2934]]
11:30:16 web.1  | Completed 200 OK in 1741ms (Views: 1.9ms | ActiveRecord: 451.0ms)
11:30:16 web.1  | Oink Action: area_plaques#show
11:30:16 web.1  | Memory usage: 2638764 | PID: 40432
11:30:16 web.1  | Instantiation Breakdown: Total: 12 | Role: 2 | Plaque: 2 | Colour: 1 | PersonalConnection: 1 | Person: 1 | Area: 1 | Organisation: 1 | Language: 1 | PersonalRole: 1 | Country: 1
11:30:16 web.1  | Oink Log Entry Complete
11:30:16 web.1  | [40432] 127.0.0.1 - - [16/May/2015 11:30:16] "GET /places/gb/areas/aberaman/plaques.json HTTP/1.1" 200 - 2.4510
11:56:17 web.1  | Started GET "/places/gb/areas/aberaman.json" for 127.0.0.1 at 2015-05-16 11:56:17 +0100
11:56:17 web.1  | Started GET "/places/gb/areas/aberaman.json" for 127.0.0.1 at 2015-05-16 11:56:17 +0100
11:56:17 web.1  | Processing by AreasController#show as JSON
11:56:17 web.1  |   Parameters: {"country_id"=>"gb", "id"=>"aberaman"}
11:56:17 web.1  | USERAGENT: /places/gb/areas/aberaman.json Mozilla/5.0 (Macintosh; Intel Mac OS X 10_10_3) AppleWebKit/537.36 (KHTML, like Gecko) Chrome/42.0.2311.135 Safari/537.36
11:56:17 web.1  |   [1m[35mCountry Load (0.6ms)[0m  SELECT  "countries".* FROM "countries"  WHERE "countries"."alpha2" = 'gb' LIMIT 1
11:56:17 web.1  |   [1m[36mArea Load (0.4ms)[0m  [1mSELECT  "areas".* FROM "areas"  WHERE "areas"."country_id" = $1 AND "areas"."slug" = 'aberaman'  ORDER BY name ASC LIMIT 1[0m  [["country_id", 1]]
11:56:17 web.1  | Completed 200 OK in 32ms (Views: 9.9ms | ActiveRecord: 1.1ms)
11:56:17 web.1  | Oink Action: areas#show
11:56:17 web.1  | Memory usage: 2638764 | PID: 40432
11:56:17 web.1  | Instantiation Breakdown: Total: 6 | Country: 3 | Area: 3
11:56:17 web.1  | Oink Log Entry Complete
11:56:17 web.1  | [40432] 127.0.0.1 - - [16/May/2015 11:56:17] "GET /places/gb/areas/aberaman.json HTTP/1.1" 200 - 0.5442
11:56:19 web.1  | Processing by AreasController#show as JSON
11:56:19 web.1  |   Parameters: {"country_id"=>"gb", "id"=>"aberaman"}
11:56:19 web.1  | USERAGENT: /places/gb/areas/aberaman.json Mozilla/5.0 (Macintosh; Intel Mac OS X 10_10_3) AppleWebKit/537.36 (KHTML, like Gecko) Chrome/42.0.2311.135 Safari/537.36
11:56:19 web.1  |   [1m[35mCountry Load (1.7ms)[0m  SELECT  "countries".* FROM "countries"  WHERE "countries"."alpha2" = 'gb' LIMIT 1
11:56:19 web.1  |   [1m[36mArea Load (0.5ms)[0m  [1mSELECT  "areas".* FROM "areas"  WHERE "areas"."country_id" = $1 AND "areas"."slug" = 'aberaman'  ORDER BY name ASC LIMIT 1[0m  [["country_id", 1]]
11:56:19 web.1  | Completed 200 OK in 134ms (Views: 4.9ms | ActiveRecord: 12.0ms)
11:56:19 web.1  | Oink Action: areas#show
11:56:19 web.1  | Memory usage: 2638248 | PID: 40431
11:56:19 web.1  | Instantiation Breakdown: Total: 2 | Country: 1 | Area: 1
11:56:19 web.1  | Oink Log Entry Complete
11:56:19 web.1  | [40431] 127.0.0.1 - - [16/May/2015 11:56:19] "GET /places/gb/areas/aberaman.json HTTP/1.1" 304 - 2.0815
11:56:24 web.1  | Started GET "/places/gb/areas/aberaman.geojson" for 127.0.0.1 at 2015-05-16 11:56:24 +0100
11:56:24 web.1  | Processing by AreasController#show as GEOJSON
11:56:24 web.1  |   Parameters: {"country_id"=>"gb", "id"=>"aberaman"}
11:56:24 web.1  | USERAGENT: /places/gb/areas/aberaman.geojson Mozilla/5.0 (Macintosh; Intel Mac OS X 10_10_3) AppleWebKit/537.36 (KHTML, like Gecko) Chrome/42.0.2311.135 Safari/537.36
11:56:24 web.1  |   [1m[35mCountry Load (0.7ms)[0m  SELECT  "countries".* FROM "countries"  WHERE "countries"."alpha2" = 'gb' LIMIT 1
11:56:24 web.1  |   [1m[36mArea Load (0.5ms)[0m  [1mSELECT  "areas".* FROM "areas"  WHERE "areas"."country_id" = $1 AND "areas"."slug" = 'aberaman'  ORDER BY name ASC LIMIT 1[0m  [["country_id", 1]]
11:56:24 web.1  | Completed 200 OK in 38ms (Views: 0.7ms | ActiveRecord: 1.2ms)
11:56:24 web.1  | Oink Action: areas#show
11:56:24 web.1  | Memory usage: 2638764 | PID: 40432
11:56:24 web.1  | Instantiation Breakdown: Total: 2 | Country: 1 | Area: 1
11:56:24 web.1  | Oink Log Entry Complete
11:56:24 web.1  | [40432] 127.0.0.1 - - [16/May/2015 11:56:24] "GET /places/gb/areas/aberaman.geojson HTTP/1.1" 304 - 0.1337
11:56:30 web.1  | Started GET "/places/gb/areas/aberaman" for 127.0.0.1 at 2015-05-16 11:56:30 +0100
11:56:30 web.1  | Processing by AreasController#show as HTML
11:56:30 web.1  |   Parameters: {"country_id"=>"gb", "id"=>"aberaman"}
11:56:30 web.1  | USERAGENT: /places/gb/areas/aberaman Mozilla/5.0 (Macintosh; Intel Mac OS X 10_10_3) AppleWebKit/537.36 (KHTML, like Gecko) Chrome/42.0.2311.135 Safari/537.36
11:56:30 web.1  |   [1m[35mCountry Load (0.6ms)[0m  SELECT  "countries".* FROM "countries"  WHERE "countries"."alpha2" = 'gb' LIMIT 1
11:56:30 web.1  |   [1m[36mArea Load (0.5ms)[0m  [1mSELECT  "areas".* FROM "areas"  WHERE "areas"."country_id" = $1 AND "areas"."slug" = 'aberaman'  ORDER BY name ASC LIMIT 1[0m  [["country_id", 1]]
11:56:31 web.1  |   Rendered areas/show.html.erb within layouts/application (8.5ms)
11:56:31 web.1  | Completed 200 OK in 293ms (Views: 279.1ms | ActiveRecord: 1.1ms)
11:56:31 web.1  | Oink Action: areas#show
11:56:31 web.1  | Memory usage: 2638764 | PID: 40432
11:56:31 web.1  | Instantiation Breakdown: Total: 2 | Country: 1 | Area: 1
11:56:31 web.1  | Oink Log Entry Complete
11:56:31 web.1  | [40432] 127.0.0.1 - - [16/May/2015 11:56:31] "GET /places/gb/areas/aberaman HTTP/1.1" 304 - 0.3853
11:56:31 web.1  | Started GET "/assets/application.css" for 127.0.0.1 at 2015-05-16 11:56:31 +0100
11:56:31 web.1  | Started GET "/assets/application.js" for 127.0.0.1 at 2015-05-16 11:56:31 +0100
11:56:31 web.1  | Memory usage: 2638764 | PID: 40432
11:56:31 web.1  | Instantiation Breakdown: Total: 0
11:56:31 web.1  | Oink Log Entry Complete
11:56:31 web.1  | [40432] 127.0.0.1 - - [16/May/2015 11:56:31] "GET /application.css HTTP/1.1" 304 - 0.0981
11:56:31 web.1  | Memory usage: 2638248 | PID: 40431
11:56:31 web.1  | Instantiation Breakdown: Total: 0
11:56:31 web.1  | Oink Log Entry Complete
11:56:31 web.1  | [40431] 127.0.0.1 - - [16/May/2015 11:56:31] "GET /application.js HTTP/1.1" 304 - 0.1207
11:56:31 web.1  | Started GET "/assets/openplaques.png" for 127.0.0.1 at 2015-05-16 11:56:31 +0100
11:56:31 web.1  | Memory usage: 2638248 | PID: 40431
11:56:31 web.1  | Instantiation Breakdown: Total: 0
11:56:31 web.1  | Oink Log Entry Complete
11:56:31 web.1  | [40431] 127.0.0.1 - - [16/May/2015 11:56:31] "GET /openplaques.png HTTP/1.1" 304 - 0.1857
11:56:31 web.1  | Started GET "/assets/icon_search.png" for 127.0.0.1 at 2015-05-16 11:56:31 +0100
11:56:31 web.1  | Memory usage: 2638248 | PID: 40431
11:56:31 web.1  | Instantiation Breakdown: Total: 0
11:56:31 web.1  | Oink Log Entry Complete
11:56:31 web.1  | [40431] 127.0.0.1 - - [16/May/2015 11:56:31] "GET /icon_search.png HTTP/1.1" 304 - 0.0683
11:56:37 web.1  | Started GET "/places/gb/areas/aberaman/plaques" for 127.0.0.1 at 2015-05-16 11:56:37 +0100
11:56:37 web.1  | Processing by AreaPlaquesController#show as HTML
11:56:37 web.1  |   Parameters: {"country_id"=>"gb", "area_id"=>"aberaman"}
11:56:37 web.1  | USERAGENT: /places/gb/areas/aberaman/plaques Mozilla/5.0 (Macintosh; Intel Mac OS X 10_10_3) AppleWebKit/537.36 (KHTML, like Gecko) Chrome/42.0.2311.135 Safari/537.36
11:56:37 web.1  |   [1m[35mCountry Load (0.6ms)[0m  SELECT  "countries".* FROM "countries"  WHERE "countries"."alpha2" = 'gb' LIMIT 1
11:56:37 web.1  |   [1m[36mArea Load (0.6ms)[0m  [1mSELECT  "areas".* FROM "areas"  WHERE "areas"."country_id" = $1 AND "areas"."slug" = 'aberaman'  ORDER BY name ASC LIMIT 1[0m  [["country_id", 1]]
11:56:37 web.1  |   [1m[35m (0.5ms)[0m  SELECT COUNT(*) FROM "plaques"  WHERE "plaques"."area_id" = $1  [["area_id", 476]]
11:56:37 web.1  |   [1m[36mPlaque Load (0.7ms)[0m  [1mSELECT  "plaques".* FROM "plaques"  WHERE "plaques"."area_id" = $1 LIMIT 50 OFFSET 0[0m  [["area_id", 476]]
11:56:38 web.1  |   [1m[35mPhoto Load (0.4ms)[0m  SELECT  "photos".* FROM "photos"  WHERE "photos"."plaque_id" = $1 AND "photos"."of_a_plaque" = 't'  ORDER BY shot ASC LIMIT 1  [["plaque_id", 4856]]
11:56:38 web.1  |   [1m[36mCACHE (0.0ms)[0m  [1mSELECT  "photos".* FROM "photos"  WHERE "photos"."plaque_id" = $1 AND "photos"."of_a_plaque" = 't'  ORDER BY shot ASC LIMIT 1[0m  [["plaque_id", 4856]]
11:56:38 web.1  |   Rendered plaques/_tile.erb (150.1ms)
11:56:38 web.1  |   [1m[35mPersonalConnection Load (0.4ms)[0m  SELECT "personal_connections".* FROM "personal_connections"  WHERE "personal_connections"."plaque_id" = $1  [["plaque_id", 4856]]
11:56:38 web.1  |   [1m[36mPerson Load (0.4ms)[0m  [1mSELECT  "people".* FROM "people"  WHERE "people"."id" = $1 LIMIT 1[0m  [["id", 2934]]
11:56:38 web.1  |   [1m[35mPersonalRole Load (0.2ms)[0m  SELECT "personal_roles".* FROM "personal_roles"  WHERE "personal_roles"."person_id" = $1  [["person_id", 2934]]
11:56:38 web.1  |   [1m[36mRole Load (0.3ms)[0m  [1mSELECT  "roles".* FROM "roles"  WHERE "roles"."id" = $1 LIMIT 1[0m  [["id", 2968]]
11:56:38 web.1  |   [1m[35mRole Load (0.3ms)[0m  SELECT "roles".* FROM "roles" INNER JOIN "personal_roles" ON "roles"."id" = "personal_roles"."role_id" WHERE "personal_roles"."person_id" = $1  [["person_id", 2934]]
11:56:38 web.1  |   [1m[36mLanguage Load (0.3ms)[0m  [1mSELECT  "languages".* FROM "languages"  WHERE "languages"."id" = $1 LIMIT 1[0m  [["id", 1]]
11:56:38 web.1  |   Rendered plaques/_plaque.erb (480.5ms)
11:56:38 web.1  |   Rendered area_plaques/show.html.erb within layouts/application (611.4ms)
11:56:38 web.1  | Completed 200 OK in 851ms (Views: 659.0ms | ActiveRecord: 21.2ms)
11:56:38 web.1  | Oink Action: area_plaques#show
11:56:38 web.1  | Memory usage: 2638248 | PID: 40431
11:56:38 web.1  | Instantiation Breakdown: Total: 9 | Role: 2 | Person: 1 | Plaque: 1 | PersonalConnection: 1 | Area: 1 | PersonalRole: 1 | Country: 1 | Language: 1
11:56:38 web.1  | Oink Log Entry Complete
11:56:38 web.1  | [40431] 127.0.0.1 - - [16/May/2015 11:56:38] "GET /places/gb/areas/aberaman/plaques HTTP/1.1" 200 - 1.0976
11:56:38 web.1  | Started GET "/assets/application.css" for 127.0.0.1 at 2015-05-16 11:56:38 +0100
11:56:38 web.1  | Started GET "/assets/openplaques.png" for 127.0.0.1 at 2015-05-16 11:56:38 +0100
11:56:38 web.1  | Memory usage: 2638764 | PID: 40432
11:56:38 web.1  | Instantiation Breakdown: Total: 0
11:56:38 web.1  | Oink Log Entry Complete
11:56:38 web.1  | [40432] 127.0.0.1 - - [16/May/2015 11:56:38] "GET /openplaques.png HTTP/1.1" 304 - 0.0725
11:56:38 web.1  | Started GET "/assets/NoPhotoSqr.png" for 127.0.0.1 at 2015-05-16 11:56:38 +0100
11:56:38 web.1  | Memory usage: 2638248 | PID: 40431
11:56:38 web.1  | Instantiation Breakdown: Total: 0
11:56:38 web.1  | Oink Log Entry Complete
11:56:38 web.1  | Started GET "/assets/application.js" for 127.0.0.1 at 2015-05-16 11:56:38 +0100
11:56:38 web.1  | [40431] 127.0.0.1 - - [16/May/2015 11:56:38] "GET /application.css HTTP/1.1" 304 - 0.1314
11:56:38 web.1  | Memory usage: 2638764 | PID: 40432
11:56:38 web.1  | Instantiation Breakdown: Total: 0
11:56:38 web.1  | Oink Log Entry Complete
11:56:38 web.1  | [40432] 127.0.0.1 - - [16/May/2015 11:56:38] "GET /NoPhotoSqr.png HTTP/1.1" 304 - 0.0746
11:56:38 web.1  | Memory usage: 2638248 | PID: 40431
11:56:38 web.1  | Instantiation Breakdown: Total: 0
11:56:38 web.1  | Oink Log Entry Complete
11:56:38 web.1  | [40431] 127.0.0.1 - - [16/May/2015 11:56:38] "GET /application.js HTTP/1.1" 304 - 0.1657
11:56:38 web.1  | Started GET "/assets/icon_search.png" for 127.0.0.1 at 2015-05-16 11:56:38 +0100
11:56:38 web.1  | Memory usage: 2638248 | PID: 40431
11:56:38 web.1  | Instantiation Breakdown: Total: 0
11:56:38 web.1  | Oink Log Entry Complete
11:56:38 web.1  | [40431] 127.0.0.1 - - [16/May/2015 11:56:38] "GET /icon_search.png HTTP/1.1" 304 - 0.0689
11:56:39 web.1  | Started GET "/plaques/tiles/14/8036/5433.json" for 127.0.0.1 at 2015-05-16 11:56:39 +0100
11:56:39 web.1  | Started GET "/plaques/tiles/14/8036/5434.json" for 127.0.0.1 at 2015-05-16 11:56:39 +0100
11:56:39 web.1  | Processing by PlaquesController#index as JSON
11:56:39 web.1  |   Parameters: {"zoom"=>"14", "x"=>"8036", "y"=>"5433"}
11:56:39 web.1  | USERAGENT: /plaques/tiles/14/8036/5433.json Mozilla/5.0 (Macintosh; Intel Mac OS X 10_10_3) AppleWebKit/537.36 (KHTML, like Gecko) Chrome/42.0.2311.135 Safari/537.36
11:56:39 web.1  | select all plaques
11:56:39 web.1  | asking for a tile of data
11:56:39 web.1  | Processing by PlaquesController#index as JSON
11:56:39 web.1  |   Parameters: {"zoom"=>"14", "x"=>"8036", "y"=>"5434"}
11:56:39 web.1  | USERAGENT: /plaques/tiles/14/8036/5434.json Mozilla/5.0 (Macintosh; Intel Mac OS X 10_10_3) AppleWebKit/537.36 (KHTML, like Gecko) Chrome/42.0.2311.135 Safari/537.36
11:56:39 web.1  | select all plaques
11:56:39 web.1  | asking for a tile of data
11:56:39 web.1  | Rails query /plaques/tiles/14/8036/5433
11:56:39 web.1  | Rails query /plaques/tiles/14/8036/5434
11:56:39 web.1  |   [1m[35mPlaque Load (132.1ms)[0m  SELECT "plaques"."id", "plaques"."inscription", "plaques"."latitude", "plaques"."longitude", "plaques"."is_accurate_geolocation" FROM "plaques"  WHERE ("plaques"."latitude" BETWEEN 51.69979984974195 AND 51.7134160524176) AND ("plaques"."longitude" BETWEEN -3.427734375 AND -3.40576171875)
11:56:39 web.1  |   [1m[35mPlaque Load (131.4ms)[0m  SELECT "plaques"."id", "plaques"."inscription", "plaques"."latitude", "plaques"."longitude", "plaques"."is_accurate_geolocation" FROM "plaques"  WHERE ("plaques"."latitude" BETWEEN 51.68617954855624 AND 51.69979984974195) AND ("plaques"."longitude" BETWEEN -3.427734375 AND -3.40576171875)
11:56:39 web.1  | Completed 200 OK in 285ms (Views: 0.4ms | ActiveRecord: 131.4ms)
11:56:39 web.1  | Oink Action: plaques#index
11:56:39 web.1  | Completed 200 OK in 299ms (Views: 0.5ms | ActiveRecord: 132.1ms)
11:56:39 web.1  | Oink Action: plaques#index
11:56:39 web.1  | Memory usage: 2638764 | PID: 40432
11:56:39 web.1  | Instantiation Breakdown: Total: 1 | Plaque: 1
11:56:39 web.1  | Oink Log Entry Complete
11:56:39 web.1  | Memory usage: 2638248 | PID: 40431
11:56:39 web.1  | Instantiation Breakdown: Total: 0
11:56:39 web.1  | Oink Log Entry Complete
11:56:39 web.1  | Started GET "/plaques/tiles/14/8035/5433.json" for 127.0.0.1 at 2015-05-16 11:56:39 +0100
11:56:39 web.1  | [40432] 127.0.0.1 - - [16/May/2015 11:56:39] "GET /plaques/tiles/14/8036/5433.json HTTP/1.1" 304 - 0.5491
11:56:39 web.1  | Started GET "/plaques/tiles/14/8037/5433.json" for 127.0.0.1 at 2015-05-16 11:56:39 +0100
11:56:39 web.1  | [40431] 127.0.0.1 - - [16/May/2015 11:56:39] "GET /plaques/tiles/14/8036/5434.json HTTP/1.1" 304 - 0.6241
11:56:39 web.1  | Processing by PlaquesController#index as JSON
11:56:39 web.1  |   Parameters: {"zoom"=>"14", "x"=>"8037", "y"=>"5433"}
11:56:39 web.1  | USERAGENT: /plaques/tiles/14/8037/5433.json Mozilla/5.0 (Macintosh; Intel Mac OS X 10_10_3) AppleWebKit/537.36 (KHTML, like Gecko) Chrome/42.0.2311.135 Safari/537.36
11:56:39 web.1  | select all plaques
11:56:39 web.1  | asking for a tile of data
11:56:39 web.1  | Rails query /plaques/tiles/14/8037/5433
11:56:39 web.1  | Processing by PlaquesController#index as JSON
11:56:39 web.1  |   Parameters: {"zoom"=>"14", "x"=>"8035", "y"=>"5433"}
11:56:39 web.1  | USERAGENT: /plaques/tiles/14/8035/5433.json Mozilla/5.0 (Macintosh; Intel Mac OS X 10_10_3) AppleWebKit/537.36 (KHTML, like Gecko) Chrome/42.0.2311.135 Safari/537.36
11:56:39 web.1  | select all plaques
11:56:39 web.1  | asking for a tile of data
11:56:39 web.1  | Rails query /plaques/tiles/14/8035/5433
11:56:39 web.1  |   [1m[36mPlaque Load (4.1ms)[0m  [1mSELECT "plaques"."id", "plaques"."inscription", "plaques"."latitude", "plaques"."longitude", "plaques"."is_accurate_geolocation" FROM "plaques"  WHERE ("plaques"."latitude" BETWEEN 51.69979984974195 AND 51.7134160524176) AND ("plaques"."longitude" BETWEEN -3.40576171875 AND -3.3837890625)[0m
11:56:39 web.1  |   [1m[36mPlaque Load (3.2ms)[0m  [1mSELECT "plaques"."id", "plaques"."inscription", "plaques"."latitude", "plaques"."longitude", "plaques"."is_accurate_geolocation" FROM "plaques"  WHERE ("plaques"."latitude" BETWEEN 51.69979984974195 AND 51.7134160524176) AND ("plaques"."longitude" BETWEEN -3.44970703125 AND -3.427734375)[0m
11:56:39 web.1  | Completed 200 OK in 18ms (Views: 0.5ms | ActiveRecord: 3.2ms)
11:56:39 web.1  | Completed 200 OK in 20ms (Views: 0.5ms | ActiveRecord: 4.1ms)
11:56:39 web.1  | Oink Action: plaques#index
11:56:39 web.1  | Oink Action: plaques#index
11:56:39 web.1  | Memory usage: 2638248 | PID: 40431
11:56:39 web.1  | Instantiation Breakdown: Total: 0
11:56:39 web.1  | Oink Log Entry Complete
11:56:39 web.1  | [40431] 127.0.0.1 - - [16/May/2015 11:56:39] "GET /plaques/tiles/14/8037/5433.json HTTP/1.1" 304 - 0.5577
11:56:39 web.1  | Memory usage: 2638764 | PID: 40432
11:56:39 web.1  | Instantiation Breakdown: Total: 0
11:56:39 web.1  | Oink Log Entry Complete
11:56:39 web.1  | [40432] 127.0.0.1 - - [16/May/2015 11:56:39] "GET /plaques/tiles/14/8035/5433.json HTTP/1.1" 304 - 0.6359
11:56:39 web.1  | Started GET "/plaques/tiles/14/8036/5432.json" for 127.0.0.1 at 2015-05-16 11:56:39 +0100
11:56:39 web.1  | Started GET "/plaques/tiles/14/8038/5433.json" for 127.0.0.1 at 2015-05-16 11:56:39 +0100
11:56:39 web.1  | Processing by PlaquesController#index as JSON
11:56:39 web.1  |   Parameters: {"zoom"=>"14", "x"=>"8036", "y"=>"5432"}
11:56:39 web.1  | USERAGENT: /plaques/tiles/14/8036/5432.json Mozilla/5.0 (Macintosh; Intel Mac OS X 10_10_3) AppleWebKit/537.36 (KHTML, like Gecko) Chrome/42.0.2311.135 Safari/537.36
11:56:39 web.1  | select all plaques
11:56:39 web.1  | asking for a tile of data
11:56:39 web.1  | Rails query /plaques/tiles/14/8036/5432
11:56:39 web.1  |   [1m[35mPlaque Load (4.8ms)[0m  SELECT "plaques"."id", "plaques"."inscription", "plaques"."latitude", "plaques"."longitude", "plaques"."is_accurate_geolocation" FROM "plaques"  WHERE ("plaques"."latitude" BETWEEN 51.7134160524176 AND 51.72702815704774) AND ("plaques"."longitude" BETWEEN -3.427734375 AND -3.40576171875)
11:56:39 web.1  | Completed 200 OK in 69ms (Views: 0.5ms | ActiveRecord: 4.8ms)
11:56:39 web.1  | Processing by PlaquesController#index as JSON
11:56:39 web.1  |   Parameters: {"zoom"=>"14", "x"=>"8038", "y"=>"5433"}
11:56:39 web.1  | USERAGENT: /plaques/tiles/14/8038/5433.json Mozilla/5.0 (Macintosh; Intel Mac OS X 10_10_3) AppleWebKit/537.36 (KHTML, like Gecko) Chrome/42.0.2311.135 Safari/537.36
11:56:39 web.1  | select all plaques
11:56:39 web.1  | asking for a tile of data
11:56:39 web.1  | Rails query /plaques/tiles/14/8038/5433
11:56:39 web.1  |   [1m[35mPlaque Load (0.7ms)[0m  SELECT "plaques"."id", "plaques"."inscription", "plaques"."latitude", "plaques"."longitude", "plaques"."is_accurate_geolocation" FROM "plaques"  WHERE ("plaques"."latitude" BETWEEN 51.69979984974195 AND 51.7134160524176) AND ("plaques"."longitude" BETWEEN -3.3837890625 AND -3.36181640625)
11:56:39 web.1  | Oink Action: plaques#index
11:56:39 web.1  | Completed 200 OK in 16ms (Views: 0.5ms | ActiveRecord: 0.7ms)
11:56:39 web.1  | Oink Action: plaques#index
11:56:39 web.1  | Memory usage: 2638764 | PID: 40432
11:56:39 web.1  | Instantiation Breakdown: Total: 0
11:56:39 web.1  | Oink Log Entry Complete
11:56:39 web.1  | Memory usage: 2638248 | PID: 40431
11:56:39 web.1  | Instantiation Breakdown: Total: 0
11:56:39 web.1  | Oink Log Entry Complete
11:56:39 web.1  | [40432] 127.0.0.1 - - [16/May/2015 11:56:39] "GET /plaques/tiles/14/8038/5433.json HTTP/1.1" 304 - 0.2538
11:56:39 web.1  | Started GET "/plaques/tiles/14/8036/5435.json" for 127.0.0.1 at 2015-05-16 11:56:39 +0100
11:56:40 web.1  | [40431] 127.0.0.1 - - [16/May/2015 11:56:40] "GET /plaques/tiles/14/8036/5432.json HTTP/1.1" 304 - 0.3395
11:56:40 web.1  | Started GET "/plaques/tiles/14/8037/5432.json" for 127.0.0.1 at 2015-05-16 11:56:40 +0100
11:56:40 web.1  | Processing by PlaquesController#index as JSON
11:56:40 web.1  |   Parameters: {"zoom"=>"14", "x"=>"8036", "y"=>"5435"}
11:56:40 web.1  | USERAGENT: /plaques/tiles/14/8036/5435.json Mozilla/5.0 (Macintosh; Intel Mac OS X 10_10_3) AppleWebKit/537.36 (KHTML, like Gecko) Chrome/42.0.2311.135 Safari/537.36
11:56:40 web.1  | select all plaques
11:56:40 web.1  | asking for a tile of data
11:56:40 web.1  | Rails query /plaques/tiles/14/8036/5435
11:56:40 web.1  |   [1m[36mPlaque Load (1.0ms)[0m  [1mSELECT "plaques"."id", "plaques"."inscription", "plaques"."latitude", "plaques"."longitude", "plaques"."is_accurate_geolocation" FROM "plaques"  WHERE ("plaques"."latitude" BETWEEN 51.67255514839675 AND 51.68617954855624) AND ("plaques"."longitude" BETWEEN -3.427734375 AND -3.40576171875)[0m
11:56:40 web.1  | Completed 200 OK in 14ms (Views: 2.0ms | ActiveRecord: 1.0ms)
11:56:40 web.1  | Oink Action: plaques#index
11:56:40 web.1  | Memory usage: 2638764 | PID: 40432
11:56:40 web.1  | Instantiation Breakdown: Total: 0
11:56:40 web.1  | Oink Log Entry Complete
11:56:40 web.1  | [40432] 127.0.0.1 - - [16/May/2015 11:56:40] "GET /plaques/tiles/14/8036/5435.json HTTP/1.1" 304 - 0.4292
11:56:40 web.1  | Started GET "/plaques/tiles/14/8037/5435.json" for 127.0.0.1 at 2015-05-16 11:56:40 +0100
11:56:40 web.1  | Processing by PlaquesController#index as JSON
11:56:40 web.1  |   Parameters: {"zoom"=>"14", "x"=>"8037", "y"=>"5435"}
11:56:40 web.1  | USERAGENT: /plaques/tiles/14/8037/5435.json Mozilla/5.0 (Macintosh; Intel Mac OS X 10_10_3) AppleWebKit/537.36 (KHTML, like Gecko) Chrome/42.0.2311.135 Safari/537.36
11:56:40 web.1  | select all plaques
11:56:40 web.1  | asking for a tile of data
11:56:40 web.1  | Rails query /plaques/tiles/14/8037/5435
11:56:40 web.1  |   [1m[35mPlaque Load (0.6ms)[0m  SELECT "plaques"."id", "plaques"."inscription", "plaques"."latitude", "plaques"."longitude", "plaques"."is_accurate_geolocation" FROM "plaques"  WHERE ("plaques"."latitude" BETWEEN 51.67255514839675 AND 51.68617954855624) AND ("plaques"."longitude" BETWEEN -3.40576171875 AND -3.3837890625)
11:56:40 web.1  | Completed 200 OK in 11ms (Views: 0.4ms | ActiveRecord: 0.6ms)
11:56:40 web.1  | Oink Action: plaques#index
11:56:40 web.1  | Processing by PlaquesController#index as JSON
11:56:40 web.1  |   Parameters: {"zoom"=>"14", "x"=>"8037", "y"=>"5432"}
11:56:40 web.1  | USERAGENT: /plaques/tiles/14/8037/5432.json Mozilla/5.0 (Macintosh; Intel Mac OS X 10_10_3) AppleWebKit/537.36 (KHTML, like Gecko) Chrome/42.0.2311.135 Safari/537.36
11:56:40 web.1  | select all plaques
11:56:40 web.1  | asking for a tile of data
11:56:40 web.1  | Rails query /plaques/tiles/14/8037/5432
11:56:40 web.1  |   [1m[36mPlaque Load (0.7ms)[0m  [1mSELECT "plaques"."id", "plaques"."inscription", "plaques"."latitude", "plaques"."longitude", "plaques"."is_accurate_geolocation" FROM "plaques"  WHERE ("plaques"."latitude" BETWEEN 51.7134160524176 AND 51.72702815704774) AND ("plaques"."longitude" BETWEEN -3.40576171875 AND -3.3837890625)[0m
11:56:40 web.1  | Completed 200 OK in 14ms (Views: 0.4ms | ActiveRecord: 0.7ms)
11:56:40 web.1  | Oink Action: plaques#index
11:56:40 web.1  | Memory usage: 2638764 | PID: 40432
11:56:40 web.1  | Instantiation Breakdown: Total: 0
11:56:40 web.1  | Oink Log Entry Complete
11:56:40 web.1  | Memory usage: 2638248 | PID: 40431
11:56:40 web.1  | Instantiation Breakdown: Total: 0
11:56:40 web.1  | Oink Log Entry Complete
11:56:40 web.1  | Started GET "/plaques/tiles/14/8035/5435.json" for 127.0.0.1 at 2015-05-16 11:56:40 +0100
11:56:40 web.1  | [40431] 127.0.0.1 - - [16/May/2015 11:56:40] "GET /plaques/tiles/14/8037/5432.json HTTP/1.1" 304 - 0.5908
11:56:40 web.1  | Started GET "/plaques/tiles/14/8038/5434.json" for 127.0.0.1 at 2015-05-16 11:56:40 +0100
11:56:40 web.1  | Processing by PlaquesController#index as JSON
11:56:40 web.1  |   Parameters: {"zoom"=>"14", "x"=>"8038", "y"=>"5434"}
11:56:40 web.1  | USERAGENT: /plaques/tiles/14/8038/5434.json Mozilla/5.0 (Macintosh; Intel Mac OS X 10_10_3) AppleWebKit/537.36 (KHTML, like Gecko) Chrome/42.0.2311.135 Safari/537.36
11:56:40 web.1  | select all plaques
11:56:40 web.1  | asking for a tile of data
11:56:40 web.1  | Rails query /plaques/tiles/14/8038/5434
11:56:40 web.1  |   [1m[35mPlaque Load (0.6ms)[0m  SELECT "plaques"."id", "plaques"."inscription", "plaques"."latitude", "plaques"."longitude", "plaques"."is_accurate_geolocation" FROM "plaques"  WHERE ("plaques"."latitude" BETWEEN 51.68617954855624 AND 51.69979984974195) AND ("plaques"."longitude" BETWEEN -3.3837890625 AND -3.36181640625)
11:56:40 web.1  | [40432] 127.0.0.1 - - [16/May/2015 11:56:40] "GET /plaques/tiles/14/8037/5435.json HTTP/1.1" 304 - 0.3135
11:56:40 web.1  | Processing by PlaquesController#index as JSON
11:56:40 web.1  |   Parameters: {"zoom"=>"14", "x"=>"8035", "y"=>"5435"}
11:56:40 web.1  | USERAGENT: /plaques/tiles/14/8035/5435.json Mozilla/5.0 (Macintosh; Intel Mac OS X 10_10_3) AppleWebKit/537.36 (KHTML, like Gecko) Chrome/42.0.2311.135 Safari/537.36
11:56:40 web.1  | select all plaques
11:56:40 web.1  | asking for a tile of data
11:56:40 web.1  | Rails query /plaques/tiles/14/8035/5435
11:56:40 web.1  | Completed 200 OK in 14ms (Views: 0.5ms | ActiveRecord: 0.6ms)
11:56:40 web.1  | Oink Action: plaques#index
11:56:40 web.1  | Memory usage: 2638248 | PID: 40431
11:56:40 web.1  | Instantiation Breakdown: Total: 0
11:56:40 web.1  | Oink Log Entry Complete
11:56:40 web.1  |   [1m[36mPlaque Load (0.5ms)[0m  [1mSELECT "plaques"."id", "plaques"."inscription", "plaques"."latitude", "plaques"."longitude", "plaques"."is_accurate_geolocation" FROM "plaques"  WHERE ("plaques"."latitude" BETWEEN 51.67255514839675 AND 51.68617954855624) AND ("plaques"."longitude" BETWEEN -3.44970703125 AND -3.427734375)[0m
11:56:40 web.1  | Completed 200 OK in 25ms (Views: 0.3ms | ActiveRecord: 0.5ms)
11:56:40 web.1  | Oink Action: plaques#index
11:56:40 web.1  | [40431] 127.0.0.1 - - [16/May/2015 11:56:40] "GET /plaques/tiles/14/8038/5434.json HTTP/1.1" 304 - 0.3441
11:56:40 web.1  | Started GET "/plaques/tiles/14/8035/5432.json" for 127.0.0.1 at 2015-05-16 11:56:40 +0100
11:56:40 web.1  | Memory usage: 2638764 | PID: 40432
11:56:40 web.1  | Instantiation Breakdown: Total: 0
11:56:40 web.1  | Oink Log Entry Complete
11:56:40 web.1  | [40432] 127.0.0.1 - - [16/May/2015 11:56:40] "GET /plaques/tiles/14/8035/5435.json HTTP/1.1" 304 - 0.3114
11:56:40 web.1  | Started GET "/plaques/tiles/14/8034/5433.json" for 127.0.0.1 at 2015-05-16 11:56:40 +0100
11:56:40 web.1  | Processing by PlaquesController#index as JSON
11:56:40 web.1  |   Parameters: {"zoom"=>"14", "x"=>"8035", "y"=>"5432"}
11:56:40 web.1  | USERAGENT: /plaques/tiles/14/8035/5432.json Mozilla/5.0 (Macintosh; Intel Mac OS X 10_10_3) AppleWebKit/537.36 (KHTML, like Gecko) Chrome/42.0.2311.135 Safari/537.36
11:56:40 web.1  | select all plaques
11:56:40 web.1  | asking for a tile of data
11:56:40 web.1  | Rails query /plaques/tiles/14/8035/5432
11:56:40 web.1  |   [1m[36mPlaque Load (0.6ms)[0m  [1mSELECT "plaques"."id", "plaques"."inscription", "plaques"."latitude", "plaques"."longitude", "plaques"."is_accurate_geolocation" FROM "plaques"  WHERE ("plaques"."latitude" BETWEEN 51.7134160524176 AND 51.72702815704774) AND ("plaques"."longitude" BETWEEN -3.44970703125 AND -3.427734375)[0m
11:56:40 web.1  | Completed 200 OK in 12ms (Views: 0.9ms | ActiveRecord: 0.6ms)
11:56:40 web.1  | Oink Action: plaques#index
11:56:40 web.1  | Processing by PlaquesController#index as JSON
11:56:40 web.1  |   Parameters: {"zoom"=>"14", "x"=>"8034", "y"=>"5433"}
11:56:40 web.1  | USERAGENT: /plaques/tiles/14/8034/5433.json Mozilla/5.0 (Macintosh; Intel Mac OS X 10_10_3) AppleWebKit/537.36 (KHTML, like Gecko) Chrome/42.0.2311.135 Safari/537.36
11:56:40 web.1  | select all plaques
11:56:40 web.1  | asking for a tile of data
11:56:40 web.1  | Rails query /plaques/tiles/14/8034/5433
11:56:40 web.1  | Memory usage: 2638248 | PID: 40431
11:56:40 web.1  | Instantiation Breakdown: Total: 0
11:56:40 web.1  | Oink Log Entry Complete
11:56:40 web.1  |   [1m[35mPlaque Load (0.8ms)[0m  SELECT "plaques"."id", "plaques"."inscription", "plaques"."latitude", "plaques"."longitude", "plaques"."is_accurate_geolocation" FROM "plaques"  WHERE ("plaques"."latitude" BETWEEN 51.69979984974195 AND 51.7134160524176) AND ("plaques"."longitude" BETWEEN -3.4716796875 AND -3.44970703125)
11:56:40 web.1  | [40431] 127.0.0.1 - - [16/May/2015 11:56:40] "GET /plaques/tiles/14/8035/5432.json HTTP/1.1" 304 - 0.1423
11:56:40 web.1  | Started GET "/plaques/tiles/14/8038/5432.json" for 127.0.0.1 at 2015-05-16 11:56:40 +0100
11:56:40 web.1  | Completed 200 OK in 22ms (Views: 0.4ms | ActiveRecord: 0.8ms)
11:56:40 web.1  | Oink Action: plaques#index
11:56:40 web.1  | Memory usage: 2638764 | PID: 40432
11:56:40 web.1  | Instantiation Breakdown: Total: 0
11:56:40 web.1  | Oink Log Entry Complete
11:56:40 web.1  | [40432] 127.0.0.1 - - [16/May/2015 11:56:40] "GET /plaques/tiles/14/8034/5433.json HTTP/1.1" 304 - 0.1685
11:56:40 web.1  | Started GET "/plaques/tiles/14/8034/5435.json" for 127.0.0.1 at 2015-05-16 11:56:40 +0100
11:56:40 web.1  | Processing by PlaquesController#index as JSON
11:56:40 web.1  |   Parameters: {"zoom"=>"14", "x"=>"8038", "y"=>"5432"}
11:56:40 web.1  | USERAGENT: /plaques/tiles/14/8038/5432.json Mozilla/5.0 (Macintosh; Intel Mac OS X 10_10_3) AppleWebKit/537.36 (KHTML, like Gecko) Chrome/42.0.2311.135 Safari/537.36
11:56:40 web.1  | select all plaques
11:56:40 web.1  | asking for a tile of data
11:56:40 web.1  | Rails query /plaques/tiles/14/8038/5432
11:56:40 web.1  |   [1m[35mPlaque Load (0.6ms)[0m  SELECT "plaques"."id", "plaques"."inscription", "plaques"."latitude", "plaques"."longitude", "plaques"."is_accurate_geolocation" FROM "plaques"  WHERE ("plaques"."latitude" BETWEEN 51.7134160524176 AND 51.72702815704774) AND ("plaques"."longitude" BETWEEN -3.3837890625 AND -3.36181640625)
11:56:40 web.1  | Completed 200 OK in 7ms (Views: 0.3ms | ActiveRecord: 0.6ms)
11:56:40 web.1  | Oink Action: plaques#index
11:56:40 web.1  | Memory usage: 2638248 | PID: 40431
11:56:40 web.1  | Instantiation Breakdown: Total: 0
11:56:40 web.1  | Oink Log Entry Complete
11:56:40 web.1  | [40431] 127.0.0.1 - - [16/May/2015 11:56:40] "GET /plaques/tiles/14/8038/5432.json HTTP/1.1" 304 - 0.0798
11:56:40 web.1  | Started GET "/plaques/tiles/14/8038/5435.json" for 127.0.0.1 at 2015-05-16 11:56:40 +0100
11:56:40 web.1  | Processing by PlaquesController#index as JSON
11:56:40 web.1  |   Parameters: {"zoom"=>"14", "x"=>"8034", "y"=>"5435"}
11:56:40 web.1  | USERAGENT: /plaques/tiles/14/8034/5435.json Mozilla/5.0 (Macintosh; Intel Mac OS X 10_10_3) AppleWebKit/537.36 (KHTML, like Gecko) Chrome/42.0.2311.135 Safari/537.36
11:56:40 web.1  | select all plaques
11:56:40 web.1  | asking for a tile of data
11:56:40 web.1  | Rails query /plaques/tiles/14/8034/5435
11:56:40 web.1  |   [1m[36mPlaque Load (0.6ms)[0m  [1mSELECT "plaques"."id", "plaques"."inscription", "plaques"."latitude", "plaques"."longitude", "plaques"."is_accurate_geolocation" FROM "plaques"  WHERE ("plaques"."latitude" BETWEEN 51.67255514839675 AND 51.68617954855624) AND ("plaques"."longitude" BETWEEN -3.4716796875 AND -3.44970703125)[0m
11:56:40 web.1  | Completed 200 OK in 8ms (Views: 0.3ms | ActiveRecord: 0.6ms)
11:56:40 web.1  | Oink Action: plaques#index
11:56:40 web.1  | Memory usage: 2638764 | PID: 40432
11:56:40 web.1  | Instantiation Breakdown: Total: 0
11:56:40 web.1  | Oink Log Entry Complete
11:56:40 web.1  | [40432] 127.0.0.1 - - [16/May/2015 11:56:40] "GET /plaques/tiles/14/8034/5435.json HTTP/1.1" 304 - 0.0925
11:56:40 web.1  | Started GET "/plaques/tiles/14/8034/5432.json" for 127.0.0.1 at 2015-05-16 11:56:40 +0100
11:56:40 web.1  | Processing by PlaquesController#index as JSON
11:56:40 web.1  |   Parameters: {"zoom"=>"14", "x"=>"8038", "y"=>"5435"}
11:56:40 web.1  | USERAGENT: /plaques/tiles/14/8038/5435.json Mozilla/5.0 (Macintosh; Intel Mac OS X 10_10_3) AppleWebKit/537.36 (KHTML, like Gecko) Chrome/42.0.2311.135 Safari/537.36
11:56:40 web.1  | select all plaques
11:56:40 web.1  | asking for a tile of data
11:56:40 web.1  | Rails query /plaques/tiles/14/8038/5435
11:56:40 web.1  |   [1m[36mPlaque Load (0.7ms)[0m  [1mSELECT "plaques"."id", "plaques"."inscription", "plaques"."latitude", "plaques"."longitude", "plaques"."is_accurate_geolocation" FROM "plaques"  WHERE ("plaques"."latitude" BETWEEN 51.67255514839675 AND 51.68617954855624) AND ("plaques"."longitude" BETWEEN -3.3837890625 AND -3.36181640625)[0m
11:56:40 web.1  | Completed 200 OK in 10ms (Views: 0.5ms | ActiveRecord: 0.7ms)
11:56:40 web.1  | Oink Action: plaques#index
11:56:40 web.1  | Memory usage: 2638248 | PID: 40431
11:56:40 web.1  | Instantiation Breakdown: Total: 1 | Plaque: 1
11:56:40 web.1  | Oink Log Entry Complete
11:56:40 web.1  | [40431] 127.0.0.1 - - [16/May/2015 11:56:40] "GET /plaques/tiles/14/8038/5435.json HTTP/1.1" 304 - 0.0916
11:56:40 web.1  | Started GET "/plaques/tiles/14/8034/5434.json" for 127.0.0.1 at 2015-05-16 11:56:40 +0100
11:56:40 web.1  | Processing by PlaquesController#index as JSON
11:56:40 web.1  |   Parameters: {"zoom"=>"14", "x"=>"8034", "y"=>"5432"}
11:56:40 web.1  | USERAGENT: /plaques/tiles/14/8034/5432.json Mozilla/5.0 (Macintosh; Intel Mac OS X 10_10_3) AppleWebKit/537.36 (KHTML, like Gecko) Chrome/42.0.2311.135 Safari/537.36
11:56:40 web.1  | select all plaques
11:56:40 web.1  | asking for a tile of data
11:56:40 web.1  | Rails query /plaques/tiles/14/8034/5432
11:56:40 web.1  |   [1m[35mPlaque Load (0.6ms)[0m  SELECT "plaques"."id", "plaques"."inscription", "plaques"."latitude", "plaques"."longitude", "plaques"."is_accurate_geolocation" FROM "plaques"  WHERE ("plaques"."latitude" BETWEEN 51.7134160524176 AND 51.72702815704774) AND ("plaques"."longitude" BETWEEN -3.4716796875 AND -3.44970703125)
11:56:40 web.1  | Completed 200 OK in 8ms (Views: 0.4ms | ActiveRecord: 0.6ms)
11:56:40 web.1  | Oink Action: plaques#index
11:56:40 web.1  | Memory usage: 2638764 | PID: 40432
11:56:40 web.1  | Instantiation Breakdown: Total: 0
11:56:40 web.1  | Oink Log Entry Complete
11:56:40 web.1  | [40432] 127.0.0.1 - - [16/May/2015 11:56:40] "GET /plaques/tiles/14/8034/5432.json HTTP/1.1" 304 - 0.2383
11:56:40 web.1  | Processing by PlaquesController#index as JSON
11:56:40 web.1  |   Parameters: {"zoom"=>"14", "x"=>"8034", "y"=>"5434"}
11:56:40 web.1  | USERAGENT: /plaques/tiles/14/8034/5434.json Mozilla/5.0 (Macintosh; Intel Mac OS X 10_10_3) AppleWebKit/537.36 (KHTML, like Gecko) Chrome/42.0.2311.135 Safari/537.36
11:56:40 web.1  | select all plaques
11:56:40 web.1  | asking for a tile of data
11:56:40 web.1  | Rails query /plaques/tiles/14/8034/5434
11:56:40 web.1  |   [1m[35mPlaque Load (0.6ms)[0m  SELECT "plaques"."id", "plaques"."inscription", "plaques"."latitude", "plaques"."longitude", "plaques"."is_accurate_geolocation" FROM "plaques"  WHERE ("plaques"."latitude" BETWEEN 51.68617954855624 AND 51.69979984974195) AND ("plaques"."longitude" BETWEEN -3.4716796875 AND -3.44970703125)
11:56:40 web.1  | Completed 200 OK in 17ms (Views: 0.3ms | ActiveRecord: 0.6ms)
11:56:40 web.1  | Oink Action: plaques#index
11:56:40 web.1  | Memory usage: 2638248 | PID: 40431
11:56:40 web.1  | Instantiation Breakdown: Total: 0
11:56:40 web.1  | Oink Log Entry Complete
11:56:40 web.1  | [40431] 127.0.0.1 - - [16/May/2015 11:56:40] "GET /plaques/tiles/14/8034/5434.json HTTP/1.1" 304 - 0.2908
11:56:40 web.1  | Started GET "/plaques/tiles/14/8035/5434.json" for 127.0.0.1 at 2015-05-16 11:56:40 +0100
11:56:40 web.1  | Processing by PlaquesController#index as JSON
11:56:40 web.1  |   Parameters: {"zoom"=>"14", "x"=>"8035", "y"=>"5434"}
11:56:40 web.1  | USERAGENT: /plaques/tiles/14/8035/5434.json Mozilla/5.0 (Macintosh; Intel Mac OS X 10_10_3) AppleWebKit/537.36 (KHTML, like Gecko) Chrome/42.0.2311.135 Safari/537.36
11:56:40 web.1  | select all plaques
11:56:40 web.1  | asking for a tile of data
11:56:40 web.1  | Rails query /plaques/tiles/14/8035/5434
11:56:40 web.1  |   [1m[36mPlaque Load (0.6ms)[0m  [1mSELECT "plaques"."id", "plaques"."inscription", "plaques"."latitude", "plaques"."longitude", "plaques"."is_accurate_geolocation" FROM "plaques"  WHERE ("plaques"."latitude" BETWEEN 51.68617954855624 AND 51.69979984974195) AND ("plaques"."longitude" BETWEEN -3.44970703125 AND -3.427734375)[0m
11:56:40 web.1  | Completed 200 OK in 9ms (Views: 0.4ms | ActiveRecord: 0.6ms)
11:56:40 web.1  | Oink Action: plaques#index
11:56:40 web.1  | Memory usage: 2638764 | PID: 40432
11:56:40 web.1  | Instantiation Breakdown: Total: 0
11:56:40 web.1  | Oink Log Entry Complete
11:56:40 web.1  | [40432] 127.0.0.1 - - [16/May/2015 11:56:40] "GET /plaques/tiles/14/8035/5434.json HTTP/1.1" 304 - 0.0739
11:56:40 web.1  | Started GET "/plaques/tiles/14/8037/5434.json" for 127.0.0.1 at 2015-05-16 11:56:40 +0100
11:56:40 web.1  | Processing by PlaquesController#index as JSON
11:56:40 web.1  |   Parameters: {"zoom"=>"14", "x"=>"8037", "y"=>"5434"}
11:56:40 web.1  | USERAGENT: /plaques/tiles/14/8037/5434.json Mozilla/5.0 (Macintosh; Intel Mac OS X 10_10_3) AppleWebKit/537.36 (KHTML, like Gecko) Chrome/42.0.2311.135 Safari/537.36
11:56:40 web.1  | select all plaques
11:56:40 web.1  | asking for a tile of data
11:56:40 web.1  | Rails query /plaques/tiles/14/8037/5434
11:56:40 web.1  |   [1m[35mPlaque Load (0.6ms)[0m  SELECT "plaques"."id", "plaques"."inscription", "plaques"."latitude", "plaques"."longitude", "plaques"."is_accurate_geolocation" FROM "plaques"  WHERE ("plaques"."latitude" BETWEEN 51.68617954855624 AND 51.69979984974195) AND ("plaques"."longitude" BETWEEN -3.40576171875 AND -3.3837890625)
11:56:40 web.1  | Completed 200 OK in 10ms (Views: 0.3ms | ActiveRecord: 0.6ms)
11:56:40 web.1  | Oink Action: plaques#index
11:56:40 web.1  | Memory usage: 2638764 | PID: 40432
11:56:40 web.1  | Instantiation Breakdown: Total: 0
11:56:40 web.1  | Oink Log Entry Complete
11:56:40 web.1  | [40432] 127.0.0.1 - - [16/May/2015 11:56:40] "GET /plaques/tiles/14/8037/5434.json HTTP/1.1" 304 - 0.0668
11:56:47 web.1  | Started GET "/places/gb/areas/aberaman/plaques.json" for 127.0.0.1 at 2015-05-16 11:56:47 +0100
11:56:47 web.1  | Processing by AreaPlaquesController#show as JSON
11:56:47 web.1  |   Parameters: {"country_id"=>"gb", "area_id"=>"aberaman"}
11:56:47 web.1  | USERAGENT: /places/gb/areas/aberaman/plaques.json Mozilla/5.0 (Macintosh; Intel Mac OS X 10_10_3) AppleWebKit/537.36 (KHTML, like Gecko) Chrome/42.0.2311.135 Safari/537.36
11:56:47 web.1  |   [1m[36mCountry Load (0.5ms)[0m  [1mSELECT  "countries".* FROM "countries"  WHERE "countries"."alpha2" = 'gb' LIMIT 1[0m
11:56:47 web.1  |   [1m[35mArea Load (0.5ms)[0m  SELECT  "areas".* FROM "areas"  WHERE "areas"."country_id" = $1 AND "areas"."slug" = 'aberaman'  ORDER BY name ASC LIMIT 1  [["country_id", 1]]
11:56:47 web.1  |   [1m[36mPlaque Load (0.4ms)[0m  [1mSELECT "plaques".* FROM "plaques"  WHERE "plaques"."area_id" = $1[0m  [["area_id", 476]]
11:56:47 web.1  |   [1m[35mPersonalConnection Load (0.4ms)[0m  SELECT "personal_connections".* FROM "personal_connections"  WHERE "personal_connections"."plaque_id" = $1  [["plaque_id", 4856]]
11:56:47 web.1  |   [1m[36mPerson Load (0.5ms)[0m  [1mSELECT  "people".* FROM "people"  WHERE "people"."id" = $1 LIMIT 1[0m  [["id", 2934]]
11:56:47 web.1  |   [1m[35mColour Load (0.4ms)[0m  SELECT  "colours".* FROM "colours"  WHERE "colours"."id" = $1 LIMIT 1  [["id", 2]]
11:56:47 web.1  |   [1m[36mPhoto Load (0.5ms)[0m  [1mSELECT  "photos".* FROM "photos"  WHERE "photos"."plaque_id" = $1 AND "photos"."of_a_plaque" = 't'  ORDER BY shot ASC LIMIT 1[0m  [["plaque_id", 4856]]
11:56:47 web.1  |   [1m[35mPhoto Load (0.4ms)[0m  SELECT "photos".* FROM "photos"  WHERE "photos"."plaque_id" = $1 AND "photos"."of_a_plaque" = 't'  ORDER BY shot ASC  [["plaque_id", 4856]]
11:56:47 web.1  |   [1m[36mOrganisation Load (0.6ms)[0m  [1mSELECT "organisations".* FROM "organisations" INNER JOIN "sponsorships" ON "organisations"."id" = "sponsorships"."organisation_id" WHERE "sponsorships"."plaque_id" = $1[0m  [["plaque_id", 4856]]
11:56:47 web.1  |   [1m[35mLanguage Load (0.4ms)[0m  SELECT  "languages".* FROM "languages"  WHERE "languages"."id" = $1 LIMIT 1  [["id", 1]]
11:56:47 web.1  |   [1m[36mPersonalRole Load (0.4ms)[0m  [1mSELECT "personal_roles".* FROM "personal_roles"  WHERE "personal_roles"."person_id" = $1[0m  [["person_id", 2934]]
11:56:47 web.1  |   [1m[35mRole Load (0.4ms)[0m  SELECT  "roles".* FROM "roles"  WHERE "roles"."id" = $1 LIMIT 1  [["id", 2968]]
11:56:47 web.1  |   [1m[36mRole Load (0.4ms)[0m  [1mSELECT "roles".* FROM "roles" INNER JOIN "personal_roles" ON "roles"."id" = "personal_roles"."role_id" WHERE "personal_roles"."person_id" = $1[0m  [["person_id", 2934]]
11:56:47 web.1  |   [1m[35mPlaque Load (0.6ms)[0m  SELECT "plaques".* FROM "plaques" INNER JOIN "personal_connections" ON "plaques"."id" = "personal_connections"."plaque_id" WHERE "personal_connections"."person_id" = $1  [["person_id", 2934]]
11:56:47 web.1  | Completed 200 OK in 110ms (Views: 2.3ms | ActiveRecord: 6.3ms)
11:56:47 web.1  | Oink Action: area_plaques#show
11:56:47 web.1  | Memory usage: 2638764 | PID: 40432
11:56:47 web.1  | Instantiation Breakdown: Total: 12 | Role: 2 | Plaque: 2 | Colour: 1 | PersonalConnection: 1 | Person: 1 | Area: 1 | Organisation: 1 | Language: 1 | PersonalRole: 1 | Country: 1
11:56:47 web.1  | Oink Log Entry Complete
11:56:47 web.1  | [40432] 127.0.0.1 - - [16/May/2015 11:56:47] "GET /places/gb/areas/aberaman/plaques.json HTTP/1.1" 304 - 0.2072
11:56:56 web.1  | Started GET "/places/gb/areas/aberaman/plaques.geojson" for 127.0.0.1 at 2015-05-16 11:56:56 +0100
11:56:56 web.1  | Processing by AreaPlaquesController#show as GEOJSON
11:56:56 web.1  |   Parameters: {"country_id"=>"gb", "area_id"=>"aberaman"}
11:56:56 web.1  | USERAGENT: /places/gb/areas/aberaman/plaques.geojson Mozilla/5.0 (Macintosh; Intel Mac OS X 10_10_3) AppleWebKit/537.36 (KHTML, like Gecko) Chrome/42.0.2311.135 Safari/537.36
11:56:56 web.1  |   [1m[36mCountry Load (0.5ms)[0m  [1mSELECT  "countries".* FROM "countries"  WHERE "countries"."alpha2" = 'gb' LIMIT 1[0m
11:56:56 web.1  |   [1m[35mArea Load (0.4ms)[0m  SELECT  "areas".* FROM "areas"  WHERE "areas"."country_id" = $1 AND "areas"."slug" = 'aberaman'  ORDER BY name ASC LIMIT 1  [["country_id", 1]]
11:56:56 web.1  | Completed 500 Internal Server Error in 27ms
11:56:56 web.1  | [Rollbar] Reporting exception: Missing template area_plaques/show, application/show with {:locale=>[:"en-GB", :en], :formats=>[:geojson], :variants=>[], :handlers=>[:erb, :builder, :raw, :ruby]}. Searched in:
11:56:56 web.1  |   * "/Users/jeznicholson/open-plaques-3/app/views"
11:56:56 web.1  |   * "/Users/jeznicholson/.rbenv/versions/2.2.0/lib/ruby/gems/2.2.0/gems/devise-3.4.1/app/views"
11:56:56 web.1  | [Rollbar] Exception not reported because Rollbar is disabled
11:56:56 web.1  | ActionView::MissingTemplate (Missing template area_plaques/show, application/show with {:locale=>[:"en-GB", :en], :formats=>[:geojson], :variants=>[], :handlers=>[:erb, :builder, :raw, :ruby]}. Searched in:
11:56:56 web.1  |   * "/Users/jeznicholson/open-plaques-3/app/views"
11:56:56 web.1  |   * "/Users/jeznicholson/.rbenv/versions/2.2.0/lib/ruby/gems/2.2.0/gems/devise-3.4.1/app/views"
11:56:56 web.1  | ):
11:56:56 web.1  |   app/controllers/area_plaques_controller.rb:36:in `show'
11:56:56 web.1  |   app/controllers/application_controller.rb:27:in `global_request_logging'
11:56:56 web.1  |   Rendered /Users/jeznicholson/.rbenv/versions/2.2.0/lib/ruby/gems/2.2.0/gems/actionpack-4.1.6/lib/action_dispatch/middleware/templates/rescues/missing_template.html.erb within rescues/layout (1.6ms)
11:56:56 web.1  | [40432] 127.0.0.1 - - [16/May/2015 11:56:56] "GET /places/gb/areas/aberaman/plaques.geojson HTTP/1.1" 500 3133 0.2021
11:57:40 web.1  | Started GET "/places/gb/areas/aberaman/plaques.geojson" for 127.0.0.1 at 2015-05-16 11:57:40 +0100
11:57:41 web.1  | Processing by AreaPlaquesController#show as GEOJSON
11:57:41 web.1  |   Parameters: {"country_id"=>"gb", "area_id"=>"aberaman"}
11:57:41 web.1  | USERAGENT: /places/gb/areas/aberaman/plaques.geojson Mozilla/5.0 (Macintosh; Intel Mac OS X 10_10_3) AppleWebKit/537.36 (KHTML, like Gecko) Chrome/42.0.2311.135 Safari/537.36
11:57:41 web.1  |   [1m[36mCountry Load (0.5ms)[0m  [1mSELECT  "countries".* FROM "countries"  WHERE "countries"."alpha2" = 'gb' LIMIT 1[0m
11:57:41 web.1  |   [1m[35mArea Load (0.4ms)[0m  SELECT  "areas".* FROM "areas"  WHERE "areas"."country_id" = $1 AND "areas"."slug" = 'aberaman'  ORDER BY name ASC LIMIT 1  [["country_id", 1]]
11:57:41 web.1  | Completed 500 Internal Server Error in 205ms
11:57:41 web.1  | [Rollbar] Reporting exception: To respond to a custom format, register it as a MIME type first: http://guides.rubyonrails.org/action_controller_overview.html#restful-downloads. If you meant to respond to a variant like :tablet or :phone, not a custom format, be sure to nest your variant response within a format response: format.html { |html| html.tablet { ... } }
11:57:41 web.1  | [Rollbar] Exception not reported because Rollbar is disabled
11:57:41 web.1  | NoMethodError (To respond to a custom format, register it as a MIME type first: http://guides.rubyonrails.org/action_controller_overview.html#restful-downloads. If you meant to respond to a variant like :tablet or :phone, not a custom format, be sure to nest your variant response within a format response: format.html { |html| html.tablet { ... } }):
11:57:41 web.1  |   app/controllers/area_plaques_controller.rb:40:in `block in show'
11:57:41 web.1  |   app/controllers/area_plaques_controller.rb:36:in `show'
11:57:41 web.1  |   app/controllers/application_controller.rb:27:in `global_request_logging'
11:57:41 web.1  |   Rendered /Users/jeznicholson/.rbenv/versions/2.2.0/lib/ruby/gems/2.2.0/gems/actionpack-4.1.6/lib/action_dispatch/middleware/templates/rescues/_source.erb (1.3ms)
11:57:41 web.1  |   Rendered /Users/jeznicholson/.rbenv/versions/2.2.0/lib/ruby/gems/2.2.0/gems/actionpack-4.1.6/lib/action_dispatch/middleware/templates/rescues/_trace.html.erb (2.2ms)
11:57:41 web.1  |   Rendered /Users/jeznicholson/.rbenv/versions/2.2.0/lib/ruby/gems/2.2.0/gems/actionpack-4.1.6/lib/action_dispatch/middleware/templates/rescues/_request_and_response.html.erb (2.4ms)
11:57:41 web.1  |   Rendered /Users/jeznicholson/.rbenv/versions/2.2.0/lib/ruby/gems/2.2.0/gems/actionpack-4.1.6/lib/action_dispatch/middleware/templates/rescues/diagnostics.erb within rescues/layout (198.0ms)
11:57:41 web.1  | [40432] 127.0.0.1 - - [16/May/2015 11:57:41] "GET /places/gb/areas/aberaman/plaques.geojson HTTP/1.1" 500 21229 1.4065
11:57:49 web.1  | Started GET "/places/gb/areas/aberaman/plaques.geojson" for 127.0.0.1 at 2015-05-16 11:57:49 +0100
11:57:50 web.1  | Processing by AreaPlaquesController#show as GEOJSON
11:57:50 web.1  |   Parameters: {"country_id"=>"gb", "area_id"=>"aberaman"}
11:57:50 web.1  | USERAGENT: /places/gb/areas/aberaman/plaques.geojson Mozilla/5.0 (Macintosh; Intel Mac OS X 10_10_3) AppleWebKit/537.36 (KHTML, like Gecko) Chrome/42.0.2311.135 Safari/537.36
11:57:50 web.1  |   [1m[36mCountry Load (0.5ms)[0m  [1mSELECT  "countries".* FROM "countries"  WHERE "countries"."alpha2" = 'gb' LIMIT 1[0m
11:57:50 web.1  |   [1m[35mArea Load (0.4ms)[0m  SELECT  "areas".* FROM "areas"  WHERE "areas"."country_id" = $1 AND "areas"."slug" = 'aberaman'  ORDER BY name ASC LIMIT 1  [["country_id", 1]]
11:57:50 web.1  |   [1m[36mPlaque Load (0.3ms)[0m  [1mSELECT  "plaques".* FROM "plaques"  WHERE "plaques"."area_id" = $1 LIMIT 50 OFFSET 0[0m  [["area_id", 476]]
11:57:50 web.1  | Completed 500 Internal Server Error in 260ms
11:57:50 web.1  | [Rollbar] Reporting exception: undefined method `as_geojson' for #<Plaque::ActiveRecord_AssociationRelation:0x007f87bb484b90>
11:57:50 web.1  | [Rollbar] Exception not reported because Rollbar is disabled
11:57:50 web.1  | NoMethodError (undefined method `as_geojson' for #<Plaque::ActiveRecord_AssociationRelation:0x007f87bb484b90>):
11:57:50 web.1  |   app/controllers/area_plaques_controller.rb:40:in `block (2 levels) in show'
11:57:50 web.1  |   app/controllers/area_plaques_controller.rb:36:in `show'
11:57:50 web.1  |   app/controllers/application_controller.rb:27:in `global_request_logging'
11:57:50 web.1  |   Rendered /Users/jeznicholson/.rbenv/versions/2.2.0/lib/ruby/gems/2.2.0/gems/actionpack-4.1.6/lib/action_dispatch/middleware/templates/rescues/_source.erb (1.2ms)
11:57:50 web.1  |   Rendered /Users/jeznicholson/.rbenv/versions/2.2.0/lib/ruby/gems/2.2.0/gems/actionpack-4.1.6/lib/action_dispatch/middleware/templates/rescues/_trace.html.erb (2.9ms)
11:57:50 web.1  |   Rendered /Users/jeznicholson/.rbenv/versions/2.2.0/lib/ruby/gems/2.2.0/gems/actionpack-4.1.6/lib/action_dispatch/middleware/templates/rescues/_request_and_response.html.erb (2.5ms)
11:57:50 web.1  |   Rendered /Users/jeznicholson/.rbenv/versions/2.2.0/lib/ruby/gems/2.2.0/gems/actionpack-4.1.6/lib/action_dispatch/middleware/templates/rescues/diagnostics.erb within rescues/layout (196.0ms)
11:57:50 web.1  | [40432] 127.0.0.1 - - [16/May/2015 11:57:50] "GET /places/gb/areas/aberaman/plaques.geojson HTTP/1.1" 500 21651 1.2535
11:58:20 web.1  | Started GET "/places/gb/areas/aberaman/plaques.geojson" for 127.0.0.1 at 2015-05-16 11:58:20 +0100
11:58:21 web.1  | Processing by AreaPlaquesController#show as GEOJSON
11:58:21 web.1  |   Parameters: {"country_id"=>"gb", "area_id"=>"aberaman"}
11:58:21 web.1  | USERAGENT: /places/gb/areas/aberaman/plaques.geojson Mozilla/5.0 (Macintosh; Intel Mac OS X 10_10_3) AppleWebKit/537.36 (KHTML, like Gecko) Chrome/42.0.2311.135 Safari/537.36
11:58:21 web.1  |   [1m[35mCountry Load (0.5ms)[0m  SELECT  "countries".* FROM "countries"  WHERE "countries"."alpha2" = 'gb' LIMIT 1
11:58:21 web.1  |   [1m[36mArea Load (0.4ms)[0m  [1mSELECT  "areas".* FROM "areas"  WHERE "areas"."country_id" = $1 AND "areas"."slug" = 'aberaman'  ORDER BY name ASC LIMIT 1[0m  [["country_id", 1]]
11:58:21 web.1  |   [1m[35mPlaque Load (0.4ms)[0m  SELECT  "plaques".* FROM "plaques"  WHERE "plaques"."area_id" = $1 LIMIT 50 OFFSET 0  [["area_id", 476]]
11:58:21 web.1  | Completed 200 OK in 238ms (Views: 31.6ms | ActiveRecord: 8.2ms)
11:58:21 web.1  | Oink Action: area_plaques#show
11:58:21 web.1  | Memory usage: 2638764 | PID: 40432
11:58:21 web.1  | Instantiation Breakdown: Total: 6 | Country: 2 | Area: 2 | Plaque: 2
11:58:21 web.1  | Oink Log Entry Complete
11:58:21 web.1  | [40432] 127.0.0.1 - - [16/May/2015 11:58:21] "GET /places/gb/areas/aberaman/plaques.geojson HTTP/1.1" 200 - 1.1843
11:58:31 web.1  | Started GET "/places/gb/areas/brighton/plaques.geojson" for 127.0.0.1 at 2015-05-16 11:58:31 +0100
11:58:31 web.1  | Processing by AreaPlaquesController#show as GEOJSON
11:58:31 web.1  |   Parameters: {"country_id"=>"gb", "area_id"=>"brighton"}
11:58:31 web.1  | USERAGENT: /places/gb/areas/brighton/plaques.geojson Mozilla/5.0 (Macintosh; Intel Mac OS X 10_10_3) AppleWebKit/537.36 (KHTML, like Gecko) Chrome/42.0.2311.135 Safari/537.36
11:58:31 web.1  |   [1m[36mCountry Load (0.5ms)[0m  [1mSELECT  "countries".* FROM "countries"  WHERE "countries"."alpha2" = 'gb' LIMIT 1[0m
11:58:31 web.1  |   [1m[35mArea Load (71.0ms)[0m  SELECT  "areas".* FROM "areas"  WHERE "areas"."country_id" = $1 AND "areas"."slug" = 'brighton'  ORDER BY name ASC LIMIT 1  [["country_id", 1]]
11:58:31 web.1  |   [1m[36mPlaque Load (73.1ms)[0m  [1mSELECT  "plaques".* FROM "plaques"  WHERE "plaques"."area_id" = $1 LIMIT 50 OFFSET 0[0m  [["area_id", 6]]
11:58:31 web.1  |   [1m[35m (45.2ms)[0m  SELECT COUNT(*) FROM "plaques"  WHERE "plaques"."area_id" = $1  [["area_id", 6]]
11:58:31 web.1  | Completed 200 OK in 326ms (Views: 122.2ms | ActiveRecord: 189.9ms)
11:58:31 web.1  | Oink Action: area_plaques#show
11:58:31 web.1  | Memory usage: 2638764 | PID: 40432
11:58:31 web.1  | Instantiation Breakdown: Total: 56 | Plaque: 50 | Area: 3 | Country: 3
11:58:31 web.1  | Oink Log Entry Complete
11:58:31 web.1  | [40432] 127.0.0.1 - - [16/May/2015 11:58:31] "GET /places/gb/areas/brighton/plaques.geojson HTTP/1.1" 200 - 0.4137
11:58:37 web.1  | Started GET "/places/gb/areas/brighton/plaques.json" for 127.0.0.1 at 2015-05-16 11:58:37 +0100
11:58:37 web.1  | Processing by AreaPlaquesController#show as JSON
11:58:37 web.1  |   Parameters: {"country_id"=>"gb", "area_id"=>"brighton"}
11:58:37 web.1  | USERAGENT: /places/gb/areas/brighton/plaques.json Mozilla/5.0 (Macintosh; Intel Mac OS X 10_10_3) AppleWebKit/537.36 (KHTML, like Gecko) Chrome/42.0.2311.135 Safari/537.36
11:58:37 web.1  |   [1m[36mCountry Load (0.5ms)[0m  [1mSELECT  "countries".* FROM "countries"  WHERE "countries"."alpha2" = 'gb' LIMIT 1[0m
11:58:37 web.1  |   [1m[35mArea Load (0.5ms)[0m  SELECT  "areas".* FROM "areas"  WHERE "areas"."country_id" = $1 AND "areas"."slug" = 'brighton'  ORDER BY name ASC LIMIT 1  [["country_id", 1]]
11:58:37 web.1  |   [1m[36mPlaque Load (1.7ms)[0m  [1mSELECT "plaques".* FROM "plaques"  WHERE "plaques"."area_id" = $1[0m  [["area_id", 6]]
11:58:37 web.1  |   [1m[35mPersonalConnection Load (0.3ms)[0m  SELECT "personal_connections".* FROM "personal_connections"  WHERE "personal_connections"."plaque_id" = $1  [["plaque_id", 31624]]
11:58:37 web.1  |   [1m[36mColour Load (0.3ms)[0m  [1mSELECT  "colours".* FROM "colours"  WHERE "colours"."id" = $1 LIMIT 1[0m  [["id", 0]]
11:58:37 web.1  |   [1m[35mPhoto Load (19.1ms)[0m  SELECT  "photos".* FROM "photos"  WHERE "photos"."plaque_id" = $1 AND "photos"."of_a_plaque" = 't'  ORDER BY shot ASC LIMIT 1  [["plaque_id", 31624]]
11:58:37 web.1  |   [1m[36mPhoto Load (0.3ms)[0m  [1mSELECT "photos".* FROM "photos"  WHERE "photos"."plaque_id" = $1 AND "photos"."of_a_plaque" = 't'  ORDER BY shot ASC[0m  [["plaque_id", 31624]]
11:58:37 web.1  |   [1m[35mOrganisation Load (32.9ms)[0m  SELECT "organisations".* FROM "organisations" INNER JOIN "sponsorships" ON "organisations"."id" = "sponsorships"."organisation_id" WHERE "sponsorships"."plaque_id" = $1  [["plaque_id", 31624]]
11:58:38 web.1  |   [1m[36mLanguage Load (0.3ms)[0m  [1mSELECT  "languages".* FROM "languages"  WHERE "languages"."id" = $1 LIMIT 1[0m  [["id", 1]]
11:58:38 web.1  |   [1m[35mPersonalConnection Load (0.3ms)[0m  SELECT "personal_connections".* FROM "personal_connections"  WHERE "personal_connections"."plaque_id" = $1  [["plaque_id", 31625]]
11:58:38 web.1  |   [1m[36mCACHE (0.0ms)[0m  [1mSELECT  "colours".* FROM "colours"  WHERE "colours"."id" = $1 LIMIT 1[0m  [["id", 0]]
11:58:38 web.1  |   [1m[35mPhoto Load (0.3ms)[0m  SELECT  "photos".* FROM "photos"  WHERE "photos"."plaque_id" = $1 AND "photos"."of_a_plaque" = 't'  ORDER BY shot ASC LIMIT 1  [["plaque_id", 31625]]
11:58:38 web.1  |   [1m[36mPhoto Load (0.3ms)[0m  [1mSELECT "photos".* FROM "photos"  WHERE "photos"."plaque_id" = $1 AND "photos"."of_a_plaque" = 't'  ORDER BY shot ASC[0m  [["plaque_id", 31625]]
11:58:38 web.1  |   [1m[35mOrganisation Load (0.3ms)[0m  SELECT "organisations".* FROM "organisations" INNER JOIN "sponsorships" ON "organisations"."id" = "sponsorships"."organisation_id" WHERE "sponsorships"."plaque_id" = $1  [["plaque_id", 31625]]
11:58:38 web.1  |   [1m[36mCACHE (0.0ms)[0m  [1mSELECT  "languages".* FROM "languages"  WHERE "languages"."id" = $1 LIMIT 1[0m  [["id", 1]]
11:58:38 web.1  |   [1m[35mPersonalConnection Load (13.4ms)[0m  SELECT "personal_connections".* FROM "personal_connections"  WHERE "personal_connections"."plaque_id" = $1  [["plaque_id", 1063]]
11:58:38 web.1  |   [1m[36mPerson Load (17.5ms)[0m  [1mSELECT  "people".* FROM "people"  WHERE "people"."id" = $1 LIMIT 1[0m  [["id", 4450]]
11:58:38 web.1  |   [1m[35mColour Load (0.3ms)[0m  SELECT  "colours".* FROM "colours"  WHERE "colours"."id" = $1 LIMIT 1  [["id", 6]]
11:58:38 web.1  |   [1m[36mPhoto Load (8.5ms)[0m  [1mSELECT  "photos".* FROM "photos"  WHERE "photos"."plaque_id" = $1 AND "photos"."of_a_plaque" = 't'  ORDER BY shot ASC LIMIT 1[0m  [["plaque_id", 1063]]
11:58:38 web.1  |   [1m[35mPhoto Load (0.4ms)[0m  SELECT "photos".* FROM "photos"  WHERE "photos"."plaque_id" = $1 AND "photos"."of_a_plaque" = 't'  ORDER BY shot ASC  [["plaque_id", 1063]]
11:58:38 web.1  |   [1m[36mOrganisation Load (8.1ms)[0m  [1mSELECT "organisations".* FROM "organisations" INNER JOIN "sponsorships" ON "organisations"."id" = "sponsorships"."organisation_id" WHERE "sponsorships"."plaque_id" = $1[0m  [["plaque_id", 1063]]
11:58:38 web.1  |   [1m[35mCACHE (0.0ms)[0m  SELECT  "languages".* FROM "languages"  WHERE "languages"."id" = $1 LIMIT 1  [["id", 1]]
11:58:38 web.1  |   [1m[36mPersonalRole Load (28.2ms)[0m  [1mSELECT "personal_roles".* FROM "personal_roles"  WHERE "personal_roles"."person_id" = $1[0m  [["person_id", 4450]]
11:58:38 web.1  |   [1m[35mRole Load (17.5ms)[0m  SELECT  "roles".* FROM "roles"  WHERE "roles"."id" = $1 LIMIT 1  [["id", 57]]
11:58:38 web.1  |   [1m[36mRole Load (0.4ms)[0m  [1mSELECT "roles".* FROM "roles" INNER JOIN "personal_roles" ON "roles"."id" = "personal_roles"."role_id" WHERE "personal_roles"."person_id" = $1[0m  [["person_id", 4450]]
11:58:38 web.1  |   [1m[35mPlaque Load (21.4ms)[0m  SELECT "plaques".* FROM "plaques" INNER JOIN "personal_connections" ON "plaques"."id" = "personal_connections"."plaque_id" WHERE "personal_connections"."person_id" = $1  [["person_id", 4450]]
11:58:38 web.1  |   [1m[36mPersonalConnection Load (0.4ms)[0m  [1mSELECT "personal_connections".* FROM "personal_connections"  WHERE "personal_connections"."plaque_id" = $1[0m  [["plaque_id", 1067]]
11:58:38 web.1  |   [1m[35mPerson Load (21.1ms)[0m  SELECT  "people".* FROM "people"  WHERE "people"."id" = $1 LIMIT 1  [["id", 869]]
11:58:38 web.1  |   [1m[36mCACHE (0.0ms)[0m  [1mSELECT  "colours".* FROM "colours"  WHERE "colours"."id" = $1 LIMIT 1[0m  [["id", 6]]
11:58:38 web.1  |   [1m[35mPhoto Load (0.3ms)[0m  SELECT  "photos".* FROM "photos"  WHERE "photos"."plaque_id" = $1 AND "photos"."of_a_plaque" = 't'  ORDER BY shot ASC LIMIT 1  [["plaque_id", 1067]]
11:58:38 web.1  |   [1m[36mPhoto Load (0.4ms)[0m  [1mSELECT "photos".* FROM "photos"  WHERE "photos"."plaque_id" = $1 AND "photos"."of_a_plaque" = 't'  ORDER BY shot ASC[0m  [["plaque_id", 1067]]
11:58:38 web.1  |   [1m[35mOrganisation Load (36.8ms)[0m  SELECT "organisations".* FROM "organisations" INNER JOIN "sponsorships" ON "organisations"."id" = "sponsorships"."organisation_id" WHERE "sponsorships"."plaque_id" = $1  [["plaque_id", 1067]]
11:58:38 web.1  |   [1m[36mCACHE (0.0ms)[0m  [1mSELECT  "languages".* FROM "languages"  WHERE "languages"."id" = $1 LIMIT 1[0m  [["id", 1]]
11:58:38 web.1  |   [1m[35mPersonalRole Load (19.7ms)[0m  SELECT "personal_roles".* FROM "personal_roles"  WHERE "personal_roles"."person_id" = $1  [["person_id", 869]]
11:58:38 web.1  |   [1m[36mCACHE (0.0ms)[0m  [1mSELECT  "roles".* FROM "roles"  WHERE "roles"."id" = $1 LIMIT 1[0m  [["id", 57]]
11:58:38 web.1  |   [1m[35mRole Load (0.3ms)[0m  SELECT  "roles".* FROM "roles"  WHERE "roles"."id" = $1 LIMIT 1  [["id", 28]]
11:58:38 web.1  |   [1m[36mRole Load (15.0ms)[0m  [1mSELECT  "roles".* FROM "roles"  WHERE "roles"."id" = $1 LIMIT 1[0m  [["id", 1413]]
11:58:38 web.1  |   [1m[35mRole Load (0.4ms)[0m  SELECT "roles".* FROM "roles" INNER JOIN "personal_roles" ON "roles"."id" = "personal_roles"."role_id" WHERE "personal_roles"."person_id" = $1  [["person_id", 869]]
11:58:38 web.1  |   [1m[36mPlaque Load (5.1ms)[0m  [1mSELECT "plaques".* FROM "plaques" INNER JOIN "personal_connections" ON "plaques"."id" = "personal_connections"."plaque_id" WHERE "personal_connections"."person_id" = $1[0m  [["person_id", 869]]
11:58:38 web.1  |   [1m[35mPersonalConnection Load (0.3ms)[0m  SELECT "personal_connections".* FROM "personal_connections"  WHERE "personal_connections"."plaque_id" = $1  [["plaque_id", 1068]]
11:58:38 web.1  |   [1m[36mPerson Load (0.3ms)[0m  [1mSELECT  "people".* FROM "people"  WHERE "people"."id" = $1 LIMIT 1[0m  [["id", 854]]
11:58:38 web.1  |   [1m[35mColour Load (0.3ms)[0m  SELECT  "colours".* FROM "colours"  WHERE "colours"."id" = $1 LIMIT 1  [["id", 2]]
11:58:38 web.1  |   [1m[36mPhoto Load (0.5ms)[0m  [1mSELECT  "photos".* FROM "photos"  WHERE "photos"."plaque_id" = $1 AND "photos"."of_a_plaque" = 't'  ORDER BY shot ASC LIMIT 1[0m  [["plaque_id", 1068]]
11:58:38 web.1  |   [1m[35mPhoto Load (0.4ms)[0m  SELECT "photos".* FROM "photos"  WHERE "photos"."plaque_id" = $1 AND "photos"."of_a_plaque" = 't'  ORDER BY shot ASC  [["plaque_id", 1068]]
11:58:38 web.1  |   [1m[36mOrganisation Load (0.3ms)[0m  [1mSELECT "organisations".* FROM "organisations" INNER JOIN "sponsorships" ON "organisations"."id" = "sponsorships"."organisation_id" WHERE "sponsorships"."plaque_id" = $1[0m  [["plaque_id", 1068]]
11:58:38 web.1  |   [1m[35mCACHE (0.0ms)[0m  SELECT  "languages".* FROM "languages"  WHERE "languages"."id" = $1 LIMIT 1  [["id", 1]]
11:58:38 web.1  |   [1m[36mPersonalRole Load (0.7ms)[0m  [1mSELECT "personal_roles".* FROM "personal_roles"  WHERE "personal_roles"."person_id" = $1[0m  [["person_id", 854]]
11:58:38 web.1  |   [1m[35mRole Load (3.5ms)[0m  SELECT  "roles".* FROM "roles"  WHERE "roles"."id" = $1 LIMIT 1  [["id", 610]]
11:58:38 web.1  |   [1m[36mRole Load (0.7ms)[0m  [1mSELECT  "roles".* FROM "roles"  WHERE "roles"."id" = $1 LIMIT 1[0m  [["id", 1093]]
11:58:38 web.1  |   [1m[35mRole Load (0.3ms)[0m  SELECT "roles".* FROM "roles" INNER JOIN "personal_roles" ON "roles"."id" = "personal_roles"."role_id" WHERE "personal_roles"."person_id" = $1  [["person_id", 854]]
11:58:38 web.1  |   [1m[36mPlaque Load (4.6ms)[0m  [1mSELECT "plaques".* FROM "plaques" INNER JOIN "personal_connections" ON "plaques"."id" = "personal_connections"."plaque_id" WHERE "personal_connections"."person_id" = $1[0m  [["person_id", 854]]
11:58:38 web.1  |   [1m[35mPersonalConnection Load (0.3ms)[0m  SELECT "personal_connections".* FROM "personal_connections"  WHERE "personal_connections"."plaque_id" = $1  [["plaque_id", 1056]]
11:58:38 web.1  |   [1m[36mPerson Load (16.6ms)[0m  [1mSELECT  "people".* FROM "people"  WHERE "people"."id" = $1 LIMIT 1[0m  [["id", 228]]
11:58:38 web.1  |   [1m[35mCACHE (0.0ms)[0m  SELECT  "colours".* FROM "colours"  WHERE "colours"."id" = $1 LIMIT 1  [["id", 2]]
11:58:38 web.1  |   [1m[36mPhoto Load (0.4ms)[0m  [1mSELECT  "photos".* FROM "photos"  WHERE "photos"."plaque_id" = $1 AND "photos"."of_a_plaque" = 't'  ORDER BY shot ASC LIMIT 1[0m  [["plaque_id", 1056]]
11:58:38 web.1  |   [1m[35mPhoto Load (0.4ms)[0m  SELECT "photos".* FROM "photos"  WHERE "photos"."plaque_id" = $1 AND "photos"."of_a_plaque" = 't'  ORDER BY shot ASC  [["plaque_id", 1056]]
11:58:38 web.1  |   [1m[36mOrganisation Load (3.0ms)[0m  [1mSELECT "organisations".* FROM "organisations" INNER JOIN "sponsorships" ON "organisations"."id" = "sponsorships"."organisation_id" WHERE "sponsorships"."plaque_id" = $1[0m  [["plaque_id", 1056]]
11:58:38 web.1  |   [1m[35mCACHE (0.0ms)[0m  SELECT  "languages".* FROM "languages"  WHERE "languages"."id" = $1 LIMIT 1  [["id", 1]]
11:58:38 web.1  |   [1m[36mPersonalRole Load (8.0ms)[0m  [1mSELECT "personal_roles".* FROM "personal_roles"  WHERE "personal_roles"."person_id" = $1[0m  [["person_id", 228]]
11:58:38 web.1  |   [1m[35mRole Load (0.7ms)[0m  SELECT  "roles".* FROM "roles"  WHERE "roles"."id" = $1 LIMIT 1  [["id", 151]]
11:58:38 web.1  |   [1m[36mRole Load (0.6ms)[0m  [1mSELECT  "roles".* FROM "roles"  WHERE "roles"."id" = $1 LIMIT 1[0m  [["id", 1681]]
11:58:38 web.1  |   [1m[35mRole Load (0.4ms)[0m  SELECT "roles".* FROM "roles" INNER JOIN "personal_roles" ON "roles"."id" = "personal_roles"."role_id" WHERE "personal_roles"."person_id" = $1  [["person_id", 228]]
11:58:38 web.1  |   [1m[36mPlaque Load (29.0ms)[0m  [1mSELECT "plaques".* FROM "plaques" INNER JOIN "personal_connections" ON "plaques"."id" = "personal_connections"."plaque_id" WHERE "personal_connections"."person_id" = $1[0m  [["person_id", 228]]
11:58:38 web.1  |   [1m[35mPersonalConnection Load (0.4ms)[0m  SELECT "personal_connections".* FROM "personal_connections"  WHERE "personal_connections"."plaque_id" = $1  [["plaque_id", 1077]]
11:58:38 web.1  |   [1m[36mPerson Load (0.8ms)[0m  [1mSELECT  "people".* FROM "people"  WHERE "people"."id" = $1 LIMIT 1[0m  [["id", 867]]
11:58:38 web.1  |   [1m[35mCACHE (0.0ms)[0m  SELECT  "people".* FROM "people"  WHERE "people"."id" = $1 LIMIT 1  [["id", 867]]
11:58:38 web.1  |   [1m[36mCACHE (0.0ms)[0m  [1mSELECT  "colours".* FROM "colours"  WHERE "colours"."id" = $1 LIMIT 1[0m  [["id", 6]]
11:58:38 web.1  |   [1m[35mPhoto Load (0.4ms)[0m  SELECT  "photos".* FROM "photos"  WHERE "photos"."plaque_id" = $1 AND "photos"."of_a_plaque" = 't'  ORDER BY shot ASC LIMIT 1  [["plaque_id", 1077]]
11:58:38 web.1  |   [1m[36mPhoto Load (0.3ms)[0m  [1mSELECT "photos".* FROM "photos"  WHERE "photos"."plaque_id" = $1 AND "photos"."of_a_plaque" = 't'  ORDER BY shot ASC[0m  [["plaque_id", 1077]]
11:58:38 web.1  |   [1m[35mOrganisation Load (0.3ms)[0m  SELECT "organisations".* FROM "organisations" INNER JOIN "sponsorships" ON "organisations"."id" = "sponsorships"."organisation_id" WHERE "sponsorships"."plaque_id" = $1  [["plaque_id", 1077]]
11:58:38 web.1  |   [1m[36mCACHE (0.0ms)[0m  [1mSELECT  "languages".* FROM "languages"  WHERE "languages"."id" = $1 LIMIT 1[0m  [["id", 1]]
11:58:38 web.1  |   [1m[35mPersonalRole Load (0.3ms)[0m  SELECT "personal_roles".* FROM "personal_roles"  WHERE "personal_roles"."person_id" = $1  [["person_id", 867]]
11:58:38 web.1  |   [1m[36mRole Load (10.3ms)[0m  [1mSELECT  "roles".* FROM "roles"  WHERE "roles"."id" = $1 LIMIT 1[0m  [["id", 629]]
11:58:38 web.1  |   [1m[35mRole Load (0.3ms)[0m  SELECT "roles".* FROM "roles" INNER JOIN "personal_roles" ON "roles"."id" = "personal_roles"."role_id" WHERE "personal_roles"."person_id" = $1  [["person_id", 867]]
11:58:38 web.1  |   [1m[36mPlaque Load (4.8ms)[0m  [1mSELECT "plaques".* FROM "plaques" INNER JOIN "personal_connections" ON "plaques"."id" = "personal_connections"."plaque_id" WHERE "personal_connections"."person_id" = $1[0m  [["person_id", 867]]
11:58:38 web.1  |   [1m[35mPersonalConnection Load (0.4ms)[0m  SELECT "personal_connections".* FROM "personal_connections"  WHERE "personal_connections"."plaque_id" = $1  [["plaque_id", 1257]]
11:58:38 web.1  |   [1m[36mPerson Load (27.7ms)[0m  [1mSELECT  "people".* FROM "people"  WHERE "people"."id" = $1 LIMIT 1[0m  [["id", 5636]]
11:58:38 web.1  |   [1m[35mPerson Load (0.3ms)[0m  SELECT  "people".* FROM "people"  WHERE "people"."id" = $1 LIMIT 1  [["id", 5637]]
11:58:38 web.1  |   [1m[36mCACHE (0.0ms)[0m  [1mSELECT  "colours".* FROM "colours"  WHERE "colours"."id" = $1 LIMIT 1[0m  [["id", 6]]
11:58:39 web.1  |   [1m[35mPhoto Load (30.1ms)[0m  SELECT  "photos".* FROM "photos"  WHERE "photos"."plaque_id" = $1 AND "photos"."of_a_plaque" = 't'  ORDER BY shot ASC LIMIT 1  [["plaque_id", 1257]]
11:58:39 web.1  |   [1m[36mPhoto Load (0.4ms)[0m  [1mSELECT "photos".* FROM "photos"  WHERE "photos"."plaque_id" = $1 AND "photos"."of_a_plaque" = 't'  ORDER BY shot ASC[0m  [["plaque_id", 1257]]
11:58:39 web.1  |   [1m[35mOrganisation Load (32.6ms)[0m  SELECT "organisations".* FROM "organisations" INNER JOIN "sponsorships" ON "organisations"."id" = "sponsorships"."organisation_id" WHERE "sponsorships"."plaque_id" = $1  [["plaque_id", 1257]]
11:58:39 web.1  |   [1m[36mCACHE (0.0ms)[0m  [1mSELECT  "languages".* FROM "languages"  WHERE "languages"."id" = $1 LIMIT 1[0m  [["id", 1]]
11:58:39 web.1  |   [1m[35mPersonalRole Load (15.1ms)[0m  SELECT "personal_roles".* FROM "personal_roles"  WHERE "personal_roles"."person_id" = $1  [["person_id", 5636]]
11:58:39 web.1  |   [1m[36mRole Load (20.6ms)[0m  [1mSELECT  "roles".* FROM "roles"  WHERE "roles"."id" = $1 LIMIT 1[0m  [["id", 3894]]
11:58:39 web.1  |   [1m[35mRole Load (1.1ms)[0m  SELECT  "roles".* FROM "roles"  WHERE "roles"."id" = $1 LIMIT 1  [["id", 4677]]
11:58:39 web.1  |   [1m[36mRole Load (0.3ms)[0m  [1mSELECT "roles".* FROM "roles" INNER JOIN "personal_roles" ON "roles"."id" = "personal_roles"."role_id" WHERE "personal_roles"."person_id" = $1[0m  [["person_id", 5636]]
11:58:39 web.1  |   [1m[35mPersonalRole Load (0.3ms)[0m  SELECT "personal_roles".* FROM "personal_roles"  WHERE "personal_roles"."person_id" = $1  [["person_id", 5637]]
11:58:39 web.1  |   [1m[36mRole Load (0.4ms)[0m  [1mSELECT  "roles".* FROM "roles"  WHERE "roles"."id" = $1 LIMIT 1[0m  [["id", 4678]]
11:58:39 web.1  |   [1m[35mRole Load (0.4ms)[0m  SELECT "roles".* FROM "roles" INNER JOIN "personal_roles" ON "roles"."id" = "personal_roles"."role_id" WHERE "personal_roles"."person_id" = $1  [["person_id", 5637]]
11:58:39 web.1  |   [1m[36mPlaque Load (18.7ms)[0m  [1mSELECT "plaques".* FROM "plaques" INNER JOIN "personal_connections" ON "plaques"."id" = "personal_connections"."plaque_id" WHERE "personal_connections"."person_id" = $1[0m  [["person_id", 5636]]
11:58:39 web.1  |   [1m[35mPlaque Load (0.4ms)[0m  SELECT "plaques".* FROM "plaques" INNER JOIN "personal_connections" ON "plaques"."id" = "personal_connections"."plaque_id" WHERE "personal_connections"."person_id" = $1  [["person_id", 5637]]
11:58:39 web.1  |   [1m[36mPersonalConnection Load (9.0ms)[0m  [1mSELECT "personal_connections".* FROM "personal_connections"  WHERE "personal_connections"."plaque_id" = $1[0m  [["plaque_id", 12887]]
11:58:39 web.1  |   [1m[35mColour Load (0.3ms)[0m  SELECT  "colours".* FROM "colours"  WHERE "colours"."id" = $1 LIMIT 1  [["id", 13]]
11:58:39 web.1  |   [1m[36mPhoto Load (23.1ms)[0m  [1mSELECT  "photos".* FROM "photos"  WHERE "photos"."plaque_id" = $1 AND "photos"."of_a_plaque" = 't'  ORDER BY shot ASC LIMIT 1[0m  [["plaque_id", 12887]]
11:58:39 web.1  |   [1m[35mPhoto Load (0.3ms)[0m  SELECT "photos".* FROM "photos"  WHERE "photos"."plaque_id" = $1 AND "photos"."of_a_plaque" = 't'  ORDER BY shot ASC  [["plaque_id", 12887]]
11:58:39 web.1  |   [1m[36mOrganisation Load (18.8ms)[0m  [1mSELECT "organisations".* FROM "organisations" INNER JOIN "sponsorships" ON "organisations"."id" = "sponsorships"."organisation_id" WHERE "sponsorships"."plaque_id" = $1[0m  [["plaque_id", 12887]]
11:58:39 web.1  |   [1m[35mCACHE (0.0ms)[0m  SELECT  "languages".* FROM "languages"  WHERE "languages"."id" = $1 LIMIT 1  [["id", 1]]
11:58:39 web.1  |   [1m[36mPersonalConnection Load (0.4ms)[0m  [1mSELECT "personal_connections".* FROM "personal_connections"  WHERE "personal_connections"."plaque_id" = $1[0m  [["plaque_id", 1052]]
11:58:39 web.1  |   [1m[35mPerson Load (5.3ms)[0m  SELECT  "people".* FROM "people"  WHERE "people"."id" = $1 LIMIT 1  [["id", 16]]
11:58:39 web.1  |   [1m[36mCACHE (0.0ms)[0m  [1mSELECT  "colours".* FROM "colours"  WHERE "colours"."id" = $1 LIMIT 1[0m  [["id", 6]]
11:58:39 web.1  |   [1m[35mPhoto Load (0.4ms)[0m  SELECT  "photos".* FROM "photos"  WHERE "photos"."plaque_id" = $1 AND "photos"."of_a_plaque" = 't'  ORDER BY shot ASC LIMIT 1  [["plaque_id", 1052]]
11:58:39 web.1  |   [1m[36mPhoto Load (0.3ms)[0m  [1mSELECT "photos".* FROM "photos"  WHERE "photos"."plaque_id" = $1 AND "photos"."of_a_plaque" = 't'  ORDER BY shot ASC[0m  [["plaque_id", 1052]]
11:58:39 web.1  |   [1m[35mOrganisation Load (0.4ms)[0m  SELECT "organisations".* FROM "organisations" INNER JOIN "sponsorships" ON "organisations"."id" = "sponsorships"."organisation_id" WHERE "sponsorships"."plaque_id" = $1  [["plaque_id", 1052]]
11:58:39 web.1  |   [1m[36mCACHE (0.0ms)[0m  [1mSELECT  "languages".* FROM "languages"  WHERE "languages"."id" = $1 LIMIT 1[0m  [["id", 1]]
11:58:39 web.1  |   [1m[35mPersonalRole Load (6.8ms)[0m  SELECT "personal_roles".* FROM "personal_roles"  WHERE "personal_roles"."person_id" = $1  [["person_id", 16]]
11:58:39 web.1  |   [1m[36mRole Load (0.3ms)[0m  [1mSELECT  "roles".* FROM "roles"  WHERE "roles"."id" = $1 LIMIT 1[0m  [["id", 16]]
11:58:39 web.1  |   [1m[35mRole Load (0.3ms)[0m  SELECT  "roles".* FROM "roles"  WHERE "roles"."id" = $1 LIMIT 1  [["id", 17]]
11:58:39 web.1  |   [1m[36mRole Load (12.0ms)[0m  [1mSELECT  "roles".* FROM "roles"  WHERE "roles"."id" = $1 LIMIT 1[0m  [["id", 386]]
11:58:39 web.1  |   [1m[35mRole Load (0.7ms)[0m  SELECT  "roles".* FROM "roles"  WHERE "roles"."id" = $1 LIMIT 1  [["id", 1533]]
11:58:39 web.1  |   [1m[36mRole Load (0.4ms)[0m  [1mSELECT "roles".* FROM "roles" INNER JOIN "personal_roles" ON "roles"."id" = "personal_roles"."role_id" WHERE "personal_roles"."person_id" = $1[0m  [["person_id", 16]]
11:58:39 web.1  |   [1m[35mPlaque Load (20.1ms)[0m  SELECT "plaques".* FROM "plaques" INNER JOIN "personal_connections" ON "plaques"."id" = "personal_connections"."plaque_id" WHERE "personal_connections"."person_id" = $1  [["person_id", 16]]
11:58:39 web.1  |   [1m[36mPersonalConnection Load (0.4ms)[0m  [1mSELECT "personal_connections".* FROM "personal_connections"  WHERE "personal_connections"."plaque_id" = $1[0m  [["plaque_id", 1053]]
11:58:39 web.1  |   [1m[35mPerson Load (24.2ms)[0m  SELECT  "people".* FROM "people"  WHERE "people"."id" = $1 LIMIT 1  [["id", 1457]]
11:58:39 web.1  |   [1m[36mCACHE (0.0ms)[0m  [1mSELECT  "colours".* FROM "colours"  WHERE "colours"."id" = $1 LIMIT 1[0m  [["id", 2]]
11:58:39 web.1  |   [1m[35mPhoto Load (0.5ms)[0m  SELECT  "photos".* FROM "photos"  WHERE "photos"."plaque_id" = $1 AND "photos"."of_a_plaque" = 't'  ORDER BY shot ASC LIMIT 1  [["plaque_id", 1053]]
11:58:39 web.1  |   [1m[36mPhoto Load (0.3ms)[0m  [1mSELECT "photos".* FROM "photos"  WHERE "photos"."plaque_id" = $1 AND "photos"."of_a_plaque" = 't'  ORDER BY shot ASC[0m  [["plaque_id", 1053]]
11:58:39 web.1  |   [1m[35mOrganisation Load (1.0ms)[0m  SELECT "organisations".* FROM "organisations" INNER JOIN "sponsorships" ON "organisations"."id" = "sponsorships"."organisation_id" WHERE "sponsorships"."plaque_id" = $1  [["plaque_id", 1053]]
11:58:39 web.1  |   [1m[36mCACHE (0.0ms)[0m  [1mSELECT  "languages".* FROM "languages"  WHERE "languages"."id" = $1 LIMIT 1[0m  [["id", 1]]
11:58:39 web.1  |   [1m[35mPersonalRole Load (15.3ms)[0m  SELECT "personal_roles".* FROM "personal_roles"  WHERE "personal_roles"."person_id" = $1  [["person_id", 1457]]
11:58:39 web.1  |   [1m[36mRole Load (0.3ms)[0m  [1mSELECT  "roles".* FROM "roles"  WHERE "roles"."id" = $1 LIMIT 1[0m  [["id", 172]]
11:58:39 web.1  |   [1m[35mRole Load (0.3ms)[0m  SELECT "roles".* FROM "roles" INNER JOIN "personal_roles" ON "roles"."id" = "personal_roles"."role_id" WHERE "personal_roles"."person_id" = $1  [["person_id", 1457]]
11:58:39 web.1  |   [1m[36mPlaque Load (9.0ms)[0m  [1mSELECT "plaques".* FROM "plaques" INNER JOIN "personal_connections" ON "plaques"."id" = "personal_connections"."plaque_id" WHERE "personal_connections"."person_id" = $1[0m  [["person_id", 1457]]
11:58:39 web.1  |   [1m[35mPersonalConnection Load (0.3ms)[0m  SELECT "personal_connections".* FROM "personal_connections"  WHERE "personal_connections"."plaque_id" = $1  [["plaque_id", 1055]]
11:58:39 web.1  |   [1m[36mPerson Load (0.4ms)[0m  [1mSELECT  "people".* FROM "people"  WHERE "people"."id" = $1 LIMIT 1[0m  [["id", 820]]
11:58:39 web.1  |   [1m[35mColour Load (0.3ms)[0m  SELECT  "colours".* FROM "colours"  WHERE "colours"."id" = $1 LIMIT 1  [["id", 12]]
11:58:39 web.1  |   [1m[36mPhoto Load (0.4ms)[0m  [1mSELECT  "photos".* FROM "photos"  WHERE "photos"."plaque_id" = $1 AND "photos"."of_a_plaque" = 't'  ORDER BY shot ASC LIMIT 1[0m  [["plaque_id", 1055]]
11:58:39 web.1  |   [1m[35mPhoto Load (0.3ms)[0m  SELECT "photos".* FROM "photos"  WHERE "photos"."plaque_id" = $1 AND "photos"."of_a_plaque" = 't'  ORDER BY shot ASC  [["plaque_id", 1055]]
11:58:39 web.1  |   [1m[36mOrganisation Load (15.1ms)[0m  [1mSELECT "organisations".* FROM "organisations" INNER JOIN "sponsorships" ON "organisations"."id" = "sponsorships"."organisation_id" WHERE "sponsorships"."plaque_id" = $1[0m  [["plaque_id", 1055]]
11:58:39 web.1  |   [1m[35mCACHE (0.0ms)[0m  SELECT  "languages".* FROM "languages"  WHERE "languages"."id" = $1 LIMIT 1  [["id", 1]]
11:58:39 web.1  |   [1m[36mPersonalRole Load (27.2ms)[0m  [1mSELECT "personal_roles".* FROM "personal_roles"  WHERE "personal_roles"."person_id" = $1[0m  [["person_id", 820]]
11:58:39 web.1  |   [1m[35mRole Load (0.3ms)[0m  SELECT  "roles".* FROM "roles"  WHERE "roles"."id" = $1 LIMIT 1  [["id", 913]]
11:58:39 web.1  |   [1m[36mRole Load (0.3ms)[0m  [1mSELECT  "roles".* FROM "roles"  WHERE "roles"."id" = $1 LIMIT 1[0m  [["id", 1377]]
11:58:39 web.1  |   [1m[35mRole Load (15.0ms)[0m  SELECT  "roles".* FROM "roles"  WHERE "roles"."id" = $1 LIMIT 1  [["id", 3663]]
11:58:39 web.1  |   [1m[36mRole Load (0.3ms)[0m  [1mSELECT  "roles".* FROM "roles"  WHERE "roles"."id" = $1 LIMIT 1[0m  [["id", 34]]
11:58:39 web.1  |   [1m[35mRole Load (0.7ms)[0m  SELECT  "roles".* FROM "roles"  WHERE "roles"."id" = $1 LIMIT 1  [["id", 6315]]
11:58:39 web.1  |   [1m[36mRole Load (0.5ms)[0m  [1mSELECT "roles".* FROM "roles" INNER JOIN "personal_roles" ON "roles"."id" = "personal_roles"."role_id" WHERE "personal_roles"."person_id" = $1[0m  [["person_id", 820]]
11:58:39 web.1  |   [1m[35mPlaque Load (12.1ms)[0m  SELECT "plaques".* FROM "plaques" INNER JOIN "personal_connections" ON "plaques"."id" = "personal_connections"."plaque_id" WHERE "personal_connections"."person_id" = $1  [["person_id", 820]]
11:58:39 web.1  |   [1m[36mPersonalConnection Load (0.3ms)[0m  [1mSELECT "personal_connections".* FROM "personal_connections"  WHERE "personal_connections"."plaque_id" = $1[0m  [["plaque_id", 1253]]
11:58:39 web.1  |   [1m[35mPerson Load (0.7ms)[0m  SELECT  "people".* FROM "people"  WHERE "people"."id" = $1 LIMIT 1  [["id", 119]]
11:58:39 web.1  |   [1m[36mCACHE (0.0ms)[0m  [1mSELECT  "colours".* FROM "colours"  WHERE "colours"."id" = $1 LIMIT 1[0m  [["id", 13]]
11:58:39 web.1  |   [1m[35mPhoto Load (0.5ms)[0m  SELECT  "photos".* FROM "photos"  WHERE "photos"."plaque_id" = $1 AND "photos"."of_a_plaque" = 't'  ORDER BY shot ASC LIMIT 1  [["plaque_id", 1253]]
11:58:39 web.1  |   [1m[36mPhoto Load (0.4ms)[0m  [1mSELECT "photos".* FROM "photos"  WHERE "photos"."plaque_id" = $1 AND "photos"."of_a_plaque" = 't'  ORDER BY shot ASC[0m  [["plaque_id", 1253]]
11:58:39 web.1  |   [1m[35mOrganisation Load (0.3ms)[0m  SELECT "organisations".* FROM "organisations" INNER JOIN "sponsorships" ON "organisations"."id" = "sponsorships"."organisation_id" WHERE "sponsorships"."plaque_id" = $1  [["plaque_id", 1253]]
11:58:39 web.1  |   [1m[36mCACHE (0.0ms)[0m  [1mSELECT  "languages".* FROM "languages"  WHERE "languages"."id" = $1 LIMIT 1[0m  [["id", 1]]
11:58:39 web.1  |   [1m[35mPersonalRole Load (13.2ms)[0m  SELECT "personal_roles".* FROM "personal_roles"  WHERE "personal_roles"."person_id" = $1  [["person_id", 119]]
11:58:39 web.1  |   [1m[36mRole Load (0.7ms)[0m  [1mSELECT  "roles".* FROM "roles"  WHERE "roles"."id" = $1 LIMIT 1[0m  [["id", 2432]]
11:58:39 web.1  |   [1m[35mRole Load (0.8ms)[0m  SELECT "roles".* FROM "roles" INNER JOIN "personal_roles" ON "roles"."id" = "personal_roles"."role_id" WHERE "personal_roles"."person_id" = $1  [["person_id", 119]]
11:58:39 web.1  |   [1m[36mPlaque Load (31.0ms)[0m  [1mSELECT "plaques".* FROM "plaques" INNER JOIN "personal_connections" ON "plaques"."id" = "personal_connections"."plaque_id" WHERE "personal_connections"."person_id" = $1[0m  [["person_id", 119]]
11:58:39 web.1  |   [1m[35mPersonalConnection Load (0.3ms)[0m  SELECT "personal_connections".* FROM "personal_connections"  WHERE "personal_connections"."plaque_id" = $1  [["plaque_id", 1254]]
11:58:39 web.1  |   [1m[36mPerson Load (11.4ms)[0m  [1mSELECT  "people".* FROM "people"  WHERE "people"."id" = $1 LIMIT 1[0m  [["id", 1933]]
11:58:39 web.1  |   [1m[35mCACHE (0.0ms)[0m  SELECT  "colours".* FROM "colours"  WHERE "colours"."id" = $1 LIMIT 1  [["id", 13]]
11:58:39 web.1  |   [1m[36mPhoto Load (0.4ms)[0m  [1mSELECT  "photos".* FROM "photos"  WHERE "photos"."plaque_id" = $1 AND "photos"."of_a_plaque" = 't'  ORDER BY shot ASC LIMIT 1[0m  [["plaque_id", 1254]]
11:58:39 web.1  |   [1m[35mPhoto Load (0.4ms)[0m  SELECT "photos".* FROM "photos"  WHERE "photos"."plaque_id" = $1 AND "photos"."of_a_plaque" = 't'  ORDER BY shot ASC  [["plaque_id", 1254]]
11:58:39 web.1  |   [1m[36mOrganisation Load (0.6ms)[0m  [1mSELECT "organisations".* FROM "organisations" INNER JOIN "sponsorships" ON "organisations"."id" = "sponsorships"."organisation_id" WHERE "sponsorships"."plaque_id" = $1[0m  [["plaque_id", 1254]]
11:58:39 web.1  |   [1m[35mCACHE (0.0ms)[0m  SELECT  "languages".* FROM "languages"  WHERE "languages"."id" = $1 LIMIT 1  [["id", 1]]
11:58:39 web.1  |   [1m[36mPersonalRole Load (20.3ms)[0m  [1mSELECT "personal_roles".* FROM "personal_roles"  WHERE "personal_roles"."person_id" = $1[0m  [["person_id", 1933]]
11:58:39 web.1  |   [1m[35mRole Load (8.8ms)[0m  SELECT  "roles".* FROM "roles"  WHERE "roles"."id" = $1 LIMIT 1  [["id", 2506]]
11:58:39 web.1  |   [1m[36mRole Load (0.5ms)[0m  [1mSELECT "roles".* FROM "roles" INNER JOIN "personal_roles" ON "roles"."id" = "personal_roles"."role_id" WHERE "personal_roles"."person_id" = $1[0m  [["person_id", 1933]]
11:58:39 web.1  |   [1m[35mPlaque Load (0.4ms)[0m  SELECT "plaques".* FROM "plaques" INNER JOIN "personal_connections" ON "plaques"."id" = "personal_connections"."plaque_id" WHERE "personal_connections"."person_id" = $1  [["person_id", 1933]]
11:58:39 web.1  |   [1m[36mPersonalConnection Load (0.3ms)[0m  [1mSELECT "personal_connections".* FROM "personal_connections"  WHERE "personal_connections"."plaque_id" = $1[0m  [["plaque_id", 1255]]
11:58:39 web.1  |   [1m[35mPerson Load (0.8ms)[0m  SELECT  "people".* FROM "people"  WHERE "people"."id" = $1 LIMIT 1  [["id", 1945]]
11:58:39 web.1  |   [1m[36mColour Load (0.3ms)[0m  [1mSELECT  "colours".* FROM "colours"  WHERE "colours"."id" = $1 LIMIT 1[0m  [["id", 15]]
11:58:39 web.1  |   [1m[35mPhoto Load (0.3ms)[0m  SELECT  "photos".* FROM "photos"  WHERE "photos"."plaque_id" = $1 AND "photos"."of_a_plaque" = 't'  ORDER BY shot ASC LIMIT 1  [["plaque_id", 1255]]
11:58:39 web.1  |   [1m[36mPhoto Load (0.3ms)[0m  [1mSELECT "photos".* FROM "photos"  WHERE "photos"."plaque_id" = $1 AND "photos"."of_a_plaque" = 't'  ORDER BY shot ASC[0m  [["plaque_id", 1255]]
11:58:39 web.1  |   [1m[35mOrganisation Load (0.7ms)[0m  SELECT "organisations".* FROM "organisations" INNER JOIN "sponsorships" ON "organisations"."id" = "sponsorships"."organisation_id" WHERE "sponsorships"."plaque_id" = $1  [["plaque_id", 1255]]
11:58:39 web.1  |   [1m[36mCACHE (0.0ms)[0m  [1mSELECT  "languages".* FROM "languages"  WHERE "languages"."id" = $1 LIMIT 1[0m  [["id", 1]]
11:58:39 web.1  |   [1m[35mPersonalRole Load (1.6ms)[0m  SELECT "personal_roles".* FROM "personal_roles"  WHERE "personal_roles"."person_id" = $1  [["person_id", 1945]]
11:58:40 web.1  |   [1m[36mRole Load (0.7ms)[0m  [1mSELECT  "roles".* FROM "roles"  WHERE "roles"."id" = $1 LIMIT 1[0m  [["id", 157]]
11:58:40 web.1  |   [1m[35mRole Load (0.3ms)[0m  SELECT  "roles".* FROM "roles"  WHERE "roles"."id" = $1 LIMIT 1  [["id", 49]]
11:58:40 web.1  |   [1m[36mRole Load (0.3ms)[0m  [1mSELECT "roles".* FROM "roles" INNER JOIN "personal_roles" ON "roles"."id" = "personal_roles"."role_id" WHERE "personal_roles"."person_id" = $1[0m  [["person_id", 1945]]
11:58:40 web.1  |   [1m[35mPlaque Load (9.6ms)[0m  SELECT "plaques".* FROM "plaques" INNER JOIN "personal_connections" ON "plaques"."id" = "personal_connections"."plaque_id" WHERE "personal_connections"."person_id" = $1  [["person_id", 1945]]
11:58:40 web.1  |   [1m[36mPersonalConnection Load (5.2ms)[0m  [1mSELECT "personal_connections".* FROM "personal_connections"  WHERE "personal_connections"."plaque_id" = $1[0m  [["plaque_id", 1263]]
11:58:40 web.1  |   [1m[35mPerson Load (0.3ms)[0m  SELECT  "people".* FROM "people"  WHERE "people"."id" = $1 LIMIT 1  [["id", 1805]]
11:58:40 web.1  |   [1m[36mCACHE (0.0ms)[0m  [1mSELECT  "colours".* FROM "colours"  WHERE "colours"."id" = $1 LIMIT 1[0m  [["id", 2]]
11:58:40 web.1  |   [1m[35mPhoto Load (0.5ms)[0m  SELECT  "photos".* FROM "photos"  WHERE "photos"."plaque_id" = $1 AND "photos"."of_a_plaque" = 't'  ORDER BY shot ASC LIMIT 1  [["plaque_id", 1263]]
11:58:40 web.1  |   [1m[36mPhoto Load (0.4ms)[0m  [1mSELECT "photos".* FROM "photos"  WHERE "photos"."plaque_id" = $1 AND "photos"."of_a_plaque" = 't'  ORDER BY shot ASC[0m  [["plaque_id", 1263]]
11:58:40 web.1  |   [1m[35mOrganisation Load (0.3ms)[0m  SELECT "organisations".* FROM "organisations" INNER JOIN "sponsorships" ON "organisations"."id" = "sponsorships"."organisation_id" WHERE "sponsorships"."plaque_id" = $1  [["plaque_id", 1263]]
11:58:40 web.1  |   [1m[36mCACHE (0.0ms)[0m  [1mSELECT  "languages".* FROM "languages"  WHERE "languages"."id" = $1 LIMIT 1[0m  [["id", 1]]
11:58:40 web.1  |   [1m[35mPersonalRole Load (0.3ms)[0m  SELECT "personal_roles".* FROM "personal_roles"  WHERE "personal_roles"."person_id" = $1  [["person_id", 1805]]
11:58:40 web.1  |   [1m[36mRole Load (0.3ms)[0m  [1mSELECT  "roles".* FROM "roles"  WHERE "roles"."id" = $1 LIMIT 1[0m  [["id", 809]]
11:58:40 web.1  |   [1m[35mRole Load (0.3ms)[0m  SELECT "roles".* FROM "roles" INNER JOIN "personal_roles" ON "roles"."id" = "personal_roles"."role_id" WHERE "personal_roles"."person_id" = $1  [["person_id", 1805]]
11:58:40 web.1  |   [1m[36mPlaque Load (0.6ms)[0m  [1mSELECT "plaques".* FROM "plaques" INNER JOIN "personal_connections" ON "plaques"."id" = "personal_connections"."plaque_id" WHERE "personal_connections"."person_id" = $1[0m  [["person_id", 1805]]
11:58:40 web.1  |   [1m[35mPersonalConnection Load (0.6ms)[0m  SELECT "personal_connections".* FROM "personal_connections"  WHERE "personal_connections"."plaque_id" = $1  [["plaque_id", 2057]]
11:58:40 web.1  |   [1m[36mCACHE (0.0ms)[0m  [1mSELECT  "colours".* FROM "colours"  WHERE "colours"."id" = $1 LIMIT 1[0m  [["id", 2]]
11:58:40 web.1  |   [1m[35mPhoto Load (3.9ms)[0m  SELECT  "photos".* FROM "photos"  WHERE "photos"."plaque_id" = $1 AND "photos"."of_a_plaque" = 't'  ORDER BY shot ASC LIMIT 1  [["plaque_id", 2057]]
11:58:40 web.1  |   [1m[36mPhoto Load (0.3ms)[0m  [1mSELECT "photos".* FROM "photos"  WHERE "photos"."plaque_id" = $1 AND "photos"."of_a_plaque" = 't'  ORDER BY shot ASC[0m  [["plaque_id", 2057]]
11:58:40 web.1  |   [1m[35mOrganisation Load (49.4ms)[0m  SELECT "organisations".* FROM "organisations" INNER JOIN "sponsorships" ON "organisations"."id" = "sponsorships"."organisation_id" WHERE "sponsorships"."plaque_id" = $1  [["plaque_id", 2057]]
11:58:40 web.1  |   [1m[36mCACHE (0.0ms)[0m  [1mSELECT  "languages".* FROM "languages"  WHERE "languages"."id" = $1 LIMIT 1[0m  [["id", 1]]
11:58:40 web.1  |   [1m[35mPersonalConnection Load (0.3ms)[0m  SELECT "personal_connections".* FROM "personal_connections"  WHERE "personal_connections"."plaque_id" = $1  [["plaque_id", 2058]]
11:58:40 web.1  |   [1m[36mPerson Load (1.1ms)[0m  [1mSELECT  "people".* FROM "people"  WHERE "people"."id" = $1 LIMIT 1[0m  [["id", 925]]
11:58:40 web.1  |   [1m[35mCACHE (0.0ms)[0m  SELECT  "colours".* FROM "colours"  WHERE "colours"."id" = $1 LIMIT 1  [["id", 2]]
11:58:40 web.1  |   [1m[36mPhoto Load (0.5ms)[0m  [1mSELECT  "photos".* FROM "photos"  WHERE "photos"."plaque_id" = $1 AND "photos"."of_a_plaque" = 't'  ORDER BY shot ASC LIMIT 1[0m  [["plaque_id", 2058]]
11:58:40 web.1  |   [1m[35mPhoto Load (0.4ms)[0m  SELECT "photos".* FROM "photos"  WHERE "photos"."plaque_id" = $1 AND "photos"."of_a_plaque" = 't'  ORDER BY shot ASC  [["plaque_id", 2058]]
11:58:40 web.1  |   [1m[36mOrganisation Load (10.6ms)[0m  [1mSELECT "organisations".* FROM "organisations" INNER JOIN "sponsorships" ON "organisations"."id" = "sponsorships"."organisation_id" WHERE "sponsorships"."plaque_id" = $1[0m  [["plaque_id", 2058]]
11:58:40 web.1  |   [1m[35mCACHE (0.0ms)[0m  SELECT  "languages".* FROM "languages"  WHERE "languages"."id" = $1 LIMIT 1  [["id", 1]]
11:58:40 web.1  |   [1m[36mPersonalRole Load (24.3ms)[0m  [1mSELECT "personal_roles".* FROM "personal_roles"  WHERE "personal_roles"."person_id" = $1[0m  [["person_id", 925]]
11:58:40 web.1  |   [1m[35mRole Load (0.3ms)[0m  SELECT  "roles".* FROM "roles"  WHERE "roles"."id" = $1 LIMIT 1  [["id", 689]]
11:58:40 web.1  |   [1m[36mRole Load (0.3ms)[0m  [1mSELECT  "roles".* FROM "roles"  WHERE "roles"."id" = $1 LIMIT 1[0m  [["id", 464]]
11:58:40 web.1  |   [1m[35mCACHE (0.0ms)[0m  SELECT  "roles".* FROM "roles"  WHERE "roles"."id" = $1 LIMIT 1  [["id", 1413]]
11:58:40 web.1  |   [1m[36mRole Load (0.4ms)[0m  [1mSELECT "roles".* FROM "roles" INNER JOIN "personal_roles" ON "roles"."id" = "personal_roles"."role_id" WHERE "personal_roles"."person_id" = $1[0m  [["person_id", 925]]
11:58:40 web.1  |   [1m[35mPlaque Load (19.2ms)[0m  SELECT "plaques".* FROM "plaques" INNER JOIN "personal_connections" ON "plaques"."id" = "personal_connections"."plaque_id" WHERE "personal_connections"."person_id" = $1  [["person_id", 925]]
11:58:40 web.1  |   [1m[36mPersonalConnection Load (0.3ms)[0m  [1mSELECT "personal_connections".* FROM "personal_connections"  WHERE "personal_connections"."plaque_id" = $1[0m  [["plaque_id", 2565]]
11:58:40 web.1  |   [1m[35mPerson Load (0.3ms)[0m  SELECT  "people".* FROM "people"  WHERE "people"."id" = $1 LIMIT 1  [["id", 1017]]
11:58:40 web.1  |   [1m[36mCACHE (0.0ms)[0m  [1mSELECT  "colours".* FROM "colours"  WHERE "colours"."id" = $1 LIMIT 1[0m  [["id", 6]]
11:58:40 web.1  |   [1m[35mPhoto Load (0.4ms)[0m  SELECT  "photos".* FROM "photos"  WHERE "photos"."plaque_id" = $1 AND "photos"."of_a_plaque" = 't'  ORDER BY shot ASC LIMIT 1  [["plaque_id", 2565]]
11:58:40 web.1  |   [1m[36mPhoto Load (0.4ms)[0m  [1mSELECT "photos".* FROM "photos"  WHERE "photos"."plaque_id" = $1 AND "photos"."of_a_plaque" = 't'  ORDER BY shot ASC[0m  [["plaque_id", 2565]]
11:58:40 web.1  |   [1m[35mOrganisation Load (0.8ms)[0m  SELECT "organisations".* FROM "organisations" INNER JOIN "sponsorships" ON "organisations"."id" = "sponsorships"."organisation_id" WHERE "sponsorships"."plaque_id" = $1  [["plaque_id", 2565]]
11:58:40 web.1  |   [1m[36mCACHE (0.0ms)[0m  [1mSELECT  "languages".* FROM "languages"  WHERE "languages"."id" = $1 LIMIT 1[0m  [["id", 1]]
11:58:40 web.1  |   [1m[35mPersonalRole Load (1.0ms)[0m  SELECT "personal_roles".* FROM "personal_roles"  WHERE "personal_roles"."person_id" = $1  [["person_id", 1017]]
11:58:40 web.1  |   [1m[36mRole Load (14.2ms)[0m  [1mSELECT  "roles".* FROM "roles"  WHERE "roles"."id" = $1 LIMIT 1[0m  [["id", 4744]]
11:58:40 web.1  |   [1m[35mRole Load (0.3ms)[0m  SELECT  "roles".* FROM "roles"  WHERE "roles"."id" = $1 LIMIT 1  [["id", 4786]]
11:58:40 web.1  |   [1m[36mRole Load (0.4ms)[0m  [1mSELECT "roles".* FROM "roles" INNER JOIN "personal_roles" ON "roles"."id" = "personal_roles"."role_id" WHERE "personal_roles"."person_id" = $1[0m  [["person_id", 1017]]
11:58:40 web.1  |   [1m[35mPlaque Load (10.9ms)[0m  SELECT "plaques".* FROM "plaques" INNER JOIN "personal_connections" ON "plaques"."id" = "personal_connections"."plaque_id" WHERE "personal_connections"."person_id" = $1  [["person_id", 1017]]
11:58:40 web.1  |   [1m[36mPersonalConnection Load (0.3ms)[0m  [1mSELECT "personal_connections".* FROM "personal_connections"  WHERE "personal_connections"."plaque_id" = $1[0m  [["plaque_id", 2577]]
11:58:40 web.1  |   [1m[35mPerson Load (28.4ms)[0m  SELECT  "people".* FROM "people"  WHERE "people"."id" = $1 LIMIT 1  [["id", 4661]]
11:58:40 web.1  |   [1m[36mPhoto Load (0.3ms)[0m  [1mSELECT  "photos".* FROM "photos"  WHERE "photos"."plaque_id" = $1 AND "photos"."of_a_plaque" = 't'  ORDER BY shot ASC LIMIT 1[0m  [["plaque_id", 2577]]
11:58:40 web.1  |   [1m[35mPhoto Load (0.3ms)[0m  SELECT "photos".* FROM "photos"  WHERE "photos"."plaque_id" = $1 AND "photos"."of_a_plaque" = 't'  ORDER BY shot ASC  [["plaque_id", 2577]]
11:58:40 web.1  |   [1m[36mOrganisation Load (0.3ms)[0m  [1mSELECT "organisations".* FROM "organisations" INNER JOIN "sponsorships" ON "organisations"."id" = "sponsorships"."organisation_id" WHERE "sponsorships"."plaque_id" = $1[0m  [["plaque_id", 2577]]
11:58:40 web.1  |   [1m[35mCACHE (0.0ms)[0m  SELECT  "languages".* FROM "languages"  WHERE "languages"."id" = $1 LIMIT 1  [["id", 1]]
11:58:40 web.1  |   [1m[36mPersonalRole Load (23.9ms)[0m  [1mSELECT "personal_roles".* FROM "personal_roles"  WHERE "personal_roles"."person_id" = $1[0m  [["person_id", 4661]]
11:58:40 web.1  |   [1m[35mRole Load (0.7ms)[0m  SELECT  "roles".* FROM "roles"  WHERE "roles"."id" = $1 LIMIT 1  [["id", 1725]]
11:58:40 web.1  |   [1m[36mRole Load (1.0ms)[0m  [1mSELECT  "roles".* FROM "roles"  WHERE "roles"."id" = $1 LIMIT 1[0m  [["id", 4154]]
11:58:40 web.1  |   [1m[35mRole Load (0.4ms)[0m  SELECT "roles".* FROM "roles" INNER JOIN "personal_roles" ON "roles"."id" = "personal_roles"."role_id" WHERE "personal_roles"."person_id" = $1  [["person_id", 4661]]
11:58:40 web.1  |   [1m[36mPlaque Load (11.1ms)[0m  [1mSELECT "plaques".* FROM "plaques" INNER JOIN "personal_connections" ON "plaques"."id" = "personal_connections"."plaque_id" WHERE "personal_connections"."person_id" = $1[0m  [["person_id", 4661]]
11:58:40 web.1  |   [1m[35mPersonalConnection Load (0.4ms)[0m  SELECT "personal_connections".* FROM "personal_connections"  WHERE "personal_connections"."plaque_id" = $1  [["plaque_id", 2569]]
11:58:40 web.1  |   [1m[36mPerson Load (0.4ms)[0m  [1mSELECT  "people".* FROM "people"  WHERE "people"."id" = $1 LIMIT 1[0m  [["id", 1441]]
11:58:40 web.1  |   [1m[35mPhoto Load (0.4ms)[0m  SELECT  "photos".* FROM "photos"  WHERE "photos"."plaque_id" = $1 AND "photos"."of_a_plaque" = 't'  ORDER BY shot ASC LIMIT 1  [["plaque_id", 2569]]
11:58:40 web.1  |   [1m[36mPhoto Load (0.3ms)[0m  [1mSELECT "photos".* FROM "photos"  WHERE "photos"."plaque_id" = $1 AND "photos"."of_a_plaque" = 't'  ORDER BY shot ASC[0m  [["plaque_id", 2569]]
11:58:40 web.1  |   [1m[35mOrganisation Load (0.3ms)[0m  SELECT "organisations".* FROM "organisations" INNER JOIN "sponsorships" ON "organisations"."id" = "sponsorships"."organisation_id" WHERE "sponsorships"."plaque_id" = $1  [["plaque_id", 2569]]
11:58:40 web.1  |   [1m[36mCACHE (0.0ms)[0m  [1mSELECT  "languages".* FROM "languages"  WHERE "languages"."id" = $1 LIMIT 1[0m  [["id", 1]]
11:58:40 web.1  |   [1m[35mPersonalRole Load (0.4ms)[0m  SELECT "personal_roles".* FROM "personal_roles"  WHERE "personal_roles"."person_id" = $1  [["person_id", 1441]]
11:58:40 web.1  |   [1m[36mRole Load (0.4ms)[0m  [1mSELECT  "roles".* FROM "roles"  WHERE "roles"."id" = $1 LIMIT 1[0m  [["id", 1085]]
11:58:40 web.1  |   [1m[35mRole Load (0.3ms)[0m  SELECT "roles".* FROM "roles" INNER JOIN "personal_roles" ON "roles"."id" = "personal_roles"."role_id" WHERE "personal_roles"."person_id" = $1  [["person_id", 1441]]
11:58:40 web.1  |   [1m[36mPlaque Load (0.4ms)[0m  [1mSELECT "plaques".* FROM "plaques" INNER JOIN "personal_connections" ON "plaques"."id" = "personal_connections"."plaque_id" WHERE "personal_connections"."person_id" = $1[0m  [["person_id", 1441]]
11:58:40 web.1  |   [1m[35mPersonalConnection Load (0.8ms)[0m  SELECT "personal_connections".* FROM "personal_connections"  WHERE "personal_connections"."plaque_id" = $1  [["plaque_id", 12783]]
11:58:40 web.1  |   [1m[36mPerson Load (0.3ms)[0m  [1mSELECT  "people".* FROM "people"  WHERE "people"."id" = $1 LIMIT 1[0m  [["id", 161]]
11:58:40 web.1  |   [1m[35mCACHE (0.0ms)[0m  SELECT  "people".* FROM "people"  WHERE "people"."id" = $1 LIMIT 1  [["id", 161]]
11:58:40 web.1  |   [1m[36mCACHE (0.0ms)[0m  [1mSELECT  "colours".* FROM "colours"  WHERE "colours"."id" = $1 LIMIT 1[0m  [["id", 2]]
11:58:40 web.1  |   [1m[35mPhoto Load (0.4ms)[0m  SELECT  "photos".* FROM "photos"  WHERE "photos"."plaque_id" = $1 AND "photos"."of_a_plaque" = 't'  ORDER BY shot ASC LIMIT 1  [["plaque_id", 12783]]
11:58:40 web.1  |   [1m[36mPhoto Load (0.3ms)[0m  [1mSELECT "photos".* FROM "photos"  WHERE "photos"."plaque_id" = $1 AND "photos"."of_a_plaque" = 't'  ORDER BY shot ASC[0m  [["plaque_id", 12783]]
11:58:40 web.1  |   [1m[35mOrganisation Load (8.5ms)[0m  SELECT "organisations".* FROM "organisations" INNER JOIN "sponsorships" ON "organisations"."id" = "sponsorships"."organisation_id" WHERE "sponsorships"."plaque_id" = $1  [["plaque_id", 12783]]
11:58:40 web.1  |   [1m[36mCACHE (0.0ms)[0m  [1mSELECT  "languages".* FROM "languages"  WHERE "languages"."id" = $1 LIMIT 1[0m  [["id", 1]]
11:58:40 web.1  |   [1m[35mPersonalRole Load (0.7ms)[0m  SELECT "personal_roles".* FROM "personal_roles"  WHERE "personal_roles"."person_id" = $1  [["person_id", 161]]
11:58:40 web.1  |   [1m[36mRole Load (0.3ms)[0m  [1mSELECT  "roles".* FROM "roles"  WHERE "roles"."id" = $1 LIMIT 1[0m  [["id", 44]]
11:58:40 web.1  |   [1m[35mRole Load (0.3ms)[0m  SELECT  "roles".* FROM "roles"  WHERE "roles"."id" = $1 LIMIT 1  [["id", 4]]
11:58:40 web.1  |   [1m[36mRole Load (5.5ms)[0m  [1mSELECT  "roles".* FROM "roles"  WHERE "roles"."id" = $1 LIMIT 1[0m  [["id", 392]]
11:58:40 web.1  |   [1m[35mRole Load (0.4ms)[0m  SELECT "roles".* FROM "roles" INNER JOIN "personal_roles" ON "roles"."id" = "personal_roles"."role_id" WHERE "personal_roles"."person_id" = $1  [["person_id", 161]]
11:58:40 web.1  |   [1m[36mPlaque Load (14.3ms)[0m  [1mSELECT "plaques".* FROM "plaques" INNER JOIN "personal_connections" ON "plaques"."id" = "personal_connections"."plaque_id" WHERE "personal_connections"."person_id" = $1[0m  [["person_id", 161]]
11:58:40 web.1  |   [1m[35mPersonalConnection Load (0.6ms)[0m  SELECT "personal_connections".* FROM "personal_connections"  WHERE "personal_connections"."plaque_id" = $1  [["plaque_id", 2270]]
11:58:40 web.1  |   [1m[36mPerson Load (13.6ms)[0m  [1mSELECT  "people".* FROM "people"  WHERE "people"."id" = $1 LIMIT 1[0m  [["id", 5494]]
11:58:40 web.1  |   [1m[35mCACHE (0.0ms)[0m  SELECT  "colours".* FROM "colours"  WHERE "colours"."id" = $1 LIMIT 1  [["id", 2]]
11:58:40 web.1  |   [1m[36mPhoto Load (0.4ms)[0m  [1mSELECT  "photos".* FROM "photos"  WHERE "photos"."plaque_id" = $1 AND "photos"."of_a_plaque" = 't'  ORDER BY shot ASC LIMIT 1[0m  [["plaque_id", 2270]]
11:58:40 web.1  |   [1m[35mPhoto Load (0.3ms)[0m  SELECT "photos".* FROM "photos"  WHERE "photos"."plaque_id" = $1 AND "photos"."of_a_plaque" = 't'  ORDER BY shot ASC  [["plaque_id", 2270]]
11:58:40 web.1  |   [1m[36mOrganisation Load (2.4ms)[0m  [1mSELECT "organisations".* FROM "organisations" INNER JOIN "sponsorships" ON "organisations"."id" = "sponsorships"."organisation_id" WHERE "sponsorships"."plaque_id" = $1[0m  [["plaque_id", 2270]]
11:58:40 web.1  |   [1m[35mCACHE (0.0ms)[0m  SELECT  "languages".* FROM "languages"  WHERE "languages"."id" = $1 LIMIT 1  [["id", 1]]
11:58:40 web.1  |   [1m[36mPersonalRole Load (10.5ms)[0m  [1mSELECT "personal_roles".* FROM "personal_roles"  WHERE "personal_roles"."person_id" = $1[0m  [["person_id", 5494]]
11:58:40 web.1  |   [1m[35mRole Load (0.3ms)[0m  SELECT  "roles".* FROM "roles"  WHERE "roles"."id" = $1 LIMIT 1  [["id", 4626]]
11:58:40 web.1  |   [1m[36mRole Load (0.3ms)[0m  [1mSELECT "roles".* FROM "roles" INNER JOIN "personal_roles" ON "roles"."id" = "personal_roles"."role_id" WHERE "personal_roles"."person_id" = $1[0m  [["person_id", 5494]]
11:58:40 web.1  |   [1m[35mPlaque Load (0.4ms)[0m  SELECT "plaques".* FROM "plaques" INNER JOIN "personal_connections" ON "plaques"."id" = "personal_connections"."plaque_id" WHERE "personal_connections"."person_id" = $1  [["person_id", 5494]]
11:58:40 web.1  |   [1m[36mPersonalConnection Load (18.3ms)[0m  [1mSELECT "personal_connections".* FROM "personal_connections"  WHERE "personal_connections"."plaque_id" = $1[0m  [["plaque_id", 3189]]
11:58:40 web.1  |   [1m[35mPerson Load (17.5ms)[0m  SELECT  "people".* FROM "people"  WHERE "people"."id" = $1 LIMIT 1  [["id", 9793]]
11:58:40 web.1  |   [1m[36mColour Load (0.4ms)[0m  [1mSELECT  "colours".* FROM "colours"  WHERE "colours"."id" = $1 LIMIT 1[0m  [["id", 4]]
11:58:41 web.1  |   [1m[35mPhoto Load (8.3ms)[0m  SELECT  "photos".* FROM "photos"  WHERE "photos"."plaque_id" = $1 AND "photos"."of_a_plaque" = 't'  ORDER BY shot ASC LIMIT 1  [["plaque_id", 3189]]
11:58:41 web.1  |   [1m[36mPhoto Load (0.3ms)[0m  [1mSELECT "photos".* FROM "photos"  WHERE "photos"."plaque_id" = $1 AND "photos"."of_a_plaque" = 't'  ORDER BY shot ASC[0m  [["plaque_id", 3189]]
11:58:41 web.1  |   [1m[35mOrganisation Load (0.4ms)[0m  SELECT "organisations".* FROM "organisations" INNER JOIN "sponsorships" ON "organisations"."id" = "sponsorships"."organisation_id" WHERE "sponsorships"."plaque_id" = $1  [["plaque_id", 3189]]
11:58:41 web.1  |   [1m[36mCACHE (0.0ms)[0m  [1mSELECT  "languages".* FROM "languages"  WHERE "languages"."id" = $1 LIMIT 1[0m  [["id", 1]]
11:58:41 web.1  |   [1m[35mPersonalRole Load (25.7ms)[0m  SELECT "personal_roles".* FROM "personal_roles"  WHERE "personal_roles"."person_id" = $1  [["person_id", 9793]]
11:58:41 web.1  |   [1m[36mRole Load (13.6ms)[0m  [1mSELECT  "roles".* FROM "roles"  WHERE "roles"."id" = $1 LIMIT 1[0m  [["id", 6566]]
11:58:41 web.1  |   [1m[35mRole Load (0.4ms)[0m  SELECT "roles".* FROM "roles" INNER JOIN "personal_roles" ON "roles"."id" = "personal_roles"."role_id" WHERE "personal_roles"."person_id" = $1  [["person_id", 9793]]
11:58:41 web.1  |   [1m[36mPlaque Load (14.0ms)[0m  [1mSELECT "plaques".* FROM "plaques" INNER JOIN "personal_connections" ON "plaques"."id" = "personal_connections"."plaque_id" WHERE "personal_connections"."person_id" = $1[0m  [["person_id", 9793]]
11:58:41 web.1  |   [1m[35mPersonalConnection Load (0.3ms)[0m  SELECT "personal_connections".* FROM "personal_connections"  WHERE "personal_connections"."plaque_id" = $1  [["plaque_id", 1047]]
11:58:41 web.1  |   [1m[36mPerson Load (0.3ms)[0m  [1mSELECT  "people".* FROM "people"  WHERE "people"."id" = $1 LIMIT 1[0m  [["id", 894]]
11:58:41 web.1  |   [1m[35mColour Load (0.3ms)[0m  SELECT  "colours".* FROM "colours"  WHERE "colours"."id" = $1 LIMIT 1  [["id", 8]]
11:58:41 web.1  |   [1m[36mPhoto Load (0.4ms)[0m  [1mSELECT  "photos".* FROM "photos"  WHERE "photos"."plaque_id" = $1 AND "photos"."of_a_plaque" = 't'  ORDER BY shot ASC LIMIT 1[0m  [["plaque_id", 1047]]
11:58:41 web.1  |   [1m[35mPhoto Load (0.3ms)[0m  SELECT "photos".* FROM "photos"  WHERE "photos"."plaque_id" = $1 AND "photos"."of_a_plaque" = 't'  ORDER BY shot ASC  [["plaque_id", 1047]]
11:58:41 web.1  |   [1m[36mOrganisation Load (0.3ms)[0m  [1mSELECT "organisations".* FROM "organisations" INNER JOIN "sponsorships" ON "organisations"."id" = "sponsorships"."organisation_id" WHERE "sponsorships"."plaque_id" = $1[0m  [["plaque_id", 1047]]
11:58:41 web.1  |   [1m[35mCACHE (0.0ms)[0m  SELECT  "languages".* FROM "languages"  WHERE "languages"."id" = $1 LIMIT 1  [["id", 1]]
11:58:41 web.1  |   [1m[36mPersonalRole Load (0.4ms)[0m  [1mSELECT "personal_roles".* FROM "personal_roles"  WHERE "personal_roles"."person_id" = $1[0m  [["person_id", 894]]
11:58:41 web.1  |   [1m[35mRole Load (9.4ms)[0m  SELECT  "roles".* FROM "roles"  WHERE "roles"."id" = $1 LIMIT 1  [["id", 2470]]
11:58:41 web.1  |   [1m[36mRole Load (0.3ms)[0m  [1mSELECT "roles".* FROM "roles" INNER JOIN "personal_roles" ON "roles"."id" = "personal_roles"."role_id" WHERE "personal_roles"."person_id" = $1[0m  [["person_id", 894]]
11:58:41 web.1  |   [1m[35mPlaque Load (0.5ms)[0m  SELECT "plaques".* FROM "plaques" INNER JOIN "personal_connections" ON "plaques"."id" = "personal_connections"."plaque_id" WHERE "personal_connections"."person_id" = $1  [["person_id", 894]]
11:58:41 web.1  |   [1m[36mPersonalConnection Load (0.9ms)[0m  [1mSELECT "personal_connections".* FROM "personal_connections"  WHERE "personal_connections"."plaque_id" = $1[0m  [["plaque_id", 1042]]
11:58:41 web.1  |   [1m[35mPerson Load (0.4ms)[0m  SELECT  "people".* FROM "people"  WHERE "people"."id" = $1 LIMIT 1  [["id", 1289]]
11:58:41 web.1  |   [1m[36mCACHE (0.0ms)[0m  [1mSELECT  "colours".* FROM "colours"  WHERE "colours"."id" = $1 LIMIT 1[0m  [["id", 6]]
11:58:41 web.1  |   [1m[35mPhoto Load (0.4ms)[0m  SELECT  "photos".* FROM "photos"  WHERE "photos"."plaque_id" = $1 AND "photos"."of_a_plaque" = 't'  ORDER BY shot ASC LIMIT 1  [["plaque_id", 1042]]
11:58:41 web.1  |   [1m[36mPhoto Load (0.3ms)[0m  [1mSELECT "photos".* FROM "photos"  WHERE "photos"."plaque_id" = $1 AND "photos"."of_a_plaque" = 't'  ORDER BY shot ASC[0m  [["plaque_id", 1042]]
11:58:41 web.1  |   [1m[35mOrganisation Load (0.4ms)[0m  SELECT "organisations".* FROM "organisations" INNER JOIN "sponsorships" ON "organisations"."id" = "sponsorships"."organisation_id" WHERE "sponsorships"."plaque_id" = $1  [["plaque_id", 1042]]
11:58:41 web.1  |   [1m[36mCACHE (0.0ms)[0m  [1mSELECT  "languages".* FROM "languages"  WHERE "languages"."id" = $1 LIMIT 1[0m  [["id", 1]]
11:58:41 web.1  |   [1m[35mPersonalRole Load (0.3ms)[0m  SELECT "personal_roles".* FROM "personal_roles"  WHERE "personal_roles"."person_id" = $1  [["person_id", 1289]]
11:58:41 web.1  |   [1m[36mRole Load (0.7ms)[0m  [1mSELECT  "roles".* FROM "roles"  WHERE "roles"."id" = $1 LIMIT 1[0m  [["id", 2]]
11:58:41 web.1  |   [1m[35mRole Load (0.3ms)[0m  SELECT  "roles".* FROM "roles"  WHERE "roles"."id" = $1 LIMIT 1  [["id", 33]]
11:58:41 web.1  |   [1m[36mRole Load (0.3ms)[0m  [1mSELECT "roles".* FROM "roles" INNER JOIN "personal_roles" ON "roles"."id" = "personal_roles"."role_id" WHERE "personal_roles"."person_id" = $1[0m  [["person_id", 1289]]
11:58:41 web.1  |   [1m[35mPlaque Load (0.4ms)[0m  SELECT "plaques".* FROM "plaques" INNER JOIN "personal_connections" ON "plaques"."id" = "personal_connections"."plaque_id" WHERE "personal_connections"."person_id" = $1  [["person_id", 1289]]
11:58:41 web.1  |   [1m[36mPersonalConnection Load (0.3ms)[0m  [1mSELECT "personal_connections".* FROM "personal_connections"  WHERE "personal_connections"."plaque_id" = $1[0m  [["plaque_id", 1046]]
11:58:41 web.1  |   [1m[35mPerson Load (11.6ms)[0m  SELECT  "people".* FROM "people"  WHERE "people"."id" = $1 LIMIT 1  [["id", 5720]]
11:58:41 web.1  |   [1m[36mCACHE (0.0ms)[0m  [1mSELECT  "colours".* FROM "colours"  WHERE "colours"."id" = $1 LIMIT 1[0m  [["id", 12]]
11:58:41 web.1  |   [1m[35mPhoto Load (0.4ms)[0m  SELECT  "photos".* FROM "photos"  WHERE "photos"."plaque_id" = $1 AND "photos"."of_a_plaque" = 't'  ORDER BY shot ASC LIMIT 1  [["plaque_id", 1046]]
11:58:41 web.1  |   [1m[36mPhoto Load (0.4ms)[0m  [1mSELECT "photos".* FROM "photos"  WHERE "photos"."plaque_id" = $1 AND "photos"."of_a_plaque" = 't'  ORDER BY shot ASC[0m  [["plaque_id", 1046]]
11:58:41 web.1  |   [1m[35mOrganisation Load (12.7ms)[0m  SELECT "organisations".* FROM "organisations" INNER JOIN "sponsorships" ON "organisations"."id" = "sponsorships"."organisation_id" WHERE "sponsorships"."plaque_id" = $1  [["plaque_id", 1046]]
11:58:41 web.1  |   [1m[36mCACHE (0.0ms)[0m  [1mSELECT  "languages".* FROM "languages"  WHERE "languages"."id" = $1 LIMIT 1[0m  [["id", 1]]
11:58:41 web.1  |   [1m[35mPersonalRole Load (10.3ms)[0m  SELECT "personal_roles".* FROM "personal_roles"  WHERE "personal_roles"."person_id" = $1  [["person_id", 5720]]
11:58:41 web.1  |   [1m[36mCACHE (0.0ms)[0m  [1mSELECT  "roles".* FROM "roles"  WHERE "roles"."id" = $1 LIMIT 1[0m  [["id", 4626]]
11:58:41 web.1  |   [1m[35mRole Load (0.7ms)[0m  SELECT  "roles".* FROM "roles"  WHERE "roles"."id" = $1 LIMIT 1  [["id", 4735]]
11:58:41 web.1  |   [1m[36mRole Load (0.3ms)[0m  [1mSELECT "roles".* FROM "roles" INNER JOIN "personal_roles" ON "roles"."id" = "personal_roles"."role_id" WHERE "personal_roles"."person_id" = $1[0m  [["person_id", 5720]]
11:58:41 web.1  |   [1m[35mPlaque Load (6.5ms)[0m  SELECT "plaques".* FROM "plaques" INNER JOIN "personal_connections" ON "plaques"."id" = "personal_connections"."plaque_id" WHERE "personal_connections"."person_id" = $1  [["person_id", 5720]]
11:58:41 web.1  |   [1m[36mPersonalConnection Load (0.4ms)[0m  [1mSELECT "personal_connections".* FROM "personal_connections"  WHERE "personal_connections"."plaque_id" = $1[0m  [["plaque_id", 2056]]
11:58:41 web.1  |   [1m[35mPerson Load (9.3ms)[0m  SELECT  "people".* FROM "people"  WHERE "people"."id" = $1 LIMIT 1  [["id", 3034]]
11:58:41 web.1  |   [1m[36mPerson Load (0.3ms)[0m  [1mSELECT  "people".* FROM "people"  WHERE "people"."id" = $1 LIMIT 1[0m  [["id", 3036]]
11:58:41 web.1  |   [1m[35mPerson Load (0.3ms)[0m  SELECT  "people".* FROM "people"  WHERE "people"."id" = $1 LIMIT 1  [["id", 3038]]
11:58:41 web.1  |   [1m[36mPerson Load (0.4ms)[0m  [1mSELECT  "people".* FROM "people"  WHERE "people"."id" = $1 LIMIT 1[0m  [["id", 3040]]
11:58:41 web.1  |   [1m[35mPerson Load (0.3ms)[0m  SELECT  "people".* FROM "people"  WHERE "people"."id" = $1 LIMIT 1  [["id", 3042]]
11:58:41 web.1  |   [1m[36mCACHE (0.0ms)[0m  [1mSELECT  "colours".* FROM "colours"  WHERE "colours"."id" = $1 LIMIT 1[0m  [["id", 15]]
11:58:41 web.1  |   [1m[35mPhoto Load (0.3ms)[0m  SELECT  "photos".* FROM "photos"  WHERE "photos"."plaque_id" = $1 AND "photos"."of_a_plaque" = 't'  ORDER BY shot ASC LIMIT 1  [["plaque_id", 2056]]
11:58:41 web.1  |   [1m[36mPhoto Load (0.3ms)[0m  [1mSELECT "photos".* FROM "photos"  WHERE "photos"."plaque_id" = $1 AND "photos"."of_a_plaque" = 't'  ORDER BY shot ASC[0m  [["plaque_id", 2056]]
11:58:41 web.1  |   [1m[35mOrganisation Load (0.4ms)[0m  SELECT "organisations".* FROM "organisations" INNER JOIN "sponsorships" ON "organisations"."id" = "sponsorships"."organisation_id" WHERE "sponsorships"."plaque_id" = $1  [["plaque_id", 2056]]
11:58:41 web.1  |   [1m[36mCACHE (0.0ms)[0m  [1mSELECT  "languages".* FROM "languages"  WHERE "languages"."id" = $1 LIMIT 1[0m  [["id", 1]]
11:58:41 web.1  |   [1m[35mPersonalRole Load (0.3ms)[0m  SELECT "personal_roles".* FROM "personal_roles"  WHERE "personal_roles"."person_id" = $1  [["person_id", 3034]]
11:58:41 web.1  |   [1m[36mRole Load (0.3ms)[0m  [1mSELECT "roles".* FROM "roles" INNER JOIN "personal_roles" ON "roles"."id" = "personal_roles"."role_id" WHERE "personal_roles"."person_id" = $1[0m  [["person_id", 3034]]
11:58:41 web.1  |   [1m[35mPersonalRole Load (0.3ms)[0m  SELECT "personal_roles".* FROM "personal_roles"  WHERE "personal_roles"."person_id" = $1  [["person_id", 3036]]
11:58:41 web.1  |   [1m[36mRole Load (0.3ms)[0m  [1mSELECT "roles".* FROM "roles" INNER JOIN "personal_roles" ON "roles"."id" = "personal_roles"."role_id" WHERE "personal_roles"."person_id" = $1[0m  [["person_id", 3036]]
11:58:41 web.1  |   [1m[35mPersonalRole Load (0.3ms)[0m  SELECT "personal_roles".* FROM "personal_roles"  WHERE "personal_roles"."person_id" = $1  [["person_id", 3038]]
11:58:41 web.1  |   [1m[36mRole Load (0.3ms)[0m  [1mSELECT "roles".* FROM "roles" INNER JOIN "personal_roles" ON "roles"."id" = "personal_roles"."role_id" WHERE "personal_roles"."person_id" = $1[0m  [["person_id", 3038]]
11:58:41 web.1  |   [1m[35mPersonalRole Load (0.3ms)[0m  SELECT "personal_roles".* FROM "personal_roles"  WHERE "personal_roles"."person_id" = $1  [["person_id", 3040]]
11:58:41 web.1  |   [1m[36mRole Load (0.3ms)[0m  [1mSELECT "roles".* FROM "roles" INNER JOIN "personal_roles" ON "roles"."id" = "personal_roles"."role_id" WHERE "personal_roles"."person_id" = $1[0m  [["person_id", 3040]]
11:58:41 web.1  |   [1m[35mPersonalRole Load (0.3ms)[0m  SELECT "personal_roles".* FROM "personal_roles"  WHERE "personal_roles"."person_id" = $1  [["person_id", 3042]]
11:58:41 web.1  |   [1m[36mRole Load (0.3ms)[0m  [1mSELECT "roles".* FROM "roles" INNER JOIN "personal_roles" ON "roles"."id" = "personal_roles"."role_id" WHERE "personal_roles"."person_id" = $1[0m  [["person_id", 3042]]
11:58:41 web.1  |   [1m[35mPlaque Load (0.4ms)[0m  SELECT "plaques".* FROM "plaques" INNER JOIN "personal_connections" ON "plaques"."id" = "personal_connections"."plaque_id" WHERE "personal_connections"."person_id" = $1  [["person_id", 3034]]
11:58:41 web.1  |   [1m[36mPlaque Load (0.5ms)[0m  [1mSELECT "plaques".* FROM "plaques" INNER JOIN "personal_connections" ON "plaques"."id" = "personal_connections"."plaque_id" WHERE "personal_connections"."person_id" = $1[0m  [["person_id", 3036]]
11:58:41 web.1  |   [1m[35mPlaque Load (0.4ms)[0m  SELECT "plaques".* FROM "plaques" INNER JOIN "personal_connections" ON "plaques"."id" = "personal_connections"."plaque_id" WHERE "personal_connections"."person_id" = $1  [["person_id", 3038]]
11:58:41 web.1  |   [1m[36mPlaque Load (0.4ms)[0m  [1mSELECT "plaques".* FROM "plaques" INNER JOIN "personal_connections" ON "plaques"."id" = "personal_connections"."plaque_id" WHERE "personal_connections"."person_id" = $1[0m  [["person_id", 3040]]
11:58:41 web.1  |   [1m[35mPlaque Load (0.4ms)[0m  SELECT "plaques".* FROM "plaques" INNER JOIN "personal_connections" ON "plaques"."id" = "personal_connections"."plaque_id" WHERE "personal_connections"."person_id" = $1  [["person_id", 3042]]
11:58:41 web.1  |   [1m[36mPersonalConnection Load (0.3ms)[0m  [1mSELECT "personal_connections".* FROM "personal_connections"  WHERE "personal_connections"."plaque_id" = $1[0m  [["plaque_id", 3666]]
11:58:41 web.1  |   [1m[35mCACHE (0.0ms)[0m  SELECT  "colours".* FROM "colours"  WHERE "colours"."id" = $1 LIMIT 1  [["id", 15]]
11:58:41 web.1  |   [1m[36mPhoto Load (8.9ms)[0m  [1mSELECT  "photos".* FROM "photos"  WHERE "photos"."plaque_id" = $1 AND "photos"."of_a_plaque" = 't'  ORDER BY shot ASC LIMIT 1[0m  [["plaque_id", 3666]]
11:58:41 web.1  |   [1m[35mPhoto Load (0.3ms)[0m  SELECT "photos".* FROM "photos"  WHERE "photos"."plaque_id" = $1 AND "photos"."of_a_plaque" = 't'  ORDER BY shot ASC  [["plaque_id", 3666]]
11:58:41 web.1  |   [1m[36mOrganisation Load (39.0ms)[0m  [1mSELECT "organisations".* FROM "organisations" INNER JOIN "sponsorships" ON "organisations"."id" = "sponsorships"."organisation_id" WHERE "sponsorships"."plaque_id" = $1[0m  [["plaque_id", 3666]]
11:58:41 web.1  |   [1m[35mCACHE (0.0ms)[0m  SELECT  "languages".* FROM "languages"  WHERE "languages"."id" = $1 LIMIT 1  [["id", 1]]
11:58:41 web.1  |   [1m[36mPersonalConnection Load (0.4ms)[0m  [1mSELECT "personal_connections".* FROM "personal_connections"  WHERE "personal_connections"."plaque_id" = $1[0m  [["plaque_id", 1048]]
11:58:41 web.1  |   [1m[35mPerson Load (0.3ms)[0m  SELECT  "people".* FROM "people"  WHERE "people"."id" = $1 LIMIT 1  [["id", 5632]]
11:58:41 web.1  |   [1m[36mCACHE (0.0ms)[0m  [1mSELECT  "colours".* FROM "colours"  WHERE "colours"."id" = $1 LIMIT 1[0m  [["id", 2]]
11:58:41 web.1  |   [1m[35mPhoto Load (0.4ms)[0m  SELECT  "photos".* FROM "photos"  WHERE "photos"."plaque_id" = $1 AND "photos"."of_a_plaque" = 't'  ORDER BY shot ASC LIMIT 1  [["plaque_id", 1048]]
11:58:41 web.1  |   [1m[36mPhoto Load (0.4ms)[0m  [1mSELECT "photos".* FROM "photos"  WHERE "photos"."plaque_id" = $1 AND "photos"."of_a_plaque" = 't'  ORDER BY shot ASC[0m  [["plaque_id", 1048]]
11:58:41 web.1  |   [1m[35mOrganisation Load (0.3ms)[0m  SELECT "organisations".* FROM "organisations" INNER JOIN "sponsorships" ON "organisations"."id" = "sponsorships"."organisation_id" WHERE "sponsorships"."plaque_id" = $1  [["plaque_id", 1048]]
11:58:41 web.1  |   [1m[36mCACHE (0.0ms)[0m  [1mSELECT  "languages".* FROM "languages"  WHERE "languages"."id" = $1 LIMIT 1[0m  [["id", 1]]
11:58:41 web.1  |   [1m[35mPersonalRole Load (11.6ms)[0m  SELECT "personal_roles".* FROM "personal_roles"  WHERE "personal_roles"."person_id" = $1  [["person_id", 5632]]
11:58:41 web.1  |   [1m[36mRole Load (18.6ms)[0m  [1mSELECT  "roles".* FROM "roles"  WHERE "roles"."id" = $1 LIMIT 1[0m  [["id", 6007]]
11:58:41 web.1  |   [1m[35mRole Load (0.3ms)[0m  SELECT "roles".* FROM "roles" INNER JOIN "personal_roles" ON "roles"."id" = "personal_roles"."role_id" WHERE "personal_roles"."person_id" = $1  [["person_id", 5632]]
11:58:41 web.1  |   [1m[36mPlaque Load (0.4ms)[0m  [1mSELECT "plaques".* FROM "plaques" INNER JOIN "personal_connections" ON "plaques"."id" = "personal_connections"."plaque_id" WHERE "personal_connections"."person_id" = $1[0m  [["person_id", 5632]]
11:58:41 web.1  |   [1m[35mPersonalConnection Load (0.3ms)[0m  SELECT "personal_connections".* FROM "personal_connections"  WHERE "personal_connections"."plaque_id" = $1  [["plaque_id", 976]]
11:58:41 web.1  |   [1m[36mPerson Load (17.6ms)[0m  [1mSELECT  "people".* FROM "people"  WHERE "people"."id" = $1 LIMIT 1[0m  [["id", 3920]]
11:58:41 web.1  |   [1m[35mCACHE (0.0ms)[0m  SELECT  "colours".* FROM "colours"  WHERE "colours"."id" = $1 LIMIT 1  [["id", 2]]
11:58:41 web.1  |   [1m[36mPhoto Load (0.4ms)[0m  [1mSELECT  "photos".* FROM "photos"  WHERE "photos"."plaque_id" = $1 AND "photos"."of_a_plaque" = 't'  ORDER BY shot ASC LIMIT 1[0m  [["plaque_id", 976]]
11:58:41 web.1  |   [1m[35mPhoto Load (0.4ms)[0m  SELECT "photos".* FROM "photos"  WHERE "photos"."plaque_id" = $1 AND "photos"."of_a_plaque" = 't'  ORDER BY shot ASC  [["plaque_id", 976]]
11:58:41 web.1  |   [1m[36mOrganisation Load (0.3ms)[0m  [1mSELECT "organisations".* FROM "organisations" INNER JOIN "sponsorships" ON "organisations"."id" = "sponsorships"."organisation_id" WHERE "sponsorships"."plaque_id" = $1[0m  [["plaque_id", 976]]
11:58:41 web.1  |   [1m[35mCACHE (0.0ms)[0m  SELECT  "languages".* FROM "languages"  WHERE "languages"."id" = $1 LIMIT 1  [["id", 1]]
11:58:41 web.1  |   [1m[36mPersonalRole Load (38.7ms)[0m  [1mSELECT "personal_roles".* FROM "personal_roles"  WHERE "personal_roles"."person_id" = $1[0m  [["person_id", 3920]]
11:58:41 web.1  |   [1m[35mRole Load (22.0ms)[0m  SELECT  "roles".* FROM "roles"  WHERE "roles"."id" = $1 LIMIT 1  [["id", 3522]]
11:58:41 web.1  |   [1m[36mRole Load (0.4ms)[0m  [1mSELECT "roles".* FROM "roles" INNER JOIN "personal_roles" ON "roles"."id" = "personal_roles"."role_id" WHERE "personal_roles"."person_id" = $1[0m  [["person_id", 3920]]
11:58:41 web.1  |   [1m[35mPlaque Load (7.6ms)[0m  SELECT "plaques".* FROM "plaques" INNER JOIN "personal_connections" ON "plaques"."id" = "personal_connections"."plaque_id" WHERE "personal_connections"."person_id" = $1  [["person_id", 3920]]
11:58:41 web.1  |   [1m[36mPersonalConnection Load (0.7ms)[0m  [1mSELECT "personal_connections".* FROM "personal_connections"  WHERE "personal_connections"."plaque_id" = $1[0m  [["plaque_id", 3800]]
11:58:41 web.1  |   [1m[35mPerson Load (20.5ms)[0m  SELECT  "people".* FROM "people"  WHERE "people"."id" = $1 LIMIT 1  [["id", 2638]]
11:58:41 web.1  |   [1m[36mCACHE (0.0ms)[0m  [1mSELECT  "colours".* FROM "colours"  WHERE "colours"."id" = $1 LIMIT 1[0m  [["id", 2]]
11:58:41 web.1  |   [1m[35mPhoto Load (0.5ms)[0m  SELECT  "photos".* FROM "photos"  WHERE "photos"."plaque_id" = $1 AND "photos"."of_a_plaque" = 't'  ORDER BY shot ASC LIMIT 1  [["plaque_id", 3800]]
11:58:41 web.1  |   [1m[36mPhoto Load (0.3ms)[0m  [1mSELECT "photos".* FROM "photos"  WHERE "photos"."plaque_id" = $1 AND "photos"."of_a_plaque" = 't'  ORDER BY shot ASC[0m  [["plaque_id", 3800]]
11:58:41 web.1  |   [1m[35mOrganisation Load (0.4ms)[0m  SELECT "organisations".* FROM "organisations" INNER JOIN "sponsorships" ON "organisations"."id" = "sponsorships"."organisation_id" WHERE "sponsorships"."plaque_id" = $1  [["plaque_id", 3800]]
11:58:41 web.1  |   [1m[36mCACHE (0.0ms)[0m  [1mSELECT  "languages".* FROM "languages"  WHERE "languages"."id" = $1 LIMIT 1[0m  [["id", 1]]
11:58:41 web.1  |   [1m[35mPersonalRole Load (0.9ms)[0m  SELECT "personal_roles".* FROM "personal_roles"  WHERE "personal_roles"."person_id" = $1  [["person_id", 2638]]
11:58:41 web.1  |   [1m[36mCACHE (0.0ms)[0m  [1mSELECT  "roles".* FROM "roles"  WHERE "roles"."id" = $1 LIMIT 1[0m  [["id", 57]]
11:58:41 web.1  |   [1m[35mRole Load (0.3ms)[0m  SELECT "roles".* FROM "roles" INNER JOIN "personal_roles" ON "roles"."id" = "personal_roles"."role_id" WHERE "personal_roles"."person_id" = $1  [["person_id", 2638]]
11:58:41 web.1  |   [1m[36mPlaque Load (9.7ms)[0m  [1mSELECT "plaques".* FROM "plaques" INNER JOIN "personal_connections" ON "plaques"."id" = "personal_connections"."plaque_id" WHERE "personal_connections"."person_id" = $1[0m  [["person_id", 2638]]
11:58:41 web.1  |   [1m[35mPersonalConnection Load (0.3ms)[0m  SELECT "personal_connections".* FROM "personal_connections"  WHERE "personal_connections"."plaque_id" = $1  [["plaque_id", 1050]]
11:58:41 web.1  |   [1m[36mPerson Load (0.3ms)[0m  [1mSELECT  "people".* FROM "people"  WHERE "people"."id" = $1 LIMIT 1[0m  [["id", 1453]]
11:58:41 web.1  |   [1m[35mCACHE (0.0ms)[0m  SELECT  "colours".* FROM "colours"  WHERE "colours"."id" = $1 LIMIT 1  [["id", 8]]
11:58:42 web.1  |   [1m[36mPhoto Load (0.3ms)[0m  [1mSELECT  "photos".* FROM "photos"  WHERE "photos"."plaque_id" = $1 AND "photos"."of_a_plaque" = 't'  ORDER BY shot ASC LIMIT 1[0m  [["plaque_id", 1050]]
11:58:42 web.1  |   [1m[35mPhoto Load (0.3ms)[0m  SELECT "photos".* FROM "photos"  WHERE "photos"."plaque_id" = $1 AND "photos"."of_a_plaque" = 't'  ORDER BY shot ASC  [["plaque_id", 1050]]
11:58:42 web.1  |   [1m[36mOrganisation Load (0.4ms)[0m  [1mSELECT "organisations".* FROM "organisations" INNER JOIN "sponsorships" ON "organisations"."id" = "sponsorships"."organisation_id" WHERE "sponsorships"."plaque_id" = $1[0m  [["plaque_id", 1050]]
11:58:42 web.1  |   [1m[35mCACHE (0.0ms)[0m  SELECT  "languages".* FROM "languages"  WHERE "languages"."id" = $1 LIMIT 1  [["id", 1]]
11:58:42 web.1  |   [1m[36mPersonalRole Load (0.7ms)[0m  [1mSELECT "personal_roles".* FROM "personal_roles"  WHERE "personal_roles"."person_id" = $1[0m  [["person_id", 1453]]
11:58:42 web.1  |   [1m[35mRole Load (0.6ms)[0m  SELECT  "roles".* FROM "roles"  WHERE "roles"."id" = $1 LIMIT 1  [["id", 5122]]
11:58:42 web.1  |   [1m[36mRole Load (0.3ms)[0m  [1mSELECT "roles".* FROM "roles" INNER JOIN "personal_roles" ON "roles"."id" = "personal_roles"."role_id" WHERE "personal_roles"."person_id" = $1[0m  [["person_id", 1453]]
11:58:42 web.1  |   [1m[35mPlaque Load (0.4ms)[0m  SELECT "plaques".* FROM "plaques" INNER JOIN "personal_connections" ON "plaques"."id" = "personal_connections"."plaque_id" WHERE "personal_connections"."person_id" = $1  [["person_id", 1453]]
11:58:42 web.1  |   [1m[36mPersonalConnection Load (0.3ms)[0m  [1mSELECT "personal_connections".* FROM "personal_connections"  WHERE "personal_connections"."plaque_id" = $1[0m  [["plaque_id", 1051]]
11:58:42 web.1  |   [1m[35mPerson Load (0.7ms)[0m  SELECT  "people".* FROM "people"  WHERE "people"."id" = $1 LIMIT 1  [["id", 1445]]
11:58:42 web.1  |   [1m[36mPerson Load (0.3ms)[0m  [1mSELECT  "people".* FROM "people"  WHERE "people"."id" = $1 LIMIT 1[0m  [["id", 1449]]
11:58:42 web.1  |   [1m[35mCACHE (0.2ms)[0m  SELECT  "colours".* FROM "colours"  WHERE "colours"."id" = $1 LIMIT 1  [["id", 2]]
11:58:42 web.1  |   [1m[36mPhoto Load (0.4ms)[0m  [1mSELECT  "photos".* FROM "photos"  WHERE "photos"."plaque_id" = $1 AND "photos"."of_a_plaque" = 't'  ORDER BY shot ASC LIMIT 1[0m  [["plaque_id", 1051]]
11:58:42 web.1  |   [1m[35mPhoto Load (0.3ms)[0m  SELECT "photos".* FROM "photos"  WHERE "photos"."plaque_id" = $1 AND "photos"."of_a_plaque" = 't'  ORDER BY shot ASC  [["plaque_id", 1051]]
11:58:42 web.1  |   [1m[36mOrganisation Load (0.4ms)[0m  [1mSELECT "organisations".* FROM "organisations" INNER JOIN "sponsorships" ON "organisations"."id" = "sponsorships"."organisation_id" WHERE "sponsorships"."plaque_id" = $1[0m  [["plaque_id", 1051]]
11:58:42 web.1  |   [1m[35mCACHE (0.0ms)[0m  SELECT  "languages".* FROM "languages"  WHERE "languages"."id" = $1 LIMIT 1  [["id", 1]]
11:58:42 web.1  |   [1m[36mPersonalRole Load (17.1ms)[0m  [1mSELECT "personal_roles".* FROM "personal_roles"  WHERE "personal_roles"."person_id" = $1[0m  [["person_id", 1445]]
11:58:42 web.1  |   [1m[35mRole Load (12.5ms)[0m  SELECT  "roles".* FROM "roles"  WHERE "roles"."id" = $1 LIMIT 1  [["id", 4742]]
11:58:42 web.1  |   [1m[36mRole Load (0.3ms)[0m  [1mSELECT  "roles".* FROM "roles"  WHERE "roles"."id" = $1 LIMIT 1[0m  [["id", 4747]]
11:58:42 web.1  |   [1m[35mRole Load (0.7ms)[0m  SELECT "roles".* FROM "roles" INNER JOIN "personal_roles" ON "roles"."id" = "personal_roles"."role_id" WHERE "personal_roles"."person_id" = $1  [["person_id", 1445]]
11:58:42 web.1  |   [1m[36mPersonalRole Load (0.6ms)[0m  [1mSELECT "personal_roles".* FROM "personal_roles"  WHERE "personal_roles"."person_id" = $1[0m  [["person_id", 1449]]
11:58:42 web.1  |   [1m[35mRole Load (0.9ms)[0m  SELECT "roles".* FROM "roles" INNER JOIN "personal_roles" ON "roles"."id" = "personal_roles"."role_id" WHERE "personal_roles"."person_id" = $1  [["person_id", 1449]]
11:58:42 web.1  |   [1m[36mPlaque Load (71.1ms)[0m  [1mSELECT "plaques".* FROM "plaques" INNER JOIN "personal_connections" ON "plaques"."id" = "personal_connections"."plaque_id" WHERE "personal_connections"."person_id" = $1[0m  [["person_id", 1445]]
11:58:42 web.1  |   [1m[35mPlaque Load (9.8ms)[0m  SELECT "plaques".* FROM "plaques" INNER JOIN "personal_connections" ON "plaques"."id" = "personal_connections"."plaque_id" WHERE "personal_connections"."person_id" = $1  [["person_id", 1449]]
11:58:42 web.1  |   [1m[36mPersonalConnection Load (0.3ms)[0m  [1mSELECT "personal_connections".* FROM "personal_connections"  WHERE "personal_connections"."plaque_id" = $1[0m  [["plaque_id", 1054]]
11:58:42 web.1  |   [1m[35mPerson Load (0.3ms)[0m  SELECT  "people".* FROM "people"  WHERE "people"."id" = $1 LIMIT 1  [["id", 1293]]
11:58:42 web.1  |   [1m[36mCACHE (0.0ms)[0m  [1mSELECT  "colours".* FROM "colours"  WHERE "colours"."id" = $1 LIMIT 1[0m  [["id", 6]]
11:58:42 web.1  |   [1m[35mPhoto Load (0.4ms)[0m  SELECT  "photos".* FROM "photos"  WHERE "photos"."plaque_id" = $1 AND "photos"."of_a_plaque" = 't'  ORDER BY shot ASC LIMIT 1  [["plaque_id", 1054]]
11:58:42 web.1  |   [1m[36mPhoto Load (0.4ms)[0m  [1mSELECT "photos".* FROM "photos"  WHERE "photos"."plaque_id" = $1 AND "photos"."of_a_plaque" = 't'  ORDER BY shot ASC[0m  [["plaque_id", 1054]]
11:58:42 web.1  |   [1m[35mOrganisation Load (0.4ms)[0m  SELECT "organisations".* FROM "organisations" INNER JOIN "sponsorships" ON "organisations"."id" = "sponsorships"."organisation_id" WHERE "sponsorships"."plaque_id" = $1  [["plaque_id", 1054]]
11:58:42 web.1  |   [1m[36mCACHE (0.0ms)[0m  [1mSELECT  "languages".* FROM "languages"  WHERE "languages"."id" = $1 LIMIT 1[0m  [["id", 1]]
11:58:42 web.1  |   [1m[35mPersonalRole Load (0.3ms)[0m  SELECT "personal_roles".* FROM "personal_roles"  WHERE "personal_roles"."person_id" = $1  [["person_id", 1293]]
11:58:42 web.1  |   [1m[36mRole Load (0.3ms)[0m  [1mSELECT  "roles".* FROM "roles"  WHERE "roles"."id" = $1 LIMIT 1[0m  [["id", 909]]
11:58:42 web.1  |   [1m[35mCACHE (0.0ms)[0m  SELECT  "roles".* FROM "roles"  WHERE "roles"."id" = $1 LIMIT 1  [["id", 1413]]
11:58:42 web.1  |   [1m[36mRole Load (0.3ms)[0m  [1mSELECT "roles".* FROM "roles" INNER JOIN "personal_roles" ON "roles"."id" = "personal_roles"."role_id" WHERE "personal_roles"."person_id" = $1[0m  [["person_id", 1293]]
11:58:42 web.1  |   [1m[35mPlaque Load (0.4ms)[0m  SELECT "plaques".* FROM "plaques" INNER JOIN "personal_connections" ON "plaques"."id" = "personal_connections"."plaque_id" WHERE "personal_connections"."person_id" = $1  [["person_id", 1293]]
11:58:42 web.1  |   [1m[36mPersonalConnection Load (0.3ms)[0m  [1mSELECT "personal_connections".* FROM "personal_connections"  WHERE "personal_connections"."plaque_id" = $1[0m  [["plaque_id", 1057]]
11:58:42 web.1  |   [1m[35mPerson Load (0.3ms)[0m  SELECT  "people".* FROM "people"  WHERE "people"."id" = $1 LIMIT 1  [["id", 1461]]
11:58:42 web.1  |   [1m[36mPerson Load (0.3ms)[0m  [1mSELECT  "people".* FROM "people"  WHERE "people"."id" = $1 LIMIT 1[0m  [["id", 1465]]
11:58:42 web.1  |   [1m[35mCACHE (0.0ms)[0m  SELECT  "colours".* FROM "colours"  WHERE "colours"."id" = $1 LIMIT 1  [["id", 6]]
11:58:42 web.1  |   [1m[36mPhoto Load (0.4ms)[0m  [1mSELECT  "photos".* FROM "photos"  WHERE "photos"."plaque_id" = $1 AND "photos"."of_a_plaque" = 't'  ORDER BY shot ASC LIMIT 1[0m  [["plaque_id", 1057]]
11:58:42 web.1  |   [1m[35mPhoto Load (0.4ms)[0m  SELECT "photos".* FROM "photos"  WHERE "photos"."plaque_id" = $1 AND "photos"."of_a_plaque" = 't'  ORDER BY shot ASC  [["plaque_id", 1057]]
11:58:42 web.1  |   [1m[36mOrganisation Load (0.3ms)[0m  [1mSELECT "organisations".* FROM "organisations" INNER JOIN "sponsorships" ON "organisations"."id" = "sponsorships"."organisation_id" WHERE "sponsorships"."plaque_id" = $1[0m  [["plaque_id", 1057]]
11:58:42 web.1  |   [1m[35mCACHE (0.0ms)[0m  SELECT  "languages".* FROM "languages"  WHERE "languages"."id" = $1 LIMIT 1  [["id", 1]]
11:58:42 web.1  |   [1m[36mPersonalRole Load (17.1ms)[0m  [1mSELECT "personal_roles".* FROM "personal_roles"  WHERE "personal_roles"."person_id" = $1[0m  [["person_id", 1461]]
11:58:42 web.1  |   [1m[35mCACHE (0.0ms)[0m  SELECT  "roles".* FROM "roles"  WHERE "roles"."id" = $1 LIMIT 1  [["id", 28]]
11:58:42 web.1  |   [1m[36mRole Load (0.3ms)[0m  [1mSELECT "roles".* FROM "roles" INNER JOIN "personal_roles" ON "roles"."id" = "personal_roles"."role_id" WHERE "personal_roles"."person_id" = $1[0m  [["person_id", 1461]]
11:58:42 web.1  |   [1m[35mPersonalRole Load (0.7ms)[0m  SELECT "personal_roles".* FROM "personal_roles"  WHERE "personal_roles"."person_id" = $1  [["person_id", 1465]]
11:58:42 web.1  |   [1m[36mRole Load (0.3ms)[0m  [1mSELECT  "roles".* FROM "roles"  WHERE "roles"."id" = $1 LIMIT 1[0m  [["id", 1721]]
11:58:42 web.1  |   [1m[35mRole Load (0.7ms)[0m  SELECT  "roles".* FROM "roles"  WHERE "roles"."id" = $1 LIMIT 1  [["id", 2524]]
11:58:42 web.1  |   [1m[36mRole Load (0.3ms)[0m  [1mSELECT "roles".* FROM "roles" INNER JOIN "personal_roles" ON "roles"."id" = "personal_roles"."role_id" WHERE "personal_roles"."person_id" = $1[0m  [["person_id", 1465]]
11:58:42 web.1  |   [1m[35mPlaque Load (1.6ms)[0m  SELECT "plaques".* FROM "plaques" INNER JOIN "personal_connections" ON "plaques"."id" = "personal_connections"."plaque_id" WHERE "personal_connections"."person_id" = $1  [["person_id", 1461]]
11:58:42 web.1  |   [1m[36mPlaque Load (0.4ms)[0m  [1mSELECT "plaques".* FROM "plaques" INNER JOIN "personal_connections" ON "plaques"."id" = "personal_connections"."plaque_id" WHERE "personal_connections"."person_id" = $1[0m  [["person_id", 1465]]
11:58:42 web.1  |   [1m[35mPersonalConnection Load (0.3ms)[0m  SELECT "personal_connections".* FROM "personal_connections"  WHERE "personal_connections"."plaque_id" = $1  [["plaque_id", 1058]]
11:58:42 web.1  |   [1m[36mPerson Load (0.3ms)[0m  [1mSELECT  "people".* FROM "people"  WHERE "people"."id" = $1 LIMIT 1[0m  [["id", 1301]]
11:58:42 web.1  |   [1m[35mCACHE (0.1ms)[0m  SELECT  "colours".* FROM "colours"  WHERE "colours"."id" = $1 LIMIT 1  [["id", 2]]
11:58:42 web.1  |   [1m[36mPhoto Load (0.4ms)[0m  [1mSELECT  "photos".* FROM "photos"  WHERE "photos"."plaque_id" = $1 AND "photos"."of_a_plaque" = 't'  ORDER BY shot ASC LIMIT 1[0m  [["plaque_id", 1058]]
11:58:42 web.1  |   [1m[35mPhoto Load (0.3ms)[0m  SELECT "photos".* FROM "photos"  WHERE "photos"."plaque_id" = $1 AND "photos"."of_a_plaque" = 't'  ORDER BY shot ASC  [["plaque_id", 1058]]
11:58:42 web.1  |   [1m[36mOrganisation Load (0.4ms)[0m  [1mSELECT "organisations".* FROM "organisations" INNER JOIN "sponsorships" ON "organisations"."id" = "sponsorships"."organisation_id" WHERE "sponsorships"."plaque_id" = $1[0m  [["plaque_id", 1058]]
11:58:42 web.1  |   [1m[35mCACHE (0.0ms)[0m  SELECT  "languages".* FROM "languages"  WHERE "languages"."id" = $1 LIMIT 1  [["id", 1]]
11:58:42 web.1  |   [1m[36mPersonalRole Load (0.3ms)[0m  [1mSELECT "personal_roles".* FROM "personal_roles"  WHERE "personal_roles"."person_id" = $1[0m  [["person_id", 1301]]
11:58:42 web.1  |   [1m[35mRole Load (0.3ms)[0m  SELECT  "roles".* FROM "roles"  WHERE "roles"."id" = $1 LIMIT 1  [["id", 20]]
11:58:42 web.1  |   [1m[36mRole Load (0.3ms)[0m  [1mSELECT  "roles".* FROM "roles"  WHERE "roles"."id" = $1 LIMIT 1[0m  [["id", 96]]
11:58:42 web.1  |   [1m[35mRole Load (0.3ms)[0m  SELECT  "roles".* FROM "roles"  WHERE "roles"."id" = $1 LIMIT 1  [["id", 917]]
11:58:42 web.1  |   [1m[36mRole Load (0.4ms)[0m  [1mSELECT "roles".* FROM "roles" INNER JOIN "personal_roles" ON "roles"."id" = "personal_roles"."role_id" WHERE "personal_roles"."person_id" = $1[0m  [["person_id", 1301]]
11:58:42 web.1  |   [1m[35mPlaque Load (0.4ms)[0m  SELECT "plaques".* FROM "plaques" INNER JOIN "personal_connections" ON "plaques"."id" = "personal_connections"."plaque_id" WHERE "personal_connections"."person_id" = $1  [["person_id", 1301]]
11:58:42 web.1  |   [1m[36mPersonalConnection Load (0.4ms)[0m  [1mSELECT "personal_connections".* FROM "personal_connections"  WHERE "personal_connections"."plaque_id" = $1[0m  [["plaque_id", 1059]]
11:58:42 web.1  |   [1m[35mPerson Load (0.4ms)[0m  SELECT  "people".* FROM "people"  WHERE "people"."id" = $1 LIMIT 1  [["id", 1325]]
11:58:42 web.1  |   [1m[36mPerson Load (0.3ms)[0m  [1mSELECT  "people".* FROM "people"  WHERE "people"."id" = $1 LIMIT 1[0m  [["id", 1329]]
11:58:42 web.1  |   [1m[35mCACHE (0.1ms)[0m  SELECT  "colours".* FROM "colours"  WHERE "colours"."id" = $1 LIMIT 1  [["id", 6]]
11:58:42 web.1  |   [1m[36mPhoto Load (0.4ms)[0m  [1mSELECT  "photos".* FROM "photos"  WHERE "photos"."plaque_id" = $1 AND "photos"."of_a_plaque" = 't'  ORDER BY shot ASC LIMIT 1[0m  [["plaque_id", 1059]]
11:58:42 web.1  |   [1m[35mPhoto Load (0.4ms)[0m  SELECT "photos".* FROM "photos"  WHERE "photos"."plaque_id" = $1 AND "photos"."of_a_plaque" = 't'  ORDER BY shot ASC  [["plaque_id", 1059]]
11:58:42 web.1  |   [1m[36mOrganisation Load (0.3ms)[0m  [1mSELECT "organisations".* FROM "organisations" INNER JOIN "sponsorships" ON "organisations"."id" = "sponsorships"."organisation_id" WHERE "sponsorships"."plaque_id" = $1[0m  [["plaque_id", 1059]]
11:58:42 web.1  |   [1m[35mCACHE (0.0ms)[0m  SELECT  "languages".* FROM "languages"  WHERE "languages"."id" = $1 LIMIT 1  [["id", 1]]
11:58:42 web.1  |   [1m[36mPersonalRole Load (0.7ms)[0m  [1mSELECT "personal_roles".* FROM "personal_roles"  WHERE "personal_roles"."person_id" = $1[0m  [["person_id", 1325]]
11:58:42 web.1  |   [1m[35mRole Load (0.3ms)[0m  SELECT  "roles".* FROM "roles"  WHERE "roles"."id" = $1 LIMIT 1  [["id", 933]]
11:58:42 web.1  |   [1m[36mRole Load (10.3ms)[0m  [1mSELECT  "roles".* FROM "roles"  WHERE "roles"."id" = $1 LIMIT 1[0m  [["id", 328]]
11:58:42 web.1  |   [1m[35mRole Load (0.7ms)[0m  SELECT  "roles".* FROM "roles"  WHERE "roles"."id" = $1 LIMIT 1  [["id", 5000]]
11:58:42 web.1  |   [1m[36mRole Load (0.4ms)[0m  [1mSELECT  "roles".* FROM "roles"  WHERE "roles"."id" = $1 LIMIT 1[0m  [["id", 6371]]
11:58:42 web.1  |   [1m[35mRole Load (0.4ms)[0m  SELECT "roles".* FROM "roles" INNER JOIN "personal_roles" ON "roles"."id" = "personal_roles"."role_id" WHERE "personal_roles"."person_id" = $1  [["person_id", 1325]]
11:58:42 web.1  |   [1m[36mPersonalRole Load (0.3ms)[0m  [1mSELECT "personal_roles".* FROM "personal_roles"  WHERE "personal_roles"."person_id" = $1[0m  [["person_id", 1329]]
11:58:42 web.1  |   [1m[35mCACHE (0.0ms)[0m  SELECT  "roles".* FROM "roles"  WHERE "roles"."id" = $1 LIMIT 1  [["id", 4]]
11:58:42 web.1  |   [1m[36mCACHE (0.0ms)[0m  [1mSELECT  "roles".* FROM "roles"  WHERE "roles"."id" = $1 LIMIT 1[0m  [["id", 28]]
11:58:42 web.1  |   [1m[35mRole Load (0.5ms)[0m  SELECT "roles".* FROM "roles" INNER JOIN "personal_roles" ON "roles"."id" = "personal_roles"."role_id" WHERE "personal_roles"."person_id" = $1  [["person_id", 1329]]
11:58:42 web.1  |   [1m[36mPlaque Load (0.4ms)[0m  [1mSELECT "plaques".* FROM "plaques" INNER JOIN "personal_connections" ON "plaques"."id" = "personal_connections"."plaque_id" WHERE "personal_connections"."person_id" = $1[0m  [["person_id", 1325]]
11:58:42 web.1  |   [1m[35mPlaque Load (0.5ms)[0m  SELECT "plaques".* FROM "plaques" INNER JOIN "personal_connections" ON "plaques"."id" = "personal_connections"."plaque_id" WHERE "personal_connections"."person_id" = $1  [["person_id", 1329]]
11:58:42 web.1  |   [1m[36mPersonalConnection Load (0.3ms)[0m  [1mSELECT "personal_connections".* FROM "personal_connections"  WHERE "personal_connections"."plaque_id" = $1[0m  [["plaque_id", 1061]]
11:58:42 web.1  |   [1m[35mPerson Load (14.4ms)[0m  SELECT  "people".* FROM "people"  WHERE "people"."id" = $1 LIMIT 1  [["id", 9472]]
11:58:42 web.1  |   [1m[36mCACHE (0.0ms)[0m  [1mSELECT  "colours".* FROM "colours"  WHERE "colours"."id" = $1 LIMIT 1[0m  [["id", 2]]
11:58:42 web.1  |   [1m[35mPhoto Load (0.5ms)[0m  SELECT  "photos".* FROM "photos"  WHERE "photos"."plaque_id" = $1 AND "photos"."of_a_plaque" = 't'  ORDER BY shot ASC LIMIT 1  [["plaque_id", 1061]]
11:58:42 web.1  |   [1m[36mPhoto Load (0.3ms)[0m  [1mSELECT "photos".* FROM "photos"  WHERE "photos"."plaque_id" = $1 AND "photos"."of_a_plaque" = 't'  ORDER BY shot ASC[0m  [["plaque_id", 1061]]
11:58:42 web.1  |   [1m[35mOrganisation Load (0.3ms)[0m  SELECT "organisations".* FROM "organisations" INNER JOIN "sponsorships" ON "organisations"."id" = "sponsorships"."organisation_id" WHERE "sponsorships"."plaque_id" = $1  [["plaque_id", 1061]]
11:58:42 web.1  |   [1m[36mCACHE (0.0ms)[0m  [1mSELECT  "languages".* FROM "languages"  WHERE "languages"."id" = $1 LIMIT 1[0m  [["id", 1]]
11:58:42 web.1  |   [1m[35mPersonalRole Load (11.8ms)[0m  SELECT "personal_roles".* FROM "personal_roles"  WHERE "personal_roles"."person_id" = $1  [["person_id", 9472]]
11:58:42 web.1  |   [1m[36mRole Load (0.4ms)[0m  [1mSELECT  "roles".* FROM "roles"  WHERE "roles"."id" = $1 LIMIT 1[0m  [["id", 4639]]
11:58:42 web.1  |   [1m[35mRole Load (0.3ms)[0m  SELECT "roles".* FROM "roles" INNER JOIN "personal_roles" ON "roles"."id" = "personal_roles"."role_id" WHERE "personal_roles"."person_id" = $1  [["person_id", 9472]]
11:58:42 web.1  |   [1m[36mPlaque Load (10.0ms)[0m  [1mSELECT "plaques".* FROM "plaques" INNER JOIN "personal_connections" ON "plaques"."id" = "personal_connections"."plaque_id" WHERE "personal_connections"."person_id" = $1[0m  [["person_id", 9472]]
11:58:42 web.1  |   [1m[35mPersonalConnection Load (0.3ms)[0m  SELECT "personal_connections".* FROM "personal_connections"  WHERE "personal_connections"."plaque_id" = $1  [["plaque_id", 1062]]
11:58:42 web.1  |   [1m[36mPerson Load (0.3ms)[0m  [1mSELECT  "people".* FROM "people"  WHERE "people"."id" = $1 LIMIT 1[0m  [["id", 1913]]
11:58:42 web.1  |   [1m[35mColour Load (0.3ms)[0m  SELECT  "colours".* FROM "colours"  WHERE "colours"."id" = $1 LIMIT 1  [["id", 10]]
11:58:42 web.1  |   [1m[36mPhoto Load (0.4ms)[0m  [1mSELECT  "photos".* FROM "photos"  WHERE "photos"."plaque_id" = $1 AND "photos"."of_a_plaque" = 't'  ORDER BY shot ASC LIMIT 1[0m  [["plaque_id", 1062]]
11:58:42 web.1  |   [1m[35mPhoto Load (0.3ms)[0m  SELECT "photos".* FROM "photos"  WHERE "photos"."plaque_id" = $1 AND "photos"."of_a_plaque" = 't'  ORDER BY shot ASC  [["plaque_id", 1062]]
11:58:42 web.1  |   [1m[36mOrganisation Load (0.3ms)[0m  [1mSELECT "organisations".* FROM "organisations" INNER JOIN "sponsorships" ON "organisations"."id" = "sponsorships"."organisation_id" WHERE "sponsorships"."plaque_id" = $1[0m  [["plaque_id", 1062]]
11:58:42 web.1  |   [1m[35mCACHE (0.0ms)[0m  SELECT  "languages".* FROM "languages"  WHERE "languages"."id" = $1 LIMIT 1  [["id", 1]]
11:58:42 web.1  |   [1m[36mPersonalRole Load (9.4ms)[0m  [1mSELECT "personal_roles".* FROM "personal_roles"  WHERE "personal_roles"."person_id" = $1[0m  [["person_id", 1913]]
11:58:42 web.1  |   [1m[35mCACHE (0.0ms)[0m  SELECT  "roles".* FROM "roles"  WHERE "roles"."id" = $1 LIMIT 1  [["id", 28]]
11:58:42 web.1  |   [1m[36mCACHE (0.0ms)[0m  [1mSELECT  "roles".* FROM "roles"  WHERE "roles"."id" = $1 LIMIT 1[0m  [["id", 33]]
11:58:42 web.1  |   [1m[35mRole Load (0.4ms)[0m  SELECT "roles".* FROM "roles" INNER JOIN "personal_roles" ON "roles"."id" = "personal_roles"."role_id" WHERE "personal_roles"."person_id" = $1  [["person_id", 1913]]
11:58:42 web.1  |   [1m[36mPlaque Load (0.4ms)[0m  [1mSELECT "plaques".* FROM "plaques" INNER JOIN "personal_connections" ON "plaques"."id" = "personal_connections"."plaque_id" WHERE "personal_connections"."person_id" = $1[0m  [["person_id", 1913]]
11:58:42 web.1  |   [1m[35mPersonalConnection Load (0.3ms)[0m  SELECT "personal_connections".* FROM "personal_connections"  WHERE "personal_connections"."plaque_id" = $1  [["plaque_id", 4420]]
11:58:42 web.1  |   [1m[36mPerson Load (3.7ms)[0m  [1mSELECT  "people".* FROM "people"  WHERE "people"."id" = $1 LIMIT 1[0m  [["id", 2440]]
11:58:42 web.1  |   [1m[35mCACHE (0.0ms)[0m  SELECT  "colours".* FROM "colours"  WHERE "colours"."id" = $1 LIMIT 1  [["id", 8]]
11:58:42 web.1  |   [1m[36mPhoto Load (0.4ms)[0m  [1mSELECT  "photos".* FROM "photos"  WHERE "photos"."plaque_id" = $1 AND "photos"."of_a_plaque" = 't'  ORDER BY shot ASC LIMIT 1[0m  [["plaque_id", 4420]]
11:58:42 web.1  |   [1m[35mPhoto Load (0.3ms)[0m  SELECT "photos".* FROM "photos"  WHERE "photos"."plaque_id" = $1 AND "photos"."of_a_plaque" = 't'  ORDER BY shot ASC  [["plaque_id", 4420]]
11:58:42 web.1  |   [1m[36mOrganisation Load (0.3ms)[0m  [1mSELECT "organisations".* FROM "organisations" INNER JOIN "sponsorships" ON "organisations"."id" = "sponsorships"."organisation_id" WHERE "sponsorships"."plaque_id" = $1[0m  [["plaque_id", 4420]]
11:58:42 web.1  |   [1m[35mCACHE (0.0ms)[0m  SELECT  "languages".* FROM "languages"  WHERE "languages"."id" = $1 LIMIT 1  [["id", 1]]
11:58:42 web.1  |   [1m[36mPersonalRole Load (0.4ms)[0m  [1mSELECT "personal_roles".* FROM "personal_roles"  WHERE "personal_roles"."person_id" = $1[0m  [["person_id", 2440]]
11:58:42 web.1  |   [1m[35mRole Load (0.4ms)[0m  SELECT  "roles".* FROM "roles"  WHERE "roles"."id" = $1 LIMIT 1  [["id", 109]]
11:58:42 web.1  |   [1m[36mRole Load (0.3ms)[0m  [1mSELECT  "roles".* FROM "roles"  WHERE "roles"."id" = $1 LIMIT 1[0m  [["id", 83]]
11:58:42 web.1  |   [1m[35mRole Load (0.3ms)[0m  SELECT "roles".* FROM "roles" INNER JOIN "personal_roles" ON "roles"."id" = "personal_roles"."role_id" WHERE "personal_roles"."person_id" = $1  [["person_id", 2440]]
11:58:42 web.1  |   [1m[36mPlaque Load (9.7ms)[0m  [1mSELECT "plaques".* FROM "plaques" INNER JOIN "personal_connections" ON "plaques"."id" = "personal_connections"."plaque_id" WHERE "personal_connections"."person_id" = $1[0m  [["person_id", 2440]]
11:58:42 web.1  |   [1m[35mPersonalConnection Load (0.3ms)[0m  SELECT "personal_connections".* FROM "personal_connections"  WHERE "personal_connections"."plaque_id" = $1  [["plaque_id", 991]]
11:58:42 web.1  |   [1m[36mCACHE (0.0ms)[0m  [1mSELECT  "people".* FROM "people"  WHERE "people"."id" = $1 LIMIT 1[0m  [["id", 820]]
11:58:42 web.1  |   [1m[35mCACHE (0.0ms)[0m  SELECT  "colours".* FROM "colours"  WHERE "colours"."id" = $1 LIMIT 1  [["id", 6]]
11:58:42 web.1  |   [1m[36mPhoto Load (0.4ms)[0m  [1mSELECT  "photos".* FROM "photos"  WHERE "photos"."plaque_id" = $1 AND "photos"."of_a_plaque" = 't'  ORDER BY shot ASC LIMIT 1[0m  [["plaque_id", 991]]
11:58:42 web.1  |   [1m[35mPhoto Load (0.4ms)[0m  SELECT "photos".* FROM "photos"  WHERE "photos"."plaque_id" = $1 AND "photos"."of_a_plaque" = 't'  ORDER BY shot ASC  [["plaque_id", 991]]
11:58:42 web.1  |   [1m[36mOrganisation Load (0.4ms)[0m  [1mSELECT "organisations".* FROM "organisations" INNER JOIN "sponsorships" ON "organisations"."id" = "sponsorships"."organisation_id" WHERE "sponsorships"."plaque_id" = $1[0m  [["plaque_id", 991]]
11:58:42 web.1  |   [1m[35mCACHE (0.0ms)[0m  SELECT  "languages".* FROM "languages"  WHERE "languages"."id" = $1 LIMIT 1  [["id", 1]]
11:58:42 web.1  |   [1m[36mCACHE (0.0ms)[0m  [1mSELECT "personal_roles".* FROM "personal_roles"  WHERE "personal_roles"."person_id" = $1[0m  [["person_id", 820]]
11:58:42 web.1  |   [1m[35mCACHE (0.0ms)[0m  SELECT  "roles".* FROM "roles"  WHERE "roles"."id" = $1 LIMIT 1  [["id", 913]]
11:58:42 web.1  |   [1m[36mCACHE (0.0ms)[0m  [1mSELECT  "roles".* FROM "roles"  WHERE "roles"."id" = $1 LIMIT 1[0m  [["id", 1377]]
11:58:42 web.1  |   [1m[35mCACHE (0.0ms)[0m  SELECT  "roles".* FROM "roles"  WHERE "roles"."id" = $1 LIMIT 1  [["id", 3663]]
11:58:42 web.1  |   [1m[36mCACHE (0.1ms)[0m  [1mSELECT  "roles".* FROM "roles"  WHERE "roles"."id" = $1 LIMIT 1[0m  [["id", 34]]
11:58:43 web.1  |   [1m[35mCACHE (0.0ms)[0m  SELECT  "roles".* FROM "roles"  WHERE "roles"."id" = $1 LIMIT 1  [["id", 6315]]
11:58:43 web.1  |   [1m[36mCACHE (0.0ms)[0m  [1mSELECT "roles".* FROM "roles" INNER JOIN "personal_roles" ON "roles"."id" = "personal_roles"."role_id" WHERE "personal_roles"."person_id" = $1[0m  [["person_id", 820]]
11:58:43 web.1  |   [1m[35mCACHE (0.0ms)[0m  SELECT "plaques".* FROM "plaques" INNER JOIN "personal_connections" ON "plaques"."id" = "personal_connections"."plaque_id" WHERE "personal_connections"."person_id" = $1  [["person_id", 820]]
11:58:43 web.1  |   [1m[36mPersonalConnection Load (0.4ms)[0m  [1mSELECT "personal_connections".* FROM "personal_connections"  WHERE "personal_connections"."plaque_id" = $1[0m  [["plaque_id", 1069]]
11:58:43 web.1  |   [1m[35mPerson Load (14.2ms)[0m  SELECT  "people".* FROM "people"  WHERE "people"."id" = $1 LIMIT 1  [["id", 461]]
11:58:43 web.1  |   [1m[36mCACHE (0.0ms)[0m  [1mSELECT  "colours".* FROM "colours"  WHERE "colours"."id" = $1 LIMIT 1[0m  [["id", 6]]
11:58:43 web.1  |   [1m[35mPhoto Load (0.4ms)[0m  SELECT  "photos".* FROM "photos"  WHERE "photos"."plaque_id" = $1 AND "photos"."of_a_plaque" = 't'  ORDER BY shot ASC LIMIT 1  [["plaque_id", 1069]]
11:58:43 web.1  |   [1m[36mPhoto Load (0.3ms)[0m  [1mSELECT "photos".* FROM "photos"  WHERE "photos"."plaque_id" = $1 AND "photos"."of_a_plaque" = 't'  ORDER BY shot ASC[0m  [["plaque_id", 1069]]
11:58:43 web.1  |   [1m[35mOrganisation Load (0.4ms)[0m  SELECT "organisations".* FROM "organisations" INNER JOIN "sponsorships" ON "organisations"."id" = "sponsorships"."organisation_id" WHERE "sponsorships"."plaque_id" = $1  [["plaque_id", 1069]]
11:58:43 web.1  |   [1m[36mCACHE (0.0ms)[0m  [1mSELECT  "languages".* FROM "languages"  WHERE "languages"."id" = $1 LIMIT 1[0m  [["id", 1]]
11:58:43 web.1  |   [1m[35mPersonalRole Load (5.5ms)[0m  SELECT "personal_roles".* FROM "personal_roles"  WHERE "personal_roles"."person_id" = $1  [["person_id", 461]]
11:58:43 web.1  |   [1m[36mCACHE (0.0ms)[0m  [1mSELECT  "roles".* FROM "roles"  WHERE "roles"."id" = $1 LIMIT 1[0m  [["id", 2432]]
11:58:43 web.1  |   [1m[35mRole Load (0.3ms)[0m  SELECT "roles".* FROM "roles" INNER JOIN "personal_roles" ON "roles"."id" = "personal_roles"."role_id" WHERE "personal_roles"."person_id" = $1  [["person_id", 461]]
11:58:43 web.1  |   [1m[36mPlaque Load (12.9ms)[0m  [1mSELECT "plaques".* FROM "plaques" INNER JOIN "personal_connections" ON "plaques"."id" = "personal_connections"."plaque_id" WHERE "personal_connections"."person_id" = $1[0m  [["person_id", 461]]
11:58:43 web.1  |   [1m[35mPersonalConnection Load (0.3ms)[0m  SELECT "personal_connections".* FROM "personal_connections"  WHERE "personal_connections"."plaque_id" = $1  [["plaque_id", 1070]]
11:58:43 web.1  |   [1m[36mPerson Load (0.4ms)[0m  [1mSELECT  "people".* FROM "people"  WHERE "people"."id" = $1 LIMIT 1[0m  [["id", 205]]
11:58:43 web.1  |   [1m[35mCACHE (0.0ms)[0m  SELECT  "colours".* FROM "colours"  WHERE "colours"."id" = $1 LIMIT 1  [["id", 6]]
11:58:43 web.1  |   [1m[36mPhoto Load (0.4ms)[0m  [1mSELECT  "photos".* FROM "photos"  WHERE "photos"."plaque_id" = $1 AND "photos"."of_a_plaque" = 't'  ORDER BY shot ASC LIMIT 1[0m  [["plaque_id", 1070]]
11:58:43 web.1  |   [1m[35mPhoto Load (0.3ms)[0m  SELECT "photos".* FROM "photos"  WHERE "photos"."plaque_id" = $1 AND "photos"."of_a_plaque" = 't'  ORDER BY shot ASC  [["plaque_id", 1070]]
11:58:43 web.1  |   [1m[36mOrganisation Load (0.4ms)[0m  [1mSELECT "organisations".* FROM "organisations" INNER JOIN "sponsorships" ON "organisations"."id" = "sponsorships"."organisation_id" WHERE "sponsorships"."plaque_id" = $1[0m  [["plaque_id", 1070]]
11:58:43 web.1  |   [1m[35mCACHE (0.0ms)[0m  SELECT  "languages".* FROM "languages"  WHERE "languages"."id" = $1 LIMIT 1  [["id", 1]]
11:58:43 web.1  |   [1m[36mPersonalRole Load (0.7ms)[0m  [1mSELECT "personal_roles".* FROM "personal_roles"  WHERE "personal_roles"."person_id" = $1[0m  [["person_id", 205]]
11:58:43 web.1  |   [1m[35mRole Load (0.3ms)[0m  SELECT  "roles".* FROM "roles"  WHERE "roles"."id" = $1 LIMIT 1  [["id", 621]]
11:58:43 web.1  |   [1m[36mRole Load (0.3ms)[0m  [1mSELECT  "roles".* FROM "roles"  WHERE "roles"."id" = $1 LIMIT 1[0m  [["id", 2093]]
11:58:43 web.1  |   [1m[35mRole Load (0.3ms)[0m  SELECT  "roles".* FROM "roles"  WHERE "roles"."id" = $1 LIMIT 1  [["id", 2097]]
11:58:43 web.1  |   [1m[36mCACHE (0.0ms)[0m  [1mSELECT  "roles".* FROM "roles"  WHERE "roles"."id" = $1 LIMIT 1[0m  [["id", 1413]]
11:58:43 web.1  |   [1m[35mRole Load (0.4ms)[0m  SELECT "roles".* FROM "roles" INNER JOIN "personal_roles" ON "roles"."id" = "personal_roles"."role_id" WHERE "personal_roles"."person_id" = $1  [["person_id", 205]]
11:58:43 web.1  |   [1m[36mPlaque Load (0.4ms)[0m  [1mSELECT "plaques".* FROM "plaques" INNER JOIN "personal_connections" ON "plaques"."id" = "personal_connections"."plaque_id" WHERE "personal_connections"."person_id" = $1[0m  [["person_id", 205]]
11:58:43 web.1  |   [1m[35mPersonalConnection Load (0.4ms)[0m  SELECT "personal_connections".* FROM "personal_connections"  WHERE "personal_connections"."plaque_id" = $1  [["plaque_id", 1071]]
11:58:43 web.1  |   [1m[36mCACHE (0.0ms)[0m  [1mSELECT  "people".* FROM "people"  WHERE "people"."id" = $1 LIMIT 1[0m  [["id", 854]]
11:58:43 web.1  |   [1m[35mCACHE (0.0ms)[0m  SELECT  "colours".* FROM "colours"  WHERE "colours"."id" = $1 LIMIT 1  [["id", 2]]
11:58:43 web.1  |   [1m[36mPhoto Load (0.4ms)[0m  [1mSELECT  "photos".* FROM "photos"  WHERE "photos"."plaque_id" = $1 AND "photos"."of_a_plaque" = 't'  ORDER BY shot ASC LIMIT 1[0m  [["plaque_id", 1071]]
11:58:43 web.1  |   [1m[35mPhoto Load (0.4ms)[0m  SELECT "photos".* FROM "photos"  WHERE "photos"."plaque_id" = $1 AND "photos"."of_a_plaque" = 't'  ORDER BY shot ASC  [["plaque_id", 1071]]
11:58:43 web.1  |   [1m[36mOrganisation Load (0.4ms)[0m  [1mSELECT "organisations".* FROM "organisations" INNER JOIN "sponsorships" ON "organisations"."id" = "sponsorships"."organisation_id" WHERE "sponsorships"."plaque_id" = $1[0m  [["plaque_id", 1071]]
11:58:43 web.1  |   [1m[35mCACHE (0.0ms)[0m  SELECT  "languages".* FROM "languages"  WHERE "languages"."id" = $1 LIMIT 1  [["id", 1]]
11:58:43 web.1  |   [1m[36mCACHE (0.0ms)[0m  [1mSELECT "personal_roles".* FROM "personal_roles"  WHERE "personal_roles"."person_id" = $1[0m  [["person_id", 854]]
11:58:43 web.1  |   [1m[35mCACHE (0.0ms)[0m  SELECT  "roles".* FROM "roles"  WHERE "roles"."id" = $1 LIMIT 1  [["id", 610]]
11:58:43 web.1  |   [1m[36mCACHE (0.0ms)[0m  [1mSELECT  "roles".* FROM "roles"  WHERE "roles"."id" = $1 LIMIT 1[0m  [["id", 1093]]
11:58:43 web.1  |   [1m[35mCACHE (0.0ms)[0m  SELECT "roles".* FROM "roles" INNER JOIN "personal_roles" ON "roles"."id" = "personal_roles"."role_id" WHERE "personal_roles"."person_id" = $1  [["person_id", 854]]
11:58:43 web.1  |   [1m[36mCACHE (0.0ms)[0m  [1mSELECT "plaques".* FROM "plaques" INNER JOIN "personal_connections" ON "plaques"."id" = "personal_connections"."plaque_id" WHERE "personal_connections"."person_id" = $1[0m  [["person_id", 854]]
11:58:43 web.1  |   [1m[35mPersonalConnection Load (0.4ms)[0m  SELECT "personal_connections".* FROM "personal_connections"  WHERE "personal_connections"."plaque_id" = $1  [["plaque_id", 1075]]
11:58:43 web.1  |   [1m[36mPerson Load (0.3ms)[0m  [1mSELECT  "people".* FROM "people"  WHERE "people"."id" = $1 LIMIT 1[0m  [["id", 1925]]
11:58:43 web.1  |   [1m[35mCACHE (0.0ms)[0m  SELECT  "colours".* FROM "colours"  WHERE "colours"."id" = $1 LIMIT 1  [["id", 6]]
11:58:43 web.1  |   [1m[36mPhoto Load (0.4ms)[0m  [1mSELECT  "photos".* FROM "photos"  WHERE "photos"."plaque_id" = $1 AND "photos"."of_a_plaque" = 't'  ORDER BY shot ASC LIMIT 1[0m  [["plaque_id", 1075]]
11:58:43 web.1  |   [1m[35mPhoto Load (0.3ms)[0m  SELECT "photos".* FROM "photos"  WHERE "photos"."plaque_id" = $1 AND "photos"."of_a_plaque" = 't'  ORDER BY shot ASC  [["plaque_id", 1075]]
11:58:43 web.1  |   [1m[36mOrganisation Load (0.4ms)[0m  [1mSELECT "organisations".* FROM "organisations" INNER JOIN "sponsorships" ON "organisations"."id" = "sponsorships"."organisation_id" WHERE "sponsorships"."plaque_id" = $1[0m  [["plaque_id", 1075]]
11:58:43 web.1  |   [1m[35mCACHE (0.0ms)[0m  SELECT  "languages".* FROM "languages"  WHERE "languages"."id" = $1 LIMIT 1  [["id", 1]]
11:58:43 web.1  |   [1m[36mPersonalRole Load (0.3ms)[0m  [1mSELECT "personal_roles".* FROM "personal_roles"  WHERE "personal_roles"."person_id" = $1[0m  [["person_id", 1925]]
11:58:43 web.1  |   [1m[35mRole Load (0.3ms)[0m  SELECT  "roles".* FROM "roles"  WHERE "roles"."id" = $1 LIMIT 1  [["id", 82]]
11:58:43 web.1  |   [1m[36mRole Load (0.3ms)[0m  [1mSELECT  "roles".* FROM "roles"  WHERE "roles"."id" = $1 LIMIT 1[0m  [["id", 2109]]
11:58:43 web.1  |   [1m[35mRole Load (0.3ms)[0m  SELECT  "roles".* FROM "roles"  WHERE "roles"."id" = $1 LIMIT 1  [["id", 2113]]
11:58:43 web.1  |   [1m[36mRole Load (0.4ms)[0m  [1mSELECT "roles".* FROM "roles" INNER JOIN "personal_roles" ON "roles"."id" = "personal_roles"."role_id" WHERE "personal_roles"."person_id" = $1[0m  [["person_id", 1925]]
11:58:43 web.1  |   [1m[35mPlaque Load (0.5ms)[0m  SELECT "plaques".* FROM "plaques" INNER JOIN "personal_connections" ON "plaques"."id" = "personal_connections"."plaque_id" WHERE "personal_connections"."person_id" = $1  [["person_id", 1925]]
11:58:43 web.1  |   [1m[36mPersonalConnection Load (0.4ms)[0m  [1mSELECT "personal_connections".* FROM "personal_connections"  WHERE "personal_connections"."plaque_id" = $1[0m  [["plaque_id", 1076]]
11:58:43 web.1  |   [1m[35mPerson Load (0.3ms)[0m  SELECT  "people".* FROM "people"  WHERE "people"."id" = $1 LIMIT 1  [["id", 1929]]
11:58:43 web.1  |   [1m[36mCACHE (0.0ms)[0m  [1mSELECT  "colours".* FROM "colours"  WHERE "colours"."id" = $1 LIMIT 1[0m  [["id", 6]]
11:58:43 web.1  |   [1m[35mPhoto Load (0.4ms)[0m  SELECT  "photos".* FROM "photos"  WHERE "photos"."plaque_id" = $1 AND "photos"."of_a_plaque" = 't'  ORDER BY shot ASC LIMIT 1  [["plaque_id", 1076]]
11:58:43 web.1  |   [1m[36mPhoto Load (0.3ms)[0m  [1mSELECT "photos".* FROM "photos"  WHERE "photos"."plaque_id" = $1 AND "photos"."of_a_plaque" = 't'  ORDER BY shot ASC[0m  [["plaque_id", 1076]]
11:58:43 web.1  |   [1m[35mOrganisation Load (0.4ms)[0m  SELECT "organisations".* FROM "organisations" INNER JOIN "sponsorships" ON "organisations"."id" = "sponsorships"."organisation_id" WHERE "sponsorships"."plaque_id" = $1  [["plaque_id", 1076]]
11:58:43 web.1  |   [1m[36mCACHE (0.0ms)[0m  [1mSELECT  "languages".* FROM "languages"  WHERE "languages"."id" = $1 LIMIT 1[0m  [["id", 1]]
11:58:43 web.1  |   [1m[35mPersonalRole Load (0.6ms)[0m  SELECT "personal_roles".* FROM "personal_roles"  WHERE "personal_roles"."person_id" = $1  [["person_id", 1929]]
11:58:43 web.1  |   [1m[36mRole Load (29.5ms)[0m  [1mSELECT  "roles".* FROM "roles"  WHERE "roles"."id" = $1 LIMIT 1[0m  [["id", 32]]
11:58:43 web.1  |   [1m[35mRole Load (0.4ms)[0m  SELECT "roles".* FROM "roles" INNER JOIN "personal_roles" ON "roles"."id" = "personal_roles"."role_id" WHERE "personal_roles"."person_id" = $1  [["person_id", 1929]]
11:58:43 web.1  |   [1m[36mPlaque Load (9.2ms)[0m  [1mSELECT "plaques".* FROM "plaques" INNER JOIN "personal_connections" ON "plaques"."id" = "personal_connections"."plaque_id" WHERE "personal_connections"."person_id" = $1[0m  [["person_id", 1929]]
11:58:43 web.1  |   [1m[35mPersonalConnection Load (0.3ms)[0m  SELECT "personal_connections".* FROM "personal_connections"  WHERE "personal_connections"."plaque_id" = $1  [["plaque_id", 1078]]
11:58:43 web.1  |   [1m[36mPerson Load (0.3ms)[0m  [1mSELECT  "people".* FROM "people"  WHERE "people"."id" = $1 LIMIT 1[0m  [["id", 1941]]
11:58:43 web.1  |   [1m[35mCACHE (0.0ms)[0m  SELECT  "colours".* FROM "colours"  WHERE "colours"."id" = $1 LIMIT 1  [["id", 6]]
11:58:43 web.1  |   [1m[36mPhoto Load (0.4ms)[0m  [1mSELECT  "photos".* FROM "photos"  WHERE "photos"."plaque_id" = $1 AND "photos"."of_a_plaque" = 't'  ORDER BY shot ASC LIMIT 1[0m  [["plaque_id", 1078]]
11:58:43 web.1  |   [1m[35mPhoto Load (0.4ms)[0m  SELECT "photos".* FROM "photos"  WHERE "photos"."plaque_id" = $1 AND "photos"."of_a_plaque" = 't'  ORDER BY shot ASC  [["plaque_id", 1078]]
11:58:43 web.1  |   [1m[36mOrganisation Load (0.3ms)[0m  [1mSELECT "organisations".* FROM "organisations" INNER JOIN "sponsorships" ON "organisations"."id" = "sponsorships"."organisation_id" WHERE "sponsorships"."plaque_id" = $1[0m  [["plaque_id", 1078]]
11:58:43 web.1  |   [1m[35mCACHE (0.0ms)[0m  SELECT  "languages".* FROM "languages"  WHERE "languages"."id" = $1 LIMIT 1  [["id", 1]]
11:58:43 web.1  |   [1m[36mPersonalRole Load (0.3ms)[0m  [1mSELECT "personal_roles".* FROM "personal_roles"  WHERE "personal_roles"."person_id" = $1[0m  [["person_id", 1941]]
11:58:43 web.1  |   [1m[35mRole Load (6.9ms)[0m  SELECT  "roles".* FROM "roles"  WHERE "roles"."id" = $1 LIMIT 1  [["id", 2121]]
11:58:43 web.1  |   [1m[36mRole Load (0.4ms)[0m  [1mSELECT "roles".* FROM "roles" INNER JOIN "personal_roles" ON "roles"."id" = "personal_roles"."role_id" WHERE "personal_roles"."person_id" = $1[0m  [["person_id", 1941]]
11:58:43 web.1  |   [1m[35mPlaque Load (0.4ms)[0m  SELECT "plaques".* FROM "plaques" INNER JOIN "personal_connections" ON "plaques"."id" = "personal_connections"."plaque_id" WHERE "personal_connections"."person_id" = $1  [["person_id", 1941]]
11:58:43 web.1  |   [1m[36mPersonalConnection Load (0.3ms)[0m  [1mSELECT "personal_connections".* FROM "personal_connections"  WHERE "personal_connections"."plaque_id" = $1[0m  [["plaque_id", 1258]]
11:58:43 web.1  |   [1m[35mPerson Load (0.3ms)[0m  SELECT  "people".* FROM "people"  WHERE "people"."id" = $1 LIMIT 1  [["id", 1953]]
11:58:43 web.1  |   [1m[36mCACHE (0.0ms)[0m  [1mSELECT  "colours".* FROM "colours"  WHERE "colours"."id" = $1 LIMIT 1[0m  [["id", 2]]
11:58:43 web.1  |   [1m[35mPhoto Load (0.4ms)[0m  SELECT  "photos".* FROM "photos"  WHERE "photos"."plaque_id" = $1 AND "photos"."of_a_plaque" = 't'  ORDER BY shot ASC LIMIT 1  [["plaque_id", 1258]]
11:58:43 web.1  |   [1m[36mPhoto Load (0.4ms)[0m  [1mSELECT "photos".* FROM "photos"  WHERE "photos"."plaque_id" = $1 AND "photos"."of_a_plaque" = 't'  ORDER BY shot ASC[0m  [["plaque_id", 1258]]
11:58:43 web.1  |   [1m[35mOrganisation Load (0.3ms)[0m  SELECT "organisations".* FROM "organisations" INNER JOIN "sponsorships" ON "organisations"."id" = "sponsorships"."organisation_id" WHERE "sponsorships"."plaque_id" = $1  [["plaque_id", 1258]]
11:58:43 web.1  |   [1m[36mCACHE (0.0ms)[0m  [1mSELECT  "languages".* FROM "languages"  WHERE "languages"."id" = $1 LIMIT 1[0m  [["id", 1]]
11:58:43 web.1  |   [1m[35mPersonalRole Load (0.3ms)[0m  SELECT "personal_roles".* FROM "personal_roles"  WHERE "personal_roles"."person_id" = $1  [["person_id", 1953]]
11:58:43 web.1  |   [1m[36mRole Load (0.3ms)[0m  [1mSELECT  "roles".* FROM "roles"  WHERE "roles"."id" = $1 LIMIT 1[0m  [["id", 2125]]
11:58:43 web.1  |   [1m[35mRole Load (0.3ms)[0m  SELECT "roles".* FROM "roles" INNER JOIN "personal_roles" ON "roles"."id" = "personal_roles"."role_id" WHERE "personal_roles"."person_id" = $1  [["person_id", 1953]]
11:58:43 web.1  |   [1m[36mPlaque Load (0.5ms)[0m  [1mSELECT "plaques".* FROM "plaques" INNER JOIN "personal_connections" ON "plaques"."id" = "personal_connections"."plaque_id" WHERE "personal_connections"."person_id" = $1[0m  [["person_id", 1953]]
11:58:43 web.1  |   [1m[35mPersonalConnection Load (0.3ms)[0m  SELECT "personal_connections".* FROM "personal_connections"  WHERE "personal_connections"."plaque_id" = $1  [["plaque_id", 1259]]
11:58:43 web.1  |   [1m[36mPerson Load (9.5ms)[0m  [1mSELECT  "people".* FROM "people"  WHERE "people"."id" = $1 LIMIT 1[0m  [["id", 961]]
11:58:43 web.1  |   [1m[35mCACHE (0.0ms)[0m  SELECT  "colours".* FROM "colours"  WHERE "colours"."id" = $1 LIMIT 1  [["id", 6]]
11:58:43 web.1  |   [1m[36mPhoto Load (0.4ms)[0m  [1mSELECT  "photos".* FROM "photos"  WHERE "photos"."plaque_id" = $1 AND "photos"."of_a_plaque" = 't'  ORDER BY shot ASC LIMIT 1[0m  [["plaque_id", 1259]]
11:58:43 web.1  |   [1m[35mPhoto Load (0.4ms)[0m  SELECT "photos".* FROM "photos"  WHERE "photos"."plaque_id" = $1 AND "photos"."of_a_plaque" = 't'  ORDER BY shot ASC  [["plaque_id", 1259]]
11:58:43 web.1  |   [1m[36mOrganisation Load (0.4ms)[0m  [1mSELECT "organisations".* FROM "organisations" INNER JOIN "sponsorships" ON "organisations"."id" = "sponsorships"."organisation_id" WHERE "sponsorships"."plaque_id" = $1[0m  [["plaque_id", 1259]]
11:58:43 web.1  |   [1m[35mCACHE (0.0ms)[0m  SELECT  "languages".* FROM "languages"  WHERE "languages"."id" = $1 LIMIT 1  [["id", 1]]
11:58:43 web.1  |   [1m[36mPersonalRole Load (0.3ms)[0m  [1mSELECT "personal_roles".* FROM "personal_roles"  WHERE "personal_roles"."person_id" = $1[0m  [["person_id", 961]]
11:58:43 web.1  |   [1m[35mRole Load (0.3ms)[0m  SELECT  "roles".* FROM "roles"  WHERE "roles"."id" = $1 LIMIT 1  [["id", 717]]
11:58:43 web.1  |   [1m[36mCACHE (0.0ms)[0m  [1mSELECT  "roles".* FROM "roles"  WHERE "roles"."id" = $1 LIMIT 1[0m  [["id", 172]]
11:58:43 web.1  |   [1m[35mRole Load (0.3ms)[0m  SELECT  "roles".* FROM "roles"  WHERE "roles"."id" = $1 LIMIT 1  [["id", 2133]]
11:58:43 web.1  |   [1m[36mRole Load (0.3ms)[0m  [1mSELECT  "roles".* FROM "roles"  WHERE "roles"."id" = $1 LIMIT 1[0m  [["id", 2129]]
11:58:43 web.1  |   [1m[35mRole Load (0.7ms)[0m  SELECT  "roles".* FROM "roles"  WHERE "roles"."id" = $1 LIMIT 1  [["id", 1349]]
11:58:43 web.1  |   [1m[36mRole Load (0.4ms)[0m  [1mSELECT "roles".* FROM "roles" INNER JOIN "personal_roles" ON "roles"."id" = "personal_roles"."role_id" WHERE "personal_roles"."person_id" = $1[0m  [["person_id", 961]]
11:58:43 web.1  |   [1m[35mPlaque Load (0.5ms)[0m  SELECT "plaques".* FROM "plaques" INNER JOIN "personal_connections" ON "plaques"."id" = "personal_connections"."plaque_id" WHERE "personal_connections"."person_id" = $1  [["person_id", 961]]
11:58:43 web.1  |   [1m[36mPersonalConnection Load (0.3ms)[0m  [1mSELECT "personal_connections".* FROM "personal_connections"  WHERE "personal_connections"."plaque_id" = $1[0m  [["plaque_id", 1264]]
11:58:43 web.1  |   [1m[35mPerson Load (0.3ms)[0m  SELECT  "people".* FROM "people"  WHERE "people"."id" = $1 LIMIT 1  [["id", 1161]]
11:58:43 web.1  |   [1m[36mPerson Load (0.4ms)[0m  [1mSELECT  "people".* FROM "people"  WHERE "people"."id" = $1 LIMIT 1[0m  [["id", 1165]]
11:58:43 web.1  |   [1m[35mCACHE (0.0ms)[0m  SELECT  "colours".* FROM "colours"  WHERE "colours"."id" = $1 LIMIT 1  [["id", 2]]
11:58:43 web.1  |   [1m[36mPhoto Load (0.4ms)[0m  [1mSELECT  "photos".* FROM "photos"  WHERE "photos"."plaque_id" = $1 AND "photos"."of_a_plaque" = 't'  ORDER BY shot ASC LIMIT 1[0m  [["plaque_id", 1264]]
11:58:43 web.1  |   [1m[35mPhoto Load (0.3ms)[0m  SELECT "photos".* FROM "photos"  WHERE "photos"."plaque_id" = $1 AND "photos"."of_a_plaque" = 't'  ORDER BY shot ASC  [["plaque_id", 1264]]
11:58:43 web.1  |   [1m[36mOrganisation Load (0.4ms)[0m  [1mSELECT "organisations".* FROM "organisations" INNER JOIN "sponsorships" ON "organisations"."id" = "sponsorships"."organisation_id" WHERE "sponsorships"."plaque_id" = $1[0m  [["plaque_id", 1264]]
11:58:43 web.1  |   [1m[35mCACHE (0.0ms)[0m  SELECT  "languages".* FROM "languages"  WHERE "languages"."id" = $1 LIMIT 1  [["id", 1]]
11:58:43 web.1  |   [1m[36mPersonalRole Load (0.3ms)[0m  [1mSELECT "personal_roles".* FROM "personal_roles"  WHERE "personal_roles"."person_id" = $1[0m  [["person_id", 1161]]
11:58:43 web.1  |   [1m[35mRole Load (0.3ms)[0m  SELECT  "roles".* FROM "roles"  WHERE "roles"."id" = $1 LIMIT 1  [["id", 813]]
11:58:43 web.1  |   [1m[36mRole Load (0.3ms)[0m  [1mSELECT  "roles".* FROM "roles"  WHERE "roles"."id" = $1 LIMIT 1[0m  [["id", 817]]
11:58:43 web.1  |   [1m[35mRole Load (0.3ms)[0m  SELECT  "roles".* FROM "roles"  WHERE "roles"."id" = $1 LIMIT 1  [["id", 821]]
11:58:43 web.1  |   [1m[36mCACHE (0.0ms)[0m  [1mSELECT  "roles".* FROM "roles"  WHERE "roles"."id" = $1 LIMIT 1[0m  [["id", 1377]]
11:58:43 web.1  |   [1m[35mCACHE (0.0ms)[0m  SELECT  "roles".* FROM "roles"  WHERE "roles"."id" = $1 LIMIT 1  [["id", 6315]]
11:58:43 web.1  |   [1m[36mRole Load (0.4ms)[0m  [1mSELECT "roles".* FROM "roles" INNER JOIN "personal_roles" ON "roles"."id" = "personal_roles"."role_id" WHERE "personal_roles"."person_id" = $1[0m  [["person_id", 1161]]
11:58:43 web.1  |   [1m[35mPersonalRole Load (25.2ms)[0m  SELECT "personal_roles".* FROM "personal_roles"  WHERE "personal_roles"."person_id" = $1  [["person_id", 1165]]
11:58:43 web.1  |   [1m[36mRole Load (24.8ms)[0m  [1mSELECT  "roles".* FROM "roles"  WHERE "roles"."id" = $1 LIMIT 1[0m  [["id", 3765]]
11:58:43 web.1  |   [1m[35mRole Load (1.0ms)[0m  SELECT "roles".* FROM "roles" INNER JOIN "personal_roles" ON "roles"."id" = "personal_roles"."role_id" WHERE "personal_roles"."person_id" = $1  [["person_id", 1165]]
11:58:43 web.1  |   [1m[36mPlaque Load (0.4ms)[0m  [1mSELECT "plaques".* FROM "plaques" INNER JOIN "personal_connections" ON "plaques"."id" = "personal_connections"."plaque_id" WHERE "personal_connections"."person_id" = $1[0m  [["person_id", 1161]]
11:58:43 web.1  |   [1m[35mPlaque Load (0.4ms)[0m  SELECT "plaques".* FROM "plaques" INNER JOIN "personal_connections" ON "plaques"."id" = "personal_connections"."plaque_id" WHERE "personal_connections"."person_id" = $1  [["person_id", 1165]]
11:58:43 web.1  |   [1m[36mPersonalConnection Load (0.3ms)[0m  [1mSELECT "personal_connections".* FROM "personal_connections"  WHERE "personal_connections"."plaque_id" = $1[0m  [["plaque_id", 975]]
11:58:43 web.1  |   [1m[35mPerson Load (20.5ms)[0m  SELECT  "people".* FROM "people"  WHERE "people"."id" = $1 LIMIT 1  [["id", 1897]]
11:58:43 web.1  |   [1m[36mPerson Load (0.3ms)[0m  [1mSELECT  "people".* FROM "people"  WHERE "people"."id" = $1 LIMIT 1[0m  [["id", 1281]]
11:58:43 web.1  |   [1m[35mPerson Load (0.3ms)[0m  SELECT  "people".* FROM "people"  WHERE "people"."id" = $1 LIMIT 1  [["id", 1905]]
11:58:43 web.1  |   [1m[36mPerson Load (0.3ms)[0m  [1mSELECT  "people".* FROM "people"  WHERE "people"."id" = $1 LIMIT 1[0m  [["id", 1909]]
11:58:43 web.1  |   [1m[35mCACHE (0.0ms)[0m  SELECT  "colours".* FROM "colours"  WHERE "colours"."id" = $1 LIMIT 1  [["id", 2]]
11:58:43 web.1  |   [1m[36mPhoto Load (0.4ms)[0m  [1mSELECT  "photos".* FROM "photos"  WHERE "photos"."plaque_id" = $1 AND "photos"."of_a_plaque" = 't'  ORDER BY shot ASC LIMIT 1[0m  [["plaque_id", 975]]
11:58:43 web.1  |   [1m[35mPhoto Load (0.3ms)[0m  SELECT "photos".* FROM "photos"  WHERE "photos"."plaque_id" = $1 AND "photos"."of_a_plaque" = 't'  ORDER BY shot ASC  [["plaque_id", 975]]
11:58:43 web.1  |   [1m[36mOrganisation Load (0.4ms)[0m  [1mSELECT "organisations".* FROM "organisations" INNER JOIN "sponsorships" ON "organisations"."id" = "sponsorships"."organisation_id" WHERE "sponsorships"."plaque_id" = $1[0m  [["plaque_id", 975]]
11:58:43 web.1  |   [1m[35mCACHE (0.0ms)[0m  SELECT  "languages".* FROM "languages"  WHERE "languages"."id" = $1 LIMIT 1  [["id", 1]]
11:58:43 web.1  |   [1m[36mPersonalRole Load (9.2ms)[0m  [1mSELECT "personal_roles".* FROM "personal_roles"  WHERE "personal_roles"."person_id" = $1[0m  [["person_id", 1897]]
11:58:43 web.1  |   [1m[35mRole Load (0.3ms)[0m  SELECT  "roles".* FROM "roles"  WHERE "roles"."id" = $1 LIMIT 1  [["id", 428]]
11:58:43 web.1  |   [1m[36mCACHE (0.0ms)[0m  [1mSELECT  "roles".* FROM "roles"  WHERE "roles"."id" = $1 LIMIT 1[0m  [["id", 20]]
11:58:43 web.1  |   [1m[35mRole Load (0.4ms)[0m  SELECT  "roles".* FROM "roles"  WHERE "roles"."id" = $1 LIMIT 1  [["id", 7]]
11:58:43 web.1  |   [1m[36mRole Load (0.3ms)[0m  [1mSELECT  "roles".* FROM "roles"  WHERE "roles"."id" = $1 LIMIT 1[0m  [["id", 4741]]
11:58:43 web.1  |   [1m[35mRole Load (0.3ms)[0m  SELECT  "roles".* FROM "roles"  WHERE "roles"."id" = $1 LIMIT 1  [["id", 5013]]
11:58:43 web.1  |   [1m[36mRole Load (0.4ms)[0m  [1mSELECT "roles".* FROM "roles" INNER JOIN "personal_roles" ON "roles"."id" = "personal_roles"."role_id" WHERE "personal_roles"."person_id" = $1[0m  [["person_id", 1897]]
11:58:43 web.1  |   [1m[35mPersonalRole Load (0.3ms)[0m  SELECT "personal_roles".* FROM "personal_roles"  WHERE "personal_roles"."person_id" = $1  [["person_id", 1281]]
11:58:43 web.1  |   [1m[36mCACHE (0.0ms)[0m  [1mSELECT  "roles".* FROM "roles"  WHERE "roles"."id" = $1 LIMIT 1[0m  [["id", 4742]]
11:58:43 web.1  |   [1m[35mRole Load (0.4ms)[0m  SELECT "roles".* FROM "roles" INNER JOIN "personal_roles" ON "roles"."id" = "personal_roles"."role_id" WHERE "personal_roles"."person_id" = $1  [["person_id", 1281]]
11:58:44 web.1  |   [1m[36mPersonalRole Load (29.9ms)[0m  [1mSELECT "personal_roles".* FROM "personal_roles"  WHERE "personal_roles"."person_id" = $1[0m  [["person_id", 1905]]
11:58:44 web.1  |   [1m[35mCACHE (0.0ms)[0m  SELECT  "roles".* FROM "roles"  WHERE "roles"."id" = $1 LIMIT 1  [["id", 1725]]
11:58:44 web.1  |   [1m[36mCACHE (0.0ms)[0m  [1mSELECT  "roles".* FROM "roles"  WHERE "roles"."id" = $1 LIMIT 1[0m  [["id", 5013]]
11:58:44 web.1  |   [1m[35mRole Load (16.1ms)[0m  SELECT  "roles".* FROM "roles"  WHERE "roles"."id" = $1 LIMIT 1  [["id", 5414]]
11:58:44 web.1  |   [1m[36mCACHE (0.0ms)[0m  [1mSELECT  "roles".* FROM "roles"  WHERE "roles"."id" = $1 LIMIT 1[0m  [["id", 5013]]
11:58:44 web.1  |   [1m[35mRole Load (0.4ms)[0m  SELECT "roles".* FROM "roles" INNER JOIN "personal_roles" ON "roles"."id" = "personal_roles"."role_id" WHERE "personal_roles"."person_id" = $1  [["person_id", 1905]]
11:58:44 web.1  |   [1m[36mPersonalRole Load (0.7ms)[0m  [1mSELECT "personal_roles".* FROM "personal_roles"  WHERE "personal_roles"."person_id" = $1[0m  [["person_id", 1909]]
11:58:44 web.1  |   [1m[35mRole Load (0.4ms)[0m  SELECT  "roles".* FROM "roles"  WHERE "roles"."id" = $1 LIMIT 1  [["id", 841]]
11:58:44 web.1  |   [1m[36mCACHE (0.0ms)[0m  [1mSELECT  "roles".* FROM "roles"  WHERE "roles"."id" = $1 LIMIT 1[0m  [["id", 33]]
11:58:44 web.1  |   [1m[35mCACHE (0.0ms)[0m  SELECT  "roles".* FROM "roles"  WHERE "roles"."id" = $1 LIMIT 1  [["id", 428]]
11:58:44 web.1  |   [1m[36mRole Load (9.1ms)[0m  [1mSELECT  "roles".* FROM "roles"  WHERE "roles"."id" = $1 LIMIT 1[0m  [["id", 3818]]
11:58:44 web.1  |   [1m[35mCACHE (0.0ms)[0m  SELECT  "roles".* FROM "roles"  WHERE "roles"."id" = $1 LIMIT 1  [["id", 4741]]
11:58:44 web.1  |   [1m[36mRole Load (0.4ms)[0m  [1mSELECT "roles".* FROM "roles" INNER JOIN "personal_roles" ON "roles"."id" = "personal_roles"."role_id" WHERE "personal_roles"."person_id" = $1[0m  [["person_id", 1909]]
11:58:44 web.1  |   [1m[35mPlaque Load (0.5ms)[0m  SELECT "plaques".* FROM "plaques" INNER JOIN "personal_connections" ON "plaques"."id" = "personal_connections"."plaque_id" WHERE "personal_connections"."person_id" = $1  [["person_id", 1897]]
11:58:44 web.1  |   [1m[36mPlaque Load (0.4ms)[0m  [1mSELECT "plaques".* FROM "plaques" INNER JOIN "personal_connections" ON "plaques"."id" = "personal_connections"."plaque_id" WHERE "personal_connections"."person_id" = $1[0m  [["person_id", 1281]]
11:58:44 web.1  |   [1m[35mPlaque Load (111.7ms)[0m  SELECT "plaques".* FROM "plaques" INNER JOIN "personal_connections" ON "plaques"."id" = "personal_connections"."plaque_id" WHERE "personal_connections"."person_id" = $1  [["person_id", 1905]]
11:58:44 web.1  |   [1m[36mPlaque Load (1.1ms)[0m  [1mSELECT "plaques".* FROM "plaques" INNER JOIN "personal_connections" ON "plaques"."id" = "personal_connections"."plaque_id" WHERE "personal_connections"."person_id" = $1[0m  [["person_id", 1909]]
11:58:44 web.1  |   [1m[35mPersonalConnection Load (0.4ms)[0m  SELECT "personal_connections".* FROM "personal_connections"  WHERE "personal_connections"."plaque_id" = $1  [["plaque_id", 1123]]
11:58:44 web.1  |   [1m[36mPerson Load (0.3ms)[0m  [1mSELECT  "people".* FROM "people"  WHERE "people"."id" = $1 LIMIT 1[0m  [["id", 2606]]
11:58:44 web.1  |   [1m[35mCACHE (0.0ms)[0m  SELECT  "colours".* FROM "colours"  WHERE "colours"."id" = $1 LIMIT 1  [["id", 12]]
11:58:44 web.1  |   [1m[36mPhoto Load (23.6ms)[0m  [1mSELECT  "photos".* FROM "photos"  WHERE "photos"."plaque_id" = $1 AND "photos"."of_a_plaque" = 't'  ORDER BY shot ASC LIMIT 1[0m  [["plaque_id", 1123]]
11:58:44 web.1  |   [1m[35mPhoto Load (0.4ms)[0m  SELECT "photos".* FROM "photos"  WHERE "photos"."plaque_id" = $1 AND "photos"."of_a_plaque" = 't'  ORDER BY shot ASC  [["plaque_id", 1123]]
11:58:44 web.1  |   [1m[36mOrganisation Load (0.4ms)[0m  [1mSELECT "organisations".* FROM "organisations" INNER JOIN "sponsorships" ON "organisations"."id" = "sponsorships"."organisation_id" WHERE "sponsorships"."plaque_id" = $1[0m  [["plaque_id", 1123]]
11:58:44 web.1  |   [1m[35mCACHE (0.0ms)[0m  SELECT  "languages".* FROM "languages"  WHERE "languages"."id" = $1 LIMIT 1  [["id", 1]]
11:58:44 web.1  |   [1m[36mPersonalRole Load (11.2ms)[0m  [1mSELECT "personal_roles".* FROM "personal_roles"  WHERE "personal_roles"."person_id" = $1[0m  [["person_id", 2606]]
11:58:44 web.1  |   [1m[35mRole Load (12.4ms)[0m  SELECT  "roles".* FROM "roles"  WHERE "roles"."id" = $1 LIMIT 1  [["id", 2742]]
11:58:44 web.1  |   [1m[36mCACHE (0.0ms)[0m  [1mSELECT  "roles".* FROM "roles"  WHERE "roles"."id" = $1 LIMIT 1[0m  [["id", 4626]]
11:58:44 web.1  |   [1m[35mRole Load (0.4ms)[0m  SELECT "roles".* FROM "roles" INNER JOIN "personal_roles" ON "roles"."id" = "personal_roles"."role_id" WHERE "personal_roles"."person_id" = $1  [["person_id", 2606]]
11:58:44 web.1  |   [1m[36mPlaque Load (0.4ms)[0m  [1mSELECT "plaques".* FROM "plaques" INNER JOIN "personal_connections" ON "plaques"."id" = "personal_connections"."plaque_id" WHERE "personal_connections"."person_id" = $1[0m  [["person_id", 2606]]
11:58:44 web.1  |   [1m[35mPersonalConnection Load (0.3ms)[0m  SELECT "personal_connections".* FROM "personal_connections"  WHERE "personal_connections"."plaque_id" = $1  [["plaque_id", 2187]]
11:58:44 web.1  |   [1m[36mCACHE (0.0ms)[0m  [1mSELECT  "people".* FROM "people"  WHERE "people"."id" = $1 LIMIT 1[0m  [["id", 1953]]
11:58:44 web.1  |   [1m[35mCACHE (0.0ms)[0m  SELECT  "colours".* FROM "colours"  WHERE "colours"."id" = $1 LIMIT 1  [["id", 13]]
11:58:44 web.1  |   [1m[36mPhoto Load (0.4ms)[0m  [1mSELECT  "photos".* FROM "photos"  WHERE "photos"."plaque_id" = $1 AND "photos"."of_a_plaque" = 't'  ORDER BY shot ASC LIMIT 1[0m  [["plaque_id", 2187]]
11:58:44 web.1  |   [1m[35mPhoto Load (0.3ms)[0m  SELECT "photos".* FROM "photos"  WHERE "photos"."plaque_id" = $1 AND "photos"."of_a_plaque" = 't'  ORDER BY shot ASC  [["plaque_id", 2187]]
11:58:44 web.1  |   [1m[36mOrganisation Load (0.4ms)[0m  [1mSELECT "organisations".* FROM "organisations" INNER JOIN "sponsorships" ON "organisations"."id" = "sponsorships"."organisation_id" WHERE "sponsorships"."plaque_id" = $1[0m  [["plaque_id", 2187]]
11:58:44 web.1  |   [1m[35mCACHE (0.0ms)[0m  SELECT  "languages".* FROM "languages"  WHERE "languages"."id" = $1 LIMIT 1  [["id", 1]]
11:58:44 web.1  |   [1m[36mCACHE (0.0ms)[0m  [1mSELECT "personal_roles".* FROM "personal_roles"  WHERE "personal_roles"."person_id" = $1[0m  [["person_id", 1953]]
11:58:44 web.1  |   [1m[35mCACHE (0.0ms)[0m  SELECT  "roles".* FROM "roles"  WHERE "roles"."id" = $1 LIMIT 1  [["id", 2125]]
11:58:44 web.1  |   [1m[36mCACHE (0.2ms)[0m  [1mSELECT "roles".* FROM "roles" INNER JOIN "personal_roles" ON "roles"."id" = "personal_roles"."role_id" WHERE "personal_roles"."person_id" = $1[0m  [["person_id", 1953]]
11:58:44 web.1  |   [1m[35mCACHE (0.0ms)[0m  SELECT "plaques".* FROM "plaques" INNER JOIN "personal_connections" ON "plaques"."id" = "personal_connections"."plaque_id" WHERE "personal_connections"."person_id" = $1  [["person_id", 1953]]
11:58:44 web.1  |   [1m[36mPersonalConnection Load (10.4ms)[0m  [1mSELECT "personal_connections".* FROM "personal_connections"  WHERE "personal_connections"."plaque_id" = $1[0m  [["plaque_id", 10849]]
11:58:44 web.1  |   [1m[35mPerson Load (17.8ms)[0m  SELECT  "people".* FROM "people"  WHERE "people"."id" = $1 LIMIT 1  [["id", 7871]]
11:58:44 web.1  |   [1m[36mColour Load (0.3ms)[0m  [1mSELECT  "colours".* FROM "colours"  WHERE "colours"."id" = $1 LIMIT 1[0m  [["id", 3]]
11:58:44 web.1  |   [1m[35mPhoto Load (10.6ms)[0m  SELECT  "photos".* FROM "photos"  WHERE "photos"."plaque_id" = $1 AND "photos"."of_a_plaque" = 't'  ORDER BY shot ASC LIMIT 1  [["plaque_id", 10849]]
11:58:44 web.1  |   [1m[36mPhoto Load (0.4ms)[0m  [1mSELECT "photos".* FROM "photos"  WHERE "photos"."plaque_id" = $1 AND "photos"."of_a_plaque" = 't'  ORDER BY shot ASC[0m  [["plaque_id", 10849]]
11:58:44 web.1  |   [1m[35mOrganisation Load (17.5ms)[0m  SELECT "organisations".* FROM "organisations" INNER JOIN "sponsorships" ON "organisations"."id" = "sponsorships"."organisation_id" WHERE "sponsorships"."plaque_id" = $1  [["plaque_id", 10849]]
11:58:44 web.1  |   [1m[36mCACHE (0.0ms)[0m  [1mSELECT  "languages".* FROM "languages"  WHERE "languages"."id" = $1 LIMIT 1[0m  [["id", 1]]
11:58:44 web.1  |   [1m[35mPersonalRole Load (11.6ms)[0m  SELECT "personal_roles".* FROM "personal_roles"  WHERE "personal_roles"."person_id" = $1  [["person_id", 7871]]
11:58:44 web.1  |   [1m[36mCACHE (0.0ms)[0m  [1mSELECT  "roles".* FROM "roles"  WHERE "roles"."id" = $1 LIMIT 1[0m  [["id", 1413]]
11:58:44 web.1  |   [1m[35mRole Load (0.4ms)[0m  SELECT "roles".* FROM "roles" INNER JOIN "personal_roles" ON "roles"."id" = "personal_roles"."role_id" WHERE "personal_roles"."person_id" = $1  [["person_id", 7871]]
11:58:44 web.1  |   [1m[36mPlaque Load (20.6ms)[0m  [1mSELECT "plaques".* FROM "plaques" INNER JOIN "personal_connections" ON "plaques"."id" = "personal_connections"."plaque_id" WHERE "personal_connections"."person_id" = $1[0m  [["person_id", 7871]]
11:58:44 web.1  |   [1m[35mPersonalConnection Load (0.7ms)[0m  SELECT "personal_connections".* FROM "personal_connections"  WHERE "personal_connections"."plaque_id" = $1  [["plaque_id", 1651]]
11:58:44 web.1  |   [1m[36mPerson Load (0.4ms)[0m  [1mSELECT  "people".* FROM "people"  WHERE "people"."id" = $1 LIMIT 1[0m  [["id", 2388]]
11:58:44 web.1  |   [1m[35mCACHE (0.0ms)[0m  SELECT  "colours".* FROM "colours"  WHERE "colours"."id" = $1 LIMIT 1  [["id", 10]]
11:58:44 web.1  |   [1m[36mPhoto Load (0.5ms)[0m  [1mSELECT  "photos".* FROM "photos"  WHERE "photos"."plaque_id" = $1 AND "photos"."of_a_plaque" = 't'  ORDER BY shot ASC LIMIT 1[0m  [["plaque_id", 1651]]
11:58:44 web.1  |   [1m[35mPhoto Load (0.4ms)[0m  SELECT "photos".* FROM "photos"  WHERE "photos"."plaque_id" = $1 AND "photos"."of_a_plaque" = 't'  ORDER BY shot ASC  [["plaque_id", 1651]]
11:58:44 web.1  |   [1m[36mOrganisation Load (0.4ms)[0m  [1mSELECT "organisations".* FROM "organisations" INNER JOIN "sponsorships" ON "organisations"."id" = "sponsorships"."organisation_id" WHERE "sponsorships"."plaque_id" = $1[0m  [["plaque_id", 1651]]
11:58:44 web.1  |   [1m[35mCACHE (0.0ms)[0m  SELECT  "languages".* FROM "languages"  WHERE "languages"."id" = $1 LIMIT 1  [["id", 1]]
11:58:44 web.1  |   [1m[36mPersonalRole Load (0.4ms)[0m  [1mSELECT "personal_roles".* FROM "personal_roles"  WHERE "personal_roles"."person_id" = $1[0m  [["person_id", 2388]]
11:58:44 web.1  |   [1m[35mRole Load (13.3ms)[0m  SELECT  "roles".* FROM "roles"  WHERE "roles"."id" = $1 LIMIT 1  [["id", 2610]]
11:58:44 web.1  |   [1m[36mRole Load (0.4ms)[0m  [1mSELECT "roles".* FROM "roles" INNER JOIN "personal_roles" ON "roles"."id" = "personal_roles"."role_id" WHERE "personal_roles"."person_id" = $1[0m  [["person_id", 2388]]
11:58:44 web.1  |   [1m[35mPlaque Load (0.7ms)[0m  SELECT "plaques".* FROM "plaques" INNER JOIN "personal_connections" ON "plaques"."id" = "personal_connections"."plaque_id" WHERE "personal_connections"."person_id" = $1  [["person_id", 2388]]
11:58:44 web.1  |   [1m[36mPersonalConnection Load (0.3ms)[0m  [1mSELECT "personal_connections".* FROM "personal_connections"  WHERE "personal_connections"."plaque_id" = $1[0m  [["plaque_id", 1040]]
11:58:44 web.1  |   [1m[35mPerson Load (0.4ms)[0m  SELECT  "people".* FROM "people"  WHERE "people"."id" = $1 LIMIT 1  [["id", 856]]
11:58:44 web.1  |   [1m[36mCACHE (0.0ms)[0m  [1mSELECT  "colours".* FROM "colours"  WHERE "colours"."id" = $1 LIMIT 1[0m  [["id", 6]]
11:58:44 web.1  |   [1m[35mPhoto Load (0.4ms)[0m  SELECT  "photos".* FROM "photos"  WHERE "photos"."plaque_id" = $1 AND "photos"."of_a_plaque" = 't'  ORDER BY shot ASC LIMIT 1  [["plaque_id", 1040]]
11:58:44 web.1  |   [1m[36mPhoto Load (0.3ms)[0m  [1mSELECT "photos".* FROM "photos"  WHERE "photos"."plaque_id" = $1 AND "photos"."of_a_plaque" = 't'  ORDER BY shot ASC[0m  [["plaque_id", 1040]]
11:58:44 web.1  |   [1m[35mOrganisation Load (0.4ms)[0m  SELECT "organisations".* FROM "organisations" INNER JOIN "sponsorships" ON "organisations"."id" = "sponsorships"."organisation_id" WHERE "sponsorships"."plaque_id" = $1  [["plaque_id", 1040]]
11:58:44 web.1  |   [1m[36mCACHE (0.0ms)[0m  [1mSELECT  "languages".* FROM "languages"  WHERE "languages"."id" = $1 LIMIT 1[0m  [["id", 1]]
11:58:44 web.1  |   [1m[35mPersonalRole Load (0.3ms)[0m  SELECT "personal_roles".* FROM "personal_roles"  WHERE "personal_roles"."person_id" = $1  [["person_id", 856]]
11:58:44 web.1  |   [1m[36mRole Load (0.3ms)[0m  [1mSELECT  "roles".* FROM "roles"  WHERE "roles"."id" = $1 LIMIT 1[0m  [["id", 614]]
11:58:44 web.1  |   [1m[35mCACHE (0.0ms)[0m  SELECT  "roles".* FROM "roles"  WHERE "roles"."id" = $1 LIMIT 1  [["id", 1413]]
11:58:44 web.1  |   [1m[36mRole Load (0.4ms)[0m  [1mSELECT "roles".* FROM "roles" INNER JOIN "personal_roles" ON "roles"."id" = "personal_roles"."role_id" WHERE "personal_roles"."person_id" = $1[0m  [["person_id", 856]]
11:58:44 web.1  |   [1m[35mPlaque Load (0.4ms)[0m  SELECT "plaques".* FROM "plaques" INNER JOIN "personal_connections" ON "plaques"."id" = "personal_connections"."plaque_id" WHERE "personal_connections"."person_id" = $1  [["person_id", 856]]
11:58:44 web.1  |   [1m[36mPersonalConnection Load (0.3ms)[0m  [1mSELECT "personal_connections".* FROM "personal_connections"  WHERE "personal_connections"."plaque_id" = $1[0m  [["plaque_id", 1260]]
11:58:44 web.1  |   [1m[35mPerson Load (0.3ms)[0m  SELECT  "people".* FROM "people"  WHERE "people"."id" = $1 LIMIT 1  [["id", 1957]]
11:58:44 web.1  |   [1m[36mCACHE (0.0ms)[0m  [1mSELECT  "colours".* FROM "colours"  WHERE "colours"."id" = $1 LIMIT 1[0m  [["id", 6]]
11:58:44 web.1  |   [1m[35mPhoto Load (0.7ms)[0m  SELECT  "photos".* FROM "photos"  WHERE "photos"."plaque_id" = $1 AND "photos"."of_a_plaque" = 't'  ORDER BY shot ASC LIMIT 1  [["plaque_id", 1260]]
11:58:44 web.1  |   [1m[36mPhoto Load (0.4ms)[0m  [1mSELECT "photos".* FROM "photos"  WHERE "photos"."plaque_id" = $1 AND "photos"."of_a_plaque" = 't'  ORDER BY shot ASC[0m  [["plaque_id", 1260]]
11:58:44 web.1  |   [1m[35mOrganisation Load (0.3ms)[0m  SELECT "organisations".* FROM "organisations" INNER JOIN "sponsorships" ON "organisations"."id" = "sponsorships"."organisation_id" WHERE "sponsorships"."plaque_id" = $1  [["plaque_id", 1260]]
11:58:44 web.1  |   [1m[36mCACHE (0.0ms)[0m  [1mSELECT  "languages".* FROM "languages"  WHERE "languages"."id" = $1 LIMIT 1[0m  [["id", 1]]
11:58:44 web.1  |   [1m[35mPersonalRole Load (1.2ms)[0m  SELECT "personal_roles".* FROM "personal_roles"  WHERE "personal_roles"."person_id" = $1  [["person_id", 1957]]
11:58:44 web.1  |   [1m[36mRole Load (0.8ms)[0m  [1mSELECT  "roles".* FROM "roles"  WHERE "roles"."id" = $1 LIMIT 1[0m  [["id", 2137]]
11:58:44 web.1  |   [1m[35mRole Load (1.0ms)[0m  SELECT  "roles".* FROM "roles"  WHERE "roles"."id" = $1 LIMIT 1  [["id", 2141]]
11:58:44 web.1  |   [1m[36mRole Load (3.7ms)[0m  [1mSELECT "roles".* FROM "roles" INNER JOIN "personal_roles" ON "roles"."id" = "personal_roles"."role_id" WHERE "personal_roles"."person_id" = $1[0m  [["person_id", 1957]]
11:58:44 web.1  |   [1m[35mPlaque Load (0.9ms)[0m  SELECT "plaques".* FROM "plaques" INNER JOIN "personal_connections" ON "plaques"."id" = "personal_connections"."plaque_id" WHERE "personal_connections"."person_id" = $1  [["person_id", 1957]]
11:58:44 web.1  |   [1m[36mPersonalConnection Load (5.4ms)[0m  [1mSELECT "personal_connections".* FROM "personal_connections"  WHERE "personal_connections"."plaque_id" = $1[0m  [["plaque_id", 8952]]
11:58:44 web.1  |   [1m[35mPerson Load (22.8ms)[0m  SELECT  "people".* FROM "people"  WHERE "people"."id" = $1 LIMIT 1  [["id", 6177]]
11:58:44 web.1  |   [1m[36mCACHE (0.2ms)[0m  [1mSELECT  "colours".* FROM "colours"  WHERE "colours"."id" = $1 LIMIT 1[0m  [["id", 2]]
11:58:44 web.1  |   [1m[35mPhoto Load (14.7ms)[0m  SELECT  "photos".* FROM "photos"  WHERE "photos"."plaque_id" = $1 AND "photos"."of_a_plaque" = 't'  ORDER BY shot ASC LIMIT 1  [["plaque_id", 8952]]
11:58:44 web.1  |   [1m[36mPhoto Load (0.4ms)[0m  [1mSELECT "photos".* FROM "photos"  WHERE "photos"."plaque_id" = $1 AND "photos"."of_a_plaque" = 't'  ORDER BY shot ASC[0m  [["plaque_id", 8952]]
11:58:45 web.1  |   [1m[35mOrganisation Load (27.0ms)[0m  SELECT "organisations".* FROM "organisations" INNER JOIN "sponsorships" ON "organisations"."id" = "sponsorships"."organisation_id" WHERE "sponsorships"."plaque_id" = $1  [["plaque_id", 8952]]
11:58:45 web.1  |   [1m[36mCACHE (0.0ms)[0m  [1mSELECT  "languages".* FROM "languages"  WHERE "languages"."id" = $1 LIMIT 1[0m  [["id", 1]]
11:58:45 web.1  |   [1m[35mPersonalRole Load (6.7ms)[0m  SELECT "personal_roles".* FROM "personal_roles"  WHERE "personal_roles"."person_id" = $1  [["person_id", 6177]]
11:58:45 web.1  |   [1m[36mRole Load (7.8ms)[0m  [1mSELECT  "roles".* FROM "roles"  WHERE "roles"."id" = $1 LIMIT 1[0m  [["id", 3996]]
11:58:45 web.1  |   [1m[35mRole Load (1.2ms)[0m  SELECT "roles".* FROM "roles" INNER JOIN "personal_roles" ON "roles"."id" = "personal_roles"."role_id" WHERE "personal_roles"."person_id" = $1  [["person_id", 6177]]
11:58:45 web.1  |   [1m[36mPlaque Load (15.5ms)[0m  [1mSELECT "plaques".* FROM "plaques" INNER JOIN "personal_connections" ON "plaques"."id" = "personal_connections"."plaque_id" WHERE "personal_connections"."person_id" = $1[0m  [["person_id", 6177]]
11:58:45 web.1  |   [1m[35mPersonalConnection Load (0.4ms)[0m  SELECT "personal_connections".* FROM "personal_connections"  WHERE "personal_connections"."plaque_id" = $1  [["plaque_id", 2581]]
11:58:45 web.1  |   [1m[36mPerson Load (8.8ms)[0m  [1mSELECT  "people".* FROM "people"  WHERE "people"."id" = $1 LIMIT 1[0m  [["id", 2312]]
11:58:45 web.1  |   [1m[35mCACHE (0.0ms)[0m  SELECT  "colours".* FROM "colours"  WHERE "colours"."id" = $1 LIMIT 1  [["id", 6]]
11:58:45 web.1  |   [1m[36mPhoto Load (5.5ms)[0m  [1mSELECT  "photos".* FROM "photos"  WHERE "photos"."plaque_id" = $1 AND "photos"."of_a_plaque" = 't'  ORDER BY shot ASC LIMIT 1[0m  [["plaque_id", 2581]]
11:58:45 web.1  |   [1m[35mPhoto Load (9.2ms)[0m  SELECT "photos".* FROM "photos"  WHERE "photos"."plaque_id" = $1 AND "photos"."of_a_plaque" = 't'  ORDER BY shot ASC  [["plaque_id", 2581]]
11:58:45 web.1  |   [1m[36mOrganisation Load (0.4ms)[0m  [1mSELECT "organisations".* FROM "organisations" INNER JOIN "sponsorships" ON "organisations"."id" = "sponsorships"."organisation_id" WHERE "sponsorships"."plaque_id" = $1[0m  [["plaque_id", 2581]]
11:58:45 web.1  |   [1m[35mCACHE (0.0ms)[0m  SELECT  "languages".* FROM "languages"  WHERE "languages"."id" = $1 LIMIT 1  [["id", 1]]
11:58:45 web.1  |   [1m[36mPersonalRole Load (5.5ms)[0m  [1mSELECT "personal_roles".* FROM "personal_roles"  WHERE "personal_roles"."person_id" = $1[0m  [["person_id", 2312]]
11:58:45 web.1  |   [1m[35mRole Load (0.5ms)[0m  SELECT  "roles".* FROM "roles"  WHERE "roles"."id" = $1 LIMIT 1  [["id", 101]]
11:58:45 web.1  |   [1m[36mCACHE (0.0ms)[0m  [1mSELECT  "roles".* FROM "roles"  WHERE "roles"."id" = $1 LIMIT 1[0m  [["id", 101]]
11:58:45 web.1  |   [1m[35mRole Load (0.4ms)[0m  SELECT "roles".* FROM "roles" INNER JOIN "personal_roles" ON "roles"."id" = "personal_roles"."role_id" WHERE "personal_roles"."person_id" = $1  [["person_id", 2312]]
11:58:45 web.1  |   [1m[36mPlaque Load (0.4ms)[0m  [1mSELECT "plaques".* FROM "plaques" INNER JOIN "personal_connections" ON "plaques"."id" = "personal_connections"."plaque_id" WHERE "personal_connections"."person_id" = $1[0m  [["person_id", 2312]]
11:58:45 web.1  |   [1m[35mPersonalConnection Load (0.4ms)[0m  SELECT "personal_connections".* FROM "personal_connections"  WHERE "personal_connections"."plaque_id" = $1  [["plaque_id", 2773]]
11:58:45 web.1  |   [1m[36mPerson Load (0.3ms)[0m  [1mSELECT  "people".* FROM "people"  WHERE "people"."id" = $1 LIMIT 1[0m  [["id", 72]]
11:58:45 web.1  |   [1m[35mCACHE (0.0ms)[0m  SELECT  "colours".* FROM "colours"  WHERE "colours"."id" = $1 LIMIT 1  [["id", 10]]
11:58:45 web.1  |   [1m[36mPhoto Load (51.9ms)[0m  [1mSELECT  "photos".* FROM "photos"  WHERE "photos"."plaque_id" = $1 AND "photos"."of_a_plaque" = 't'  ORDER BY shot ASC LIMIT 1[0m  [["plaque_id", 2773]]
11:58:45 web.1  |   [1m[35mPhoto Load (12.1ms)[0m  SELECT "photos".* FROM "photos"  WHERE "photos"."plaque_id" = $1 AND "photos"."of_a_plaque" = 't'  ORDER BY shot ASC  [["plaque_id", 2773]]
11:58:45 web.1  |   [1m[36mOrganisation Load (0.9ms)[0m  [1mSELECT "organisations".* FROM "organisations" INNER JOIN "sponsorships" ON "organisations"."id" = "sponsorships"."organisation_id" WHERE "sponsorships"."plaque_id" = $1[0m  [["plaque_id", 2773]]
11:58:45 web.1  |   [1m[35mCACHE (0.0ms)[0m  SELECT  "languages".* FROM "languages"  WHERE "languages"."id" = $1 LIMIT 1  [["id", 1]]
11:58:45 web.1  |   [1m[36mPersonalRole Load (0.4ms)[0m  [1mSELECT "personal_roles".* FROM "personal_roles"  WHERE "personal_roles"."person_id" = $1[0m  [["person_id", 72]]
11:58:45 web.1  |   [1m[35mRole Load (0.3ms)[0m  SELECT  "roles".* FROM "roles"  WHERE "roles"."id" = $1 LIMIT 1  [["id", 65]]
11:58:45 web.1  |   [1m[36mRole Load (0.3ms)[0m  [1mSELECT  "roles".* FROM "roles"  WHERE "roles"."id" = $1 LIMIT 1[0m  [["id", 2518]]
11:58:45 web.1  |   [1m[35mRole Load (0.4ms)[0m  SELECT "roles".* FROM "roles" INNER JOIN "personal_roles" ON "roles"."id" = "personal_roles"."role_id" WHERE "personal_roles"."person_id" = $1  [["person_id", 72]]
11:58:45 web.1  |   [1m[36mPlaque Load (0.5ms)[0m  [1mSELECT "plaques".* FROM "plaques" INNER JOIN "personal_connections" ON "plaques"."id" = "personal_connections"."plaque_id" WHERE "personal_connections"."person_id" = $1[0m  [["person_id", 72]]
11:58:45 web.1  |   [1m[35mPersonalConnection Load (0.3ms)[0m  SELECT "personal_connections".* FROM "personal_connections"  WHERE "personal_connections"."plaque_id" = $1  [["plaque_id", 3664]]
11:58:45 web.1  |   [1m[36mCACHE (0.0ms)[0m  [1mSELECT  "people".* FROM "people"  WHERE "people"."id" = $1 LIMIT 1[0m  [["id", 2440]]
11:58:45 web.1  |   [1m[35mCACHE (0.0ms)[0m  SELECT  "colours".* FROM "colours"  WHERE "colours"."id" = $1 LIMIT 1  [["id", 8]]
11:58:45 web.1  |   [1m[36mPhoto Load (0.5ms)[0m  [1mSELECT  "photos".* FROM "photos"  WHERE "photos"."plaque_id" = $1 AND "photos"."of_a_plaque" = 't'  ORDER BY shot ASC LIMIT 1[0m  [["plaque_id", 3664]]
11:58:45 web.1  |   [1m[35mPhoto Load (0.3ms)[0m  SELECT "photos".* FROM "photos"  WHERE "photos"."plaque_id" = $1 AND "photos"."of_a_plaque" = 't'  ORDER BY shot ASC  [["plaque_id", 3664]]
11:58:45 web.1  |   [1m[36mOrganisation Load (0.3ms)[0m  [1mSELECT "organisations".* FROM "organisations" INNER JOIN "sponsorships" ON "organisations"."id" = "sponsorships"."organisation_id" WHERE "sponsorships"."plaque_id" = $1[0m  [["plaque_id", 3664]]
11:58:45 web.1  |   [1m[35mCACHE (0.0ms)[0m  SELECT  "languages".* FROM "languages"  WHERE "languages"."id" = $1 LIMIT 1  [["id", 1]]
11:58:45 web.1  |   [1m[36mCACHE (0.0ms)[0m  [1mSELECT "personal_roles".* FROM "personal_roles"  WHERE "personal_roles"."person_id" = $1[0m  [["person_id", 2440]]
11:58:45 web.1  |   [1m[35mCACHE (0.0ms)[0m  SELECT  "roles".* FROM "roles"  WHERE "roles"."id" = $1 LIMIT 1  [["id", 109]]
11:58:45 web.1  |   [1m[36mCACHE (0.0ms)[0m  [1mSELECT  "roles".* FROM "roles"  WHERE "roles"."id" = $1 LIMIT 1[0m  [["id", 83]]
11:58:45 web.1  |   [1m[35mCACHE (0.0ms)[0m  SELECT "roles".* FROM "roles" INNER JOIN "personal_roles" ON "roles"."id" = "personal_roles"."role_id" WHERE "personal_roles"."person_id" = $1  [["person_id", 2440]]
11:58:45 web.1  |   [1m[36mCACHE (0.0ms)[0m  [1mSELECT "plaques".* FROM "plaques" INNER JOIN "personal_connections" ON "plaques"."id" = "personal_connections"."plaque_id" WHERE "personal_connections"."person_id" = $1[0m  [["person_id", 2440]]
11:58:45 web.1  |   [1m[35mPersonalConnection Load (0.8ms)[0m  SELECT "personal_connections".* FROM "personal_connections"  WHERE "personal_connections"."plaque_id" = $1  [["plaque_id", 6364]]
11:58:45 web.1  |   [1m[36mCACHE (0.0ms)[0m  [1mSELECT  "people".* FROM "people"  WHERE "people"."id" = $1 LIMIT 1[0m  [["id", 3034]]
11:58:45 web.1  |   [1m[35mCACHE (0.0ms)[0m  SELECT  "people".* FROM "people"  WHERE "people"."id" = $1 LIMIT 1  [["id", 3036]]
11:58:45 web.1  |   [1m[36mCACHE (0.0ms)[0m  [1mSELECT  "people".* FROM "people"  WHERE "people"."id" = $1 LIMIT 1[0m  [["id", 3038]]
11:58:45 web.1  |   [1m[35mCACHE (0.0ms)[0m  SELECT  "people".* FROM "people"  WHERE "people"."id" = $1 LIMIT 1  [["id", 3040]]
11:58:45 web.1  |   [1m[36mCACHE (0.0ms)[0m  [1mSELECT  "people".* FROM "people"  WHERE "people"."id" = $1 LIMIT 1[0m  [["id", 3042]]
11:58:45 web.1  |   [1m[35mCACHE (0.0ms)[0m  SELECT  "colours".* FROM "colours"  WHERE "colours"."id" = $1 LIMIT 1  [["id", 15]]
11:58:45 web.1  |   [1m[36mPhoto Load (0.7ms)[0m  [1mSELECT  "photos".* FROM "photos"  WHERE "photos"."plaque_id" = $1 AND "photos"."of_a_plaque" = 't'  ORDER BY shot ASC LIMIT 1[0m  [["plaque_id", 6364]]
11:58:45 web.1  |   [1m[35mPhoto Load (0.3ms)[0m  SELECT "photos".* FROM "photos"  WHERE "photos"."plaque_id" = $1 AND "photos"."of_a_plaque" = 't'  ORDER BY shot ASC  [["plaque_id", 6364]]
11:58:45 web.1  |   [1m[36mOrganisation Load (18.2ms)[0m  [1mSELECT "organisations".* FROM "organisations" INNER JOIN "sponsorships" ON "organisations"."id" = "sponsorships"."organisation_id" WHERE "sponsorships"."plaque_id" = $1[0m  [["plaque_id", 6364]]
11:58:45 web.1  |   [1m[35mCACHE (0.0ms)[0m  SELECT  "languages".* FROM "languages"  WHERE "languages"."id" = $1 LIMIT 1  [["id", 1]]
11:58:45 web.1  |   [1m[36mCACHE (0.0ms)[0m  [1mSELECT "personal_roles".* FROM "personal_roles"  WHERE "personal_roles"."person_id" = $1[0m  [["person_id", 3034]]
11:58:45 web.1  |   [1m[35mCACHE (0.0ms)[0m  SELECT "roles".* FROM "roles" INNER JOIN "personal_roles" ON "roles"."id" = "personal_roles"."role_id" WHERE "personal_roles"."person_id" = $1  [["person_id", 3034]]
11:58:45 web.1  |   [1m[36mCACHE (0.0ms)[0m  [1mSELECT "personal_roles".* FROM "personal_roles"  WHERE "personal_roles"."person_id" = $1[0m  [["person_id", 3036]]
11:58:45 web.1  |   [1m[35mCACHE (0.0ms)[0m  SELECT "roles".* FROM "roles" INNER JOIN "personal_roles" ON "roles"."id" = "personal_roles"."role_id" WHERE "personal_roles"."person_id" = $1  [["person_id", 3036]]
11:58:45 web.1  |   [1m[36mCACHE (0.0ms)[0m  [1mSELECT "personal_roles".* FROM "personal_roles"  WHERE "personal_roles"."person_id" = $1[0m  [["person_id", 3038]]
11:58:45 web.1  |   [1m[35mCACHE (0.0ms)[0m  SELECT "roles".* FROM "roles" INNER JOIN "personal_roles" ON "roles"."id" = "personal_roles"."role_id" WHERE "personal_roles"."person_id" = $1  [["person_id", 3038]]
11:58:45 web.1  |   [1m[36mCACHE (0.0ms)[0m  [1mSELECT "personal_roles".* FROM "personal_roles"  WHERE "personal_roles"."person_id" = $1[0m  [["person_id", 3040]]
11:58:45 web.1  |   [1m[35mCACHE (0.1ms)[0m  SELECT "roles".* FROM "roles" INNER JOIN "personal_roles" ON "roles"."id" = "personal_roles"."role_id" WHERE "personal_roles"."person_id" = $1  [["person_id", 3040]]
11:58:45 web.1  |   [1m[36mCACHE (0.0ms)[0m  [1mSELECT "personal_roles".* FROM "personal_roles"  WHERE "personal_roles"."person_id" = $1[0m  [["person_id", 3042]]
11:58:45 web.1  |   [1m[35mCACHE (0.0ms)[0m  SELECT "roles".* FROM "roles" INNER JOIN "personal_roles" ON "roles"."id" = "personal_roles"."role_id" WHERE "personal_roles"."person_id" = $1  [["person_id", 3042]]
11:58:45 web.1  |   [1m[36mCACHE (0.0ms)[0m  [1mSELECT "plaques".* FROM "plaques" INNER JOIN "personal_connections" ON "plaques"."id" = "personal_connections"."plaque_id" WHERE "personal_connections"."person_id" = $1[0m  [["person_id", 3034]]
11:58:45 web.1  |   [1m[35mCACHE (0.0ms)[0m  SELECT "plaques".* FROM "plaques" INNER JOIN "personal_connections" ON "plaques"."id" = "personal_connections"."plaque_id" WHERE "personal_connections"."person_id" = $1  [["person_id", 3036]]
11:58:45 web.1  |   [1m[36mCACHE (0.0ms)[0m  [1mSELECT "plaques".* FROM "plaques" INNER JOIN "personal_connections" ON "plaques"."id" = "personal_connections"."plaque_id" WHERE "personal_connections"."person_id" = $1[0m  [["person_id", 3038]]
11:58:45 web.1  |   [1m[35mCACHE (0.0ms)[0m  SELECT "plaques".* FROM "plaques" INNER JOIN "personal_connections" ON "plaques"."id" = "personal_connections"."plaque_id" WHERE "personal_connections"."person_id" = $1  [["person_id", 3040]]
11:58:45 web.1  |   [1m[36mCACHE (0.0ms)[0m  [1mSELECT "plaques".* FROM "plaques" INNER JOIN "personal_connections" ON "plaques"."id" = "personal_connections"."plaque_id" WHERE "personal_connections"."person_id" = $1[0m  [["person_id", 3042]]
11:58:45 web.1  |   [1m[35mPersonalConnection Load (0.5ms)[0m  SELECT "personal_connections".* FROM "personal_connections"  WHERE "personal_connections"."plaque_id" = $1  [["plaque_id", 12721]]
11:58:45 web.1  |   [1m[36mPerson Load (10.5ms)[0m  [1mSELECT  "people".* FROM "people"  WHERE "people"."id" = $1 LIMIT 1[0m  [["id", 9470]]
11:58:45 web.1  |   [1m[35mCACHE (0.0ms)[0m  SELECT  "colours".* FROM "colours"  WHERE "colours"."id" = $1 LIMIT 1  [["id", 10]]
11:58:45 web.1  |   [1m[36mPhoto Load (0.8ms)[0m  [1mSELECT  "photos".* FROM "photos"  WHERE "photos"."plaque_id" = $1 AND "photos"."of_a_plaque" = 't'  ORDER BY shot ASC LIMIT 1[0m  [["plaque_id", 12721]]
11:58:45 web.1  |   [1m[35mPhoto Load (0.4ms)[0m  SELECT "photos".* FROM "photos"  WHERE "photos"."plaque_id" = $1 AND "photos"."of_a_plaque" = 't'  ORDER BY shot ASC  [["plaque_id", 12721]]
11:58:45 web.1  |   [1m[36mOrganisation Load (0.3ms)[0m  [1mSELECT "organisations".* FROM "organisations" INNER JOIN "sponsorships" ON "organisations"."id" = "sponsorships"."organisation_id" WHERE "sponsorships"."plaque_id" = $1[0m  [["plaque_id", 12721]]
11:58:45 web.1  |   [1m[35mCACHE (0.0ms)[0m  SELECT  "languages".* FROM "languages"  WHERE "languages"."id" = $1 LIMIT 1  [["id", 1]]
11:58:45 web.1  |   [1m[36mPersonalRole Load (3.7ms)[0m  [1mSELECT "personal_roles".* FROM "personal_roles"  WHERE "personal_roles"."person_id" = $1[0m  [["person_id", 9470]]
11:58:45 web.1  |   [1m[35mRole Load (0.3ms)[0m  SELECT  "roles".* FROM "roles"  WHERE "roles"."id" = $1 LIMIT 1  [["id", 5255]]
11:58:45 web.1  |   [1m[36mRole Load (0.4ms)[0m  [1mSELECT "roles".* FROM "roles" INNER JOIN "personal_roles" ON "roles"."id" = "personal_roles"."role_id" WHERE "personal_roles"."person_id" = $1[0m  [["person_id", 9470]]
11:58:45 web.1  |   [1m[35mPlaque Load (0.4ms)[0m  SELECT "plaques".* FROM "plaques" INNER JOIN "personal_connections" ON "plaques"."id" = "personal_connections"."plaque_id" WHERE "personal_connections"."person_id" = $1  [["person_id", 9470]]
11:58:45 web.1  |   [1m[36mPersonalConnection Load (0.3ms)[0m  [1mSELECT "personal_connections".* FROM "personal_connections"  WHERE "personal_connections"."plaque_id" = $1[0m  [["plaque_id", 12901]]
11:58:45 web.1  |   [1m[35mPerson Load (0.7ms)[0m  SELECT  "people".* FROM "people"  WHERE "people"."id" = $1 LIMIT 1  [["id", 9467]]
11:58:45 web.1  |   [1m[36mCACHE (0.1ms)[0m  [1mSELECT  "colours".* FROM "colours"  WHERE "colours"."id" = $1 LIMIT 1[0m  [["id", 2]]
11:58:45 web.1  |   [1m[35mPhoto Load (0.4ms)[0m  SELECT  "photos".* FROM "photos"  WHERE "photos"."plaque_id" = $1 AND "photos"."of_a_plaque" = 't'  ORDER BY shot ASC LIMIT 1  [["plaque_id", 12901]]
11:58:45 web.1  |   [1m[36mPhoto Load (0.3ms)[0m  [1mSELECT "photos".* FROM "photos"  WHERE "photos"."plaque_id" = $1 AND "photos"."of_a_plaque" = 't'  ORDER BY shot ASC[0m  [["plaque_id", 12901]]
11:58:45 web.1  |   [1m[35mOrganisation Load (18.1ms)[0m  SELECT "organisations".* FROM "organisations" INNER JOIN "sponsorships" ON "organisations"."id" = "sponsorships"."organisation_id" WHERE "sponsorships"."plaque_id" = $1  [["plaque_id", 12901]]
11:58:45 web.1  |   [1m[36mCACHE (0.0ms)[0m  [1mSELECT  "languages".* FROM "languages"  WHERE "languages"."id" = $1 LIMIT 1[0m  [["id", 1]]
11:58:45 web.1  |   [1m[35mPersonalRole Load (0.7ms)[0m  SELECT "personal_roles".* FROM "personal_roles"  WHERE "personal_roles"."person_id" = $1  [["person_id", 9467]]
11:58:45 web.1  |   [1m[36mRole Load (0.4ms)[0m  [1mSELECT  "roles".* FROM "roles"  WHERE "roles"."id" = $1 LIMIT 1[0m  [["id", 84]]
11:58:45 web.1  |   [1m[35mCACHE (0.0ms)[0m  SELECT  "roles".* FROM "roles"  WHERE "roles"."id" = $1 LIMIT 1  [["id", 4]]
11:58:45 web.1  |   [1m[36mRole Load (0.3ms)[0m  [1mSELECT "roles".* FROM "roles" INNER JOIN "personal_roles" ON "roles"."id" = "personal_roles"."role_id" WHERE "personal_roles"."person_id" = $1[0m  [["person_id", 9467]]
11:58:45 web.1  |   [1m[35mPlaque Load (0.4ms)[0m  SELECT "plaques".* FROM "plaques" INNER JOIN "personal_connections" ON "plaques"."id" = "personal_connections"."plaque_id" WHERE "personal_connections"."person_id" = $1  [["person_id", 9467]]
11:58:45 web.1  |   [1m[36mPersonalConnection Load (0.3ms)[0m  [1mSELECT "personal_connections".* FROM "personal_connections"  WHERE "personal_connections"."plaque_id" = $1[0m  [["plaque_id", 6678]]
11:58:46 web.1  |   [1m[35mPerson Load (9.2ms)[0m  SELECT  "people".* FROM "people"  WHERE "people"."id" = $1 LIMIT 1  [["id", 3922]]
11:58:46 web.1  |   [1m[36mCACHE (0.0ms)[0m  [1mSELECT  "colours".* FROM "colours"  WHERE "colours"."id" = $1 LIMIT 1[0m  [["id", 2]]
11:58:46 web.1  |   [1m[35mPhoto Load (0.3ms)[0m  SELECT  "photos".* FROM "photos"  WHERE "photos"."plaque_id" = $1 AND "photos"."of_a_plaque" = 't'  ORDER BY shot ASC LIMIT 1  [["plaque_id", 6678]]
11:58:46 web.1  |   [1m[36mPhoto Load (0.3ms)[0m  [1mSELECT "photos".* FROM "photos"  WHERE "photos"."plaque_id" = $1 AND "photos"."of_a_plaque" = 't'  ORDER BY shot ASC[0m  [["plaque_id", 6678]]
11:58:46 web.1  |   [1m[35mOrganisation Load (0.3ms)[0m  SELECT "organisations".* FROM "organisations" INNER JOIN "sponsorships" ON "organisations"."id" = "sponsorships"."organisation_id" WHERE "sponsorships"."plaque_id" = $1  [["plaque_id", 6678]]
11:58:46 web.1  |   [1m[36mCACHE (0.0ms)[0m  [1mSELECT  "languages".* FROM "languages"  WHERE "languages"."id" = $1 LIMIT 1[0m  [["id", 1]]
11:58:46 web.1  |   [1m[35mPersonalRole Load (0.7ms)[0m  SELECT "personal_roles".* FROM "personal_roles"  WHERE "personal_roles"."person_id" = $1  [["person_id", 3922]]
11:58:46 web.1  |   [1m[36mRole Load (12.5ms)[0m  [1mSELECT  "roles".* FROM "roles"  WHERE "roles"."id" = $1 LIMIT 1[0m  [["id", 3524]]
11:58:46 web.1  |   [1m[35mRole Load (0.5ms)[0m  SELECT  "roles".* FROM "roles"  WHERE "roles"."id" = $1 LIMIT 1  [["id", 6350]]
11:58:46 web.1  |   [1m[36mRole Load (26.9ms)[0m  [1mSELECT "roles".* FROM "roles" INNER JOIN "personal_roles" ON "roles"."id" = "personal_roles"."role_id" WHERE "personal_roles"."person_id" = $1[0m  [["person_id", 3922]]
11:58:46 web.1  |   [1m[35mPlaque Load (34.8ms)[0m  SELECT "plaques".* FROM "plaques" INNER JOIN "personal_connections" ON "plaques"."id" = "personal_connections"."plaque_id" WHERE "personal_connections"."person_id" = $1  [["person_id", 3922]]
11:58:46 web.1  |   [1m[36mPersonalConnection Load (0.3ms)[0m  [1mSELECT "personal_connections".* FROM "personal_connections"  WHERE "personal_connections"."plaque_id" = $1[0m  [["plaque_id", 1064]]
11:58:46 web.1  |   [1m[35mPerson Load (0.4ms)[0m  SELECT  "people".* FROM "people"  WHERE "people"."id" = $1 LIMIT 1  [["id", 1917]]
11:58:46 web.1  |   [1m[36mCACHE (0.0ms)[0m  [1mSELECT  "colours".* FROM "colours"  WHERE "colours"."id" = $1 LIMIT 1[0m  [["id", 6]]
11:58:46 web.1  |   [1m[35mPhoto Load (0.4ms)[0m  SELECT  "photos".* FROM "photos"  WHERE "photos"."plaque_id" = $1 AND "photos"."of_a_plaque" = 't'  ORDER BY shot ASC LIMIT 1  [["plaque_id", 1064]]
11:58:46 web.1  |   [1m[36mPhoto Load (0.4ms)[0m  [1mSELECT "photos".* FROM "photos"  WHERE "photos"."plaque_id" = $1 AND "photos"."of_a_plaque" = 't'  ORDER BY shot ASC[0m  [["plaque_id", 1064]]
11:58:46 web.1  |   [1m[35mOrganisation Load (0.5ms)[0m  SELECT "organisations".* FROM "organisations" INNER JOIN "sponsorships" ON "organisations"."id" = "sponsorships"."organisation_id" WHERE "sponsorships"."plaque_id" = $1  [["plaque_id", 1064]]
11:58:46 web.1  |   [1m[36mCACHE (0.0ms)[0m  [1mSELECT  "languages".* FROM "languages"  WHERE "languages"."id" = $1 LIMIT 1[0m  [["id", 1]]
11:58:46 web.1  |   [1m[35mPersonalRole Load (0.3ms)[0m  SELECT "personal_roles".* FROM "personal_roles"  WHERE "personal_roles"."person_id" = $1  [["person_id", 1917]]
11:58:46 web.1  |   [1m[36mRole Load (0.3ms)[0m  [1mSELECT "roles".* FROM "roles" INNER JOIN "personal_roles" ON "roles"."id" = "personal_roles"."role_id" WHERE "personal_roles"."person_id" = $1[0m  [["person_id", 1917]]
11:58:46 web.1  |   [1m[35mPlaque Load (0.4ms)[0m  SELECT "plaques".* FROM "plaques" INNER JOIN "personal_connections" ON "plaques"."id" = "personal_connections"."plaque_id" WHERE "personal_connections"."person_id" = $1  [["person_id", 1917]]
11:58:46 web.1  |   [1m[36mPersonalConnection Load (0.3ms)[0m  [1mSELECT "personal_connections".* FROM "personal_connections"  WHERE "personal_connections"."plaque_id" = $1[0m  [["plaque_id", 1066]]
11:58:46 web.1  |   [1m[35mPerson Load (0.3ms)[0m  SELECT  "people".* FROM "people"  WHERE "people"."id" = $1 LIMIT 1  [["id", 868]]
11:58:46 web.1  |   [1m[36mCACHE (0.0ms)[0m  [1mSELECT  "colours".* FROM "colours"  WHERE "colours"."id" = $1 LIMIT 1[0m  [["id", 2]]
11:58:46 web.1  |   [1m[35mPhoto Load (0.3ms)[0m  SELECT  "photos".* FROM "photos"  WHERE "photos"."plaque_id" = $1 AND "photos"."of_a_plaque" = 't'  ORDER BY shot ASC LIMIT 1  [["plaque_id", 1066]]
11:58:46 web.1  |   [1m[36mPhoto Load (0.3ms)[0m  [1mSELECT "photos".* FROM "photos"  WHERE "photos"."plaque_id" = $1 AND "photos"."of_a_plaque" = 't'  ORDER BY shot ASC[0m  [["plaque_id", 1066]]
11:58:46 web.1  |   [1m[35mOrganisation Load (0.3ms)[0m  SELECT "organisations".* FROM "organisations" INNER JOIN "sponsorships" ON "organisations"."id" = "sponsorships"."organisation_id" WHERE "sponsorships"."plaque_id" = $1  [["plaque_id", 1066]]
11:58:46 web.1  |   [1m[36mCACHE (0.0ms)[0m  [1mSELECT  "languages".* FROM "languages"  WHERE "languages"."id" = $1 LIMIT 1[0m  [["id", 1]]
11:58:46 web.1  |   [1m[35mPersonalRole Load (0.3ms)[0m  SELECT "personal_roles".* FROM "personal_roles"  WHERE "personal_roles"."person_id" = $1  [["person_id", 868]]
11:58:46 web.1  |   [1m[36mRole Load (0.4ms)[0m  [1mSELECT  "roles".* FROM "roles"  WHERE "roles"."id" = $1 LIMIT 1[0m  [["id", 51]]
11:58:46 web.1  |   [1m[35mRole Load (0.3ms)[0m  SELECT "roles".* FROM "roles" INNER JOIN "personal_roles" ON "roles"."id" = "personal_roles"."role_id" WHERE "personal_roles"."person_id" = $1  [["person_id", 868]]
11:58:46 web.1  |   [1m[36mPlaque Load (0.4ms)[0m  [1mSELECT "plaques".* FROM "plaques" INNER JOIN "personal_connections" ON "plaques"."id" = "personal_connections"."plaque_id" WHERE "personal_connections"."person_id" = $1[0m  [["person_id", 868]]
11:58:46 web.1  |   [1m[35mPersonalConnection Load (0.3ms)[0m  SELECT "personal_connections".* FROM "personal_connections"  WHERE "personal_connections"."plaque_id" = $1  [["plaque_id", 4238]]
11:58:46 web.1  |   [1m[36mPerson Load (0.3ms)[0m  [1mSELECT  "people".* FROM "people"  WHERE "people"."id" = $1 LIMIT 1[0m  [["id", 2914]]
11:58:46 web.1  |   [1m[35mCACHE (0.0ms)[0m  SELECT  "colours".* FROM "colours"  WHERE "colours"."id" = $1 LIMIT 1  [["id", 8]]
11:58:46 web.1  |   [1m[36mPhoto Load (0.5ms)[0m  [1mSELECT  "photos".* FROM "photos"  WHERE "photos"."plaque_id" = $1 AND "photos"."of_a_plaque" = 't'  ORDER BY shot ASC LIMIT 1[0m  [["plaque_id", 4238]]
11:58:46 web.1  |   [1m[35mPhoto Load (0.3ms)[0m  SELECT "photos".* FROM "photos"  WHERE "photos"."plaque_id" = $1 AND "photos"."of_a_plaque" = 't'  ORDER BY shot ASC  [["plaque_id", 4238]]
11:58:46 web.1  |   [1m[36mOrganisation Load (0.3ms)[0m  [1mSELECT "organisations".* FROM "organisations" INNER JOIN "sponsorships" ON "organisations"."id" = "sponsorships"."organisation_id" WHERE "sponsorships"."plaque_id" = $1[0m  [["plaque_id", 4238]]
11:58:46 web.1  |   [1m[35mCACHE (0.0ms)[0m  SELECT  "languages".* FROM "languages"  WHERE "languages"."id" = $1 LIMIT 1  [["id", 1]]
11:58:46 web.1  |   [1m[36mPersonalRole Load (21.1ms)[0m  [1mSELECT "personal_roles".* FROM "personal_roles"  WHERE "personal_roles"."person_id" = $1[0m  [["person_id", 2914]]
11:58:46 web.1  |   [1m[35mRole Load (0.5ms)[0m  SELECT  "roles".* FROM "roles"  WHERE "roles"."id" = $1 LIMIT 1  [["id", 495]]
11:58:46 web.1  |   [1m[36mRole Load (0.3ms)[0m  [1mSELECT  "roles".* FROM "roles"  WHERE "roles"."id" = $1 LIMIT 1[0m  [["id", 451]]
11:58:46 web.1  |   [1m[35mRole Load (0.4ms)[0m  SELECT  "roles".* FROM "roles"  WHERE "roles"."id" = $1 LIMIT 1  [["id", 436]]
11:58:46 web.1  |   [1m[36mRole Load (0.4ms)[0m  [1mSELECT "roles".* FROM "roles" INNER JOIN "personal_roles" ON "roles"."id" = "personal_roles"."role_id" WHERE "personal_roles"."person_id" = $1[0m  [["person_id", 2914]]
11:58:46 web.1  |   [1m[35mPlaque Load (10.0ms)[0m  SELECT "plaques".* FROM "plaques" INNER JOIN "personal_connections" ON "plaques"."id" = "personal_connections"."plaque_id" WHERE "personal_connections"."person_id" = $1  [["person_id", 2914]]
11:58:46 web.1  |   [1m[36mPersonalConnection Load (3.2ms)[0m  [1mSELECT "personal_connections".* FROM "personal_connections"  WHERE "personal_connections"."plaque_id" = $1[0m  [["plaque_id", 1073]]
11:58:46 web.1  |   [1m[35mCACHE (0.0ms)[0m  SELECT  "people".* FROM "people"  WHERE "people"."id" = $1 LIMIT 1  [["id", 1453]]
11:58:46 web.1  |   [1m[36mCACHE (0.0ms)[0m  [1mSELECT  "colours".* FROM "colours"  WHERE "colours"."id" = $1 LIMIT 1[0m  [["id", 6]]
11:58:46 web.1  |   [1m[35mPhoto Load (0.4ms)[0m  SELECT  "photos".* FROM "photos"  WHERE "photos"."plaque_id" = $1 AND "photos"."of_a_plaque" = 't'  ORDER BY shot ASC LIMIT 1  [["plaque_id", 1073]]
11:58:46 web.1  |   [1m[36mPhoto Load (0.4ms)[0m  [1mSELECT "photos".* FROM "photos"  WHERE "photos"."plaque_id" = $1 AND "photos"."of_a_plaque" = 't'  ORDER BY shot ASC[0m  [["plaque_id", 1073]]
11:58:46 web.1  |   [1m[35mOrganisation Load (0.3ms)[0m  SELECT "organisations".* FROM "organisations" INNER JOIN "sponsorships" ON "organisations"."id" = "sponsorships"."organisation_id" WHERE "sponsorships"."plaque_id" = $1  [["plaque_id", 1073]]
11:58:46 web.1  |   [1m[36mCACHE (0.3ms)[0m  [1mSELECT  "languages".* FROM "languages"  WHERE "languages"."id" = $1 LIMIT 1[0m  [["id", 1]]
11:58:46 web.1  |   [1m[35mCACHE (0.0ms)[0m  SELECT "personal_roles".* FROM "personal_roles"  WHERE "personal_roles"."person_id" = $1  [["person_id", 1453]]
11:58:46 web.1  |   [1m[36mCACHE (0.0ms)[0m  [1mSELECT  "roles".* FROM "roles"  WHERE "roles"."id" = $1 LIMIT 1[0m  [["id", 5122]]
11:58:46 web.1  |   [1m[35mCACHE (0.0ms)[0m  SELECT "roles".* FROM "roles" INNER JOIN "personal_roles" ON "roles"."id" = "personal_roles"."role_id" WHERE "personal_roles"."person_id" = $1  [["person_id", 1453]]
11:58:46 web.1  |   [1m[36mCACHE (0.0ms)[0m  [1mSELECT "plaques".* FROM "plaques" INNER JOIN "personal_connections" ON "plaques"."id" = "personal_connections"."plaque_id" WHERE "personal_connections"."person_id" = $1[0m  [["person_id", 1453]]
11:58:46 web.1  |   [1m[35mPersonalConnection Load (0.3ms)[0m  SELECT "personal_connections".* FROM "personal_connections"  WHERE "personal_connections"."plaque_id" = $1  [["plaque_id", 2469]]
11:58:46 web.1  |   [1m[36mPerson Load (0.5ms)[0m  [1mSELECT  "people".* FROM "people"  WHERE "people"."id" = $1 LIMIT 1[0m  [["id", 1437]]
11:58:46 web.1  |   [1m[35mCACHE (0.0ms)[0m  SELECT  "colours".* FROM "colours"  WHERE "colours"."id" = $1 LIMIT 1  [["id", 6]]
11:58:46 web.1  |   [1m[36mPhoto Load (0.4ms)[0m  [1mSELECT  "photos".* FROM "photos"  WHERE "photos"."plaque_id" = $1 AND "photos"."of_a_plaque" = 't'  ORDER BY shot ASC LIMIT 1[0m  [["plaque_id", 2469]]
11:58:46 web.1  |   [1m[35mPhoto Load (0.3ms)[0m  SELECT "photos".* FROM "photos"  WHERE "photos"."plaque_id" = $1 AND "photos"."of_a_plaque" = 't'  ORDER BY shot ASC  [["plaque_id", 2469]]
11:58:46 web.1  |   [1m[36mOrganisation Load (0.4ms)[0m  [1mSELECT "organisations".* FROM "organisations" INNER JOIN "sponsorships" ON "organisations"."id" = "sponsorships"."organisation_id" WHERE "sponsorships"."plaque_id" = $1[0m  [["plaque_id", 2469]]
11:58:46 web.1  |   [1m[35mCACHE (0.0ms)[0m  SELECT  "languages".* FROM "languages"  WHERE "languages"."id" = $1 LIMIT 1  [["id", 1]]
11:58:46 web.1  |   [1m[36mPersonalRole Load (0.3ms)[0m  [1mSELECT "personal_roles".* FROM "personal_roles"  WHERE "personal_roles"."person_id" = $1[0m  [["person_id", 1437]]
11:58:46 web.1  |   [1m[35mCACHE (0.0ms)[0m  SELECT  "roles".* FROM "roles"  WHERE "roles"."id" = $1 LIMIT 1  [["id", 51]]
11:58:46 web.1  |   [1m[36mRole Load (0.3ms)[0m  [1mSELECT  "roles".* FROM "roles"  WHERE "roles"."id" = $1 LIMIT 1[0m  [["id", 1081]]
11:58:46 web.1  |   [1m[35mRole Load (0.4ms)[0m  SELECT "roles".* FROM "roles" INNER JOIN "personal_roles" ON "roles"."id" = "personal_roles"."role_id" WHERE "personal_roles"."person_id" = $1  [["person_id", 1437]]
11:58:46 web.1  |   [1m[36mPlaque Load (0.4ms)[0m  [1mSELECT "plaques".* FROM "plaques" INNER JOIN "personal_connections" ON "plaques"."id" = "personal_connections"."plaque_id" WHERE "personal_connections"."person_id" = $1[0m  [["person_id", 1437]]
11:58:46 web.1  |   [1m[35mPersonalConnection Load (0.4ms)[0m  SELECT "personal_connections".* FROM "personal_connections"  WHERE "personal_connections"."plaque_id" = $1  [["plaque_id", 2473]]
11:58:46 web.1  |   [1m[36mCACHE (0.0ms)[0m  [1mSELECT  "people".* FROM "people"  WHERE "people"."id" = $1 LIMIT 1[0m  [["id", 2440]]
11:58:46 web.1  |   [1m[35mCACHE (0.0ms)[0m  SELECT  "colours".* FROM "colours"  WHERE "colours"."id" = $1 LIMIT 1  [["id", 8]]
11:58:46 web.1  |   [1m[36mPhoto Load (0.4ms)[0m  [1mSELECT  "photos".* FROM "photos"  WHERE "photos"."plaque_id" = $1 AND "photos"."of_a_plaque" = 't'  ORDER BY shot ASC LIMIT 1[0m  [["plaque_id", 2473]]
11:58:46 web.1  |   [1m[35mPhoto Load (0.3ms)[0m  SELECT "photos".* FROM "photos"  WHERE "photos"."plaque_id" = $1 AND "photos"."of_a_plaque" = 't'  ORDER BY shot ASC  [["plaque_id", 2473]]
11:58:46 web.1  |   [1m[36mOrganisation Load (0.3ms)[0m  [1mSELECT "organisations".* FROM "organisations" INNER JOIN "sponsorships" ON "organisations"."id" = "sponsorships"."organisation_id" WHERE "sponsorships"."plaque_id" = $1[0m  [["plaque_id", 2473]]
11:58:46 web.1  |   [1m[35mCACHE (0.0ms)[0m  SELECT  "languages".* FROM "languages"  WHERE "languages"."id" = $1 LIMIT 1  [["id", 1]]
11:58:46 web.1  |   [1m[36mCACHE (0.0ms)[0m  [1mSELECT "personal_roles".* FROM "personal_roles"  WHERE "personal_roles"."person_id" = $1[0m  [["person_id", 2440]]
11:58:46 web.1  |   [1m[35mCACHE (0.0ms)[0m  SELECT  "roles".* FROM "roles"  WHERE "roles"."id" = $1 LIMIT 1  [["id", 109]]
11:58:46 web.1  |   [1m[36mCACHE (0.0ms)[0m  [1mSELECT  "roles".* FROM "roles"  WHERE "roles"."id" = $1 LIMIT 1[0m  [["id", 83]]
11:58:46 web.1  |   [1m[35mCACHE (0.0ms)[0m  SELECT "roles".* FROM "roles" INNER JOIN "personal_roles" ON "roles"."id" = "personal_roles"."role_id" WHERE "personal_roles"."person_id" = $1  [["person_id", 2440]]
11:58:46 web.1  |   [1m[36mCACHE (0.0ms)[0m  [1mSELECT "plaques".* FROM "plaques" INNER JOIN "personal_connections" ON "plaques"."id" = "personal_connections"."plaque_id" WHERE "personal_connections"."person_id" = $1[0m  [["person_id", 2440]]
11:58:46 web.1  |   [1m[35mPersonalConnection Load (0.3ms)[0m  SELECT "personal_connections".* FROM "personal_connections"  WHERE "personal_connections"."plaque_id" = $1  [["plaque_id", 2477]]
11:58:46 web.1  |   [1m[36mPerson Load (8.8ms)[0m  [1mSELECT  "people".* FROM "people"  WHERE "people"."id" = $1 LIMIT 1[0m  [["id", 5638]]
11:58:46 web.1  |   [1m[35mCACHE (0.0ms)[0m  SELECT  "colours".* FROM "colours"  WHERE "colours"."id" = $1 LIMIT 1  [["id", 6]]
11:58:46 web.1  |   [1m[36mPhoto Load (0.3ms)[0m  [1mSELECT  "photos".* FROM "photos"  WHERE "photos"."plaque_id" = $1 AND "photos"."of_a_plaque" = 't'  ORDER BY shot ASC LIMIT 1[0m  [["plaque_id", 2477]]
11:58:46 web.1  |   [1m[35mPhoto Load (0.3ms)[0m  SELECT "photos".* FROM "photos"  WHERE "photos"."plaque_id" = $1 AND "photos"."of_a_plaque" = 't'  ORDER BY shot ASC  [["plaque_id", 2477]]
11:58:46 web.1  |   [1m[36mOrganisation Load (0.3ms)[0m  [1mSELECT "organisations".* FROM "organisations" INNER JOIN "sponsorships" ON "organisations"."id" = "sponsorships"."organisation_id" WHERE "sponsorships"."plaque_id" = $1[0m  [["plaque_id", 2477]]
11:58:46 web.1  |   [1m[35mCACHE (0.0ms)[0m  SELECT  "languages".* FROM "languages"  WHERE "languages"."id" = $1 LIMIT 1  [["id", 1]]
11:58:46 web.1  |   [1m[36mPersonalRole Load (0.7ms)[0m  [1mSELECT "personal_roles".* FROM "personal_roles"  WHERE "personal_roles"."person_id" = $1[0m  [["person_id", 5638]]
11:58:46 web.1  |   [1m[35mRole Load (0.3ms)[0m  SELECT  "roles".* FROM "roles"  WHERE "roles"."id" = $1 LIMIT 1  [["id", 4656]]
11:58:46 web.1  |   [1m[36mRole Load (0.5ms)[0m  [1mSELECT "roles".* FROM "roles" INNER JOIN "personal_roles" ON "roles"."id" = "personal_roles"."role_id" WHERE "personal_roles"."person_id" = $1[0m  [["person_id", 5638]]
11:58:46 web.1  |   [1m[35mPlaque Load (0.4ms)[0m  SELECT "plaques".* FROM "plaques" INNER JOIN "personal_connections" ON "plaques"."id" = "personal_connections"."plaque_id" WHERE "personal_connections"."person_id" = $1  [["person_id", 5638]]
11:58:46 web.1  |   [1m[36mPersonalConnection Load (0.3ms)[0m  [1mSELECT "personal_connections".* FROM "personal_connections"  WHERE "personal_connections"."plaque_id" = $1[0m  [["plaque_id", 10524]]
11:58:46 web.1  |   [1m[35mPerson Load (0.5ms)[0m  SELECT  "people".* FROM "people"  WHERE "people"."id" = $1 LIMIT 1  [["id", 7869]]
11:58:46 web.1  |   [1m[36mCACHE (0.0ms)[0m  [1mSELECT  "colours".* FROM "colours"  WHERE "colours"."id" = $1 LIMIT 1[0m  [["id", 8]]
11:58:46 web.1  |   [1m[35mPhoto Load (0.5ms)[0m  SELECT  "photos".* FROM "photos"  WHERE "photos"."plaque_id" = $1 AND "photos"."of_a_plaque" = 't'  ORDER BY shot ASC LIMIT 1  [["plaque_id", 10524]]
11:58:46 web.1  |   [1m[36mPhoto Load (0.4ms)[0m  [1mSELECT "photos".* FROM "photos"  WHERE "photos"."plaque_id" = $1 AND "photos"."of_a_plaque" = 't'  ORDER BY shot ASC[0m  [["plaque_id", 10524]]
11:58:47 web.1  |   [1m[35mOrganisation Load (9.7ms)[0m  SELECT "organisations".* FROM "organisations" INNER JOIN "sponsorships" ON "organisations"."id" = "sponsorships"."organisation_id" WHERE "sponsorships"."plaque_id" = $1  [["plaque_id", 10524]]
11:58:47 web.1  |   [1m[36mCACHE (0.0ms)[0m  [1mSELECT  "languages".* FROM "languages"  WHERE "languages"."id" = $1 LIMIT 1[0m  [["id", 1]]
11:58:47 web.1  |   [1m[35mPersonalRole Load (0.7ms)[0m  SELECT "personal_roles".* FROM "personal_roles"  WHERE "personal_roles"."person_id" = $1  [["person_id", 7869]]
11:58:47 web.1  |   [1m[36mRole Load (16.4ms)[0m  [1mSELECT  "roles".* FROM "roles"  WHERE "roles"."id" = $1 LIMIT 1[0m  [["id", 5567]]
11:58:47 web.1  |   [1m[35mRole Load (0.4ms)[0m  SELECT "roles".* FROM "roles" INNER JOIN "personal_roles" ON "roles"."id" = "personal_roles"."role_id" WHERE "personal_roles"."person_id" = $1  [["person_id", 7869]]
11:58:47 web.1  |   [1m[36mPlaque Load (5.4ms)[0m  [1mSELECT "plaques".* FROM "plaques" INNER JOIN "personal_connections" ON "plaques"."id" = "personal_connections"."plaque_id" WHERE "personal_connections"."person_id" = $1[0m  [["person_id", 7869]]
11:58:47 web.1  |   [1m[35mPersonalConnection Load (0.3ms)[0m  SELECT "personal_connections".* FROM "personal_connections"  WHERE "personal_connections"."plaque_id" = $1  [["plaque_id", 2059]]
11:58:47 web.1  |   [1m[36mPerson Load (0.7ms)[0m  [1mSELECT  "people".* FROM "people"  WHERE "people"."id" = $1 LIMIT 1[0m  [["id", 443]]
11:58:47 web.1  |   [1m[35mCACHE (0.0ms)[0m  SELECT  "colours".* FROM "colours"  WHERE "colours"."id" = $1 LIMIT 1  [["id", 8]]
11:58:47 web.1  |   [1m[36mPhoto Load (0.5ms)[0m  [1mSELECT  "photos".* FROM "photos"  WHERE "photos"."plaque_id" = $1 AND "photos"."of_a_plaque" = 't'  ORDER BY shot ASC LIMIT 1[0m  [["plaque_id", 2059]]
11:58:47 web.1  |   [1m[35mPhoto Load (0.3ms)[0m  SELECT "photos".* FROM "photos"  WHERE "photos"."plaque_id" = $1 AND "photos"."of_a_plaque" = 't'  ORDER BY shot ASC  [["plaque_id", 2059]]
11:58:47 web.1  |   [1m[36mOrganisation Load (0.4ms)[0m  [1mSELECT "organisations".* FROM "organisations" INNER JOIN "sponsorships" ON "organisations"."id" = "sponsorships"."organisation_id" WHERE "sponsorships"."plaque_id" = $1[0m  [["plaque_id", 2059]]
11:58:47 web.1  |   [1m[35mCACHE (0.0ms)[0m  SELECT  "languages".* FROM "languages"  WHERE "languages"."id" = $1 LIMIT 1  [["id", 1]]
11:58:47 web.1  |   [1m[36mPersonalRole Load (0.3ms)[0m  [1mSELECT "personal_roles".* FROM "personal_roles"  WHERE "personal_roles"."person_id" = $1[0m  [["person_id", 443]]
11:58:47 web.1  |   [1m[35mCACHE (0.0ms)[0m  SELECT  "roles".* FROM "roles"  WHERE "roles"."id" = $1 LIMIT 1  [["id", 4]]
11:58:47 web.1  |   [1m[36mRole Load (0.3ms)[0m  [1mSELECT  "roles".* FROM "roles"  WHERE "roles"."id" = $1 LIMIT 1[0m  [["id", 1153]]
11:58:47 web.1  |   [1m[35mRole Load (0.4ms)[0m  SELECT "roles".* FROM "roles" INNER JOIN "personal_roles" ON "roles"."id" = "personal_roles"."role_id" WHERE "personal_roles"."person_id" = $1  [["person_id", 443]]
11:58:47 web.1  |   [1m[36mPlaque Load (12.0ms)[0m  [1mSELECT "plaques".* FROM "plaques" INNER JOIN "personal_connections" ON "plaques"."id" = "personal_connections"."plaque_id" WHERE "personal_connections"."person_id" = $1[0m  [["person_id", 443]]
11:58:47 web.1  |   [1m[35mPersonalConnection Load (0.3ms)[0m  SELECT "personal_connections".* FROM "personal_connections"  WHERE "personal_connections"."plaque_id" = $1  [["plaque_id", 1065]]
11:58:47 web.1  |   [1m[36mPerson Load (0.3ms)[0m  [1mSELECT  "people".* FROM "people"  WHERE "people"."id" = $1 LIMIT 1[0m  [["id", 1317]]
11:58:47 web.1  |   [1m[35mCACHE (0.0ms)[0m  SELECT  "colours".* FROM "colours"  WHERE "colours"."id" = $1 LIMIT 1  [["id", 2]]
11:58:47 web.1  |   [1m[36mPhoto Load (0.4ms)[0m  [1mSELECT  "photos".* FROM "photos"  WHERE "photos"."plaque_id" = $1 AND "photos"."of_a_plaque" = 't'  ORDER BY shot ASC LIMIT 1[0m  [["plaque_id", 1065]]
11:58:47 web.1  |   [1m[35mPhoto Load (0.3ms)[0m  SELECT "photos".* FROM "photos"  WHERE "photos"."plaque_id" = $1 AND "photos"."of_a_plaque" = 't'  ORDER BY shot ASC  [["plaque_id", 1065]]
11:58:47 web.1  |   [1m[36mOrganisation Load (0.4ms)[0m  [1mSELECT "organisations".* FROM "organisations" INNER JOIN "sponsorships" ON "organisations"."id" = "sponsorships"."organisation_id" WHERE "sponsorships"."plaque_id" = $1[0m  [["plaque_id", 1065]]
11:58:47 web.1  |   [1m[35mCACHE (0.0ms)[0m  SELECT  "languages".* FROM "languages"  WHERE "languages"."id" = $1 LIMIT 1  [["id", 1]]
11:58:47 web.1  |   [1m[36mPersonalRole Load (0.3ms)[0m  [1mSELECT "personal_roles".* FROM "personal_roles"  WHERE "personal_roles"."person_id" = $1[0m  [["person_id", 1317]]
11:58:47 web.1  |   [1m[35mRole Load (0.4ms)[0m  SELECT  "roles".* FROM "roles"  WHERE "roles"."id" = $1 LIMIT 1  [["id", 921]]
11:58:47 web.1  |   [1m[36mRole Load (5.2ms)[0m  [1mSELECT  "roles".* FROM "roles"  WHERE "roles"."id" = $1 LIMIT 1[0m  [["id", 3320]]
11:58:47 web.1  |   [1m[35mRole Load (0.3ms)[0m  SELECT "roles".* FROM "roles" INNER JOIN "personal_roles" ON "roles"."id" = "personal_roles"."role_id" WHERE "personal_roles"."person_id" = $1  [["person_id", 1317]]
11:58:47 web.1  |   [1m[36mPlaque Load (0.6ms)[0m  [1mSELECT "plaques".* FROM "plaques" INNER JOIN "personal_connections" ON "plaques"."id" = "personal_connections"."plaque_id" WHERE "personal_connections"."person_id" = $1[0m  [["person_id", 1317]]
11:58:47 web.1  |   [1m[35mPersonalConnection Load (0.7ms)[0m  SELECT "personal_connections".* FROM "personal_connections"  WHERE "personal_connections"."plaque_id" = $1  [["plaque_id", 27949]]
11:58:47 web.1  |   [1m[36mPerson Load (17.1ms)[0m  [1mSELECT  "people".* FROM "people"  WHERE "people"."id" = $1 LIMIT 1[0m  [["id", 8442]]
11:58:47 web.1  |   [1m[35mCACHE (0.0ms)[0m  SELECT  "colours".* FROM "colours"  WHERE "colours"."id" = $1 LIMIT 1  [["id", 2]]
11:58:47 web.1  |   [1m[36mPhoto Load (12.4ms)[0m  [1mSELECT  "photos".* FROM "photos"  WHERE "photos"."plaque_id" = $1 AND "photos"."of_a_plaque" = 't'  ORDER BY shot ASC LIMIT 1[0m  [["plaque_id", 27949]]
11:58:47 web.1  |   [1m[35mPhoto Load (0.3ms)[0m  SELECT "photos".* FROM "photos"  WHERE "photos"."plaque_id" = $1 AND "photos"."of_a_plaque" = 't'  ORDER BY shot ASC  [["plaque_id", 27949]]
11:58:47 web.1  |   [1m[36mOrganisation Load (36.9ms)[0m  [1mSELECT "organisations".* FROM "organisations" INNER JOIN "sponsorships" ON "organisations"."id" = "sponsorships"."organisation_id" WHERE "sponsorships"."plaque_id" = $1[0m  [["plaque_id", 27949]]
11:58:47 web.1  |   [1m[35mCACHE (0.0ms)[0m  SELECT  "languages".* FROM "languages"  WHERE "languages"."id" = $1 LIMIT 1  [["id", 1]]
11:58:47 web.1  |   [1m[36mPersonalRole Load (20.1ms)[0m  [1mSELECT "personal_roles".* FROM "personal_roles"  WHERE "personal_roles"."person_id" = $1[0m  [["person_id", 8442]]
11:58:47 web.1  |   [1m[35mCACHE (0.0ms)[0m  SELECT  "roles".* FROM "roles"  WHERE "roles"."id" = $1 LIMIT 1  [["id", 2]]
11:58:47 web.1  |   [1m[36mCACHE (0.0ms)[0m  [1mSELECT  "roles".* FROM "roles"  WHERE "roles"."id" = $1 LIMIT 1[0m  [["id", 20]]
11:58:47 web.1  |   [1m[35mRole Load (0.3ms)[0m  SELECT  "roles".* FROM "roles"  WHERE "roles"."id" = $1 LIMIT 1  [["id", 6211]]
11:58:47 web.1  |   [1m[36mRole Load (0.4ms)[0m  [1mSELECT "roles".* FROM "roles" INNER JOIN "personal_roles" ON "roles"."id" = "personal_roles"."role_id" WHERE "personal_roles"."person_id" = $1[0m  [["person_id", 8442]]
11:58:47 web.1  |   [1m[35mPlaque Load (23.0ms)[0m  SELECT "plaques".* FROM "plaques" INNER JOIN "personal_connections" ON "plaques"."id" = "personal_connections"."plaque_id" WHERE "personal_connections"."person_id" = $1  [["person_id", 8442]]
11:58:47 web.1  |   [1m[36mPersonalConnection Load (0.3ms)[0m  [1mSELECT "personal_connections".* FROM "personal_connections"  WHERE "personal_connections"."plaque_id" = $1[0m  [["plaque_id", 1035]]
11:58:47 web.1  |   [1m[35mPerson Load (0.7ms)[0m  SELECT  "people".* FROM "people"  WHERE "people"."id" = $1 LIMIT 1  [["id", 1045]]
11:58:47 web.1  |   [1m[36mCACHE (0.0ms)[0m  [1mSELECT  "colours".* FROM "colours"  WHERE "colours"."id" = $1 LIMIT 1[0m  [["id", 13]]
11:58:47 web.1  |   [1m[35mPhoto Load (0.8ms)[0m  SELECT  "photos".* FROM "photos"  WHERE "photos"."plaque_id" = $1 AND "photos"."of_a_plaque" = 't'  ORDER BY shot ASC LIMIT 1  [["plaque_id", 1035]]
11:58:47 web.1  |   [1m[36mPhoto Load (0.4ms)[0m  [1mSELECT "photos".* FROM "photos"  WHERE "photos"."plaque_id" = $1 AND "photos"."of_a_plaque" = 't'  ORDER BY shot ASC[0m  [["plaque_id", 1035]]
11:58:47 web.1  |   [1m[35mOrganisation Load (0.4ms)[0m  SELECT "organisations".* FROM "organisations" INNER JOIN "sponsorships" ON "organisations"."id" = "sponsorships"."organisation_id" WHERE "sponsorships"."plaque_id" = $1  [["plaque_id", 1035]]
11:58:47 web.1  |   [1m[36mCACHE (0.0ms)[0m  [1mSELECT  "languages".* FROM "languages"  WHERE "languages"."id" = $1 LIMIT 1[0m  [["id", 1]]
11:58:47 web.1  |   [1m[35mPersonalRole Load (17.9ms)[0m  SELECT "personal_roles".* FROM "personal_roles"  WHERE "personal_roles"."person_id" = $1  [["person_id", 1045]]
11:58:47 web.1  |   [1m[36mCACHE (0.0ms)[0m  [1mSELECT  "roles".* FROM "roles"  WHERE "roles"."id" = $1 LIMIT 1[0m  [["id", 809]]
11:58:47 web.1  |   [1m[35mRole Load (0.3ms)[0m  SELECT  "roles".* FROM "roles"  WHERE "roles"."id" = $1 LIMIT 1  [["id", 1121]]
11:58:47 web.1  |   [1m[36mRole Load (0.3ms)[0m  [1mSELECT  "roles".* FROM "roles"  WHERE "roles"."id" = $1 LIMIT 1[0m  [["id", 2980]]
11:58:47 web.1  |   [1m[35mRole Load (13.0ms)[0m  SELECT  "roles".* FROM "roles"  WHERE "roles"."id" = $1 LIMIT 1  [["id", 3264]]
11:58:47 web.1  |   [1m[36mRole Load (0.7ms)[0m  [1mSELECT  "roles".* FROM "roles"  WHERE "roles"."id" = $1 LIMIT 1[0m  [["id", 4434]]
11:58:47 web.1  |   [1m[35mRole Load (0.4ms)[0m  SELECT "roles".* FROM "roles" INNER JOIN "personal_roles" ON "roles"."id" = "personal_roles"."role_id" WHERE "personal_roles"."person_id" = $1  [["person_id", 1045]]
11:58:47 web.1  |   [1m[36mPlaque Load (11.8ms)[0m  [1mSELECT "plaques".* FROM "plaques" INNER JOIN "personal_connections" ON "plaques"."id" = "personal_connections"."plaque_id" WHERE "personal_connections"."person_id" = $1[0m  [["person_id", 1045]]
11:58:47 web.1  |   [1m[35mPersonalConnection Load (0.3ms)[0m  SELECT "personal_connections".* FROM "personal_connections"  WHERE "personal_connections"."plaque_id" = $1  [["plaque_id", 28234]]
11:58:47 web.1  |   [1m[36mPerson Load (16.6ms)[0m  [1mSELECT  "people".* FROM "people"  WHERE "people"."id" = $1 LIMIT 1[0m  [["id", 1513]]
11:58:47 web.1  |   [1m[35mCACHE (0.0ms)[0m  SELECT  "colours".* FROM "colours"  WHERE "colours"."id" = $1 LIMIT 1  [["id", 2]]
11:58:47 web.1  |   [1m[36mPhoto Load (10.3ms)[0m  [1mSELECT  "photos".* FROM "photos"  WHERE "photos"."plaque_id" = $1 AND "photos"."of_a_plaque" = 't'  ORDER BY shot ASC LIMIT 1[0m  [["plaque_id", 28234]]
11:58:47 web.1  |   [1m[35mPhoto Load (0.4ms)[0m  SELECT "photos".* FROM "photos"  WHERE "photos"."plaque_id" = $1 AND "photos"."of_a_plaque" = 't'  ORDER BY shot ASC  [["plaque_id", 28234]]
11:58:47 web.1  |   [1m[36mOrganisation Load (4.0ms)[0m  [1mSELECT "organisations".* FROM "organisations" INNER JOIN "sponsorships" ON "organisations"."id" = "sponsorships"."organisation_id" WHERE "sponsorships"."plaque_id" = $1[0m  [["plaque_id", 28234]]
11:58:47 web.1  |   [1m[35mCACHE (0.0ms)[0m  SELECT  "languages".* FROM "languages"  WHERE "languages"."id" = $1 LIMIT 1  [["id", 1]]
11:58:47 web.1  |   [1m[36mPersonalRole Load (23.0ms)[0m  [1mSELECT "personal_roles".* FROM "personal_roles"  WHERE "personal_roles"."person_id" = $1[0m  [["person_id", 1513]]
11:58:47 web.1  |   [1m[35mRole Load (0.3ms)[0m  SELECT  "roles".* FROM "roles"  WHERE "roles"."id" = $1 LIMIT 1  [["id", 4745]]
11:58:47 web.1  |   [1m[36mCACHE (0.0ms)[0m  [1mSELECT  "roles".* FROM "roles"  WHERE "roles"."id" = $1 LIMIT 1[0m  [["id", 4747]]
11:58:47 web.1  |   [1m[35mCACHE (0.0ms)[0m  SELECT  "roles".* FROM "roles"  WHERE "roles"."id" = $1 LIMIT 1  [["id", 4747]]
11:58:47 web.1  |   [1m[36mRole Load (0.4ms)[0m  [1mSELECT "roles".* FROM "roles" INNER JOIN "personal_roles" ON "roles"."id" = "personal_roles"."role_id" WHERE "personal_roles"."person_id" = $1[0m  [["person_id", 1513]]
11:58:47 web.1  |   [1m[35mPlaque Load (52.4ms)[0m  SELECT "plaques".* FROM "plaques" INNER JOIN "personal_connections" ON "plaques"."id" = "personal_connections"."plaque_id" WHERE "personal_connections"."person_id" = $1  [["person_id", 1513]]
11:58:47 web.1  |   [1m[36mPersonalConnection Load (0.3ms)[0m  [1mSELECT "personal_connections".* FROM "personal_connections"  WHERE "personal_connections"."plaque_id" = $1[0m  [["plaque_id", 28236]]
11:58:47 web.1  |   [1m[35mPerson Load (0.3ms)[0m  SELECT  "people".* FROM "people"  WHERE "people"."id" = $1 LIMIT 1  [["id", 9469]]
11:58:47 web.1  |   [1m[36mCACHE (0.0ms)[0m  [1mSELECT  "people".* FROM "people"  WHERE "people"."id" = $1 LIMIT 1[0m  [["id", 1929]]
11:58:47 web.1  |   [1m[35mCACHE (0.0ms)[0m  SELECT  "colours".* FROM "colours"  WHERE "colours"."id" = $1 LIMIT 1  [["id", 3]]
11:58:47 web.1  |   [1m[36mPhoto Load (0.3ms)[0m  [1mSELECT  "photos".* FROM "photos"  WHERE "photos"."plaque_id" = $1 AND "photos"."of_a_plaque" = 't'  ORDER BY shot ASC LIMIT 1[0m  [["plaque_id", 28236]]
11:58:47 web.1  |   [1m[35mPhoto Load (0.3ms)[0m  SELECT "photos".* FROM "photos"  WHERE "photos"."plaque_id" = $1 AND "photos"."of_a_plaque" = 't'  ORDER BY shot ASC  [["plaque_id", 28236]]
11:58:47 web.1  |   [1m[36mOrganisation Load (0.3ms)[0m  [1mSELECT "organisations".* FROM "organisations" INNER JOIN "sponsorships" ON "organisations"."id" = "sponsorships"."organisation_id" WHERE "sponsorships"."plaque_id" = $1[0m  [["plaque_id", 28236]]
11:58:47 web.1  |   [1m[35mCACHE (0.0ms)[0m  SELECT  "languages".* FROM "languages"  WHERE "languages"."id" = $1 LIMIT 1  [["id", 1]]
11:58:47 web.1  |   [1m[36mPersonalRole Load (0.3ms)[0m  [1mSELECT "personal_roles".* FROM "personal_roles"  WHERE "personal_roles"."person_id" = $1[0m  [["person_id", 9469]]
11:58:47 web.1  |   [1m[35mRole Load (0.3ms)[0m  SELECT  "roles".* FROM "roles"  WHERE "roles"."id" = $1 LIMIT 1  [["id", 5932]]
11:58:47 web.1  |   [1m[36mRole Load (1.0ms)[0m  [1mSELECT "roles".* FROM "roles" INNER JOIN "personal_roles" ON "roles"."id" = "personal_roles"."role_id" WHERE "personal_roles"."person_id" = $1[0m  [["person_id", 9469]]
11:58:47 web.1  |   [1m[35mCACHE (0.0ms)[0m  SELECT "personal_roles".* FROM "personal_roles"  WHERE "personal_roles"."person_id" = $1  [["person_id", 1929]]
11:58:47 web.1  |   [1m[36mCACHE (0.0ms)[0m  [1mSELECT  "roles".* FROM "roles"  WHERE "roles"."id" = $1 LIMIT 1[0m  [["id", 32]]
11:58:47 web.1  |   [1m[35mCACHE (0.0ms)[0m  SELECT "roles".* FROM "roles" INNER JOIN "personal_roles" ON "roles"."id" = "personal_roles"."role_id" WHERE "personal_roles"."person_id" = $1  [["person_id", 1929]]
11:58:47 web.1  |   [1m[36mPlaque Load (0.4ms)[0m  [1mSELECT "plaques".* FROM "plaques" INNER JOIN "personal_connections" ON "plaques"."id" = "personal_connections"."plaque_id" WHERE "personal_connections"."person_id" = $1[0m  [["person_id", 9469]]
11:58:47 web.1  |   [1m[35mCACHE (0.1ms)[0m  SELECT "plaques".* FROM "plaques" INNER JOIN "personal_connections" ON "plaques"."id" = "personal_connections"."plaque_id" WHERE "personal_connections"."person_id" = $1  [["person_id", 1929]]
11:58:47 web.1  |   [1m[36mPersonalConnection Load (0.3ms)[0m  [1mSELECT "personal_connections".* FROM "personal_connections"  WHERE "personal_connections"."plaque_id" = $1[0m  [["plaque_id", 28238]]
11:58:47 web.1  |   [1m[35mPerson Load (11.2ms)[0m  SELECT  "people".* FROM "people"  WHERE "people"."id" = $1 LIMIT 1  [["id", 8931]]
11:58:47 web.1  |   [1m[36mCACHE (0.0ms)[0m  [1mSELECT  "people".* FROM "people"  WHERE "people"."id" = $1 LIMIT 1[0m  [["id", 8931]]
11:58:47 web.1  |   [1m[35mCACHE (0.0ms)[0m  SELECT  "colours".* FROM "colours"  WHERE "colours"."id" = $1 LIMIT 1  [["id", 13]]
11:58:47 web.1  |   [1m[36mPhoto Load (0.4ms)[0m  [1mSELECT  "photos".* FROM "photos"  WHERE "photos"."plaque_id" = $1 AND "photos"."of_a_plaque" = 't'  ORDER BY shot ASC LIMIT 1[0m  [["plaque_id", 28238]]
11:58:47 web.1  |   [1m[35mPhoto Load (0.6ms)[0m  SELECT "photos".* FROM "photos"  WHERE "photos"."plaque_id" = $1 AND "photos"."of_a_plaque" = 't'  ORDER BY shot ASC  [["plaque_id", 28238]]
11:58:47 web.1  |   [1m[36mOrganisation Load (0.5ms)[0m  [1mSELECT "organisations".* FROM "organisations" INNER JOIN "sponsorships" ON "organisations"."id" = "sponsorships"."organisation_id" WHERE "sponsorships"."plaque_id" = $1[0m  [["plaque_id", 28238]]
11:58:47 web.1  |   [1m[35mCACHE (0.0ms)[0m  SELECT  "languages".* FROM "languages"  WHERE "languages"."id" = $1 LIMIT 1  [["id", 1]]
11:58:47 web.1  |   [1m[36mPersonalRole Load (15.4ms)[0m  [1mSELECT "personal_roles".* FROM "personal_roles"  WHERE "personal_roles"."person_id" = $1[0m  [["person_id", 8931]]
11:58:47 web.1  |   [1m[35mRole Load (0.3ms)[0m  SELECT  "roles".* FROM "roles"  WHERE "roles"."id" = $1 LIMIT 1  [["id", 2297]]
11:58:47 web.1  |   [1m[36mRole Load (0.6ms)[0m  [1mSELECT "roles".* FROM "roles" INNER JOIN "personal_roles" ON "roles"."id" = "personal_roles"."role_id" WHERE "personal_roles"."person_id" = $1[0m  [["person_id", 8931]]
11:58:48 web.1  |   [1m[35mPlaque Load (7.3ms)[0m  SELECT "plaques".* FROM "plaques" INNER JOIN "personal_connections" ON "plaques"."id" = "personal_connections"."plaque_id" WHERE "personal_connections"."person_id" = $1  [["person_id", 8931]]
11:58:48 web.1  |   [1m[36mPersonalConnection Load (0.4ms)[0m  [1mSELECT "personal_connections".* FROM "personal_connections"  WHERE "personal_connections"."plaque_id" = $1[0m  [["plaque_id", 1039]]
11:58:48 web.1  |   [1m[35mPerson Load (0.3ms)[0m  SELECT  "people".* FROM "people"  WHERE "people"."id" = $1 LIMIT 1  [["id", 857]]
11:58:48 web.1  |   [1m[36mCACHE (0.0ms)[0m  [1mSELECT  "people".* FROM "people"  WHERE "people"."id" = $1 LIMIT 1[0m  [["id", 857]]
11:58:48 web.1  |   [1m[35mCACHE (0.0ms)[0m  SELECT  "colours".* FROM "colours"  WHERE "colours"."id" = $1 LIMIT 1  [["id", 6]]
11:58:48 web.1  |   [1m[36mPhoto Load (0.4ms)[0m  [1mSELECT  "photos".* FROM "photos"  WHERE "photos"."plaque_id" = $1 AND "photos"."of_a_plaque" = 't'  ORDER BY shot ASC LIMIT 1[0m  [["plaque_id", 1039]]
11:58:48 web.1  |   [1m[35mPhoto Load (0.3ms)[0m  SELECT "photos".* FROM "photos"  WHERE "photos"."plaque_id" = $1 AND "photos"."of_a_plaque" = 't'  ORDER BY shot ASC  [["plaque_id", 1039]]
11:58:48 web.1  |   [1m[36mOrganisation Load (0.4ms)[0m  [1mSELECT "organisations".* FROM "organisations" INNER JOIN "sponsorships" ON "organisations"."id" = "sponsorships"."organisation_id" WHERE "sponsorships"."plaque_id" = $1[0m  [["plaque_id", 1039]]
11:58:48 web.1  |   [1m[35mCACHE (0.0ms)[0m  SELECT  "languages".* FROM "languages"  WHERE "languages"."id" = $1 LIMIT 1  [["id", 1]]
11:58:48 web.1  |   [1m[36mPersonalRole Load (0.4ms)[0m  [1mSELECT "personal_roles".* FROM "personal_roles"  WHERE "personal_roles"."person_id" = $1[0m  [["person_id", 857]]
11:58:48 web.1  |   [1m[35mRole Load (0.4ms)[0m  SELECT  "roles".* FROM "roles"  WHERE "roles"."id" = $1 LIMIT 1  [["id", 615]]
11:58:48 web.1  |   [1m[36mRole Load (0.3ms)[0m  [1mSELECT "roles".* FROM "roles" INNER JOIN "personal_roles" ON "roles"."id" = "personal_roles"."role_id" WHERE "personal_roles"."person_id" = $1[0m  [["person_id", 857]]
11:58:48 web.1  |   [1m[35mPlaque Load (0.4ms)[0m  SELECT "plaques".* FROM "plaques" INNER JOIN "personal_connections" ON "plaques"."id" = "personal_connections"."plaque_id" WHERE "personal_connections"."person_id" = $1  [["person_id", 857]]
11:58:48 web.1  |   [1m[36mPersonalConnection Load (0.7ms)[0m  [1mSELECT "personal_connections".* FROM "personal_connections"  WHERE "personal_connections"."plaque_id" = $1[0m  [["plaque_id", 5442]]
11:58:48 web.1  |   [1m[35mCACHE (0.0ms)[0m  SELECT  "colours".* FROM "colours"  WHERE "colours"."id" = $1 LIMIT 1  [["id", 2]]
11:58:48 web.1  |   [1m[36mPhoto Load (0.4ms)[0m  [1mSELECT  "photos".* FROM "photos"  WHERE "photos"."plaque_id" = $1 AND "photos"."of_a_plaque" = 't'  ORDER BY shot ASC LIMIT 1[0m  [["plaque_id", 5442]]
11:58:48 web.1  |   [1m[35mPhoto Load (0.4ms)[0m  SELECT "photos".* FROM "photos"  WHERE "photos"."plaque_id" = $1 AND "photos"."of_a_plaque" = 't'  ORDER BY shot ASC  [["plaque_id", 5442]]
11:58:48 web.1  |   [1m[36mOrganisation Load (27.1ms)[0m  [1mSELECT "organisations".* FROM "organisations" INNER JOIN "sponsorships" ON "organisations"."id" = "sponsorships"."organisation_id" WHERE "sponsorships"."plaque_id" = $1[0m  [["plaque_id", 5442]]
11:58:48 web.1  |   [1m[35mCACHE (0.0ms)[0m  SELECT  "languages".* FROM "languages"  WHERE "languages"."id" = $1 LIMIT 1  [["id", 1]]
11:58:48 web.1  |   [1m[36mPersonalConnection Load (0.5ms)[0m  [1mSELECT "personal_connections".* FROM "personal_connections"  WHERE "personal_connections"."plaque_id" = $1[0m  [["plaque_id", 28232]]
11:58:48 web.1  |   [1m[35mPerson Load (0.3ms)[0m  SELECT  "people".* FROM "people"  WHERE "people"."id" = $1 LIMIT 1  [["id", 8916]]
11:58:48 web.1  |   [1m[36mPerson Load (0.3ms)[0m  [1mSELECT  "people".* FROM "people"  WHERE "people"."id" = $1 LIMIT 1[0m  [["id", 8917]]
11:58:48 web.1  |   [1m[35mCACHE (0.0ms)[0m  SELECT  "colours".* FROM "colours"  WHERE "colours"."id" = $1 LIMIT 1  [["id", 2]]
11:58:48 web.1  |   [1m[36mPhoto Load (0.4ms)[0m  [1mSELECT  "photos".* FROM "photos"  WHERE "photos"."plaque_id" = $1 AND "photos"."of_a_plaque" = 't'  ORDER BY shot ASC LIMIT 1[0m  [["plaque_id", 28232]]
11:58:48 web.1  |   [1m[35mPhoto Load (0.3ms)[0m  SELECT "photos".* FROM "photos"  WHERE "photos"."plaque_id" = $1 AND "photos"."of_a_plaque" = 't'  ORDER BY shot ASC  [["plaque_id", 28232]]
11:58:48 web.1  |   [1m[36mOrganisation Load (0.4ms)[0m  [1mSELECT "organisations".* FROM "organisations" INNER JOIN "sponsorships" ON "organisations"."id" = "sponsorships"."organisation_id" WHERE "sponsorships"."plaque_id" = $1[0m  [["plaque_id", 28232]]
11:58:48 web.1  |   [1m[35mCACHE (0.0ms)[0m  SELECT  "languages".* FROM "languages"  WHERE "languages"."id" = $1 LIMIT 1  [["id", 1]]
11:58:48 web.1  |   [1m[36mPersonalRole Load (0.3ms)[0m  [1mSELECT "personal_roles".* FROM "personal_roles"  WHERE "personal_roles"."person_id" = $1[0m  [["person_id", 8916]]
11:58:48 web.1  |   [1m[35mRole Load (0.3ms)[0m  SELECT "roles".* FROM "roles" INNER JOIN "personal_roles" ON "roles"."id" = "personal_roles"."role_id" WHERE "personal_roles"."person_id" = $1  [["person_id", 8916]]
11:58:48 web.1  |   [1m[36mPersonalRole Load (0.3ms)[0m  [1mSELECT "personal_roles".* FROM "personal_roles"  WHERE "personal_roles"."person_id" = $1[0m  [["person_id", 8917]]
11:58:48 web.1  |   [1m[35mRole Load (0.3ms)[0m  SELECT "roles".* FROM "roles" INNER JOIN "personal_roles" ON "roles"."id" = "personal_roles"."role_id" WHERE "personal_roles"."person_id" = $1  [["person_id", 8917]]
11:58:48 web.1  |   [1m[36mPlaque Load (0.4ms)[0m  [1mSELECT "plaques".* FROM "plaques" INNER JOIN "personal_connections" ON "plaques"."id" = "personal_connections"."plaque_id" WHERE "personal_connections"."person_id" = $1[0m  [["person_id", 8916]]
11:58:48 web.1  |   [1m[35mPlaque Load (0.4ms)[0m  SELECT "plaques".* FROM "plaques" INNER JOIN "personal_connections" ON "plaques"."id" = "personal_connections"."plaque_id" WHERE "personal_connections"."person_id" = $1  [["person_id", 8917]]
11:58:48 web.1  |   [1m[36mPersonalConnection Load (0.3ms)[0m  [1mSELECT "personal_connections".* FROM "personal_connections"  WHERE "personal_connections"."plaque_id" = $1[0m  [["plaque_id", 28233]]
11:58:48 web.1  |   [1m[35mPerson Load (11.7ms)[0m  SELECT  "people".* FROM "people"  WHERE "people"."id" = $1 LIMIT 1  [["id", 9468]]
11:58:48 web.1  |   [1m[36mColour Load (0.3ms)[0m  [1mSELECT  "colours".* FROM "colours"  WHERE "colours"."id" = $1 LIMIT 1[0m  [["id", 7]]
11:58:48 web.1  |   [1m[35mPhoto Load (0.3ms)[0m  SELECT  "photos".* FROM "photos"  WHERE "photos"."plaque_id" = $1 AND "photos"."of_a_plaque" = 't'  ORDER BY shot ASC LIMIT 1  [["plaque_id", 28233]]
11:58:48 web.1  |   [1m[36mPhoto Load (0.3ms)[0m  [1mSELECT "photos".* FROM "photos"  WHERE "photos"."plaque_id" = $1 AND "photos"."of_a_plaque" = 't'  ORDER BY shot ASC[0m  [["plaque_id", 28233]]
11:58:48 web.1  |   [1m[35mOrganisation Load (0.5ms)[0m  SELECT "organisations".* FROM "organisations" INNER JOIN "sponsorships" ON "organisations"."id" = "sponsorships"."organisation_id" WHERE "sponsorships"."plaque_id" = $1  [["plaque_id", 28233]]
11:58:48 web.1  |   [1m[36mCACHE (0.0ms)[0m  [1mSELECT  "languages".* FROM "languages"  WHERE "languages"."id" = $1 LIMIT 1[0m  [["id", 1]]
11:58:48 web.1  |   [1m[35mPersonalRole Load (0.3ms)[0m  SELECT "personal_roles".* FROM "personal_roles"  WHERE "personal_roles"."person_id" = $1  [["person_id", 9468]]
11:58:48 web.1  |   [1m[36mRole Load (0.4ms)[0m  [1mSELECT  "roles".* FROM "roles"  WHERE "roles"."id" = $1 LIMIT 1[0m  [["id", 5940]]
11:58:48 web.1  |   [1m[35mRole Load (0.3ms)[0m  SELECT "roles".* FROM "roles" INNER JOIN "personal_roles" ON "roles"."id" = "personal_roles"."role_id" WHERE "personal_roles"."person_id" = $1  [["person_id", 9468]]
11:58:48 web.1  |   [1m[36mPlaque Load (0.4ms)[0m  [1mSELECT "plaques".* FROM "plaques" INNER JOIN "personal_connections" ON "plaques"."id" = "personal_connections"."plaque_id" WHERE "personal_connections"."person_id" = $1[0m  [["person_id", 9468]]
11:58:48 web.1  |   [1m[35mPersonalConnection Load (0.4ms)[0m  SELECT "personal_connections".* FROM "personal_connections"  WHERE "personal_connections"."plaque_id" = $1  [["plaque_id", 30587]]
11:58:48 web.1  |   [1m[36mCACHE (0.0ms)[0m  [1mSELECT  "colours".* FROM "colours"  WHERE "colours"."id" = $1 LIMIT 1[0m  [["id", 3]]
11:58:48 web.1  |   [1m[35mPhoto Load (0.4ms)[0m  SELECT  "photos".* FROM "photos"  WHERE "photos"."plaque_id" = $1 AND "photos"."of_a_plaque" = 't'  ORDER BY shot ASC LIMIT 1  [["plaque_id", 30587]]
11:58:48 web.1  |   [1m[36mPhoto Load (0.3ms)[0m  [1mSELECT "photos".* FROM "photos"  WHERE "photos"."plaque_id" = $1 AND "photos"."of_a_plaque" = 't'  ORDER BY shot ASC[0m  [["plaque_id", 30587]]
11:58:48 web.1  |   [1m[35mOrganisation Load (6.6ms)[0m  SELECT "organisations".* FROM "organisations" INNER JOIN "sponsorships" ON "organisations"."id" = "sponsorships"."organisation_id" WHERE "sponsorships"."plaque_id" = $1  [["plaque_id", 30587]]
11:58:48 web.1  |   [1m[36mCACHE (0.0ms)[0m  [1mSELECT  "languages".* FROM "languages"  WHERE "languages"."id" = $1 LIMIT 1[0m  [["id", 1]]
11:58:48 web.1  |   [1m[35mPersonalConnection Load (0.3ms)[0m  SELECT "personal_connections".* FROM "personal_connections"  WHERE "personal_connections"."plaque_id" = $1  [["plaque_id", 30787]]
11:58:48 web.1  |   [1m[36mPerson Load (0.3ms)[0m  [1mSELECT  "people".* FROM "people"  WHERE "people"."id" = $1 LIMIT 1[0m  [["id", 213]]
11:58:48 web.1  |   [1m[35mCACHE (0.1ms)[0m  SELECT  "colours".* FROM "colours"  WHERE "colours"."id" = $1 LIMIT 1  [["id", 2]]
11:58:48 web.1  |   [1m[36mPhoto Load (11.5ms)[0m  [1mSELECT  "photos".* FROM "photos"  WHERE "photos"."plaque_id" = $1 AND "photos"."of_a_plaque" = 't'  ORDER BY shot ASC LIMIT 1[0m  [["plaque_id", 30787]]
11:58:48 web.1  |   [1m[35mPhoto Load (0.4ms)[0m  SELECT "photos".* FROM "photos"  WHERE "photos"."plaque_id" = $1 AND "photos"."of_a_plaque" = 't'  ORDER BY shot ASC  [["plaque_id", 30787]]
11:58:48 web.1  |   [1m[36mOrganisation Load (15.7ms)[0m  [1mSELECT "organisations".* FROM "organisations" INNER JOIN "sponsorships" ON "organisations"."id" = "sponsorships"."organisation_id" WHERE "sponsorships"."plaque_id" = $1[0m  [["plaque_id", 30787]]
11:58:48 web.1  |   [1m[35mCACHE (0.0ms)[0m  SELECT  "languages".* FROM "languages"  WHERE "languages"."id" = $1 LIMIT 1  [["id", 1]]
11:58:48 web.1  |   [1m[36mPersonalRole Load (0.3ms)[0m  [1mSELECT "personal_roles".* FROM "personal_roles"  WHERE "personal_roles"."person_id" = $1[0m  [["person_id", 213]]
11:58:48 web.1  |   [1m[35mCACHE (0.0ms)[0m  SELECT  "roles".* FROM "roles"  WHERE "roles"."id" = $1 LIMIT 1  [["id", 51]]
11:58:48 web.1  |   [1m[36mRole Load (0.3ms)[0m  [1mSELECT  "roles".* FROM "roles"  WHERE "roles"."id" = $1 LIMIT 1[0m  [["id", 63]]
11:58:48 web.1  |   [1m[35mRole Load (0.4ms)[0m  SELECT "roles".* FROM "roles" INNER JOIN "personal_roles" ON "roles"."id" = "personal_roles"."role_id" WHERE "personal_roles"."person_id" = $1  [["person_id", 213]]
11:58:48 web.1  |   [1m[36mPlaque Load (11.7ms)[0m  [1mSELECT "plaques".* FROM "plaques" INNER JOIN "personal_connections" ON "plaques"."id" = "personal_connections"."plaque_id" WHERE "personal_connections"."person_id" = $1[0m  [["person_id", 213]]
11:58:48 web.1  |   [1m[35mPersonalConnection Load (0.3ms)[0m  SELECT "personal_connections".* FROM "personal_connections"  WHERE "personal_connections"."plaque_id" = $1  [["plaque_id", 31430]]
11:58:48 web.1  |   [1m[36mCACHE (0.0ms)[0m  [1mSELECT  "colours".* FROM "colours"  WHERE "colours"."id" = $1 LIMIT 1[0m  [["id", 2]]
11:58:48 web.1  |   [1m[35mPhoto Load (0.4ms)[0m  SELECT  "photos".* FROM "photos"  WHERE "photos"."plaque_id" = $1 AND "photos"."of_a_plaque" = 't'  ORDER BY shot ASC LIMIT 1  [["plaque_id", 31430]]
11:58:48 web.1  |   [1m[36mPhoto Load (0.5ms)[0m  [1mSELECT "photos".* FROM "photos"  WHERE "photos"."plaque_id" = $1 AND "photos"."of_a_plaque" = 't'  ORDER BY shot ASC[0m  [["plaque_id", 31430]]
11:58:48 web.1  |   [1m[35mOrganisation Load (0.8ms)[0m  SELECT "organisations".* FROM "organisations" INNER JOIN "sponsorships" ON "organisations"."id" = "sponsorships"."organisation_id" WHERE "sponsorships"."plaque_id" = $1  [["plaque_id", 31430]]
11:58:48 web.1  |   [1m[36mCACHE (0.0ms)[0m  [1mSELECT  "languages".* FROM "languages"  WHERE "languages"."id" = $1 LIMIT 1[0m  [["id", 1]]
11:58:48 web.1  |   [1m[35mPersonalConnection Load (0.3ms)[0m  SELECT "personal_connections".* FROM "personal_connections"  WHERE "personal_connections"."plaque_id" = $1  [["plaque_id", 31450]]
11:58:48 web.1  |   [1m[36mCACHE (0.0ms)[0m  [1mSELECT  "colours".* FROM "colours"  WHERE "colours"."id" = $1 LIMIT 1[0m  [["id", 2]]
11:58:48 web.1  |   [1m[35mPhoto Load (0.5ms)[0m  SELECT  "photos".* FROM "photos"  WHERE "photos"."plaque_id" = $1 AND "photos"."of_a_plaque" = 't'  ORDER BY shot ASC LIMIT 1  [["plaque_id", 31450]]
11:58:48 web.1  |   [1m[36mPhoto Load (0.3ms)[0m  [1mSELECT "photos".* FROM "photos"  WHERE "photos"."plaque_id" = $1 AND "photos"."of_a_plaque" = 't'  ORDER BY shot ASC[0m  [["plaque_id", 31450]]
11:58:48 web.1  |   [1m[35mOrganisation Load (0.4ms)[0m  SELECT "organisations".* FROM "organisations" INNER JOIN "sponsorships" ON "organisations"."id" = "sponsorships"."organisation_id" WHERE "sponsorships"."plaque_id" = $1  [["plaque_id", 31450]]
11:58:48 web.1  |   [1m[36mCACHE (0.0ms)[0m  [1mSELECT  "languages".* FROM "languages"  WHERE "languages"."id" = $1 LIMIT 1[0m  [["id", 1]]
11:58:48 web.1  |   [1m[35mPersonalConnection Load (0.3ms)[0m  SELECT "personal_connections".* FROM "personal_connections"  WHERE "personal_connections"."plaque_id" = $1  [["plaque_id", 31451]]
11:58:48 web.1  |   [1m[36mCACHE (0.0ms)[0m  [1mSELECT  "colours".* FROM "colours"  WHERE "colours"."id" = $1 LIMIT 1[0m  [["id", 2]]
11:58:48 web.1  |   [1m[35mPhoto Load (0.4ms)[0m  SELECT  "photos".* FROM "photos"  WHERE "photos"."plaque_id" = $1 AND "photos"."of_a_plaque" = 't'  ORDER BY shot ASC LIMIT 1  [["plaque_id", 31451]]
11:58:48 web.1  |   [1m[36mPhoto Load (0.4ms)[0m  [1mSELECT "photos".* FROM "photos"  WHERE "photos"."plaque_id" = $1 AND "photos"."of_a_plaque" = 't'  ORDER BY shot ASC[0m  [["plaque_id", 31451]]
11:58:48 web.1  |   [1m[35mOrganisation Load (0.4ms)[0m  SELECT "organisations".* FROM "organisations" INNER JOIN "sponsorships" ON "organisations"."id" = "sponsorships"."organisation_id" WHERE "sponsorships"."plaque_id" = $1  [["plaque_id", 31451]]
11:58:48 web.1  |   [1m[36mCACHE (0.0ms)[0m  [1mSELECT  "languages".* FROM "languages"  WHERE "languages"."id" = $1 LIMIT 1[0m  [["id", 1]]
11:58:48 web.1  |   [1m[35mPersonalConnection Load (0.3ms)[0m  SELECT "personal_connections".* FROM "personal_connections"  WHERE "personal_connections"."plaque_id" = $1  [["plaque_id", 31518]]
11:58:48 web.1  |   [1m[36mCACHE (0.0ms)[0m  [1mSELECT  "colours".* FROM "colours"  WHERE "colours"."id" = $1 LIMIT 1[0m  [["id", 13]]
11:58:48 web.1  |   [1m[35mPhoto Load (0.4ms)[0m  SELECT  "photos".* FROM "photos"  WHERE "photos"."plaque_id" = $1 AND "photos"."of_a_plaque" = 't'  ORDER BY shot ASC LIMIT 1  [["plaque_id", 31518]]
11:58:48 web.1  |   [1m[36mPhoto Load (0.4ms)[0m  [1mSELECT "photos".* FROM "photos"  WHERE "photos"."plaque_id" = $1 AND "photos"."of_a_plaque" = 't'  ORDER BY shot ASC[0m  [["plaque_id", 31518]]
11:58:48 web.1  |   [1m[35mOrganisation Load (0.3ms)[0m  SELECT "organisations".* FROM "organisations" INNER JOIN "sponsorships" ON "organisations"."id" = "sponsorships"."organisation_id" WHERE "sponsorships"."plaque_id" = $1  [["plaque_id", 31518]]
11:58:48 web.1  |   [1m[36mCACHE (0.0ms)[0m  [1mSELECT  "languages".* FROM "languages"  WHERE "languages"."id" = $1 LIMIT 1[0m  [["id", 1]]
11:58:48 web.1  |   [1m[35mPersonalConnection Load (0.3ms)[0m  SELECT "personal_connections".* FROM "personal_connections"  WHERE "personal_connections"."plaque_id" = $1  [["plaque_id", 31535]]
11:58:48 web.1  |   [1m[36mCACHE (0.0ms)[0m  [1mSELECT  "people".* FROM "people"  WHERE "people"."id" = $1 LIMIT 1[0m  [["id", 820]]
11:58:48 web.1  |   [1m[35mCACHE (0.0ms)[0m  SELECT  "colours".* FROM "colours"  WHERE "colours"."id" = $1 LIMIT 1  [["id", 8]]
11:58:48 web.1  |   [1m[36mPhoto Load (0.5ms)[0m  [1mSELECT  "photos".* FROM "photos"  WHERE "photos"."plaque_id" = $1 AND "photos"."of_a_plaque" = 't'  ORDER BY shot ASC LIMIT 1[0m  [["plaque_id", 31535]]
11:58:48 web.1  |   [1m[35mPhoto Load (0.3ms)[0m  SELECT "photos".* FROM "photos"  WHERE "photos"."plaque_id" = $1 AND "photos"."of_a_plaque" = 't'  ORDER BY shot ASC  [["plaque_id", 31535]]
11:58:48 web.1  |   [1m[36mOrganisation Load (0.3ms)[0m  [1mSELECT "organisations".* FROM "organisations" INNER JOIN "sponsorships" ON "organisations"."id" = "sponsorships"."organisation_id" WHERE "sponsorships"."plaque_id" = $1[0m  [["plaque_id", 31535]]
11:58:48 web.1  |   [1m[35mCACHE (0.0ms)[0m  SELECT  "languages".* FROM "languages"  WHERE "languages"."id" = $1 LIMIT 1  [["id", 1]]
11:58:48 web.1  |   [1m[36mCACHE (0.0ms)[0m  [1mSELECT "personal_roles".* FROM "personal_roles"  WHERE "personal_roles"."person_id" = $1[0m  [["person_id", 820]]
11:58:48 web.1  |   [1m[35mCACHE (0.0ms)[0m  SELECT  "roles".* FROM "roles"  WHERE "roles"."id" = $1 LIMIT 1  [["id", 913]]
11:58:48 web.1  |   [1m[36mCACHE (0.0ms)[0m  [1mSELECT  "roles".* FROM "roles"  WHERE "roles"."id" = $1 LIMIT 1[0m  [["id", 1377]]
11:58:48 web.1  |   [1m[35mCACHE (0.0ms)[0m  SELECT  "roles".* FROM "roles"  WHERE "roles"."id" = $1 LIMIT 1  [["id", 3663]]
11:58:48 web.1  |   [1m[36mCACHE (0.0ms)[0m  [1mSELECT  "roles".* FROM "roles"  WHERE "roles"."id" = $1 LIMIT 1[0m  [["id", 34]]
11:58:48 web.1  |   [1m[35mCACHE (0.0ms)[0m  SELECT  "roles".* FROM "roles"  WHERE "roles"."id" = $1 LIMIT 1  [["id", 6315]]
11:58:48 web.1  |   [1m[36mCACHE (0.0ms)[0m  [1mSELECT "roles".* FROM "roles" INNER JOIN "personal_roles" ON "roles"."id" = "personal_roles"."role_id" WHERE "personal_roles"."person_id" = $1[0m  [["person_id", 820]]
11:58:48 web.1  |   [1m[35mCACHE (0.0ms)[0m  SELECT "plaques".* FROM "plaques" INNER JOIN "personal_connections" ON "plaques"."id" = "personal_connections"."plaque_id" WHERE "personal_connections"."person_id" = $1  [["person_id", 820]]
11:58:48 web.1  |   [1m[36mPersonalConnection Load (0.3ms)[0m  [1mSELECT "personal_connections".* FROM "personal_connections"  WHERE "personal_connections"."plaque_id" = $1[0m  [["plaque_id", 5440]]
11:58:48 web.1  |   [1m[35mCACHE (0.0ms)[0m  SELECT  "colours".* FROM "colours"  WHERE "colours"."id" = $1 LIMIT 1  [["id", 2]]
11:58:48 web.1  |   [1m[36mPhoto Load (0.5ms)[0m  [1mSELECT  "photos".* FROM "photos"  WHERE "photos"."plaque_id" = $1 AND "photos"."of_a_plaque" = 't'  ORDER BY shot ASC LIMIT 1[0m  [["plaque_id", 5440]]
11:58:48 web.1  |   [1m[35mPhoto Load (0.3ms)[0m  SELECT "photos".* FROM "photos"  WHERE "photos"."plaque_id" = $1 AND "photos"."of_a_plaque" = 't'  ORDER BY shot ASC  [["plaque_id", 5440]]
11:58:48 web.1  |   [1m[36mOrganisation Load (0.5ms)[0m  [1mSELECT "organisations".* FROM "organisations" INNER JOIN "sponsorships" ON "organisations"."id" = "sponsorships"."organisation_id" WHERE "sponsorships"."plaque_id" = $1[0m  [["plaque_id", 5440]]
11:58:48 web.1  |   [1m[35mCACHE (0.0ms)[0m  SELECT  "languages".* FROM "languages"  WHERE "languages"."id" = $1 LIMIT 1  [["id", 1]]
11:58:48 web.1  |   [1m[36mPersonalConnection Load (0.3ms)[0m  [1mSELECT "personal_connections".* FROM "personal_connections"  WHERE "personal_connections"."plaque_id" = $1[0m  [["plaque_id", 10667]]
11:58:48 web.1  |   [1m[35mPerson Load (0.3ms)[0m  SELECT  "people".* FROM "people"  WHERE "people"."id" = $1 LIMIT 1  [["id", 7870]]
11:58:48 web.1  |   [1m[36mCACHE (0.0ms)[0m  [1mSELECT  "colours".* FROM "colours"  WHERE "colours"."id" = $1 LIMIT 1[0m  [["id", 13]]
11:58:48 web.1  |   [1m[35mPhoto Load (0.4ms)[0m  SELECT  "photos".* FROM "photos"  WHERE "photos"."plaque_id" = $1 AND "photos"."of_a_plaque" = 't'  ORDER BY shot ASC LIMIT 1  [["plaque_id", 10667]]
11:58:48 web.1  |   [1m[36mPhoto Load (0.4ms)[0m  [1mSELECT "photos".* FROM "photos"  WHERE "photos"."plaque_id" = $1 AND "photos"."of_a_plaque" = 't'  ORDER BY shot ASC[0m  [["plaque_id", 10667]]
11:58:48 web.1  |   [1m[35mOrganisation Load (0.6ms)[0m  SELECT "organisations".* FROM "organisations" INNER JOIN "sponsorships" ON "organisations"."id" = "sponsorships"."organisation_id" WHERE "sponsorships"."plaque_id" = $1  [["plaque_id", 10667]]
11:58:48 web.1  |   [1m[36mCACHE (0.0ms)[0m  [1mSELECT  "languages".* FROM "languages"  WHERE "languages"."id" = $1 LIMIT 1[0m  [["id", 1]]
11:58:48 web.1  |   [1m[35mPersonalRole Load (0.3ms)[0m  SELECT "personal_roles".* FROM "personal_roles"  WHERE "personal_roles"."person_id" = $1  [["person_id", 7870]]
11:58:48 web.1  |   [1m[36mRole Load (20.2ms)[0m  [1mSELECT  "roles".* FROM "roles"  WHERE "roles"."id" = $1 LIMIT 1[0m  [["id", 5942]]
11:58:48 web.1  |   [1m[35mRole Load (1.0ms)[0m  SELECT "roles".* FROM "roles" INNER JOIN "personal_roles" ON "roles"."id" = "personal_roles"."role_id" WHERE "personal_roles"."person_id" = $1  [["person_id", 7870]]
11:58:48 web.1  |   [1m[36mPlaque Load (0.4ms)[0m  [1mSELECT "plaques".* FROM "plaques" INNER JOIN "personal_connections" ON "plaques"."id" = "personal_connections"."plaque_id" WHERE "personal_connections"."person_id" = $1[0m  [["person_id", 7870]]
11:58:48 web.1  |   [1m[35mPersonalConnection Load (0.3ms)[0m  SELECT "personal_connections".* FROM "personal_connections"  WHERE "personal_connections"."plaque_id" = $1  [["plaque_id", 3668]]
11:58:48 web.1  |   [1m[36mCACHE (0.0ms)[0m  [1mSELECT  "colours".* FROM "colours"  WHERE "colours"."id" = $1 LIMIT 1[0m  [["id", 3]]
11:58:48 web.1  |   [1m[35mPhoto Load (0.4ms)[0m  SELECT  "photos".* FROM "photos"  WHERE "photos"."plaque_id" = $1 AND "photos"."of_a_plaque" = 't'  ORDER BY shot ASC LIMIT 1  [["plaque_id", 3668]]
11:58:48 web.1  |   [1m[36mPhoto Load (0.4ms)[0m  [1mSELECT "photos".* FROM "photos"  WHERE "photos"."plaque_id" = $1 AND "photos"."of_a_plaque" = 't'  ORDER BY shot ASC[0m  [["plaque_id", 3668]]
11:58:48 web.1  |   [1m[35mOrganisation Load (16.6ms)[0m  SELECT "organisations".* FROM "organisations" INNER JOIN "sponsorships" ON "organisations"."id" = "sponsorships"."organisation_id" WHERE "sponsorships"."plaque_id" = $1  [["plaque_id", 3668]]
11:58:48 web.1  |   [1m[36mCACHE (0.0ms)[0m  [1mSELECT  "languages".* FROM "languages"  WHERE "languages"."id" = $1 LIMIT 1[0m  [["id", 1]]
11:58:48 web.1  |   [1m[35mPersonalConnection Load (0.3ms)[0m  SELECT "personal_connections".* FROM "personal_connections"  WHERE "personal_connections"."plaque_id" = $1  [["plaque_id", 1060]]
11:58:48 web.1  |   [1m[36mPerson Load (0.4ms)[0m  [1mSELECT  "people".* FROM "people"  WHERE "people"."id" = $1 LIMIT 1[0m  [["id", 1309]]
11:58:48 web.1  |   [1m[35mPerson Load (0.3ms)[0m  SELECT  "people".* FROM "people"  WHERE "people"."id" = $1 LIMIT 1  [["id", 1313]]
11:58:48 web.1  |   [1m[36mCACHE (0.0ms)[0m  [1mSELECT  "colours".* FROM "colours"  WHERE "colours"."id" = $1 LIMIT 1[0m  [["id", 6]]
11:58:48 web.1  |   [1m[35mPhoto Load (0.4ms)[0m  SELECT  "photos".* FROM "photos"  WHERE "photos"."plaque_id" = $1 AND "photos"."of_a_plaque" = 't'  ORDER BY shot ASC LIMIT 1  [["plaque_id", 1060]]
11:58:48 web.1  |   [1m[36mPhoto Load (0.4ms)[0m  [1mSELECT "photos".* FROM "photos"  WHERE "photos"."plaque_id" = $1 AND "photos"."of_a_plaque" = 't'  ORDER BY shot ASC[0m  [["plaque_id", 1060]]
11:58:48 web.1  |   [1m[35mOrganisation Load (0.3ms)[0m  SELECT "organisations".* FROM "organisations" INNER JOIN "sponsorships" ON "organisations"."id" = "sponsorships"."organisation_id" WHERE "sponsorships"."plaque_id" = $1  [["plaque_id", 1060]]
11:58:48 web.1  |   [1m[36mCACHE (0.0ms)[0m  [1mSELECT  "languages".* FROM "languages"  WHERE "languages"."id" = $1 LIMIT 1[0m  [["id", 1]]
11:58:48 web.1  |   [1m[35mPersonalRole Load (0.3ms)[0m  SELECT "personal_roles".* FROM "personal_roles"  WHERE "personal_roles"."person_id" = $1  [["person_id", 1309]]
11:58:48 web.1  |   [1m[36mCACHE (0.1ms)[0m  [1mSELECT  "roles".* FROM "roles"  WHERE "roles"."id" = $1 LIMIT 1[0m  [["id", 34]]
11:58:48 web.1  |   [1m[35mCACHE (0.0ms)[0m  SELECT  "roles".* FROM "roles"  WHERE "roles"."id" = $1 LIMIT 1  [["id", 1377]]
11:58:48 web.1  |   [1m[36mCACHE (0.0ms)[0m  [1mSELECT  "roles".* FROM "roles"  WHERE "roles"."id" = $1 LIMIT 1[0m  [["id", 6315]]
11:58:48 web.1  |   [1m[35mRole Load (0.4ms)[0m  SELECT "roles".* FROM "roles" INNER JOIN "personal_roles" ON "roles"."id" = "personal_roles"."role_id" WHERE "personal_roles"."person_id" = $1  [["person_id", 1309]]
11:58:48 web.1  |   [1m[36mPersonalRole Load (0.3ms)[0m  [1mSELECT "personal_roles".* FROM "personal_roles"  WHERE "personal_roles"."person_id" = $1[0m  [["person_id", 1313]]
11:58:48 web.1  |   [1m[35mRole Load (0.3ms)[0m  SELECT  "roles".* FROM "roles"  WHERE "roles"."id" = $1 LIMIT 1  [["id", 100]]
11:58:48 web.1  |   [1m[36mRole Load (0.4ms)[0m  [1mSELECT "roles".* FROM "roles" INNER JOIN "personal_roles" ON "roles"."id" = "personal_roles"."role_id" WHERE "personal_roles"."person_id" = $1[0m  [["person_id", 1313]]
11:58:48 web.1  |   [1m[35mPlaque Load (0.5ms)[0m  SELECT "plaques".* FROM "plaques" INNER JOIN "personal_connections" ON "plaques"."id" = "personal_connections"."plaque_id" WHERE "personal_connections"."person_id" = $1  [["person_id", 1309]]
11:58:48 web.1  |   [1m[36mPlaque Load (0.5ms)[0m  [1mSELECT "plaques".* FROM "plaques" INNER JOIN "personal_connections" ON "plaques"."id" = "personal_connections"."plaque_id" WHERE "personal_connections"."person_id" = $1[0m  [["person_id", 1313]]
11:58:48 web.1  |   [1m[35mPersonalConnection Load (0.3ms)[0m  SELECT "personal_connections".* FROM "personal_connections"  WHERE "personal_connections"."plaque_id" = $1  [["plaque_id", 1265]]
11:58:48 web.1  |   [1m[36mPerson Load (0.3ms)[0m  [1mSELECT  "people".* FROM "people"  WHERE "people"."id" = $1 LIMIT 1[0m  [["id", 3032]]
11:58:48 web.1  |   [1m[35mCACHE (0.0ms)[0m  SELECT  "colours".* FROM "colours"  WHERE "colours"."id" = $1 LIMIT 1  [["id", 6]]
11:58:49 web.1  |   [1m[36mPhoto Load (0.4ms)[0m  [1mSELECT  "photos".* FROM "photos"  WHERE "photos"."plaque_id" = $1 AND "photos"."of_a_plaque" = 't'  ORDER BY shot ASC LIMIT 1[0m  [["plaque_id", 1265]]
11:58:49 web.1  |   [1m[35mPhoto Load (0.4ms)[0m  SELECT "photos".* FROM "photos"  WHERE "photos"."plaque_id" = $1 AND "photos"."of_a_plaque" = 't'  ORDER BY shot ASC  [["plaque_id", 1265]]
11:58:49 web.1  |   [1m[36mOrganisation Load (0.4ms)[0m  [1mSELECT "organisations".* FROM "organisations" INNER JOIN "sponsorships" ON "organisations"."id" = "sponsorships"."organisation_id" WHERE "sponsorships"."plaque_id" = $1[0m  [["plaque_id", 1265]]
11:58:49 web.1  |   [1m[35mCACHE (0.0ms)[0m  SELECT  "languages".* FROM "languages"  WHERE "languages"."id" = $1 LIMIT 1  [["id", 1]]
11:58:49 web.1  |   [1m[36mPersonalRole Load (79.5ms)[0m  [1mSELECT "personal_roles".* FROM "personal_roles"  WHERE "personal_roles"."person_id" = $1[0m  [["person_id", 3032]]
11:58:49 web.1  |   [1m[35mRole Load (0.3ms)[0m  SELECT  "roles".* FROM "roles"  WHERE "roles"."id" = $1 LIMIT 1  [["id", 1901]]
11:58:49 web.1  |   [1m[36mRole Load (16.6ms)[0m  [1mSELECT  "roles".* FROM "roles"  WHERE "roles"."id" = $1 LIMIT 1[0m  [["id", 4252]]
11:58:49 web.1  |   [1m[35mRole Load (0.3ms)[0m  SELECT  "roles".* FROM "roles"  WHERE "roles"."id" = $1 LIMIT 1  [["id", 4253]]
11:58:49 web.1  |   [1m[36mRole Load (0.4ms)[0m  [1mSELECT  "roles".* FROM "roles"  WHERE "roles"."id" = $1 LIMIT 1[0m  [["id", 1729]]
11:58:49 web.1  |   [1m[35mRole Load (0.8ms)[0m  SELECT "roles".* FROM "roles" INNER JOIN "personal_roles" ON "roles"."id" = "personal_roles"."role_id" WHERE "personal_roles"."person_id" = $1  [["person_id", 3032]]
11:58:49 web.1  |   [1m[36mPlaque Load (0.5ms)[0m  [1mSELECT "plaques".* FROM "plaques" INNER JOIN "personal_connections" ON "plaques"."id" = "personal_connections"."plaque_id" WHERE "personal_connections"."person_id" = $1[0m  [["person_id", 3032]]
11:58:49 web.1  |   [1m[35mPersonalConnection Load (0.3ms)[0m  SELECT "personal_connections".* FROM "personal_connections"  WHERE "personal_connections"."plaque_id" = $1  [["plaque_id", 2573]]
11:58:49 web.1  |   [1m[36mPerson Load (8.5ms)[0m  [1mSELECT  "people".* FROM "people"  WHERE "people"."id" = $1 LIMIT 1[0m  [["id", 5843]]
11:58:49 web.1  |   [1m[35mCACHE (0.1ms)[0m  SELECT  "colours".* FROM "colours"  WHERE "colours"."id" = $1 LIMIT 1  [["id", 13]]
11:58:49 web.1  |   [1m[36mPhoto Load (0.4ms)[0m  [1mSELECT  "photos".* FROM "photos"  WHERE "photos"."plaque_id" = $1 AND "photos"."of_a_plaque" = 't'  ORDER BY shot ASC LIMIT 1[0m  [["plaque_id", 2573]]
11:58:49 web.1  |   [1m[35mPhoto Load (0.3ms)[0m  SELECT "photos".* FROM "photos"  WHERE "photos"."plaque_id" = $1 AND "photos"."of_a_plaque" = 't'  ORDER BY shot ASC  [["plaque_id", 2573]]
11:58:49 web.1  |   [1m[36mOrganisation Load (0.4ms)[0m  [1mSELECT "organisations".* FROM "organisations" INNER JOIN "sponsorships" ON "organisations"."id" = "sponsorships"."organisation_id" WHERE "sponsorships"."plaque_id" = $1[0m  [["plaque_id", 2573]]
11:58:49 web.1  |   [1m[35mCACHE (0.0ms)[0m  SELECT  "languages".* FROM "languages"  WHERE "languages"."id" = $1 LIMIT 1  [["id", 1]]
11:58:49 web.1  |   [1m[36mPersonalRole Load (0.7ms)[0m  [1mSELECT "personal_roles".* FROM "personal_roles"  WHERE "personal_roles"."person_id" = $1[0m  [["person_id", 5843]]
11:58:49 web.1  |   [1m[35mRole Load (0.4ms)[0m  SELECT "roles".* FROM "roles" INNER JOIN "personal_roles" ON "roles"."id" = "personal_roles"."role_id" WHERE "personal_roles"."person_id" = $1  [["person_id", 5843]]
11:58:49 web.1  |   [1m[36mPlaque Load (0.4ms)[0m  [1mSELECT "plaques".* FROM "plaques" INNER JOIN "personal_connections" ON "plaques"."id" = "personal_connections"."plaque_id" WHERE "personal_connections"."person_id" = $1[0m  [["person_id", 5843]]
11:58:49 web.1  |   [1m[35mPersonalConnection Load (17.1ms)[0m  SELECT "personal_connections".* FROM "personal_connections"  WHERE "personal_connections"."plaque_id" = $1  [["plaque_id", 10109]]
11:58:49 web.1  |   [1m[36mPerson Load (0.8ms)[0m  [1mSELECT  "people".* FROM "people"  WHERE "people"."id" = $1 LIMIT 1[0m  [["id", 9471]]
11:58:49 web.1  |   [1m[35mCACHE (0.0ms)[0m  SELECT  "colours".* FROM "colours"  WHERE "colours"."id" = $1 LIMIT 1  [["id", 13]]
11:58:49 web.1  |   [1m[36mPhoto Load (6.4ms)[0m  [1mSELECT  "photos".* FROM "photos"  WHERE "photos"."plaque_id" = $1 AND "photos"."of_a_plaque" = 't'  ORDER BY shot ASC LIMIT 1[0m  [["plaque_id", 10109]]
11:58:49 web.1  |   [1m[35mPhoto Load (0.3ms)[0m  SELECT "photos".* FROM "photos"  WHERE "photos"."plaque_id" = $1 AND "photos"."of_a_plaque" = 't'  ORDER BY shot ASC  [["plaque_id", 10109]]
11:58:49 web.1  |   [1m[36mOrganisation Load (0.3ms)[0m  [1mSELECT "organisations".* FROM "organisations" INNER JOIN "sponsorships" ON "organisations"."id" = "sponsorships"."organisation_id" WHERE "sponsorships"."plaque_id" = $1[0m  [["plaque_id", 10109]]
11:58:49 web.1  |   [1m[35mCACHE (0.0ms)[0m  SELECT  "languages".* FROM "languages"  WHERE "languages"."id" = $1 LIMIT 1  [["id", 1]]
11:58:49 web.1  |   [1m[36mPersonalRole Load (0.3ms)[0m  [1mSELECT "personal_roles".* FROM "personal_roles"  WHERE "personal_roles"."person_id" = $1[0m  [["person_id", 9471]]
11:58:49 web.1  |   [1m[35mRole Load (0.7ms)[0m  SELECT  "roles".* FROM "roles"  WHERE "roles"."id" = $1 LIMIT 1  [["id", 5286]]
11:58:49 web.1  |   [1m[36mRole Load (0.3ms)[0m  [1mSELECT "roles".* FROM "roles" INNER JOIN "personal_roles" ON "roles"."id" = "personal_roles"."role_id" WHERE "personal_roles"."person_id" = $1[0m  [["person_id", 9471]]
11:58:49 web.1  |   [1m[35mPlaque Load (0.5ms)[0m  SELECT "plaques".* FROM "plaques" INNER JOIN "personal_connections" ON "plaques"."id" = "personal_connections"."plaque_id" WHERE "personal_connections"."person_id" = $1  [["person_id", 9471]]
11:58:49 web.1  |   [1m[36mPersonalConnection Load (0.3ms)[0m  [1mSELECT "personal_connections".* FROM "personal_connections"  WHERE "personal_connections"."plaque_id" = $1[0m  [["plaque_id", 8915]]
11:58:49 web.1  |   [1m[35mPerson Load (0.3ms)[0m  SELECT  "people".* FROM "people"  WHERE "people"."id" = $1 LIMIT 1  [["id", 413]]
11:58:49 web.1  |   [1m[36mCACHE (0.0ms)[0m  [1mSELECT  "colours".* FROM "colours"  WHERE "colours"."id" = $1 LIMIT 1[0m  [["id", 2]]
11:58:49 web.1  |   [1m[35mPhoto Load (0.4ms)[0m  SELECT  "photos".* FROM "photos"  WHERE "photos"."plaque_id" = $1 AND "photos"."of_a_plaque" = 't'  ORDER BY shot ASC LIMIT 1  [["plaque_id", 8915]]
11:58:49 web.1  |   [1m[36mPhoto Load (0.4ms)[0m  [1mSELECT "photos".* FROM "photos"  WHERE "photos"."plaque_id" = $1 AND "photos"."of_a_plaque" = 't'  ORDER BY shot ASC[0m  [["plaque_id", 8915]]
11:58:49 web.1  |   [1m[35mOrganisation Load (0.4ms)[0m  SELECT "organisations".* FROM "organisations" INNER JOIN "sponsorships" ON "organisations"."id" = "sponsorships"."organisation_id" WHERE "sponsorships"."plaque_id" = $1  [["plaque_id", 8915]]
11:58:49 web.1  |   [1m[36mCACHE (0.0ms)[0m  [1mSELECT  "languages".* FROM "languages"  WHERE "languages"."id" = $1 LIMIT 1[0m  [["id", 1]]
11:58:49 web.1  |   [1m[35mPersonalRole Load (21.4ms)[0m  SELECT "personal_roles".* FROM "personal_roles"  WHERE "personal_roles"."person_id" = $1  [["person_id", 413]]
11:58:49 web.1  |   [1m[36mCACHE (0.0ms)[0m  [1mSELECT  "roles".* FROM "roles"  WHERE "roles"."id" = $1 LIMIT 1[0m  [["id", 33]]
11:58:49 web.1  |   [1m[35mRole Load (0.3ms)[0m  SELECT  "roles".* FROM "roles"  WHERE "roles"."id" = $1 LIMIT 1  [["id", 19]]
11:58:49 web.1  |   [1m[36mCACHE (0.0ms)[0m  [1mSELECT  "roles".* FROM "roles"  WHERE "roles"."id" = $1 LIMIT 1[0m  [["id", 4747]]
11:58:49 web.1  |   [1m[35mCACHE (0.0ms)[0m  SELECT  "roles".* FROM "roles"  WHERE "roles"."id" = $1 LIMIT 1  [["id", 4747]]
11:58:49 web.1  |   [1m[36mCACHE (0.0ms)[0m  [1mSELECT  "roles".* FROM "roles"  WHERE "roles"."id" = $1 LIMIT 1[0m  [["id", 5013]]
11:58:49 web.1  |   [1m[35mRole Load (0.4ms)[0m  SELECT "roles".* FROM "roles" INNER JOIN "personal_roles" ON "roles"."id" = "personal_roles"."role_id" WHERE "personal_roles"."person_id" = $1  [["person_id", 413]]
11:58:49 web.1  |   [1m[36mPlaque Load (98.2ms)[0m  [1mSELECT "plaques".* FROM "plaques" INNER JOIN "personal_connections" ON "plaques"."id" = "personal_connections"."plaque_id" WHERE "personal_connections"."person_id" = $1[0m  [["person_id", 413]]
11:58:49 web.1  |   [1m[35mPersonalConnection Load (17.6ms)[0m  SELECT "personal_connections".* FROM "personal_connections"  WHERE "personal_connections"."plaque_id" = $1  [["plaque_id", 7473]]
11:58:49 web.1  |   [1m[36mPerson Load (12.9ms)[0m  [1mSELECT  "people".* FROM "people"  WHERE "people"."id" = $1 LIMIT 1[0m  [["id", 4794]]
11:58:49 web.1  |   [1m[35mPerson Load (0.4ms)[0m  SELECT  "people".* FROM "people"  WHERE "people"."id" = $1 LIMIT 1  [["id", 4795]]
11:58:49 web.1  |   [1m[36mCACHE (0.0ms)[0m  [1mSELECT  "colours".* FROM "colours"  WHERE "colours"."id" = $1 LIMIT 1[0m  [["id", 2]]
11:58:49 web.1  |   [1m[35mPhoto Load (9.8ms)[0m  SELECT  "photos".* FROM "photos"  WHERE "photos"."plaque_id" = $1 AND "photos"."of_a_plaque" = 't'  ORDER BY shot ASC LIMIT 1  [["plaque_id", 7473]]
11:58:49 web.1  |   [1m[36mPhoto Load (0.4ms)[0m  [1mSELECT "photos".* FROM "photos"  WHERE "photos"."plaque_id" = $1 AND "photos"."of_a_plaque" = 't'  ORDER BY shot ASC[0m  [["plaque_id", 7473]]
11:58:49 web.1  |   [1m[35mOrganisation Load (27.1ms)[0m  SELECT "organisations".* FROM "organisations" INNER JOIN "sponsorships" ON "organisations"."id" = "sponsorships"."organisation_id" WHERE "sponsorships"."plaque_id" = $1  [["plaque_id", 7473]]
11:58:49 web.1  |   [1m[36mCACHE (0.0ms)[0m  [1mSELECT  "languages".* FROM "languages"  WHERE "languages"."id" = $1 LIMIT 1[0m  [["id", 1]]
11:58:49 web.1  |   [1m[35mPersonalRole Load (21.9ms)[0m  SELECT "personal_roles".* FROM "personal_roles"  WHERE "personal_roles"."person_id" = $1  [["person_id", 4794]]
11:58:49 web.1  |   [1m[36mRole Load (0.4ms)[0m  [1mSELECT  "roles".* FROM "roles"  WHERE "roles"."id" = $1 LIMIT 1[0m  [["id", 4164]]
11:58:49 web.1  |   [1m[35mRole Load (16.3ms)[0m  SELECT  "roles".* FROM "roles"  WHERE "roles"."id" = $1 LIMIT 1  [["id", 4358]]
11:58:49 web.1  |   [1m[36mRole Load (0.4ms)[0m  [1mSELECT "roles".* FROM "roles" INNER JOIN "personal_roles" ON "roles"."id" = "personal_roles"."role_id" WHERE "personal_roles"."person_id" = $1[0m  [["person_id", 4794]]
11:58:49 web.1  |   [1m[35mPersonalRole Load (0.3ms)[0m  SELECT "personal_roles".* FROM "personal_roles"  WHERE "personal_roles"."person_id" = $1  [["person_id", 4795]]
11:58:49 web.1  |   [1m[36mCACHE (0.0ms)[0m  [1mSELECT  "roles".* FROM "roles"  WHERE "roles"."id" = $1 LIMIT 1[0m  [["id", 4164]]
11:58:49 web.1  |   [1m[35mCACHE (0.0ms)[0m  SELECT  "roles".* FROM "roles"  WHERE "roles"."id" = $1 LIMIT 1  [["id", 4358]]
11:58:49 web.1  |   [1m[36mRole Load (0.4ms)[0m  [1mSELECT "roles".* FROM "roles" INNER JOIN "personal_roles" ON "roles"."id" = "personal_roles"."role_id" WHERE "personal_roles"."person_id" = $1[0m  [["person_id", 4795]]
11:58:49 web.1  |   [1m[35mPlaque Load (9.6ms)[0m  SELECT "plaques".* FROM "plaques" INNER JOIN "personal_connections" ON "plaques"."id" = "personal_connections"."plaque_id" WHERE "personal_connections"."person_id" = $1  [["person_id", 4794]]
11:58:49 web.1  |   [1m[36mPlaque Load (0.4ms)[0m  [1mSELECT "plaques".* FROM "plaques" INNER JOIN "personal_connections" ON "plaques"."id" = "personal_connections"."plaque_id" WHERE "personal_connections"."person_id" = $1[0m  [["person_id", 4795]]
11:58:49 web.1  |   [1m[35mPersonalConnection Load (0.3ms)[0m  SELECT "personal_connections".* FROM "personal_connections"  WHERE "personal_connections"."plaque_id" = $1  [["plaque_id", 1072]]
11:58:49 web.1  |   [1m[36mPerson Load (0.3ms)[0m  [1mSELECT  "people".* FROM "people"  WHERE "people"."id" = $1 LIMIT 1[0m  [["id", 1921]]
11:58:49 web.1  |   [1m[35mCACHE (0.0ms)[0m  SELECT  "colours".* FROM "colours"  WHERE "colours"."id" = $1 LIMIT 1  [["id", 3]]
11:58:49 web.1  |   [1m[36mPhoto Load (16.8ms)[0m  [1mSELECT  "photos".* FROM "photos"  WHERE "photos"."plaque_id" = $1 AND "photos"."of_a_plaque" = 't'  ORDER BY shot ASC LIMIT 1[0m  [["plaque_id", 1072]]
11:58:49 web.1  |   [1m[35mPhoto Load (0.4ms)[0m  SELECT "photos".* FROM "photos"  WHERE "photos"."plaque_id" = $1 AND "photos"."of_a_plaque" = 't'  ORDER BY shot ASC  [["plaque_id", 1072]]
11:58:49 web.1  |   [1m[36mOrganisation Load (0.4ms)[0m  [1mSELECT "organisations".* FROM "organisations" INNER JOIN "sponsorships" ON "organisations"."id" = "sponsorships"."organisation_id" WHERE "sponsorships"."plaque_id" = $1[0m  [["plaque_id", 1072]]
11:58:49 web.1  |   [1m[35mCACHE (0.0ms)[0m  SELECT  "languages".* FROM "languages"  WHERE "languages"."id" = $1 LIMIT 1  [["id", 1]]
11:58:49 web.1  |   [1m[36mPersonalRole Load (0.3ms)[0m  [1mSELECT "personal_roles".* FROM "personal_roles"  WHERE "personal_roles"."person_id" = $1[0m  [["person_id", 1921]]
11:58:49 web.1  |   [1m[35mCACHE (0.0ms)[0m  SELECT  "roles".* FROM "roles"  WHERE "roles"."id" = $1 LIMIT 1  [["id", 49]]
11:58:49 web.1  |   [1m[36mRole Load (0.4ms)[0m  [1mSELECT  "roles".* FROM "roles"  WHERE "roles"."id" = $1 LIMIT 1[0m  [["id", 2634]]
11:58:49 web.1  |   [1m[35mRole Load (0.3ms)[0m  SELECT  "roles".* FROM "roles"  WHERE "roles"."id" = $1 LIMIT 1  [["id", 179]]
11:58:49 web.1  |   [1m[36mRole Load (0.4ms)[0m  [1mSELECT "roles".* FROM "roles" INNER JOIN "personal_roles" ON "roles"."id" = "personal_roles"."role_id" WHERE "personal_roles"."person_id" = $1[0m  [["person_id", 1921]]
11:58:49 web.1  |   [1m[35mPlaque Load (0.5ms)[0m  SELECT "plaques".* FROM "plaques" INNER JOIN "personal_connections" ON "plaques"."id" = "personal_connections"."plaque_id" WHERE "personal_connections"."person_id" = $1  [["person_id", 1921]]
11:58:49 web.1  |   [1m[36mPersonalConnection Load (0.5ms)[0m  [1mSELECT "personal_connections".* FROM "personal_connections"  WHERE "personal_connections"."plaque_id" = $1[0m  [["plaque_id", 1074]]
11:58:49 web.1  |   [1m[35mPerson Load (0.3ms)[0m  SELECT  "people".* FROM "people"  WHERE "people"."id" = $1 LIMIT 1  [["id", 1245]]
11:58:49 web.1  |   [1m[36mCACHE (0.0ms)[0m  [1mSELECT  "colours".* FROM "colours"  WHERE "colours"."id" = $1 LIMIT 1[0m  [["id", 6]]
11:58:49 web.1  |   [1m[35mPhoto Load (0.4ms)[0m  SELECT  "photos".* FROM "photos"  WHERE "photos"."plaque_id" = $1 AND "photos"."of_a_plaque" = 't'  ORDER BY shot ASC LIMIT 1  [["plaque_id", 1074]]
11:58:49 web.1  |   [1m[36mPhoto Load (0.4ms)[0m  [1mSELECT "photos".* FROM "photos"  WHERE "photos"."plaque_id" = $1 AND "photos"."of_a_plaque" = 't'  ORDER BY shot ASC[0m  [["plaque_id", 1074]]
11:58:49 web.1  |   [1m[35mOrganisation Load (0.4ms)[0m  SELECT "organisations".* FROM "organisations" INNER JOIN "sponsorships" ON "organisations"."id" = "sponsorships"."organisation_id" WHERE "sponsorships"."plaque_id" = $1  [["plaque_id", 1074]]
11:58:49 web.1  |   [1m[36mCACHE (0.0ms)[0m  [1mSELECT  "languages".* FROM "languages"  WHERE "languages"."id" = $1 LIMIT 1[0m  [["id", 1]]
11:58:49 web.1  |   [1m[35mPersonalRole Load (0.3ms)[0m  SELECT "personal_roles".* FROM "personal_roles"  WHERE "personal_roles"."person_id" = $1  [["person_id", 1245]]
11:58:49 web.1  |   [1m[36mRole Load (0.4ms)[0m  [1mSELECT  "roles".* FROM "roles"  WHERE "roles"."id" = $1 LIMIT 1[0m  [["id", 1625]]
11:58:49 web.1  |   [1m[35mRole Load (0.4ms)[0m  SELECT "roles".* FROM "roles" INNER JOIN "personal_roles" ON "roles"."id" = "personal_roles"."role_id" WHERE "personal_roles"."person_id" = $1  [["person_id", 1245]]
11:58:49 web.1  |   [1m[36mPlaque Load (0.5ms)[0m  [1mSELECT "plaques".* FROM "plaques" INNER JOIN "personal_connections" ON "plaques"."id" = "personal_connections"."plaque_id" WHERE "personal_connections"."person_id" = $1[0m  [["person_id", 1245]]
11:58:49 web.1  |   [1m[35mPersonalConnection Load (0.3ms)[0m  SELECT "personal_connections".* FROM "personal_connections"  WHERE "personal_connections"."plaque_id" = $1  [["plaque_id", 1256]]
11:58:49 web.1  |   [1m[36mPerson Load (0.3ms)[0m  [1mSELECT  "people".* FROM "people"  WHERE "people"."id" = $1 LIMIT 1[0m  [["id", 1949]]
11:58:49 web.1  |   [1m[35mCACHE (0.0ms)[0m  SELECT  "colours".* FROM "colours"  WHERE "colours"."id" = $1 LIMIT 1  [["id", 6]]
11:58:49 web.1  |   [1m[36mPhoto Load (0.4ms)[0m  [1mSELECT  "photos".* FROM "photos"  WHERE "photos"."plaque_id" = $1 AND "photos"."of_a_plaque" = 't'  ORDER BY shot ASC LIMIT 1[0m  [["plaque_id", 1256]]
11:58:49 web.1  |   [1m[35mPhoto Load (0.3ms)[0m  SELECT "photos".* FROM "photos"  WHERE "photos"."plaque_id" = $1 AND "photos"."of_a_plaque" = 't'  ORDER BY shot ASC  [["plaque_id", 1256]]
11:58:50 web.1  |   [1m[36mOrganisation Load (0.4ms)[0m  [1mSELECT "organisations".* FROM "organisations" INNER JOIN "sponsorships" ON "organisations"."id" = "sponsorships"."organisation_id" WHERE "sponsorships"."plaque_id" = $1[0m  [["plaque_id", 1256]]
11:58:50 web.1  |   [1m[35mCACHE (0.0ms)[0m  SELECT  "languages".* FROM "languages"  WHERE "languages"."id" = $1 LIMIT 1  [["id", 1]]
11:58:50 web.1  |   [1m[36mPersonalRole Load (0.3ms)[0m  [1mSELECT "personal_roles".* FROM "personal_roles"  WHERE "personal_roles"."person_id" = $1[0m  [["person_id", 1949]]
11:58:50 web.1  |   [1m[35mCACHE (0.0ms)[0m  SELECT  "roles".* FROM "roles"  WHERE "roles"."id" = $1 LIMIT 1  [["id", 83]]
11:58:50 web.1  |   [1m[36mRole Load (0.3ms)[0m  [1mSELECT  "roles".* FROM "roles"  WHERE "roles"."id" = $1 LIMIT 1[0m  [["id", 2858]]
11:58:50 web.1  |   [1m[35mRole Load (0.3ms)[0m  SELECT  "roles".* FROM "roles"  WHERE "roles"."id" = $1 LIMIT 1  [["id", 2886]]
11:58:50 web.1  |   [1m[36mRole Load (0.4ms)[0m  [1mSELECT "roles".* FROM "roles" INNER JOIN "personal_roles" ON "roles"."id" = "personal_roles"."role_id" WHERE "personal_roles"."person_id" = $1[0m  [["person_id", 1949]]
11:58:50 web.1  |   [1m[35mPlaque Load (0.5ms)[0m  SELECT "plaques".* FROM "plaques" INNER JOIN "personal_connections" ON "plaques"."id" = "personal_connections"."plaque_id" WHERE "personal_connections"."person_id" = $1  [["person_id", 1949]]
11:58:50 web.1  |   [1m[36mPersonalConnection Load (0.3ms)[0m  [1mSELECT "personal_connections".* FROM "personal_connections"  WHERE "personal_connections"."plaque_id" = $1[0m  [["plaque_id", 1642]]
11:58:50 web.1  |   [1m[35mPerson Load (0.3ms)[0m  SELECT  "people".* FROM "people"  WHERE "people"."id" = $1 LIMIT 1  [["id", 921]]
11:58:50 web.1  |   [1m[36mCACHE (0.0ms)[0m  [1mSELECT  "colours".* FROM "colours"  WHERE "colours"."id" = $1 LIMIT 1[0m  [["id", 2]]
11:58:50 web.1  |   [1m[35mPhoto Load (0.4ms)[0m  SELECT  "photos".* FROM "photos"  WHERE "photos"."plaque_id" = $1 AND "photos"."of_a_plaque" = 't'  ORDER BY shot ASC LIMIT 1  [["plaque_id", 1642]]
11:58:50 web.1  |   [1m[36mPhoto Load (0.4ms)[0m  [1mSELECT "photos".* FROM "photos"  WHERE "photos"."plaque_id" = $1 AND "photos"."of_a_plaque" = 't'  ORDER BY shot ASC[0m  [["plaque_id", 1642]]
11:58:50 web.1  |   [1m[35mOrganisation Load (28.2ms)[0m  SELECT "organisations".* FROM "organisations" INNER JOIN "sponsorships" ON "organisations"."id" = "sponsorships"."organisation_id" WHERE "sponsorships"."plaque_id" = $1  [["plaque_id", 1642]]
11:58:50 web.1  |   [1m[36mCACHE (0.0ms)[0m  [1mSELECT  "languages".* FROM "languages"  WHERE "languages"."id" = $1 LIMIT 1[0m  [["id", 1]]
11:58:50 web.1  |   [1m[35mPersonalRole Load (0.3ms)[0m  SELECT "personal_roles".* FROM "personal_roles"  WHERE "personal_roles"."person_id" = $1  [["person_id", 921]]
11:58:50 web.1  |   [1m[36mRole Load (0.4ms)[0m  [1mSELECT  "roles".* FROM "roles"  WHERE "roles"."id" = $1 LIMIT 1[0m  [["id", 685]]
11:58:50 web.1  |   [1m[35mRole Load (0.3ms)[0m  SELECT "roles".* FROM "roles" INNER JOIN "personal_roles" ON "roles"."id" = "personal_roles"."role_id" WHERE "personal_roles"."person_id" = $1  [["person_id", 921]]
11:58:50 web.1  |   [1m[36mPlaque Load (0.4ms)[0m  [1mSELECT "plaques".* FROM "plaques" INNER JOIN "personal_connections" ON "plaques"."id" = "personal_connections"."plaque_id" WHERE "personal_connections"."person_id" = $1[0m  [["person_id", 921]]
11:58:50 web.1  |   [1m[35mPersonalConnection Load (0.3ms)[0m  SELECT "personal_connections".* FROM "personal_connections"  WHERE "personal_connections"."plaque_id" = $1  [["plaque_id", 1868]]
11:58:50 web.1  |   [1m[36mPerson Load (15.9ms)[0m  [1mSELECT  "people".* FROM "people"  WHERE "people"."id" = $1 LIMIT 1[0m  [["id", 81]]
11:58:50 web.1  |   [1m[35mCACHE (0.0ms)[0m  SELECT  "colours".* FROM "colours"  WHERE "colours"."id" = $1 LIMIT 1  [["id", 8]]
11:58:50 web.1  |   [1m[36mPhoto Load (9.6ms)[0m  [1mSELECT  "photos".* FROM "photos"  WHERE "photos"."plaque_id" = $1 AND "photos"."of_a_plaque" = 't'  ORDER BY shot ASC LIMIT 1[0m  [["plaque_id", 1868]]
11:58:50 web.1  |   [1m[35mPhoto Load (0.4ms)[0m  SELECT "photos".* FROM "photos"  WHERE "photos"."plaque_id" = $1 AND "photos"."of_a_plaque" = 't'  ORDER BY shot ASC  [["plaque_id", 1868]]
11:58:50 web.1  |   [1m[36mOrganisation Load (0.3ms)[0m  [1mSELECT "organisations".* FROM "organisations" INNER JOIN "sponsorships" ON "organisations"."id" = "sponsorships"."organisation_id" WHERE "sponsorships"."plaque_id" = $1[0m  [["plaque_id", 1868]]
11:58:50 web.1  |   [1m[35mCACHE (0.0ms)[0m  SELECT  "languages".* FROM "languages"  WHERE "languages"."id" = $1 LIMIT 1  [["id", 1]]
11:58:50 web.1  |   [1m[36mPersonalRole Load (0.3ms)[0m  [1mSELECT "personal_roles".* FROM "personal_roles"  WHERE "personal_roles"."person_id" = $1[0m  [["person_id", 81]]
11:58:50 web.1  |   [1m[35mRole Load (0.3ms)[0m  SELECT  "roles".* FROM "roles"  WHERE "roles"."id" = $1 LIMIT 1  [["id", 75]]
11:58:50 web.1  |   [1m[36mRole Load (0.3ms)[0m  [1mSELECT  "roles".* FROM "roles"  WHERE "roles"."id" = $1 LIMIT 1[0m  [["id", 462]]
11:58:50 web.1  |   [1m[35mRole Load (0.3ms)[0m  SELECT  "roles".* FROM "roles"  WHERE "roles"."id" = $1 LIMIT 1  [["id", 463]]
11:58:50 web.1  |   [1m[36mCACHE (0.0ms)[0m  [1mSELECT  "roles".* FROM "roles"  WHERE "roles"."id" = $1 LIMIT 1[0m  [["id", 1413]]
11:58:50 web.1  |   [1m[35mRole Load (0.4ms)[0m  SELECT "roles".* FROM "roles" INNER JOIN "personal_roles" ON "roles"."id" = "personal_roles"."role_id" WHERE "personal_roles"."person_id" = $1  [["person_id", 81]]
11:58:50 web.1  |   [1m[36mPlaque Load (7.4ms)[0m  [1mSELECT "plaques".* FROM "plaques" INNER JOIN "personal_connections" ON "plaques"."id" = "personal_connections"."plaque_id" WHERE "personal_connections"."person_id" = $1[0m  [["person_id", 81]]
11:58:50 web.1  |   [1m[35mPersonalConnection Load (0.3ms)[0m  SELECT "personal_connections".* FROM "personal_connections"  WHERE "personal_connections"."plaque_id" = $1  [["plaque_id", 1041]]
11:58:50 web.1  |   [1m[36mPerson Load (0.3ms)[0m  [1mSELECT  "people".* FROM "people"  WHERE "people"."id" = $1 LIMIT 1[0m  [["id", 1285]]
11:58:50 web.1  |   [1m[35mCACHE (0.0ms)[0m  SELECT  "colours".* FROM "colours"  WHERE "colours"."id" = $1 LIMIT 1  [["id", 6]]
11:58:50 web.1  |   [1m[36mPhoto Load (0.4ms)[0m  [1mSELECT  "photos".* FROM "photos"  WHERE "photos"."plaque_id" = $1 AND "photos"."of_a_plaque" = 't'  ORDER BY shot ASC LIMIT 1[0m  [["plaque_id", 1041]]
11:58:50 web.1  |   [1m[35mPhoto Load (0.3ms)[0m  SELECT "photos".* FROM "photos"  WHERE "photos"."plaque_id" = $1 AND "photos"."of_a_plaque" = 't'  ORDER BY shot ASC  [["plaque_id", 1041]]
11:58:50 web.1  |   [1m[36mOrganisation Load (0.4ms)[0m  [1mSELECT "organisations".* FROM "organisations" INNER JOIN "sponsorships" ON "organisations"."id" = "sponsorships"."organisation_id" WHERE "sponsorships"."plaque_id" = $1[0m  [["plaque_id", 1041]]
11:58:50 web.1  |   [1m[35mCACHE (0.0ms)[0m  SELECT  "languages".* FROM "languages"  WHERE "languages"."id" = $1 LIMIT 1  [["id", 1]]
11:58:50 web.1  |   [1m[36mPersonalRole Load (0.3ms)[0m  [1mSELECT "personal_roles".* FROM "personal_roles"  WHERE "personal_roles"."person_id" = $1[0m  [["person_id", 1285]]
11:58:50 web.1  |   [1m[35mCACHE (0.0ms)[0m  SELECT  "roles".* FROM "roles"  WHERE "roles"."id" = $1 LIMIT 1  [["id", 49]]
11:58:50 web.1  |   [1m[36mRole Load (0.3ms)[0m  [1mSELECT  "roles".* FROM "roles"  WHERE "roles"."id" = $1 LIMIT 1[0m  [["id", 217]]
11:58:50 web.1  |   [1m[35mRole Load (4.4ms)[0m  SELECT  "roles".* FROM "roles"  WHERE "roles"."id" = $1 LIMIT 1  [["id", 3812]]
11:58:50 web.1  |   [1m[36mRole Load (0.4ms)[0m  [1mSELECT "roles".* FROM "roles" INNER JOIN "personal_roles" ON "roles"."id" = "personal_roles"."role_id" WHERE "personal_roles"."person_id" = $1[0m  [["person_id", 1285]]
11:58:50 web.1  |   [1m[35mPlaque Load (0.4ms)[0m  SELECT "plaques".* FROM "plaques" INNER JOIN "personal_connections" ON "plaques"."id" = "personal_connections"."plaque_id" WHERE "personal_connections"."person_id" = $1  [["person_id", 1285]]
11:58:50 web.1  | Completed 200 OK in 12863ms (Views: 135.2ms | ActiveRecord: 3713.8ms)
11:58:50 web.1  | Oink Action: area_plaques#show
11:58:50 web.1  | Memory usage: 2642860 | PID: 40432
11:58:50 web.1  | Instantiation Breakdown: Total: 1778 | Role: 424 | Plaque: 402 | PersonalRole: 217 | Photo: 215 | PersonalConnection: 118 | Person: 118 | Language: 107 | Colour: 103 | Organisation: 72 | Area: 1 | Country: 1
11:58:50 web.1  | Oink Log Entry Complete
11:58:51 web.1  | [40432] 127.0.0.1 - - [16/May/2015 11:58:51] "GET /places/gb/areas/brighton/plaques.json HTTP/1.1" 200 - 13.9607
11:59:49 web.1  | Started GET "/places/gb/areas/brighton/plaques.json" for 127.0.0.1 at 2015-05-16 11:59:49 +0100
11:59:50 web.1  | Processing by AreaPlaquesController#show as JSON
11:59:50 web.1  |   Parameters: {"country_id"=>"gb", "area_id"=>"brighton"}
11:59:50 web.1  | USERAGENT: /places/gb/areas/brighton/plaques.json Mozilla/5.0 (Macintosh; Intel Mac OS X 10_10_3) AppleWebKit/537.36 (KHTML, like Gecko) Chrome/42.0.2311.135 Safari/537.36
11:59:50 web.1  |   [1m[36mCountry Load (0.6ms)[0m  [1mSELECT  "countries".* FROM "countries"  WHERE "countries"."alpha2" = 'gb' LIMIT 1[0m
11:59:51 web.1  |   [1m[35mArea Load (0.5ms)[0m  SELECT  "areas".* FROM "areas"  WHERE "areas"."country_id" = $1 AND "areas"."slug" = 'brighton'  ORDER BY name ASC LIMIT 1  [["country_id", 1]]
11:59:51 web.1  |   [1m[36mPlaque Load (2.0ms)[0m  [1mSELECT "plaques".* FROM "plaques"  WHERE "plaques"."area_id" = $1[0m  [["area_id", 6]]
11:59:51 web.1  | Completed 200 OK in 459ms (Views: 234.0ms | ActiveRecord: 12.1ms)
11:59:51 web.1  | Oink Action: area_plaques#show
11:59:51 web.1  | Memory usage: 2642860 | PID: 40432
11:59:51 web.1  | Instantiation Breakdown: Total: 109 | Plaque: 107 | Area: 1 | Country: 1
11:59:51 web.1  | Oink Log Entry Complete
11:59:51 web.1  | [40432] 127.0.0.1 - - [16/May/2015 11:59:51] "GET /places/gb/areas/brighton/plaques.json HTTP/1.1" 200 - 1.5973
12:00:05 web.1  | Started GET "/places/gb/areas/brighton/plaques.json" for 127.0.0.1 at 2015-05-16 12:00:05 +0100
12:00:05 web.1  | Processing by AreaPlaquesController#show as JSON
12:00:05 web.1  |   Parameters: {"country_id"=>"gb", "area_id"=>"brighton"}
12:00:05 web.1  | USERAGENT: /places/gb/areas/brighton/plaques.json Mozilla/5.0 (Macintosh; Intel Mac OS X 10_10_3) AppleWebKit/537.36 (KHTML, like Gecko) Chrome/42.0.2311.135 Safari/537.36
12:00:05 web.1  |   [1m[35mCountry Load (0.5ms)[0m  SELECT  "countries".* FROM "countries"  WHERE "countries"."alpha2" = 'gb' LIMIT 1
12:00:06 web.1  |   [1m[36mArea Load (0.4ms)[0m  [1mSELECT  "areas".* FROM "areas"  WHERE "areas"."country_id" = $1 AND "areas"."slug" = 'brighton'  ORDER BY name ASC LIMIT 1[0m  [["country_id", 1]]
12:00:06 web.1  |   [1m[35mPlaque Load (1.6ms)[0m  SELECT "plaques".* FROM "plaques"  WHERE "plaques"."area_id" = $1  [["area_id", 6]]
12:00:06 web.1  |   [1m[36mPersonalConnection Load (0.3ms)[0m  [1mSELECT "personal_connections".* FROM "personal_connections"  WHERE "personal_connections"."plaque_id" = $1[0m  [["plaque_id", 31624]]
12:00:06 web.1  |   [1m[35mColour Load (0.3ms)[0m  SELECT  "colours".* FROM "colours"  WHERE "colours"."id" = $1 LIMIT 1  [["id", 0]]
12:00:06 web.1  |   [1m[36mPhoto Load (0.4ms)[0m  [1mSELECT  "photos".* FROM "photos"  WHERE "photos"."plaque_id" = $1 AND "photos"."of_a_plaque" = 't'  ORDER BY shot ASC LIMIT 1[0m  [["plaque_id", 31624]]
12:00:06 web.1  |   [1m[35mPhoto Load (0.3ms)[0m  SELECT "photos".* FROM "photos"  WHERE "photos"."plaque_id" = $1 AND "photos"."of_a_plaque" = 't'  ORDER BY shot ASC  [["plaque_id", 31624]]
12:00:06 web.1  |   [1m[36mOrganisation Load (0.3ms)[0m  [1mSELECT "organisations".* FROM "organisations" INNER JOIN "sponsorships" ON "organisations"."id" = "sponsorships"."organisation_id" WHERE "sponsorships"."plaque_id" = $1[0m  [["plaque_id", 31624]]
12:00:06 web.1  |   [1m[35mLanguage Load (0.5ms)[0m  SELECT  "languages".* FROM "languages"  WHERE "languages"."id" = $1 LIMIT 1  [["id", 1]]
12:00:06 web.1  |   [1m[36mPersonalConnection Load (0.3ms)[0m  [1mSELECT "personal_connections".* FROM "personal_connections"  WHERE "personal_connections"."plaque_id" = $1[0m  [["plaque_id", 31625]]
12:00:06 web.1  |   [1m[35mCACHE (0.0ms)[0m  SELECT  "colours".* FROM "colours"  WHERE "colours"."id" = $1 LIMIT 1  [["id", 0]]
12:00:06 web.1  |   [1m[36mPhoto Load (0.4ms)[0m  [1mSELECT  "photos".* FROM "photos"  WHERE "photos"."plaque_id" = $1 AND "photos"."of_a_plaque" = 't'  ORDER BY shot ASC LIMIT 1[0m  [["plaque_id", 31625]]
12:00:06 web.1  |   [1m[35mPhoto Load (0.3ms)[0m  SELECT "photos".* FROM "photos"  WHERE "photos"."plaque_id" = $1 AND "photos"."of_a_plaque" = 't'  ORDER BY shot ASC  [["plaque_id", 31625]]
12:00:06 web.1  |   [1m[36mOrganisation Load (0.3ms)[0m  [1mSELECT "organisations".* FROM "organisations" INNER JOIN "sponsorships" ON "organisations"."id" = "sponsorships"."organisation_id" WHERE "sponsorships"."plaque_id" = $1[0m  [["plaque_id", 31625]]
12:00:06 web.1  |   [1m[35mCACHE (0.0ms)[0m  SELECT  "languages".* FROM "languages"  WHERE "languages"."id" = $1 LIMIT 1  [["id", 1]]
12:00:06 web.1  |   [1m[36mPersonalConnection Load (0.3ms)[0m  [1mSELECT "personal_connections".* FROM "personal_connections"  WHERE "personal_connections"."plaque_id" = $1[0m  [["plaque_id", 1063]]
12:00:06 web.1  |   [1m[35mPerson Load (0.4ms)[0m  SELECT  "people".* FROM "people"  WHERE "people"."id" = $1 LIMIT 1  [["id", 4450]]
12:00:06 web.1  |   [1m[36mColour Load (0.3ms)[0m  [1mSELECT  "colours".* FROM "colours"  WHERE "colours"."id" = $1 LIMIT 1[0m  [["id", 6]]
12:00:06 web.1  |   [1m[35mPhoto Load (0.4ms)[0m  SELECT  "photos".* FROM "photos"  WHERE "photos"."plaque_id" = $1 AND "photos"."of_a_plaque" = 't'  ORDER BY shot ASC LIMIT 1  [["plaque_id", 1063]]
12:00:06 web.1  |   [1m[36mPhoto Load (0.4ms)[0m  [1mSELECT "photos".* FROM "photos"  WHERE "photos"."plaque_id" = $1 AND "photos"."of_a_plaque" = 't'  ORDER BY shot ASC[0m  [["plaque_id", 1063]]
12:00:06 web.1  |   [1m[35mOrganisation Load (0.3ms)[0m  SELECT "organisations".* FROM "organisations" INNER JOIN "sponsorships" ON "organisations"."id" = "sponsorships"."organisation_id" WHERE "sponsorships"."plaque_id" = $1  [["plaque_id", 1063]]
12:00:06 web.1  |   [1m[36mCACHE (0.0ms)[0m  [1mSELECT  "languages".* FROM "languages"  WHERE "languages"."id" = $1 LIMIT 1[0m  [["id", 1]]
12:00:06 web.1  |   [1m[35mPersonalRole Load (0.3ms)[0m  SELECT "personal_roles".* FROM "personal_roles"  WHERE "personal_roles"."person_id" = $1  [["person_id", 4450]]
12:00:06 web.1  |   [1m[36mRole Load (0.3ms)[0m  [1mSELECT  "roles".* FROM "roles"  WHERE "roles"."id" = $1 LIMIT 1[0m  [["id", 57]]
12:00:06 web.1  |   [1m[35mRole Load (0.3ms)[0m  SELECT "roles".* FROM "roles" INNER JOIN "personal_roles" ON "roles"."id" = "personal_roles"."role_id" WHERE "personal_roles"."person_id" = $1  [["person_id", 4450]]
12:00:06 web.1  |   [1m[36mPlaque Load (2.1ms)[0m  [1mSELECT "plaques".* FROM "plaques" INNER JOIN "personal_connections" ON "plaques"."id" = "personal_connections"."plaque_id" WHERE "personal_connections"."person_id" = $1[0m  [["person_id", 4450]]
12:00:06 web.1  |   [1m[35mPersonalConnection Load (0.3ms)[0m  SELECT "personal_connections".* FROM "personal_connections"  WHERE "personal_connections"."plaque_id" = $1  [["plaque_id", 1067]]
12:00:06 web.1  |   [1m[36mPerson Load (0.4ms)[0m  [1mSELECT  "people".* FROM "people"  WHERE "people"."id" = $1 LIMIT 1[0m  [["id", 869]]
12:00:06 web.1  |   [1m[35mCACHE (0.0ms)[0m  SELECT  "colours".* FROM "colours"  WHERE "colours"."id" = $1 LIMIT 1  [["id", 6]]
12:00:06 web.1  |   [1m[36mPhoto Load (0.3ms)[0m  [1mSELECT  "photos".* FROM "photos"  WHERE "photos"."plaque_id" = $1 AND "photos"."of_a_plaque" = 't'  ORDER BY shot ASC LIMIT 1[0m  [["plaque_id", 1067]]
12:00:06 web.1  |   [1m[35mPhoto Load (0.4ms)[0m  SELECT "photos".* FROM "photos"  WHERE "photos"."plaque_id" = $1 AND "photos"."of_a_plaque" = 't'  ORDER BY shot ASC  [["plaque_id", 1067]]
12:00:06 web.1  |   [1m[36mOrganisation Load (0.4ms)[0m  [1mSELECT "organisations".* FROM "organisations" INNER JOIN "sponsorships" ON "organisations"."id" = "sponsorships"."organisation_id" WHERE "sponsorships"."plaque_id" = $1[0m  [["plaque_id", 1067]]
12:00:06 web.1  |   [1m[35mCACHE (0.0ms)[0m  SELECT  "languages".* FROM "languages"  WHERE "languages"."id" = $1 LIMIT 1  [["id", 1]]
12:00:06 web.1  |   [1m[36mPersonalRole Load (0.3ms)[0m  [1mSELECT "personal_roles".* FROM "personal_roles"  WHERE "personal_roles"."person_id" = $1[0m  [["person_id", 869]]
12:00:06 web.1  |   [1m[35mCACHE (0.0ms)[0m  SELECT  "roles".* FROM "roles"  WHERE "roles"."id" = $1 LIMIT 1  [["id", 57]]
12:00:06 web.1  |   [1m[36mRole Load (0.3ms)[0m  [1mSELECT  "roles".* FROM "roles"  WHERE "roles"."id" = $1 LIMIT 1[0m  [["id", 28]]
12:00:06 web.1  |   [1m[35mRole Load (0.3ms)[0m  SELECT  "roles".* FROM "roles"  WHERE "roles"."id" = $1 LIMIT 1  [["id", 1413]]
12:00:06 web.1  |   [1m[36mRole Load (0.4ms)[0m  [1mSELECT "roles".* FROM "roles" INNER JOIN "personal_roles" ON "roles"."id" = "personal_roles"."role_id" WHERE "personal_roles"."person_id" = $1[0m  [["person_id", 869]]
12:00:06 web.1  |   [1m[35mPlaque Load (0.4ms)[0m  SELECT "plaques".* FROM "plaques" INNER JOIN "personal_connections" ON "plaques"."id" = "personal_connections"."plaque_id" WHERE "personal_connections"."person_id" = $1  [["person_id", 869]]
12:00:06 web.1  |   [1m[36mPersonalConnection Load (0.3ms)[0m  [1mSELECT "personal_connections".* FROM "personal_connections"  WHERE "personal_connections"."plaque_id" = $1[0m  [["plaque_id", 1068]]
12:00:06 web.1  |   [1m[35mPerson Load (0.7ms)[0m  SELECT  "people".* FROM "people"  WHERE "people"."id" = $1 LIMIT 1  [["id", 854]]
12:00:06 web.1  |   [1m[36mColour Load (0.3ms)[0m  [1mSELECT  "colours".* FROM "colours"  WHERE "colours"."id" = $1 LIMIT 1[0m  [["id", 2]]
12:00:06 web.1  |   [1m[35mPhoto Load (0.4ms)[0m  SELECT  "photos".* FROM "photos"  WHERE "photos"."plaque_id" = $1 AND "photos"."of_a_plaque" = 't'  ORDER BY shot ASC LIMIT 1  [["plaque_id", 1068]]
12:00:06 web.1  |   [1m[36mPhoto Load (0.3ms)[0m  [1mSELECT "photos".* FROM "photos"  WHERE "photos"."plaque_id" = $1 AND "photos"."of_a_plaque" = 't'  ORDER BY shot ASC[0m  [["plaque_id", 1068]]
12:00:06 web.1  |   [1m[35mOrganisation Load (0.4ms)[0m  SELECT "organisations".* FROM "organisations" INNER JOIN "sponsorships" ON "organisations"."id" = "sponsorships"."organisation_id" WHERE "sponsorships"."plaque_id" = $1  [["plaque_id", 1068]]
12:00:06 web.1  |   [1m[36mCACHE (0.0ms)[0m  [1mSELECT  "languages".* FROM "languages"  WHERE "languages"."id" = $1 LIMIT 1[0m  [["id", 1]]
12:00:06 web.1  |   [1m[35mPersonalRole Load (0.3ms)[0m  SELECT "personal_roles".* FROM "personal_roles"  WHERE "personal_roles"."person_id" = $1  [["person_id", 854]]
12:00:06 web.1  |   [1m[36mRole Load (0.3ms)[0m  [1mSELECT  "roles".* FROM "roles"  WHERE "roles"."id" = $1 LIMIT 1[0m  [["id", 610]]
12:00:06 web.1  |   [1m[35mRole Load (0.3ms)[0m  SELECT  "roles".* FROM "roles"  WHERE "roles"."id" = $1 LIMIT 1  [["id", 1093]]
12:00:06 web.1  |   [1m[36mRole Load (0.4ms)[0m  [1mSELECT "roles".* FROM "roles" INNER JOIN "personal_roles" ON "roles"."id" = "personal_roles"."role_id" WHERE "personal_roles"."person_id" = $1[0m  [["person_id", 854]]
12:00:06 web.1  |   [1m[35mPlaque Load (0.4ms)[0m  SELECT "plaques".* FROM "plaques" INNER JOIN "personal_connections" ON "plaques"."id" = "personal_connections"."plaque_id" WHERE "personal_connections"."person_id" = $1  [["person_id", 854]]
12:00:06 web.1  |   [1m[36mPersonalConnection Load (0.3ms)[0m  [1mSELECT "personal_connections".* FROM "personal_connections"  WHERE "personal_connections"."plaque_id" = $1[0m  [["plaque_id", 1056]]
12:00:06 web.1  |   [1m[35mPerson Load (0.3ms)[0m  SELECT  "people".* FROM "people"  WHERE "people"."id" = $1 LIMIT 1  [["id", 228]]
12:00:06 web.1  |   [1m[36mCACHE (0.0ms)[0m  [1mSELECT  "colours".* FROM "colours"  WHERE "colours"."id" = $1 LIMIT 1[0m  [["id", 2]]
12:00:06 web.1  |   [1m[35mPhoto Load (0.4ms)[0m  SELECT  "photos".* FROM "photos"  WHERE "photos"."plaque_id" = $1 AND "photos"."of_a_plaque" = 't'  ORDER BY shot ASC LIMIT 1  [["plaque_id", 1056]]
12:00:06 web.1  |   [1m[36mPhoto Load (0.4ms)[0m  [1mSELECT "photos".* FROM "photos"  WHERE "photos"."plaque_id" = $1 AND "photos"."of_a_plaque" = 't'  ORDER BY shot ASC[0m  [["plaque_id", 1056]]
12:00:06 web.1  |   [1m[35mOrganisation Load (0.3ms)[0m  SELECT "organisations".* FROM "organisations" INNER JOIN "sponsorships" ON "organisations"."id" = "sponsorships"."organisation_id" WHERE "sponsorships"."plaque_id" = $1  [["plaque_id", 1056]]
12:00:06 web.1  |   [1m[36mCACHE (0.0ms)[0m  [1mSELECT  "languages".* FROM "languages"  WHERE "languages"."id" = $1 LIMIT 1[0m  [["id", 1]]
12:00:06 web.1  |   [1m[35mPersonalRole Load (0.3ms)[0m  SELECT "personal_roles".* FROM "personal_roles"  WHERE "personal_roles"."person_id" = $1  [["person_id", 228]]
12:00:06 web.1  |   [1m[36mRole Load (0.3ms)[0m  [1mSELECT  "roles".* FROM "roles"  WHERE "roles"."id" = $1 LIMIT 1[0m  [["id", 151]]
12:00:06 web.1  |   [1m[35mRole Load (0.3ms)[0m  SELECT  "roles".* FROM "roles"  WHERE "roles"."id" = $1 LIMIT 1  [["id", 1681]]
12:00:06 web.1  |   [1m[36mRole Load (0.4ms)[0m  [1mSELECT "roles".* FROM "roles" INNER JOIN "personal_roles" ON "roles"."id" = "personal_roles"."role_id" WHERE "personal_roles"."person_id" = $1[0m  [["person_id", 228]]
12:00:07 web.1  |   [1m[35mPlaque Load (0.4ms)[0m  SELECT "plaques".* FROM "plaques" INNER JOIN "personal_connections" ON "plaques"."id" = "personal_connections"."plaque_id" WHERE "personal_connections"."person_id" = $1  [["person_id", 228]]
12:00:07 web.1  |   [1m[36mPersonalConnection Load (0.5ms)[0m  [1mSELECT "personal_connections".* FROM "personal_connections"  WHERE "personal_connections"."plaque_id" = $1[0m  [["plaque_id", 1077]]
12:00:07 web.1  |   [1m[35mPerson Load (0.3ms)[0m  SELECT  "people".* FROM "people"  WHERE "people"."id" = $1 LIMIT 1  [["id", 867]]
12:00:07 web.1  |   [1m[36mCACHE (0.0ms)[0m  [1mSELECT  "people".* FROM "people"  WHERE "people"."id" = $1 LIMIT 1[0m  [["id", 867]]
12:00:07 web.1  |   [1m[35mCACHE (0.0ms)[0m  SELECT  "colours".* FROM "colours"  WHERE "colours"."id" = $1 LIMIT 1  [["id", 6]]
12:00:07 web.1  |   [1m[36mPhoto Load (0.4ms)[0m  [1mSELECT  "photos".* FROM "photos"  WHERE "photos"."plaque_id" = $1 AND "photos"."of_a_plaque" = 't'  ORDER BY shot ASC LIMIT 1[0m  [["plaque_id", 1077]]
12:00:07 web.1  |   [1m[35mPhoto Load (0.3ms)[0m  SELECT "photos".* FROM "photos"  WHERE "photos"."plaque_id" = $1 AND "photos"."of_a_plaque" = 't'  ORDER BY shot ASC  [["plaque_id", 1077]]
12:00:07 web.1  |   [1m[36mOrganisation Load (0.4ms)[0m  [1mSELECT "organisations".* FROM "organisations" INNER JOIN "sponsorships" ON "organisations"."id" = "sponsorships"."organisation_id" WHERE "sponsorships"."plaque_id" = $1[0m  [["plaque_id", 1077]]
12:00:07 web.1  |   [1m[35mCACHE (0.0ms)[0m  SELECT  "languages".* FROM "languages"  WHERE "languages"."id" = $1 LIMIT 1  [["id", 1]]
12:00:07 web.1  |   [1m[36mPersonalRole Load (0.3ms)[0m  [1mSELECT "personal_roles".* FROM "personal_roles"  WHERE "personal_roles"."person_id" = $1[0m  [["person_id", 867]]
12:00:07 web.1  |   [1m[35mRole Load (0.3ms)[0m  SELECT  "roles".* FROM "roles"  WHERE "roles"."id" = $1 LIMIT 1  [["id", 629]]
12:00:07 web.1  |   [1m[36mRole Load (0.3ms)[0m  [1mSELECT "roles".* FROM "roles" INNER JOIN "personal_roles" ON "roles"."id" = "personal_roles"."role_id" WHERE "personal_roles"."person_id" = $1[0m  [["person_id", 867]]
12:00:07 web.1  |   [1m[35mPlaque Load (0.4ms)[0m  SELECT "plaques".* FROM "plaques" INNER JOIN "personal_connections" ON "plaques"."id" = "personal_connections"."plaque_id" WHERE "personal_connections"."person_id" = $1  [["person_id", 867]]
12:00:07 web.1  |   [1m[36mPersonalConnection Load (0.3ms)[0m  [1mSELECT "personal_connections".* FROM "personal_connections"  WHERE "personal_connections"."plaque_id" = $1[0m  [["plaque_id", 1257]]
12:00:07 web.1  |   [1m[35mPerson Load (0.3ms)[0m  SELECT  "people".* FROM "people"  WHERE "people"."id" = $1 LIMIT 1  [["id", 5636]]
12:00:07 web.1  |   [1m[36mPerson Load (0.3ms)[0m  [1mSELECT  "people".* FROM "people"  WHERE "people"."id" = $1 LIMIT 1[0m  [["id", 5637]]
12:00:07 web.1  |   [1m[35mCACHE (0.0ms)[0m  SELECT  "colours".* FROM "colours"  WHERE "colours"."id" = $1 LIMIT 1  [["id", 6]]
12:00:07 web.1  |   [1m[36mPhoto Load (0.4ms)[0m  [1mSELECT  "photos".* FROM "photos"  WHERE "photos"."plaque_id" = $1 AND "photos"."of_a_plaque" = 't'  ORDER BY shot ASC LIMIT 1[0m  [["plaque_id", 1257]]
12:00:07 web.1  |   [1m[35mPhoto Load (0.4ms)[0m  SELECT "photos".* FROM "photos"  WHERE "photos"."plaque_id" = $1 AND "photos"."of_a_plaque" = 't'  ORDER BY shot ASC  [["plaque_id", 1257]]
12:00:07 web.1  |   [1m[36mOrganisation Load (0.4ms)[0m  [1mSELECT "organisations".* FROM "organisations" INNER JOIN "sponsorships" ON "organisations"."id" = "sponsorships"."organisation_id" WHERE "sponsorships"."plaque_id" = $1[0m  [["plaque_id", 1257]]
12:00:07 web.1  |   [1m[35mCACHE (0.0ms)[0m  SELECT  "languages".* FROM "languages"  WHERE "languages"."id" = $1 LIMIT 1  [["id", 1]]
12:00:07 web.1  |   [1m[36mPersonalRole Load (0.3ms)[0m  [1mSELECT "personal_roles".* FROM "personal_roles"  WHERE "personal_roles"."person_id" = $1[0m  [["person_id", 5636]]
12:00:07 web.1  |   [1m[35mRole Load (0.3ms)[0m  SELECT  "roles".* FROM "roles"  WHERE "roles"."id" = $1 LIMIT 1  [["id", 3894]]
12:00:07 web.1  |   [1m[36mRole Load (0.3ms)[0m  [1mSELECT  "roles".* FROM "roles"  WHERE "roles"."id" = $1 LIMIT 1[0m  [["id", 4677]]
12:00:07 web.1  |   [1m[35mRole Load (0.4ms)[0m  SELECT "roles".* FROM "roles" INNER JOIN "personal_roles" ON "roles"."id" = "personal_roles"."role_id" WHERE "personal_roles"."person_id" = $1  [["person_id", 5636]]
12:00:07 web.1  |   [1m[36mPersonalRole Load (0.3ms)[0m  [1mSELECT "personal_roles".* FROM "personal_roles"  WHERE "personal_roles"."person_id" = $1[0m  [["person_id", 5637]]
12:00:07 web.1  |   [1m[35mRole Load (0.3ms)[0m  SELECT  "roles".* FROM "roles"  WHERE "roles"."id" = $1 LIMIT 1  [["id", 4678]]
12:00:07 web.1  |   [1m[36mRole Load (0.4ms)[0m  [1mSELECT "roles".* FROM "roles" INNER JOIN "personal_roles" ON "roles"."id" = "personal_roles"."role_id" WHERE "personal_roles"."person_id" = $1[0m  [["person_id", 5637]]
12:00:07 web.1  |   [1m[35mPlaque Load (0.4ms)[0m  SELECT "plaques".* FROM "plaques" INNER JOIN "personal_connections" ON "plaques"."id" = "personal_connections"."plaque_id" WHERE "personal_connections"."person_id" = $1  [["person_id", 5636]]
12:00:07 web.1  |   [1m[36mPlaque Load (0.4ms)[0m  [1mSELECT "plaques".* FROM "plaques" INNER JOIN "personal_connections" ON "plaques"."id" = "personal_connections"."plaque_id" WHERE "personal_connections"."person_id" = $1[0m  [["person_id", 5637]]
12:00:07 web.1  |   [1m[35mPersonalConnection Load (0.3ms)[0m  SELECT "personal_connections".* FROM "personal_connections"  WHERE "personal_connections"."plaque_id" = $1  [["plaque_id", 12887]]
12:00:07 web.1  |   [1m[36mColour Load (0.3ms)[0m  [1mSELECT  "colours".* FROM "colours"  WHERE "colours"."id" = $1 LIMIT 1[0m  [["id", 13]]
12:00:07 web.1  |   [1m[35mPhoto Load (0.3ms)[0m  SELECT  "photos".* FROM "photos"  WHERE "photos"."plaque_id" = $1 AND "photos"."of_a_plaque" = 't'  ORDER BY shot ASC LIMIT 1  [["plaque_id", 12887]]
12:00:07 web.1  |   [1m[36mPhoto Load (0.3ms)[0m  [1mSELECT "photos".* FROM "photos"  WHERE "photos"."plaque_id" = $1 AND "photos"."of_a_plaque" = 't'  ORDER BY shot ASC[0m  [["plaque_id", 12887]]
12:00:07 web.1  |   [1m[35mOrganisation Load (0.3ms)[0m  SELECT "organisations".* FROM "organisations" INNER JOIN "sponsorships" ON "organisations"."id" = "sponsorships"."organisation_id" WHERE "sponsorships"."plaque_id" = $1  [["plaque_id", 12887]]
12:00:07 web.1  |   [1m[36mCACHE (0.0ms)[0m  [1mSELECT  "languages".* FROM "languages"  WHERE "languages"."id" = $1 LIMIT 1[0m  [["id", 1]]
12:00:07 web.1  |   [1m[35mPersonalConnection Load (0.3ms)[0m  SELECT "personal_connections".* FROM "personal_connections"  WHERE "personal_connections"."plaque_id" = $1  [["plaque_id", 1052]]
12:00:07 web.1  |   [1m[36mPerson Load (0.3ms)[0m  [1mSELECT  "people".* FROM "people"  WHERE "people"."id" = $1 LIMIT 1[0m  [["id", 16]]
12:00:07 web.1  |   [1m[35mCACHE (0.0ms)[0m  SELECT  "colours".* FROM "colours"  WHERE "colours"."id" = $1 LIMIT 1  [["id", 6]]
12:00:07 web.1  |   [1m[36mPhoto Load (0.3ms)[0m  [1mSELECT  "photos".* FROM "photos"  WHERE "photos"."plaque_id" = $1 AND "photos"."of_a_plaque" = 't'  ORDER BY shot ASC LIMIT 1[0m  [["plaque_id", 1052]]
12:00:07 web.1  |   [1m[35mPhoto Load (0.3ms)[0m  SELECT "photos".* FROM "photos"  WHERE "photos"."plaque_id" = $1 AND "photos"."of_a_plaque" = 't'  ORDER BY shot ASC  [["plaque_id", 1052]]
12:00:07 web.1  |   [1m[36mOrganisation Load (0.3ms)[0m  [1mSELECT "organisations".* FROM "organisations" INNER JOIN "sponsorships" ON "organisations"."id" = "sponsorships"."organisation_id" WHERE "sponsorships"."plaque_id" = $1[0m  [["plaque_id", 1052]]
12:00:07 web.1  |   [1m[35mCACHE (0.1ms)[0m  SELECT  "languages".* FROM "languages"  WHERE "languages"."id" = $1 LIMIT 1  [["id", 1]]
12:00:07 web.1  |   [1m[36mPersonalRole Load (0.4ms)[0m  [1mSELECT "personal_roles".* FROM "personal_roles"  WHERE "personal_roles"."person_id" = $1[0m  [["person_id", 16]]
12:00:07 web.1  |   [1m[35mRole Load (0.4ms)[0m  SELECT  "roles".* FROM "roles"  WHERE "roles"."id" = $1 LIMIT 1  [["id", 16]]
12:00:07 web.1  |   [1m[36mRole Load (0.3ms)[0m  [1mSELECT  "roles".* FROM "roles"  WHERE "roles"."id" = $1 LIMIT 1[0m  [["id", 17]]
12:00:07 web.1  |   [1m[35mRole Load (0.3ms)[0m  SELECT  "roles".* FROM "roles"  WHERE "roles"."id" = $1 LIMIT 1  [["id", 386]]
12:00:07 web.1  |   [1m[36mRole Load (0.3ms)[0m  [1mSELECT  "roles".* FROM "roles"  WHERE "roles"."id" = $1 LIMIT 1[0m  [["id", 1533]]
12:00:07 web.1  |   [1m[35mRole Load (0.4ms)[0m  SELECT "roles".* FROM "roles" INNER JOIN "personal_roles" ON "roles"."id" = "personal_roles"."role_id" WHERE "personal_roles"."person_id" = $1  [["person_id", 16]]
12:00:07 web.1  |   [1m[36mPlaque Load (0.5ms)[0m  [1mSELECT "plaques".* FROM "plaques" INNER JOIN "personal_connections" ON "plaques"."id" = "personal_connections"."plaque_id" WHERE "personal_connections"."person_id" = $1[0m  [["person_id", 16]]
12:00:07 web.1  |   [1m[35mPersonalConnection Load (0.3ms)[0m  SELECT "personal_connections".* FROM "personal_connections"  WHERE "personal_connections"."plaque_id" = $1  [["plaque_id", 1053]]
12:00:07 web.1  |   [1m[36mPerson Load (0.3ms)[0m  [1mSELECT  "people".* FROM "people"  WHERE "people"."id" = $1 LIMIT 1[0m  [["id", 1457]]
12:00:07 web.1  |   [1m[35mCACHE (0.0ms)[0m  SELECT  "colours".* FROM "colours"  WHERE "colours"."id" = $1 LIMIT 1  [["id", 2]]
12:00:07 web.1  |   [1m[36mPhoto Load (0.5ms)[0m  [1mSELECT  "photos".* FROM "photos"  WHERE "photos"."plaque_id" = $1 AND "photos"."of_a_plaque" = 't'  ORDER BY shot ASC LIMIT 1[0m  [["plaque_id", 1053]]
12:00:07 web.1  |   [1m[35mPhoto Load (0.3ms)[0m  SELECT "photos".* FROM "photos"  WHERE "photos"."plaque_id" = $1 AND "photos"."of_a_plaque" = 't'  ORDER BY shot ASC  [["plaque_id", 1053]]
12:00:07 web.1  |   [1m[36mOrganisation Load (0.3ms)[0m  [1mSELECT "organisations".* FROM "organisations" INNER JOIN "sponsorships" ON "organisations"."id" = "sponsorships"."organisation_id" WHERE "sponsorships"."plaque_id" = $1[0m  [["plaque_id", 1053]]
12:00:07 web.1  |   [1m[35mCACHE (0.0ms)[0m  SELECT  "languages".* FROM "languages"  WHERE "languages"."id" = $1 LIMIT 1  [["id", 1]]
12:00:07 web.1  |   [1m[36mPersonalRole Load (0.3ms)[0m  [1mSELECT "personal_roles".* FROM "personal_roles"  WHERE "personal_roles"."person_id" = $1[0m  [["person_id", 1457]]
12:00:07 web.1  |   [1m[35mRole Load (0.3ms)[0m  SELECT  "roles".* FROM "roles"  WHERE "roles"."id" = $1 LIMIT 1  [["id", 172]]
12:00:07 web.1  |   [1m[36mRole Load (0.3ms)[0m  [1mSELECT "roles".* FROM "roles" INNER JOIN "personal_roles" ON "roles"."id" = "personal_roles"."role_id" WHERE "personal_roles"."person_id" = $1[0m  [["person_id", 1457]]
12:00:07 web.1  |   [1m[35mPlaque Load (0.4ms)[0m  SELECT "plaques".* FROM "plaques" INNER JOIN "personal_connections" ON "plaques"."id" = "personal_connections"."plaque_id" WHERE "personal_connections"."person_id" = $1  [["person_id", 1457]]
12:00:07 web.1  |   [1m[36mPersonalConnection Load (0.4ms)[0m  [1mSELECT "personal_connections".* FROM "personal_connections"  WHERE "personal_connections"."plaque_id" = $1[0m  [["plaque_id", 1055]]
12:00:07 web.1  |   [1m[35mPerson Load (0.3ms)[0m  SELECT  "people".* FROM "people"  WHERE "people"."id" = $1 LIMIT 1  [["id", 820]]
12:00:07 web.1  |   [1m[36mColour Load (0.3ms)[0m  [1mSELECT  "colours".* FROM "colours"  WHERE "colours"."id" = $1 LIMIT 1[0m  [["id", 12]]
12:00:07 web.1  |   [1m[35mPhoto Load (0.4ms)[0m  SELECT  "photos".* FROM "photos"  WHERE "photos"."plaque_id" = $1 AND "photos"."of_a_plaque" = 't'  ORDER BY shot ASC LIMIT 1  [["plaque_id", 1055]]
12:00:07 web.1  |   [1m[36mPhoto Load (0.3ms)[0m  [1mSELECT "photos".* FROM "photos"  WHERE "photos"."plaque_id" = $1 AND "photos"."of_a_plaque" = 't'  ORDER BY shot ASC[0m  [["plaque_id", 1055]]
12:00:07 web.1  |   [1m[35mOrganisation Load (0.3ms)[0m  SELECT "organisations".* FROM "organisations" INNER JOIN "sponsorships" ON "organisations"."id" = "sponsorships"."organisation_id" WHERE "sponsorships"."plaque_id" = $1  [["plaque_id", 1055]]
12:00:07 web.1  |   [1m[36mCACHE (0.0ms)[0m  [1mSELECT  "languages".* FROM "languages"  WHERE "languages"."id" = $1 LIMIT 1[0m  [["id", 1]]
12:00:07 web.1  |   [1m[35mPersonalRole Load (0.3ms)[0m  SELECT "personal_roles".* FROM "personal_roles"  WHERE "personal_roles"."person_id" = $1  [["person_id", 820]]
12:00:07 web.1  |   [1m[36mRole Load (0.3ms)[0m  [1mSELECT  "roles".* FROM "roles"  WHERE "roles"."id" = $1 LIMIT 1[0m  [["id", 913]]
12:00:07 web.1  |   [1m[35mRole Load (0.4ms)[0m  SELECT  "roles".* FROM "roles"  WHERE "roles"."id" = $1 LIMIT 1  [["id", 1377]]
12:00:07 web.1  |   [1m[36mRole Load (0.3ms)[0m  [1mSELECT  "roles".* FROM "roles"  WHERE "roles"."id" = $1 LIMIT 1[0m  [["id", 3663]]
12:00:07 web.1  |   [1m[35mRole Load (0.3ms)[0m  SELECT  "roles".* FROM "roles"  WHERE "roles"."id" = $1 LIMIT 1  [["id", 34]]
12:00:07 web.1  |   [1m[36mRole Load (0.3ms)[0m  [1mSELECT  "roles".* FROM "roles"  WHERE "roles"."id" = $1 LIMIT 1[0m  [["id", 6315]]
12:00:07 web.1  |   [1m[35mRole Load (0.4ms)[0m  SELECT "roles".* FROM "roles" INNER JOIN "personal_roles" ON "roles"."id" = "personal_roles"."role_id" WHERE "personal_roles"."person_id" = $1  [["person_id", 820]]
12:00:07 web.1  |   [1m[36mPlaque Load (0.4ms)[0m  [1mSELECT "plaques".* FROM "plaques" INNER JOIN "personal_connections" ON "plaques"."id" = "personal_connections"."plaque_id" WHERE "personal_connections"."person_id" = $1[0m  [["person_id", 820]]
12:00:07 web.1  |   [1m[35mPersonalConnection Load (0.4ms)[0m  SELECT "personal_connections".* FROM "personal_connections"  WHERE "personal_connections"."plaque_id" = $1  [["plaque_id", 1253]]
12:00:07 web.1  |   [1m[36mPerson Load (0.3ms)[0m  [1mSELECT  "people".* FROM "people"  WHERE "people"."id" = $1 LIMIT 1[0m  [["id", 119]]
12:00:07 web.1  |   [1m[35mCACHE (0.0ms)[0m  SELECT  "colours".* FROM "colours"  WHERE "colours"."id" = $1 LIMIT 1  [["id", 13]]
12:00:07 web.1  |   [1m[36mPhoto Load (0.4ms)[0m  [1mSELECT  "photos".* FROM "photos"  WHERE "photos"."plaque_id" = $1 AND "photos"."of_a_plaque" = 't'  ORDER BY shot ASC LIMIT 1[0m  [["plaque_id", 1253]]
12:00:07 web.1  |   [1m[35mPhoto Load (0.4ms)[0m  SELECT "photos".* FROM "photos"  WHERE "photos"."plaque_id" = $1 AND "photos"."of_a_plaque" = 't'  ORDER BY shot ASC  [["plaque_id", 1253]]
12:00:07 web.1  |   [1m[36mOrganisation Load (0.3ms)[0m  [1mSELECT "organisations".* FROM "organisations" INNER JOIN "sponsorships" ON "organisations"."id" = "sponsorships"."organisation_id" WHERE "sponsorships"."plaque_id" = $1[0m  [["plaque_id", 1253]]
12:00:07 web.1  |   [1m[35mCACHE (0.0ms)[0m  SELECT  "languages".* FROM "languages"  WHERE "languages"."id" = $1 LIMIT 1  [["id", 1]]
12:00:07 web.1  |   [1m[36mPersonalRole Load (0.5ms)[0m  [1mSELECT "personal_roles".* FROM "personal_roles"  WHERE "personal_roles"."person_id" = $1[0m  [["person_id", 119]]
12:00:07 web.1  |   [1m[35mRole Load (0.3ms)[0m  SELECT  "roles".* FROM "roles"  WHERE "roles"."id" = $1 LIMIT 1  [["id", 2432]]
12:00:07 web.1  |   [1m[36mRole Load (0.4ms)[0m  [1mSELECT "roles".* FROM "roles" INNER JOIN "personal_roles" ON "roles"."id" = "personal_roles"."role_id" WHERE "personal_roles"."person_id" = $1[0m  [["person_id", 119]]
12:00:07 web.1  |   [1m[35mPlaque Load (0.5ms)[0m  SELECT "plaques".* FROM "plaques" INNER JOIN "personal_connections" ON "plaques"."id" = "personal_connections"."plaque_id" WHERE "personal_connections"."person_id" = $1  [["person_id", 119]]
12:00:07 web.1  |   [1m[36mPersonalConnection Load (0.3ms)[0m  [1mSELECT "personal_connections".* FROM "personal_connections"  WHERE "personal_connections"."plaque_id" = $1[0m  [["plaque_id", 1254]]
12:00:07 web.1  |   [1m[35mPerson Load (0.3ms)[0m  SELECT  "people".* FROM "people"  WHERE "people"."id" = $1 LIMIT 1  [["id", 1933]]
12:00:07 web.1  |   [1m[36mCACHE (0.1ms)[0m  [1mSELECT  "colours".* FROM "colours"  WHERE "colours"."id" = $1 LIMIT 1[0m  [["id", 13]]
12:00:07 web.1  |   [1m[35mPhoto Load (0.4ms)[0m  SELECT  "photos".* FROM "photos"  WHERE "photos"."plaque_id" = $1 AND "photos"."of_a_plaque" = 't'  ORDER BY shot ASC LIMIT 1  [["plaque_id", 1254]]
12:00:07 web.1  |   [1m[36mPhoto Load (0.3ms)[0m  [1mSELECT "photos".* FROM "photos"  WHERE "photos"."plaque_id" = $1 AND "photos"."of_a_plaque" = 't'  ORDER BY shot ASC[0m  [["plaque_id", 1254]]
12:00:07 web.1  |   [1m[35mOrganisation Load (1.0ms)[0m  SELECT "organisations".* FROM "organisations" INNER JOIN "sponsorships" ON "organisations"."id" = "sponsorships"."organisation_id" WHERE "sponsorships"."plaque_id" = $1  [["plaque_id", 1254]]
12:00:07 web.1  |   [1m[36mCACHE (0.0ms)[0m  [1mSELECT  "languages".* FROM "languages"  WHERE "languages"."id" = $1 LIMIT 1[0m  [["id", 1]]
12:00:07 web.1  |   [1m[35mPersonalRole Load (0.3ms)[0m  SELECT "personal_roles".* FROM "personal_roles"  WHERE "personal_roles"."person_id" = $1  [["person_id", 1933]]
12:00:07 web.1  |   [1m[36mRole Load (0.3ms)[0m  [1mSELECT  "roles".* FROM "roles"  WHERE "roles"."id" = $1 LIMIT 1[0m  [["id", 2506]]
12:00:07 web.1  |   [1m[35mRole Load (0.4ms)[0m  SELECT "roles".* FROM "roles" INNER JOIN "personal_roles" ON "roles"."id" = "personal_roles"."role_id" WHERE "personal_roles"."person_id" = $1  [["person_id", 1933]]
12:00:07 web.1  |   [1m[36mPlaque Load (0.4ms)[0m  [1mSELECT "plaques".* FROM "plaques" INNER JOIN "personal_connections" ON "plaques"."id" = "personal_connections"."plaque_id" WHERE "personal_connections"."person_id" = $1[0m  [["person_id", 1933]]
12:00:07 web.1  |   [1m[35mPersonalConnection Load (0.4ms)[0m  SELECT "personal_connections".* FROM "personal_connections"  WHERE "personal_connections"."plaque_id" = $1  [["plaque_id", 1255]]
12:00:07 web.1  |   [1m[36mPerson Load (0.3ms)[0m  [1mSELECT  "people".* FROM "people"  WHERE "people"."id" = $1 LIMIT 1[0m  [["id", 1945]]
12:00:07 web.1  |   [1m[35mColour Load (0.3ms)[0m  SELECT  "colours".* FROM "colours"  WHERE "colours"."id" = $1 LIMIT 1  [["id", 15]]
12:00:07 web.1  |   [1m[36mPhoto Load (0.4ms)[0m  [1mSELECT  "photos".* FROM "photos"  WHERE "photos"."plaque_id" = $1 AND "photos"."of_a_plaque" = 't'  ORDER BY shot ASC LIMIT 1[0m  [["plaque_id", 1255]]
12:00:07 web.1  |   [1m[35mPhoto Load (0.3ms)[0m  SELECT "photos".* FROM "photos"  WHERE "photos"."plaque_id" = $1 AND "photos"."of_a_plaque" = 't'  ORDER BY shot ASC  [["plaque_id", 1255]]
12:00:07 web.1  |   [1m[36mOrganisation Load (0.3ms)[0m  [1mSELECT "organisations".* FROM "organisations" INNER JOIN "sponsorships" ON "organisations"."id" = "sponsorships"."organisation_id" WHERE "sponsorships"."plaque_id" = $1[0m  [["plaque_id", 1255]]
12:00:07 web.1  |   [1m[35mCACHE (0.0ms)[0m  SELECT  "languages".* FROM "languages"  WHERE "languages"."id" = $1 LIMIT 1  [["id", 1]]
12:00:07 web.1  |   [1m[36mPersonalRole Load (0.3ms)[0m  [1mSELECT "personal_roles".* FROM "personal_roles"  WHERE "personal_roles"."person_id" = $1[0m  [["person_id", 1945]]
12:00:07 web.1  |   [1m[35mRole Load (0.5ms)[0m  SELECT  "roles".* FROM "roles"  WHERE "roles"."id" = $1 LIMIT 1  [["id", 157]]
12:00:07 web.1  |   [1m[36mRole Load (0.4ms)[0m  [1mSELECT  "roles".* FROM "roles"  WHERE "roles"."id" = $1 LIMIT 1[0m  [["id", 49]]
12:00:07 web.1  |   [1m[35mRole Load (0.3ms)[0m  SELECT "roles".* FROM "roles" INNER JOIN "personal_roles" ON "roles"."id" = "personal_roles"."role_id" WHERE "personal_roles"."person_id" = $1  [["person_id", 1945]]
12:00:07 web.1  |   [1m[36mPlaque Load (0.4ms)[0m  [1mSELECT "plaques".* FROM "plaques" INNER JOIN "personal_connections" ON "plaques"."id" = "personal_connections"."plaque_id" WHERE "personal_connections"."person_id" = $1[0m  [["person_id", 1945]]
12:00:07 web.1  |   [1m[35mPersonalConnection Load (0.3ms)[0m  SELECT "personal_connections".* FROM "personal_connections"  WHERE "personal_connections"."plaque_id" = $1  [["plaque_id", 1263]]
12:00:07 web.1  |   [1m[36mPerson Load (0.3ms)[0m  [1mSELECT  "people".* FROM "people"  WHERE "people"."id" = $1 LIMIT 1[0m  [["id", 1805]]
12:00:07 web.1  |   [1m[35mCACHE (0.0ms)[0m  SELECT  "colours".* FROM "colours"  WHERE "colours"."id" = $1 LIMIT 1  [["id", 2]]
12:00:07 web.1  |   [1m[36mPhoto Load (0.4ms)[0m  [1mSELECT  "photos".* FROM "photos"  WHERE "photos"."plaque_id" = $1 AND "photos"."of_a_plaque" = 't'  ORDER BY shot ASC LIMIT 1[0m  [["plaque_id", 1263]]
12:00:07 web.1  |   [1m[35mPhoto Load (0.3ms)[0m  SELECT "photos".* FROM "photos"  WHERE "photos"."plaque_id" = $1 AND "photos"."of_a_plaque" = 't'  ORDER BY shot ASC  [["plaque_id", 1263]]
12:00:07 web.1  |   [1m[36mOrganisation Load (0.3ms)[0m  [1mSELECT "organisations".* FROM "organisations" INNER JOIN "sponsorships" ON "organisations"."id" = "sponsorships"."organisation_id" WHERE "sponsorships"."plaque_id" = $1[0m  [["plaque_id", 1263]]
12:00:07 web.1  |   [1m[35mCACHE (0.0ms)[0m  SELECT  "languages".* FROM "languages"  WHERE "languages"."id" = $1 LIMIT 1  [["id", 1]]
12:00:07 web.1  |   [1m[36mPersonalRole Load (0.3ms)[0m  [1mSELECT "personal_roles".* FROM "personal_roles"  WHERE "personal_roles"."person_id" = $1[0m  [["person_id", 1805]]
12:00:07 web.1  |   [1m[35mRole Load (0.3ms)[0m  SELECT  "roles".* FROM "roles"  WHERE "roles"."id" = $1 LIMIT 1  [["id", 809]]
12:00:07 web.1  |   [1m[36mRole Load (0.4ms)[0m  [1mSELECT "roles".* FROM "roles" INNER JOIN "personal_roles" ON "roles"."id" = "personal_roles"."role_id" WHERE "personal_roles"."person_id" = $1[0m  [["person_id", 1805]]
12:00:07 web.1  |   [1m[35mPlaque Load (0.4ms)[0m  SELECT "plaques".* FROM "plaques" INNER JOIN "personal_connections" ON "plaques"."id" = "personal_connections"."plaque_id" WHERE "personal_connections"."person_id" = $1  [["person_id", 1805]]
12:00:07 web.1  |   [1m[36mPersonalConnection Load (0.3ms)[0m  [1mSELECT "personal_connections".* FROM "personal_connections"  WHERE "personal_connections"."plaque_id" = $1[0m  [["plaque_id", 2057]]
12:00:07 web.1  |   [1m[35mCACHE (0.0ms)[0m  SELECT  "colours".* FROM "colours"  WHERE "colours"."id" = $1 LIMIT 1  [["id", 2]]
12:00:07 web.1  |   [1m[36mPhoto Load (0.4ms)[0m  [1mSELECT  "photos".* FROM "photos"  WHERE "photos"."plaque_id" = $1 AND "photos"."of_a_plaque" = 't'  ORDER BY shot ASC LIMIT 1[0m  [["plaque_id", 2057]]
12:00:07 web.1  |   [1m[35mPhoto Load (0.3ms)[0m  SELECT "photos".* FROM "photos"  WHERE "photos"."plaque_id" = $1 AND "photos"."of_a_plaque" = 't'  ORDER BY shot ASC  [["plaque_id", 2057]]
12:00:07 web.1  |   [1m[36mOrganisation Load (0.4ms)[0m  [1mSELECT "organisations".* FROM "organisations" INNER JOIN "sponsorships" ON "organisations"."id" = "sponsorships"."organisation_id" WHERE "sponsorships"."plaque_id" = $1[0m  [["plaque_id", 2057]]
12:00:07 web.1  |   [1m[35mCACHE (0.0ms)[0m  SELECT  "languages".* FROM "languages"  WHERE "languages"."id" = $1 LIMIT 1  [["id", 1]]
12:00:07 web.1  |   [1m[36mPersonalConnection Load (0.3ms)[0m  [1mSELECT "personal_connections".* FROM "personal_connections"  WHERE "personal_connections"."plaque_id" = $1[0m  [["plaque_id", 2058]]
12:00:07 web.1  |   [1m[35mPerson Load (0.3ms)[0m  SELECT  "people".* FROM "people"  WHERE "people"."id" = $1 LIMIT 1  [["id", 925]]
12:00:07 web.1  |   [1m[36mCACHE (0.0ms)[0m  [1mSELECT  "colours".* FROM "colours"  WHERE "colours"."id" = $1 LIMIT 1[0m  [["id", 2]]
12:00:07 web.1  |   [1m[35mPhoto Load (0.4ms)[0m  SELECT  "photos".* FROM "photos"  WHERE "photos"."plaque_id" = $1 AND "photos"."of_a_plaque" = 't'  ORDER BY shot ASC LIMIT 1  [["plaque_id", 2058]]
12:00:07 web.1  |   [1m[36mPhoto Load (0.4ms)[0m  [1mSELECT "photos".* FROM "photos"  WHERE "photos"."plaque_id" = $1 AND "photos"."of_a_plaque" = 't'  ORDER BY shot ASC[0m  [["plaque_id", 2058]]
12:00:07 web.1  |   [1m[35mOrganisation Load (0.4ms)[0m  SELECT "organisations".* FROM "organisations" INNER JOIN "sponsorships" ON "organisations"."id" = "sponsorships"."organisation_id" WHERE "sponsorships"."plaque_id" = $1  [["plaque_id", 2058]]
12:00:07 web.1  |   [1m[36mCACHE (0.0ms)[0m  [1mSELECT  "languages".* FROM "languages"  WHERE "languages"."id" = $1 LIMIT 1[0m  [["id", 1]]
12:00:07 web.1  |   [1m[35mPersonalRole Load (0.3ms)[0m  SELECT "personal_roles".* FROM "personal_roles"  WHERE "personal_roles"."person_id" = $1  [["person_id", 925]]
12:00:07 web.1  |   [1m[36mRole Load (0.3ms)[0m  [1mSELECT  "roles".* FROM "roles"  WHERE "roles"."id" = $1 LIMIT 1[0m  [["id", 689]]
12:00:07 web.1  |   [1m[35mRole Load (0.3ms)[0m  SELECT  "roles".* FROM "roles"  WHERE "roles"."id" = $1 LIMIT 1  [["id", 464]]
12:00:07 web.1  |   [1m[36mCACHE (0.0ms)[0m  [1mSELECT  "roles".* FROM "roles"  WHERE "roles"."id" = $1 LIMIT 1[0m  [["id", 1413]]
12:00:07 web.1  |   [1m[35mRole Load (0.4ms)[0m  SELECT "roles".* FROM "roles" INNER JOIN "personal_roles" ON "roles"."id" = "personal_roles"."role_id" WHERE "personal_roles"."person_id" = $1  [["person_id", 925]]
12:00:07 web.1  |   [1m[36mPlaque Load (0.4ms)[0m  [1mSELECT "plaques".* FROM "plaques" INNER JOIN "personal_connections" ON "plaques"."id" = "personal_connections"."plaque_id" WHERE "personal_connections"."person_id" = $1[0m  [["person_id", 925]]
12:00:07 web.1  |   [1m[35mPersonalConnection Load (0.3ms)[0m  SELECT "personal_connections".* FROM "personal_connections"  WHERE "personal_connections"."plaque_id" = $1  [["plaque_id", 2565]]
12:00:07 web.1  |   [1m[36mPerson Load (0.4ms)[0m  [1mSELECT  "people".* FROM "people"  WHERE "people"."id" = $1 LIMIT 1[0m  [["id", 1017]]
12:00:07 web.1  |   [1m[35mCACHE (0.0ms)[0m  SELECT  "colours".* FROM "colours"  WHERE "colours"."id" = $1 LIMIT 1  [["id", 6]]
12:00:07 web.1  |   [1m[36mPhoto Load (0.4ms)[0m  [1mSELECT  "photos".* FROM "photos"  WHERE "photos"."plaque_id" = $1 AND "photos"."of_a_plaque" = 't'  ORDER BY shot ASC LIMIT 1[0m  [["plaque_id", 2565]]
12:00:07 web.1  |   [1m[35mPhoto Load (0.3ms)[0m  SELECT "photos".* FROM "photos"  WHERE "photos"."plaque_id" = $1 AND "photos"."of_a_plaque" = 't'  ORDER BY shot ASC  [["plaque_id", 2565]]
12:00:07 web.1  |   [1m[36mOrganisation Load (0.4ms)[0m  [1mSELECT "organisations".* FROM "organisations" INNER JOIN "sponsorships" ON "organisations"."id" = "sponsorships"."organisation_id" WHERE "sponsorships"."plaque_id" = $1[0m  [["plaque_id", 2565]]
12:00:07 web.1  |   [1m[35mCACHE (0.2ms)[0m  SELECT  "languages".* FROM "languages"  WHERE "languages"."id" = $1 LIMIT 1  [["id", 1]]
12:00:07 web.1  |   [1m[36mPersonalRole Load (0.3ms)[0m  [1mSELECT "personal_roles".* FROM "personal_roles"  WHERE "personal_roles"."person_id" = $1[0m  [["person_id", 1017]]
12:00:07 web.1  |   [1m[35mRole Load (0.3ms)[0m  SELECT  "roles".* FROM "roles"  WHERE "roles"."id" = $1 LIMIT 1  [["id", 4744]]
12:00:07 web.1  |   [1m[36mRole Load (0.3ms)[0m  [1mSELECT  "roles".* FROM "roles"  WHERE "roles"."id" = $1 LIMIT 1[0m  [["id", 4786]]
12:00:07 web.1  |   [1m[35mRole Load (1.1ms)[0m  SELECT "roles".* FROM "roles" INNER JOIN "personal_roles" ON "roles"."id" = "personal_roles"."role_id" WHERE "personal_roles"."person_id" = $1  [["person_id", 1017]]
12:00:07 web.1  |   [1m[36mPlaque Load (0.4ms)[0m  [1mSELECT "plaques".* FROM "plaques" INNER JOIN "personal_connections" ON "plaques"."id" = "personal_connections"."plaque_id" WHERE "personal_connections"."person_id" = $1[0m  [["person_id", 1017]]
12:00:07 web.1  |   [1m[35mPersonalConnection Load (0.3ms)[0m  SELECT "personal_connections".* FROM "personal_connections"  WHERE "personal_connections"."plaque_id" = $1  [["plaque_id", 2577]]
12:00:07 web.1  |   [1m[36mPerson Load (0.3ms)[0m  [1mSELECT  "people".* FROM "people"  WHERE "people"."id" = $1 LIMIT 1[0m  [["id", 4661]]
12:00:07 web.1  |   [1m[35mPhoto Load (0.3ms)[0m  SELECT  "photos".* FROM "photos"  WHERE "photos"."plaque_id" = $1 AND "photos"."of_a_plaque" = 't'  ORDER BY shot ASC LIMIT 1  [["plaque_id", 2577]]
12:00:07 web.1  |   [1m[36mPhoto Load (0.3ms)[0m  [1mSELECT "photos".* FROM "photos"  WHERE "photos"."plaque_id" = $1 AND "photos"."of_a_plaque" = 't'  ORDER BY shot ASC[0m  [["plaque_id", 2577]]
12:00:07 web.1  |   [1m[35mOrganisation Load (0.3ms)[0m  SELECT "organisations".* FROM "organisations" INNER JOIN "sponsorships" ON "organisations"."id" = "sponsorships"."organisation_id" WHERE "sponsorships"."plaque_id" = $1  [["plaque_id", 2577]]
12:00:07 web.1  |   [1m[36mCACHE (0.0ms)[0m  [1mSELECT  "languages".* FROM "languages"  WHERE "languages"."id" = $1 LIMIT 1[0m  [["id", 1]]
12:00:07 web.1  |   [1m[35mPersonalRole Load (0.4ms)[0m  SELECT "personal_roles".* FROM "personal_roles"  WHERE "personal_roles"."person_id" = $1  [["person_id", 4661]]
12:00:07 web.1  |   [1m[36mRole Load (0.4ms)[0m  [1mSELECT  "roles".* FROM "roles"  WHERE "roles"."id" = $1 LIMIT 1[0m  [["id", 1725]]
12:00:07 web.1  |   [1m[35mRole Load (0.3ms)[0m  SELECT  "roles".* FROM "roles"  WHERE "roles"."id" = $1 LIMIT 1  [["id", 4154]]
12:00:07 web.1  |   [1m[36mRole Load (0.4ms)[0m  [1mSELECT "roles".* FROM "roles" INNER JOIN "personal_roles" ON "roles"."id" = "personal_roles"."role_id" WHERE "personal_roles"."person_id" = $1[0m  [["person_id", 4661]]
12:00:07 web.1  |   [1m[35mPlaque Load (0.4ms)[0m  SELECT "plaques".* FROM "plaques" INNER JOIN "personal_connections" ON "plaques"."id" = "personal_connections"."plaque_id" WHERE "personal_connections"."person_id" = $1  [["person_id", 4661]]
12:00:07 web.1  |   [1m[36mPersonalConnection Load (0.3ms)[0m  [1mSELECT "personal_connections".* FROM "personal_connections"  WHERE "personal_connections"."plaque_id" = $1[0m  [["plaque_id", 2569]]
12:00:08 web.1  |   [1m[35mPerson Load (0.3ms)[0m  SELECT  "people".* FROM "people"  WHERE "people"."id" = $1 LIMIT 1  [["id", 1441]]
12:00:08 web.1  |   [1m[36mPhoto Load (0.5ms)[0m  [1mSELECT  "photos".* FROM "photos"  WHERE "photos"."plaque_id" = $1 AND "photos"."of_a_plaque" = 't'  ORDER BY shot ASC LIMIT 1[0m  [["plaque_id", 2569]]
12:00:08 web.1  |   [1m[35mPhoto Load (0.4ms)[0m  SELECT "photos".* FROM "photos"  WHERE "photos"."plaque_id" = $1 AND "photos"."of_a_plaque" = 't'  ORDER BY shot ASC  [["plaque_id", 2569]]
12:00:08 web.1  |   [1m[36mOrganisation Load (0.3ms)[0m  [1mSELECT "organisations".* FROM "organisations" INNER JOIN "sponsorships" ON "organisations"."id" = "sponsorships"."organisation_id" WHERE "sponsorships"."plaque_id" = $1[0m  [["plaque_id", 2569]]
12:00:08 web.1  |   [1m[35mCACHE (0.0ms)[0m  SELECT  "languages".* FROM "languages"  WHERE "languages"."id" = $1 LIMIT 1  [["id", 1]]
12:00:08 web.1  |   [1m[36mPersonalRole Load (0.3ms)[0m  [1mSELECT "personal_roles".* FROM "personal_roles"  WHERE "personal_roles"."person_id" = $1[0m  [["person_id", 1441]]
12:00:08 web.1  |   [1m[35mRole Load (0.4ms)[0m  SELECT  "roles".* FROM "roles"  WHERE "roles"."id" = $1 LIMIT 1  [["id", 1085]]
12:00:08 web.1  |   [1m[36mRole Load (0.3ms)[0m  [1mSELECT "roles".* FROM "roles" INNER JOIN "personal_roles" ON "roles"."id" = "personal_roles"."role_id" WHERE "personal_roles"."person_id" = $1[0m  [["person_id", 1441]]
12:00:08 web.1  |   [1m[35mPlaque Load (0.4ms)[0m  SELECT "plaques".* FROM "plaques" INNER JOIN "personal_connections" ON "plaques"."id" = "personal_connections"."plaque_id" WHERE "personal_connections"."person_id" = $1  [["person_id", 1441]]
12:00:08 web.1  |   [1m[36mPersonalConnection Load (0.3ms)[0m  [1mSELECT "personal_connections".* FROM "personal_connections"  WHERE "personal_connections"."plaque_id" = $1[0m  [["plaque_id", 12783]]
12:00:08 web.1  |   [1m[35mPerson Load (0.3ms)[0m  SELECT  "people".* FROM "people"  WHERE "people"."id" = $1 LIMIT 1  [["id", 161]]
12:00:08 web.1  |   [1m[36mCACHE (0.0ms)[0m  [1mSELECT  "people".* FROM "people"  WHERE "people"."id" = $1 LIMIT 1[0m  [["id", 161]]
12:00:08 web.1  |   [1m[35mCACHE (0.0ms)[0m  SELECT  "colours".* FROM "colours"  WHERE "colours"."id" = $1 LIMIT 1  [["id", 2]]
12:00:08 web.1  |   [1m[36mPhoto Load (0.4ms)[0m  [1mSELECT  "photos".* FROM "photos"  WHERE "photos"."plaque_id" = $1 AND "photos"."of_a_plaque" = 't'  ORDER BY shot ASC LIMIT 1[0m  [["plaque_id", 12783]]
12:00:08 web.1  |   [1m[35mPhoto Load (0.4ms)[0m  SELECT "photos".* FROM "photos"  WHERE "photos"."plaque_id" = $1 AND "photos"."of_a_plaque" = 't'  ORDER BY shot ASC  [["plaque_id", 12783]]
12:00:08 web.1  |   [1m[36mOrganisation Load (0.4ms)[0m  [1mSELECT "organisations".* FROM "organisations" INNER JOIN "sponsorships" ON "organisations"."id" = "sponsorships"."organisation_id" WHERE "sponsorships"."plaque_id" = $1[0m  [["plaque_id", 12783]]
12:00:08 web.1  |   [1m[35mCACHE (0.0ms)[0m  SELECT  "languages".* FROM "languages"  WHERE "languages"."id" = $1 LIMIT 1  [["id", 1]]
12:00:08 web.1  |   [1m[36mPersonalRole Load (0.4ms)[0m  [1mSELECT "personal_roles".* FROM "personal_roles"  WHERE "personal_roles"."person_id" = $1[0m  [["person_id", 161]]
12:00:08 web.1  |   [1m[35mRole Load (0.4ms)[0m  SELECT  "roles".* FROM "roles"  WHERE "roles"."id" = $1 LIMIT 1  [["id", 44]]
12:00:08 web.1  |   [1m[36mRole Load (0.3ms)[0m  [1mSELECT  "roles".* FROM "roles"  WHERE "roles"."id" = $1 LIMIT 1[0m  [["id", 4]]
12:00:08 web.1  |   [1m[35mRole Load (0.3ms)[0m  SELECT  "roles".* FROM "roles"  WHERE "roles"."id" = $1 LIMIT 1  [["id", 392]]
12:00:08 web.1  |   [1m[36mRole Load (0.4ms)[0m  [1mSELECT "roles".* FROM "roles" INNER JOIN "personal_roles" ON "roles"."id" = "personal_roles"."role_id" WHERE "personal_roles"."person_id" = $1[0m  [["person_id", 161]]
12:00:08 web.1  |   [1m[35mPlaque Load (0.5ms)[0m  SELECT "plaques".* FROM "plaques" INNER JOIN "personal_connections" ON "plaques"."id" = "personal_connections"."plaque_id" WHERE "personal_connections"."person_id" = $1  [["person_id", 161]]
12:00:08 web.1  |   [1m[36mPersonalConnection Load (0.3ms)[0m  [1mSELECT "personal_connections".* FROM "personal_connections"  WHERE "personal_connections"."plaque_id" = $1[0m  [["plaque_id", 2270]]
12:00:08 web.1  |   [1m[35mPerson Load (0.3ms)[0m  SELECT  "people".* FROM "people"  WHERE "people"."id" = $1 LIMIT 1  [["id", 5494]]
12:00:08 web.1  |   [1m[36mCACHE (0.0ms)[0m  [1mSELECT  "colours".* FROM "colours"  WHERE "colours"."id" = $1 LIMIT 1[0m  [["id", 2]]
12:00:08 web.1  |   [1m[35mPhoto Load (0.4ms)[0m  SELECT  "photos".* FROM "photos"  WHERE "photos"."plaque_id" = $1 AND "photos"."of_a_plaque" = 't'  ORDER BY shot ASC LIMIT 1  [["plaque_id", 2270]]
12:00:08 web.1  |   [1m[36mPhoto Load (0.3ms)[0m  [1mSELECT "photos".* FROM "photos"  WHERE "photos"."plaque_id" = $1 AND "photos"."of_a_plaque" = 't'  ORDER BY shot ASC[0m  [["plaque_id", 2270]]
12:00:08 web.1  |   [1m[35mOrganisation Load (0.4ms)[0m  SELECT "organisations".* FROM "organisations" INNER JOIN "sponsorships" ON "organisations"."id" = "sponsorships"."organisation_id" WHERE "sponsorships"."plaque_id" = $1  [["plaque_id", 2270]]
12:00:08 web.1  |   [1m[36mCACHE (0.0ms)[0m  [1mSELECT  "languages".* FROM "languages"  WHERE "languages"."id" = $1 LIMIT 1[0m  [["id", 1]]
12:00:08 web.1  |   [1m[35mPersonalRole Load (0.3ms)[0m  SELECT "personal_roles".* FROM "personal_roles"  WHERE "personal_roles"."person_id" = $1  [["person_id", 5494]]
12:00:08 web.1  |   [1m[36mRole Load (0.3ms)[0m  [1mSELECT  "roles".* FROM "roles"  WHERE "roles"."id" = $1 LIMIT 1[0m  [["id", 4626]]
12:00:08 web.1  |   [1m[35mRole Load (0.3ms)[0m  SELECT "roles".* FROM "roles" INNER JOIN "personal_roles" ON "roles"."id" = "personal_roles"."role_id" WHERE "personal_roles"."person_id" = $1  [["person_id", 5494]]
12:00:08 web.1  |   [1m[36mPlaque Load (0.4ms)[0m  [1mSELECT "plaques".* FROM "plaques" INNER JOIN "personal_connections" ON "plaques"."id" = "personal_connections"."plaque_id" WHERE "personal_connections"."person_id" = $1[0m  [["person_id", 5494]]
12:00:08 web.1  |   [1m[35mPersonalConnection Load (0.3ms)[0m  SELECT "personal_connections".* FROM "personal_connections"  WHERE "personal_connections"."plaque_id" = $1  [["plaque_id", 3189]]
12:00:08 web.1  |   [1m[36mPerson Load (0.3ms)[0m  [1mSELECT  "people".* FROM "people"  WHERE "people"."id" = $1 LIMIT 1[0m  [["id", 9793]]
12:00:08 web.1  |   [1m[35mColour Load (0.3ms)[0m  SELECT  "colours".* FROM "colours"  WHERE "colours"."id" = $1 LIMIT 1  [["id", 4]]
12:00:08 web.1  |   [1m[36mPhoto Load (0.4ms)[0m  [1mSELECT  "photos".* FROM "photos"  WHERE "photos"."plaque_id" = $1 AND "photos"."of_a_plaque" = 't'  ORDER BY shot ASC LIMIT 1[0m  [["plaque_id", 3189]]
12:00:08 web.1  |   [1m[35mPhoto Load (0.3ms)[0m  SELECT "photos".* FROM "photos"  WHERE "photos"."plaque_id" = $1 AND "photos"."of_a_plaque" = 't'  ORDER BY shot ASC  [["plaque_id", 3189]]
12:00:08 web.1  |   [1m[36mOrganisation Load (0.3ms)[0m  [1mSELECT "organisations".* FROM "organisations" INNER JOIN "sponsorships" ON "organisations"."id" = "sponsorships"."organisation_id" WHERE "sponsorships"."plaque_id" = $1[0m  [["plaque_id", 3189]]
12:00:08 web.1  |   [1m[35mCACHE (0.0ms)[0m  SELECT  "languages".* FROM "languages"  WHERE "languages"."id" = $1 LIMIT 1  [["id", 1]]
12:00:08 web.1  |   [1m[36mPersonalRole Load (0.3ms)[0m  [1mSELECT "personal_roles".* FROM "personal_roles"  WHERE "personal_roles"."person_id" = $1[0m  [["person_id", 9793]]
12:00:08 web.1  |   [1m[35mRole Load (0.3ms)[0m  SELECT  "roles".* FROM "roles"  WHERE "roles"."id" = $1 LIMIT 1  [["id", 6566]]
12:00:08 web.1  |   [1m[36mRole Load (0.3ms)[0m  [1mSELECT "roles".* FROM "roles" INNER JOIN "personal_roles" ON "roles"."id" = "personal_roles"."role_id" WHERE "personal_roles"."person_id" = $1[0m  [["person_id", 9793]]
12:00:08 web.1  |   [1m[35mPlaque Load (0.4ms)[0m  SELECT "plaques".* FROM "plaques" INNER JOIN "personal_connections" ON "plaques"."id" = "personal_connections"."plaque_id" WHERE "personal_connections"."person_id" = $1  [["person_id", 9793]]
12:00:08 web.1  |   [1m[36mPersonalConnection Load (0.3ms)[0m  [1mSELECT "personal_connections".* FROM "personal_connections"  WHERE "personal_connections"."plaque_id" = $1[0m  [["plaque_id", 1047]]
12:00:08 web.1  |   [1m[35mPerson Load (0.4ms)[0m  SELECT  "people".* FROM "people"  WHERE "people"."id" = $1 LIMIT 1  [["id", 894]]
12:00:08 web.1  |   [1m[36mColour Load (0.4ms)[0m  [1mSELECT  "colours".* FROM "colours"  WHERE "colours"."id" = $1 LIMIT 1[0m  [["id", 8]]
12:00:08 web.1  |   [1m[35mPhoto Load (0.4ms)[0m  SELECT  "photos".* FROM "photos"  WHERE "photos"."plaque_id" = $1 AND "photos"."of_a_plaque" = 't'  ORDER BY shot ASC LIMIT 1  [["plaque_id", 1047]]
12:00:08 web.1  |   [1m[36mPhoto Load (0.3ms)[0m  [1mSELECT "photos".* FROM "photos"  WHERE "photos"."plaque_id" = $1 AND "photos"."of_a_plaque" = 't'  ORDER BY shot ASC[0m  [["plaque_id", 1047]]
12:00:08 web.1  |   [1m[35mOrganisation Load (0.3ms)[0m  SELECT "organisations".* FROM "organisations" INNER JOIN "sponsorships" ON "organisations"."id" = "sponsorships"."organisation_id" WHERE "sponsorships"."plaque_id" = $1  [["plaque_id", 1047]]
12:00:08 web.1  |   [1m[36mCACHE (0.0ms)[0m  [1mSELECT  "languages".* FROM "languages"  WHERE "languages"."id" = $1 LIMIT 1[0m  [["id", 1]]
12:00:08 web.1  |   [1m[35mPersonalRole Load (0.3ms)[0m  SELECT "personal_roles".* FROM "personal_roles"  WHERE "personal_roles"."person_id" = $1  [["person_id", 894]]
12:00:08 web.1  |   [1m[36mRole Load (0.3ms)[0m  [1mSELECT  "roles".* FROM "roles"  WHERE "roles"."id" = $1 LIMIT 1[0m  [["id", 2470]]
12:00:08 web.1  |   [1m[35mRole Load (0.5ms)[0m  SELECT "roles".* FROM "roles" INNER JOIN "personal_roles" ON "roles"."id" = "personal_roles"."role_id" WHERE "personal_roles"."person_id" = $1  [["person_id", 894]]
12:00:08 web.1  |   [1m[36mPlaque Load (0.4ms)[0m  [1mSELECT "plaques".* FROM "plaques" INNER JOIN "personal_connections" ON "plaques"."id" = "personal_connections"."plaque_id" WHERE "personal_connections"."person_id" = $1[0m  [["person_id", 894]]
12:00:08 web.1  |   [1m[35mPersonalConnection Load (0.4ms)[0m  SELECT "personal_connections".* FROM "personal_connections"  WHERE "personal_connections"."plaque_id" = $1  [["plaque_id", 1042]]
12:00:08 web.1  |   [1m[36mPerson Load (0.4ms)[0m  [1mSELECT  "people".* FROM "people"  WHERE "people"."id" = $1 LIMIT 1[0m  [["id", 1289]]
12:00:08 web.1  |   [1m[35mCACHE (0.0ms)[0m  SELECT  "colours".* FROM "colours"  WHERE "colours"."id" = $1 LIMIT 1  [["id", 6]]
12:00:08 web.1  |   [1m[36mPhoto Load (0.4ms)[0m  [1mSELECT  "photos".* FROM "photos"  WHERE "photos"."plaque_id" = $1 AND "photos"."of_a_plaque" = 't'  ORDER BY shot ASC LIMIT 1[0m  [["plaque_id", 1042]]
12:00:08 web.1  |   [1m[35mPhoto Load (0.3ms)[0m  SELECT "photos".* FROM "photos"  WHERE "photos"."plaque_id" = $1 AND "photos"."of_a_plaque" = 't'  ORDER BY shot ASC  [["plaque_id", 1042]]
12:00:08 web.1  |   [1m[36mOrganisation Load (0.4ms)[0m  [1mSELECT "organisations".* FROM "organisations" INNER JOIN "sponsorships" ON "organisations"."id" = "sponsorships"."organisation_id" WHERE "sponsorships"."plaque_id" = $1[0m  [["plaque_id", 1042]]
12:00:08 web.1  |   [1m[35mCACHE (0.0ms)[0m  SELECT  "languages".* FROM "languages"  WHERE "languages"."id" = $1 LIMIT 1  [["id", 1]]
12:00:08 web.1  |   [1m[36mPersonalRole Load (0.3ms)[0m  [1mSELECT "personal_roles".* FROM "personal_roles"  WHERE "personal_roles"."person_id" = $1[0m  [["person_id", 1289]]
12:00:08 web.1  |   [1m[35mRole Load (0.3ms)[0m  SELECT  "roles".* FROM "roles"  WHERE "roles"."id" = $1 LIMIT 1  [["id", 2]]
12:00:08 web.1  |   [1m[36mRole Load (0.3ms)[0m  [1mSELECT  "roles".* FROM "roles"  WHERE "roles"."id" = $1 LIMIT 1[0m  [["id", 33]]
12:00:08 web.1  |   [1m[35mRole Load (0.4ms)[0m  SELECT "roles".* FROM "roles" INNER JOIN "personal_roles" ON "roles"."id" = "personal_roles"."role_id" WHERE "personal_roles"."person_id" = $1  [["person_id", 1289]]
12:00:08 web.1  |   [1m[36mPlaque Load (0.4ms)[0m  [1mSELECT "plaques".* FROM "plaques" INNER JOIN "personal_connections" ON "plaques"."id" = "personal_connections"."plaque_id" WHERE "personal_connections"."person_id" = $1[0m  [["person_id", 1289]]
12:00:08 web.1  |   [1m[35mPersonalConnection Load (0.3ms)[0m  SELECT "personal_connections".* FROM "personal_connections"  WHERE "personal_connections"."plaque_id" = $1  [["plaque_id", 1046]]
12:00:08 web.1  |   [1m[36mPerson Load (0.3ms)[0m  [1mSELECT  "people".* FROM "people"  WHERE "people"."id" = $1 LIMIT 1[0m  [["id", 5720]]
12:00:08 web.1  |   [1m[35mCACHE (0.0ms)[0m  SELECT  "colours".* FROM "colours"  WHERE "colours"."id" = $1 LIMIT 1  [["id", 12]]
12:00:08 web.1  |   [1m[36mPhoto Load (0.3ms)[0m  [1mSELECT  "photos".* FROM "photos"  WHERE "photos"."plaque_id" = $1 AND "photos"."of_a_plaque" = 't'  ORDER BY shot ASC LIMIT 1[0m  [["plaque_id", 1046]]
12:00:08 web.1  |   [1m[35mPhoto Load (0.3ms)[0m  SELECT "photos".* FROM "photos"  WHERE "photos"."plaque_id" = $1 AND "photos"."of_a_plaque" = 't'  ORDER BY shot ASC  [["plaque_id", 1046]]
12:00:08 web.1  |   [1m[36mOrganisation Load (0.4ms)[0m  [1mSELECT "organisations".* FROM "organisations" INNER JOIN "sponsorships" ON "organisations"."id" = "sponsorships"."organisation_id" WHERE "sponsorships"."plaque_id" = $1[0m  [["plaque_id", 1046]]
12:00:08 web.1  |   [1m[35mCACHE (0.0ms)[0m  SELECT  "languages".* FROM "languages"  WHERE "languages"."id" = $1 LIMIT 1  [["id", 1]]
12:00:08 web.1  |   [1m[36mPersonalRole Load (0.3ms)[0m  [1mSELECT "personal_roles".* FROM "personal_roles"  WHERE "personal_roles"."person_id" = $1[0m  [["person_id", 5720]]
12:00:08 web.1  |   [1m[35mCACHE (0.0ms)[0m  SELECT  "roles".* FROM "roles"  WHERE "roles"."id" = $1 LIMIT 1  [["id", 4626]]
12:00:08 web.1  |   [1m[36mRole Load (0.3ms)[0m  [1mSELECT  "roles".* FROM "roles"  WHERE "roles"."id" = $1 LIMIT 1[0m  [["id", 4735]]
12:00:08 web.1  |   [1m[35mRole Load (0.4ms)[0m  SELECT "roles".* FROM "roles" INNER JOIN "personal_roles" ON "roles"."id" = "personal_roles"."role_id" WHERE "personal_roles"."person_id" = $1  [["person_id", 5720]]
12:00:08 web.1  |   [1m[36mPlaque Load (0.5ms)[0m  [1mSELECT "plaques".* FROM "plaques" INNER JOIN "personal_connections" ON "plaques"."id" = "personal_connections"."plaque_id" WHERE "personal_connections"."person_id" = $1[0m  [["person_id", 5720]]
12:00:08 web.1  |   [1m[35mPersonalConnection Load (0.3ms)[0m  SELECT "personal_connections".* FROM "personal_connections"  WHERE "personal_connections"."plaque_id" = $1  [["plaque_id", 2056]]
12:00:08 web.1  |   [1m[36mPerson Load (0.4ms)[0m  [1mSELECT  "people".* FROM "people"  WHERE "people"."id" = $1 LIMIT 1[0m  [["id", 3034]]
12:00:08 web.1  |   [1m[35mPerson Load (0.3ms)[0m  SELECT  "people".* FROM "people"  WHERE "people"."id" = $1 LIMIT 1  [["id", 3036]]
12:00:08 web.1  |   [1m[36mPerson Load (0.3ms)[0m  [1mSELECT  "people".* FROM "people"  WHERE "people"."id" = $1 LIMIT 1[0m  [["id", 3038]]
12:00:08 web.1  |   [1m[35mPerson Load (0.5ms)[0m  SELECT  "people".* FROM "people"  WHERE "people"."id" = $1 LIMIT 1  [["id", 3040]]
12:00:08 web.1  |   [1m[36mPerson Load (0.3ms)[0m  [1mSELECT  "people".* FROM "people"  WHERE "people"."id" = $1 LIMIT 1[0m  [["id", 3042]]
12:00:08 web.1  |   [1m[35mCACHE (0.0ms)[0m  SELECT  "colours".* FROM "colours"  WHERE "colours"."id" = $1 LIMIT 1  [["id", 15]]
12:00:08 web.1  |   [1m[36mPhoto Load (0.3ms)[0m  [1mSELECT  "photos".* FROM "photos"  WHERE "photos"."plaque_id" = $1 AND "photos"."of_a_plaque" = 't'  ORDER BY shot ASC LIMIT 1[0m  [["plaque_id", 2056]]
12:00:08 web.1  |   [1m[35mPhoto Load (0.3ms)[0m  SELECT "photos".* FROM "photos"  WHERE "photos"."plaque_id" = $1 AND "photos"."of_a_plaque" = 't'  ORDER BY shot ASC  [["plaque_id", 2056]]
12:00:08 web.1  |   [1m[36mOrganisation Load (0.3ms)[0m  [1mSELECT "organisations".* FROM "organisations" INNER JOIN "sponsorships" ON "organisations"."id" = "sponsorships"."organisation_id" WHERE "sponsorships"."plaque_id" = $1[0m  [["plaque_id", 2056]]
12:00:08 web.1  |   [1m[35mCACHE (0.0ms)[0m  SELECT  "languages".* FROM "languages"  WHERE "languages"."id" = $1 LIMIT 1  [["id", 1]]
12:00:08 web.1  |   [1m[36mPersonalRole Load (0.4ms)[0m  [1mSELECT "personal_roles".* FROM "personal_roles"  WHERE "personal_roles"."person_id" = $1[0m  [["person_id", 3034]]
12:00:08 web.1  |   [1m[35mRole Load (0.3ms)[0m  SELECT "roles".* FROM "roles" INNER JOIN "personal_roles" ON "roles"."id" = "personal_roles"."role_id" WHERE "personal_roles"."person_id" = $1  [["person_id", 3034]]
12:00:08 web.1  |   [1m[36mPersonalRole Load (0.3ms)[0m  [1mSELECT "personal_roles".* FROM "personal_roles"  WHERE "personal_roles"."person_id" = $1[0m  [["person_id", 3036]]
12:00:08 web.1  |   [1m[35mRole Load (0.3ms)[0m  SELECT "roles".* FROM "roles" INNER JOIN "personal_roles" ON "roles"."id" = "personal_roles"."role_id" WHERE "personal_roles"."person_id" = $1  [["person_id", 3036]]
12:00:08 web.1  |   [1m[36mPersonalRole Load (0.3ms)[0m  [1mSELECT "personal_roles".* FROM "personal_roles"  WHERE "personal_roles"."person_id" = $1[0m  [["person_id", 3038]]
12:00:08 web.1  |   [1m[35mRole Load (0.3ms)[0m  SELECT "roles".* FROM "roles" INNER JOIN "personal_roles" ON "roles"."id" = "personal_roles"."role_id" WHERE "personal_roles"."person_id" = $1  [["person_id", 3038]]
12:00:08 web.1  |   [1m[36mPersonalRole Load (0.3ms)[0m  [1mSELECT "personal_roles".* FROM "personal_roles"  WHERE "personal_roles"."person_id" = $1[0m  [["person_id", 3040]]
12:00:08 web.1  |   [1m[35mRole Load (0.3ms)[0m  SELECT "roles".* FROM "roles" INNER JOIN "personal_roles" ON "roles"."id" = "personal_roles"."role_id" WHERE "personal_roles"."person_id" = $1  [["person_id", 3040]]
12:00:08 web.1  |   [1m[36mPersonalRole Load (0.3ms)[0m  [1mSELECT "personal_roles".* FROM "personal_roles"  WHERE "personal_roles"."person_id" = $1[0m  [["person_id", 3042]]
12:00:08 web.1  |   [1m[35mRole Load (0.3ms)[0m  SELECT "roles".* FROM "roles" INNER JOIN "personal_roles" ON "roles"."id" = "personal_roles"."role_id" WHERE "personal_roles"."person_id" = $1  [["person_id", 3042]]
12:00:08 web.1  |   [1m[36mPlaque Load (0.4ms)[0m  [1mSELECT "plaques".* FROM "plaques" INNER JOIN "personal_connections" ON "plaques"."id" = "personal_connections"."plaque_id" WHERE "personal_connections"."person_id" = $1[0m  [["person_id", 3034]]
12:00:08 web.1  |   [1m[35mPlaque Load (0.5ms)[0m  SELECT "plaques".* FROM "plaques" INNER JOIN "personal_connections" ON "plaques"."id" = "personal_connections"."plaque_id" WHERE "personal_connections"."person_id" = $1  [["person_id", 3036]]
12:00:08 web.1  |   [1m[36mPlaque Load (0.4ms)[0m  [1mSELECT "plaques".* FROM "plaques" INNER JOIN "personal_connections" ON "plaques"."id" = "personal_connections"."plaque_id" WHERE "personal_connections"."person_id" = $1[0m  [["person_id", 3038]]
12:00:08 web.1  |   [1m[35mPlaque Load (0.4ms)[0m  SELECT "plaques".* FROM "plaques" INNER JOIN "personal_connections" ON "plaques"."id" = "personal_connections"."plaque_id" WHERE "personal_connections"."person_id" = $1  [["person_id", 3040]]
12:00:08 web.1  |   [1m[36mPlaque Load (0.4ms)[0m  [1mSELECT "plaques".* FROM "plaques" INNER JOIN "personal_connections" ON "plaques"."id" = "personal_connections"."plaque_id" WHERE "personal_connections"."person_id" = $1[0m  [["person_id", 3042]]
12:00:08 web.1  |   [1m[35mPersonalConnection Load (0.3ms)[0m  SELECT "personal_connections".* FROM "personal_connections"  WHERE "personal_connections"."plaque_id" = $1  [["plaque_id", 3666]]
12:00:08 web.1  |   [1m[36mCACHE (0.0ms)[0m  [1mSELECT  "colours".* FROM "colours"  WHERE "colours"."id" = $1 LIMIT 1[0m  [["id", 15]]
12:00:08 web.1  |   [1m[35mPhoto Load (0.4ms)[0m  SELECT  "photos".* FROM "photos"  WHERE "photos"."plaque_id" = $1 AND "photos"."of_a_plaque" = 't'  ORDER BY shot ASC LIMIT 1  [["plaque_id", 3666]]
12:00:08 web.1  |   [1m[36mPhoto Load (0.3ms)[0m  [1mSELECT "photos".* FROM "photos"  WHERE "photos"."plaque_id" = $1 AND "photos"."of_a_plaque" = 't'  ORDER BY shot ASC[0m  [["plaque_id", 3666]]
12:00:08 web.1  |   [1m[35mOrganisation Load (0.4ms)[0m  SELECT "organisations".* FROM "organisations" INNER JOIN "sponsorships" ON "organisations"."id" = "sponsorships"."organisation_id" WHERE "sponsorships"."plaque_id" = $1  [["plaque_id", 3666]]
12:00:08 web.1  |   [1m[36mCACHE (0.0ms)[0m  [1mSELECT  "languages".* FROM "languages"  WHERE "languages"."id" = $1 LIMIT 1[0m  [["id", 1]]
12:00:08 web.1  |   [1m[35mPersonalConnection Load (0.3ms)[0m  SELECT "personal_connections".* FROM "personal_connections"  WHERE "personal_connections"."plaque_id" = $1  [["plaque_id", 1048]]
12:00:08 web.1  |   [1m[36mPerson Load (0.4ms)[0m  [1mSELECT  "people".* FROM "people"  WHERE "people"."id" = $1 LIMIT 1[0m  [["id", 5632]]
12:00:08 web.1  |   [1m[35mCACHE (0.0ms)[0m  SELECT  "colours".* FROM "colours"  WHERE "colours"."id" = $1 LIMIT 1  [["id", 2]]
12:00:08 web.1  |   [1m[36mPhoto Load (0.4ms)[0m  [1mSELECT  "photos".* FROM "photos"  WHERE "photos"."plaque_id" = $1 AND "photos"."of_a_plaque" = 't'  ORDER BY shot ASC LIMIT 1[0m  [["plaque_id", 1048]]
12:00:08 web.1  |   [1m[35mPhoto Load (0.3ms)[0m  SELECT "photos".* FROM "photos"  WHERE "photos"."plaque_id" = $1 AND "photos"."of_a_plaque" = 't'  ORDER BY shot ASC  [["plaque_id", 1048]]
12:00:08 web.1  |   [1m[36mOrganisation Load (0.4ms)[0m  [1mSELECT "organisations".* FROM "organisations" INNER JOIN "sponsorships" ON "organisations"."id" = "sponsorships"."organisation_id" WHERE "sponsorships"."plaque_id" = $1[0m  [["plaque_id", 1048]]
12:00:08 web.1  |   [1m[35mCACHE (0.0ms)[0m  SELECT  "languages".* FROM "languages"  WHERE "languages"."id" = $1 LIMIT 1  [["id", 1]]
12:00:08 web.1  |   [1m[36mPersonalRole Load (0.3ms)[0m  [1mSELECT "personal_roles".* FROM "personal_roles"  WHERE "personal_roles"."person_id" = $1[0m  [["person_id", 5632]]
12:00:08 web.1  |   [1m[35mRole Load (0.3ms)[0m  SELECT  "roles".* FROM "roles"  WHERE "roles"."id" = $1 LIMIT 1  [["id", 6007]]
12:00:08 web.1  |   [1m[36mRole Load (0.3ms)[0m  [1mSELECT "roles".* FROM "roles" INNER JOIN "personal_roles" ON "roles"."id" = "personal_roles"."role_id" WHERE "personal_roles"."person_id" = $1[0m  [["person_id", 5632]]
12:00:08 web.1  |   [1m[35mPlaque Load (0.6ms)[0m  SELECT "plaques".* FROM "plaques" INNER JOIN "personal_connections" ON "plaques"."id" = "personal_connections"."plaque_id" WHERE "personal_connections"."person_id" = $1  [["person_id", 5632]]
12:00:08 web.1  |   [1m[36mPersonalConnection Load (0.3ms)[0m  [1mSELECT "personal_connections".* FROM "personal_connections"  WHERE "personal_connections"."plaque_id" = $1[0m  [["plaque_id", 976]]
12:00:08 web.1  |   [1m[35mPerson Load (0.4ms)[0m  SELECT  "people".* FROM "people"  WHERE "people"."id" = $1 LIMIT 1  [["id", 3920]]
12:00:08 web.1  |   [1m[36mCACHE (0.0ms)[0m  [1mSELECT  "colours".* FROM "colours"  WHERE "colours"."id" = $1 LIMIT 1[0m  [["id", 2]]
12:00:08 web.1  |   [1m[35mPhoto Load (0.4ms)[0m  SELECT  "photos".* FROM "photos"  WHERE "photos"."plaque_id" = $1 AND "photos"."of_a_plaque" = 't'  ORDER BY shot ASC LIMIT 1  [["plaque_id", 976]]
12:00:08 web.1  |   [1m[36mPhoto Load (0.3ms)[0m  [1mSELECT "photos".* FROM "photos"  WHERE "photos"."plaque_id" = $1 AND "photos"."of_a_plaque" = 't'  ORDER BY shot ASC[0m  [["plaque_id", 976]]
12:00:08 web.1  |   [1m[35mOrganisation Load (0.3ms)[0m  SELECT "organisations".* FROM "organisations" INNER JOIN "sponsorships" ON "organisations"."id" = "sponsorships"."organisation_id" WHERE "sponsorships"."plaque_id" = $1  [["plaque_id", 976]]
12:00:08 web.1  |   [1m[36mCACHE (0.0ms)[0m  [1mSELECT  "languages".* FROM "languages"  WHERE "languages"."id" = $1 LIMIT 1[0m  [["id", 1]]
12:00:08 web.1  |   [1m[35mPersonalRole Load (0.3ms)[0m  SELECT "personal_roles".* FROM "personal_roles"  WHERE "personal_roles"."person_id" = $1  [["person_id", 3920]]
12:00:08 web.1  |   [1m[36mRole Load (0.3ms)[0m  [1mSELECT  "roles".* FROM "roles"  WHERE "roles"."id" = $1 LIMIT 1[0m  [["id", 3522]]
12:00:08 web.1  |   [1m[35mRole Load (0.3ms)[0m  SELECT "roles".* FROM "roles" INNER JOIN "personal_roles" ON "roles"."id" = "personal_roles"."role_id" WHERE "personal_roles"."person_id" = $1  [["person_id", 3920]]
12:00:08 web.1  |   [1m[36mPlaque Load (0.4ms)[0m  [1mSELECT "plaques".* FROM "plaques" INNER JOIN "personal_connections" ON "plaques"."id" = "personal_connections"."plaque_id" WHERE "personal_connections"."person_id" = $1[0m  [["person_id", 3920]]
12:00:08 web.1  |   [1m[35mPersonalConnection Load (0.3ms)[0m  SELECT "personal_connections".* FROM "personal_connections"  WHERE "personal_connections"."plaque_id" = $1  [["plaque_id", 3800]]
12:00:08 web.1  |   [1m[36mPerson Load (8.9ms)[0m  [1mSELECT  "people".* FROM "people"  WHERE "people"."id" = $1 LIMIT 1[0m  [["id", 2638]]
12:00:08 web.1  |   [1m[35mCACHE (0.0ms)[0m  SELECT  "colours".* FROM "colours"  WHERE "colours"."id" = $1 LIMIT 1  [["id", 2]]
12:00:08 web.1  |   [1m[36mPhoto Load (0.4ms)[0m  [1mSELECT  "photos".* FROM "photos"  WHERE "photos"."plaque_id" = $1 AND "photos"."of_a_plaque" = 't'  ORDER BY shot ASC LIMIT 1[0m  [["plaque_id", 3800]]
12:00:08 web.1  |   [1m[35mPhoto Load (0.5ms)[0m  SELECT "photos".* FROM "photos"  WHERE "photos"."plaque_id" = $1 AND "photos"."of_a_plaque" = 't'  ORDER BY shot ASC  [["plaque_id", 3800]]
12:00:08 web.1  |   [1m[36mOrganisation Load (0.3ms)[0m  [1mSELECT "organisations".* FROM "organisations" INNER JOIN "sponsorships" ON "organisations"."id" = "sponsorships"."organisation_id" WHERE "sponsorships"."plaque_id" = $1[0m  [["plaque_id", 3800]]
12:00:08 web.1  |   [1m[35mCACHE (0.0ms)[0m  SELECT  "languages".* FROM "languages"  WHERE "languages"."id" = $1 LIMIT 1  [["id", 1]]
12:00:08 web.1  |   [1m[36mPersonalRole Load (0.3ms)[0m  [1mSELECT "personal_roles".* FROM "personal_roles"  WHERE "personal_roles"."person_id" = $1[0m  [["person_id", 2638]]
12:00:08 web.1  |   [1m[35mCACHE (0.0ms)[0m  SELECT  "roles".* FROM "roles"  WHERE "roles"."id" = $1 LIMIT 1  [["id", 57]]
12:00:08 web.1  |   [1m[36mRole Load (0.4ms)[0m  [1mSELECT "roles".* FROM "roles" INNER JOIN "personal_roles" ON "roles"."id" = "personal_roles"."role_id" WHERE "personal_roles"."person_id" = $1[0m  [["person_id", 2638]]
12:00:08 web.1  |   [1m[35mPlaque Load (0.4ms)[0m  SELECT "plaques".* FROM "plaques" INNER JOIN "personal_connections" ON "plaques"."id" = "personal_connections"."plaque_id" WHERE "personal_connections"."person_id" = $1  [["person_id", 2638]]
12:00:08 web.1  |   [1m[36mPersonalConnection Load (0.3ms)[0m  [1mSELECT "personal_connections".* FROM "personal_connections"  WHERE "personal_connections"."plaque_id" = $1[0m  [["plaque_id", 1050]]
12:00:08 web.1  |   [1m[35mPerson Load (0.4ms)[0m  SELECT  "people".* FROM "people"  WHERE "people"."id" = $1 LIMIT 1  [["id", 1453]]
12:00:08 web.1  |   [1m[36mCACHE (0.0ms)[0m  [1mSELECT  "colours".* FROM "colours"  WHERE "colours"."id" = $1 LIMIT 1[0m  [["id", 8]]
12:00:08 web.1  |   [1m[35mPhoto Load (0.4ms)[0m  SELECT  "photos".* FROM "photos"  WHERE "photos"."plaque_id" = $1 AND "photos"."of_a_plaque" = 't'  ORDER BY shot ASC LIMIT 1  [["plaque_id", 1050]]
12:00:08 web.1  |   [1m[36mPhoto Load (0.4ms)[0m  [1mSELECT "photos".* FROM "photos"  WHERE "photos"."plaque_id" = $1 AND "photos"."of_a_plaque" = 't'  ORDER BY shot ASC[0m  [["plaque_id", 1050]]
12:00:08 web.1  |   [1m[35mOrganisation Load (0.4ms)[0m  SELECT "organisations".* FROM "organisations" INNER JOIN "sponsorships" ON "organisations"."id" = "sponsorships"."organisation_id" WHERE "sponsorships"."plaque_id" = $1  [["plaque_id", 1050]]
12:00:08 web.1  |   [1m[36mCACHE (0.0ms)[0m  [1mSELECT  "languages".* FROM "languages"  WHERE "languages"."id" = $1 LIMIT 1[0m  [["id", 1]]
12:00:08 web.1  |   [1m[35mPersonalRole Load (0.4ms)[0m  SELECT "personal_roles".* FROM "personal_roles"  WHERE "personal_roles"."person_id" = $1  [["person_id", 1453]]
12:00:08 web.1  |   [1m[36mRole Load (0.7ms)[0m  [1mSELECT  "roles".* FROM "roles"  WHERE "roles"."id" = $1 LIMIT 1[0m  [["id", 5122]]
12:00:08 web.1  |   [1m[35mRole Load (0.7ms)[0m  SELECT "roles".* FROM "roles" INNER JOIN "personal_roles" ON "roles"."id" = "personal_roles"."role_id" WHERE "personal_roles"."person_id" = $1  [["person_id", 1453]]
12:00:08 web.1  |   [1m[36mPlaque Load (0.7ms)[0m  [1mSELECT "plaques".* FROM "plaques" INNER JOIN "personal_connections" ON "plaques"."id" = "personal_connections"."plaque_id" WHERE "personal_connections"."person_id" = $1[0m  [["person_id", 1453]]
12:00:08 web.1  |   [1m[35mPersonalConnection Load (0.9ms)[0m  SELECT "personal_connections".* FROM "personal_connections"  WHERE "personal_connections"."plaque_id" = $1  [["plaque_id", 1051]]
12:00:08 web.1  |   [1m[36mPerson Load (0.3ms)[0m  [1mSELECT  "people".* FROM "people"  WHERE "people"."id" = $1 LIMIT 1[0m  [["id", 1445]]
12:00:08 web.1  |   [1m[35mPerson Load (0.3ms)[0m  SELECT  "people".* FROM "people"  WHERE "people"."id" = $1 LIMIT 1  [["id", 1449]]
12:00:08 web.1  |   [1m[36mCACHE (0.0ms)[0m  [1mSELECT  "colours".* FROM "colours"  WHERE "colours"."id" = $1 LIMIT 1[0m  [["id", 2]]
12:00:08 web.1  |   [1m[35mPhoto Load (0.4ms)[0m  SELECT  "photos".* FROM "photos"  WHERE "photos"."plaque_id" = $1 AND "photos"."of_a_plaque" = 't'  ORDER BY shot ASC LIMIT 1  [["plaque_id", 1051]]
12:00:08 web.1  |   [1m[36mPhoto Load (0.4ms)[0m  [1mSELECT "photos".* FROM "photos"  WHERE "photos"."plaque_id" = $1 AND "photos"."of_a_plaque" = 't'  ORDER BY shot ASC[0m  [["plaque_id", 1051]]
12:00:08 web.1  |   [1m[35mOrganisation Load (0.4ms)[0m  SELECT "organisations".* FROM "organisations" INNER JOIN "sponsorships" ON "organisations"."id" = "sponsorships"."organisation_id" WHERE "sponsorships"."plaque_id" = $1  [["plaque_id", 1051]]
12:00:08 web.1  |   [1m[36mCACHE (0.0ms)[0m  [1mSELECT  "languages".* FROM "languages"  WHERE "languages"."id" = $1 LIMIT 1[0m  [["id", 1]]
12:00:08 web.1  |   [1m[35mPersonalRole Load (0.3ms)[0m  SELECT "personal_roles".* FROM "personal_roles"  WHERE "personal_roles"."person_id" = $1  [["person_id", 1445]]
12:00:08 web.1  |   [1m[36mRole Load (0.3ms)[0m  [1mSELECT  "roles".* FROM "roles"  WHERE "roles"."id" = $1 LIMIT 1[0m  [["id", 4742]]
12:00:08 web.1  |   [1m[35mRole Load (0.7ms)[0m  SELECT  "roles".* FROM "roles"  WHERE "roles"."id" = $1 LIMIT 1  [["id", 4747]]
12:00:08 web.1  |   [1m[36mRole Load (0.4ms)[0m  [1mSELECT "roles".* FROM "roles" INNER JOIN "personal_roles" ON "roles"."id" = "personal_roles"."role_id" WHERE "personal_roles"."person_id" = $1[0m  [["person_id", 1445]]
12:00:09 web.1  |   [1m[35mPersonalRole Load (0.5ms)[0m  SELECT "personal_roles".* FROM "personal_roles"  WHERE "personal_roles"."person_id" = $1  [["person_id", 1449]]
12:00:09 web.1  |   [1m[36mRole Load (0.4ms)[0m  [1mSELECT "roles".* FROM "roles" INNER JOIN "personal_roles" ON "roles"."id" = "personal_roles"."role_id" WHERE "personal_roles"."person_id" = $1[0m  [["person_id", 1449]]
12:00:09 web.1  |   [1m[35mPlaque Load (0.6ms)[0m  SELECT "plaques".* FROM "plaques" INNER JOIN "personal_connections" ON "plaques"."id" = "personal_connections"."plaque_id" WHERE "personal_connections"."person_id" = $1  [["person_id", 1445]]
12:00:09 web.1  |   [1m[36mPlaque Load (0.5ms)[0m  [1mSELECT "plaques".* FROM "plaques" INNER JOIN "personal_connections" ON "plaques"."id" = "personal_connections"."plaque_id" WHERE "personal_connections"."person_id" = $1[0m  [["person_id", 1449]]
12:00:09 web.1  |   [1m[35mPersonalConnection Load (0.3ms)[0m  SELECT "personal_connections".* FROM "personal_connections"  WHERE "personal_connections"."plaque_id" = $1  [["plaque_id", 1054]]
12:00:09 web.1  |   [1m[36mPerson Load (0.4ms)[0m  [1mSELECT  "people".* FROM "people"  WHERE "people"."id" = $1 LIMIT 1[0m  [["id", 1293]]
12:00:09 web.1  |   [1m[35mCACHE (0.0ms)[0m  SELECT  "colours".* FROM "colours"  WHERE "colours"."id" = $1 LIMIT 1  [["id", 6]]
12:00:09 web.1  |   [1m[36mPhoto Load (0.4ms)[0m  [1mSELECT  "photos".* FROM "photos"  WHERE "photos"."plaque_id" = $1 AND "photos"."of_a_plaque" = 't'  ORDER BY shot ASC LIMIT 1[0m  [["plaque_id", 1054]]
12:00:09 web.1  |   [1m[35mPhoto Load (0.4ms)[0m  SELECT "photos".* FROM "photos"  WHERE "photos"."plaque_id" = $1 AND "photos"."of_a_plaque" = 't'  ORDER BY shot ASC  [["plaque_id", 1054]]
12:00:09 web.1  |   [1m[36mOrganisation Load (0.4ms)[0m  [1mSELECT "organisations".* FROM "organisations" INNER JOIN "sponsorships" ON "organisations"."id" = "sponsorships"."organisation_id" WHERE "sponsorships"."plaque_id" = $1[0m  [["plaque_id", 1054]]
12:00:09 web.1  |   [1m[35mCACHE (0.0ms)[0m  SELECT  "languages".* FROM "languages"  WHERE "languages"."id" = $1 LIMIT 1  [["id", 1]]
12:00:09 web.1  |   [1m[36mPersonalRole Load (0.3ms)[0m  [1mSELECT "personal_roles".* FROM "personal_roles"  WHERE "personal_roles"."person_id" = $1[0m  [["person_id", 1293]]
12:00:09 web.1  |   [1m[35mRole Load (0.4ms)[0m  SELECT  "roles".* FROM "roles"  WHERE "roles"."id" = $1 LIMIT 1  [["id", 909]]
12:00:09 web.1  |   [1m[36mCACHE (0.0ms)[0m  [1mSELECT  "roles".* FROM "roles"  WHERE "roles"."id" = $1 LIMIT 1[0m  [["id", 1413]]
12:00:09 web.1  |   [1m[35mRole Load (0.4ms)[0m  SELECT "roles".* FROM "roles" INNER JOIN "personal_roles" ON "roles"."id" = "personal_roles"."role_id" WHERE "personal_roles"."person_id" = $1  [["person_id", 1293]]
12:00:09 web.1  |   [1m[36mPlaque Load (0.4ms)[0m  [1mSELECT "plaques".* FROM "plaques" INNER JOIN "personal_connections" ON "plaques"."id" = "personal_connections"."plaque_id" WHERE "personal_connections"."person_id" = $1[0m  [["person_id", 1293]]
12:00:09 web.1  |   [1m[35mPersonalConnection Load (0.3ms)[0m  SELECT "personal_connections".* FROM "personal_connections"  WHERE "personal_connections"."plaque_id" = $1  [["plaque_id", 1057]]
12:00:09 web.1  |   [1m[36mPerson Load (0.3ms)[0m  [1mSELECT  "people".* FROM "people"  WHERE "people"."id" = $1 LIMIT 1[0m  [["id", 1461]]
12:00:09 web.1  |   [1m[35mPerson Load (0.3ms)[0m  SELECT  "people".* FROM "people"  WHERE "people"."id" = $1 LIMIT 1  [["id", 1465]]
12:00:09 web.1  |   [1m[36mCACHE (0.0ms)[0m  [1mSELECT  "colours".* FROM "colours"  WHERE "colours"."id" = $1 LIMIT 1[0m  [["id", 6]]
12:00:09 web.1  |   [1m[35mPhoto Load (0.5ms)[0m  SELECT  "photos".* FROM "photos"  WHERE "photos"."plaque_id" = $1 AND "photos"."of_a_plaque" = 't'  ORDER BY shot ASC LIMIT 1  [["plaque_id", 1057]]
12:00:09 web.1  |   [1m[36mPhoto Load (0.3ms)[0m  [1mSELECT "photos".* FROM "photos"  WHERE "photos"."plaque_id" = $1 AND "photos"."of_a_plaque" = 't'  ORDER BY shot ASC[0m  [["plaque_id", 1057]]
12:00:09 web.1  |   [1m[35mOrganisation Load (0.4ms)[0m  SELECT "organisations".* FROM "organisations" INNER JOIN "sponsorships" ON "organisations"."id" = "sponsorships"."organisation_id" WHERE "sponsorships"."plaque_id" = $1  [["plaque_id", 1057]]
12:00:09 web.1  |   [1m[36mCACHE (0.0ms)[0m  [1mSELECT  "languages".* FROM "languages"  WHERE "languages"."id" = $1 LIMIT 1[0m  [["id", 1]]
12:00:09 web.1  |   [1m[35mPersonalRole Load (0.3ms)[0m  SELECT "personal_roles".* FROM "personal_roles"  WHERE "personal_roles"."person_id" = $1  [["person_id", 1461]]
12:00:09 web.1  |   [1m[36mCACHE (0.0ms)[0m  [1mSELECT  "roles".* FROM "roles"  WHERE "roles"."id" = $1 LIMIT 1[0m  [["id", 28]]
12:00:09 web.1  |   [1m[35mRole Load (0.3ms)[0m  SELECT "roles".* FROM "roles" INNER JOIN "personal_roles" ON "roles"."id" = "personal_roles"."role_id" WHERE "personal_roles"."person_id" = $1  [["person_id", 1461]]
12:00:09 web.1  |   [1m[36mPersonalRole Load (0.4ms)[0m  [1mSELECT "personal_roles".* FROM "personal_roles"  WHERE "personal_roles"."person_id" = $1[0m  [["person_id", 1465]]
12:00:09 web.1  |   [1m[35mRole Load (0.3ms)[0m  SELECT  "roles".* FROM "roles"  WHERE "roles"."id" = $1 LIMIT 1  [["id", 1721]]
12:00:09 web.1  |   [1m[36mRole Load (0.3ms)[0m  [1mSELECT  "roles".* FROM "roles"  WHERE "roles"."id" = $1 LIMIT 1[0m  [["id", 2524]]
12:00:09 web.1  |   [1m[35mRole Load (0.3ms)[0m  SELECT "roles".* FROM "roles" INNER JOIN "personal_roles" ON "roles"."id" = "personal_roles"."role_id" WHERE "personal_roles"."person_id" = $1  [["person_id", 1465]]
12:00:09 web.1  |   [1m[36mPlaque Load (0.5ms)[0m  [1mSELECT "plaques".* FROM "plaques" INNER JOIN "personal_connections" ON "plaques"."id" = "personal_connections"."plaque_id" WHERE "personal_connections"."person_id" = $1[0m  [["person_id", 1461]]
12:00:09 web.1  |   [1m[35mPlaque Load (0.4ms)[0m  SELECT "plaques".* FROM "plaques" INNER JOIN "personal_connections" ON "plaques"."id" = "personal_connections"."plaque_id" WHERE "personal_connections"."person_id" = $1  [["person_id", 1465]]
12:00:09 web.1  |   [1m[36mPersonalConnection Load (0.3ms)[0m  [1mSELECT "personal_connections".* FROM "personal_connections"  WHERE "personal_connections"."plaque_id" = $1[0m  [["plaque_id", 1058]]
12:00:09 web.1  |   [1m[35mPerson Load (0.3ms)[0m  SELECT  "people".* FROM "people"  WHERE "people"."id" = $1 LIMIT 1  [["id", 1301]]
12:00:09 web.1  |   [1m[36mCACHE (0.0ms)[0m  [1mSELECT  "colours".* FROM "colours"  WHERE "colours"."id" = $1 LIMIT 1[0m  [["id", 2]]
12:00:09 web.1  |   [1m[35mPhoto Load (0.3ms)[0m  SELECT  "photos".* FROM "photos"  WHERE "photos"."plaque_id" = $1 AND "photos"."of_a_plaque" = 't'  ORDER BY shot ASC LIMIT 1  [["plaque_id", 1058]]
12:00:09 web.1  |   [1m[36mPhoto Load (0.3ms)[0m  [1mSELECT "photos".* FROM "photos"  WHERE "photos"."plaque_id" = $1 AND "photos"."of_a_plaque" = 't'  ORDER BY shot ASC[0m  [["plaque_id", 1058]]
12:00:09 web.1  |   [1m[35mOrganisation Load (0.3ms)[0m  SELECT "organisations".* FROM "organisations" INNER JOIN "sponsorships" ON "organisations"."id" = "sponsorships"."organisation_id" WHERE "sponsorships"."plaque_id" = $1  [["plaque_id", 1058]]
12:00:09 web.1  |   [1m[36mCACHE (0.0ms)[0m  [1mSELECT  "languages".* FROM "languages"  WHERE "languages"."id" = $1 LIMIT 1[0m  [["id", 1]]
12:00:09 web.1  |   [1m[35mPersonalRole Load (0.3ms)[0m  SELECT "personal_roles".* FROM "personal_roles"  WHERE "personal_roles"."person_id" = $1  [["person_id", 1301]]
12:00:09 web.1  |   [1m[36mRole Load (0.3ms)[0m  [1mSELECT  "roles".* FROM "roles"  WHERE "roles"."id" = $1 LIMIT 1[0m  [["id", 20]]
12:00:09 web.1  |   [1m[35mRole Load (0.3ms)[0m  SELECT  "roles".* FROM "roles"  WHERE "roles"."id" = $1 LIMIT 1  [["id", 96]]
12:00:09 web.1  |   [1m[36mRole Load (0.3ms)[0m  [1mSELECT  "roles".* FROM "roles"  WHERE "roles"."id" = $1 LIMIT 1[0m  [["id", 917]]
12:00:09 web.1  |   [1m[35mRole Load (0.4ms)[0m  SELECT "roles".* FROM "roles" INNER JOIN "personal_roles" ON "roles"."id" = "personal_roles"."role_id" WHERE "personal_roles"."person_id" = $1  [["person_id", 1301]]
12:00:09 web.1  |   [1m[36mPlaque Load (0.4ms)[0m  [1mSELECT "plaques".* FROM "plaques" INNER JOIN "personal_connections" ON "plaques"."id" = "personal_connections"."plaque_id" WHERE "personal_connections"."person_id" = $1[0m  [["person_id", 1301]]
12:00:09 web.1  |   [1m[35mPersonalConnection Load (0.3ms)[0m  SELECT "personal_connections".* FROM "personal_connections"  WHERE "personal_connections"."plaque_id" = $1  [["plaque_id", 1059]]
12:00:09 web.1  |   [1m[36mPerson Load (0.3ms)[0m  [1mSELECT  "people".* FROM "people"  WHERE "people"."id" = $1 LIMIT 1[0m  [["id", 1325]]
12:00:09 web.1  |   [1m[35mPerson Load (0.3ms)[0m  SELECT  "people".* FROM "people"  WHERE "people"."id" = $1 LIMIT 1  [["id", 1329]]
12:00:09 web.1  |   [1m[36mCACHE (0.1ms)[0m  [1mSELECT  "colours".* FROM "colours"  WHERE "colours"."id" = $1 LIMIT 1[0m  [["id", 6]]
12:00:09 web.1  |   [1m[35mPhoto Load (0.4ms)[0m  SELECT  "photos".* FROM "photos"  WHERE "photos"."plaque_id" = $1 AND "photos"."of_a_plaque" = 't'  ORDER BY shot ASC LIMIT 1  [["plaque_id", 1059]]
12:00:09 web.1  |   [1m[36mPhoto Load (0.4ms)[0m  [1mSELECT "photos".* FROM "photos"  WHERE "photos"."plaque_id" = $1 AND "photos"."of_a_plaque" = 't'  ORDER BY shot ASC[0m  [["plaque_id", 1059]]
12:00:09 web.1  |   [1m[35mOrganisation Load (0.4ms)[0m  SELECT "organisations".* FROM "organisations" INNER JOIN "sponsorships" ON "organisations"."id" = "sponsorships"."organisation_id" WHERE "sponsorships"."plaque_id" = $1  [["plaque_id", 1059]]
12:00:09 web.1  |   [1m[36mCACHE (0.0ms)[0m  [1mSELECT  "languages".* FROM "languages"  WHERE "languages"."id" = $1 LIMIT 1[0m  [["id", 1]]
12:00:09 web.1  |   [1m[35mPersonalRole Load (0.3ms)[0m  SELECT "personal_roles".* FROM "personal_roles"  WHERE "personal_roles"."person_id" = $1  [["person_id", 1325]]
12:00:09 web.1  |   [1m[36mRole Load (0.3ms)[0m  [1mSELECT  "roles".* FROM "roles"  WHERE "roles"."id" = $1 LIMIT 1[0m  [["id", 933]]
12:00:09 web.1  |   [1m[35mRole Load (0.4ms)[0m  SELECT  "roles".* FROM "roles"  WHERE "roles"."id" = $1 LIMIT 1  [["id", 328]]
12:00:09 web.1  |   [1m[36mRole Load (0.3ms)[0m  [1mSELECT  "roles".* FROM "roles"  WHERE "roles"."id" = $1 LIMIT 1[0m  [["id", 5000]]
12:00:09 web.1  |   [1m[35mRole Load (0.3ms)[0m  SELECT  "roles".* FROM "roles"  WHERE "roles"."id" = $1 LIMIT 1  [["id", 6371]]
12:00:09 web.1  |   [1m[36mRole Load (0.4ms)[0m  [1mSELECT "roles".* FROM "roles" INNER JOIN "personal_roles" ON "roles"."id" = "personal_roles"."role_id" WHERE "personal_roles"."person_id" = $1[0m  [["person_id", 1325]]
12:00:09 web.1  |   [1m[35mPersonalRole Load (0.3ms)[0m  SELECT "personal_roles".* FROM "personal_roles"  WHERE "personal_roles"."person_id" = $1  [["person_id", 1329]]
12:00:09 web.1  |   [1m[36mCACHE (0.0ms)[0m  [1mSELECT  "roles".* FROM "roles"  WHERE "roles"."id" = $1 LIMIT 1[0m  [["id", 4]]
12:00:09 web.1  |   [1m[35mCACHE (0.0ms)[0m  SELECT  "roles".* FROM "roles"  WHERE "roles"."id" = $1 LIMIT 1  [["id", 28]]
12:00:09 web.1  |   [1m[36mRole Load (0.4ms)[0m  [1mSELECT "roles".* FROM "roles" INNER JOIN "personal_roles" ON "roles"."id" = "personal_roles"."role_id" WHERE "personal_roles"."person_id" = $1[0m  [["person_id", 1329]]
12:00:09 web.1  |   [1m[35mPlaque Load (0.4ms)[0m  SELECT "plaques".* FROM "plaques" INNER JOIN "personal_connections" ON "plaques"."id" = "personal_connections"."plaque_id" WHERE "personal_connections"."person_id" = $1  [["person_id", 1325]]
12:00:09 web.1  |   [1m[36mPlaque Load (0.4ms)[0m  [1mSELECT "plaques".* FROM "plaques" INNER JOIN "personal_connections" ON "plaques"."id" = "personal_connections"."plaque_id" WHERE "personal_connections"."person_id" = $1[0m  [["person_id", 1329]]
12:00:09 web.1  |   [1m[35mPersonalConnection Load (0.3ms)[0m  SELECT "personal_connections".* FROM "personal_connections"  WHERE "personal_connections"."plaque_id" = $1  [["plaque_id", 1061]]
12:00:09 web.1  |   [1m[36mPerson Load (0.3ms)[0m  [1mSELECT  "people".* FROM "people"  WHERE "people"."id" = $1 LIMIT 1[0m  [["id", 9472]]
12:00:09 web.1  |   [1m[35mCACHE (0.0ms)[0m  SELECT  "colours".* FROM "colours"  WHERE "colours"."id" = $1 LIMIT 1  [["id", 2]]
12:00:09 web.1  |   [1m[36mPhoto Load (0.3ms)[0m  [1mSELECT  "photos".* FROM "photos"  WHERE "photos"."plaque_id" = $1 AND "photos"."of_a_plaque" = 't'  ORDER BY shot ASC LIMIT 1[0m  [["plaque_id", 1061]]
12:00:09 web.1  |   [1m[35mPhoto Load (0.3ms)[0m  SELECT "photos".* FROM "photos"  WHERE "photos"."plaque_id" = $1 AND "photos"."of_a_plaque" = 't'  ORDER BY shot ASC  [["plaque_id", 1061]]
12:00:09 web.1  |   [1m[36mOrganisation Load (0.3ms)[0m  [1mSELECT "organisations".* FROM "organisations" INNER JOIN "sponsorships" ON "organisations"."id" = "sponsorships"."organisation_id" WHERE "sponsorships"."plaque_id" = $1[0m  [["plaque_id", 1061]]
12:00:09 web.1  |   [1m[35mCACHE (0.0ms)[0m  SELECT  "languages".* FROM "languages"  WHERE "languages"."id" = $1 LIMIT 1  [["id", 1]]
12:00:09 web.1  |   [1m[36mPersonalRole Load (0.4ms)[0m  [1mSELECT "personal_roles".* FROM "personal_roles"  WHERE "personal_roles"."person_id" = $1[0m  [["person_id", 9472]]
12:00:09 web.1  |   [1m[35mRole Load (0.7ms)[0m  SELECT  "roles".* FROM "roles"  WHERE "roles"."id" = $1 LIMIT 1  [["id", 4639]]
12:00:09 web.1  |   [1m[36mRole Load (0.3ms)[0m  [1mSELECT "roles".* FROM "roles" INNER JOIN "personal_roles" ON "roles"."id" = "personal_roles"."role_id" WHERE "personal_roles"."person_id" = $1[0m  [["person_id", 9472]]
12:00:09 web.1  |   [1m[35mPlaque Load (0.4ms)[0m  SELECT "plaques".* FROM "plaques" INNER JOIN "personal_connections" ON "plaques"."id" = "personal_connections"."plaque_id" WHERE "personal_connections"."person_id" = $1  [["person_id", 9472]]
12:00:09 web.1  |   [1m[36mPersonalConnection Load (0.3ms)[0m  [1mSELECT "personal_connections".* FROM "personal_connections"  WHERE "personal_connections"."plaque_id" = $1[0m  [["plaque_id", 1062]]
12:00:09 web.1  |   [1m[35mPerson Load (0.3ms)[0m  SELECT  "people".* FROM "people"  WHERE "people"."id" = $1 LIMIT 1  [["id", 1913]]
12:00:09 web.1  |   [1m[36mColour Load (0.3ms)[0m  [1mSELECT  "colours".* FROM "colours"  WHERE "colours"."id" = $1 LIMIT 1[0m  [["id", 10]]
12:00:09 web.1  |   [1m[35mPhoto Load (0.3ms)[0m  SELECT  "photos".* FROM "photos"  WHERE "photos"."plaque_id" = $1 AND "photos"."of_a_plaque" = 't'  ORDER BY shot ASC LIMIT 1  [["plaque_id", 1062]]
12:00:09 web.1  |   [1m[36mPhoto Load (0.3ms)[0m  [1mSELECT "photos".* FROM "photos"  WHERE "photos"."plaque_id" = $1 AND "photos"."of_a_plaque" = 't'  ORDER BY shot ASC[0m  [["plaque_id", 1062]]
12:00:09 web.1  |   [1m[35mOrganisation Load (0.4ms)[0m  SELECT "organisations".* FROM "organisations" INNER JOIN "sponsorships" ON "organisations"."id" = "sponsorships"."organisation_id" WHERE "sponsorships"."plaque_id" = $1  [["plaque_id", 1062]]
12:00:09 web.1  |   [1m[36mCACHE (0.0ms)[0m  [1mSELECT  "languages".* FROM "languages"  WHERE "languages"."id" = $1 LIMIT 1[0m  [["id", 1]]
12:00:09 web.1  |   [1m[35mPersonalRole Load (0.3ms)[0m  SELECT "personal_roles".* FROM "personal_roles"  WHERE "personal_roles"."person_id" = $1  [["person_id", 1913]]
12:00:09 web.1  |   [1m[36mCACHE (0.0ms)[0m  [1mSELECT  "roles".* FROM "roles"  WHERE "roles"."id" = $1 LIMIT 1[0m  [["id", 28]]
12:00:09 web.1  |   [1m[35mCACHE (0.0ms)[0m  SELECT  "roles".* FROM "roles"  WHERE "roles"."id" = $1 LIMIT 1  [["id", 33]]
12:00:09 web.1  |   [1m[36mRole Load (0.4ms)[0m  [1mSELECT "roles".* FROM "roles" INNER JOIN "personal_roles" ON "roles"."id" = "personal_roles"."role_id" WHERE "personal_roles"."person_id" = $1[0m  [["person_id", 1913]]
12:00:09 web.1  |   [1m[35mPlaque Load (0.4ms)[0m  SELECT "plaques".* FROM "plaques" INNER JOIN "personal_connections" ON "plaques"."id" = "personal_connections"."plaque_id" WHERE "personal_connections"."person_id" = $1  [["person_id", 1913]]
12:00:09 web.1  |   [1m[36mPersonalConnection Load (0.4ms)[0m  [1mSELECT "personal_connections".* FROM "personal_connections"  WHERE "personal_connections"."plaque_id" = $1[0m  [["plaque_id", 4420]]
12:00:09 web.1  |   [1m[35mPerson Load (0.3ms)[0m  SELECT  "people".* FROM "people"  WHERE "people"."id" = $1 LIMIT 1  [["id", 2440]]
12:00:09 web.1  |   [1m[36mCACHE (0.0ms)[0m  [1mSELECT  "colours".* FROM "colours"  WHERE "colours"."id" = $1 LIMIT 1[0m  [["id", 8]]
12:00:09 web.1  |   [1m[35mPhoto Load (0.4ms)[0m  SELECT  "photos".* FROM "photos"  WHERE "photos"."plaque_id" = $1 AND "photos"."of_a_plaque" = 't'  ORDER BY shot ASC LIMIT 1  [["plaque_id", 4420]]
12:00:09 web.1  |   [1m[36mPhoto Load (0.3ms)[0m  [1mSELECT "photos".* FROM "photos"  WHERE "photos"."plaque_id" = $1 AND "photos"."of_a_plaque" = 't'  ORDER BY shot ASC[0m  [["plaque_id", 4420]]
12:00:09 web.1  |   [1m[35mOrganisation Load (0.3ms)[0m  SELECT "organisations".* FROM "organisations" INNER JOIN "sponsorships" ON "organisations"."id" = "sponsorships"."organisation_id" WHERE "sponsorships"."plaque_id" = $1  [["plaque_id", 4420]]
12:00:09 web.1  |   [1m[36mCACHE (0.0ms)[0m  [1mSELECT  "languages".* FROM "languages"  WHERE "languages"."id" = $1 LIMIT 1[0m  [["id", 1]]
12:00:09 web.1  |   [1m[35mPersonalRole Load (0.4ms)[0m  SELECT "personal_roles".* FROM "personal_roles"  WHERE "personal_roles"."person_id" = $1  [["person_id", 2440]]
12:00:09 web.1  |   [1m[36mRole Load (0.3ms)[0m  [1mSELECT  "roles".* FROM "roles"  WHERE "roles"."id" = $1 LIMIT 1[0m  [["id", 109]]
12:00:09 web.1  |   [1m[35mRole Load (0.3ms)[0m  SELECT  "roles".* FROM "roles"  WHERE "roles"."id" = $1 LIMIT 1  [["id", 83]]
12:00:09 web.1  |   [1m[36mRole Load (0.4ms)[0m  [1mSELECT "roles".* FROM "roles" INNER JOIN "personal_roles" ON "roles"."id" = "personal_roles"."role_id" WHERE "personal_roles"."person_id" = $1[0m  [["person_id", 2440]]
12:00:09 web.1  |   [1m[35mPlaque Load (0.4ms)[0m  SELECT "plaques".* FROM "plaques" INNER JOIN "personal_connections" ON "plaques"."id" = "personal_connections"."plaque_id" WHERE "personal_connections"."person_id" = $1  [["person_id", 2440]]
12:00:09 web.1  |   [1m[36mPersonalConnection Load (0.3ms)[0m  [1mSELECT "personal_connections".* FROM "personal_connections"  WHERE "personal_connections"."plaque_id" = $1[0m  [["plaque_id", 991]]
12:00:09 web.1  |   [1m[35mCACHE (0.0ms)[0m  SELECT  "people".* FROM "people"  WHERE "people"."id" = $1 LIMIT 1  [["id", 820]]
12:00:09 web.1  |   [1m[36mCACHE (0.0ms)[0m  [1mSELECT  "colours".* FROM "colours"  WHERE "colours"."id" = $1 LIMIT 1[0m  [["id", 6]]
12:00:09 web.1  |   [1m[35mPhoto Load (0.4ms)[0m  SELECT  "photos".* FROM "photos"  WHERE "photos"."plaque_id" = $1 AND "photos"."of_a_plaque" = 't'  ORDER BY shot ASC LIMIT 1  [["plaque_id", 991]]
12:00:09 web.1  |   [1m[36mPhoto Load (0.6ms)[0m  [1mSELECT "photos".* FROM "photos"  WHERE "photos"."plaque_id" = $1 AND "photos"."of_a_plaque" = 't'  ORDER BY shot ASC[0m  [["plaque_id", 991]]
12:00:09 web.1  |   [1m[35mOrganisation Load (0.4ms)[0m  SELECT "organisations".* FROM "organisations" INNER JOIN "sponsorships" ON "organisations"."id" = "sponsorships"."organisation_id" WHERE "sponsorships"."plaque_id" = $1  [["plaque_id", 991]]
12:00:09 web.1  |   [1m[36mCACHE (0.0ms)[0m  [1mSELECT  "languages".* FROM "languages"  WHERE "languages"."id" = $1 LIMIT 1[0m  [["id", 1]]
12:00:09 web.1  |   [1m[35mCACHE (0.0ms)[0m  SELECT "personal_roles".* FROM "personal_roles"  WHERE "personal_roles"."person_id" = $1  [["person_id", 820]]
12:00:09 web.1  |   [1m[36mCACHE (0.0ms)[0m  [1mSELECT  "roles".* FROM "roles"  WHERE "roles"."id" = $1 LIMIT 1[0m  [["id", 913]]
12:00:09 web.1  |   [1m[35mCACHE (0.0ms)[0m  SELECT  "roles".* FROM "roles"  WHERE "roles"."id" = $1 LIMIT 1  [["id", 1377]]
12:00:09 web.1  |   [1m[36mCACHE (0.0ms)[0m  [1mSELECT  "roles".* FROM "roles"  WHERE "roles"."id" = $1 LIMIT 1[0m  [["id", 3663]]
12:00:09 web.1  |   [1m[35mCACHE (0.0ms)[0m  SELECT  "roles".* FROM "roles"  WHERE "roles"."id" = $1 LIMIT 1  [["id", 34]]
12:00:09 web.1  |   [1m[36mCACHE (0.0ms)[0m  [1mSELECT  "roles".* FROM "roles"  WHERE "roles"."id" = $1 LIMIT 1[0m  [["id", 6315]]
12:00:09 web.1  |   [1m[35mCACHE (0.0ms)[0m  SELECT "roles".* FROM "roles" INNER JOIN "personal_roles" ON "roles"."id" = "personal_roles"."role_id" WHERE "personal_roles"."person_id" = $1  [["person_id", 820]]
12:00:09 web.1  |   [1m[36mCACHE (0.0ms)[0m  [1mSELECT "plaques".* FROM "plaques" INNER JOIN "personal_connections" ON "plaques"."id" = "personal_connections"."plaque_id" WHERE "personal_connections"."person_id" = $1[0m  [["person_id", 820]]
12:00:09 web.1  |   [1m[35mPersonalConnection Load (0.3ms)[0m  SELECT "personal_connections".* FROM "personal_connections"  WHERE "personal_connections"."plaque_id" = $1  [["plaque_id", 1069]]
12:00:09 web.1  |   [1m[36mPerson Load (0.3ms)[0m  [1mSELECT  "people".* FROM "people"  WHERE "people"."id" = $1 LIMIT 1[0m  [["id", 461]]
12:00:09 web.1  |   [1m[35mCACHE (0.0ms)[0m  SELECT  "colours".* FROM "colours"  WHERE "colours"."id" = $1 LIMIT 1  [["id", 6]]
12:00:09 web.1  |   [1m[36mPhoto Load (0.4ms)[0m  [1mSELECT  "photos".* FROM "photos"  WHERE "photos"."plaque_id" = $1 AND "photos"."of_a_plaque" = 't'  ORDER BY shot ASC LIMIT 1[0m  [["plaque_id", 1069]]
12:00:09 web.1  |   [1m[35mPhoto Load (0.3ms)[0m  SELECT "photos".* FROM "photos"  WHERE "photos"."plaque_id" = $1 AND "photos"."of_a_plaque" = 't'  ORDER BY shot ASC  [["plaque_id", 1069]]
12:00:09 web.1  |   [1m[36mOrganisation Load (0.4ms)[0m  [1mSELECT "organisations".* FROM "organisations" INNER JOIN "sponsorships" ON "organisations"."id" = "sponsorships"."organisation_id" WHERE "sponsorships"."plaque_id" = $1[0m  [["plaque_id", 1069]]
12:00:09 web.1  |   [1m[35mCACHE (0.0ms)[0m  SELECT  "languages".* FROM "languages"  WHERE "languages"."id" = $1 LIMIT 1  [["id", 1]]
12:00:09 web.1  |   [1m[36mPersonalRole Load (0.3ms)[0m  [1mSELECT "personal_roles".* FROM "personal_roles"  WHERE "personal_roles"."person_id" = $1[0m  [["person_id", 461]]
12:00:09 web.1  |   [1m[35mCACHE (0.0ms)[0m  SELECT  "roles".* FROM "roles"  WHERE "roles"."id" = $1 LIMIT 1  [["id", 2432]]
12:00:09 web.1  |   [1m[36mRole Load (0.3ms)[0m  [1mSELECT "roles".* FROM "roles" INNER JOIN "personal_roles" ON "roles"."id" = "personal_roles"."role_id" WHERE "personal_roles"."person_id" = $1[0m  [["person_id", 461]]
12:00:09 web.1  |   [1m[35mPlaque Load (0.4ms)[0m  SELECT "plaques".* FROM "plaques" INNER JOIN "personal_connections" ON "plaques"."id" = "personal_connections"."plaque_id" WHERE "personal_connections"."person_id" = $1  [["person_id", 461]]
12:00:09 web.1  |   [1m[36mPersonalConnection Load (0.3ms)[0m  [1mSELECT "personal_connections".* FROM "personal_connections"  WHERE "personal_connections"."plaque_id" = $1[0m  [["plaque_id", 1070]]
12:00:09 web.1  |   [1m[35mPerson Load (0.3ms)[0m  SELECT  "people".* FROM "people"  WHERE "people"."id" = $1 LIMIT 1  [["id", 205]]
12:00:09 web.1  |   [1m[36mCACHE (0.0ms)[0m  [1mSELECT  "colours".* FROM "colours"  WHERE "colours"."id" = $1 LIMIT 1[0m  [["id", 6]]
12:00:09 web.1  |   [1m[35mPhoto Load (0.4ms)[0m  SELECT  "photos".* FROM "photos"  WHERE "photos"."plaque_id" = $1 AND "photos"."of_a_plaque" = 't'  ORDER BY shot ASC LIMIT 1  [["plaque_id", 1070]]
12:00:09 web.1  |   [1m[36mPhoto Load (0.3ms)[0m  [1mSELECT "photos".* FROM "photos"  WHERE "photos"."plaque_id" = $1 AND "photos"."of_a_plaque" = 't'  ORDER BY shot ASC[0m  [["plaque_id", 1070]]
12:00:09 web.1  |   [1m[35mOrganisation Load (0.4ms)[0m  SELECT "organisations".* FROM "organisations" INNER JOIN "sponsorships" ON "organisations"."id" = "sponsorships"."organisation_id" WHERE "sponsorships"."plaque_id" = $1  [["plaque_id", 1070]]
12:00:09 web.1  |   [1m[36mCACHE (0.0ms)[0m  [1mSELECT  "languages".* FROM "languages"  WHERE "languages"."id" = $1 LIMIT 1[0m  [["id", 1]]
12:00:09 web.1  |   [1m[35mPersonalRole Load (0.3ms)[0m  SELECT "personal_roles".* FROM "personal_roles"  WHERE "personal_roles"."person_id" = $1  [["person_id", 205]]
12:00:10 web.1  |   [1m[36mRole Load (0.4ms)[0m  [1mSELECT  "roles".* FROM "roles"  WHERE "roles"."id" = $1 LIMIT 1[0m  [["id", 621]]
12:00:10 web.1  |   [1m[35mRole Load (0.3ms)[0m  SELECT  "roles".* FROM "roles"  WHERE "roles"."id" = $1 LIMIT 1  [["id", 2093]]
12:00:10 web.1  |   [1m[36mRole Load (0.3ms)[0m  [1mSELECT  "roles".* FROM "roles"  WHERE "roles"."id" = $1 LIMIT 1[0m  [["id", 2097]]
12:00:10 web.1  |   [1m[35mCACHE (0.0ms)[0m  SELECT  "roles".* FROM "roles"  WHERE "roles"."id" = $1 LIMIT 1  [["id", 1413]]
12:00:10 web.1  |   [1m[36mRole Load (0.4ms)[0m  [1mSELECT "roles".* FROM "roles" INNER JOIN "personal_roles" ON "roles"."id" = "personal_roles"."role_id" WHERE "personal_roles"."person_id" = $1[0m  [["person_id", 205]]
12:00:10 web.1  |   [1m[35mPlaque Load (0.4ms)[0m  SELECT "plaques".* FROM "plaques" INNER JOIN "personal_connections" ON "plaques"."id" = "personal_connections"."plaque_id" WHERE "personal_connections"."person_id" = $1  [["person_id", 205]]
12:00:10 web.1  |   [1m[36mPersonalConnection Load (0.4ms)[0m  [1mSELECT "personal_connections".* FROM "personal_connections"  WHERE "personal_connections"."plaque_id" = $1[0m  [["plaque_id", 1071]]
12:00:10 web.1  |   [1m[35mCACHE (0.0ms)[0m  SELECT  "people".* FROM "people"  WHERE "people"."id" = $1 LIMIT 1  [["id", 854]]
12:00:10 web.1  |   [1m[36mCACHE (0.0ms)[0m  [1mSELECT  "colours".* FROM "colours"  WHERE "colours"."id" = $1 LIMIT 1[0m  [["id", 2]]
12:00:10 web.1  |   [1m[35mPhoto Load (0.5ms)[0m  SELECT  "photos".* FROM "photos"  WHERE "photos"."plaque_id" = $1 AND "photos"."of_a_plaque" = 't'  ORDER BY shot ASC LIMIT 1  [["plaque_id", 1071]]
12:00:10 web.1  |   [1m[36mPhoto Load (0.3ms)[0m  [1mSELECT "photos".* FROM "photos"  WHERE "photos"."plaque_id" = $1 AND "photos"."of_a_plaque" = 't'  ORDER BY shot ASC[0m  [["plaque_id", 1071]]
12:00:10 web.1  |   [1m[35mOrganisation Load (0.4ms)[0m  SELECT "organisations".* FROM "organisations" INNER JOIN "sponsorships" ON "organisations"."id" = "sponsorships"."organisation_id" WHERE "sponsorships"."plaque_id" = $1  [["plaque_id", 1071]]
12:00:10 web.1  |   [1m[36mCACHE (0.0ms)[0m  [1mSELECT  "languages".* FROM "languages"  WHERE "languages"."id" = $1 LIMIT 1[0m  [["id", 1]]
12:00:10 web.1  |   [1m[35mCACHE (0.0ms)[0m  SELECT "personal_roles".* FROM "personal_roles"  WHERE "personal_roles"."person_id" = $1  [["person_id", 854]]
12:00:10 web.1  |   [1m[36mCACHE (0.0ms)[0m  [1mSELECT  "roles".* FROM "roles"  WHERE "roles"."id" = $1 LIMIT 1[0m  [["id", 610]]
12:00:10 web.1  |   [1m[35mCACHE (0.0ms)[0m  SELECT  "roles".* FROM "roles"  WHERE "roles"."id" = $1 LIMIT 1  [["id", 1093]]
12:00:10 web.1  |   [1m[36mCACHE (0.0ms)[0m  [1mSELECT "roles".* FROM "roles" INNER JOIN "personal_roles" ON "roles"."id" = "personal_roles"."role_id" WHERE "personal_roles"."person_id" = $1[0m  [["person_id", 854]]
12:00:10 web.1  |   [1m[35mCACHE (0.0ms)[0m  SELECT "plaques".* FROM "plaques" INNER JOIN "personal_connections" ON "plaques"."id" = "personal_connections"."plaque_id" WHERE "personal_connections"."person_id" = $1  [["person_id", 854]]
12:00:10 web.1  |   [1m[36mPersonalConnection Load (0.3ms)[0m  [1mSELECT "personal_connections".* FROM "personal_connections"  WHERE "personal_connections"."plaque_id" = $1[0m  [["plaque_id", 1075]]
12:00:10 web.1  |   [1m[35mPerson Load (0.4ms)[0m  SELECT  "people".* FROM "people"  WHERE "people"."id" = $1 LIMIT 1  [["id", 1925]]
12:00:10 web.1  |   [1m[36mCACHE (0.0ms)[0m  [1mSELECT  "colours".* FROM "colours"  WHERE "colours"."id" = $1 LIMIT 1[0m  [["id", 6]]
12:00:10 web.1  |   [1m[35mPhoto Load (0.4ms)[0m  SELECT  "photos".* FROM "photos"  WHERE "photos"."plaque_id" = $1 AND "photos"."of_a_plaque" = 't'  ORDER BY shot ASC LIMIT 1  [["plaque_id", 1075]]
12:00:10 web.1  |   [1m[36mPhoto Load (0.4ms)[0m  [1mSELECT "photos".* FROM "photos"  WHERE "photos"."plaque_id" = $1 AND "photos"."of_a_plaque" = 't'  ORDER BY shot ASC[0m  [["plaque_id", 1075]]
12:00:10 web.1  |   [1m[35mOrganisation Load (0.3ms)[0m  SELECT "organisations".* FROM "organisations" INNER JOIN "sponsorships" ON "organisations"."id" = "sponsorships"."organisation_id" WHERE "sponsorships"."plaque_id" = $1  [["plaque_id", 1075]]
12:00:10 web.1  |   [1m[36mCACHE (0.0ms)[0m  [1mSELECT  "languages".* FROM "languages"  WHERE "languages"."id" = $1 LIMIT 1[0m  [["id", 1]]
12:00:10 web.1  |   [1m[35mPersonalRole Load (0.4ms)[0m  SELECT "personal_roles".* FROM "personal_roles"  WHERE "personal_roles"."person_id" = $1  [["person_id", 1925]]
12:00:10 web.1  |   [1m[36mRole Load (0.3ms)[0m  [1mSELECT  "roles".* FROM "roles"  WHERE "roles"."id" = $1 LIMIT 1[0m  [["id", 82]]
12:00:10 web.1  |   [1m[35mRole Load (0.3ms)[0m  SELECT  "roles".* FROM "roles"  WHERE "roles"."id" = $1 LIMIT 1  [["id", 2109]]
12:00:10 web.1  |   [1m[36mRole Load (0.3ms)[0m  [1mSELECT  "roles".* FROM "roles"  WHERE "roles"."id" = $1 LIMIT 1[0m  [["id", 2113]]
12:00:10 web.1  |   [1m[35mRole Load (0.3ms)[0m  SELECT "roles".* FROM "roles" INNER JOIN "personal_roles" ON "roles"."id" = "personal_roles"."role_id" WHERE "personal_roles"."person_id" = $1  [["person_id", 1925]]
12:00:10 web.1  |   [1m[36mPlaque Load (0.4ms)[0m  [1mSELECT "plaques".* FROM "plaques" INNER JOIN "personal_connections" ON "plaques"."id" = "personal_connections"."plaque_id" WHERE "personal_connections"."person_id" = $1[0m  [["person_id", 1925]]
12:00:10 web.1  |   [1m[35mPersonalConnection Load (0.3ms)[0m  SELECT "personal_connections".* FROM "personal_connections"  WHERE "personal_connections"."plaque_id" = $1  [["plaque_id", 1076]]
12:00:10 web.1  |   [1m[36mPerson Load (0.3ms)[0m  [1mSELECT  "people".* FROM "people"  WHERE "people"."id" = $1 LIMIT 1[0m  [["id", 1929]]
12:00:10 web.1  |   [1m[35mCACHE (0.0ms)[0m  SELECT  "colours".* FROM "colours"  WHERE "colours"."id" = $1 LIMIT 1  [["id", 6]]
12:00:10 web.1  |   [1m[36mPhoto Load (0.4ms)[0m  [1mSELECT  "photos".* FROM "photos"  WHERE "photos"."plaque_id" = $1 AND "photos"."of_a_plaque" = 't'  ORDER BY shot ASC LIMIT 1[0m  [["plaque_id", 1076]]
12:00:10 web.1  |   [1m[35mPhoto Load (0.4ms)[0m  SELECT "photos".* FROM "photos"  WHERE "photos"."plaque_id" = $1 AND "photos"."of_a_plaque" = 't'  ORDER BY shot ASC  [["plaque_id", 1076]]
12:00:10 web.1  |   [1m[36mOrganisation Load (0.4ms)[0m  [1mSELECT "organisations".* FROM "organisations" INNER JOIN "sponsorships" ON "organisations"."id" = "sponsorships"."organisation_id" WHERE "sponsorships"."plaque_id" = $1[0m  [["plaque_id", 1076]]
12:00:10 web.1  |   [1m[35mCACHE (0.0ms)[0m  SELECT  "languages".* FROM "languages"  WHERE "languages"."id" = $1 LIMIT 1  [["id", 1]]
12:00:10 web.1  |   [1m[36mPersonalRole Load (0.3ms)[0m  [1mSELECT "personal_roles".* FROM "personal_roles"  WHERE "personal_roles"."person_id" = $1[0m  [["person_id", 1929]]
12:00:10 web.1  |   [1m[35mRole Load (0.3ms)[0m  SELECT  "roles".* FROM "roles"  WHERE "roles"."id" = $1 LIMIT 1  [["id", 32]]
12:00:10 web.1  |   [1m[36mRole Load (0.3ms)[0m  [1mSELECT "roles".* FROM "roles" INNER JOIN "personal_roles" ON "roles"."id" = "personal_roles"."role_id" WHERE "personal_roles"."person_id" = $1[0m  [["person_id", 1929]]
12:00:10 web.1  |   [1m[35mPlaque Load (0.4ms)[0m  SELECT "plaques".* FROM "plaques" INNER JOIN "personal_connections" ON "plaques"."id" = "personal_connections"."plaque_id" WHERE "personal_connections"."person_id" = $1  [["person_id", 1929]]
12:00:10 web.1  |   [1m[36mPersonalConnection Load (0.3ms)[0m  [1mSELECT "personal_connections".* FROM "personal_connections"  WHERE "personal_connections"."plaque_id" = $1[0m  [["plaque_id", 1078]]
12:00:10 web.1  |   [1m[35mPerson Load (0.3ms)[0m  SELECT  "people".* FROM "people"  WHERE "people"."id" = $1 LIMIT 1  [["id", 1941]]
12:00:10 web.1  |   [1m[36mCACHE (0.0ms)[0m  [1mSELECT  "colours".* FROM "colours"  WHERE "colours"."id" = $1 LIMIT 1[0m  [["id", 6]]
12:00:10 web.1  |   [1m[35mPhoto Load (0.4ms)[0m  SELECT  "photos".* FROM "photos"  WHERE "photos"."plaque_id" = $1 AND "photos"."of_a_plaque" = 't'  ORDER BY shot ASC LIMIT 1  [["plaque_id", 1078]]
12:00:10 web.1  |   [1m[36mPhoto Load (0.4ms)[0m  [1mSELECT "photos".* FROM "photos"  WHERE "photos"."plaque_id" = $1 AND "photos"."of_a_plaque" = 't'  ORDER BY shot ASC[0m  [["plaque_id", 1078]]
12:00:10 web.1  |   [1m[35mOrganisation Load (0.3ms)[0m  SELECT "organisations".* FROM "organisations" INNER JOIN "sponsorships" ON "organisations"."id" = "sponsorships"."organisation_id" WHERE "sponsorships"."plaque_id" = $1  [["plaque_id", 1078]]
12:00:10 web.1  |   [1m[36mCACHE (0.0ms)[0m  [1mSELECT  "languages".* FROM "languages"  WHERE "languages"."id" = $1 LIMIT 1[0m  [["id", 1]]
12:00:10 web.1  |   [1m[35mPersonalRole Load (0.3ms)[0m  SELECT "personal_roles".* FROM "personal_roles"  WHERE "personal_roles"."person_id" = $1  [["person_id", 1941]]
12:00:10 web.1  |   [1m[36mRole Load (0.3ms)[0m  [1mSELECT  "roles".* FROM "roles"  WHERE "roles"."id" = $1 LIMIT 1[0m  [["id", 2121]]
12:00:10 web.1  |   [1m[35mRole Load (0.5ms)[0m  SELECT "roles".* FROM "roles" INNER JOIN "personal_roles" ON "roles"."id" = "personal_roles"."role_id" WHERE "personal_roles"."person_id" = $1  [["person_id", 1941]]
12:00:10 web.1  |   [1m[36mPlaque Load (0.5ms)[0m  [1mSELECT "plaques".* FROM "plaques" INNER JOIN "personal_connections" ON "plaques"."id" = "personal_connections"."plaque_id" WHERE "personal_connections"."person_id" = $1[0m  [["person_id", 1941]]
12:00:10 web.1  |   [1m[35mPersonalConnection Load (0.3ms)[0m  SELECT "personal_connections".* FROM "personal_connections"  WHERE "personal_connections"."plaque_id" = $1  [["plaque_id", 1258]]
12:00:10 web.1  |   [1m[36mPerson Load (0.3ms)[0m  [1mSELECT  "people".* FROM "people"  WHERE "people"."id" = $1 LIMIT 1[0m  [["id", 1953]]
12:00:10 web.1  |   [1m[35mCACHE (0.0ms)[0m  SELECT  "colours".* FROM "colours"  WHERE "colours"."id" = $1 LIMIT 1  [["id", 2]]
12:00:10 web.1  |   [1m[36mPhoto Load (0.4ms)[0m  [1mSELECT  "photos".* FROM "photos"  WHERE "photos"."plaque_id" = $1 AND "photos"."of_a_plaque" = 't'  ORDER BY shot ASC LIMIT 1[0m  [["plaque_id", 1258]]
12:00:10 web.1  |   [1m[35mPhoto Load (0.4ms)[0m  SELECT "photos".* FROM "photos"  WHERE "photos"."plaque_id" = $1 AND "photos"."of_a_plaque" = 't'  ORDER BY shot ASC  [["plaque_id", 1258]]
12:00:10 web.1  |   [1m[36mOrganisation Load (0.4ms)[0m  [1mSELECT "organisations".* FROM "organisations" INNER JOIN "sponsorships" ON "organisations"."id" = "sponsorships"."organisation_id" WHERE "sponsorships"."plaque_id" = $1[0m  [["plaque_id", 1258]]
12:00:10 web.1  |   [1m[35mCACHE (0.0ms)[0m  SELECT  "languages".* FROM "languages"  WHERE "languages"."id" = $1 LIMIT 1  [["id", 1]]
12:00:10 web.1  |   [1m[36mPersonalRole Load (0.3ms)[0m  [1mSELECT "personal_roles".* FROM "personal_roles"  WHERE "personal_roles"."person_id" = $1[0m  [["person_id", 1953]]
12:00:10 web.1  |   [1m[35mRole Load (0.3ms)[0m  SELECT  "roles".* FROM "roles"  WHERE "roles"."id" = $1 LIMIT 1  [["id", 2125]]
12:00:10 web.1  |   [1m[36mRole Load (0.4ms)[0m  [1mSELECT "roles".* FROM "roles" INNER JOIN "personal_roles" ON "roles"."id" = "personal_roles"."role_id" WHERE "personal_roles"."person_id" = $1[0m  [["person_id", 1953]]
12:00:10 web.1  |   [1m[35mPlaque Load (0.5ms)[0m  SELECT "plaques".* FROM "plaques" INNER JOIN "personal_connections" ON "plaques"."id" = "personal_connections"."plaque_id" WHERE "personal_connections"."person_id" = $1  [["person_id", 1953]]
12:00:10 web.1  |   [1m[36mPersonalConnection Load (0.3ms)[0m  [1mSELECT "personal_connections".* FROM "personal_connections"  WHERE "personal_connections"."plaque_id" = $1[0m  [["plaque_id", 1259]]
12:00:10 web.1  |   [1m[35mPerson Load (0.3ms)[0m  SELECT  "people".* FROM "people"  WHERE "people"."id" = $1 LIMIT 1  [["id", 961]]
12:00:10 web.1  |   [1m[36mCACHE (0.0ms)[0m  [1mSELECT  "colours".* FROM "colours"  WHERE "colours"."id" = $1 LIMIT 1[0m  [["id", 6]]
12:00:10 web.1  |   [1m[35mPhoto Load (0.4ms)[0m  SELECT  "photos".* FROM "photos"  WHERE "photos"."plaque_id" = $1 AND "photos"."of_a_plaque" = 't'  ORDER BY shot ASC LIMIT 1  [["plaque_id", 1259]]
12:00:10 web.1  |   [1m[36mPhoto Load (0.3ms)[0m  [1mSELECT "photos".* FROM "photos"  WHERE "photos"."plaque_id" = $1 AND "photos"."of_a_plaque" = 't'  ORDER BY shot ASC[0m  [["plaque_id", 1259]]
12:00:10 web.1  |   [1m[35mOrganisation Load (0.3ms)[0m  SELECT "organisations".* FROM "organisations" INNER JOIN "sponsorships" ON "organisations"."id" = "sponsorships"."organisation_id" WHERE "sponsorships"."plaque_id" = $1  [["plaque_id", 1259]]
12:00:10 web.1  |   [1m[36mCACHE (0.0ms)[0m  [1mSELECT  "languages".* FROM "languages"  WHERE "languages"."id" = $1 LIMIT 1[0m  [["id", 1]]
12:00:10 web.1  |   [1m[35mPersonalRole Load (0.3ms)[0m  SELECT "personal_roles".* FROM "personal_roles"  WHERE "personal_roles"."person_id" = $1  [["person_id", 961]]
12:00:10 web.1  |   [1m[36mRole Load (0.3ms)[0m  [1mSELECT  "roles".* FROM "roles"  WHERE "roles"."id" = $1 LIMIT 1[0m  [["id", 717]]
12:00:10 web.1  |   [1m[35mCACHE (0.0ms)[0m  SELECT  "roles".* FROM "roles"  WHERE "roles"."id" = $1 LIMIT 1  [["id", 172]]
12:00:10 web.1  |   [1m[36mRole Load (0.3ms)[0m  [1mSELECT  "roles".* FROM "roles"  WHERE "roles"."id" = $1 LIMIT 1[0m  [["id", 2133]]
12:00:10 web.1  |   [1m[35mRole Load (0.3ms)[0m  SELECT  "roles".* FROM "roles"  WHERE "roles"."id" = $1 LIMIT 1  [["id", 2129]]
12:00:10 web.1  |   [1m[36mRole Load (0.3ms)[0m  [1mSELECT  "roles".* FROM "roles"  WHERE "roles"."id" = $1 LIMIT 1[0m  [["id", 1349]]
12:00:10 web.1  |   [1m[35mRole Load (0.4ms)[0m  SELECT "roles".* FROM "roles" INNER JOIN "personal_roles" ON "roles"."id" = "personal_roles"."role_id" WHERE "personal_roles"."person_id" = $1  [["person_id", 961]]
12:00:10 web.1  |   [1m[36mPlaque Load (0.4ms)[0m  [1mSELECT "plaques".* FROM "plaques" INNER JOIN "personal_connections" ON "plaques"."id" = "personal_connections"."plaque_id" WHERE "personal_connections"."person_id" = $1[0m  [["person_id", 961]]
12:00:10 web.1  |   [1m[35mPersonalConnection Load (0.3ms)[0m  SELECT "personal_connections".* FROM "personal_connections"  WHERE "personal_connections"."plaque_id" = $1  [["plaque_id", 1264]]
12:00:10 web.1  |   [1m[36mPerson Load (0.3ms)[0m  [1mSELECT  "people".* FROM "people"  WHERE "people"."id" = $1 LIMIT 1[0m  [["id", 1161]]
12:00:10 web.1  |   [1m[35mPerson Load (0.9ms)[0m  SELECT  "people".* FROM "people"  WHERE "people"."id" = $1 LIMIT 1  [["id", 1165]]
12:00:10 web.1  |   [1m[36mCACHE (0.0ms)[0m  [1mSELECT  "colours".* FROM "colours"  WHERE "colours"."id" = $1 LIMIT 1[0m  [["id", 2]]
12:00:10 web.1  |   [1m[35mPhoto Load (0.4ms)[0m  SELECT  "photos".* FROM "photos"  WHERE "photos"."plaque_id" = $1 AND "photos"."of_a_plaque" = 't'  ORDER BY shot ASC LIMIT 1  [["plaque_id", 1264]]
12:00:10 web.1  |   [1m[36mPhoto Load (0.4ms)[0m  [1mSELECT "photos".* FROM "photos"  WHERE "photos"."plaque_id" = $1 AND "photos"."of_a_plaque" = 't'  ORDER BY shot ASC[0m  [["plaque_id", 1264]]
12:00:10 web.1  |   [1m[35mOrganisation Load (0.4ms)[0m  SELECT "organisations".* FROM "organisations" INNER JOIN "sponsorships" ON "organisations"."id" = "sponsorships"."organisation_id" WHERE "sponsorships"."plaque_id" = $1  [["plaque_id", 1264]]
12:00:10 web.1  |   [1m[36mCACHE (0.0ms)[0m  [1mSELECT  "languages".* FROM "languages"  WHERE "languages"."id" = $1 LIMIT 1[0m  [["id", 1]]
12:00:10 web.1  |   [1m[35mPersonalRole Load (0.4ms)[0m  SELECT "personal_roles".* FROM "personal_roles"  WHERE "personal_roles"."person_id" = $1  [["person_id", 1161]]
12:00:10 web.1  |   [1m[36mRole Load (0.3ms)[0m  [1mSELECT  "roles".* FROM "roles"  WHERE "roles"."id" = $1 LIMIT 1[0m  [["id", 813]]
12:00:10 web.1  |   [1m[35mRole Load (0.3ms)[0m  SELECT  "roles".* FROM "roles"  WHERE "roles"."id" = $1 LIMIT 1  [["id", 817]]
12:00:10 web.1  |   [1m[36mRole Load (0.3ms)[0m  [1mSELECT  "roles".* FROM "roles"  WHERE "roles"."id" = $1 LIMIT 1[0m  [["id", 821]]
12:00:10 web.1  |   [1m[35mCACHE (0.0ms)[0m  SELECT  "roles".* FROM "roles"  WHERE "roles"."id" = $1 LIMIT 1  [["id", 1377]]
12:00:10 web.1  |   [1m[36mCACHE (0.0ms)[0m  [1mSELECT  "roles".* FROM "roles"  WHERE "roles"."id" = $1 LIMIT 1[0m  [["id", 6315]]
12:00:10 web.1  |   [1m[35mRole Load (0.5ms)[0m  SELECT "roles".* FROM "roles" INNER JOIN "personal_roles" ON "roles"."id" = "personal_roles"."role_id" WHERE "personal_roles"."person_id" = $1  [["person_id", 1161]]
12:00:10 web.1  |   [1m[36mPersonalRole Load (0.3ms)[0m  [1mSELECT "personal_roles".* FROM "personal_roles"  WHERE "personal_roles"."person_id" = $1[0m  [["person_id", 1165]]
12:00:10 web.1  |   [1m[35mRole Load (0.3ms)[0m  SELECT  "roles".* FROM "roles"  WHERE "roles"."id" = $1 LIMIT 1  [["id", 3765]]
12:00:10 web.1  |   [1m[36mRole Load (0.3ms)[0m  [1mSELECT "roles".* FROM "roles" INNER JOIN "personal_roles" ON "roles"."id" = "personal_roles"."role_id" WHERE "personal_roles"."person_id" = $1[0m  [["person_id", 1165]]
12:00:10 web.1  |   [1m[35mPlaque Load (0.4ms)[0m  SELECT "plaques".* FROM "plaques" INNER JOIN "personal_connections" ON "plaques"."id" = "personal_connections"."plaque_id" WHERE "personal_connections"."person_id" = $1  [["person_id", 1161]]
12:00:10 web.1  |   [1m[36mPlaque Load (0.4ms)[0m  [1mSELECT "plaques".* FROM "plaques" INNER JOIN "personal_connections" ON "plaques"."id" = "personal_connections"."plaque_id" WHERE "personal_connections"."person_id" = $1[0m  [["person_id", 1165]]
12:00:10 web.1  |   [1m[35mPersonalConnection Load (0.3ms)[0m  SELECT "personal_connections".* FROM "personal_connections"  WHERE "personal_connections"."plaque_id" = $1  [["plaque_id", 975]]
12:00:10 web.1  |   [1m[36mPerson Load (0.3ms)[0m  [1mSELECT  "people".* FROM "people"  WHERE "people"."id" = $1 LIMIT 1[0m  [["id", 1897]]
12:00:10 web.1  |   [1m[35mPerson Load (0.3ms)[0m  SELECT  "people".* FROM "people"  WHERE "people"."id" = $1 LIMIT 1  [["id", 1281]]
12:00:10 web.1  |   [1m[36mPerson Load (0.3ms)[0m  [1mSELECT  "people".* FROM "people"  WHERE "people"."id" = $1 LIMIT 1[0m  [["id", 1905]]
12:00:10 web.1  |   [1m[35mPerson Load (0.3ms)[0m  SELECT  "people".* FROM "people"  WHERE "people"."id" = $1 LIMIT 1  [["id", 1909]]
12:00:10 web.1  |   [1m[36mCACHE (0.0ms)[0m  [1mSELECT  "colours".* FROM "colours"  WHERE "colours"."id" = $1 LIMIT 1[0m  [["id", 2]]
12:00:10 web.1  |   [1m[35mPhoto Load (0.4ms)[0m  SELECT  "photos".* FROM "photos"  WHERE "photos"."plaque_id" = $1 AND "photos"."of_a_plaque" = 't'  ORDER BY shot ASC LIMIT 1  [["plaque_id", 975]]
12:00:10 web.1  |   [1m[36mPhoto Load (0.4ms)[0m  [1mSELECT "photos".* FROM "photos"  WHERE "photos"."plaque_id" = $1 AND "photos"."of_a_plaque" = 't'  ORDER BY shot ASC[0m  [["plaque_id", 975]]
12:00:10 web.1  |   [1m[35mOrganisation Load (0.4ms)[0m  SELECT "organisations".* FROM "organisations" INNER JOIN "sponsorships" ON "organisations"."id" = "sponsorships"."organisation_id" WHERE "sponsorships"."plaque_id" = $1  [["plaque_id", 975]]
12:00:10 web.1  |   [1m[36mCACHE (0.0ms)[0m  [1mSELECT  "languages".* FROM "languages"  WHERE "languages"."id" = $1 LIMIT 1[0m  [["id", 1]]
12:00:10 web.1  |   [1m[35mPersonalRole Load (0.3ms)[0m  SELECT "personal_roles".* FROM "personal_roles"  WHERE "personal_roles"."person_id" = $1  [["person_id", 1897]]
12:00:10 web.1  |   [1m[36mRole Load (0.3ms)[0m  [1mSELECT  "roles".* FROM "roles"  WHERE "roles"."id" = $1 LIMIT 1[0m  [["id", 428]]
12:00:10 web.1  |   [1m[35mCACHE (0.0ms)[0m  SELECT  "roles".* FROM "roles"  WHERE "roles"."id" = $1 LIMIT 1  [["id", 20]]
12:00:10 web.1  |   [1m[36mRole Load (0.3ms)[0m  [1mSELECT  "roles".* FROM "roles"  WHERE "roles"."id" = $1 LIMIT 1[0m  [["id", 7]]
12:00:10 web.1  |   [1m[35mRole Load (0.3ms)[0m  SELECT  "roles".* FROM "roles"  WHERE "roles"."id" = $1 LIMIT 1  [["id", 4741]]
12:00:10 web.1  |   [1m[36mRole Load (0.3ms)[0m  [1mSELECT  "roles".* FROM "roles"  WHERE "roles"."id" = $1 LIMIT 1[0m  [["id", 5013]]
12:00:10 web.1  |   [1m[35mRole Load (0.4ms)[0m  SELECT "roles".* FROM "roles" INNER JOIN "personal_roles" ON "roles"."id" = "personal_roles"."role_id" WHERE "personal_roles"."person_id" = $1  [["person_id", 1897]]
12:00:10 web.1  |   [1m[36mPersonalRole Load (0.3ms)[0m  [1mSELECT "personal_roles".* FROM "personal_roles"  WHERE "personal_roles"."person_id" = $1[0m  [["person_id", 1281]]
12:00:10 web.1  |   [1m[35mCACHE (0.0ms)[0m  SELECT  "roles".* FROM "roles"  WHERE "roles"."id" = $1 LIMIT 1  [["id", 4742]]
12:00:10 web.1  |   [1m[36mRole Load (0.4ms)[0m  [1mSELECT "roles".* FROM "roles" INNER JOIN "personal_roles" ON "roles"."id" = "personal_roles"."role_id" WHERE "personal_roles"."person_id" = $1[0m  [["person_id", 1281]]
12:00:10 web.1  |   [1m[35mPersonalRole Load (0.3ms)[0m  SELECT "personal_roles".* FROM "personal_roles"  WHERE "personal_roles"."person_id" = $1  [["person_id", 1905]]
12:00:10 web.1  |   [1m[36mCACHE (0.1ms)[0m  [1mSELECT  "roles".* FROM "roles"  WHERE "roles"."id" = $1 LIMIT 1[0m  [["id", 1725]]
12:00:10 web.1  |   [1m[35mCACHE (0.0ms)[0m  SELECT  "roles".* FROM "roles"  WHERE "roles"."id" = $1 LIMIT 1  [["id", 5013]]
12:00:10 web.1  |   [1m[36mRole Load (0.4ms)[0m  [1mSELECT  "roles".* FROM "roles"  WHERE "roles"."id" = $1 LIMIT 1[0m  [["id", 5414]]
12:00:10 web.1  |   [1m[35mCACHE (0.0ms)[0m  SELECT  "roles".* FROM "roles"  WHERE "roles"."id" = $1 LIMIT 1  [["id", 5013]]
12:00:10 web.1  |   [1m[36mRole Load (0.4ms)[0m  [1mSELECT "roles".* FROM "roles" INNER JOIN "personal_roles" ON "roles"."id" = "personal_roles"."role_id" WHERE "personal_roles"."person_id" = $1[0m  [["person_id", 1905]]
12:00:10 web.1  |   [1m[35mPersonalRole Load (0.3ms)[0m  SELECT "personal_roles".* FROM "personal_roles"  WHERE "personal_roles"."person_id" = $1  [["person_id", 1909]]
12:00:10 web.1  |   [1m[36mRole Load (0.6ms)[0m  [1mSELECT  "roles".* FROM "roles"  WHERE "roles"."id" = $1 LIMIT 1[0m  [["id", 841]]
12:00:10 web.1  |   [1m[35mCACHE (0.0ms)[0m  SELECT  "roles".* FROM "roles"  WHERE "roles"."id" = $1 LIMIT 1  [["id", 33]]
12:00:10 web.1  |   [1m[36mCACHE (0.0ms)[0m  [1mSELECT  "roles".* FROM "roles"  WHERE "roles"."id" = $1 LIMIT 1[0m  [["id", 428]]
12:00:10 web.1  |   [1m[35mRole Load (0.3ms)[0m  SELECT  "roles".* FROM "roles"  WHERE "roles"."id" = $1 LIMIT 1  [["id", 3818]]
12:00:10 web.1  |   [1m[36mCACHE (0.0ms)[0m  [1mSELECT  "roles".* FROM "roles"  WHERE "roles"."id" = $1 LIMIT 1[0m  [["id", 4741]]
12:00:10 web.1  |   [1m[35mRole Load (0.5ms)[0m  SELECT "roles".* FROM "roles" INNER JOIN "personal_roles" ON "roles"."id" = "personal_roles"."role_id" WHERE "personal_roles"."person_id" = $1  [["person_id", 1909]]
12:00:10 web.1  |   [1m[36mPlaque Load (0.7ms)[0m  [1mSELECT "plaques".* FROM "plaques" INNER JOIN "personal_connections" ON "plaques"."id" = "personal_connections"."plaque_id" WHERE "personal_connections"."person_id" = $1[0m  [["person_id", 1897]]
12:00:10 web.1  |   [1m[35mPlaque Load (0.4ms)[0m  SELECT "plaques".* FROM "plaques" INNER JOIN "personal_connections" ON "plaques"."id" = "personal_connections"."plaque_id" WHERE "personal_connections"."person_id" = $1  [["person_id", 1281]]
12:00:10 web.1  |   [1m[36mPlaque Load (0.6ms)[0m  [1mSELECT "plaques".* FROM "plaques" INNER JOIN "personal_connections" ON "plaques"."id" = "personal_connections"."plaque_id" WHERE "personal_connections"."person_id" = $1[0m  [["person_id", 1905]]
12:00:10 web.1  |   [1m[35mPlaque Load (0.5ms)[0m  SELECT "plaques".* FROM "plaques" INNER JOIN "personal_connections" ON "plaques"."id" = "personal_connections"."plaque_id" WHERE "personal_connections"."person_id" = $1  [["person_id", 1909]]
12:00:10 web.1  |   [1m[36mPersonalConnection Load (0.3ms)[0m  [1mSELECT "personal_connections".* FROM "personal_connections"  WHERE "personal_connections"."plaque_id" = $1[0m  [["plaque_id", 1123]]
12:00:10 web.1  |   [1m[35mPerson Load (0.3ms)[0m  SELECT  "people".* FROM "people"  WHERE "people"."id" = $1 LIMIT 1  [["id", 2606]]
12:00:10 web.1  |   [1m[36mCACHE (0.0ms)[0m  [1mSELECT  "colours".* FROM "colours"  WHERE "colours"."id" = $1 LIMIT 1[0m  [["id", 12]]
12:00:10 web.1  |   [1m[35mPhoto Load (1.0ms)[0m  SELECT  "photos".* FROM "photos"  WHERE "photos"."plaque_id" = $1 AND "photos"."of_a_plaque" = 't'  ORDER BY shot ASC LIMIT 1  [["plaque_id", 1123]]
12:00:10 web.1  |   [1m[36mPhoto Load (0.4ms)[0m  [1mSELECT "photos".* FROM "photos"  WHERE "photos"."plaque_id" = $1 AND "photos"."of_a_plaque" = 't'  ORDER BY shot ASC[0m  [["plaque_id", 1123]]
12:00:10 web.1  |   [1m[35mOrganisation Load (0.4ms)[0m  SELECT "organisations".* FROM "organisations" INNER JOIN "sponsorships" ON "organisations"."id" = "sponsorships"."organisation_id" WHERE "sponsorships"."plaque_id" = $1  [["plaque_id", 1123]]
12:00:10 web.1  |   [1m[36mCACHE (0.0ms)[0m  [1mSELECT  "languages".* FROM "languages"  WHERE "languages"."id" = $1 LIMIT 1[0m  [["id", 1]]
12:00:10 web.1  |   [1m[35mPersonalRole Load (0.4ms)[0m  SELECT "personal_roles".* FROM "personal_roles"  WHERE "personal_roles"."person_id" = $1  [["person_id", 2606]]
12:00:10 web.1  |   [1m[36mRole Load (0.3ms)[0m  [1mSELECT  "roles".* FROM "roles"  WHERE "roles"."id" = $1 LIMIT 1[0m  [["id", 2742]]
12:00:10 web.1  |   [1m[35mCACHE (0.0ms)[0m  SELECT  "roles".* FROM "roles"  WHERE "roles"."id" = $1 LIMIT 1  [["id", 4626]]
12:00:10 web.1  |   [1m[36mRole Load (0.4ms)[0m  [1mSELECT "roles".* FROM "roles" INNER JOIN "personal_roles" ON "roles"."id" = "personal_roles"."role_id" WHERE "personal_roles"."person_id" = $1[0m  [["person_id", 2606]]
12:00:10 web.1  |   [1m[35mPlaque Load (0.4ms)[0m  SELECT "plaques".* FROM "plaques" INNER JOIN "personal_connections" ON "plaques"."id" = "personal_connections"."plaque_id" WHERE "personal_connections"."person_id" = $1  [["person_id", 2606]]
12:00:10 web.1  |   [1m[36mPersonalConnection Load (0.3ms)[0m  [1mSELECT "personal_connections".* FROM "personal_connections"  WHERE "personal_connections"."plaque_id" = $1[0m  [["plaque_id", 2187]]
12:00:10 web.1  |   [1m[35mCACHE (0.0ms)[0m  SELECT  "people".* FROM "people"  WHERE "people"."id" = $1 LIMIT 1  [["id", 1953]]
12:00:10 web.1  |   [1m[36mCACHE (0.1ms)[0m  [1mSELECT  "colours".* FROM "colours"  WHERE "colours"."id" = $1 LIMIT 1[0m  [["id", 13]]
12:00:10 web.1  |   [1m[35mPhoto Load (0.4ms)[0m  SELECT  "photos".* FROM "photos"  WHERE "photos"."plaque_id" = $1 AND "photos"."of_a_plaque" = 't'  ORDER BY shot ASC LIMIT 1  [["plaque_id", 2187]]
12:00:10 web.1  |   [1m[36mPhoto Load (0.5ms)[0m  [1mSELECT "photos".* FROM "photos"  WHERE "photos"."plaque_id" = $1 AND "photos"."of_a_plaque" = 't'  ORDER BY shot ASC[0m  [["plaque_id", 2187]]
12:00:10 web.1  |   [1m[35mOrganisation Load (0.4ms)[0m  SELECT "organisations".* FROM "organisations" INNER JOIN "sponsorships" ON "organisations"."id" = "sponsorships"."organisation_id" WHERE "sponsorships"."plaque_id" = $1  [["plaque_id", 2187]]
12:00:10 web.1  |   [1m[36mCACHE (0.0ms)[0m  [1mSELECT  "languages".* FROM "languages"  WHERE "languages"."id" = $1 LIMIT 1[0m  [["id", 1]]
12:00:10 web.1  |   [1m[35mCACHE (0.0ms)[0m  SELECT "personal_roles".* FROM "personal_roles"  WHERE "personal_roles"."person_id" = $1  [["person_id", 1953]]
12:00:10 web.1  |   [1m[36mCACHE (0.0ms)[0m  [1mSELECT  "roles".* FROM "roles"  WHERE "roles"."id" = $1 LIMIT 1[0m  [["id", 2125]]
12:00:10 web.1  |   [1m[35mCACHE (0.0ms)[0m  SELECT "roles".* FROM "roles" INNER JOIN "personal_roles" ON "roles"."id" = "personal_roles"."role_id" WHERE "personal_roles"."person_id" = $1  [["person_id", 1953]]
12:00:10 web.1  |   [1m[36mCACHE (0.0ms)[0m  [1mSELECT "plaques".* FROM "plaques" INNER JOIN "personal_connections" ON "plaques"."id" = "personal_connections"."plaque_id" WHERE "personal_connections"."person_id" = $1[0m  [["person_id", 1953]]
12:00:10 web.1  |   [1m[35mPersonalConnection Load (0.3ms)[0m  SELECT "personal_connections".* FROM "personal_connections"  WHERE "personal_connections"."plaque_id" = $1  [["plaque_id", 10849]]
12:00:10 web.1  |   [1m[36mPerson Load (0.4ms)[0m  [1mSELECT  "people".* FROM "people"  WHERE "people"."id" = $1 LIMIT 1[0m  [["id", 7871]]
12:00:10 web.1  |   [1m[35mColour Load (0.3ms)[0m  SELECT  "colours".* FROM "colours"  WHERE "colours"."id" = $1 LIMIT 1  [["id", 3]]
12:00:10 web.1  |   [1m[36mPhoto Load (0.4ms)[0m  [1mSELECT  "photos".* FROM "photos"  WHERE "photos"."plaque_id" = $1 AND "photos"."of_a_plaque" = 't'  ORDER BY shot ASC LIMIT 1[0m  [["plaque_id", 10849]]
12:00:11 web.1  |   [1m[35mPhoto Load (0.4ms)[0m  SELECT "photos".* FROM "photos"  WHERE "photos"."plaque_id" = $1 AND "photos"."of_a_plaque" = 't'  ORDER BY shot ASC  [["plaque_id", 10849]]
12:00:11 web.1  |   [1m[36mOrganisation Load (0.3ms)[0m  [1mSELECT "organisations".* FROM "organisations" INNER JOIN "sponsorships" ON "organisations"."id" = "sponsorships"."organisation_id" WHERE "sponsorships"."plaque_id" = $1[0m  [["plaque_id", 10849]]
12:00:11 web.1  |   [1m[35mCACHE (0.0ms)[0m  SELECT  "languages".* FROM "languages"  WHERE "languages"."id" = $1 LIMIT 1  [["id", 1]]
12:00:11 web.1  |   [1m[36mPersonalRole Load (0.3ms)[0m  [1mSELECT "personal_roles".* FROM "personal_roles"  WHERE "personal_roles"."person_id" = $1[0m  [["person_id", 7871]]
12:00:11 web.1  |   [1m[35mCACHE (0.0ms)[0m  SELECT  "roles".* FROM "roles"  WHERE "roles"."id" = $1 LIMIT 1  [["id", 1413]]
12:00:11 web.1  |   [1m[36mRole Load (0.4ms)[0m  [1mSELECT "roles".* FROM "roles" INNER JOIN "personal_roles" ON "roles"."id" = "personal_roles"."role_id" WHERE "personal_roles"."person_id" = $1[0m  [["person_id", 7871]]
12:00:11 web.1  |   [1m[35mPlaque Load (0.4ms)[0m  SELECT "plaques".* FROM "plaques" INNER JOIN "personal_connections" ON "plaques"."id" = "personal_connections"."plaque_id" WHERE "personal_connections"."person_id" = $1  [["person_id", 7871]]
12:00:11 web.1  |   [1m[36mPersonalConnection Load (0.3ms)[0m  [1mSELECT "personal_connections".* FROM "personal_connections"  WHERE "personal_connections"."plaque_id" = $1[0m  [["plaque_id", 1651]]
12:00:11 web.1  |   [1m[35mPerson Load (0.3ms)[0m  SELECT  "people".* FROM "people"  WHERE "people"."id" = $1 LIMIT 1  [["id", 2388]]
12:00:11 web.1  |   [1m[36mCACHE (0.0ms)[0m  [1mSELECT  "colours".* FROM "colours"  WHERE "colours"."id" = $1 LIMIT 1[0m  [["id", 10]]
12:00:11 web.1  |   [1m[35mPhoto Load (0.4ms)[0m  SELECT  "photos".* FROM "photos"  WHERE "photos"."plaque_id" = $1 AND "photos"."of_a_plaque" = 't'  ORDER BY shot ASC LIMIT 1  [["plaque_id", 1651]]
12:00:11 web.1  |   [1m[36mPhoto Load (0.4ms)[0m  [1mSELECT "photos".* FROM "photos"  WHERE "photos"."plaque_id" = $1 AND "photos"."of_a_plaque" = 't'  ORDER BY shot ASC[0m  [["plaque_id", 1651]]
12:00:11 web.1  |   [1m[35mOrganisation Load (0.3ms)[0m  SELECT "organisations".* FROM "organisations" INNER JOIN "sponsorships" ON "organisations"."id" = "sponsorships"."organisation_id" WHERE "sponsorships"."plaque_id" = $1  [["plaque_id", 1651]]
12:00:11 web.1  |   [1m[36mCACHE (0.0ms)[0m  [1mSELECT  "languages".* FROM "languages"  WHERE "languages"."id" = $1 LIMIT 1[0m  [["id", 1]]
12:00:11 web.1  |   [1m[35mPersonalRole Load (0.3ms)[0m  SELECT "personal_roles".* FROM "personal_roles"  WHERE "personal_roles"."person_id" = $1  [["person_id", 2388]]
12:00:11 web.1  |   [1m[36mRole Load (0.3ms)[0m  [1mSELECT  "roles".* FROM "roles"  WHERE "roles"."id" = $1 LIMIT 1[0m  [["id", 2610]]
12:00:11 web.1  |   [1m[35mRole Load (0.3ms)[0m  SELECT "roles".* FROM "roles" INNER JOIN "personal_roles" ON "roles"."id" = "personal_roles"."role_id" WHERE "personal_roles"."person_id" = $1  [["person_id", 2388]]
12:00:11 web.1  |   [1m[36mPlaque Load (0.4ms)[0m  [1mSELECT "plaques".* FROM "plaques" INNER JOIN "personal_connections" ON "plaques"."id" = "personal_connections"."plaque_id" WHERE "personal_connections"."person_id" = $1[0m  [["person_id", 2388]]
12:00:11 web.1  |   [1m[35mPersonalConnection Load (0.4ms)[0m  SELECT "personal_connections".* FROM "personal_connections"  WHERE "personal_connections"."plaque_id" = $1  [["plaque_id", 1040]]
12:00:11 web.1  |   [1m[36mPerson Load (0.4ms)[0m  [1mSELECT  "people".* FROM "people"  WHERE "people"."id" = $1 LIMIT 1[0m  [["id", 856]]
12:00:11 web.1  |   [1m[35mCACHE (0.0ms)[0m  SELECT  "colours".* FROM "colours"  WHERE "colours"."id" = $1 LIMIT 1  [["id", 6]]
12:00:11 web.1  |   [1m[36mPhoto Load (0.4ms)[0m  [1mSELECT  "photos".* FROM "photos"  WHERE "photos"."plaque_id" = $1 AND "photos"."of_a_plaque" = 't'  ORDER BY shot ASC LIMIT 1[0m  [["plaque_id", 1040]]
12:00:11 web.1  |   [1m[35mPhoto Load (0.3ms)[0m  SELECT "photos".* FROM "photos"  WHERE "photos"."plaque_id" = $1 AND "photos"."of_a_plaque" = 't'  ORDER BY shot ASC  [["plaque_id", 1040]]
12:00:11 web.1  |   [1m[36mOrganisation Load (0.4ms)[0m  [1mSELECT "organisations".* FROM "organisations" INNER JOIN "sponsorships" ON "organisations"."id" = "sponsorships"."organisation_id" WHERE "sponsorships"."plaque_id" = $1[0m  [["plaque_id", 1040]]
12:00:11 web.1  |   [1m[35mCACHE (0.0ms)[0m  SELECT  "languages".* FROM "languages"  WHERE "languages"."id" = $1 LIMIT 1  [["id", 1]]
12:00:11 web.1  |   [1m[36mPersonalRole Load (0.3ms)[0m  [1mSELECT "personal_roles".* FROM "personal_roles"  WHERE "personal_roles"."person_id" = $1[0m  [["person_id", 856]]
12:00:11 web.1  |   [1m[35mRole Load (0.3ms)[0m  SELECT  "roles".* FROM "roles"  WHERE "roles"."id" = $1 LIMIT 1  [["id", 614]]
12:00:11 web.1  |   [1m[36mCACHE (0.0ms)[0m  [1mSELECT  "roles".* FROM "roles"  WHERE "roles"."id" = $1 LIMIT 1[0m  [["id", 1413]]
12:00:11 web.1  |   [1m[35mRole Load (0.4ms)[0m  SELECT "roles".* FROM "roles" INNER JOIN "personal_roles" ON "roles"."id" = "personal_roles"."role_id" WHERE "personal_roles"."person_id" = $1  [["person_id", 856]]
12:00:11 web.1  |   [1m[36mPlaque Load (0.5ms)[0m  [1mSELECT "plaques".* FROM "plaques" INNER JOIN "personal_connections" ON "plaques"."id" = "personal_connections"."plaque_id" WHERE "personal_connections"."person_id" = $1[0m  [["person_id", 856]]
12:00:11 web.1  |   [1m[35mPersonalConnection Load (0.3ms)[0m  SELECT "personal_connections".* FROM "personal_connections"  WHERE "personal_connections"."plaque_id" = $1  [["plaque_id", 1260]]
12:00:11 web.1  |   [1m[36mPerson Load (0.5ms)[0m  [1mSELECT  "people".* FROM "people"  WHERE "people"."id" = $1 LIMIT 1[0m  [["id", 1957]]
12:00:11 web.1  |   [1m[35mCACHE (0.0ms)[0m  SELECT  "colours".* FROM "colours"  WHERE "colours"."id" = $1 LIMIT 1  [["id", 6]]
12:00:11 web.1  |   [1m[36mPhoto Load (0.4ms)[0m  [1mSELECT  "photos".* FROM "photos"  WHERE "photos"."plaque_id" = $1 AND "photos"."of_a_plaque" = 't'  ORDER BY shot ASC LIMIT 1[0m  [["plaque_id", 1260]]
12:00:11 web.1  |   [1m[35mPhoto Load (0.3ms)[0m  SELECT "photos".* FROM "photos"  WHERE "photos"."plaque_id" = $1 AND "photos"."of_a_plaque" = 't'  ORDER BY shot ASC  [["plaque_id", 1260]]
12:00:11 web.1  |   [1m[36mOrganisation Load (0.4ms)[0m  [1mSELECT "organisations".* FROM "organisations" INNER JOIN "sponsorships" ON "organisations"."id" = "sponsorships"."organisation_id" WHERE "sponsorships"."plaque_id" = $1[0m  [["plaque_id", 1260]]
12:00:11 web.1  |   [1m[35mCACHE (0.0ms)[0m  SELECT  "languages".* FROM "languages"  WHERE "languages"."id" = $1 LIMIT 1  [["id", 1]]
12:00:11 web.1  |   [1m[36mPersonalRole Load (0.3ms)[0m  [1mSELECT "personal_roles".* FROM "personal_roles"  WHERE "personal_roles"."person_id" = $1[0m  [["person_id", 1957]]
12:00:11 web.1  |   [1m[35mRole Load (0.3ms)[0m  SELECT  "roles".* FROM "roles"  WHERE "roles"."id" = $1 LIMIT 1  [["id", 2137]]
12:00:11 web.1  |   [1m[36mRole Load (0.3ms)[0m  [1mSELECT  "roles".* FROM "roles"  WHERE "roles"."id" = $1 LIMIT 1[0m  [["id", 2141]]
12:00:11 web.1  |   [1m[35mRole Load (0.4ms)[0m  SELECT "roles".* FROM "roles" INNER JOIN "personal_roles" ON "roles"."id" = "personal_roles"."role_id" WHERE "personal_roles"."person_id" = $1  [["person_id", 1957]]
12:00:11 web.1  |   [1m[36mPlaque Load (0.4ms)[0m  [1mSELECT "plaques".* FROM "plaques" INNER JOIN "personal_connections" ON "plaques"."id" = "personal_connections"."plaque_id" WHERE "personal_connections"."person_id" = $1[0m  [["person_id", 1957]]
12:00:11 web.1  |   [1m[35mPersonalConnection Load (0.3ms)[0m  SELECT "personal_connections".* FROM "personal_connections"  WHERE "personal_connections"."plaque_id" = $1  [["plaque_id", 8952]]
12:00:11 web.1  |   [1m[36mPerson Load (0.4ms)[0m  [1mSELECT  "people".* FROM "people"  WHERE "people"."id" = $1 LIMIT 1[0m  [["id", 6177]]
12:00:11 web.1  |   [1m[35mCACHE (0.0ms)[0m  SELECT  "colours".* FROM "colours"  WHERE "colours"."id" = $1 LIMIT 1  [["id", 2]]
12:00:11 web.1  |   [1m[36mPhoto Load (0.4ms)[0m  [1mSELECT  "photos".* FROM "photos"  WHERE "photos"."plaque_id" = $1 AND "photos"."of_a_plaque" = 't'  ORDER BY shot ASC LIMIT 1[0m  [["plaque_id", 8952]]
12:00:11 web.1  |   [1m[35mPhoto Load (0.4ms)[0m  SELECT "photos".* FROM "photos"  WHERE "photos"."plaque_id" = $1 AND "photos"."of_a_plaque" = 't'  ORDER BY shot ASC  [["plaque_id", 8952]]
12:00:11 web.1  |   [1m[36mOrganisation Load (0.4ms)[0m  [1mSELECT "organisations".* FROM "organisations" INNER JOIN "sponsorships" ON "organisations"."id" = "sponsorships"."organisation_id" WHERE "sponsorships"."plaque_id" = $1[0m  [["plaque_id", 8952]]
12:00:11 web.1  |   [1m[35mCACHE (0.0ms)[0m  SELECT  "languages".* FROM "languages"  WHERE "languages"."id" = $1 LIMIT 1  [["id", 1]]
12:00:11 web.1  |   [1m[36mPersonalRole Load (0.3ms)[0m  [1mSELECT "personal_roles".* FROM "personal_roles"  WHERE "personal_roles"."person_id" = $1[0m  [["person_id", 6177]]
12:00:11 web.1  |   [1m[35mRole Load (0.3ms)[0m  SELECT  "roles".* FROM "roles"  WHERE "roles"."id" = $1 LIMIT 1  [["id", 3996]]
12:00:11 web.1  |   [1m[36mRole Load (0.4ms)[0m  [1mSELECT "roles".* FROM "roles" INNER JOIN "personal_roles" ON "roles"."id" = "personal_roles"."role_id" WHERE "personal_roles"."person_id" = $1[0m  [["person_id", 6177]]
12:00:11 web.1  |   [1m[35mPlaque Load (0.4ms)[0m  SELECT "plaques".* FROM "plaques" INNER JOIN "personal_connections" ON "plaques"."id" = "personal_connections"."plaque_id" WHERE "personal_connections"."person_id" = $1  [["person_id", 6177]]
12:00:11 web.1  |   [1m[36mPersonalConnection Load (0.3ms)[0m  [1mSELECT "personal_connections".* FROM "personal_connections"  WHERE "personal_connections"."plaque_id" = $1[0m  [["plaque_id", 2581]]
12:00:11 web.1  |   [1m[35mPerson Load (0.3ms)[0m  SELECT  "people".* FROM "people"  WHERE "people"."id" = $1 LIMIT 1  [["id", 2312]]
12:00:11 web.1  |   [1m[36mCACHE (0.0ms)[0m  [1mSELECT  "colours".* FROM "colours"  WHERE "colours"."id" = $1 LIMIT 1[0m  [["id", 6]]
12:00:11 web.1  |   [1m[35mPhoto Load (0.4ms)[0m  SELECT  "photos".* FROM "photos"  WHERE "photos"."plaque_id" = $1 AND "photos"."of_a_plaque" = 't'  ORDER BY shot ASC LIMIT 1  [["plaque_id", 2581]]
12:00:11 web.1  |   [1m[36mPhoto Load (1.1ms)[0m  [1mSELECT "photos".* FROM "photos"  WHERE "photos"."plaque_id" = $1 AND "photos"."of_a_plaque" = 't'  ORDER BY shot ASC[0m  [["plaque_id", 2581]]
12:00:11 web.1  |   [1m[35mOrganisation Load (0.3ms)[0m  SELECT "organisations".* FROM "organisations" INNER JOIN "sponsorships" ON "organisations"."id" = "sponsorships"."organisation_id" WHERE "sponsorships"."plaque_id" = $1  [["plaque_id", 2581]]
12:00:11 web.1  |   [1m[36mCACHE (0.0ms)[0m  [1mSELECT  "languages".* FROM "languages"  WHERE "languages"."id" = $1 LIMIT 1[0m  [["id", 1]]
12:00:11 web.1  |   [1m[35mPersonalRole Load (0.3ms)[0m  SELECT "personal_roles".* FROM "personal_roles"  WHERE "personal_roles"."person_id" = $1  [["person_id", 2312]]
12:00:11 web.1  |   [1m[36mRole Load (0.3ms)[0m  [1mSELECT  "roles".* FROM "roles"  WHERE "roles"."id" = $1 LIMIT 1[0m  [["id", 101]]
12:00:11 web.1  |   [1m[35mCACHE (0.0ms)[0m  SELECT  "roles".* FROM "roles"  WHERE "roles"."id" = $1 LIMIT 1  [["id", 101]]
12:00:11 web.1  |   [1m[36mRole Load (0.4ms)[0m  [1mSELECT "roles".* FROM "roles" INNER JOIN "personal_roles" ON "roles"."id" = "personal_roles"."role_id" WHERE "personal_roles"."person_id" = $1[0m  [["person_id", 2312]]
12:00:11 web.1  |   [1m[35mPlaque Load (0.4ms)[0m  SELECT "plaques".* FROM "plaques" INNER JOIN "personal_connections" ON "plaques"."id" = "personal_connections"."plaque_id" WHERE "personal_connections"."person_id" = $1  [["person_id", 2312]]
12:00:11 web.1  |   [1m[36mPersonalConnection Load (0.5ms)[0m  [1mSELECT "personal_connections".* FROM "personal_connections"  WHERE "personal_connections"."plaque_id" = $1[0m  [["plaque_id", 2773]]
12:00:11 web.1  |   [1m[35mPerson Load (0.3ms)[0m  SELECT  "people".* FROM "people"  WHERE "people"."id" = $1 LIMIT 1  [["id", 72]]
12:00:11 web.1  |   [1m[36mCACHE (0.0ms)[0m  [1mSELECT  "colours".* FROM "colours"  WHERE "colours"."id" = $1 LIMIT 1[0m  [["id", 10]]
12:00:11 web.1  |   [1m[35mPhoto Load (0.4ms)[0m  SELECT  "photos".* FROM "photos"  WHERE "photos"."plaque_id" = $1 AND "photos"."of_a_plaque" = 't'  ORDER BY shot ASC LIMIT 1  [["plaque_id", 2773]]
12:00:11 web.1  |   [1m[36mPhoto Load (0.4ms)[0m  [1mSELECT "photos".* FROM "photos"  WHERE "photos"."plaque_id" = $1 AND "photos"."of_a_plaque" = 't'  ORDER BY shot ASC[0m  [["plaque_id", 2773]]
12:00:11 web.1  |   [1m[35mOrganisation Load (0.4ms)[0m  SELECT "organisations".* FROM "organisations" INNER JOIN "sponsorships" ON "organisations"."id" = "sponsorships"."organisation_id" WHERE "sponsorships"."plaque_id" = $1  [["plaque_id", 2773]]
12:00:11 web.1  |   [1m[36mCACHE (0.0ms)[0m  [1mSELECT  "languages".* FROM "languages"  WHERE "languages"."id" = $1 LIMIT 1[0m  [["id", 1]]
12:00:11 web.1  |   [1m[35mPersonalRole Load (0.3ms)[0m  SELECT "personal_roles".* FROM "personal_roles"  WHERE "personal_roles"."person_id" = $1  [["person_id", 72]]
12:00:11 web.1  |   [1m[36mRole Load (0.3ms)[0m  [1mSELECT  "roles".* FROM "roles"  WHERE "roles"."id" = $1 LIMIT 1[0m  [["id", 65]]
12:00:11 web.1  |   [1m[35mRole Load (0.3ms)[0m  SELECT  "roles".* FROM "roles"  WHERE "roles"."id" = $1 LIMIT 1  [["id", 2518]]
12:00:11 web.1  |   [1m[36mRole Load (0.4ms)[0m  [1mSELECT "roles".* FROM "roles" INNER JOIN "personal_roles" ON "roles"."id" = "personal_roles"."role_id" WHERE "personal_roles"."person_id" = $1[0m  [["person_id", 72]]
12:00:11 web.1  |   [1m[35mPlaque Load (0.4ms)[0m  SELECT "plaques".* FROM "plaques" INNER JOIN "personal_connections" ON "plaques"."id" = "personal_connections"."plaque_id" WHERE "personal_connections"."person_id" = $1  [["person_id", 72]]
12:00:11 web.1  |   [1m[36mPersonalConnection Load (0.3ms)[0m  [1mSELECT "personal_connections".* FROM "personal_connections"  WHERE "personal_connections"."plaque_id" = $1[0m  [["plaque_id", 3664]]
12:00:11 web.1  |   [1m[35mCACHE (0.0ms)[0m  SELECT  "people".* FROM "people"  WHERE "people"."id" = $1 LIMIT 1  [["id", 2440]]
12:00:11 web.1  |   [1m[36mCACHE (0.0ms)[0m  [1mSELECT  "colours".* FROM "colours"  WHERE "colours"."id" = $1 LIMIT 1[0m  [["id", 8]]
12:00:11 web.1  |   [1m[35mPhoto Load (0.6ms)[0m  SELECT  "photos".* FROM "photos"  WHERE "photos"."plaque_id" = $1 AND "photos"."of_a_plaque" = 't'  ORDER BY shot ASC LIMIT 1  [["plaque_id", 3664]]
12:00:11 web.1  |   [1m[36mPhoto Load (0.3ms)[0m  [1mSELECT "photos".* FROM "photos"  WHERE "photos"."plaque_id" = $1 AND "photos"."of_a_plaque" = 't'  ORDER BY shot ASC[0m  [["plaque_id", 3664]]
12:00:11 web.1  |   [1m[35mOrganisation Load (0.3ms)[0m  SELECT "organisations".* FROM "organisations" INNER JOIN "sponsorships" ON "organisations"."id" = "sponsorships"."organisation_id" WHERE "sponsorships"."plaque_id" = $1  [["plaque_id", 3664]]
12:00:11 web.1  |   [1m[36mCACHE (0.0ms)[0m  [1mSELECT  "languages".* FROM "languages"  WHERE "languages"."id" = $1 LIMIT 1[0m  [["id", 1]]
12:00:11 web.1  |   [1m[35mCACHE (0.0ms)[0m  SELECT "personal_roles".* FROM "personal_roles"  WHERE "personal_roles"."person_id" = $1  [["person_id", 2440]]
12:00:11 web.1  |   [1m[36mCACHE (0.0ms)[0m  [1mSELECT  "roles".* FROM "roles"  WHERE "roles"."id" = $1 LIMIT 1[0m  [["id", 109]]
12:00:11 web.1  |   [1m[35mCACHE (0.0ms)[0m  SELECT  "roles".* FROM "roles"  WHERE "roles"."id" = $1 LIMIT 1  [["id", 83]]
12:00:11 web.1  |   [1m[36mCACHE (0.0ms)[0m  [1mSELECT "roles".* FROM "roles" INNER JOIN "personal_roles" ON "roles"."id" = "personal_roles"."role_id" WHERE "personal_roles"."person_id" = $1[0m  [["person_id", 2440]]
12:00:11 web.1  |   [1m[35mCACHE (0.0ms)[0m  SELECT "plaques".* FROM "plaques" INNER JOIN "personal_connections" ON "plaques"."id" = "personal_connections"."plaque_id" WHERE "personal_connections"."person_id" = $1  [["person_id", 2440]]
12:00:11 web.1  |   [1m[36mPersonalConnection Load (0.4ms)[0m  [1mSELECT "personal_connections".* FROM "personal_connections"  WHERE "personal_connections"."plaque_id" = $1[0m  [["plaque_id", 6364]]
12:00:11 web.1  |   [1m[35mCACHE (0.1ms)[0m  SELECT  "people".* FROM "people"  WHERE "people"."id" = $1 LIMIT 1  [["id", 3034]]
12:00:11 web.1  |   [1m[36mCACHE (0.0ms)[0m  [1mSELECT  "people".* FROM "people"  WHERE "people"."id" = $1 LIMIT 1[0m  [["id", 3036]]
12:00:11 web.1  |   [1m[35mCACHE (0.0ms)[0m  SELECT  "people".* FROM "people"  WHERE "people"."id" = $1 LIMIT 1  [["id", 3038]]
12:00:11 web.1  |   [1m[36mCACHE (0.0ms)[0m  [1mSELECT  "people".* FROM "people"  WHERE "people"."id" = $1 LIMIT 1[0m  [["id", 3040]]
12:00:11 web.1  |   [1m[35mCACHE (0.0ms)[0m  SELECT  "people".* FROM "people"  WHERE "people"."id" = $1 LIMIT 1  [["id", 3042]]
12:00:11 web.1  |   [1m[36mCACHE (0.0ms)[0m  [1mSELECT  "colours".* FROM "colours"  WHERE "colours"."id" = $1 LIMIT 1[0m  [["id", 15]]
12:00:11 web.1  |   [1m[35mPhoto Load (0.4ms)[0m  SELECT  "photos".* FROM "photos"  WHERE "photos"."plaque_id" = $1 AND "photos"."of_a_plaque" = 't'  ORDER BY shot ASC LIMIT 1  [["plaque_id", 6364]]
12:00:11 web.1  |   [1m[36mPhoto Load (0.3ms)[0m  [1mSELECT "photos".* FROM "photos"  WHERE "photos"."plaque_id" = $1 AND "photos"."of_a_plaque" = 't'  ORDER BY shot ASC[0m  [["plaque_id", 6364]]
12:00:11 web.1  |   [1m[35mOrganisation Load (0.3ms)[0m  SELECT "organisations".* FROM "organisations" INNER JOIN "sponsorships" ON "organisations"."id" = "sponsorships"."organisation_id" WHERE "sponsorships"."plaque_id" = $1  [["plaque_id", 6364]]
12:00:11 web.1  |   [1m[36mCACHE (0.0ms)[0m  [1mSELECT  "languages".* FROM "languages"  WHERE "languages"."id" = $1 LIMIT 1[0m  [["id", 1]]
12:00:11 web.1  |   [1m[35mCACHE (0.0ms)[0m  SELECT "personal_roles".* FROM "personal_roles"  WHERE "personal_roles"."person_id" = $1  [["person_id", 3034]]
12:00:11 web.1  |   [1m[36mCACHE (0.0ms)[0m  [1mSELECT "roles".* FROM "roles" INNER JOIN "personal_roles" ON "roles"."id" = "personal_roles"."role_id" WHERE "personal_roles"."person_id" = $1[0m  [["person_id", 3034]]
12:00:11 web.1  |   [1m[35mCACHE (0.0ms)[0m  SELECT "personal_roles".* FROM "personal_roles"  WHERE "personal_roles"."person_id" = $1  [["person_id", 3036]]
12:00:11 web.1  |   [1m[36mCACHE (0.0ms)[0m  [1mSELECT "roles".* FROM "roles" INNER JOIN "personal_roles" ON "roles"."id" = "personal_roles"."role_id" WHERE "personal_roles"."person_id" = $1[0m  [["person_id", 3036]]
12:00:11 web.1  |   [1m[35mCACHE (0.0ms)[0m  SELECT "personal_roles".* FROM "personal_roles"  WHERE "personal_roles"."person_id" = $1  [["person_id", 3038]]
12:00:11 web.1  |   [1m[36mCACHE (0.0ms)[0m  [1mSELECT "roles".* FROM "roles" INNER JOIN "personal_roles" ON "roles"."id" = "personal_roles"."role_id" WHERE "personal_roles"."person_id" = $1[0m  [["person_id", 3038]]
12:00:11 web.1  |   [1m[35mCACHE (0.0ms)[0m  SELECT "personal_roles".* FROM "personal_roles"  WHERE "personal_roles"."person_id" = $1  [["person_id", 3040]]
12:00:11 web.1  |   [1m[36mCACHE (0.0ms)[0m  [1mSELECT "roles".* FROM "roles" INNER JOIN "personal_roles" ON "roles"."id" = "personal_roles"."role_id" WHERE "personal_roles"."person_id" = $1[0m  [["person_id", 3040]]
12:00:11 web.1  |   [1m[35mCACHE (0.0ms)[0m  SELECT "personal_roles".* FROM "personal_roles"  WHERE "personal_roles"."person_id" = $1  [["person_id", 3042]]
12:00:11 web.1  |   [1m[36mCACHE (0.0ms)[0m  [1mSELECT "roles".* FROM "roles" INNER JOIN "personal_roles" ON "roles"."id" = "personal_roles"."role_id" WHERE "personal_roles"."person_id" = $1[0m  [["person_id", 3042]]
12:00:11 web.1  |   [1m[35mCACHE (0.0ms)[0m  SELECT "plaques".* FROM "plaques" INNER JOIN "personal_connections" ON "plaques"."id" = "personal_connections"."plaque_id" WHERE "personal_connections"."person_id" = $1  [["person_id", 3034]]
12:00:11 web.1  |   [1m[36mCACHE (0.0ms)[0m  [1mSELECT "plaques".* FROM "plaques" INNER JOIN "personal_connections" ON "plaques"."id" = "personal_connections"."plaque_id" WHERE "personal_connections"."person_id" = $1[0m  [["person_id", 3036]]
12:00:11 web.1  |   [1m[35mCACHE (0.0ms)[0m  SELECT "plaques".* FROM "plaques" INNER JOIN "personal_connections" ON "plaques"."id" = "personal_connections"."plaque_id" WHERE "personal_connections"."person_id" = $1  [["person_id", 3038]]
12:00:11 web.1  |   [1m[36mCACHE (0.0ms)[0m  [1mSELECT "plaques".* FROM "plaques" INNER JOIN "personal_connections" ON "plaques"."id" = "personal_connections"."plaque_id" WHERE "personal_connections"."person_id" = $1[0m  [["person_id", 3040]]
12:00:11 web.1  |   [1m[35mCACHE (0.0ms)[0m  SELECT "plaques".* FROM "plaques" INNER JOIN "personal_connections" ON "plaques"."id" = "personal_connections"."plaque_id" WHERE "personal_connections"."person_id" = $1  [["person_id", 3042]]
12:00:11 web.1  |   [1m[36mPersonalConnection Load (0.3ms)[0m  [1mSELECT "personal_connections".* FROM "personal_connections"  WHERE "personal_connections"."plaque_id" = $1[0m  [["plaque_id", 12721]]
12:00:11 web.1  |   [1m[35mPerson Load (0.4ms)[0m  SELECT  "people".* FROM "people"  WHERE "people"."id" = $1 LIMIT 1  [["id", 9470]]
12:00:11 web.1  |   [1m[36mCACHE (0.0ms)[0m  [1mSELECT  "colours".* FROM "colours"  WHERE "colours"."id" = $1 LIMIT 1[0m  [["id", 10]]
12:00:11 web.1  |   [1m[35mPhoto Load (0.4ms)[0m  SELECT  "photos".* FROM "photos"  WHERE "photos"."plaque_id" = $1 AND "photos"."of_a_plaque" = 't'  ORDER BY shot ASC LIMIT 1  [["plaque_id", 12721]]
12:00:11 web.1  |   [1m[36mPhoto Load (0.4ms)[0m  [1mSELECT "photos".* FROM "photos"  WHERE "photos"."plaque_id" = $1 AND "photos"."of_a_plaque" = 't'  ORDER BY shot ASC[0m  [["plaque_id", 12721]]
12:00:11 web.1  |   [1m[35mOrganisation Load (0.3ms)[0m  SELECT "organisations".* FROM "organisations" INNER JOIN "sponsorships" ON "organisations"."id" = "sponsorships"."organisation_id" WHERE "sponsorships"."plaque_id" = $1  [["plaque_id", 12721]]
12:00:11 web.1  |   [1m[36mCACHE (0.0ms)[0m  [1mSELECT  "languages".* FROM "languages"  WHERE "languages"."id" = $1 LIMIT 1[0m  [["id", 1]]
12:00:11 web.1  |   [1m[35mPersonalRole Load (0.3ms)[0m  SELECT "personal_roles".* FROM "personal_roles"  WHERE "personal_roles"."person_id" = $1  [["person_id", 9470]]
12:00:11 web.1  |   [1m[36mRole Load (0.4ms)[0m  [1mSELECT  "roles".* FROM "roles"  WHERE "roles"."id" = $1 LIMIT 1[0m  [["id", 5255]]
12:00:11 web.1  |   [1m[35mRole Load (0.4ms)[0m  SELECT "roles".* FROM "roles" INNER JOIN "personal_roles" ON "roles"."id" = "personal_roles"."role_id" WHERE "personal_roles"."person_id" = $1  [["person_id", 9470]]
12:00:11 web.1  |   [1m[36mPlaque Load (0.4ms)[0m  [1mSELECT "plaques".* FROM "plaques" INNER JOIN "personal_connections" ON "plaques"."id" = "personal_connections"."plaque_id" WHERE "personal_connections"."person_id" = $1[0m  [["person_id", 9470]]
12:00:11 web.1  |   [1m[35mPersonalConnection Load (0.3ms)[0m  SELECT "personal_connections".* FROM "personal_connections"  WHERE "personal_connections"."plaque_id" = $1  [["plaque_id", 12901]]
12:00:11 web.1  |   [1m[36mPerson Load (0.4ms)[0m  [1mSELECT  "people".* FROM "people"  WHERE "people"."id" = $1 LIMIT 1[0m  [["id", 9467]]
12:00:11 web.1  |   [1m[35mCACHE (0.0ms)[0m  SELECT  "colours".* FROM "colours"  WHERE "colours"."id" = $1 LIMIT 1  [["id", 2]]
12:00:11 web.1  |   [1m[36mPhoto Load (0.4ms)[0m  [1mSELECT  "photos".* FROM "photos"  WHERE "photos"."plaque_id" = $1 AND "photos"."of_a_plaque" = 't'  ORDER BY shot ASC LIMIT 1[0m  [["plaque_id", 12901]]
12:00:11 web.1  |   [1m[35mPhoto Load (0.4ms)[0m  SELECT "photos".* FROM "photos"  WHERE "photos"."plaque_id" = $1 AND "photos"."of_a_plaque" = 't'  ORDER BY shot ASC  [["plaque_id", 12901]]
12:00:11 web.1  |   [1m[36mOrganisation Load (0.4ms)[0m  [1mSELECT "organisations".* FROM "organisations" INNER JOIN "sponsorships" ON "organisations"."id" = "sponsorships"."organisation_id" WHERE "sponsorships"."plaque_id" = $1[0m  [["plaque_id", 12901]]
12:00:11 web.1  |   [1m[35mCACHE (0.0ms)[0m  SELECT  "languages".* FROM "languages"  WHERE "languages"."id" = $1 LIMIT 1  [["id", 1]]
12:00:11 web.1  |   [1m[36mPersonalRole Load (0.3ms)[0m  [1mSELECT "personal_roles".* FROM "personal_roles"  WHERE "personal_roles"."person_id" = $1[0m  [["person_id", 9467]]
12:00:11 web.1  |   [1m[35mRole Load (0.3ms)[0m  SELECT  "roles".* FROM "roles"  WHERE "roles"."id" = $1 LIMIT 1  [["id", 84]]
12:00:11 web.1  |   [1m[36mCACHE (0.0ms)[0m  [1mSELECT  "roles".* FROM "roles"  WHERE "roles"."id" = $1 LIMIT 1[0m  [["id", 4]]
12:00:11 web.1  |   [1m[35mRole Load (0.3ms)[0m  SELECT "roles".* FROM "roles" INNER JOIN "personal_roles" ON "roles"."id" = "personal_roles"."role_id" WHERE "personal_roles"."person_id" = $1  [["person_id", 9467]]
12:00:11 web.1  |   [1m[36mPlaque Load (0.4ms)[0m  [1mSELECT "plaques".* FROM "plaques" INNER JOIN "personal_connections" ON "plaques"."id" = "personal_connections"."plaque_id" WHERE "personal_connections"."person_id" = $1[0m  [["person_id", 9467]]
12:00:11 web.1  |   [1m[35mPersonalConnection Load (0.3ms)[0m  SELECT "personal_connections".* FROM "personal_connections"  WHERE "personal_connections"."plaque_id" = $1  [["plaque_id", 6678]]
12:00:11 web.1  |   [1m[36mPerson Load (1.9ms)[0m  [1mSELECT  "people".* FROM "people"  WHERE "people"."id" = $1 LIMIT 1[0m  [["id", 3922]]
12:00:11 web.1  |   [1m[35mCACHE (0.0ms)[0m  SELECT  "colours".* FROM "colours"  WHERE "colours"."id" = $1 LIMIT 1  [["id", 2]]
12:00:11 web.1  |   [1m[36mPhoto Load (0.3ms)[0m  [1mSELECT  "photos".* FROM "photos"  WHERE "photos"."plaque_id" = $1 AND "photos"."of_a_plaque" = 't'  ORDER BY shot ASC LIMIT 1[0m  [["plaque_id", 6678]]
12:00:11 web.1  |   [1m[35mPhoto Load (0.3ms)[0m  SELECT "photos".* FROM "photos"  WHERE "photos"."plaque_id" = $1 AND "photos"."of_a_plaque" = 't'  ORDER BY shot ASC  [["plaque_id", 6678]]
12:00:11 web.1  |   [1m[36mOrganisation Load (0.4ms)[0m  [1mSELECT "organisations".* FROM "organisations" INNER JOIN "sponsorships" ON "organisations"."id" = "sponsorships"."organisation_id" WHERE "sponsorships"."plaque_id" = $1[0m  [["plaque_id", 6678]]
12:00:11 web.1  |   [1m[35mCACHE (0.0ms)[0m  SELECT  "languages".* FROM "languages"  WHERE "languages"."id" = $1 LIMIT 1  [["id", 1]]
12:00:11 web.1  |   [1m[36mPersonalRole Load (0.3ms)[0m  [1mSELECT "personal_roles".* FROM "personal_roles"  WHERE "personal_roles"."person_id" = $1[0m  [["person_id", 3922]]
12:00:11 web.1  |   [1m[35mRole Load (0.3ms)[0m  SELECT  "roles".* FROM "roles"  WHERE "roles"."id" = $1 LIMIT 1  [["id", 3524]]
12:00:11 web.1  |   [1m[36mRole Load (0.3ms)[0m  [1mSELECT  "roles".* FROM "roles"  WHERE "roles"."id" = $1 LIMIT 1[0m  [["id", 6350]]
12:00:11 web.1  |   [1m[35mRole Load (0.4ms)[0m  SELECT "roles".* FROM "roles" INNER JOIN "personal_roles" ON "roles"."id" = "personal_roles"."role_id" WHERE "personal_roles"."person_id" = $1  [["person_id", 3922]]
12:00:11 web.1  |   [1m[36mPlaque Load (0.5ms)[0m  [1mSELECT "plaques".* FROM "plaques" INNER JOIN "personal_connections" ON "plaques"."id" = "personal_connections"."plaque_id" WHERE "personal_connections"."person_id" = $1[0m  [["person_id", 3922]]
12:00:11 web.1  |   [1m[35mPersonalConnection Load (0.4ms)[0m  SELECT "personal_connections".* FROM "personal_connections"  WHERE "personal_connections"."plaque_id" = $1  [["plaque_id", 1064]]
12:00:11 web.1  |   [1m[36mPerson Load (0.3ms)[0m  [1mSELECT  "people".* FROM "people"  WHERE "people"."id" = $1 LIMIT 1[0m  [["id", 1917]]
12:00:11 web.1  |   [1m[35mCACHE (0.0ms)[0m  SELECT  "colours".* FROM "colours"  WHERE "colours"."id" = $1 LIMIT 1  [["id", 6]]
12:00:11 web.1  |   [1m[36mPhoto Load (0.4ms)[0m  [1mSELECT  "photos".* FROM "photos"  WHERE "photos"."plaque_id" = $1 AND "photos"."of_a_plaque" = 't'  ORDER BY shot ASC LIMIT 1[0m  [["plaque_id", 1064]]
12:00:11 web.1  |   [1m[35mPhoto Load (0.4ms)[0m  SELECT "photos".* FROM "photos"  WHERE "photos"."plaque_id" = $1 AND "photos"."of_a_plaque" = 't'  ORDER BY shot ASC  [["plaque_id", 1064]]
12:00:11 web.1  |   [1m[36mOrganisation Load (0.5ms)[0m  [1mSELECT "organisations".* FROM "organisations" INNER JOIN "sponsorships" ON "organisations"."id" = "sponsorships"."organisation_id" WHERE "sponsorships"."plaque_id" = $1[0m  [["plaque_id", 1064]]
12:00:11 web.1  |   [1m[35mCACHE (0.0ms)[0m  SELECT  "languages".* FROM "languages"  WHERE "languages"."id" = $1 LIMIT 1  [["id", 1]]
12:00:11 web.1  |   [1m[36mPersonalRole Load (0.3ms)[0m  [1mSELECT "personal_roles".* FROM "personal_roles"  WHERE "personal_roles"."person_id" = $1[0m  [["person_id", 1917]]
12:00:11 web.1  |   [1m[35mRole Load (0.4ms)[0m  SELECT "roles".* FROM "roles" INNER JOIN "personal_roles" ON "roles"."id" = "personal_roles"."role_id" WHERE "personal_roles"."person_id" = $1  [["person_id", 1917]]
12:00:11 web.1  |   [1m[36mPlaque Load (0.4ms)[0m  [1mSELECT "plaques".* FROM "plaques" INNER JOIN "personal_connections" ON "plaques"."id" = "personal_connections"."plaque_id" WHERE "personal_connections"."person_id" = $1[0m  [["person_id", 1917]]
12:00:12 web.1  |   [1m[35mPersonalConnection Load (0.3ms)[0m  SELECT "personal_connections".* FROM "personal_connections"  WHERE "personal_connections"."plaque_id" = $1  [["plaque_id", 1066]]
12:00:12 web.1  |   [1m[36mPerson Load (0.3ms)[0m  [1mSELECT  "people".* FROM "people"  WHERE "people"."id" = $1 LIMIT 1[0m  [["id", 868]]
12:00:12 web.1  |   [1m[35mCACHE (0.0ms)[0m  SELECT  "colours".* FROM "colours"  WHERE "colours"."id" = $1 LIMIT 1  [["id", 2]]
12:00:12 web.1  |   [1m[36mPhoto Load (0.4ms)[0m  [1mSELECT  "photos".* FROM "photos"  WHERE "photos"."plaque_id" = $1 AND "photos"."of_a_plaque" = 't'  ORDER BY shot ASC LIMIT 1[0m  [["plaque_id", 1066]]
12:00:12 web.1  |   [1m[35mPhoto Load (0.4ms)[0m  SELECT "photos".* FROM "photos"  WHERE "photos"."plaque_id" = $1 AND "photos"."of_a_plaque" = 't'  ORDER BY shot ASC  [["plaque_id", 1066]]
12:00:12 web.1  |   [1m[36mOrganisation Load (0.3ms)[0m  [1mSELECT "organisations".* FROM "organisations" INNER JOIN "sponsorships" ON "organisations"."id" = "sponsorships"."organisation_id" WHERE "sponsorships"."plaque_id" = $1[0m  [["plaque_id", 1066]]
12:00:12 web.1  |   [1m[35mCACHE (0.0ms)[0m  SELECT  "languages".* FROM "languages"  WHERE "languages"."id" = $1 LIMIT 1  [["id", 1]]
12:00:12 web.1  |   [1m[36mPersonalRole Load (0.4ms)[0m  [1mSELECT "personal_roles".* FROM "personal_roles"  WHERE "personal_roles"."person_id" = $1[0m  [["person_id", 868]]
12:00:12 web.1  |   [1m[35mRole Load (0.3ms)[0m  SELECT  "roles".* FROM "roles"  WHERE "roles"."id" = $1 LIMIT 1  [["id", 51]]
12:00:12 web.1  |   [1m[36mRole Load (0.4ms)[0m  [1mSELECT "roles".* FROM "roles" INNER JOIN "personal_roles" ON "roles"."id" = "personal_roles"."role_id" WHERE "personal_roles"."person_id" = $1[0m  [["person_id", 868]]
12:00:12 web.1  |   [1m[35mPlaque Load (0.4ms)[0m  SELECT "plaques".* FROM "plaques" INNER JOIN "personal_connections" ON "plaques"."id" = "personal_connections"."plaque_id" WHERE "personal_connections"."person_id" = $1  [["person_id", 868]]
12:00:12 web.1  |   [1m[36mPersonalConnection Load (0.3ms)[0m  [1mSELECT "personal_connections".* FROM "personal_connections"  WHERE "personal_connections"."plaque_id" = $1[0m  [["plaque_id", 4238]]
12:00:12 web.1  |   [1m[35mPerson Load (0.4ms)[0m  SELECT  "people".* FROM "people"  WHERE "people"."id" = $1 LIMIT 1  [["id", 2914]]
12:00:12 web.1  |   [1m[36mCACHE (0.0ms)[0m  [1mSELECT  "colours".* FROM "colours"  WHERE "colours"."id" = $1 LIMIT 1[0m  [["id", 8]]
12:00:12 web.1  |   [1m[35mPhoto Load (0.4ms)[0m  SELECT  "photos".* FROM "photos"  WHERE "photos"."plaque_id" = $1 AND "photos"."of_a_plaque" = 't'  ORDER BY shot ASC LIMIT 1  [["plaque_id", 4238]]
12:00:12 web.1  |   [1m[36mPhoto Load (0.4ms)[0m  [1mSELECT "photos".* FROM "photos"  WHERE "photos"."plaque_id" = $1 AND "photos"."of_a_plaque" = 't'  ORDER BY shot ASC[0m  [["plaque_id", 4238]]
12:00:12 web.1  |   [1m[35mOrganisation Load (0.3ms)[0m  SELECT "organisations".* FROM "organisations" INNER JOIN "sponsorships" ON "organisations"."id" = "sponsorships"."organisation_id" WHERE "sponsorships"."plaque_id" = $1  [["plaque_id", 4238]]
12:00:12 web.1  |   [1m[36mCACHE (0.0ms)[0m  [1mSELECT  "languages".* FROM "languages"  WHERE "languages"."id" = $1 LIMIT 1[0m  [["id", 1]]
12:00:12 web.1  |   [1m[35mPersonalRole Load (0.3ms)[0m  SELECT "personal_roles".* FROM "personal_roles"  WHERE "personal_roles"."person_id" = $1  [["person_id", 2914]]
12:00:12 web.1  |   [1m[36mRole Load (0.4ms)[0m  [1mSELECT  "roles".* FROM "roles"  WHERE "roles"."id" = $1 LIMIT 1[0m  [["id", 495]]
12:00:12 web.1  |   [1m[35mRole Load (0.4ms)[0m  SELECT  "roles".* FROM "roles"  WHERE "roles"."id" = $1 LIMIT 1  [["id", 451]]
12:00:12 web.1  |   [1m[36mRole Load (0.5ms)[0m  [1mSELECT  "roles".* FROM "roles"  WHERE "roles"."id" = $1 LIMIT 1[0m  [["id", 436]]
12:00:12 web.1  |   [1m[35mRole Load (0.9ms)[0m  SELECT "roles".* FROM "roles" INNER JOIN "personal_roles" ON "roles"."id" = "personal_roles"."role_id" WHERE "personal_roles"."person_id" = $1  [["person_id", 2914]]
12:00:12 web.1  |   [1m[36mPlaque Load (0.4ms)[0m  [1mSELECT "plaques".* FROM "plaques" INNER JOIN "personal_connections" ON "plaques"."id" = "personal_connections"."plaque_id" WHERE "personal_connections"."person_id" = $1[0m  [["person_id", 2914]]
12:00:12 web.1  |   [1m[35mPersonalConnection Load (0.3ms)[0m  SELECT "personal_connections".* FROM "personal_connections"  WHERE "personal_connections"."plaque_id" = $1  [["plaque_id", 1073]]
12:00:12 web.1  |   [1m[36mCACHE (0.0ms)[0m  [1mSELECT  "people".* FROM "people"  WHERE "people"."id" = $1 LIMIT 1[0m  [["id", 1453]]
12:00:12 web.1  |   [1m[35mCACHE (0.0ms)[0m  SELECT  "colours".* FROM "colours"  WHERE "colours"."id" = $1 LIMIT 1  [["id", 6]]
12:00:12 web.1  |   [1m[36mPhoto Load (0.4ms)[0m  [1mSELECT  "photos".* FROM "photos"  WHERE "photos"."plaque_id" = $1 AND "photos"."of_a_plaque" = 't'  ORDER BY shot ASC LIMIT 1[0m  [["plaque_id", 1073]]
12:00:12 web.1  |   [1m[35mPhoto Load (0.4ms)[0m  SELECT "photos".* FROM "photos"  WHERE "photos"."plaque_id" = $1 AND "photos"."of_a_plaque" = 't'  ORDER BY shot ASC  [["plaque_id", 1073]]
12:00:12 web.1  |   [1m[36mOrganisation Load (0.4ms)[0m  [1mSELECT "organisations".* FROM "organisations" INNER JOIN "sponsorships" ON "organisations"."id" = "sponsorships"."organisation_id" WHERE "sponsorships"."plaque_id" = $1[0m  [["plaque_id", 1073]]
12:00:12 web.1  |   [1m[35mCACHE (0.0ms)[0m  SELECT  "languages".* FROM "languages"  WHERE "languages"."id" = $1 LIMIT 1  [["id", 1]]
12:00:12 web.1  |   [1m[36mCACHE (0.0ms)[0m  [1mSELECT "personal_roles".* FROM "personal_roles"  WHERE "personal_roles"."person_id" = $1[0m  [["person_id", 1453]]
12:00:12 web.1  |   [1m[35mCACHE (0.0ms)[0m  SELECT  "roles".* FROM "roles"  WHERE "roles"."id" = $1 LIMIT 1  [["id", 5122]]
12:00:12 web.1  |   [1m[36mCACHE (0.0ms)[0m  [1mSELECT "roles".* FROM "roles" INNER JOIN "personal_roles" ON "roles"."id" = "personal_roles"."role_id" WHERE "personal_roles"."person_id" = $1[0m  [["person_id", 1453]]
12:00:12 web.1  |   [1m[35mCACHE (0.0ms)[0m  SELECT "plaques".* FROM "plaques" INNER JOIN "personal_connections" ON "plaques"."id" = "personal_connections"."plaque_id" WHERE "personal_connections"."person_id" = $1  [["person_id", 1453]]
12:00:12 web.1  |   [1m[36mPersonalConnection Load (0.3ms)[0m  [1mSELECT "personal_connections".* FROM "personal_connections"  WHERE "personal_connections"."plaque_id" = $1[0m  [["plaque_id", 2469]]
12:00:12 web.1  |   [1m[35mPerson Load (0.3ms)[0m  SELECT  "people".* FROM "people"  WHERE "people"."id" = $1 LIMIT 1  [["id", 1437]]
12:00:12 web.1  |   [1m[36mCACHE (0.0ms)[0m  [1mSELECT  "colours".* FROM "colours"  WHERE "colours"."id" = $1 LIMIT 1[0m  [["id", 6]]
12:00:12 web.1  |   [1m[35mPhoto Load (0.5ms)[0m  SELECT  "photos".* FROM "photos"  WHERE "photos"."plaque_id" = $1 AND "photos"."of_a_plaque" = 't'  ORDER BY shot ASC LIMIT 1  [["plaque_id", 2469]]
12:00:12 web.1  |   [1m[36mPhoto Load (0.4ms)[0m  [1mSELECT "photos".* FROM "photos"  WHERE "photos"."plaque_id" = $1 AND "photos"."of_a_plaque" = 't'  ORDER BY shot ASC[0m  [["plaque_id", 2469]]
12:00:12 web.1  |   [1m[35mOrganisation Load (0.3ms)[0m  SELECT "organisations".* FROM "organisations" INNER JOIN "sponsorships" ON "organisations"."id" = "sponsorships"."organisation_id" WHERE "sponsorships"."plaque_id" = $1  [["plaque_id", 2469]]
12:00:12 web.1  |   [1m[36mCACHE (0.0ms)[0m  [1mSELECT  "languages".* FROM "languages"  WHERE "languages"."id" = $1 LIMIT 1[0m  [["id", 1]]
12:00:12 web.1  |   [1m[35mPersonalRole Load (0.3ms)[0m  SELECT "personal_roles".* FROM "personal_roles"  WHERE "personal_roles"."person_id" = $1  [["person_id", 1437]]
12:00:12 web.1  |   [1m[36mCACHE (0.0ms)[0m  [1mSELECT  "roles".* FROM "roles"  WHERE "roles"."id" = $1 LIMIT 1[0m  [["id", 51]]
12:00:12 web.1  |   [1m[35mRole Load (0.3ms)[0m  SELECT  "roles".* FROM "roles"  WHERE "roles"."id" = $1 LIMIT 1  [["id", 1081]]
12:00:12 web.1  |   [1m[36mRole Load (0.4ms)[0m  [1mSELECT "roles".* FROM "roles" INNER JOIN "personal_roles" ON "roles"."id" = "personal_roles"."role_id" WHERE "personal_roles"."person_id" = $1[0m  [["person_id", 1437]]
12:00:12 web.1  |   [1m[35mPlaque Load (0.4ms)[0m  SELECT "plaques".* FROM "plaques" INNER JOIN "personal_connections" ON "plaques"."id" = "personal_connections"."plaque_id" WHERE "personal_connections"."person_id" = $1  [["person_id", 1437]]
12:00:12 web.1  |   [1m[36mPersonalConnection Load (0.3ms)[0m  [1mSELECT "personal_connections".* FROM "personal_connections"  WHERE "personal_connections"."plaque_id" = $1[0m  [["plaque_id", 2473]]
12:00:12 web.1  |   [1m[35mCACHE (0.0ms)[0m  SELECT  "people".* FROM "people"  WHERE "people"."id" = $1 LIMIT 1  [["id", 2440]]
12:00:12 web.1  |   [1m[36mCACHE (0.0ms)[0m  [1mSELECT  "colours".* FROM "colours"  WHERE "colours"."id" = $1 LIMIT 1[0m  [["id", 8]]
12:00:12 web.1  |   [1m[35mPhoto Load (0.4ms)[0m  SELECT  "photos".* FROM "photos"  WHERE "photos"."plaque_id" = $1 AND "photos"."of_a_plaque" = 't'  ORDER BY shot ASC LIMIT 1  [["plaque_id", 2473]]
12:00:12 web.1  |   [1m[36mPhoto Load (0.3ms)[0m  [1mSELECT "photos".* FROM "photos"  WHERE "photos"."plaque_id" = $1 AND "photos"."of_a_plaque" = 't'  ORDER BY shot ASC[0m  [["plaque_id", 2473]]
12:00:12 web.1  |   [1m[35mOrganisation Load (0.3ms)[0m  SELECT "organisations".* FROM "organisations" INNER JOIN "sponsorships" ON "organisations"."id" = "sponsorships"."organisation_id" WHERE "sponsorships"."plaque_id" = $1  [["plaque_id", 2473]]
12:00:12 web.1  |   [1m[36mCACHE (0.0ms)[0m  [1mSELECT  "languages".* FROM "languages"  WHERE "languages"."id" = $1 LIMIT 1[0m  [["id", 1]]
12:00:12 web.1  |   [1m[35mCACHE (0.2ms)[0m  SELECT "personal_roles".* FROM "personal_roles"  WHERE "personal_roles"."person_id" = $1  [["person_id", 2440]]
12:00:12 web.1  |   [1m[36mCACHE (0.0ms)[0m  [1mSELECT  "roles".* FROM "roles"  WHERE "roles"."id" = $1 LIMIT 1[0m  [["id", 109]]
12:00:12 web.1  |   [1m[35mCACHE (0.0ms)[0m  SELECT  "roles".* FROM "roles"  WHERE "roles"."id" = $1 LIMIT 1  [["id", 83]]
12:00:12 web.1  |   [1m[36mCACHE (0.0ms)[0m  [1mSELECT "roles".* FROM "roles" INNER JOIN "personal_roles" ON "roles"."id" = "personal_roles"."role_id" WHERE "personal_roles"."person_id" = $1[0m  [["person_id", 2440]]
12:00:12 web.1  |   [1m[35mCACHE (0.0ms)[0m  SELECT "plaques".* FROM "plaques" INNER JOIN "personal_connections" ON "plaques"."id" = "personal_connections"."plaque_id" WHERE "personal_connections"."person_id" = $1  [["person_id", 2440]]
12:00:12 web.1  |   [1m[36mPersonalConnection Load (0.3ms)[0m  [1mSELECT "personal_connections".* FROM "personal_connections"  WHERE "personal_connections"."plaque_id" = $1[0m  [["plaque_id", 2477]]
12:00:12 web.1  |   [1m[35mPerson Load (0.3ms)[0m  SELECT  "people".* FROM "people"  WHERE "people"."id" = $1 LIMIT 1  [["id", 5638]]
12:00:12 web.1  |   [1m[36mCACHE (0.0ms)[0m  [1mSELECT  "colours".* FROM "colours"  WHERE "colours"."id" = $1 LIMIT 1[0m  [["id", 6]]
12:00:12 web.1  |   [1m[35mPhoto Load (0.3ms)[0m  SELECT  "photos".* FROM "photos"  WHERE "photos"."plaque_id" = $1 AND "photos"."of_a_plaque" = 't'  ORDER BY shot ASC LIMIT 1  [["plaque_id", 2477]]
12:00:12 web.1  |   [1m[36mPhoto Load (0.3ms)[0m  [1mSELECT "photos".* FROM "photos"  WHERE "photos"."plaque_id" = $1 AND "photos"."of_a_plaque" = 't'  ORDER BY shot ASC[0m  [["plaque_id", 2477]]
12:00:12 web.1  |   [1m[35mOrganisation Load (0.3ms)[0m  SELECT "organisations".* FROM "organisations" INNER JOIN "sponsorships" ON "organisations"."id" = "sponsorships"."organisation_id" WHERE "sponsorships"."plaque_id" = $1  [["plaque_id", 2477]]
12:00:12 web.1  |   [1m[36mCACHE (0.0ms)[0m  [1mSELECT  "languages".* FROM "languages"  WHERE "languages"."id" = $1 LIMIT 1[0m  [["id", 1]]
12:00:12 web.1  |   [1m[35mPersonalRole Load (0.3ms)[0m  SELECT "personal_roles".* FROM "personal_roles"  WHERE "personal_roles"."person_id" = $1  [["person_id", 5638]]
12:00:12 web.1  |   [1m[36mRole Load (0.3ms)[0m  [1mSELECT  "roles".* FROM "roles"  WHERE "roles"."id" = $1 LIMIT 1[0m  [["id", 4656]]
12:00:12 web.1  |   [1m[35mRole Load (1.6ms)[0m  SELECT "roles".* FROM "roles" INNER JOIN "personal_roles" ON "roles"."id" = "personal_roles"."role_id" WHERE "personal_roles"."person_id" = $1  [["person_id", 5638]]
12:00:12 web.1  |   [1m[36mPlaque Load (0.4ms)[0m  [1mSELECT "plaques".* FROM "plaques" INNER JOIN "personal_connections" ON "plaques"."id" = "personal_connections"."plaque_id" WHERE "personal_connections"."person_id" = $1[0m  [["person_id", 5638]]
12:00:12 web.1  |   [1m[35mPersonalConnection Load (0.3ms)[0m  SELECT "personal_connections".* FROM "personal_connections"  WHERE "personal_connections"."plaque_id" = $1  [["plaque_id", 10524]]
12:00:12 web.1  |   [1m[36mPerson Load (0.3ms)[0m  [1mSELECT  "people".* FROM "people"  WHERE "people"."id" = $1 LIMIT 1[0m  [["id", 7869]]
12:00:12 web.1  |   [1m[35mCACHE (0.0ms)[0m  SELECT  "colours".* FROM "colours"  WHERE "colours"."id" = $1 LIMIT 1  [["id", 8]]
12:00:12 web.1  |   [1m[36mPhoto Load (0.4ms)[0m  [1mSELECT  "photos".* FROM "photos"  WHERE "photos"."plaque_id" = $1 AND "photos"."of_a_plaque" = 't'  ORDER BY shot ASC LIMIT 1[0m  [["plaque_id", 10524]]
12:00:12 web.1  |   [1m[35mPhoto Load (0.4ms)[0m  SELECT "photos".* FROM "photos"  WHERE "photos"."plaque_id" = $1 AND "photos"."of_a_plaque" = 't'  ORDER BY shot ASC  [["plaque_id", 10524]]
12:00:12 web.1  |   [1m[36mOrganisation Load (0.3ms)[0m  [1mSELECT "organisations".* FROM "organisations" INNER JOIN "sponsorships" ON "organisations"."id" = "sponsorships"."organisation_id" WHERE "sponsorships"."plaque_id" = $1[0m  [["plaque_id", 10524]]
12:00:12 web.1  |   [1m[35mCACHE (0.0ms)[0m  SELECT  "languages".* FROM "languages"  WHERE "languages"."id" = $1 LIMIT 1  [["id", 1]]
12:00:12 web.1  |   [1m[36mPersonalRole Load (0.4ms)[0m  [1mSELECT "personal_roles".* FROM "personal_roles"  WHERE "personal_roles"."person_id" = $1[0m  [["person_id", 7869]]
12:00:12 web.1  |   [1m[35mRole Load (0.3ms)[0m  SELECT  "roles".* FROM "roles"  WHERE "roles"."id" = $1 LIMIT 1  [["id", 5567]]
12:00:12 web.1  |   [1m[36mRole Load (0.3ms)[0m  [1mSELECT "roles".* FROM "roles" INNER JOIN "personal_roles" ON "roles"."id" = "personal_roles"."role_id" WHERE "personal_roles"."person_id" = $1[0m  [["person_id", 7869]]
12:00:12 web.1  |   [1m[35mPlaque Load (0.4ms)[0m  SELECT "plaques".* FROM "plaques" INNER JOIN "personal_connections" ON "plaques"."id" = "personal_connections"."plaque_id" WHERE "personal_connections"."person_id" = $1  [["person_id", 7869]]
12:00:12 web.1  |   [1m[36mPersonalConnection Load (0.4ms)[0m  [1mSELECT "personal_connections".* FROM "personal_connections"  WHERE "personal_connections"."plaque_id" = $1[0m  [["plaque_id", 2059]]
12:00:12 web.1  |   [1m[35mPerson Load (0.4ms)[0m  SELECT  "people".* FROM "people"  WHERE "people"."id" = $1 LIMIT 1  [["id", 443]]
12:00:12 web.1  |   [1m[36mCACHE (0.0ms)[0m  [1mSELECT  "colours".* FROM "colours"  WHERE "colours"."id" = $1 LIMIT 1[0m  [["id", 8]]
12:00:12 web.1  |   [1m[35mPhoto Load (0.3ms)[0m  SELECT  "photos".* FROM "photos"  WHERE "photos"."plaque_id" = $1 AND "photos"."of_a_plaque" = 't'  ORDER BY shot ASC LIMIT 1  [["plaque_id", 2059]]
12:00:12 web.1  |   [1m[36mPhoto Load (0.3ms)[0m  [1mSELECT "photos".* FROM "photos"  WHERE "photos"."plaque_id" = $1 AND "photos"."of_a_plaque" = 't'  ORDER BY shot ASC[0m  [["plaque_id", 2059]]
12:00:12 web.1  |   [1m[35mOrganisation Load (0.4ms)[0m  SELECT "organisations".* FROM "organisations" INNER JOIN "sponsorships" ON "organisations"."id" = "sponsorships"."organisation_id" WHERE "sponsorships"."plaque_id" = $1  [["plaque_id", 2059]]
12:00:12 web.1  |   [1m[36mCACHE (0.0ms)[0m  [1mSELECT  "languages".* FROM "languages"  WHERE "languages"."id" = $1 LIMIT 1[0m  [["id", 1]]
12:00:12 web.1  |   [1m[35mPersonalRole Load (0.3ms)[0m  SELECT "personal_roles".* FROM "personal_roles"  WHERE "personal_roles"."person_id" = $1  [["person_id", 443]]
12:00:12 web.1  |   [1m[36mCACHE (0.0ms)[0m  [1mSELECT  "roles".* FROM "roles"  WHERE "roles"."id" = $1 LIMIT 1[0m  [["id", 4]]
12:00:12 web.1  |   [1m[35mRole Load (0.3ms)[0m  SELECT  "roles".* FROM "roles"  WHERE "roles"."id" = $1 LIMIT 1  [["id", 1153]]
12:00:12 web.1  |   [1m[36mRole Load (0.3ms)[0m  [1mSELECT "roles".* FROM "roles" INNER JOIN "personal_roles" ON "roles"."id" = "personal_roles"."role_id" WHERE "personal_roles"."person_id" = $1[0m  [["person_id", 443]]
12:00:12 web.1  |   [1m[35mPlaque Load (0.4ms)[0m  SELECT "plaques".* FROM "plaques" INNER JOIN "personal_connections" ON "plaques"."id" = "personal_connections"."plaque_id" WHERE "personal_connections"."person_id" = $1  [["person_id", 443]]
12:00:12 web.1  |   [1m[36mPersonalConnection Load (0.3ms)[0m  [1mSELECT "personal_connections".* FROM "personal_connections"  WHERE "personal_connections"."plaque_id" = $1[0m  [["plaque_id", 1065]]
12:00:12 web.1  |   [1m[35mPerson Load (0.3ms)[0m  SELECT  "people".* FROM "people"  WHERE "people"."id" = $1 LIMIT 1  [["id", 1317]]
12:00:12 web.1  |   [1m[36mCACHE (0.0ms)[0m  [1mSELECT  "colours".* FROM "colours"  WHERE "colours"."id" = $1 LIMIT 1[0m  [["id", 2]]
12:00:12 web.1  |   [1m[35mPhoto Load (0.4ms)[0m  SELECT  "photos".* FROM "photos"  WHERE "photos"."plaque_id" = $1 AND "photos"."of_a_plaque" = 't'  ORDER BY shot ASC LIMIT 1  [["plaque_id", 1065]]
12:00:12 web.1  |   [1m[36mPhoto Load (0.3ms)[0m  [1mSELECT "photos".* FROM "photos"  WHERE "photos"."plaque_id" = $1 AND "photos"."of_a_plaque" = 't'  ORDER BY shot ASC[0m  [["plaque_id", 1065]]
12:00:12 web.1  |   [1m[35mOrganisation Load (0.3ms)[0m  SELECT "organisations".* FROM "organisations" INNER JOIN "sponsorships" ON "organisations"."id" = "sponsorships"."organisation_id" WHERE "sponsorships"."plaque_id" = $1  [["plaque_id", 1065]]
12:00:12 web.1  |   [1m[36mCACHE (0.0ms)[0m  [1mSELECT  "languages".* FROM "languages"  WHERE "languages"."id" = $1 LIMIT 1[0m  [["id", 1]]
12:00:12 web.1  |   [1m[35mPersonalRole Load (0.3ms)[0m  SELECT "personal_roles".* FROM "personal_roles"  WHERE "personal_roles"."person_id" = $1  [["person_id", 1317]]
12:00:12 web.1  |   [1m[36mRole Load (0.4ms)[0m  [1mSELECT  "roles".* FROM "roles"  WHERE "roles"."id" = $1 LIMIT 1[0m  [["id", 921]]
12:00:12 web.1  |   [1m[35mRole Load (0.3ms)[0m  SELECT  "roles".* FROM "roles"  WHERE "roles"."id" = $1 LIMIT 1  [["id", 3320]]
12:00:12 web.1  |   [1m[36mRole Load (0.4ms)[0m  [1mSELECT "roles".* FROM "roles" INNER JOIN "personal_roles" ON "roles"."id" = "personal_roles"."role_id" WHERE "personal_roles"."person_id" = $1[0m  [["person_id", 1317]]
12:00:12 web.1  |   [1m[35mPlaque Load (0.4ms)[0m  SELECT "plaques".* FROM "plaques" INNER JOIN "personal_connections" ON "plaques"."id" = "personal_connections"."plaque_id" WHERE "personal_connections"."person_id" = $1  [["person_id", 1317]]
12:00:12 web.1  |   [1m[36mPersonalConnection Load (0.3ms)[0m  [1mSELECT "personal_connections".* FROM "personal_connections"  WHERE "personal_connections"."plaque_id" = $1[0m  [["plaque_id", 27949]]
12:00:12 web.1  |   [1m[35mPerson Load (0.3ms)[0m  SELECT  "people".* FROM "people"  WHERE "people"."id" = $1 LIMIT 1  [["id", 8442]]
12:00:12 web.1  |   [1m[36mCACHE (0.0ms)[0m  [1mSELECT  "colours".* FROM "colours"  WHERE "colours"."id" = $1 LIMIT 1[0m  [["id", 2]]
12:00:12 web.1  |   [1m[35mPhoto Load (0.4ms)[0m  SELECT  "photos".* FROM "photos"  WHERE "photos"."plaque_id" = $1 AND "photos"."of_a_plaque" = 't'  ORDER BY shot ASC LIMIT 1  [["plaque_id", 27949]]
12:00:12 web.1  |   [1m[36mPhoto Load (0.3ms)[0m  [1mSELECT "photos".* FROM "photos"  WHERE "photos"."plaque_id" = $1 AND "photos"."of_a_plaque" = 't'  ORDER BY shot ASC[0m  [["plaque_id", 27949]]
12:00:12 web.1  |   [1m[35mOrganisation Load (0.3ms)[0m  SELECT "organisations".* FROM "organisations" INNER JOIN "sponsorships" ON "organisations"."id" = "sponsorships"."organisation_id" WHERE "sponsorships"."plaque_id" = $1  [["plaque_id", 27949]]
12:00:12 web.1  |   [1m[36mCACHE (0.0ms)[0m  [1mSELECT  "languages".* FROM "languages"  WHERE "languages"."id" = $1 LIMIT 1[0m  [["id", 1]]
12:00:12 web.1  |   [1m[35mPersonalRole Load (0.3ms)[0m  SELECT "personal_roles".* FROM "personal_roles"  WHERE "personal_roles"."person_id" = $1  [["person_id", 8442]]
12:00:12 web.1  |   [1m[36mCACHE (0.0ms)[0m  [1mSELECT  "roles".* FROM "roles"  WHERE "roles"."id" = $1 LIMIT 1[0m  [["id", 2]]
12:00:12 web.1  |   [1m[35mCACHE (0.0ms)[0m  SELECT  "roles".* FROM "roles"  WHERE "roles"."id" = $1 LIMIT 1  [["id", 20]]
12:00:12 web.1  |   [1m[36mRole Load (0.3ms)[0m  [1mSELECT  "roles".* FROM "roles"  WHERE "roles"."id" = $1 LIMIT 1[0m  [["id", 6211]]
12:00:12 web.1  |   [1m[35mRole Load (0.4ms)[0m  SELECT "roles".* FROM "roles" INNER JOIN "personal_roles" ON "roles"."id" = "personal_roles"."role_id" WHERE "personal_roles"."person_id" = $1  [["person_id", 8442]]
12:00:12 web.1  |   [1m[36mPlaque Load (0.4ms)[0m  [1mSELECT "plaques".* FROM "plaques" INNER JOIN "personal_connections" ON "plaques"."id" = "personal_connections"."plaque_id" WHERE "personal_connections"."person_id" = $1[0m  [["person_id", 8442]]
12:00:12 web.1  |   [1m[35mPersonalConnection Load (0.3ms)[0m  SELECT "personal_connections".* FROM "personal_connections"  WHERE "personal_connections"."plaque_id" = $1  [["plaque_id", 1035]]
12:00:12 web.1  |   [1m[36mPerson Load (0.3ms)[0m  [1mSELECT  "people".* FROM "people"  WHERE "people"."id" = $1 LIMIT 1[0m  [["id", 1045]]
12:00:12 web.1  |   [1m[35mCACHE (0.0ms)[0m  SELECT  "colours".* FROM "colours"  WHERE "colours"."id" = $1 LIMIT 1  [["id", 13]]
12:00:12 web.1  |   [1m[36mPhoto Load (0.4ms)[0m  [1mSELECT  "photos".* FROM "photos"  WHERE "photos"."plaque_id" = $1 AND "photos"."of_a_plaque" = 't'  ORDER BY shot ASC LIMIT 1[0m  [["plaque_id", 1035]]
12:00:12 web.1  |   [1m[35mPhoto Load (0.4ms)[0m  SELECT "photos".* FROM "photos"  WHERE "photos"."plaque_id" = $1 AND "photos"."of_a_plaque" = 't'  ORDER BY shot ASC  [["plaque_id", 1035]]
12:00:12 web.1  |   [1m[36mOrganisation Load (0.4ms)[0m  [1mSELECT "organisations".* FROM "organisations" INNER JOIN "sponsorships" ON "organisations"."id" = "sponsorships"."organisation_id" WHERE "sponsorships"."plaque_id" = $1[0m  [["plaque_id", 1035]]
12:00:12 web.1  |   [1m[35mCACHE (0.0ms)[0m  SELECT  "languages".* FROM "languages"  WHERE "languages"."id" = $1 LIMIT 1  [["id", 1]]
12:00:12 web.1  |   [1m[36mPersonalRole Load (0.4ms)[0m  [1mSELECT "personal_roles".* FROM "personal_roles"  WHERE "personal_roles"."person_id" = $1[0m  [["person_id", 1045]]
12:00:12 web.1  |   [1m[35mCACHE (0.0ms)[0m  SELECT  "roles".* FROM "roles"  WHERE "roles"."id" = $1 LIMIT 1  [["id", 809]]
12:00:12 web.1  |   [1m[36mRole Load (0.3ms)[0m  [1mSELECT  "roles".* FROM "roles"  WHERE "roles"."id" = $1 LIMIT 1[0m  [["id", 1121]]
12:00:12 web.1  |   [1m[35mRole Load (0.3ms)[0m  SELECT  "roles".* FROM "roles"  WHERE "roles"."id" = $1 LIMIT 1  [["id", 2980]]
12:00:12 web.1  |   [1m[36mRole Load (0.3ms)[0m  [1mSELECT  "roles".* FROM "roles"  WHERE "roles"."id" = $1 LIMIT 1[0m  [["id", 3264]]
12:00:12 web.1  |   [1m[35mRole Load (0.3ms)[0m  SELECT  "roles".* FROM "roles"  WHERE "roles"."id" = $1 LIMIT 1  [["id", 4434]]
12:00:12 web.1  |   [1m[36mRole Load (0.5ms)[0m  [1mSELECT "roles".* FROM "roles" INNER JOIN "personal_roles" ON "roles"."id" = "personal_roles"."role_id" WHERE "personal_roles"."person_id" = $1[0m  [["person_id", 1045]]
12:00:12 web.1  |   [1m[35mPlaque Load (0.5ms)[0m  SELECT "plaques".* FROM "plaques" INNER JOIN "personal_connections" ON "plaques"."id" = "personal_connections"."plaque_id" WHERE "personal_connections"."person_id" = $1  [["person_id", 1045]]
12:00:12 web.1  |   [1m[36mPersonalConnection Load (0.3ms)[0m  [1mSELECT "personal_connections".* FROM "personal_connections"  WHERE "personal_connections"."plaque_id" = $1[0m  [["plaque_id", 28234]]
12:00:12 web.1  |   [1m[35mPerson Load (0.3ms)[0m  SELECT  "people".* FROM "people"  WHERE "people"."id" = $1 LIMIT 1  [["id", 1513]]
12:00:12 web.1  |   [1m[36mCACHE (0.0ms)[0m  [1mSELECT  "colours".* FROM "colours"  WHERE "colours"."id" = $1 LIMIT 1[0m  [["id", 2]]
12:00:12 web.1  |   [1m[35mPhoto Load (0.4ms)[0m  SELECT  "photos".* FROM "photos"  WHERE "photos"."plaque_id" = $1 AND "photos"."of_a_plaque" = 't'  ORDER BY shot ASC LIMIT 1  [["plaque_id", 28234]]
12:00:12 web.1  |   [1m[36mPhoto Load (0.4ms)[0m  [1mSELECT "photos".* FROM "photos"  WHERE "photos"."plaque_id" = $1 AND "photos"."of_a_plaque" = 't'  ORDER BY shot ASC[0m  [["plaque_id", 28234]]
12:00:12 web.1  |   [1m[35mOrganisation Load (0.4ms)[0m  SELECT "organisations".* FROM "organisations" INNER JOIN "sponsorships" ON "organisations"."id" = "sponsorships"."organisation_id" WHERE "sponsorships"."plaque_id" = $1  [["plaque_id", 28234]]
12:00:12 web.1  |   [1m[36mCACHE (0.0ms)[0m  [1mSELECT  "languages".* FROM "languages"  WHERE "languages"."id" = $1 LIMIT 1[0m  [["id", 1]]
12:00:12 web.1  |   [1m[35mPersonalRole Load (0.3ms)[0m  SELECT "personal_roles".* FROM "personal_roles"  WHERE "personal_roles"."person_id" = $1  [["person_id", 1513]]
12:00:12 web.1  |   [1m[36mRole Load (0.3ms)[0m  [1mSELECT  "roles".* FROM "roles"  WHERE "roles"."id" = $1 LIMIT 1[0m  [["id", 4745]]
12:00:12 web.1  |   [1m[35mCACHE (0.0ms)[0m  SELECT  "roles".* FROM "roles"  WHERE "roles"."id" = $1 LIMIT 1  [["id", 4747]]
12:00:12 web.1  |   [1m[36mCACHE (0.0ms)[0m  [1mSELECT  "roles".* FROM "roles"  WHERE "roles"."id" = $1 LIMIT 1[0m  [["id", 4747]]
12:00:12 web.1  |   [1m[35mRole Load (0.4ms)[0m  SELECT "roles".* FROM "roles" INNER JOIN "personal_roles" ON "roles"."id" = "personal_roles"."role_id" WHERE "personal_roles"."person_id" = $1  [["person_id", 1513]]
12:00:12 web.1  |   [1m[36mPlaque Load (0.6ms)[0m  [1mSELECT "plaques".* FROM "plaques" INNER JOIN "personal_connections" ON "plaques"."id" = "personal_connections"."plaque_id" WHERE "personal_connections"."person_id" = $1[0m  [["person_id", 1513]]
12:00:12 web.1  |   [1m[35mPersonalConnection Load (0.4ms)[0m  SELECT "personal_connections".* FROM "personal_connections"  WHERE "personal_connections"."plaque_id" = $1  [["plaque_id", 28236]]
12:00:12 web.1  |   [1m[36mPerson Load (0.4ms)[0m  [1mSELECT  "people".* FROM "people"  WHERE "people"."id" = $1 LIMIT 1[0m  [["id", 9469]]
12:00:12 web.1  |   [1m[35mCACHE (0.0ms)[0m  SELECT  "people".* FROM "people"  WHERE "people"."id" = $1 LIMIT 1  [["id", 1929]]
12:00:12 web.1  |   [1m[36mCACHE (0.0ms)[0m  [1mSELECT  "colours".* FROM "colours"  WHERE "colours"."id" = $1 LIMIT 1[0m  [["id", 3]]
12:00:13 web.1  |   [1m[35mPhoto Load (0.3ms)[0m  SELECT  "photos".* FROM "photos"  WHERE "photos"."plaque_id" = $1 AND "photos"."of_a_plaque" = 't'  ORDER BY shot ASC LIMIT 1  [["plaque_id", 28236]]
12:00:13 web.1  |   [1m[36mPhoto Load (0.3ms)[0m  [1mSELECT "photos".* FROM "photos"  WHERE "photos"."plaque_id" = $1 AND "photos"."of_a_plaque" = 't'  ORDER BY shot ASC[0m  [["plaque_id", 28236]]
12:00:13 web.1  |   [1m[35mOrganisation Load (0.4ms)[0m  SELECT "organisations".* FROM "organisations" INNER JOIN "sponsorships" ON "organisations"."id" = "sponsorships"."organisation_id" WHERE "sponsorships"."plaque_id" = $1  [["plaque_id", 28236]]
12:00:13 web.1  |   [1m[36mCACHE (0.0ms)[0m  [1mSELECT  "languages".* FROM "languages"  WHERE "languages"."id" = $1 LIMIT 1[0m  [["id", 1]]
12:00:13 web.1  |   [1m[35mPersonalRole Load (0.3ms)[0m  SELECT "personal_roles".* FROM "personal_roles"  WHERE "personal_roles"."person_id" = $1  [["person_id", 9469]]
12:00:13 web.1  |   [1m[36mRole Load (0.3ms)[0m  [1mSELECT  "roles".* FROM "roles"  WHERE "roles"."id" = $1 LIMIT 1[0m  [["id", 5932]]
12:00:13 web.1  |   [1m[35mRole Load (0.4ms)[0m  SELECT "roles".* FROM "roles" INNER JOIN "personal_roles" ON "roles"."id" = "personal_roles"."role_id" WHERE "personal_roles"."person_id" = $1  [["person_id", 9469]]
12:00:13 web.1  |   [1m[36mCACHE (0.0ms)[0m  [1mSELECT "personal_roles".* FROM "personal_roles"  WHERE "personal_roles"."person_id" = $1[0m  [["person_id", 1929]]
12:00:13 web.1  |   [1m[35mCACHE (0.0ms)[0m  SELECT  "roles".* FROM "roles"  WHERE "roles"."id" = $1 LIMIT 1  [["id", 32]]
12:00:13 web.1  |   [1m[36mCACHE (0.0ms)[0m  [1mSELECT "roles".* FROM "roles" INNER JOIN "personal_roles" ON "roles"."id" = "personal_roles"."role_id" WHERE "personal_roles"."person_id" = $1[0m  [["person_id", 1929]]
12:00:13 web.1  |   [1m[35mPlaque Load (0.4ms)[0m  SELECT "plaques".* FROM "plaques" INNER JOIN "personal_connections" ON "plaques"."id" = "personal_connections"."plaque_id" WHERE "personal_connections"."person_id" = $1  [["person_id", 9469]]
12:00:13 web.1  |   [1m[36mCACHE (0.0ms)[0m  [1mSELECT "plaques".* FROM "plaques" INNER JOIN "personal_connections" ON "plaques"."id" = "personal_connections"."plaque_id" WHERE "personal_connections"."person_id" = $1[0m  [["person_id", 1929]]
12:00:13 web.1  |   [1m[35mPersonalConnection Load (0.4ms)[0m  SELECT "personal_connections".* FROM "personal_connections"  WHERE "personal_connections"."plaque_id" = $1  [["plaque_id", 28238]]
12:00:13 web.1  |   [1m[36mPerson Load (0.4ms)[0m  [1mSELECT  "people".* FROM "people"  WHERE "people"."id" = $1 LIMIT 1[0m  [["id", 8931]]
12:00:13 web.1  |   [1m[35mCACHE (0.0ms)[0m  SELECT  "people".* FROM "people"  WHERE "people"."id" = $1 LIMIT 1  [["id", 8931]]
12:00:13 web.1  |   [1m[36mCACHE (0.0ms)[0m  [1mSELECT  "colours".* FROM "colours"  WHERE "colours"."id" = $1 LIMIT 1[0m  [["id", 13]]
12:00:13 web.1  |   [1m[35mPhoto Load (0.4ms)[0m  SELECT  "photos".* FROM "photos"  WHERE "photos"."plaque_id" = $1 AND "photos"."of_a_plaque" = 't'  ORDER BY shot ASC LIMIT 1  [["plaque_id", 28238]]
12:00:13 web.1  |   [1m[36mPhoto Load (0.4ms)[0m  [1mSELECT "photos".* FROM "photos"  WHERE "photos"."plaque_id" = $1 AND "photos"."of_a_plaque" = 't'  ORDER BY shot ASC[0m  [["plaque_id", 28238]]
12:00:13 web.1  |   [1m[35mOrganisation Load (0.3ms)[0m  SELECT "organisations".* FROM "organisations" INNER JOIN "sponsorships" ON "organisations"."id" = "sponsorships"."organisation_id" WHERE "sponsorships"."plaque_id" = $1  [["plaque_id", 28238]]
12:00:13 web.1  |   [1m[36mCACHE (0.0ms)[0m  [1mSELECT  "languages".* FROM "languages"  WHERE "languages"."id" = $1 LIMIT 1[0m  [["id", 1]]
12:00:13 web.1  |   [1m[35mPersonalRole Load (0.3ms)[0m  SELECT "personal_roles".* FROM "personal_roles"  WHERE "personal_roles"."person_id" = $1  [["person_id", 8931]]
12:00:13 web.1  |   [1m[36mRole Load (0.3ms)[0m  [1mSELECT  "roles".* FROM "roles"  WHERE "roles"."id" = $1 LIMIT 1[0m  [["id", 2297]]
12:00:13 web.1  |   [1m[35mRole Load (0.4ms)[0m  SELECT "roles".* FROM "roles" INNER JOIN "personal_roles" ON "roles"."id" = "personal_roles"."role_id" WHERE "personal_roles"."person_id" = $1  [["person_id", 8931]]
12:00:13 web.1  |   [1m[36mPlaque Load (0.5ms)[0m  [1mSELECT "plaques".* FROM "plaques" INNER JOIN "personal_connections" ON "plaques"."id" = "personal_connections"."plaque_id" WHERE "personal_connections"."person_id" = $1[0m  [["person_id", 8931]]
12:00:13 web.1  |   [1m[35mPersonalConnection Load (0.3ms)[0m  SELECT "personal_connections".* FROM "personal_connections"  WHERE "personal_connections"."plaque_id" = $1  [["plaque_id", 1039]]
12:00:13 web.1  |   [1m[36mPerson Load (0.5ms)[0m  [1mSELECT  "people".* FROM "people"  WHERE "people"."id" = $1 LIMIT 1[0m  [["id", 857]]
12:00:13 web.1  |   [1m[35mCACHE (0.1ms)[0m  SELECT  "people".* FROM "people"  WHERE "people"."id" = $1 LIMIT 1  [["id", 857]]
12:00:13 web.1  |   [1m[36mCACHE (0.0ms)[0m  [1mSELECT  "colours".* FROM "colours"  WHERE "colours"."id" = $1 LIMIT 1[0m  [["id", 6]]
12:00:13 web.1  |   [1m[35mPhoto Load (0.4ms)[0m  SELECT  "photos".* FROM "photos"  WHERE "photos"."plaque_id" = $1 AND "photos"."of_a_plaque" = 't'  ORDER BY shot ASC LIMIT 1  [["plaque_id", 1039]]
12:00:13 web.1  |   [1m[36mPhoto Load (0.3ms)[0m  [1mSELECT "photos".* FROM "photos"  WHERE "photos"."plaque_id" = $1 AND "photos"."of_a_plaque" = 't'  ORDER BY shot ASC[0m  [["plaque_id", 1039]]
12:00:13 web.1  |   [1m[35mOrganisation Load (0.6ms)[0m  SELECT "organisations".* FROM "organisations" INNER JOIN "sponsorships" ON "organisations"."id" = "sponsorships"."organisation_id" WHERE "sponsorships"."plaque_id" = $1  [["plaque_id", 1039]]
12:00:13 web.1  |   [1m[36mCACHE (0.0ms)[0m  [1mSELECT  "languages".* FROM "languages"  WHERE "languages"."id" = $1 LIMIT 1[0m  [["id", 1]]
12:00:13 web.1  |   [1m[35mPersonalRole Load (0.4ms)[0m  SELECT "personal_roles".* FROM "personal_roles"  WHERE "personal_roles"."person_id" = $1  [["person_id", 857]]
12:00:13 web.1  |   [1m[36mRole Load (0.3ms)[0m  [1mSELECT  "roles".* FROM "roles"  WHERE "roles"."id" = $1 LIMIT 1[0m  [["id", 615]]
12:00:13 web.1  |   [1m[35mRole Load (0.3ms)[0m  SELECT "roles".* FROM "roles" INNER JOIN "personal_roles" ON "roles"."id" = "personal_roles"."role_id" WHERE "personal_roles"."person_id" = $1  [["person_id", 857]]
12:00:13 web.1  |   [1m[36mPlaque Load (0.4ms)[0m  [1mSELECT "plaques".* FROM "plaques" INNER JOIN "personal_connections" ON "plaques"."id" = "personal_connections"."plaque_id" WHERE "personal_connections"."person_id" = $1[0m  [["person_id", 857]]
12:00:13 web.1  |   [1m[35mPersonalConnection Load (0.3ms)[0m  SELECT "personal_connections".* FROM "personal_connections"  WHERE "personal_connections"."plaque_id" = $1  [["plaque_id", 5442]]
12:00:13 web.1  |   [1m[36mCACHE (0.0ms)[0m  [1mSELECT  "colours".* FROM "colours"  WHERE "colours"."id" = $1 LIMIT 1[0m  [["id", 2]]
12:00:13 web.1  |   [1m[35mPhoto Load (0.4ms)[0m  SELECT  "photos".* FROM "photos"  WHERE "photos"."plaque_id" = $1 AND "photos"."of_a_plaque" = 't'  ORDER BY shot ASC LIMIT 1  [["plaque_id", 5442]]
12:00:13 web.1  |   [1m[36mPhoto Load (0.4ms)[0m  [1mSELECT "photos".* FROM "photos"  WHERE "photos"."plaque_id" = $1 AND "photos"."of_a_plaque" = 't'  ORDER BY shot ASC[0m  [["plaque_id", 5442]]
12:00:13 web.1  |   [1m[35mOrganisation Load (0.4ms)[0m  SELECT "organisations".* FROM "organisations" INNER JOIN "sponsorships" ON "organisations"."id" = "sponsorships"."organisation_id" WHERE "sponsorships"."plaque_id" = $1  [["plaque_id", 5442]]
12:00:13 web.1  |   [1m[36mCACHE (0.0ms)[0m  [1mSELECT  "languages".* FROM "languages"  WHERE "languages"."id" = $1 LIMIT 1[0m  [["id", 1]]
12:00:13 web.1  |   [1m[35mPersonalConnection Load (0.3ms)[0m  SELECT "personal_connections".* FROM "personal_connections"  WHERE "personal_connections"."plaque_id" = $1  [["plaque_id", 28232]]
12:00:13 web.1  |   [1m[36mPerson Load (0.3ms)[0m  [1mSELECT  "people".* FROM "people"  WHERE "people"."id" = $1 LIMIT 1[0m  [["id", 8916]]
12:00:13 web.1  |   [1m[35mPerson Load (0.4ms)[0m  SELECT  "people".* FROM "people"  WHERE "people"."id" = $1 LIMIT 1  [["id", 8917]]
12:00:13 web.1  |   [1m[36mCACHE (0.0ms)[0m  [1mSELECT  "colours".* FROM "colours"  WHERE "colours"."id" = $1 LIMIT 1[0m  [["id", 2]]
12:00:13 web.1  |   [1m[35mPhoto Load (0.4ms)[0m  SELECT  "photos".* FROM "photos"  WHERE "photos"."plaque_id" = $1 AND "photos"."of_a_plaque" = 't'  ORDER BY shot ASC LIMIT 1  [["plaque_id", 28232]]
12:00:13 web.1  |   [1m[36mPhoto Load (0.3ms)[0m  [1mSELECT "photos".* FROM "photos"  WHERE "photos"."plaque_id" = $1 AND "photos"."of_a_plaque" = 't'  ORDER BY shot ASC[0m  [["plaque_id", 28232]]
12:00:13 web.1  |   [1m[35mOrganisation Load (0.4ms)[0m  SELECT "organisations".* FROM "organisations" INNER JOIN "sponsorships" ON "organisations"."id" = "sponsorships"."organisation_id" WHERE "sponsorships"."plaque_id" = $1  [["plaque_id", 28232]]
12:00:13 web.1  |   [1m[36mCACHE (0.0ms)[0m  [1mSELECT  "languages".* FROM "languages"  WHERE "languages"."id" = $1 LIMIT 1[0m  [["id", 1]]
12:00:13 web.1  |   [1m[35mPersonalRole Load (0.3ms)[0m  SELECT "personal_roles".* FROM "personal_roles"  WHERE "personal_roles"."person_id" = $1  [["person_id", 8916]]
12:00:13 web.1  |   [1m[36mRole Load (0.3ms)[0m  [1mSELECT "roles".* FROM "roles" INNER JOIN "personal_roles" ON "roles"."id" = "personal_roles"."role_id" WHERE "personal_roles"."person_id" = $1[0m  [["person_id", 8916]]
12:00:13 web.1  |   [1m[35mPersonalRole Load (0.3ms)[0m  SELECT "personal_roles".* FROM "personal_roles"  WHERE "personal_roles"."person_id" = $1  [["person_id", 8917]]
12:00:13 web.1  |   [1m[36mRole Load (0.3ms)[0m  [1mSELECT "roles".* FROM "roles" INNER JOIN "personal_roles" ON "roles"."id" = "personal_roles"."role_id" WHERE "personal_roles"."person_id" = $1[0m  [["person_id", 8917]]
12:00:13 web.1  |   [1m[35mPlaque Load (0.4ms)[0m  SELECT "plaques".* FROM "plaques" INNER JOIN "personal_connections" ON "plaques"."id" = "personal_connections"."plaque_id" WHERE "personal_connections"."person_id" = $1  [["person_id", 8916]]
12:00:13 web.1  |   [1m[36mPlaque Load (0.4ms)[0m  [1mSELECT "plaques".* FROM "plaques" INNER JOIN "personal_connections" ON "plaques"."id" = "personal_connections"."plaque_id" WHERE "personal_connections"."person_id" = $1[0m  [["person_id", 8917]]
12:00:13 web.1  |   [1m[35mPersonalConnection Load (0.3ms)[0m  SELECT "personal_connections".* FROM "personal_connections"  WHERE "personal_connections"."plaque_id" = $1  [["plaque_id", 28233]]
12:00:13 web.1  |   [1m[36mPerson Load (0.3ms)[0m  [1mSELECT  "people".* FROM "people"  WHERE "people"."id" = $1 LIMIT 1[0m  [["id", 9468]]
12:00:13 web.1  |   [1m[35mColour Load (0.3ms)[0m  SELECT  "colours".* FROM "colours"  WHERE "colours"."id" = $1 LIMIT 1  [["id", 7]]
12:00:13 web.1  |   [1m[36mPhoto Load (0.4ms)[0m  [1mSELECT  "photos".* FROM "photos"  WHERE "photos"."plaque_id" = $1 AND "photos"."of_a_plaque" = 't'  ORDER BY shot ASC LIMIT 1[0m  [["plaque_id", 28233]]
12:00:13 web.1  |   [1m[35mPhoto Load (0.3ms)[0m  SELECT "photos".* FROM "photos"  WHERE "photos"."plaque_id" = $1 AND "photos"."of_a_plaque" = 't'  ORDER BY shot ASC  [["plaque_id", 28233]]
12:00:13 web.1  |   [1m[36mOrganisation Load (0.4ms)[0m  [1mSELECT "organisations".* FROM "organisations" INNER JOIN "sponsorships" ON "organisations"."id" = "sponsorships"."organisation_id" WHERE "sponsorships"."plaque_id" = $1[0m  [["plaque_id", 28233]]
12:00:13 web.1  |   [1m[35mCACHE (0.0ms)[0m  SELECT  "languages".* FROM "languages"  WHERE "languages"."id" = $1 LIMIT 1  [["id", 1]]
12:00:13 web.1  |   [1m[36mPersonalRole Load (0.3ms)[0m  [1mSELECT "personal_roles".* FROM "personal_roles"  WHERE "personal_roles"."person_id" = $1[0m  [["person_id", 9468]]
12:00:13 web.1  |   [1m[35mRole Load (0.3ms)[0m  SELECT  "roles".* FROM "roles"  WHERE "roles"."id" = $1 LIMIT 1  [["id", 5940]]
12:00:13 web.1  |   [1m[36mRole Load (0.4ms)[0m  [1mSELECT "roles".* FROM "roles" INNER JOIN "personal_roles" ON "roles"."id" = "personal_roles"."role_id" WHERE "personal_roles"."person_id" = $1[0m  [["person_id", 9468]]
12:00:13 web.1  |   [1m[35mPlaque Load (0.4ms)[0m  SELECT "plaques".* FROM "plaques" INNER JOIN "personal_connections" ON "plaques"."id" = "personal_connections"."plaque_id" WHERE "personal_connections"."person_id" = $1  [["person_id", 9468]]
12:00:13 web.1  |   [1m[36mPersonalConnection Load (0.3ms)[0m  [1mSELECT "personal_connections".* FROM "personal_connections"  WHERE "personal_connections"."plaque_id" = $1[0m  [["plaque_id", 30587]]
12:00:13 web.1  |   [1m[35mCACHE (0.0ms)[0m  SELECT  "colours".* FROM "colours"  WHERE "colours"."id" = $1 LIMIT 1  [["id", 3]]
12:00:13 web.1  |   [1m[36mPhoto Load (0.4ms)[0m  [1mSELECT  "photos".* FROM "photos"  WHERE "photos"."plaque_id" = $1 AND "photos"."of_a_plaque" = 't'  ORDER BY shot ASC LIMIT 1[0m  [["plaque_id", 30587]]
12:00:13 web.1  |   [1m[35mPhoto Load (0.3ms)[0m  SELECT "photos".* FROM "photos"  WHERE "photos"."plaque_id" = $1 AND "photos"."of_a_plaque" = 't'  ORDER BY shot ASC  [["plaque_id", 30587]]
12:00:13 web.1  |   [1m[36mOrganisation Load (0.3ms)[0m  [1mSELECT "organisations".* FROM "organisations" INNER JOIN "sponsorships" ON "organisations"."id" = "sponsorships"."organisation_id" WHERE "sponsorships"."plaque_id" = $1[0m  [["plaque_id", 30587]]
12:00:13 web.1  |   [1m[35mCACHE (0.0ms)[0m  SELECT  "languages".* FROM "languages"  WHERE "languages"."id" = $1 LIMIT 1  [["id", 1]]
12:00:13 web.1  |   [1m[36mPersonalConnection Load (0.3ms)[0m  [1mSELECT "personal_connections".* FROM "personal_connections"  WHERE "personal_connections"."plaque_id" = $1[0m  [["plaque_id", 30787]]
12:00:13 web.1  |   [1m[35mPerson Load (0.3ms)[0m  SELECT  "people".* FROM "people"  WHERE "people"."id" = $1 LIMIT 1  [["id", 213]]
12:00:13 web.1  |   [1m[36mCACHE (0.0ms)[0m  [1mSELECT  "colours".* FROM "colours"  WHERE "colours"."id" = $1 LIMIT 1[0m  [["id", 2]]
12:00:13 web.1  |   [1m[35mPhoto Load (0.4ms)[0m  SELECT  "photos".* FROM "photos"  WHERE "photos"."plaque_id" = $1 AND "photos"."of_a_plaque" = 't'  ORDER BY shot ASC LIMIT 1  [["plaque_id", 30787]]
12:00:13 web.1  |   [1m[36mPhoto Load (0.4ms)[0m  [1mSELECT "photos".* FROM "photos"  WHERE "photos"."plaque_id" = $1 AND "photos"."of_a_plaque" = 't'  ORDER BY shot ASC[0m  [["plaque_id", 30787]]
12:00:13 web.1  |   [1m[35mOrganisation Load (0.3ms)[0m  SELECT "organisations".* FROM "organisations" INNER JOIN "sponsorships" ON "organisations"."id" = "sponsorships"."organisation_id" WHERE "sponsorships"."plaque_id" = $1  [["plaque_id", 30787]]
12:00:13 web.1  |   [1m[36mCACHE (0.0ms)[0m  [1mSELECT  "languages".* FROM "languages"  WHERE "languages"."id" = $1 LIMIT 1[0m  [["id", 1]]
12:00:13 web.1  |   [1m[35mPersonalRole Load (0.3ms)[0m  SELECT "personal_roles".* FROM "personal_roles"  WHERE "personal_roles"."person_id" = $1  [["person_id", 213]]
12:00:13 web.1  |   [1m[36mCACHE (0.1ms)[0m  [1mSELECT  "roles".* FROM "roles"  WHERE "roles"."id" = $1 LIMIT 1[0m  [["id", 51]]
12:00:13 web.1  |   [1m[35mRole Load (0.3ms)[0m  SELECT  "roles".* FROM "roles"  WHERE "roles"."id" = $1 LIMIT 1  [["id", 63]]
12:00:13 web.1  |   [1m[36mRole Load (0.3ms)[0m  [1mSELECT "roles".* FROM "roles" INNER JOIN "personal_roles" ON "roles"."id" = "personal_roles"."role_id" WHERE "personal_roles"."person_id" = $1[0m  [["person_id", 213]]
12:00:13 web.1  |   [1m[35mPlaque Load (0.4ms)[0m  SELECT "plaques".* FROM "plaques" INNER JOIN "personal_connections" ON "plaques"."id" = "personal_connections"."plaque_id" WHERE "personal_connections"."person_id" = $1  [["person_id", 213]]
12:00:13 web.1  |   [1m[36mPersonalConnection Load (0.3ms)[0m  [1mSELECT "personal_connections".* FROM "personal_connections"  WHERE "personal_connections"."plaque_id" = $1[0m  [["plaque_id", 31430]]
12:00:13 web.1  |   [1m[35mCACHE (0.0ms)[0m  SELECT  "colours".* FROM "colours"  WHERE "colours"."id" = $1 LIMIT 1  [["id", 2]]
12:00:13 web.1  |   [1m[36mPhoto Load (0.4ms)[0m  [1mSELECT  "photos".* FROM "photos"  WHERE "photos"."plaque_id" = $1 AND "photos"."of_a_plaque" = 't'  ORDER BY shot ASC LIMIT 1[0m  [["plaque_id", 31430]]
12:00:13 web.1  |   [1m[35mPhoto Load (0.4ms)[0m  SELECT "photos".* FROM "photos"  WHERE "photos"."plaque_id" = $1 AND "photos"."of_a_plaque" = 't'  ORDER BY shot ASC  [["plaque_id", 31430]]
12:00:13 web.1  |   [1m[36mOrganisation Load (0.4ms)[0m  [1mSELECT "organisations".* FROM "organisations" INNER JOIN "sponsorships" ON "organisations"."id" = "sponsorships"."organisation_id" WHERE "sponsorships"."plaque_id" = $1[0m  [["plaque_id", 31430]]
12:00:13 web.1  |   [1m[35mCACHE (0.0ms)[0m  SELECT  "languages".* FROM "languages"  WHERE "languages"."id" = $1 LIMIT 1  [["id", 1]]
12:00:13 web.1  |   [1m[36mPersonalConnection Load (0.4ms)[0m  [1mSELECT "personal_connections".* FROM "personal_connections"  WHERE "personal_connections"."plaque_id" = $1[0m  [["plaque_id", 31450]]
12:00:13 web.1  |   [1m[35mCACHE (0.0ms)[0m  SELECT  "colours".* FROM "colours"  WHERE "colours"."id" = $1 LIMIT 1  [["id", 2]]
12:00:13 web.1  |   [1m[36mPhoto Load (0.4ms)[0m  [1mSELECT  "photos".* FROM "photos"  WHERE "photos"."plaque_id" = $1 AND "photos"."of_a_plaque" = 't'  ORDER BY shot ASC LIMIT 1[0m  [["plaque_id", 31450]]
12:00:13 web.1  |   [1m[35mPhoto Load (0.3ms)[0m  SELECT "photos".* FROM "photos"  WHERE "photos"."plaque_id" = $1 AND "photos"."of_a_plaque" = 't'  ORDER BY shot ASC  [["plaque_id", 31450]]
12:00:13 web.1  |   [1m[36mOrganisation Load (0.4ms)[0m  [1mSELECT "organisations".* FROM "organisations" INNER JOIN "sponsorships" ON "organisations"."id" = "sponsorships"."organisation_id" WHERE "sponsorships"."plaque_id" = $1[0m  [["plaque_id", 31450]]
12:00:13 web.1  |   [1m[35mCACHE (0.0ms)[0m  SELECT  "languages".* FROM "languages"  WHERE "languages"."id" = $1 LIMIT 1  [["id", 1]]
12:00:13 web.1  |   [1m[36mPersonalConnection Load (0.4ms)[0m  [1mSELECT "personal_connections".* FROM "personal_connections"  WHERE "personal_connections"."plaque_id" = $1[0m  [["plaque_id", 31451]]
12:00:13 web.1  |   [1m[35mCACHE (0.0ms)[0m  SELECT  "colours".* FROM "colours"  WHERE "colours"."id" = $1 LIMIT 1  [["id", 2]]
12:00:13 web.1  |   [1m[36mPhoto Load (0.4ms)[0m  [1mSELECT  "photos".* FROM "photos"  WHERE "photos"."plaque_id" = $1 AND "photos"."of_a_plaque" = 't'  ORDER BY shot ASC LIMIT 1[0m  [["plaque_id", 31451]]
12:00:13 web.1  |   [1m[35mPhoto Load (0.4ms)[0m  SELECT "photos".* FROM "photos"  WHERE "photos"."plaque_id" = $1 AND "photos"."of_a_plaque" = 't'  ORDER BY shot ASC  [["plaque_id", 31451]]
12:00:13 web.1  |   [1m[36mOrganisation Load (0.3ms)[0m  [1mSELECT "organisations".* FROM "organisations" INNER JOIN "sponsorships" ON "organisations"."id" = "sponsorships"."organisation_id" WHERE "sponsorships"."plaque_id" = $1[0m  [["plaque_id", 31451]]
12:00:13 web.1  |   [1m[35mCACHE (0.0ms)[0m  SELECT  "languages".* FROM "languages"  WHERE "languages"."id" = $1 LIMIT 1  [["id", 1]]
12:00:13 web.1  |   [1m[36mPersonalConnection Load (0.3ms)[0m  [1mSELECT "personal_connections".* FROM "personal_connections"  WHERE "personal_connections"."plaque_id" = $1[0m  [["plaque_id", 31518]]
12:00:13 web.1  |   [1m[35mCACHE (0.0ms)[0m  SELECT  "colours".* FROM "colours"  WHERE "colours"."id" = $1 LIMIT 1  [["id", 13]]
12:00:13 web.1  |   [1m[36mPhoto Load (0.4ms)[0m  [1mSELECT  "photos".* FROM "photos"  WHERE "photos"."plaque_id" = $1 AND "photos"."of_a_plaque" = 't'  ORDER BY shot ASC LIMIT 1[0m  [["plaque_id", 31518]]
12:00:13 web.1  |   [1m[35mPhoto Load (0.4ms)[0m  SELECT "photos".* FROM "photos"  WHERE "photos"."plaque_id" = $1 AND "photos"."of_a_plaque" = 't'  ORDER BY shot ASC  [["plaque_id", 31518]]
12:00:13 web.1  |   [1m[36mOrganisation Load (0.3ms)[0m  [1mSELECT "organisations".* FROM "organisations" INNER JOIN "sponsorships" ON "organisations"."id" = "sponsorships"."organisation_id" WHERE "sponsorships"."plaque_id" = $1[0m  [["plaque_id", 31518]]
12:00:13 web.1  |   [1m[35mCACHE (0.0ms)[0m  SELECT  "languages".* FROM "languages"  WHERE "languages"."id" = $1 LIMIT 1  [["id", 1]]
12:00:13 web.1  |   [1m[36mPersonalConnection Load (0.3ms)[0m  [1mSELECT "personal_connections".* FROM "personal_connections"  WHERE "personal_connections"."plaque_id" = $1[0m  [["plaque_id", 31535]]
12:00:13 web.1  |   [1m[35mCACHE (0.0ms)[0m  SELECT  "people".* FROM "people"  WHERE "people"."id" = $1 LIMIT 1  [["id", 820]]
12:00:13 web.1  |   [1m[36mCACHE (0.0ms)[0m  [1mSELECT  "colours".* FROM "colours"  WHERE "colours"."id" = $1 LIMIT 1[0m  [["id", 8]]
12:00:13 web.1  |   [1m[35mPhoto Load (0.4ms)[0m  SELECT  "photos".* FROM "photos"  WHERE "photos"."plaque_id" = $1 AND "photos"."of_a_plaque" = 't'  ORDER BY shot ASC LIMIT 1  [["plaque_id", 31535]]
12:00:13 web.1  |   [1m[36mPhoto Load (0.3ms)[0m  [1mSELECT "photos".* FROM "photos"  WHERE "photos"."plaque_id" = $1 AND "photos"."of_a_plaque" = 't'  ORDER BY shot ASC[0m  [["plaque_id", 31535]]
12:00:13 web.1  |   [1m[35mOrganisation Load (0.3ms)[0m  SELECT "organisations".* FROM "organisations" INNER JOIN "sponsorships" ON "organisations"."id" = "sponsorships"."organisation_id" WHERE "sponsorships"."plaque_id" = $1  [["plaque_id", 31535]]
12:00:13 web.1  |   [1m[36mCACHE (0.0ms)[0m  [1mSELECT  "languages".* FROM "languages"  WHERE "languages"."id" = $1 LIMIT 1[0m  [["id", 1]]
12:00:13 web.1  |   [1m[35mCACHE (0.0ms)[0m  SELECT "personal_roles".* FROM "personal_roles"  WHERE "personal_roles"."person_id" = $1  [["person_id", 820]]
12:00:13 web.1  |   [1m[36mCACHE (0.0ms)[0m  [1mSELECT  "roles".* FROM "roles"  WHERE "roles"."id" = $1 LIMIT 1[0m  [["id", 913]]
12:00:13 web.1  |   [1m[35mCACHE (0.0ms)[0m  SELECT  "roles".* FROM "roles"  WHERE "roles"."id" = $1 LIMIT 1  [["id", 1377]]
12:00:13 web.1  |   [1m[36mCACHE (0.0ms)[0m  [1mSELECT  "roles".* FROM "roles"  WHERE "roles"."id" = $1 LIMIT 1[0m  [["id", 3663]]
12:00:13 web.1  |   [1m[35mCACHE (0.0ms)[0m  SELECT  "roles".* FROM "roles"  WHERE "roles"."id" = $1 LIMIT 1  [["id", 34]]
12:00:13 web.1  |   [1m[36mCACHE (0.0ms)[0m  [1mSELECT  "roles".* FROM "roles"  WHERE "roles"."id" = $1 LIMIT 1[0m  [["id", 6315]]
12:00:13 web.1  |   [1m[35mCACHE (0.0ms)[0m  SELECT "roles".* FROM "roles" INNER JOIN "personal_roles" ON "roles"."id" = "personal_roles"."role_id" WHERE "personal_roles"."person_id" = $1  [["person_id", 820]]
12:00:13 web.1  |   [1m[36mCACHE (0.0ms)[0m  [1mSELECT "plaques".* FROM "plaques" INNER JOIN "personal_connections" ON "plaques"."id" = "personal_connections"."plaque_id" WHERE "personal_connections"."person_id" = $1[0m  [["person_id", 820]]
12:00:13 web.1  |   [1m[35mPersonalConnection Load (0.3ms)[0m  SELECT "personal_connections".* FROM "personal_connections"  WHERE "personal_connections"."plaque_id" = $1  [["plaque_id", 5440]]
12:00:13 web.1  |   [1m[36mCACHE (0.0ms)[0m  [1mSELECT  "colours".* FROM "colours"  WHERE "colours"."id" = $1 LIMIT 1[0m  [["id", 2]]
12:00:13 web.1  |   [1m[35mPhoto Load (0.4ms)[0m  SELECT  "photos".* FROM "photos"  WHERE "photos"."plaque_id" = $1 AND "photos"."of_a_plaque" = 't'  ORDER BY shot ASC LIMIT 1  [["plaque_id", 5440]]
12:00:13 web.1  |   [1m[36mPhoto Load (0.4ms)[0m  [1mSELECT "photos".* FROM "photos"  WHERE "photos"."plaque_id" = $1 AND "photos"."of_a_plaque" = 't'  ORDER BY shot ASC[0m  [["plaque_id", 5440]]
12:00:13 web.1  |   [1m[35mOrganisation Load (0.4ms)[0m  SELECT "organisations".* FROM "organisations" INNER JOIN "sponsorships" ON "organisations"."id" = "sponsorships"."organisation_id" WHERE "sponsorships"."plaque_id" = $1  [["plaque_id", 5440]]
12:00:13 web.1  |   [1m[36mCACHE (0.0ms)[0m  [1mSELECT  "languages".* FROM "languages"  WHERE "languages"."id" = $1 LIMIT 1[0m  [["id", 1]]
12:00:13 web.1  |   [1m[35mPersonalConnection Load (0.3ms)[0m  SELECT "personal_connections".* FROM "personal_connections"  WHERE "personal_connections"."plaque_id" = $1  [["plaque_id", 10667]]
12:00:13 web.1  |   [1m[36mPerson Load (0.4ms)[0m  [1mSELECT  "people".* FROM "people"  WHERE "people"."id" = $1 LIMIT 1[0m  [["id", 7870]]
12:00:13 web.1  |   [1m[35mCACHE (0.0ms)[0m  SELECT  "colours".* FROM "colours"  WHERE "colours"."id" = $1 LIMIT 1  [["id", 13]]
12:00:13 web.1  |   [1m[36mPhoto Load (0.4ms)[0m  [1mSELECT  "photos".* FROM "photos"  WHERE "photos"."plaque_id" = $1 AND "photos"."of_a_plaque" = 't'  ORDER BY shot ASC LIMIT 1[0m  [["plaque_id", 10667]]
12:00:13 web.1  |   [1m[35mPhoto Load (0.4ms)[0m  SELECT "photos".* FROM "photos"  WHERE "photos"."plaque_id" = $1 AND "photos"."of_a_plaque" = 't'  ORDER BY shot ASC  [["plaque_id", 10667]]
12:00:13 web.1  |   [1m[36mOrganisation Load (0.3ms)[0m  [1mSELECT "organisations".* FROM "organisations" INNER JOIN "sponsorships" ON "organisations"."id" = "sponsorships"."organisation_id" WHERE "sponsorships"."plaque_id" = $1[0m  [["plaque_id", 10667]]
12:00:13 web.1  |   [1m[35mCACHE (0.0ms)[0m  SELECT  "languages".* FROM "languages"  WHERE "languages"."id" = $1 LIMIT 1  [["id", 1]]
12:00:13 web.1  |   [1m[36mPersonalRole Load (0.3ms)[0m  [1mSELECT "personal_roles".* FROM "personal_roles"  WHERE "personal_roles"."person_id" = $1[0m  [["person_id", 7870]]
12:00:13 web.1  |   [1m[35mRole Load (0.3ms)[0m  SELECT  "roles".* FROM "roles"  WHERE "roles"."id" = $1 LIMIT 1  [["id", 5942]]
12:00:13 web.1  |   [1m[36mRole Load (0.3ms)[0m  [1mSELECT "roles".* FROM "roles" INNER JOIN "personal_roles" ON "roles"."id" = "personal_roles"."role_id" WHERE "personal_roles"."person_id" = $1[0m  [["person_id", 7870]]
12:00:13 web.1  |   [1m[35mPlaque Load (0.4ms)[0m  SELECT "plaques".* FROM "plaques" INNER JOIN "personal_connections" ON "plaques"."id" = "personal_connections"."plaque_id" WHERE "personal_connections"."person_id" = $1  [["person_id", 7870]]
12:00:13 web.1  |   [1m[36mPersonalConnection Load (0.3ms)[0m  [1mSELECT "personal_connections".* FROM "personal_connections"  WHERE "personal_connections"."plaque_id" = $1[0m  [["plaque_id", 3668]]
12:00:13 web.1  |   [1m[35mCACHE (0.0ms)[0m  SELECT  "colours".* FROM "colours"  WHERE "colours"."id" = $1 LIMIT 1  [["id", 3]]
12:00:13 web.1  |   [1m[36mPhoto Load (0.7ms)[0m  [1mSELECT  "photos".* FROM "photos"  WHERE "photos"."plaque_id" = $1 AND "photos"."of_a_plaque" = 't'  ORDER BY shot ASC LIMIT 1[0m  [["plaque_id", 3668]]
12:00:13 web.1  |   [1m[35mPhoto Load (0.4ms)[0m  SELECT "photos".* FROM "photos"  WHERE "photos"."plaque_id" = $1 AND "photos"."of_a_plaque" = 't'  ORDER BY shot ASC  [["plaque_id", 3668]]
12:00:13 web.1  |   [1m[36mOrganisation Load (0.4ms)[0m  [1mSELECT "organisations".* FROM "organisations" INNER JOIN "sponsorships" ON "organisations"."id" = "sponsorships"."organisation_id" WHERE "sponsorships"."plaque_id" = $1[0m  [["plaque_id", 3668]]
12:00:13 web.1  |   [1m[35mCACHE (0.0ms)[0m  SELECT  "languages".* FROM "languages"  WHERE "languages"."id" = $1 LIMIT 1  [["id", 1]]
12:00:13 web.1  |   [1m[36mPersonalConnection Load (0.3ms)[0m  [1mSELECT "personal_connections".* FROM "personal_connections"  WHERE "personal_connections"."plaque_id" = $1[0m  [["plaque_id", 1060]]
12:00:13 web.1  |   [1m[35mPerson Load (0.3ms)[0m  SELECT  "people".* FROM "people"  WHERE "people"."id" = $1 LIMIT 1  [["id", 1309]]
12:00:13 web.1  |   [1m[36mPerson Load (0.3ms)[0m  [1mSELECT  "people".* FROM "people"  WHERE "people"."id" = $1 LIMIT 1[0m  [["id", 1313]]
12:00:13 web.1  |   [1m[35mCACHE (0.0ms)[0m  SELECT  "colours".* FROM "colours"  WHERE "colours"."id" = $1 LIMIT 1  [["id", 6]]
12:00:13 web.1  |   [1m[36mPhoto Load (0.4ms)[0m  [1mSELECT  "photos".* FROM "photos"  WHERE "photos"."plaque_id" = $1 AND "photos"."of_a_plaque" = 't'  ORDER BY shot ASC LIMIT 1[0m  [["plaque_id", 1060]]
12:00:13 web.1  |   [1m[35mPhoto Load (0.3ms)[0m  SELECT "photos".* FROM "photos"  WHERE "photos"."plaque_id" = $1 AND "photos"."of_a_plaque" = 't'  ORDER BY shot ASC  [["plaque_id", 1060]]
12:00:13 web.1  |   [1m[36mOrganisation Load (0.4ms)[0m  [1mSELECT "organisations".* FROM "organisations" INNER JOIN "sponsorships" ON "organisations"."id" = "sponsorships"."organisation_id" WHERE "sponsorships"."plaque_id" = $1[0m  [["plaque_id", 1060]]
12:00:13 web.1  |   [1m[35mCACHE (0.0ms)[0m  SELECT  "languages".* FROM "languages"  WHERE "languages"."id" = $1 LIMIT 1  [["id", 1]]
12:00:13 web.1  |   [1m[36mPersonalRole Load (0.3ms)[0m  [1mSELECT "personal_roles".* FROM "personal_roles"  WHERE "personal_roles"."person_id" = $1[0m  [["person_id", 1309]]
12:00:13 web.1  |   [1m[35mCACHE (0.0ms)[0m  SELECT  "roles".* FROM "roles"  WHERE "roles"."id" = $1 LIMIT 1  [["id", 34]]
12:00:13 web.1  |   [1m[36mCACHE (0.0ms)[0m  [1mSELECT  "roles".* FROM "roles"  WHERE "roles"."id" = $1 LIMIT 1[0m  [["id", 1377]]
12:00:13 web.1  |   [1m[35mCACHE (0.0ms)[0m  SELECT  "roles".* FROM "roles"  WHERE "roles"."id" = $1 LIMIT 1  [["id", 6315]]
12:00:13 web.1  |   [1m[36mRole Load (0.4ms)[0m  [1mSELECT "roles".* FROM "roles" INNER JOIN "personal_roles" ON "roles"."id" = "personal_roles"."role_id" WHERE "personal_roles"."person_id" = $1[0m  [["person_id", 1309]]
12:00:13 web.1  |   [1m[35mPersonalRole Load (0.3ms)[0m  SELECT "personal_roles".* FROM "personal_roles"  WHERE "personal_roles"."person_id" = $1  [["person_id", 1313]]
12:00:13 web.1  |   [1m[36mRole Load (0.4ms)[0m  [1mSELECT  "roles".* FROM "roles"  WHERE "roles"."id" = $1 LIMIT 1[0m  [["id", 100]]
12:00:13 web.1  |   [1m[35mRole Load (0.3ms)[0m  SELECT "roles".* FROM "roles" INNER JOIN "personal_roles" ON "roles"."id" = "personal_roles"."role_id" WHERE "personal_roles"."person_id" = $1  [["person_id", 1313]]
12:00:13 web.1  |   [1m[36mPlaque Load (0.5ms)[0m  [1mSELECT "plaques".* FROM "plaques" INNER JOIN "personal_connections" ON "plaques"."id" = "personal_connections"."plaque_id" WHERE "personal_connections"."person_id" = $1[0m  [["person_id", 1309]]
12:00:13 web.1  |   [1m[35mPlaque Load (0.4ms)[0m  SELECT "plaques".* FROM "plaques" INNER JOIN "personal_connections" ON "plaques"."id" = "personal_connections"."plaque_id" WHERE "personal_connections"."person_id" = $1  [["person_id", 1313]]
12:00:14 web.1  |   [1m[36mPersonalConnection Load (0.3ms)[0m  [1mSELECT "personal_connections".* FROM "personal_connections"  WHERE "personal_connections"."plaque_id" = $1[0m  [["plaque_id", 1265]]
12:00:14 web.1  |   [1m[35mPerson Load (0.4ms)[0m  SELECT  "people".* FROM "people"  WHERE "people"."id" = $1 LIMIT 1  [["id", 3032]]
12:00:14 web.1  |   [1m[36mCACHE (0.0ms)[0m  [1mSELECT  "colours".* FROM "colours"  WHERE "colours"."id" = $1 LIMIT 1[0m  [["id", 6]]
12:00:14 web.1  |   [1m[35mPhoto Load (0.4ms)[0m  SELECT  "photos".* FROM "photos"  WHERE "photos"."plaque_id" = $1 AND "photos"."of_a_plaque" = 't'  ORDER BY shot ASC LIMIT 1  [["plaque_id", 1265]]
12:00:14 web.1  |   [1m[36mPhoto Load (0.3ms)[0m  [1mSELECT "photos".* FROM "photos"  WHERE "photos"."plaque_id" = $1 AND "photos"."of_a_plaque" = 't'  ORDER BY shot ASC[0m  [["plaque_id", 1265]]
12:00:14 web.1  |   [1m[35mOrganisation Load (0.3ms)[0m  SELECT "organisations".* FROM "organisations" INNER JOIN "sponsorships" ON "organisations"."id" = "sponsorships"."organisation_id" WHERE "sponsorships"."plaque_id" = $1  [["plaque_id", 1265]]
12:00:14 web.1  |   [1m[36mCACHE (0.0ms)[0m  [1mSELECT  "languages".* FROM "languages"  WHERE "languages"."id" = $1 LIMIT 1[0m  [["id", 1]]
12:00:14 web.1  |   [1m[35mPersonalRole Load (0.3ms)[0m  SELECT "personal_roles".* FROM "personal_roles"  WHERE "personal_roles"."person_id" = $1  [["person_id", 3032]]
12:00:14 web.1  |   [1m[36mRole Load (0.4ms)[0m  [1mSELECT  "roles".* FROM "roles"  WHERE "roles"."id" = $1 LIMIT 1[0m  [["id", 1901]]
12:00:14 web.1  |   [1m[35mRole Load (0.5ms)[0m  SELECT  "roles".* FROM "roles"  WHERE "roles"."id" = $1 LIMIT 1  [["id", 4252]]
12:00:14 web.1  |   [1m[36mRole Load (0.3ms)[0m  [1mSELECT  "roles".* FROM "roles"  WHERE "roles"."id" = $1 LIMIT 1[0m  [["id", 4253]]
12:00:14 web.1  |   [1m[35mRole Load (0.4ms)[0m  SELECT  "roles".* FROM "roles"  WHERE "roles"."id" = $1 LIMIT 1  [["id", 1729]]
12:00:14 web.1  |   [1m[36mRole Load (0.4ms)[0m  [1mSELECT "roles".* FROM "roles" INNER JOIN "personal_roles" ON "roles"."id" = "personal_roles"."role_id" WHERE "personal_roles"."person_id" = $1[0m  [["person_id", 3032]]
12:00:14 web.1  |   [1m[35mPlaque Load (0.4ms)[0m  SELECT "plaques".* FROM "plaques" INNER JOIN "personal_connections" ON "plaques"."id" = "personal_connections"."plaque_id" WHERE "personal_connections"."person_id" = $1  [["person_id", 3032]]
12:00:14 web.1  |   [1m[36mPersonalConnection Load (0.4ms)[0m  [1mSELECT "personal_connections".* FROM "personal_connections"  WHERE "personal_connections"."plaque_id" = $1[0m  [["plaque_id", 2573]]
12:00:14 web.1  |   [1m[35mPerson Load (0.3ms)[0m  SELECT  "people".* FROM "people"  WHERE "people"."id" = $1 LIMIT 1  [["id", 5843]]
12:00:14 web.1  |   [1m[36mCACHE (0.0ms)[0m  [1mSELECT  "colours".* FROM "colours"  WHERE "colours"."id" = $1 LIMIT 1[0m  [["id", 13]]
12:00:14 web.1  |   [1m[35mPhoto Load (0.4ms)[0m  SELECT  "photos".* FROM "photos"  WHERE "photos"."plaque_id" = $1 AND "photos"."of_a_plaque" = 't'  ORDER BY shot ASC LIMIT 1  [["plaque_id", 2573]]
12:00:14 web.1  |   [1m[36mPhoto Load (0.4ms)[0m  [1mSELECT "photos".* FROM "photos"  WHERE "photos"."plaque_id" = $1 AND "photos"."of_a_plaque" = 't'  ORDER BY shot ASC[0m  [["plaque_id", 2573]]
12:00:14 web.1  |   [1m[35mOrganisation Load (0.4ms)[0m  SELECT "organisations".* FROM "organisations" INNER JOIN "sponsorships" ON "organisations"."id" = "sponsorships"."organisation_id" WHERE "sponsorships"."plaque_id" = $1  [["plaque_id", 2573]]
12:00:14 web.1  |   [1m[36mCACHE (0.0ms)[0m  [1mSELECT  "languages".* FROM "languages"  WHERE "languages"."id" = $1 LIMIT 1[0m  [["id", 1]]
12:00:14 web.1  |   [1m[35mPersonalRole Load (0.3ms)[0m  SELECT "personal_roles".* FROM "personal_roles"  WHERE "personal_roles"."person_id" = $1  [["person_id", 5843]]
12:00:14 web.1  |   [1m[36mRole Load (0.3ms)[0m  [1mSELECT "roles".* FROM "roles" INNER JOIN "personal_roles" ON "roles"."id" = "personal_roles"."role_id" WHERE "personal_roles"."person_id" = $1[0m  [["person_id", 5843]]
12:00:14 web.1  |   [1m[35mPlaque Load (0.7ms)[0m  SELECT "plaques".* FROM "plaques" INNER JOIN "personal_connections" ON "plaques"."id" = "personal_connections"."plaque_id" WHERE "personal_connections"."person_id" = $1  [["person_id", 5843]]
12:00:14 web.1  |   [1m[36mPersonalConnection Load (0.3ms)[0m  [1mSELECT "personal_connections".* FROM "personal_connections"  WHERE "personal_connections"."plaque_id" = $1[0m  [["plaque_id", 10109]]
12:00:14 web.1  |   [1m[35mPerson Load (0.3ms)[0m  SELECT  "people".* FROM "people"  WHERE "people"."id" = $1 LIMIT 1  [["id", 9471]]
12:00:14 web.1  |   [1m[36mCACHE (0.0ms)[0m  [1mSELECT  "colours".* FROM "colours"  WHERE "colours"."id" = $1 LIMIT 1[0m  [["id", 13]]
12:00:14 web.1  |   [1m[35mPhoto Load (0.3ms)[0m  SELECT  "photos".* FROM "photos"  WHERE "photos"."plaque_id" = $1 AND "photos"."of_a_plaque" = 't'  ORDER BY shot ASC LIMIT 1  [["plaque_id", 10109]]
12:00:14 web.1  |   [1m[36mPhoto Load (0.3ms)[0m  [1mSELECT "photos".* FROM "photos"  WHERE "photos"."plaque_id" = $1 AND "photos"."of_a_plaque" = 't'  ORDER BY shot ASC[0m  [["plaque_id", 10109]]
12:00:14 web.1  |   [1m[35mOrganisation Load (0.3ms)[0m  SELECT "organisations".* FROM "organisations" INNER JOIN "sponsorships" ON "organisations"."id" = "sponsorships"."organisation_id" WHERE "sponsorships"."plaque_id" = $1  [["plaque_id", 10109]]
12:00:14 web.1  |   [1m[36mCACHE (0.0ms)[0m  [1mSELECT  "languages".* FROM "languages"  WHERE "languages"."id" = $1 LIMIT 1[0m  [["id", 1]]
12:00:14 web.1  |   [1m[35mPersonalRole Load (0.3ms)[0m  SELECT "personal_roles".* FROM "personal_roles"  WHERE "personal_roles"."person_id" = $1  [["person_id", 9471]]
12:00:14 web.1  |   [1m[36mRole Load (0.3ms)[0m  [1mSELECT  "roles".* FROM "roles"  WHERE "roles"."id" = $1 LIMIT 1[0m  [["id", 5286]]
12:00:14 web.1  |   [1m[35mRole Load (0.4ms)[0m  SELECT "roles".* FROM "roles" INNER JOIN "personal_roles" ON "roles"."id" = "personal_roles"."role_id" WHERE "personal_roles"."person_id" = $1  [["person_id", 9471]]
12:00:14 web.1  |   [1m[36mPlaque Load (0.4ms)[0m  [1mSELECT "plaques".* FROM "plaques" INNER JOIN "personal_connections" ON "plaques"."id" = "personal_connections"."plaque_id" WHERE "personal_connections"."person_id" = $1[0m  [["person_id", 9471]]
12:00:14 web.1  |   [1m[35mPersonalConnection Load (0.3ms)[0m  SELECT "personal_connections".* FROM "personal_connections"  WHERE "personal_connections"."plaque_id" = $1  [["plaque_id", 8915]]
12:00:14 web.1  |   [1m[36mPerson Load (0.3ms)[0m  [1mSELECT  "people".* FROM "people"  WHERE "people"."id" = $1 LIMIT 1[0m  [["id", 413]]
12:00:14 web.1  |   [1m[35mCACHE (0.0ms)[0m  SELECT  "colours".* FROM "colours"  WHERE "colours"."id" = $1 LIMIT 1  [["id", 2]]
12:00:14 web.1  |   [1m[36mPhoto Load (0.4ms)[0m  [1mSELECT  "photos".* FROM "photos"  WHERE "photos"."plaque_id" = $1 AND "photos"."of_a_plaque" = 't'  ORDER BY shot ASC LIMIT 1[0m  [["plaque_id", 8915]]
12:00:14 web.1  |   [1m[35mPhoto Load (0.3ms)[0m  SELECT "photos".* FROM "photos"  WHERE "photos"."plaque_id" = $1 AND "photos"."of_a_plaque" = 't'  ORDER BY shot ASC  [["plaque_id", 8915]]
12:00:14 web.1  |   [1m[36mOrganisation Load (0.7ms)[0m  [1mSELECT "organisations".* FROM "organisations" INNER JOIN "sponsorships" ON "organisations"."id" = "sponsorships"."organisation_id" WHERE "sponsorships"."plaque_id" = $1[0m  [["plaque_id", 8915]]
12:00:14 web.1  |   [1m[35mCACHE (0.0ms)[0m  SELECT  "languages".* FROM "languages"  WHERE "languages"."id" = $1 LIMIT 1  [["id", 1]]
12:00:14 web.1  |   [1m[36mPersonalRole Load (0.3ms)[0m  [1mSELECT "personal_roles".* FROM "personal_roles"  WHERE "personal_roles"."person_id" = $1[0m  [["person_id", 413]]
12:00:14 web.1  |   [1m[35mCACHE (0.0ms)[0m  SELECT  "roles".* FROM "roles"  WHERE "roles"."id" = $1 LIMIT 1  [["id", 33]]
12:00:14 web.1  |   [1m[36mRole Load (0.3ms)[0m  [1mSELECT  "roles".* FROM "roles"  WHERE "roles"."id" = $1 LIMIT 1[0m  [["id", 19]]
12:00:14 web.1  |   [1m[35mCACHE (0.0ms)[0m  SELECT  "roles".* FROM "roles"  WHERE "roles"."id" = $1 LIMIT 1  [["id", 4747]]
12:00:14 web.1  |   [1m[36mCACHE (0.0ms)[0m  [1mSELECT  "roles".* FROM "roles"  WHERE "roles"."id" = $1 LIMIT 1[0m  [["id", 4747]]
12:00:14 web.1  |   [1m[35mCACHE (0.0ms)[0m  SELECT  "roles".* FROM "roles"  WHERE "roles"."id" = $1 LIMIT 1  [["id", 5013]]
12:00:14 web.1  |   [1m[36mRole Load (0.4ms)[0m  [1mSELECT "roles".* FROM "roles" INNER JOIN "personal_roles" ON "roles"."id" = "personal_roles"."role_id" WHERE "personal_roles"."person_id" = $1[0m  [["person_id", 413]]
12:00:14 web.1  |   [1m[35mPlaque Load (1.6ms)[0m  SELECT "plaques".* FROM "plaques" INNER JOIN "personal_connections" ON "plaques"."id" = "personal_connections"."plaque_id" WHERE "personal_connections"."person_id" = $1  [["person_id", 413]]
12:00:14 web.1  |   [1m[36mPersonalConnection Load (0.4ms)[0m  [1mSELECT "personal_connections".* FROM "personal_connections"  WHERE "personal_connections"."plaque_id" = $1[0m  [["plaque_id", 7473]]
12:00:14 web.1  |   [1m[35mPerson Load (0.4ms)[0m  SELECT  "people".* FROM "people"  WHERE "people"."id" = $1 LIMIT 1  [["id", 4794]]
12:00:14 web.1  |   [1m[36mPerson Load (0.3ms)[0m  [1mSELECT  "people".* FROM "people"  WHERE "people"."id" = $1 LIMIT 1[0m  [["id", 4795]]
12:00:14 web.1  |   [1m[35mCACHE (0.0ms)[0m  SELECT  "colours".* FROM "colours"  WHERE "colours"."id" = $1 LIMIT 1  [["id", 2]]
12:00:14 web.1  |   [1m[36mPhoto Load (0.4ms)[0m  [1mSELECT  "photos".* FROM "photos"  WHERE "photos"."plaque_id" = $1 AND "photos"."of_a_plaque" = 't'  ORDER BY shot ASC LIMIT 1[0m  [["plaque_id", 7473]]
12:00:14 web.1  |   [1m[35mPhoto Load (0.4ms)[0m  SELECT "photos".* FROM "photos"  WHERE "photos"."plaque_id" = $1 AND "photos"."of_a_plaque" = 't'  ORDER BY shot ASC  [["plaque_id", 7473]]
12:00:14 web.1  |   [1m[36mOrganisation Load (0.4ms)[0m  [1mSELECT "organisations".* FROM "organisations" INNER JOIN "sponsorships" ON "organisations"."id" = "sponsorships"."organisation_id" WHERE "sponsorships"."plaque_id" = $1[0m  [["plaque_id", 7473]]
12:00:14 web.1  |   [1m[35mCACHE (0.0ms)[0m  SELECT  "languages".* FROM "languages"  WHERE "languages"."id" = $1 LIMIT 1  [["id", 1]]
12:00:14 web.1  |   [1m[36mPersonalRole Load (0.3ms)[0m  [1mSELECT "personal_roles".* FROM "personal_roles"  WHERE "personal_roles"."person_id" = $1[0m  [["person_id", 4794]]
12:00:14 web.1  |   [1m[35mRole Load (0.3ms)[0m  SELECT  "roles".* FROM "roles"  WHERE "roles"."id" = $1 LIMIT 1  [["id", 4164]]
12:00:14 web.1  |   [1m[36mRole Load (0.3ms)[0m  [1mSELECT  "roles".* FROM "roles"  WHERE "roles"."id" = $1 LIMIT 1[0m  [["id", 4358]]
12:00:14 web.1  |   [1m[35mRole Load (0.4ms)[0m  SELECT "roles".* FROM "roles" INNER JOIN "personal_roles" ON "roles"."id" = "personal_roles"."role_id" WHERE "personal_roles"."person_id" = $1  [["person_id", 4794]]
12:00:14 web.1  |   [1m[36mPersonalRole Load (0.3ms)[0m  [1mSELECT "personal_roles".* FROM "personal_roles"  WHERE "personal_roles"."person_id" = $1[0m  [["person_id", 4795]]
12:00:14 web.1  |   [1m[35mCACHE (0.0ms)[0m  SELECT  "roles".* FROM "roles"  WHERE "roles"."id" = $1 LIMIT 1  [["id", 4164]]
12:00:14 web.1  |   [1m[36mCACHE (0.0ms)[0m  [1mSELECT  "roles".* FROM "roles"  WHERE "roles"."id" = $1 LIMIT 1[0m  [["id", 4358]]
12:00:14 web.1  |   [1m[35mRole Load (0.4ms)[0m  SELECT "roles".* FROM "roles" INNER JOIN "personal_roles" ON "roles"."id" = "personal_roles"."role_id" WHERE "personal_roles"."person_id" = $1  [["person_id", 4795]]
12:00:14 web.1  |   [1m[36mPlaque Load (0.4ms)[0m  [1mSELECT "plaques".* FROM "plaques" INNER JOIN "personal_connections" ON "plaques"."id" = "personal_connections"."plaque_id" WHERE "personal_connections"."person_id" = $1[0m  [["person_id", 4794]]
12:00:14 web.1  |   [1m[35mPlaque Load (0.4ms)[0m  SELECT "plaques".* FROM "plaques" INNER JOIN "personal_connections" ON "plaques"."id" = "personal_connections"."plaque_id" WHERE "personal_connections"."person_id" = $1  [["person_id", 4795]]
12:00:14 web.1  |   [1m[36mPersonalConnection Load (0.3ms)[0m  [1mSELECT "personal_connections".* FROM "personal_connections"  WHERE "personal_connections"."plaque_id" = $1[0m  [["plaque_id", 1072]]
12:00:14 web.1  |   [1m[35mPerson Load (0.3ms)[0m  SELECT  "people".* FROM "people"  WHERE "people"."id" = $1 LIMIT 1  [["id", 1921]]
12:00:14 web.1  |   [1m[36mCACHE (0.0ms)[0m  [1mSELECT  "colours".* FROM "colours"  WHERE "colours"."id" = $1 LIMIT 1[0m  [["id", 3]]
12:00:14 web.1  |   [1m[35mPhoto Load (0.4ms)[0m  SELECT  "photos".* FROM "photos"  WHERE "photos"."plaque_id" = $1 AND "photos"."of_a_plaque" = 't'  ORDER BY shot ASC LIMIT 1  [["plaque_id", 1072]]
12:00:14 web.1  |   [1m[36mPhoto Load (0.3ms)[0m  [1mSELECT "photos".* FROM "photos"  WHERE "photos"."plaque_id" = $1 AND "photos"."of_a_plaque" = 't'  ORDER BY shot ASC[0m  [["plaque_id", 1072]]
12:00:14 web.1  |   [1m[35mOrganisation Load (0.4ms)[0m  SELECT "organisations".* FROM "organisations" INNER JOIN "sponsorships" ON "organisations"."id" = "sponsorships"."organisation_id" WHERE "sponsorships"."plaque_id" = $1  [["plaque_id", 1072]]
12:00:14 web.1  |   [1m[36mCACHE (0.0ms)[0m  [1mSELECT  "languages".* FROM "languages"  WHERE "languages"."id" = $1 LIMIT 1[0m  [["id", 1]]
12:00:14 web.1  |   [1m[35mPersonalRole Load (0.3ms)[0m  SELECT "personal_roles".* FROM "personal_roles"  WHERE "personal_roles"."person_id" = $1  [["person_id", 1921]]
12:00:14 web.1  |   [1m[36mCACHE (0.0ms)[0m  [1mSELECT  "roles".* FROM "roles"  WHERE "roles"."id" = $1 LIMIT 1[0m  [["id", 49]]
12:00:14 web.1  |   [1m[35mRole Load (0.3ms)[0m  SELECT  "roles".* FROM "roles"  WHERE "roles"."id" = $1 LIMIT 1  [["id", 2634]]
12:00:14 web.1  |   [1m[36mRole Load (0.3ms)[0m  [1mSELECT  "roles".* FROM "roles"  WHERE "roles"."id" = $1 LIMIT 1[0m  [["id", 179]]
12:00:14 web.1  |   [1m[35mRole Load (0.4ms)[0m  SELECT "roles".* FROM "roles" INNER JOIN "personal_roles" ON "roles"."id" = "personal_roles"."role_id" WHERE "personal_roles"."person_id" = $1  [["person_id", 1921]]
12:00:14 web.1  |   [1m[36mPlaque Load (0.5ms)[0m  [1mSELECT "plaques".* FROM "plaques" INNER JOIN "personal_connections" ON "plaques"."id" = "personal_connections"."plaque_id" WHERE "personal_connections"."person_id" = $1[0m  [["person_id", 1921]]
12:00:14 web.1  |   [1m[35mPersonalConnection Load (0.3ms)[0m  SELECT "personal_connections".* FROM "personal_connections"  WHERE "personal_connections"."plaque_id" = $1  [["plaque_id", 1074]]
12:00:14 web.1  |   [1m[36mPerson Load (0.3ms)[0m  [1mSELECT  "people".* FROM "people"  WHERE "people"."id" = $1 LIMIT 1[0m  [["id", 1245]]
12:00:14 web.1  |   [1m[35mCACHE (0.0ms)[0m  SELECT  "colours".* FROM "colours"  WHERE "colours"."id" = $1 LIMIT 1  [["id", 6]]
12:00:14 web.1  |   [1m[36mPhoto Load (0.4ms)[0m  [1mSELECT  "photos".* FROM "photos"  WHERE "photos"."plaque_id" = $1 AND "photos"."of_a_plaque" = 't'  ORDER BY shot ASC LIMIT 1[0m  [["plaque_id", 1074]]
12:00:14 web.1  |   [1m[35mPhoto Load (0.4ms)[0m  SELECT "photos".* FROM "photos"  WHERE "photos"."plaque_id" = $1 AND "photos"."of_a_plaque" = 't'  ORDER BY shot ASC  [["plaque_id", 1074]]
12:00:14 web.1  |   [1m[36mOrganisation Load (0.3ms)[0m  [1mSELECT "organisations".* FROM "organisations" INNER JOIN "sponsorships" ON "organisations"."id" = "sponsorships"."organisation_id" WHERE "sponsorships"."plaque_id" = $1[0m  [["plaque_id", 1074]]
12:00:14 web.1  |   [1m[35mCACHE (0.0ms)[0m  SELECT  "languages".* FROM "languages"  WHERE "languages"."id" = $1 LIMIT 1  [["id", 1]]
12:00:14 web.1  |   [1m[36mPersonalRole Load (0.3ms)[0m  [1mSELECT "personal_roles".* FROM "personal_roles"  WHERE "personal_roles"."person_id" = $1[0m  [["person_id", 1245]]
12:00:14 web.1  |   [1m[35mRole Load (0.4ms)[0m  SELECT  "roles".* FROM "roles"  WHERE "roles"."id" = $1 LIMIT 1  [["id", 1625]]
12:00:14 web.1  |   [1m[36mRole Load (0.3ms)[0m  [1mSELECT "roles".* FROM "roles" INNER JOIN "personal_roles" ON "roles"."id" = "personal_roles"."role_id" WHERE "personal_roles"."person_id" = $1[0m  [["person_id", 1245]]
12:00:14 web.1  |   [1m[35mPlaque Load (0.4ms)[0m  SELECT "plaques".* FROM "plaques" INNER JOIN "personal_connections" ON "plaques"."id" = "personal_connections"."plaque_id" WHERE "personal_connections"."person_id" = $1  [["person_id", 1245]]
12:00:14 web.1  |   [1m[36mPersonalConnection Load (0.3ms)[0m  [1mSELECT "personal_connections".* FROM "personal_connections"  WHERE "personal_connections"."plaque_id" = $1[0m  [["plaque_id", 1256]]
12:00:14 web.1  |   [1m[35mPerson Load (0.4ms)[0m  SELECT  "people".* FROM "people"  WHERE "people"."id" = $1 LIMIT 1  [["id", 1949]]
12:00:14 web.1  |   [1m[36mCACHE (0.0ms)[0m  [1mSELECT  "colours".* FROM "colours"  WHERE "colours"."id" = $1 LIMIT 1[0m  [["id", 6]]
12:00:14 web.1  |   [1m[35mPhoto Load (0.4ms)[0m  SELECT  "photos".* FROM "photos"  WHERE "photos"."plaque_id" = $1 AND "photos"."of_a_plaque" = 't'  ORDER BY shot ASC LIMIT 1  [["plaque_id", 1256]]
12:00:14 web.1  |   [1m[36mPhoto Load (0.4ms)[0m  [1mSELECT "photos".* FROM "photos"  WHERE "photos"."plaque_id" = $1 AND "photos"."of_a_plaque" = 't'  ORDER BY shot ASC[0m  [["plaque_id", 1256]]
12:00:14 web.1  |   [1m[35mOrganisation Load (0.4ms)[0m  SELECT "organisations".* FROM "organisations" INNER JOIN "sponsorships" ON "organisations"."id" = "sponsorships"."organisation_id" WHERE "sponsorships"."plaque_id" = $1  [["plaque_id", 1256]]
12:00:14 web.1  |   [1m[36mCACHE (0.0ms)[0m  [1mSELECT  "languages".* FROM "languages"  WHERE "languages"."id" = $1 LIMIT 1[0m  [["id", 1]]
12:00:14 web.1  |   [1m[35mPersonalRole Load (0.3ms)[0m  SELECT "personal_roles".* FROM "personal_roles"  WHERE "personal_roles"."person_id" = $1  [["person_id", 1949]]
12:00:14 web.1  |   [1m[36mCACHE (0.0ms)[0m  [1mSELECT  "roles".* FROM "roles"  WHERE "roles"."id" = $1 LIMIT 1[0m  [["id", 83]]
12:00:14 web.1  |   [1m[35mRole Load (0.3ms)[0m  SELECT  "roles".* FROM "roles"  WHERE "roles"."id" = $1 LIMIT 1  [["id", 2858]]
12:00:14 web.1  |   [1m[36mRole Load (0.3ms)[0m  [1mSELECT  "roles".* FROM "roles"  WHERE "roles"."id" = $1 LIMIT 1[0m  [["id", 2886]]
12:00:14 web.1  |   [1m[35mRole Load (0.4ms)[0m  SELECT "roles".* FROM "roles" INNER JOIN "personal_roles" ON "roles"."id" = "personal_roles"."role_id" WHERE "personal_roles"."person_id" = $1  [["person_id", 1949]]
12:00:14 web.1  |   [1m[36mPlaque Load (0.4ms)[0m  [1mSELECT "plaques".* FROM "plaques" INNER JOIN "personal_connections" ON "plaques"."id" = "personal_connections"."plaque_id" WHERE "personal_connections"."person_id" = $1[0m  [["person_id", 1949]]
12:00:14 web.1  |   [1m[35mPersonalConnection Load (0.3ms)[0m  SELECT "personal_connections".* FROM "personal_connections"  WHERE "personal_connections"."plaque_id" = $1  [["plaque_id", 1642]]
12:00:14 web.1  |   [1m[36mPerson Load (0.3ms)[0m  [1mSELECT  "people".* FROM "people"  WHERE "people"."id" = $1 LIMIT 1[0m  [["id", 921]]
12:00:14 web.1  |   [1m[35mCACHE (0.0ms)[0m  SELECT  "colours".* FROM "colours"  WHERE "colours"."id" = $1 LIMIT 1  [["id", 2]]
12:00:14 web.1  |   [1m[36mPhoto Load (0.4ms)[0m  [1mSELECT  "photos".* FROM "photos"  WHERE "photos"."plaque_id" = $1 AND "photos"."of_a_plaque" = 't'  ORDER BY shot ASC LIMIT 1[0m  [["plaque_id", 1642]]
12:00:14 web.1  |   [1m[35mPhoto Load (0.4ms)[0m  SELECT "photos".* FROM "photos"  WHERE "photos"."plaque_id" = $1 AND "photos"."of_a_plaque" = 't'  ORDER BY shot ASC  [["plaque_id", 1642]]
12:00:14 web.1  |   [1m[36mOrganisation Load (0.4ms)[0m  [1mSELECT "organisations".* FROM "organisations" INNER JOIN "sponsorships" ON "organisations"."id" = "sponsorships"."organisation_id" WHERE "sponsorships"."plaque_id" = $1[0m  [["plaque_id", 1642]]
12:00:14 web.1  |   [1m[35mCACHE (0.0ms)[0m  SELECT  "languages".* FROM "languages"  WHERE "languages"."id" = $1 LIMIT 1  [["id", 1]]
12:00:14 web.1  |   [1m[36mPersonalRole Load (0.4ms)[0m  [1mSELECT "personal_roles".* FROM "personal_roles"  WHERE "personal_roles"."person_id" = $1[0m  [["person_id", 921]]
12:00:14 web.1  |   [1m[35mRole Load (0.3ms)[0m  SELECT  "roles".* FROM "roles"  WHERE "roles"."id" = $1 LIMIT 1  [["id", 685]]
12:00:14 web.1  |   [1m[36mRole Load (0.3ms)[0m  [1mSELECT "roles".* FROM "roles" INNER JOIN "personal_roles" ON "roles"."id" = "personal_roles"."role_id" WHERE "personal_roles"."person_id" = $1[0m  [["person_id", 921]]
12:00:14 web.1  |   [1m[35mPlaque Load (0.4ms)[0m  SELECT "plaques".* FROM "plaques" INNER JOIN "personal_connections" ON "plaques"."id" = "personal_connections"."plaque_id" WHERE "personal_connections"."person_id" = $1  [["person_id", 921]]
12:00:14 web.1  |   [1m[36mPersonalConnection Load (0.3ms)[0m  [1mSELECT "personal_connections".* FROM "personal_connections"  WHERE "personal_connections"."plaque_id" = $1[0m  [["plaque_id", 1868]]
12:00:14 web.1  |   [1m[35mPerson Load (0.4ms)[0m  SELECT  "people".* FROM "people"  WHERE "people"."id" = $1 LIMIT 1  [["id", 81]]
12:00:14 web.1  |   [1m[36mCACHE (0.0ms)[0m  [1mSELECT  "colours".* FROM "colours"  WHERE "colours"."id" = $1 LIMIT 1[0m  [["id", 8]]
12:00:14 web.1  |   [1m[35mPhoto Load (0.4ms)[0m  SELECT  "photos".* FROM "photos"  WHERE "photos"."plaque_id" = $1 AND "photos"."of_a_plaque" = 't'  ORDER BY shot ASC LIMIT 1  [["plaque_id", 1868]]
12:00:14 web.1  |   [1m[36mPhoto Load (0.4ms)[0m  [1mSELECT "photos".* FROM "photos"  WHERE "photos"."plaque_id" = $1 AND "photos"."of_a_plaque" = 't'  ORDER BY shot ASC[0m  [["plaque_id", 1868]]
12:00:14 web.1  |   [1m[35mOrganisation Load (0.3ms)[0m  SELECT "organisations".* FROM "organisations" INNER JOIN "sponsorships" ON "organisations"."id" = "sponsorships"."organisation_id" WHERE "sponsorships"."plaque_id" = $1  [["plaque_id", 1868]]
12:00:14 web.1  |   [1m[36mCACHE (0.0ms)[0m  [1mSELECT  "languages".* FROM "languages"  WHERE "languages"."id" = $1 LIMIT 1[0m  [["id", 1]]
12:00:14 web.1  |   [1m[35mPersonalRole Load (0.3ms)[0m  SELECT "personal_roles".* FROM "personal_roles"  WHERE "personal_roles"."person_id" = $1  [["person_id", 81]]
12:00:14 web.1  |   [1m[36mRole Load (0.3ms)[0m  [1mSELECT  "roles".* FROM "roles"  WHERE "roles"."id" = $1 LIMIT 1[0m  [["id", 75]]
12:00:14 web.1  |   [1m[35mRole Load (0.3ms)[0m  SELECT  "roles".* FROM "roles"  WHERE "roles"."id" = $1 LIMIT 1  [["id", 462]]
12:00:14 web.1  |   [1m[36mRole Load (0.3ms)[0m  [1mSELECT  "roles".* FROM "roles"  WHERE "roles"."id" = $1 LIMIT 1[0m  [["id", 463]]
12:00:14 web.1  |   [1m[35mCACHE (0.0ms)[0m  SELECT  "roles".* FROM "roles"  WHERE "roles"."id" = $1 LIMIT 1  [["id", 1413]]
12:00:14 web.1  |   [1m[36mRole Load (0.5ms)[0m  [1mSELECT "roles".* FROM "roles" INNER JOIN "personal_roles" ON "roles"."id" = "personal_roles"."role_id" WHERE "personal_roles"."person_id" = $1[0m  [["person_id", 81]]
12:00:14 web.1  |   [1m[35mPlaque Load (0.6ms)[0m  SELECT "plaques".* FROM "plaques" INNER JOIN "personal_connections" ON "plaques"."id" = "personal_connections"."plaque_id" WHERE "personal_connections"."person_id" = $1  [["person_id", 81]]
12:00:14 web.1  |   [1m[36mPersonalConnection Load (0.3ms)[0m  [1mSELECT "personal_connections".* FROM "personal_connections"  WHERE "personal_connections"."plaque_id" = $1[0m  [["plaque_id", 1041]]
12:00:14 web.1  |   [1m[35mPerson Load (0.3ms)[0m  SELECT  "people".* FROM "people"  WHERE "people"."id" = $1 LIMIT 1  [["id", 1285]]
12:00:14 web.1  |   [1m[36mCACHE (0.0ms)[0m  [1mSELECT  "colours".* FROM "colours"  WHERE "colours"."id" = $1 LIMIT 1[0m  [["id", 6]]
12:00:14 web.1  |   [1m[35mPhoto Load (0.4ms)[0m  SELECT  "photos".* FROM "photos"  WHERE "photos"."plaque_id" = $1 AND "photos"."of_a_plaque" = 't'  ORDER BY shot ASC LIMIT 1  [["plaque_id", 1041]]
12:00:14 web.1  |   [1m[36mPhoto Load (0.4ms)[0m  [1mSELECT "photos".* FROM "photos"  WHERE "photos"."plaque_id" = $1 AND "photos"."of_a_plaque" = 't'  ORDER BY shot ASC[0m  [["plaque_id", 1041]]
12:00:14 web.1  |   [1m[35mOrganisation Load (0.4ms)[0m  SELECT "organisations".* FROM "organisations" INNER JOIN "sponsorships" ON "organisations"."id" = "sponsorships"."organisation_id" WHERE "sponsorships"."plaque_id" = $1  [["plaque_id", 1041]]
12:00:14 web.1  |   [1m[36mCACHE (0.0ms)[0m  [1mSELECT  "languages".* FROM "languages"  WHERE "languages"."id" = $1 LIMIT 1[0m  [["id", 1]]
12:00:14 web.1  |   [1m[35mPersonalRole Load (3.6ms)[0m  SELECT "personal_roles".* FROM "personal_roles"  WHERE "personal_roles"."person_id" = $1  [["person_id", 1285]]
12:00:14 web.1  |   [1m[36mCACHE (0.0ms)[0m  [1mSELECT  "roles".* FROM "roles"  WHERE "roles"."id" = $1 LIMIT 1[0m  [["id", 49]]
12:00:14 web.1  |   [1m[35mRole Load (0.6ms)[0m  SELECT  "roles".* FROM "roles"  WHERE "roles"."id" = $1 LIMIT 1  [["id", 217]]
12:00:14 web.1  |   [1m[36mRole Load (0.3ms)[0m  [1mSELECT  "roles".* FROM "roles"  WHERE "roles"."id" = $1 LIMIT 1[0m  [["id", 3812]]
12:00:14 web.1  |   [1m[35mRole Load (0.6ms)[0m  SELECT "roles".* FROM "roles" INNER JOIN "personal_roles" ON "roles"."id" = "personal_roles"."role_id" WHERE "personal_roles"."person_id" = $1  [["person_id", 1285]]
12:00:15 web.1  |   [1m[36mPlaque Load (0.4ms)[0m  [1mSELECT "plaques".* FROM "plaques" INNER JOIN "personal_connections" ON "plaques"."id" = "personal_connections"."plaque_id" WHERE "personal_connections"."person_id" = $1[0m  [["person_id", 1285]]
12:00:15 web.1  | Completed 200 OK in 9223ms (Views: 136.5ms | ActiveRecord: 420.8ms)
12:00:15 web.1  | Oink Action: area_plaques#show
12:00:15 web.1  | Memory usage: 2642860 | PID: 40432
12:00:15 web.1  | Instantiation Breakdown: Total: 1778 | Role: 424 | Plaque: 402 | PersonalRole: 217 | Photo: 215 | PersonalConnection: 118 | Person: 118 | Language: 107 | Colour: 103 | Organisation: 72 | Area: 1 | Country: 1
12:00:15 web.1  | Oink Log Entry Complete
12:00:16 web.1  | [40432] 127.0.0.1 - - [16/May/2015 12:00:16] "GET /places/gb/areas/brighton/plaques.json HTTP/1.1" 200 - 10.7674
12:02:14 web.1  | Started GET "/places/gb/areas/london" for 127.0.0.1 at 2015-05-16 12:02:14 +0100
12:02:15 web.1  | Processing by AreasController#show as HTML
12:02:15 web.1  |   Parameters: {"country_id"=>"gb", "id"=>"london"}
12:02:15 web.1  | USERAGENT: /places/gb/areas/london Mozilla/5.0 (Macintosh; Intel Mac OS X 10_10_3) AppleWebKit/537.36 (KHTML, like Gecko) Chrome/42.0.2311.135 Safari/537.36
12:02:15 web.1  |   [1m[36mCountry Load (0.7ms)[0m  [1mSELECT  "countries".* FROM "countries"  WHERE "countries"."alpha2" = 'gb' LIMIT 1[0m
12:02:15 web.1  |   [1m[35mArea Load (22.7ms)[0m  SELECT  "areas".* FROM "areas"  WHERE "areas"."country_id" = $1 AND "areas"."slug" = 'london'  ORDER BY name ASC LIMIT 1  [["country_id", 1]]
12:02:15 web.1  |   Rendered areas/show.html.erb within layouts/application (9.8ms)
12:02:15 web.1  | Completed 200 OK in 321ms (Views: 202.2ms | ActiveRecord: 30.6ms)
12:02:15 web.1  | Oink Action: areas#show
12:02:15 web.1  | Memory usage: 2638248 | PID: 40431
12:02:15 web.1  | Instantiation Breakdown: Total: 2 | Country: 1 | Area: 1
12:02:15 web.1  | Oink Log Entry Complete
12:02:15 web.1  | [40431] 127.0.0.1 - - [16/May/2015 12:02:15] "GET /places/gb/areas/london HTTP/1.1" 200 - 1.4106
12:02:16 web.1  | Started GET "/assets/application.js" for 127.0.0.1 at 2015-05-16 12:02:16 +0100
12:02:16 web.1  | Started GET "/assets/openplaques.png" for 127.0.0.1 at 2015-05-16 12:02:16 +0100
12:02:16 web.1  | Memory usage: 2638248 | PID: 40431
12:02:16 web.1  | Instantiation Breakdown: Total: 0
12:02:16 web.1  | Oink Log Entry Complete
12:02:16 web.1  | [40431] 127.0.0.1 - - [16/May/2015 12:02:16] "GET /openplaques.png HTTP/1.1" 304 - 0.0995
12:02:16 web.1  | Started GET "/assets/application.css" for 127.0.0.1 at 2015-05-16 12:02:16 +0100
12:02:16 web.1  | Memory usage: 2638248 | PID: 40431
12:02:16 web.1  | Instantiation Breakdown: Total: 0
12:02:16 web.1  | Oink Log Entry Complete
12:02:16 web.1  | [40431] 127.0.0.1 - - [16/May/2015 12:02:16] "GET /application.css HTTP/1.1" 304 - 0.1513
12:02:16 web.1  | Memory usage: 2642860 | PID: 40432
12:02:16 web.1  | Instantiation Breakdown: Total: 0
12:02:16 web.1  | Oink Log Entry Complete
12:02:16 web.1  | [40432] 127.0.0.1 - - [16/May/2015 12:02:16] "GET /application.js HTTP/1.1" 304 - 0.4147
12:02:16 web.1  | Started GET "/assets/icon_search.png" for 127.0.0.1 at 2015-05-16 12:02:16 +0100
12:02:16 web.1  | Memory usage: 2642860 | PID: 40432
12:02:16 web.1  | Instantiation Breakdown: Total: 0
12:02:16 web.1  | Oink Log Entry Complete
12:02:16 web.1  | [40432] 127.0.0.1 - - [16/May/2015 12:02:16] "GET /icon_search.png HTTP/1.1" 304 - 0.0804
12:02:21 web.1  | Started GET "/places/gb/areas/london/plaques" for 127.0.0.1 at 2015-05-16 12:02:21 +0100
12:02:21 web.1  | Processing by AreaPlaquesController#show as HTML
12:02:21 web.1  |   Parameters: {"country_id"=>"gb", "area_id"=>"london"}
12:02:21 web.1  | USERAGENT: /places/gb/areas/london/plaques Mozilla/5.0 (Macintosh; Intel Mac OS X 10_10_3) AppleWebKit/537.36 (KHTML, like Gecko) Chrome/42.0.2311.135 Safari/537.36
12:02:21 web.1  |   [1m[35mCountry Load (0.5ms)[0m  SELECT  "countries".* FROM "countries"  WHERE "countries"."alpha2" = 'gb' LIMIT 1
12:02:21 web.1  |   [1m[36mArea Load (0.3ms)[0m  [1mSELECT  "areas".* FROM "areas"  WHERE "areas"."country_id" = $1 AND "areas"."slug" = 'london'  ORDER BY name ASC LIMIT 1[0m  [["country_id", 1]]
12:02:21 web.1  |   [1m[35m (503.4ms)[0m  SELECT COUNT(*) FROM "plaques"  WHERE "plaques"."area_id" = $1  [["area_id", 1]]
12:02:21 web.1  |   [1m[36mPlaque Load (1.6ms)[0m  [1mSELECT  "plaques".* FROM "plaques"  WHERE "plaques"."area_id" = $1 LIMIT 50 OFFSET 0[0m  [["area_id", 1]]
12:02:21 web.1  |   [1m[35mPhoto Load (28.6ms)[0m  SELECT  "photos".* FROM "photos"  WHERE "photos"."plaque_id" = $1 AND "photos"."of_a_plaque" = 't'  ORDER BY shot ASC LIMIT 1  [["plaque_id", 45]]
12:02:21 web.1  |   Rendered plaques/_tile.erb (96.6ms)
12:02:21 web.1  |   [1m[36mPersonalConnection Load (0.4ms)[0m  [1mSELECT "personal_connections".* FROM "personal_connections"  WHERE "personal_connections"."plaque_id" = $1[0m  [["plaque_id", 45]]
12:02:22 web.1  |   [1m[35mPerson Load (11.3ms)[0m  SELECT  "people".* FROM "people"  WHERE "people"."id" = $1 LIMIT 1  [["id", 45]]
12:02:22 web.1  |   [1m[36mPersonalRole Load (0.3ms)[0m  [1mSELECT "personal_roles".* FROM "personal_roles"  WHERE "personal_roles"."person_id" = $1[0m  [["person_id", 45]]
12:02:22 web.1  |   [1m[35mRole Load (0.4ms)[0m  SELECT  "roles".* FROM "roles"  WHERE "roles"."id" = $1 LIMIT 1  [["id", 2]]
12:02:22 web.1  |   [1m[36mRole Load (0.3ms)[0m  [1mSELECT  "roles".* FROM "roles"  WHERE "roles"."id" = $1 LIMIT 1[0m  [["id", 411]]
12:02:22 web.1  |   [1m[35mRole Load (0.3ms)[0m  SELECT  "roles".* FROM "roles"  WHERE "roles"."id" = $1 LIMIT 1  [["id", 4741]]
12:02:22 web.1  |   [1m[36mRole Load (0.4ms)[0m  [1mSELECT "roles".* FROM "roles" INNER JOIN "personal_roles" ON "roles"."id" = "personal_roles"."role_id" WHERE "personal_roles"."person_id" = $1[0m  [["person_id", 45]]
12:02:22 web.1  |   [1m[35mLanguage Load (0.3ms)[0m  SELECT  "languages".* FROM "languages"  WHERE "languages"."id" = $1 LIMIT 1  [["id", 1]]
12:02:22 web.1  |   [1m[36mPhoto Load (0.7ms)[0m  [1mSELECT  "photos".* FROM "photos"  WHERE "photos"."plaque_id" = $1 AND "photos"."of_a_plaque" = 't'  ORDER BY shot ASC LIMIT 1[0m  [["plaque_id", 46]]
12:02:22 web.1  |   Rendered plaques/_tile.erb (8.2ms)
12:02:22 web.1  |   [1m[35mPersonalConnection Load (0.3ms)[0m  SELECT "personal_connections".* FROM "personal_connections"  WHERE "personal_connections"."plaque_id" = $1  [["plaque_id", 46]]
12:02:22 web.1  |   [1m[36mPerson Load (0.3ms)[0m  [1mSELECT  "people".* FROM "people"  WHERE "people"."id" = $1 LIMIT 1[0m  [["id", 46]]
12:02:22 web.1  |   [1m[35mPersonalRole Load (0.3ms)[0m  SELECT "personal_roles".* FROM "personal_roles"  WHERE "personal_roles"."person_id" = $1  [["person_id", 46]]
12:02:22 web.1  |   [1m[36mRole Load (0.3ms)[0m  [1mSELECT  "roles".* FROM "roles"  WHERE "roles"."id" = $1 LIMIT 1[0m  [["id", 44]]
12:02:22 web.1  |   [1m[35mRole Load (0.5ms)[0m  SELECT "roles".* FROM "roles" INNER JOIN "personal_roles" ON "roles"."id" = "personal_roles"."role_id" WHERE "personal_roles"."person_id" = $1  [["person_id", 46]]
12:02:22 web.1  |   [1m[36mCACHE (0.0ms)[0m  [1mSELECT  "people".* FROM "people"  WHERE "people"."id" = $1 LIMIT 1[0m  [["id", 46]]
12:02:22 web.1  |   [1m[35mCACHE (0.0ms)[0m  SELECT "personal_roles".* FROM "personal_roles"  WHERE "personal_roles"."person_id" = $1  [["person_id", 46]]
12:02:22 web.1  |   [1m[36mCACHE (0.0ms)[0m  [1mSELECT  "roles".* FROM "roles"  WHERE "roles"."id" = $1 LIMIT 1[0m  [["id", 44]]
12:02:22 web.1  |   [1m[35mCACHE (0.0ms)[0m  SELECT "roles".* FROM "roles" INNER JOIN "personal_roles" ON "roles"."id" = "personal_roles"."role_id" WHERE "personal_roles"."person_id" = $1  [["person_id", 46]]
12:02:22 web.1  |   [1m[36mCACHE (0.0ms)[0m  [1mSELECT  "languages".* FROM "languages"  WHERE "languages"."id" = $1 LIMIT 1[0m  [["id", 1]]
12:02:22 web.1  |   [1m[35mPhoto Load (18.9ms)[0m  SELECT  "photos".* FROM "photos"  WHERE "photos"."plaque_id" = $1 AND "photos"."of_a_plaque" = 't'  ORDER BY shot ASC LIMIT 1  [["plaque_id", 50]]
12:02:22 web.1  |   Rendered plaques/_tile.erb (26.6ms)
12:02:22 web.1  |   [1m[36mPersonalConnection Load (0.3ms)[0m  [1mSELECT "personal_connections".* FROM "personal_connections"  WHERE "personal_connections"."plaque_id" = $1[0m  [["plaque_id", 50]]
12:02:22 web.1  |   [1m[35mPerson Load (0.3ms)[0m  SELECT  "people".* FROM "people"  WHERE "people"."id" = $1 LIMIT 1  [["id", 50]]
12:02:22 web.1  |   [1m[36mPersonalRole Load (0.4ms)[0m  [1mSELECT "personal_roles".* FROM "personal_roles"  WHERE "personal_roles"."person_id" = $1[0m  [["person_id", 50]]
12:02:22 web.1  |   [1m[35mRole Load (0.3ms)[0m  SELECT  "roles".* FROM "roles"  WHERE "roles"."id" = $1 LIMIT 1  [["id", 50]]
12:02:22 web.1  |   [1m[36mRole Load (0.3ms)[0m  [1mSELECT  "roles".* FROM "roles"  WHERE "roles"."id" = $1 LIMIT 1[0m  [["id", 3314]]
12:02:22 web.1  |   [1m[35mRole Load (0.3ms)[0m  SELECT  "roles".* FROM "roles"  WHERE "roles"."id" = $1 LIMIT 1  [["id", 493]]
12:02:22 web.1  |   [1m[36mRole Load (0.3ms)[0m  [1mSELECT  "roles".* FROM "roles"  WHERE "roles"."id" = $1 LIMIT 1[0m  [["id", 6081]]
12:02:22 web.1  |   [1m[35mRole Load (0.3ms)[0m  SELECT  "roles".* FROM "roles"  WHERE "roles"."id" = $1 LIMIT 1  [["id", 6082]]
12:02:22 web.1  |   [1m[36mRole Load (0.4ms)[0m  [1mSELECT "roles".* FROM "roles" INNER JOIN "personal_roles" ON "roles"."id" = "personal_roles"."role_id" WHERE "personal_roles"."person_id" = $1[0m  [["person_id", 50]]
12:02:22 web.1  |   [1m[35mCACHE (0.0ms)[0m  SELECT  "languages".* FROM "languages"  WHERE "languages"."id" = $1 LIMIT 1  [["id", 1]]
12:02:22 web.1  |   [1m[36mPhoto Load (0.3ms)[0m  [1mSELECT  "photos".* FROM "photos"  WHERE "photos"."plaque_id" = $1 AND "photos"."of_a_plaque" = 't'  ORDER BY shot ASC LIMIT 1[0m  [["plaque_id", 51]]
12:02:22 web.1  |   [1m[35mCACHE (0.0ms)[0m  SELECT  "photos".* FROM "photos"  WHERE "photos"."plaque_id" = $1 AND "photos"."of_a_plaque" = 't'  ORDER BY shot ASC LIMIT 1  [["plaque_id", 51]]
12:02:22 web.1  |   Rendered plaques/_tile.erb (59.4ms)
12:02:22 web.1  |   [1m[36mPersonalConnection Load (0.3ms)[0m  [1mSELECT "personal_connections".* FROM "personal_connections"  WHERE "personal_connections"."plaque_id" = $1[0m  [["plaque_id", 51]]
12:02:22 web.1  |   [1m[35mPerson Load (0.3ms)[0m  SELECT  "people".* FROM "people"  WHERE "people"."id" = $1 LIMIT 1  [["id", 51]]
12:02:22 web.1  |   [1m[36mPersonalRole Load (0.3ms)[0m  [1mSELECT "personal_roles".* FROM "personal_roles"  WHERE "personal_roles"."person_id" = $1[0m  [["person_id", 51]]
12:02:22 web.1  |   [1m[35mRole Load (0.3ms)[0m  SELECT  "roles".* FROM "roles"  WHERE "roles"."id" = $1 LIMIT 1  [["id", 51]]
12:02:22 web.1  |   [1m[36mRole Load (0.3ms)[0m  [1mSELECT "roles".* FROM "roles" INNER JOIN "personal_roles" ON "roles"."id" = "personal_roles"."role_id" WHERE "personal_roles"."person_id" = $1[0m  [["person_id", 51]]
12:02:22 web.1  |   [1m[35mCACHE (0.0ms)[0m  SELECT  "languages".* FROM "languages"  WHERE "languages"."id" = $1 LIMIT 1  [["id", 1]]
12:02:22 web.1  |   [1m[36mPhoto Load (0.4ms)[0m  [1mSELECT  "photos".* FROM "photos"  WHERE "photos"."plaque_id" = $1 AND "photos"."of_a_plaque" = 't'  ORDER BY shot ASC LIMIT 1[0m  [["plaque_id", 56]]
12:02:22 web.1  |   Rendered plaques/_tile.erb (7.3ms)
12:02:22 web.1  |   [1m[35mPersonalConnection Load (0.3ms)[0m  SELECT "personal_connections".* FROM "personal_connections"  WHERE "personal_connections"."plaque_id" = $1  [["plaque_id", 56]]
12:02:22 web.1  |   [1m[36mPerson Load (0.3ms)[0m  [1mSELECT  "people".* FROM "people"  WHERE "people"."id" = $1 LIMIT 1[0m  [["id", 56]]
12:02:22 web.1  |   [1m[35mPersonalRole Load (0.3ms)[0m  SELECT "personal_roles".* FROM "personal_roles"  WHERE "personal_roles"."person_id" = $1  [["person_id", 56]]
12:02:22 web.1  |   [1m[36mCACHE (0.0ms)[0m  [1mSELECT  "roles".* FROM "roles"  WHERE "roles"."id" = $1 LIMIT 1[0m  [["id", 51]]
12:02:22 web.1  |   [1m[35mRole Load (0.3ms)[0m  SELECT "roles".* FROM "roles" INNER JOIN "personal_roles" ON "roles"."id" = "personal_roles"."role_id" WHERE "personal_roles"."person_id" = $1  [["person_id", 56]]
12:02:22 web.1  |   [1m[36mPerson Load (0.4ms)[0m  [1mSELECT  "people".* FROM "people"  WHERE "people"."id" = $1 LIMIT 1[0m  [["id", 57]]
12:02:22 web.1  |   [1m[35mPersonalRole Load (0.3ms)[0m  SELECT "personal_roles".* FROM "personal_roles"  WHERE "personal_roles"."person_id" = $1  [["person_id", 57]]
12:02:22 web.1  |   [1m[36mCACHE (0.0ms)[0m  [1mSELECT  "roles".* FROM "roles"  WHERE "roles"."id" = $1 LIMIT 1[0m  [["id", 51]]
12:02:22 web.1  |   [1m[35mRole Load (0.4ms)[0m  SELECT "roles".* FROM "roles" INNER JOIN "personal_roles" ON "roles"."id" = "personal_roles"."role_id" WHERE "personal_roles"."person_id" = $1  [["person_id", 57]]
12:02:22 web.1  |   [1m[36mCACHE (0.1ms)[0m  [1mSELECT  "languages".* FROM "languages"  WHERE "languages"."id" = $1 LIMIT 1[0m  [["id", 1]]
12:02:22 web.1  |   [1m[35mPhoto Load (0.4ms)[0m  SELECT  "photos".* FROM "photos"  WHERE "photos"."plaque_id" = $1 AND "photos"."of_a_plaque" = 't'  ORDER BY shot ASC LIMIT 1  [["plaque_id", 31627]]
12:02:22 web.1  |   [1m[36mCACHE (0.0ms)[0m  [1mSELECT  "photos".* FROM "photos"  WHERE "photos"."plaque_id" = $1 AND "photos"."of_a_plaque" = 't'  ORDER BY shot ASC LIMIT 1[0m  [["plaque_id", 31627]]
12:02:22 web.1  |   Rendered plaques/_tile.erb (13.2ms)
12:02:22 web.1  |   [1m[35mPersonalConnection Load (0.3ms)[0m  SELECT "personal_connections".* FROM "personal_connections"  WHERE "personal_connections"."plaque_id" = $1  [["plaque_id", 31627]]
12:02:22 web.1  |   [1m[36mCACHE (0.0ms)[0m  [1mSELECT  "languages".* FROM "languages"  WHERE "languages"."id" = $1 LIMIT 1[0m  [["id", 1]]
12:02:22 web.1  |   [1m[35mPhoto Load (0.4ms)[0m  SELECT  "photos".* FROM "photos"  WHERE "photos"."plaque_id" = $1 AND "photos"."of_a_plaque" = 't'  ORDER BY shot ASC LIMIT 1  [["plaque_id", 1]]
12:02:22 web.1  |   Rendered plaques/_tile.erb (7.1ms)
12:02:22 web.1  |   [1m[36mPersonalConnection Load (0.3ms)[0m  [1mSELECT "personal_connections".* FROM "personal_connections"  WHERE "personal_connections"."plaque_id" = $1[0m  [["plaque_id", 1]]
12:02:22 web.1  |   [1m[35mPerson Load (0.7ms)[0m  SELECT  "people".* FROM "people"  WHERE "people"."id" = $1 LIMIT 1  [["id", 1]]
12:02:22 web.1  |   [1m[36mPersonalRole Load (0.3ms)[0m  [1mSELECT "personal_roles".* FROM "personal_roles"  WHERE "personal_roles"."person_id" = $1[0m  [["person_id", 1]]
12:02:22 web.1  |   [1m[35mRole Load (0.3ms)[0m  SELECT  "roles".* FROM "roles"  WHERE "roles"."id" = $1 LIMIT 1  [["id", 1]]
12:02:22 web.1  |   [1m[36mCACHE (0.0ms)[0m  [1mSELECT  "roles".* FROM "roles"  WHERE "roles"."id" = $1 LIMIT 1[0m  [["id", 2]]
12:02:22 web.1  |   [1m[35mRole Load (0.4ms)[0m  SELECT "roles".* FROM "roles" INNER JOIN "personal_roles" ON "roles"."id" = "personal_roles"."role_id" WHERE "personal_roles"."person_id" = $1  [["person_id", 1]]
12:02:22 web.1  |   [1m[36mCACHE (0.0ms)[0m  [1mSELECT  "languages".* FROM "languages"  WHERE "languages"."id" = $1 LIMIT 1[0m  [["id", 1]]
12:02:22 web.1  |   [1m[35mPhoto Load (0.4ms)[0m  SELECT  "photos".* FROM "photos"  WHERE "photos"."plaque_id" = $1 AND "photos"."of_a_plaque" = 't'  ORDER BY shot ASC LIMIT 1  [["plaque_id", 24]]
12:02:22 web.1  |   Rendered plaques/_tile.erb (7.3ms)
12:02:22 web.1  |   [1m[36mPersonalConnection Load (0.3ms)[0m  [1mSELECT "personal_connections".* FROM "personal_connections"  WHERE "personal_connections"."plaque_id" = $1[0m  [["plaque_id", 24]]
12:02:22 web.1  |   [1m[35mPerson Load (0.3ms)[0m  SELECT  "people".* FROM "people"  WHERE "people"."id" = $1 LIMIT 1  [["id", 24]]
12:02:22 web.1  |   [1m[36mPersonalRole Load (0.4ms)[0m  [1mSELECT "personal_roles".* FROM "personal_roles"  WHERE "personal_roles"."person_id" = $1[0m  [["person_id", 24]]
12:02:22 web.1  |   [1m[35mRole Load (0.3ms)[0m  SELECT  "roles".* FROM "roles"  WHERE "roles"."id" = $1 LIMIT 1  [["id", 370]]
12:02:22 web.1  |   [1m[36mRole Load (16.1ms)[0m  [1mSELECT  "roles".* FROM "roles"  WHERE "roles"."id" = $1 LIMIT 1[0m  [["id", 169]]
12:02:22 web.1  |   [1m[35mRole Load (0.3ms)[0m  SELECT  "roles".* FROM "roles"  WHERE "roles"."id" = $1 LIMIT 1  [["id", 4745]]
12:02:22 web.1  |   [1m[36mCACHE (0.0ms)[0m  [1mSELECT  "roles".* FROM "roles"  WHERE "roles"."id" = $1 LIMIT 1[0m  [["id", 4745]]
12:02:22 web.1  |   [1m[35mRole Load (0.4ms)[0m  SELECT "roles".* FROM "roles" INNER JOIN "personal_roles" ON "roles"."id" = "personal_roles"."role_id" WHERE "personal_roles"."person_id" = $1  [["person_id", 24]]
12:02:22 web.1  |   [1m[36mPerson Load (0.3ms)[0m  [1mSELECT  "people".* FROM "people"  WHERE "people"."id" = $1 LIMIT 1[0m  [["id", 1033]]
12:02:22 web.1  |   [1m[35mPersonalRole Load (0.3ms)[0m  SELECT "personal_roles".* FROM "personal_roles"  WHERE "personal_roles"."person_id" = $1  [["person_id", 1033]]
12:02:22 web.1  |   [1m[36mCACHE (0.0ms)[0m  [1mSELECT  "roles".* FROM "roles"  WHERE "roles"."id" = $1 LIMIT 1[0m  [["id", 370]]
12:02:22 web.1  |   [1m[35mCACHE (0.0ms)[0m  SELECT  "roles".* FROM "roles"  WHERE "roles"."id" = $1 LIMIT 1  [["id", 169]]
12:02:22 web.1  |   [1m[36mRole Load (0.3ms)[0m  [1mSELECT  "roles".* FROM "roles"  WHERE "roles"."id" = $1 LIMIT 1[0m  [["id", 4747]]
12:02:22 web.1  |   [1m[35mRole Load (0.4ms)[0m  SELECT "roles".* FROM "roles" INNER JOIN "personal_roles" ON "roles"."id" = "personal_roles"."role_id" WHERE "personal_roles"."person_id" = $1  [["person_id", 1033]]
12:02:22 web.1  |   [1m[36mPerson Load (0.4ms)[0m  [1mSELECT  "people".* FROM "people"  WHERE "people"."id" = $1 LIMIT 1[0m  [["id", 25]]
12:02:22 web.1  |   [1m[35mPersonalRole Load (0.4ms)[0m  SELECT "personal_roles".* FROM "personal_roles"  WHERE "personal_roles"."person_id" = $1  [["person_id", 25]]
12:02:22 web.1  |   [1m[36mCACHE (0.0ms)[0m  [1mSELECT  "roles".* FROM "roles"  WHERE "roles"."id" = $1 LIMIT 1[0m  [["id", 370]]
12:02:22 web.1  |   [1m[35mCACHE (0.0ms)[0m  SELECT  "roles".* FROM "roles"  WHERE "roles"."id" = $1 LIMIT 1  [["id", 169]]
12:02:22 web.1  |   [1m[36mCACHE (0.0ms)[0m  [1mSELECT  "roles".* FROM "roles"  WHERE "roles"."id" = $1 LIMIT 1[0m  [["id", 4747]]
12:02:22 web.1  |   [1m[35mRole Load (0.4ms)[0m  SELECT "roles".* FROM "roles" INNER JOIN "personal_roles" ON "roles"."id" = "personal_roles"."role_id" WHERE "personal_roles"."person_id" = $1  [["person_id", 25]]
12:02:22 web.1  |   [1m[36mCACHE (0.0ms)[0m  [1mSELECT  "languages".* FROM "languages"  WHERE "languages"."id" = $1 LIMIT 1[0m  [["id", 1]]
12:02:22 web.1  |   [1m[35mPhoto Load (0.4ms)[0m  SELECT  "photos".* FROM "photos"  WHERE "photos"."plaque_id" = $1 AND "photos"."of_a_plaque" = 't'  ORDER BY shot ASC LIMIT 1  [["plaque_id", 40]]
12:02:22 web.1  |   Rendered plaques/_tile.erb (6.8ms)
12:02:22 web.1  |   [1m[36mPersonalConnection Load (0.3ms)[0m  [1mSELECT "personal_connections".* FROM "personal_connections"  WHERE "personal_connections"."plaque_id" = $1[0m  [["plaque_id", 40]]
12:02:22 web.1  |   [1m[35mPerson Load (15.1ms)[0m  SELECT  "people".* FROM "people"  WHERE "people"."id" = $1 LIMIT 1  [["id", 40]]
12:02:22 web.1  |   [1m[36mPersonalRole Load (7.6ms)[0m  [1mSELECT "personal_roles".* FROM "personal_roles"  WHERE "personal_roles"."person_id" = $1[0m  [["person_id", 40]]
12:02:22 web.1  |   [1m[35mCACHE (0.0ms)[0m  SELECT  "roles".* FROM "roles"  WHERE "roles"."id" = $1 LIMIT 1  [["id", 4747]]
12:02:22 web.1  |   [1m[36mRole Load (0.3ms)[0m  [1mSELECT  "roles".* FROM "roles"  WHERE "roles"."id" = $1 LIMIT 1[0m  [["id", 42]]
12:02:22 web.1  |   [1m[35mRole Load (0.5ms)[0m  SELECT "roles".* FROM "roles" INNER JOIN "personal_roles" ON "roles"."id" = "personal_roles"."role_id" WHERE "personal_roles"."person_id" = $1  [["person_id", 40]]
12:02:22 web.1  |   [1m[36mCACHE (0.0ms)[0m  [1mSELECT  "languages".* FROM "languages"  WHERE "languages"."id" = $1 LIMIT 1[0m  [["id", 1]]
12:02:22 web.1  |   [1m[35mPhoto Load (0.6ms)[0m  SELECT  "photos".* FROM "photos"  WHERE "photos"."plaque_id" = $1 AND "photos"."of_a_plaque" = 't'  ORDER BY shot ASC LIMIT 1  [["plaque_id", 78]]
12:02:22 web.1  |   Rendered plaques/_tile.erb (7.9ms)
12:02:22 web.1  |   [1m[36mPersonalConnection Load (0.3ms)[0m  [1mSELECT "personal_connections".* FROM "personal_connections"  WHERE "personal_connections"."plaque_id" = $1[0m  [["plaque_id", 78]]
12:02:22 web.1  |   [1m[35mPerson Load (0.3ms)[0m  SELECT  "people".* FROM "people"  WHERE "people"."id" = $1 LIMIT 1  [["id", 1981]]
12:02:22 web.1  |   [1m[36mPersonalRole Load (0.3ms)[0m  [1mSELECT "personal_roles".* FROM "personal_roles"  WHERE "personal_roles"."person_id" = $1[0m  [["person_id", 1981]]
12:02:22 web.1  |   [1m[35mRole Load (0.7ms)[0m  SELECT  "roles".* FROM "roles"  WHERE "roles"."id" = $1 LIMIT 1  [["id", 4640]]
12:02:22 web.1  |   [1m[36mRole Load (0.3ms)[0m  [1mSELECT "roles".* FROM "roles" INNER JOIN "personal_roles" ON "roles"."id" = "personal_roles"."role_id" WHERE "personal_roles"."person_id" = $1[0m  [["person_id", 1981]]
12:02:22 web.1  |   [1m[35mCACHE (0.0ms)[0m  SELECT  "languages".* FROM "languages"  WHERE "languages"."id" = $1 LIMIT 1  [["id", 1]]
12:02:22 web.1  |   [1m[36mPhoto Load (17.1ms)[0m  [1mSELECT  "photos".* FROM "photos"  WHERE "photos"."plaque_id" = $1 AND "photos"."of_a_plaque" = 't'  ORDER BY shot ASC LIMIT 1[0m  [["plaque_id", 114]]
12:02:22 web.1  |   Rendered plaques/_tile.erb (27.6ms)
12:02:22 web.1  |   [1m[35mPersonalConnection Load (0.3ms)[0m  SELECT "personal_connections".* FROM "personal_connections"  WHERE "personal_connections"."plaque_id" = $1  [["plaque_id", 114]]
12:02:22 web.1  |   [1m[36mPerson Load (0.3ms)[0m  [1mSELECT  "people".* FROM "people"  WHERE "people"."id" = $1 LIMIT 1[0m  [["id", 113]]
12:02:22 web.1  |   [1m[35mPersonalRole Load (0.3ms)[0m  SELECT "personal_roles".* FROM "personal_roles"  WHERE "personal_roles"."person_id" = $1  [["person_id", 113]]
12:02:22 web.1  |   [1m[36mCACHE (0.0ms)[0m  [1mSELECT  "roles".* FROM "roles"  WHERE "roles"."id" = $1 LIMIT 1[0m  [["id", 2]]
12:02:22 web.1  |   [1m[35mRole Load (0.4ms)[0m  SELECT "roles".* FROM "roles" INNER JOIN "personal_roles" ON "roles"."id" = "personal_roles"."role_id" WHERE "personal_roles"."person_id" = $1  [["person_id", 113]]
12:02:23 web.1  |   [1m[36mCACHE (0.0ms)[0m  [1mSELECT  "people".* FROM "people"  WHERE "people"."id" = $1 LIMIT 1[0m  [["id", 113]]
12:02:23 web.1  |   [1m[35mCACHE (0.0ms)[0m  SELECT "personal_roles".* FROM "personal_roles"  WHERE "personal_roles"."person_id" = $1  [["person_id", 113]]
12:02:23 web.1  |   [1m[36mCACHE (0.0ms)[0m  [1mSELECT  "roles".* FROM "roles"  WHERE "roles"."id" = $1 LIMIT 1[0m  [["id", 2]]
12:02:23 web.1  |   [1m[35mCACHE (0.0ms)[0m  SELECT "roles".* FROM "roles" INNER JOIN "personal_roles" ON "roles"."id" = "personal_roles"."role_id" WHERE "personal_roles"."person_id" = $1  [["person_id", 113]]
12:02:23 web.1  |   [1m[36mPerson Load (0.3ms)[0m  [1mSELECT  "people".* FROM "people"  WHERE "people"."id" = $1 LIMIT 1[0m  [["id", 1677]]
12:02:23 web.1  |   [1m[35mPersonalRole Load (0.3ms)[0m  SELECT "personal_roles".* FROM "personal_roles"  WHERE "personal_roles"."person_id" = $1  [["person_id", 1677]]
12:02:23 web.1  |   [1m[36mCACHE (0.0ms)[0m  [1mSELECT  "roles".* FROM "roles"  WHERE "roles"."id" = $1 LIMIT 1[0m  [["id", 2]]
12:02:23 web.1  |   [1m[35mRole Load (0.3ms)[0m  SELECT  "roles".* FROM "roles"  WHERE "roles"."id" = $1 LIMIT 1  [["id", 33]]
12:02:23 web.1  |   [1m[36mRole Load (1.3ms)[0m  [1mSELECT  "roles".* FROM "roles"  WHERE "roles"."id" = $1 LIMIT 1[0m  [["id", 40]]
12:02:23 web.1  |   [1m[35mRole Load (0.4ms)[0m  SELECT "roles".* FROM "roles" INNER JOIN "personal_roles" ON "roles"."id" = "personal_roles"."role_id" WHERE "personal_roles"."person_id" = $1  [["person_id", 1677]]
12:02:23 web.1  |   [1m[36mCACHE (0.0ms)[0m  [1mSELECT  "people".* FROM "people"  WHERE "people"."id" = $1 LIMIT 1[0m  [["id", 1677]]
12:02:23 web.1  |   [1m[35mCACHE (0.0ms)[0m  SELECT "personal_roles".* FROM "personal_roles"  WHERE "personal_roles"."person_id" = $1  [["person_id", 1677]]
12:02:23 web.1  |   [1m[36mCACHE (0.0ms)[0m  [1mSELECT  "roles".* FROM "roles"  WHERE "roles"."id" = $1 LIMIT 1[0m  [["id", 2]]
12:02:23 web.1  |   [1m[35mCACHE (0.0ms)[0m  SELECT  "roles".* FROM "roles"  WHERE "roles"."id" = $1 LIMIT 1  [["id", 33]]
12:02:23 web.1  |   [1m[36mCACHE (0.0ms)[0m  [1mSELECT  "roles".* FROM "roles"  WHERE "roles"."id" = $1 LIMIT 1[0m  [["id", 40]]
12:02:23 web.1  |   [1m[35mCACHE (0.0ms)[0m  SELECT "roles".* FROM "roles" INNER JOIN "personal_roles" ON "roles"."id" = "personal_roles"."role_id" WHERE "personal_roles"."person_id" = $1  [["person_id", 1677]]
12:02:23 web.1  |   [1m[36mCACHE (0.0ms)[0m  [1mSELECT  "languages".* FROM "languages"  WHERE "languages"."id" = $1 LIMIT 1[0m  [["id", 1]]
12:02:23 web.1  |   [1m[35mPhoto Load (0.8ms)[0m  SELECT  "photos".* FROM "photos"  WHERE "photos"."plaque_id" = $1 AND "photos"."of_a_plaque" = 't'  ORDER BY shot ASC LIMIT 1  [["plaque_id", 334]]
12:02:23 web.1  |   Rendered plaques/_tile.erb (7.7ms)
12:02:23 web.1  |   [1m[36mPersonalConnection Load (52.4ms)[0m  [1mSELECT "personal_connections".* FROM "personal_connections"  WHERE "personal_connections"."plaque_id" = $1[0m  [["plaque_id", 334]]
12:02:23 web.1  |   [1m[35mPerson Load (19.0ms)[0m  SELECT  "people".* FROM "people"  WHERE "people"."id" = $1 LIMIT 1  [["id", 321]]
12:02:23 web.1  |   [1m[36mPersonalRole Load (11.3ms)[0m  [1mSELECT "personal_roles".* FROM "personal_roles"  WHERE "personal_roles"."person_id" = $1[0m  [["person_id", 321]]
12:02:23 web.1  |   [1m[35mRole Load (0.3ms)[0m  SELECT  "roles".* FROM "roles"  WHERE "roles"."id" = $1 LIMIT 1  [["id", 4]]
12:02:23 web.1  |   [1m[36mRole Load (0.4ms)[0m  [1mSELECT "roles".* FROM "roles" INNER JOIN "personal_roles" ON "roles"."id" = "personal_roles"."role_id" WHERE "personal_roles"."person_id" = $1[0m  [["person_id", 321]]
12:02:23 web.1  |   [1m[35mCACHE (0.0ms)[0m  SELECT  "languages".* FROM "languages"  WHERE "languages"."id" = $1 LIMIT 1  [["id", 1]]
12:02:23 web.1  |   [1m[36mPhoto Load (0.5ms)[0m  [1mSELECT  "photos".* FROM "photos"  WHERE "photos"."plaque_id" = $1 AND "photos"."of_a_plaque" = 't'  ORDER BY shot ASC LIMIT 1[0m  [["plaque_id", 29]]
12:02:23 web.1  |   Rendered plaques/_tile.erb (7.7ms)
12:02:23 web.1  |   [1m[35mPersonalConnection Load (0.3ms)[0m  SELECT "personal_connections".* FROM "personal_connections"  WHERE "personal_connections"."plaque_id" = $1  [["plaque_id", 29]]
12:02:23 web.1  |   [1m[36mPerson Load (0.4ms)[0m  [1mSELECT  "people".* FROM "people"  WHERE "people"."id" = $1 LIMIT 1[0m  [["id", 29]]
12:02:23 web.1  |   [1m[35mPersonalRole Load (0.3ms)[0m  SELECT "personal_roles".* FROM "personal_roles"  WHERE "personal_roles"."person_id" = $1  [["person_id", 29]]
12:02:23 web.1  |   [1m[36mRole Load (0.4ms)[0m  [1mSELECT  "roles".* FROM "roles"  WHERE "roles"."id" = $1 LIMIT 1[0m  [["id", 30]]
12:02:23 web.1  |   [1m[35mRole Load (0.4ms)[0m  SELECT "roles".* FROM "roles" INNER JOIN "personal_roles" ON "roles"."id" = "personal_roles"."role_id" WHERE "personal_roles"."person_id" = $1  [["person_id", 29]]
12:02:23 web.1  |   [1m[36mCACHE (0.0ms)[0m  [1mSELECT  "people".* FROM "people"  WHERE "people"."id" = $1 LIMIT 1[0m  [["id", 29]]
12:02:23 web.1  |   [1m[35mCACHE (0.0ms)[0m  SELECT "personal_roles".* FROM "personal_roles"  WHERE "personal_roles"."person_id" = $1  [["person_id", 29]]
12:02:23 web.1  |   [1m[36mCACHE (0.0ms)[0m  [1mSELECT  "roles".* FROM "roles"  WHERE "roles"."id" = $1 LIMIT 1[0m  [["id", 30]]
12:02:23 web.1  |   [1m[35mCACHE (0.0ms)[0m  SELECT "roles".* FROM "roles" INNER JOIN "personal_roles" ON "roles"."id" = "personal_roles"."role_id" WHERE "personal_roles"."person_id" = $1  [["person_id", 29]]
12:02:23 web.1  |   [1m[36mCACHE (0.0ms)[0m  [1mSELECT  "languages".* FROM "languages"  WHERE "languages"."id" = $1 LIMIT 1[0m  [["id", 1]]
12:02:23 web.1  |   [1m[35mPhoto Load (0.5ms)[0m  SELECT  "photos".* FROM "photos"  WHERE "photos"."plaque_id" = $1 AND "photos"."of_a_plaque" = 't'  ORDER BY shot ASC LIMIT 1  [["plaque_id", 171]]
12:02:23 web.1  |   [1m[36mCACHE (0.0ms)[0m  [1mSELECT  "photos".* FROM "photos"  WHERE "photos"."plaque_id" = $1 AND "photos"."of_a_plaque" = 't'  ORDER BY shot ASC LIMIT 1[0m  [["plaque_id", 171]]
12:02:23 web.1  |   Rendered plaques/_tile.erb (13.9ms)
12:02:23 web.1  |   [1m[35mPersonalConnection Load (0.3ms)[0m  SELECT "personal_connections".* FROM "personal_connections"  WHERE "personal_connections"."plaque_id" = $1  [["plaque_id", 171]]
12:02:23 web.1  |   [1m[36mPerson Load (0.4ms)[0m  [1mSELECT  "people".* FROM "people"  WHERE "people"."id" = $1 LIMIT 1[0m  [["id", 2446]]
12:02:23 web.1  |   [1m[35mPersonalRole Load (0.4ms)[0m  SELECT "personal_roles".* FROM "personal_roles"  WHERE "personal_roles"."person_id" = $1  [["person_id", 2446]]
12:02:23 web.1  |   [1m[36mRole Load (0.4ms)[0m  [1mSELECT "roles".* FROM "roles" INNER JOIN "personal_roles" ON "roles"."id" = "personal_roles"."role_id" WHERE "personal_roles"."person_id" = $1[0m  [["person_id", 2446]]
12:02:23 web.1  |   [1m[35mCACHE (0.1ms)[0m  SELECT  "languages".* FROM "languages"  WHERE "languages"."id" = $1 LIMIT 1  [["id", 1]]
12:02:23 web.1  |   [1m[36mPhoto Load (0.4ms)[0m  [1mSELECT  "photos".* FROM "photos"  WHERE "photos"."plaque_id" = $1 AND "photos"."of_a_plaque" = 't'  ORDER BY shot ASC LIMIT 1[0m  [["plaque_id", 197]]
12:02:23 web.1  |   Rendered plaques/_tile.erb (7.5ms)
12:02:23 web.1  |   [1m[35mPersonalConnection Load (0.5ms)[0m  SELECT "personal_connections".* FROM "personal_connections"  WHERE "personal_connections"."plaque_id" = $1  [["plaque_id", 197]]
12:02:23 web.1  |   [1m[36mPerson Load (0.3ms)[0m  [1mSELECT  "people".* FROM "people"  WHERE "people"."id" = $1 LIMIT 1[0m  [["id", 193]]
12:02:23 web.1  |   [1m[35mPersonalRole Load (0.3ms)[0m  SELECT "personal_roles".* FROM "personal_roles"  WHERE "personal_roles"."person_id" = $1  [["person_id", 193]]
12:02:23 web.1  |   [1m[36mRole Load (0.4ms)[0m  [1mSELECT  "roles".* FROM "roles"  WHERE "roles"."id" = $1 LIMIT 1[0m  [["id", 171]]
12:02:23 web.1  |   [1m[35mRole Load (0.3ms)[0m  SELECT  "roles".* FROM "roles"  WHERE "roles"."id" = $1 LIMIT 1  [["id", 1413]]
12:02:23 web.1  |   [1m[36mRole Load (0.4ms)[0m  [1mSELECT "roles".* FROM "roles" INNER JOIN "personal_roles" ON "roles"."id" = "personal_roles"."role_id" WHERE "personal_roles"."person_id" = $1[0m  [["person_id", 193]]
12:02:23 web.1  |   [1m[35mCACHE (0.0ms)[0m  SELECT  "languages".* FROM "languages"  WHERE "languages"."id" = $1 LIMIT 1  [["id", 1]]
12:02:23 web.1  |   [1m[36mPhoto Load (20.2ms)[0m  [1mSELECT  "photos".* FROM "photos"  WHERE "photos"."plaque_id" = $1 AND "photos"."of_a_plaque" = 't'  ORDER BY shot ASC LIMIT 1[0m  [["plaque_id", 215]]
12:02:23 web.1  |   Rendered plaques/_tile.erb (28.5ms)
12:02:23 web.1  |   [1m[35mPersonalConnection Load (0.3ms)[0m  SELECT "personal_connections".* FROM "personal_connections"  WHERE "personal_connections"."plaque_id" = $1  [["plaque_id", 215]]
12:02:23 web.1  |   [1m[36mPerson Load (0.3ms)[0m  [1mSELECT  "people".* FROM "people"  WHERE "people"."id" = $1 LIMIT 1[0m  [["id", 214]]
12:02:23 web.1  |   [1m[35mPersonalRole Load (0.3ms)[0m  SELECT "personal_roles".* FROM "personal_roles"  WHERE "personal_roles"."person_id" = $1  [["person_id", 214]]
12:02:23 web.1  |   [1m[36mRole Load (0.3ms)[0m  [1mSELECT  "roles".* FROM "roles"  WHERE "roles"."id" = $1 LIMIT 1[0m  [["id", 28]]
12:02:23 web.1  |   [1m[35mRole Load (0.3ms)[0m  SELECT  "roles".* FROM "roles"  WHERE "roles"."id" = $1 LIMIT 1  [["id", 181]]
12:02:23 web.1  |   [1m[36mRole Load (0.3ms)[0m  [1mSELECT  "roles".* FROM "roles"  WHERE "roles"."id" = $1 LIMIT 1[0m  [["id", 182]]
12:02:23 web.1  |   [1m[35mRole Load (0.4ms)[0m  SELECT "roles".* FROM "roles" INNER JOIN "personal_roles" ON "roles"."id" = "personal_roles"."role_id" WHERE "personal_roles"."person_id" = $1  [["person_id", 214]]
12:02:23 web.1  |   [1m[36mCACHE (0.0ms)[0m  [1mSELECT  "languages".* FROM "languages"  WHERE "languages"."id" = $1 LIMIT 1[0m  [["id", 1]]
12:02:23 web.1  |   [1m[35mPhoto Load (8.9ms)[0m  SELECT  "photos".* FROM "photos"  WHERE "photos"."plaque_id" = $1 AND "photos"."of_a_plaque" = 't'  ORDER BY shot ASC LIMIT 1  [["plaque_id", 226]]
12:02:23 web.1  |   Rendered plaques/_tile.erb (15.9ms)
12:02:23 web.1  |   [1m[36mPersonalConnection Load (0.3ms)[0m  [1mSELECT "personal_connections".* FROM "personal_connections"  WHERE "personal_connections"."plaque_id" = $1[0m  [["plaque_id", 226]]
12:02:23 web.1  |   [1m[35mPerson Load (0.3ms)[0m  SELECT  "people".* FROM "people"  WHERE "people"."id" = $1 LIMIT 1  [["id", 225]]
12:02:23 web.1  |   [1m[36mPersonalRole Load (0.3ms)[0m  [1mSELECT "personal_roles".* FROM "personal_roles"  WHERE "personal_roles"."person_id" = $1[0m  [["person_id", 225]]
12:02:23 web.1  |   [1m[35mCACHE (0.0ms)[0m  SELECT  "roles".* FROM "roles"  WHERE "roles"."id" = $1 LIMIT 1  [["id", 4]]
12:02:23 web.1  |   [1m[36mRole Load (0.3ms)[0m  [1mSELECT  "roles".* FROM "roles"  WHERE "roles"."id" = $1 LIMIT 1[0m  [["id", 190]]
12:02:23 web.1  |   [1m[35mRole Load (0.4ms)[0m  SELECT "roles".* FROM "roles" INNER JOIN "personal_roles" ON "roles"."id" = "personal_roles"."role_id" WHERE "personal_roles"."person_id" = $1  [["person_id", 225]]
12:02:23 web.1  |   [1m[36mCACHE (0.0ms)[0m  [1mSELECT  "languages".* FROM "languages"  WHERE "languages"."id" = $1 LIMIT 1[0m  [["id", 1]]
12:02:23 web.1  |   [1m[35mPhoto Load (0.4ms)[0m  SELECT  "photos".* FROM "photos"  WHERE "photos"."plaque_id" = $1 AND "photos"."of_a_plaque" = 't'  ORDER BY shot ASC LIMIT 1  [["plaque_id", 246]]
12:02:23 web.1  |   Rendered plaques/_tile.erb (7.6ms)
12:02:23 web.1  |   [1m[36mPersonalConnection Load (0.3ms)[0m  [1mSELECT "personal_connections".* FROM "personal_connections"  WHERE "personal_connections"."plaque_id" = $1[0m  [["plaque_id", 246]]
12:02:23 web.1  |   [1m[35mPerson Load (0.3ms)[0m  SELECT  "people".* FROM "people"  WHERE "people"."id" = $1 LIMIT 1  [["id", 243]]
12:02:23 web.1  |   [1m[36mPersonalRole Load (0.3ms)[0m  [1mSELECT "personal_roles".* FROM "personal_roles"  WHERE "personal_roles"."person_id" = $1[0m  [["person_id", 243]]
12:02:23 web.1  |   [1m[35mCACHE (0.2ms)[0m  SELECT  "roles".* FROM "roles"  WHERE "roles"."id" = $1 LIMIT 1  [["id", 28]]
12:02:23 web.1  |   [1m[36mRole Load (0.3ms)[0m  [1mSELECT "roles".* FROM "roles" INNER JOIN "personal_roles" ON "roles"."id" = "personal_roles"."role_id" WHERE "personal_roles"."person_id" = $1[0m  [["person_id", 243]]
12:02:23 web.1  |   [1m[35mPerson Load (0.3ms)[0m  SELECT  "people".* FROM "people"  WHERE "people"."id" = $1 LIMIT 1  [["id", 244]]
12:02:23 web.1  |   [1m[36mPersonalRole Load (0.3ms)[0m  [1mSELECT "personal_roles".* FROM "personal_roles"  WHERE "personal_roles"."person_id" = $1[0m  [["person_id", 244]]
12:02:23 web.1  |   [1m[35mCACHE (0.0ms)[0m  SELECT  "roles".* FROM "roles"  WHERE "roles"."id" = $1 LIMIT 1  [["id", 28]]
12:02:23 web.1  |   [1m[36mRole Load (0.4ms)[0m  [1mSELECT "roles".* FROM "roles" INNER JOIN "personal_roles" ON "roles"."id" = "personal_roles"."role_id" WHERE "personal_roles"."person_id" = $1[0m  [["person_id", 244]]
12:02:23 web.1  |   [1m[35mCACHE (0.0ms)[0m  SELECT  "languages".* FROM "languages"  WHERE "languages"."id" = $1 LIMIT 1  [["id", 1]]
12:02:23 web.1  |   [1m[36mPhoto Load (16.1ms)[0m  [1mSELECT  "photos".* FROM "photos"  WHERE "photos"."plaque_id" = $1 AND "photos"."of_a_plaque" = 't'  ORDER BY shot ASC LIMIT 1[0m  [["plaque_id", 587]]
12:02:23 web.1  |   [1m[35mCACHE (0.0ms)[0m  SELECT  "photos".* FROM "photos"  WHERE "photos"."plaque_id" = $1 AND "photos"."of_a_plaque" = 't'  ORDER BY shot ASC LIMIT 1  [["plaque_id", 587]]
12:02:23 web.1  |   Rendered plaques/_tile.erb (30.5ms)
12:02:23 web.1  |   [1m[36mPersonalConnection Load (11.1ms)[0m  [1mSELECT "personal_connections".* FROM "personal_connections"  WHERE "personal_connections"."plaque_id" = $1[0m  [["plaque_id", 587]]
12:02:23 web.1  |   [1m[35mPerson Load (0.4ms)[0m  SELECT  "people".* FROM "people"  WHERE "people"."id" = $1 LIMIT 1  [["id", 2454]]
12:02:23 web.1  |   [1m[36mPersonalRole Load (0.3ms)[0m  [1mSELECT "personal_roles".* FROM "personal_roles"  WHERE "personal_roles"."person_id" = $1[0m  [["person_id", 2454]]
12:02:23 web.1  |   [1m[35mRole Load (0.3ms)[0m  SELECT  "roles".* FROM "roles"  WHERE "roles"."id" = $1 LIMIT 1  [["id", 313]]
12:02:23 web.1  |   [1m[36mRole Load (0.3ms)[0m  [1mSELECT  "roles".* FROM "roles"  WHERE "roles"."id" = $1 LIMIT 1[0m  [["id", 464]]
12:02:23 web.1  |   [1m[35mRole Load (0.3ms)[0m  SELECT  "roles".* FROM "roles"  WHERE "roles"."id" = $1 LIMIT 1  [["id", 2578]]
12:02:23 web.1  |   [1m[36mRole Load (0.3ms)[0m  [1mSELECT  "roles".* FROM "roles"  WHERE "roles"."id" = $1 LIMIT 1[0m  [["id", 4749]]
12:02:23 web.1  |   [1m[35mRole Load (0.4ms)[0m  SELECT "roles".* FROM "roles" INNER JOIN "personal_roles" ON "roles"."id" = "personal_roles"."role_id" WHERE "personal_roles"."person_id" = $1  [["person_id", 2454]]
12:02:23 web.1  |   [1m[36mCACHE (0.0ms)[0m  [1mSELECT  "languages".* FROM "languages"  WHERE "languages"."id" = $1 LIMIT 1[0m  [["id", 1]]
12:02:23 web.1  |   [1m[35mPhoto Load (0.4ms)[0m  SELECT  "photos".* FROM "photos"  WHERE "photos"."plaque_id" = $1 AND "photos"."of_a_plaque" = 't'  ORDER BY shot ASC LIMIT 1  [["plaque_id", 589]]
12:02:23 web.1  |   Rendered plaques/_tile.erb (8.2ms)
12:02:23 web.1  |   [1m[36mPersonalConnection Load (0.4ms)[0m  [1mSELECT "personal_connections".* FROM "personal_connections"  WHERE "personal_connections"."plaque_id" = $1[0m  [["plaque_id", 589]]
12:02:23 web.1  |   [1m[35mPerson Load (8.5ms)[0m  SELECT  "people".* FROM "people"  WHERE "people"."id" = $1 LIMIT 1  [["id", 567]]
12:02:23 web.1  |   [1m[36mPersonalRole Load (10.0ms)[0m  [1mSELECT "personal_roles".* FROM "personal_roles"  WHERE "personal_roles"."person_id" = $1[0m  [["person_id", 567]]
12:02:23 web.1  |   [1m[35mRole Load (0.4ms)[0m  SELECT "roles".* FROM "roles" INNER JOIN "personal_roles" ON "roles"."id" = "personal_roles"."role_id" WHERE "personal_roles"."person_id" = $1  [["person_id", 567]]
12:02:23 web.1  |   [1m[36mCACHE (0.0ms)[0m  [1mSELECT  "languages".* FROM "languages"  WHERE "languages"."id" = $1 LIMIT 1[0m  [["id", 1]]
12:02:23 web.1  |   [1m[35mPhoto Load (0.4ms)[0m  SELECT  "photos".* FROM "photos"  WHERE "photos"."plaque_id" = $1 AND "photos"."of_a_plaque" = 't'  ORDER BY shot ASC LIMIT 1  [["plaque_id", 333]]
12:02:23 web.1  |   Rendered plaques/_tile.erb (7.5ms)
12:02:23 web.1  |   [1m[36mPersonalConnection Load (0.3ms)[0m  [1mSELECT "personal_connections".* FROM "personal_connections"  WHERE "personal_connections"."plaque_id" = $1[0m  [["plaque_id", 333]]
12:02:23 web.1  |   [1m[35mPerson Load (0.7ms)[0m  SELECT  "people".* FROM "people"  WHERE "people"."id" = $1 LIMIT 1  [["id", 320]]
12:02:23 web.1  |   [1m[36mPersonalRole Load (0.3ms)[0m  [1mSELECT "personal_roles".* FROM "personal_roles"  WHERE "personal_roles"."person_id" = $1[0m  [["person_id", 320]]
12:02:23 web.1  |   [1m[35mRole Load (17.2ms)[0m  SELECT  "roles".* FROM "roles"  WHERE "roles"."id" = $1 LIMIT 1  [["id", 251]]
12:02:23 web.1  |   [1m[36mCACHE (0.0ms)[0m  [1mSELECT  "roles".* FROM "roles"  WHERE "roles"."id" = $1 LIMIT 1[0m  [["id", 1413]]
12:02:23 web.1  |   [1m[35mRole Load (0.3ms)[0m  SELECT  "roles".* FROM "roles"  WHERE "roles"."id" = $1 LIMIT 1  [["id", 6351]]
12:02:23 web.1  |   [1m[36mRole Load (0.3ms)[0m  [1mSELECT "roles".* FROM "roles" INNER JOIN "personal_roles" ON "roles"."id" = "personal_roles"."role_id" WHERE "personal_roles"."person_id" = $1[0m  [["person_id", 320]]
12:02:23 web.1  |   [1m[35mCACHE (0.0ms)[0m  SELECT  "languages".* FROM "languages"  WHERE "languages"."id" = $1 LIMIT 1  [["id", 1]]
12:02:23 web.1  |   [1m[36mPhoto Load (0.5ms)[0m  [1mSELECT  "photos".* FROM "photos"  WHERE "photos"."plaque_id" = $1 AND "photos"."of_a_plaque" = 't'  ORDER BY shot ASC LIMIT 1[0m  [["plaque_id", 590]]
12:02:23 web.1  |   Rendered plaques/_tile.erb (7.8ms)
12:02:23 web.1  |   [1m[35mPersonalConnection Load (0.3ms)[0m  SELECT "personal_connections".* FROM "personal_connections"  WHERE "personal_connections"."plaque_id" = $1  [["plaque_id", 590]]
12:02:23 web.1  |   [1m[36mPerson Load (0.3ms)[0m  [1mSELECT  "people".* FROM "people"  WHERE "people"."id" = $1 LIMIT 1[0m  [["id", 568]]
12:02:23 web.1  |   [1m[35mPersonalRole Load (0.3ms)[0m  SELECT "personal_roles".* FROM "personal_roles"  WHERE "personal_roles"."person_id" = $1  [["person_id", 568]]
12:02:23 web.1  |   [1m[36mRole Load (0.3ms)[0m  [1mSELECT  "roles".* FROM "roles"  WHERE "roles"."id" = $1 LIMIT 1[0m  [["id", 1889]]
12:02:23 web.1  |   [1m[35mRole Load (0.3ms)[0m  SELECT  "roles".* FROM "roles"  WHERE "roles"."id" = $1 LIMIT 1  [["id", 39]]
12:02:23 web.1  |   [1m[36mRole Load (0.4ms)[0m  [1mSELECT "roles".* FROM "roles" INNER JOIN "personal_roles" ON "roles"."id" = "personal_roles"."role_id" WHERE "personal_roles"."person_id" = $1[0m  [["person_id", 568]]
12:02:23 web.1  |   [1m[35mCACHE (0.0ms)[0m  SELECT  "languages".* FROM "languages"  WHERE "languages"."id" = $1 LIMIT 1  [["id", 1]]
12:02:23 web.1  |   [1m[36mPhoto Load (0.5ms)[0m  [1mSELECT  "photos".* FROM "photos"  WHERE "photos"."plaque_id" = $1 AND "photos"."of_a_plaque" = 't'  ORDER BY shot ASC LIMIT 1[0m  [["plaque_id", 272]]
12:02:23 web.1  |   Rendered plaques/_tile.erb (7.6ms)
12:02:23 web.1  |   [1m[35mPersonalConnection Load (0.4ms)[0m  SELECT "personal_connections".* FROM "personal_connections"  WHERE "personal_connections"."plaque_id" = $1  [["plaque_id", 272]]
12:02:23 web.1  |   [1m[36mPerson Load (0.3ms)[0m  [1mSELECT  "people".* FROM "people"  WHERE "people"."id" = $1 LIMIT 1[0m  [["id", 133]]
12:02:23 web.1  |   [1m[35mPersonalRole Load (0.3ms)[0m  SELECT "personal_roles".* FROM "personal_roles"  WHERE "personal_roles"."person_id" = $1  [["person_id", 133]]
12:02:23 web.1  |   [1m[36mCACHE (0.0ms)[0m  [1mSELECT  "roles".* FROM "roles"  WHERE "roles"."id" = $1 LIMIT 1[0m  [["id", 2]]
12:02:23 web.1  |   [1m[35mRole Load (0.5ms)[0m  SELECT  "roles".* FROM "roles"  WHERE "roles"."id" = $1 LIMIT 1  [["id", 83]]
12:02:23 web.1  |   [1m[36mCACHE (0.0ms)[0m  [1mSELECT  "roles".* FROM "roles"  WHERE "roles"."id" = $1 LIMIT 1[0m  [["id", 40]]
12:02:23 web.1  |   [1m[35mRole Load (0.4ms)[0m  SELECT "roles".* FROM "roles" INNER JOIN "personal_roles" ON "roles"."id" = "personal_roles"."role_id" WHERE "personal_roles"."person_id" = $1  [["person_id", 133]]
12:02:23 web.1  |   [1m[36mCACHE (0.0ms)[0m  [1mSELECT  "languages".* FROM "languages"  WHERE "languages"."id" = $1 LIMIT 1[0m  [["id", 1]]
12:02:23 web.1  |   [1m[35mPhoto Load (0.4ms)[0m  SELECT  "photos".* FROM "photos"  WHERE "photos"."plaque_id" = $1 AND "photos"."of_a_plaque" = 't'  ORDER BY shot ASC LIMIT 1  [["plaque_id", 19]]
12:02:23 web.1  |   Rendered plaques/_tile.erb (7.7ms)
12:02:24 web.1  |   [1m[36mPersonalConnection Load (0.3ms)[0m  [1mSELECT "personal_connections".* FROM "personal_connections"  WHERE "personal_connections"."plaque_id" = $1[0m  [["plaque_id", 19]]
12:02:24 web.1  |   [1m[35mPerson Load (0.7ms)[0m  SELECT  "people".* FROM "people"  WHERE "people"."id" = $1 LIMIT 1  [["id", 913]]
12:02:24 web.1  |   [1m[36mPersonalRole Load (0.3ms)[0m  [1mSELECT "personal_roles".* FROM "personal_roles"  WHERE "personal_roles"."person_id" = $1[0m  [["person_id", 913]]
12:02:24 web.1  |   [1m[35mCACHE (0.0ms)[0m  SELECT  "roles".* FROM "roles"  WHERE "roles"."id" = $1 LIMIT 1  [["id", 370]]
12:02:24 web.1  |   [1m[36mRole Load (0.3ms)[0m  [1mSELECT "roles".* FROM "roles" INNER JOIN "personal_roles" ON "roles"."id" = "personal_roles"."role_id" WHERE "personal_roles"."person_id" = $1[0m  [["person_id", 913]]
12:02:24 web.1  |   [1m[35mCACHE (0.0ms)[0m  SELECT  "languages".* FROM "languages"  WHERE "languages"."id" = $1 LIMIT 1  [["id", 1]]
12:02:24 web.1  |   [1m[36mPhoto Load (20.1ms)[0m  [1mSELECT  "photos".* FROM "photos"  WHERE "photos"."plaque_id" = $1 AND "photos"."of_a_plaque" = 't'  ORDER BY shot ASC LIMIT 1[0m  [["plaque_id", 291]]
12:02:24 web.1  |   Rendered plaques/_tile.erb (28.0ms)
12:02:24 web.1  |   [1m[35mPersonalConnection Load (0.3ms)[0m  SELECT "personal_connections".* FROM "personal_connections"  WHERE "personal_connections"."plaque_id" = $1  [["plaque_id", 291]]
12:02:24 web.1  |   [1m[36mPerson Load (0.3ms)[0m  [1mSELECT  "people".* FROM "people"  WHERE "people"."id" = $1 LIMIT 1[0m  [["id", 281]]
12:02:24 web.1  |   [1m[35mPersonalRole Load (0.3ms)[0m  SELECT "personal_roles".* FROM "personal_roles"  WHERE "personal_roles"."person_id" = $1  [["person_id", 281]]
12:02:24 web.1  |   [1m[36mRole Load (0.4ms)[0m  [1mSELECT  "roles".* FROM "roles"  WHERE "roles"."id" = $1 LIMIT 1[0m  [["id", 57]]
12:02:24 web.1  |   [1m[35mRole Load (0.3ms)[0m  SELECT "roles".* FROM "roles" INNER JOIN "personal_roles" ON "roles"."id" = "personal_roles"."role_id" WHERE "personal_roles"."person_id" = $1  [["person_id", 281]]
12:02:24 web.1  |   [1m[36mCACHE (0.0ms)[0m  [1mSELECT  "languages".* FROM "languages"  WHERE "languages"."id" = $1 LIMIT 1[0m  [["id", 1]]
12:02:24 web.1  |   [1m[35mPhoto Load (0.4ms)[0m  SELECT  "photos".* FROM "photos"  WHERE "photos"."plaque_id" = $1 AND "photos"."of_a_plaque" = 't'  ORDER BY shot ASC LIMIT 1  [["plaque_id", 326]]
12:02:24 web.1  |   Rendered plaques/_tile.erb (8.3ms)
12:02:24 web.1  |   [1m[36mPersonalConnection Load (0.3ms)[0m  [1mSELECT "personal_connections".* FROM "personal_connections"  WHERE "personal_connections"."plaque_id" = $1[0m  [["plaque_id", 326]]
12:02:24 web.1  |   [1m[35mPerson Load (0.3ms)[0m  SELECT  "people".* FROM "people"  WHERE "people"."id" = $1 LIMIT 1  [["id", 313]]
12:02:24 web.1  |   [1m[36mPersonalRole Load (0.5ms)[0m  [1mSELECT "personal_roles".* FROM "personal_roles"  WHERE "personal_roles"."person_id" = $1[0m  [["person_id", 313]]
12:02:24 web.1  |   [1m[35mCACHE (0.0ms)[0m  SELECT  "roles".* FROM "roles"  WHERE "roles"."id" = $1 LIMIT 1  [["id", 57]]
12:02:24 web.1  |   [1m[36mRole Load (0.5ms)[0m  [1mSELECT  "roles".* FROM "roles"  WHERE "roles"."id" = $1 LIMIT 1[0m  [["id", 244]]
12:02:24 web.1  |   [1m[35mRole Load (0.4ms)[0m  SELECT "roles".* FROM "roles" INNER JOIN "personal_roles" ON "roles"."id" = "personal_roles"."role_id" WHERE "personal_roles"."person_id" = $1  [["person_id", 313]]
12:02:24 web.1  |   [1m[36mCACHE (0.0ms)[0m  [1mSELECT  "languages".* FROM "languages"  WHERE "languages"."id" = $1 LIMIT 1[0m  [["id", 1]]
12:02:24 web.1  |   [1m[35mPhoto Load (1.5ms)[0m  SELECT  "photos".* FROM "photos"  WHERE "photos"."plaque_id" = $1 AND "photos"."of_a_plaque" = 't'  ORDER BY shot ASC LIMIT 1  [["plaque_id", 335]]
12:02:24 web.1  |   Rendered plaques/_tile.erb (8.9ms)
12:02:24 web.1  |   [1m[36mPersonalConnection Load (0.3ms)[0m  [1mSELECT "personal_connections".* FROM "personal_connections"  WHERE "personal_connections"."plaque_id" = $1[0m  [["plaque_id", 335]]
12:02:24 web.1  |   [1m[35mPerson Load (0.4ms)[0m  SELECT  "people".* FROM "people"  WHERE "people"."id" = $1 LIMIT 1  [["id", 322]]
12:02:24 web.1  |   [1m[36mPersonalRole Load (0.7ms)[0m  [1mSELECT "personal_roles".* FROM "personal_roles"  WHERE "personal_roles"."person_id" = $1[0m  [["person_id", 322]]
12:02:24 web.1  |   [1m[35mCACHE (0.1ms)[0m  SELECT  "roles".* FROM "roles"  WHERE "roles"."id" = $1 LIMIT 1  [["id", 4]]
12:02:24 web.1  |   [1m[36mRole Load (0.3ms)[0m  [1mSELECT  "roles".* FROM "roles"  WHERE "roles"."id" = $1 LIMIT 1[0m  [["id", 155]]
12:02:24 web.1  |   [1m[35mRole Load (0.4ms)[0m  SELECT "roles".* FROM "roles" INNER JOIN "personal_roles" ON "roles"."id" = "personal_roles"."role_id" WHERE "personal_roles"."person_id" = $1  [["person_id", 322]]
12:02:24 web.1  |   [1m[36mCACHE (0.0ms)[0m  [1mSELECT  "languages".* FROM "languages"  WHERE "languages"."id" = $1 LIMIT 1[0m  [["id", 1]]
12:02:24 web.1  |   [1m[35mPhoto Load (0.4ms)[0m  SELECT  "photos".* FROM "photos"  WHERE "photos"."plaque_id" = $1 AND "photos"."of_a_plaque" = 't'  ORDER BY shot ASC LIMIT 1  [["plaque_id", 378]]
12:02:24 web.1  |   Rendered plaques/_tile.erb (7.6ms)
12:02:24 web.1  |   [1m[36mPersonalConnection Load (0.3ms)[0m  [1mSELECT "personal_connections".* FROM "personal_connections"  WHERE "personal_connections"."plaque_id" = $1[0m  [["plaque_id", 378]]
12:02:24 web.1  |   [1m[35mPerson Load (0.4ms)[0m  SELECT  "people".* FROM "people"  WHERE "people"."id" = $1 LIMIT 1  [["id", 1605]]
12:02:24 web.1  |   [1m[36mPersonalRole Load (0.3ms)[0m  [1mSELECT "personal_roles".* FROM "personal_roles"  WHERE "personal_roles"."person_id" = $1[0m  [["person_id", 1605]]
12:02:24 web.1  |   [1m[35mRole Load (0.3ms)[0m  SELECT  "roles".* FROM "roles"  WHERE "roles"."id" = $1 LIMIT 1  [["id", 1281]]
12:02:24 web.1  |   [1m[36mRole Load (0.4ms)[0m  [1mSELECT  "roles".* FROM "roles"  WHERE "roles"."id" = $1 LIMIT 1[0m  [["id", 1285]]
12:02:24 web.1  |   [1m[35mRole Load (0.4ms)[0m  SELECT "roles".* FROM "roles" INNER JOIN "personal_roles" ON "roles"."id" = "personal_roles"."role_id" WHERE "personal_roles"."person_id" = $1  [["person_id", 1605]]
12:02:24 web.1  |   [1m[36mCACHE (0.0ms)[0m  [1mSELECT  "languages".* FROM "languages"  WHERE "languages"."id" = $1 LIMIT 1[0m  [["id", 1]]
12:02:24 web.1  |   [1m[35mPhoto Load (198.7ms)[0m  SELECT  "photos".* FROM "photos"  WHERE "photos"."plaque_id" = $1 AND "photos"."of_a_plaque" = 't'  ORDER BY shot ASC LIMIT 1  [["plaque_id", 413]]
12:02:24 web.1  |   Rendered plaques/_tile.erb (206.5ms)
12:02:24 web.1  |   [1m[36mPersonalConnection Load (0.4ms)[0m  [1mSELECT "personal_connections".* FROM "personal_connections"  WHERE "personal_connections"."plaque_id" = $1[0m  [["plaque_id", 413]]
12:02:24 web.1  |   [1m[35mPerson Load (0.4ms)[0m  SELECT  "people".* FROM "people"  WHERE "people"."id" = $1 LIMIT 1  [["id", 399]]
12:02:24 web.1  |   [1m[36mPersonalRole Load (44.9ms)[0m  [1mSELECT "personal_roles".* FROM "personal_roles"  WHERE "personal_roles"."person_id" = $1[0m  [["person_id", 399]]
12:02:24 web.1  |   [1m[35mRole Load (0.3ms)[0m  SELECT  "roles".* FROM "roles"  WHERE "roles"."id" = $1 LIMIT 1  [["id", 5114]]
12:02:24 web.1  |   [1m[36mRole Load (0.3ms)[0m  [1mSELECT  "roles".* FROM "roles"  WHERE "roles"."id" = $1 LIMIT 1[0m  [["id", 4754]]
12:02:24 web.1  |   [1m[35mRole Load (0.4ms)[0m  SELECT "roles".* FROM "roles" INNER JOIN "personal_roles" ON "roles"."id" = "personal_roles"."role_id" WHERE "personal_roles"."person_id" = $1  [["person_id", 399]]
12:02:24 web.1  |   [1m[36mCACHE (0.0ms)[0m  [1mSELECT  "languages".* FROM "languages"  WHERE "languages"."id" = $1 LIMIT 1[0m  [["id", 1]]
12:02:24 web.1  |   [1m[35mPhoto Load (0.4ms)[0m  SELECT  "photos".* FROM "photos"  WHERE "photos"."plaque_id" = $1 AND "photos"."of_a_plaque" = 't'  ORDER BY shot ASC LIMIT 1  [["plaque_id", 432]]
12:02:24 web.1  |   Rendered plaques/_tile.erb (7.6ms)
12:02:24 web.1  |   [1m[36mPersonalConnection Load (0.3ms)[0m  [1mSELECT "personal_connections".* FROM "personal_connections"  WHERE "personal_connections"."plaque_id" = $1[0m  [["plaque_id", 432]]
12:02:24 web.1  |   [1m[35mPerson Load (0.3ms)[0m  SELECT  "people".* FROM "people"  WHERE "people"."id" = $1 LIMIT 1  [["id", 419]]
12:02:24 web.1  |   [1m[36mPersonalRole Load (0.3ms)[0m  [1mSELECT "personal_roles".* FROM "personal_roles"  WHERE "personal_roles"."person_id" = $1[0m  [["person_id", 419]]
12:02:24 web.1  |   [1m[35mRole Load (0.3ms)[0m  SELECT  "roles".* FROM "roles"  WHERE "roles"."id" = $1 LIMIT 1  [["id", 316]]
12:02:24 web.1  |   [1m[36mRole Load (0.3ms)[0m  [1mSELECT  "roles".* FROM "roles"  WHERE "roles"."id" = $1 LIMIT 1[0m  [["id", 147]]
12:02:24 web.1  |   [1m[35mRole Load (0.4ms)[0m  SELECT "roles".* FROM "roles" INNER JOIN "personal_roles" ON "roles"."id" = "personal_roles"."role_id" WHERE "personal_roles"."person_id" = $1  [["person_id", 419]]
12:02:24 web.1  |   [1m[36mCACHE (0.0ms)[0m  [1mSELECT  "languages".* FROM "languages"  WHERE "languages"."id" = $1 LIMIT 1[0m  [["id", 1]]
12:02:24 web.1  |   [1m[35mPhoto Load (0.4ms)[0m  SELECT  "photos".* FROM "photos"  WHERE "photos"."plaque_id" = $1 AND "photos"."of_a_plaque" = 't'  ORDER BY shot ASC LIMIT 1  [["plaque_id", 1096]]
12:02:24 web.1  |   Rendered plaques/_tile.erb (7.2ms)
12:02:24 web.1  |   [1m[36mPersonalConnection Load (0.3ms)[0m  [1mSELECT "personal_connections".* FROM "personal_connections"  WHERE "personal_connections"."plaque_id" = $1[0m  [["plaque_id", 1096]]
12:02:24 web.1  |   [1m[35mPerson Load (0.3ms)[0m  SELECT  "people".* FROM "people"  WHERE "people"."id" = $1 LIMIT 1  [["id", 2540]]
12:02:24 web.1  |   [1m[36mPersonalRole Load (0.3ms)[0m  [1mSELECT "personal_roles".* FROM "personal_roles"  WHERE "personal_roles"."person_id" = $1[0m  [["person_id", 2540]]
12:02:24 web.1  |   [1m[35mCACHE (0.0ms)[0m  SELECT  "roles".* FROM "roles"  WHERE "roles"."id" = $1 LIMIT 1  [["id", 4]]
12:02:24 web.1  |   [1m[36mRole Load (0.4ms)[0m  [1mSELECT "roles".* FROM "roles" INNER JOIN "personal_roles" ON "roles"."id" = "personal_roles"."role_id" WHERE "personal_roles"."person_id" = $1[0m  [["person_id", 2540]]
12:02:24 web.1  |   [1m[35mPerson Load (0.3ms)[0m  SELECT  "people".* FROM "people"  WHERE "people"."id" = $1 LIMIT 1  [["id", 2542]]
12:02:24 web.1  |   [1m[36mPersonalRole Load (0.3ms)[0m  [1mSELECT "personal_roles".* FROM "personal_roles"  WHERE "personal_roles"."person_id" = $1[0m  [["person_id", 2542]]
12:02:24 web.1  |   [1m[35mCACHE (0.0ms)[0m  SELECT  "roles".* FROM "roles"  WHERE "roles"."id" = $1 LIMIT 1  [["id", 4]]
12:02:24 web.1  |   [1m[36mRole Load (0.4ms)[0m  [1mSELECT "roles".* FROM "roles" INNER JOIN "personal_roles" ON "roles"."id" = "personal_roles"."role_id" WHERE "personal_roles"."person_id" = $1[0m  [["person_id", 2542]]
12:02:24 web.1  |   [1m[35mPerson Load (0.4ms)[0m  SELECT  "people".* FROM "people"  WHERE "people"."id" = $1 LIMIT 1  [["id", 2544]]
12:02:24 web.1  |   [1m[36mPersonalRole Load (0.3ms)[0m  [1mSELECT "personal_roles".* FROM "personal_roles"  WHERE "personal_roles"."person_id" = $1[0m  [["person_id", 2544]]
12:02:24 web.1  |   [1m[35mCACHE (0.0ms)[0m  SELECT  "roles".* FROM "roles"  WHERE "roles"."id" = $1 LIMIT 1  [["id", 4]]
12:02:24 web.1  |   [1m[36mRole Load (0.4ms)[0m  [1mSELECT "roles".* FROM "roles" INNER JOIN "personal_roles" ON "roles"."id" = "personal_roles"."role_id" WHERE "personal_roles"."person_id" = $1[0m  [["person_id", 2544]]
12:02:24 web.1  |   [1m[35mCACHE (0.0ms)[0m  SELECT  "languages".* FROM "languages"  WHERE "languages"."id" = $1 LIMIT 1  [["id", 1]]
12:02:24 web.1  |   [1m[36mPhoto Load (0.4ms)[0m  [1mSELECT  "photos".* FROM "photos"  WHERE "photos"."plaque_id" = $1 AND "photos"."of_a_plaque" = 't'  ORDER BY shot ASC LIMIT 1[0m  [["plaque_id", 476]]
12:02:24 web.1  |   Rendered plaques/_tile.erb (7.8ms)
12:02:24 web.1  |   [1m[35mPersonalConnection Load (0.3ms)[0m  SELECT "personal_connections".* FROM "personal_connections"  WHERE "personal_connections"."plaque_id" = $1  [["plaque_id", 476]]
12:02:24 web.1  |   [1m[36mPerson Load (0.4ms)[0m  [1mSELECT  "people".* FROM "people"  WHERE "people"."id" = $1 LIMIT 1[0m  [["id", 459]]
12:02:24 web.1  |   [1m[35mPersonalRole Load (0.3ms)[0m  SELECT "personal_roles".* FROM "personal_roles"  WHERE "personal_roles"."person_id" = $1  [["person_id", 459]]
12:02:24 web.1  |   [1m[36mRole Load (0.3ms)[0m  [1mSELECT  "roles".* FROM "roles"  WHERE "roles"."id" = $1 LIMIT 1[0m  [["id", 2337]]
12:02:24 web.1  |   [1m[35mRole Load (0.4ms)[0m  SELECT  "roles".* FROM "roles"  WHERE "roles"."id" = $1 LIMIT 1  [["id", 2349]]
12:02:24 web.1  |   [1m[36mRole Load (0.3ms)[0m  [1mSELECT  "roles".* FROM "roles"  WHERE "roles"."id" = $1 LIMIT 1[0m  [["id", 2345]]
12:02:24 web.1  |   [1m[35mRole Load (0.3ms)[0m  SELECT  "roles".* FROM "roles"  WHERE "roles"."id" = $1 LIMIT 1  [["id", 2566]]
12:02:24 web.1  |   [1m[36mRole Load (0.3ms)[0m  [1mSELECT  "roles".* FROM "roles"  WHERE "roles"."id" = $1 LIMIT 1[0m  [["id", 5974]]
12:02:24 web.1  |   [1m[35mRole Load (0.3ms)[0m  SELECT  "roles".* FROM "roles"  WHERE "roles"."id" = $1 LIMIT 1  [["id", 5975]]
12:02:24 web.1  |   [1m[36mRole Load (0.3ms)[0m  [1mSELECT  "roles".* FROM "roles"  WHERE "roles"."id" = $1 LIMIT 1[0m  [["id", 179]]
12:02:24 web.1  |   [1m[35mRole Load (23.5ms)[0m  SELECT  "roles".* FROM "roles"  WHERE "roles"."id" = $1 LIMIT 1  [["id", 1957]]
12:02:24 web.1  |   [1m[36mRole Load (0.3ms)[0m  [1mSELECT  "roles".* FROM "roles"  WHERE "roles"."id" = $1 LIMIT 1[0m  [["id", 462]]
12:02:24 web.1  |   [1m[35mRole Load (0.3ms)[0m  SELECT  "roles".* FROM "roles"  WHERE "roles"."id" = $1 LIMIT 1  [["id", 6077]]
12:02:24 web.1  |   [1m[36mRole Load (0.5ms)[0m  [1mSELECT "roles".* FROM "roles" INNER JOIN "personal_roles" ON "roles"."id" = "personal_roles"."role_id" WHERE "personal_roles"."person_id" = $1[0m  [["person_id", 459]]
12:02:24 web.1  |   [1m[35mCACHE (0.0ms)[0m  SELECT  "languages".* FROM "languages"  WHERE "languages"."id" = $1 LIMIT 1  [["id", 1]]
12:02:24 web.1  |   [1m[36mPhoto Load (0.4ms)[0m  [1mSELECT  "photos".* FROM "photos"  WHERE "photos"."plaque_id" = $1 AND "photos"."of_a_plaque" = 't'  ORDER BY shot ASC LIMIT 1[0m  [["plaque_id", 497]]
12:02:24 web.1  |   Rendered plaques/_tile.erb (7.4ms)
12:02:24 web.1  |   [1m[35mPersonalConnection Load (0.3ms)[0m  SELECT "personal_connections".* FROM "personal_connections"  WHERE "personal_connections"."plaque_id" = $1  [["plaque_id", 497]]
12:02:24 web.1  |   [1m[36mPerson Load (0.3ms)[0m  [1mSELECT  "people".* FROM "people"  WHERE "people"."id" = $1 LIMIT 1[0m  [["id", 479]]
12:02:24 web.1  |   [1m[35mPersonalRole Load (0.3ms)[0m  SELECT "personal_roles".* FROM "personal_roles"  WHERE "personal_roles"."person_id" = $1  [["person_id", 479]]
12:02:24 web.1  |   [1m[36mRole Load (0.3ms)[0m  [1mSELECT  "roles".* FROM "roles"  WHERE "roles"."id" = $1 LIMIT 1[0m  [["id", 1453]]
12:02:24 web.1  |   [1m[35mRole Load (0.3ms)[0m  SELECT "roles".* FROM "roles" INNER JOIN "personal_roles" ON "roles"."id" = "personal_roles"."role_id" WHERE "personal_roles"."person_id" = $1  [["person_id", 479]]
12:02:24 web.1  |   [1m[36mPerson Load (0.3ms)[0m  [1mSELECT  "people".* FROM "people"  WHERE "people"."id" = $1 LIMIT 1[0m  [["id", 1685]]
12:02:24 web.1  |   [1m[35mPersonalRole Load (0.3ms)[0m  SELECT "personal_roles".* FROM "personal_roles"  WHERE "personal_roles"."person_id" = $1  [["person_id", 1685]]
12:02:24 web.1  |   [1m[36mCACHE (0.0ms)[0m  [1mSELECT  "roles".* FROM "roles"  WHERE "roles"."id" = $1 LIMIT 1[0m  [["id", 1453]]
12:02:24 web.1  |   [1m[35mRole Load (0.3ms)[0m  SELECT "roles".* FROM "roles" INNER JOIN "personal_roles" ON "roles"."id" = "personal_roles"."role_id" WHERE "personal_roles"."person_id" = $1  [["person_id", 1685]]
12:02:24 web.1  |   [1m[36mCACHE (0.0ms)[0m  [1mSELECT  "languages".* FROM "languages"  WHERE "languages"."id" = $1 LIMIT 1[0m  [["id", 1]]
12:02:24 web.1  |   [1m[35mPhoto Load (0.3ms)[0m  SELECT  "photos".* FROM "photos"  WHERE "photos"."plaque_id" = $1 AND "photos"."of_a_plaque" = 't'  ORDER BY shot ASC LIMIT 1  [["plaque_id", 1149]]
12:02:24 web.1  |   [1m[36mCACHE (0.0ms)[0m  [1mSELECT  "photos".* FROM "photos"  WHERE "photos"."plaque_id" = $1 AND "photos"."of_a_plaque" = 't'  ORDER BY shot ASC LIMIT 1[0m  [["plaque_id", 1149]]
12:02:24 web.1  |   Rendered plaques/_tile.erb (12.8ms)
12:02:25 web.1  |   [1m[35mPersonalConnection Load (0.3ms)[0m  SELECT "personal_connections".* FROM "personal_connections"  WHERE "personal_connections"."plaque_id" = $1  [["plaque_id", 1149]]
12:02:25 web.1  |   [1m[36mCACHE (0.0ms)[0m  [1mSELECT  "languages".* FROM "languages"  WHERE "languages"."id" = $1 LIMIT 1[0m  [["id", 1]]
12:02:25 web.1  |   [1m[35mPhoto Load (0.3ms)[0m  SELECT  "photos".* FROM "photos"  WHERE "photos"."plaque_id" = $1 AND "photos"."of_a_plaque" = 't'  ORDER BY shot ASC LIMIT 1  [["plaque_id", 1155]]
12:02:25 web.1  |   [1m[36mCACHE (0.0ms)[0m  [1mSELECT  "photos".* FROM "photos"  WHERE "photos"."plaque_id" = $1 AND "photos"."of_a_plaque" = 't'  ORDER BY shot ASC LIMIT 1[0m  [["plaque_id", 1155]]
12:02:25 web.1  |   Rendered plaques/_tile.erb (13.1ms)
12:02:25 web.1  |   [1m[35mPersonalConnection Load (0.4ms)[0m  SELECT "personal_connections".* FROM "personal_connections"  WHERE "personal_connections"."plaque_id" = $1  [["plaque_id", 1155]]
12:02:25 web.1  |   [1m[36mPerson Load (0.3ms)[0m  [1mSELECT  "people".* FROM "people"  WHERE "people"."id" = $1 LIMIT 1[0m  [["id", 4457]]
12:02:25 web.1  |   [1m[35mPersonalRole Load (0.4ms)[0m  SELECT "personal_roles".* FROM "personal_roles"  WHERE "personal_roles"."person_id" = $1  [["person_id", 4457]]
12:02:25 web.1  |   [1m[36mCACHE (0.0ms)[0m  [1mSELECT  "roles".* FROM "roles"  WHERE "roles"."id" = $1 LIMIT 1[0m  [["id", 2]]
12:02:25 web.1  |   [1m[35mRole Load (0.3ms)[0m  SELECT  "roles".* FROM "roles"  WHERE "roles"."id" = $1 LIMIT 1  [["id", 151]]
12:02:25 web.1  |   [1m[36mRole Load (0.3ms)[0m  [1mSELECT  "roles".* FROM "roles"  WHERE "roles"."id" = $1 LIMIT 1[0m  [["id", 4158]]
12:02:25 web.1  |   [1m[35mRole Load (0.3ms)[0m  SELECT  "roles".* FROM "roles"  WHERE "roles"."id" = $1 LIMIT 1  [["id", 4157]]
12:02:25 web.1  |   [1m[36mRole Load (0.4ms)[0m  [1mSELECT "roles".* FROM "roles" INNER JOIN "personal_roles" ON "roles"."id" = "personal_roles"."role_id" WHERE "personal_roles"."person_id" = $1[0m  [["person_id", 4457]]
12:02:25 web.1  |   [1m[35mCACHE (0.0ms)[0m  SELECT  "languages".* FROM "languages"  WHERE "languages"."id" = $1 LIMIT 1  [["id", 1]]
12:02:25 web.1  |   [1m[36mPhoto Load (66.1ms)[0m  [1mSELECT  "photos".* FROM "photos"  WHERE "photos"."plaque_id" = $1 AND "photos"."of_a_plaque" = 't'  ORDER BY shot ASC LIMIT 1[0m  [["plaque_id", 1156]]
12:02:25 web.1  |   Rendered plaques/_tile.erb (74.5ms)
12:02:25 web.1  |   [1m[35mPersonalConnection Load (0.3ms)[0m  SELECT "personal_connections".* FROM "personal_connections"  WHERE "personal_connections"."plaque_id" = $1  [["plaque_id", 1156]]
12:02:25 web.1  |   [1m[36mPerson Load (0.4ms)[0m  [1mSELECT  "people".* FROM "people"  WHERE "people"."id" = $1 LIMIT 1[0m  [["id", 888]]
12:02:25 web.1  |   [1m[35mPersonalRole Load (0.3ms)[0m  SELECT "personal_roles".* FROM "personal_roles"  WHERE "personal_roles"."person_id" = $1  [["person_id", 888]]
12:02:25 web.1  |   [1m[36mRole Load (0.3ms)[0m  [1mSELECT  "roles".* FROM "roles"  WHERE "roles"."id" = $1 LIMIT 1[0m  [["id", 657]]
12:02:25 web.1  |   [1m[35mRole Load (0.6ms)[0m  SELECT  "roles".* FROM "roles"  WHERE "roles"."id" = $1 LIMIT 1  [["id", 660]]
12:02:25 web.1  |   [1m[36mRole Load (0.4ms)[0m  [1mSELECT "roles".* FROM "roles" INNER JOIN "personal_roles" ON "roles"."id" = "personal_roles"."role_id" WHERE "personal_roles"."person_id" = $1[0m  [["person_id", 888]]
12:02:25 web.1  |   [1m[35mCACHE (0.0ms)[0m  SELECT  "languages".* FROM "languages"  WHERE "languages"."id" = $1 LIMIT 1  [["id", 1]]
12:02:25 web.1  |   [1m[36mPhoto Load (0.5ms)[0m  [1mSELECT  "photos".* FROM "photos"  WHERE "photos"."plaque_id" = $1 AND "photos"."of_a_plaque" = 't'  ORDER BY shot ASC LIMIT 1[0m  [["plaque_id", 573]]
12:02:25 web.1  |   Rendered plaques/_tile.erb (7.6ms)
12:02:25 web.1  |   [1m[35mPersonalConnection Load (0.4ms)[0m  SELECT "personal_connections".* FROM "personal_connections"  WHERE "personal_connections"."plaque_id" = $1  [["plaque_id", 573]]
12:02:25 web.1  |   [1m[36mPerson Load (0.3ms)[0m  [1mSELECT  "people".* FROM "people"  WHERE "people"."id" = $1 LIMIT 1[0m  [["id", 552]]
12:02:25 web.1  |   [1m[35mPersonalRole Load (10.9ms)[0m  SELECT "personal_roles".* FROM "personal_roles"  WHERE "personal_roles"."person_id" = $1  [["person_id", 552]]
12:02:25 web.1  |   [1m[36mCACHE (0.0ms)[0m  [1mSELECT  "roles".* FROM "roles"  WHERE "roles"."id" = $1 LIMIT 1[0m  [["id", 33]]
12:02:25 web.1  |   [1m[35mRole Load (0.3ms)[0m  SELECT  "roles".* FROM "roles"  WHERE "roles"."id" = $1 LIMIT 1  [["id", 3729]]
12:02:25 web.1  |   [1m[36mCACHE (0.0ms)[0m  [1mSELECT  "roles".* FROM "roles"  WHERE "roles"."id" = $1 LIMIT 1[0m  [["id", 4747]]
12:02:25 web.1  |   [1m[35mRole Load (0.4ms)[0m  SELECT "roles".* FROM "roles" INNER JOIN "personal_roles" ON "roles"."id" = "personal_roles"."role_id" WHERE "personal_roles"."person_id" = $1  [["person_id", 552]]
12:02:25 web.1  |   [1m[36mCACHE (0.1ms)[0m  [1mSELECT  "languages".* FROM "languages"  WHERE "languages"."id" = $1 LIMIT 1[0m  [["id", 1]]
12:02:25 web.1  |   [1m[35mPhoto Load (11.9ms)[0m  SELECT  "photos".* FROM "photos"  WHERE "photos"."plaque_id" = $1 AND "photos"."of_a_plaque" = 't'  ORDER BY shot ASC LIMIT 1  [["plaque_id", 549]]
12:02:25 web.1  |   Rendered plaques/_tile.erb (19.9ms)
12:02:25 web.1  |   [1m[36mPersonalConnection Load (0.3ms)[0m  [1mSELECT "personal_connections".* FROM "personal_connections"  WHERE "personal_connections"."plaque_id" = $1[0m  [["plaque_id", 549]]
12:02:25 web.1  |   [1m[35mPerson Load (0.3ms)[0m  SELECT  "people".* FROM "people"  WHERE "people"."id" = $1 LIMIT 1  [["id", 529]]
12:02:25 web.1  |   [1m[36mPersonalRole Load (0.3ms)[0m  [1mSELECT "personal_roles".* FROM "personal_roles"  WHERE "personal_roles"."person_id" = $1[0m  [["person_id", 529]]
12:02:25 web.1  |   [1m[35mRole Load (0.3ms)[0m  SELECT  "roles".* FROM "roles"  WHERE "roles"."id" = $1 LIMIT 1  [["id", 98]]
12:02:25 web.1  |   [1m[36mRole Load (0.3ms)[0m  [1mSELECT  "roles".* FROM "roles"  WHERE "roles"."id" = $1 LIMIT 1[0m  [["id", 395]]
12:02:25 web.1  |   [1m[35mRole Load (0.4ms)[0m  SELECT "roles".* FROM "roles" INNER JOIN "personal_roles" ON "roles"."id" = "personal_roles"."role_id" WHERE "personal_roles"."person_id" = $1  [["person_id", 529]]
12:02:25 web.1  |   [1m[36mCACHE (0.0ms)[0m  [1mSELECT  "people".* FROM "people"  WHERE "people"."id" = $1 LIMIT 1[0m  [["id", 529]]
12:02:25 web.1  |   [1m[35mCACHE (0.0ms)[0m  SELECT "personal_roles".* FROM "personal_roles"  WHERE "personal_roles"."person_id" = $1  [["person_id", 529]]
12:02:25 web.1  |   [1m[36mCACHE (0.0ms)[0m  [1mSELECT  "roles".* FROM "roles"  WHERE "roles"."id" = $1 LIMIT 1[0m  [["id", 98]]
12:02:25 web.1  |   [1m[35mCACHE (0.0ms)[0m  SELECT  "roles".* FROM "roles"  WHERE "roles"."id" = $1 LIMIT 1  [["id", 395]]
12:02:25 web.1  |   [1m[36mCACHE (0.0ms)[0m  [1mSELECT "roles".* FROM "roles" INNER JOIN "personal_roles" ON "roles"."id" = "personal_roles"."role_id" WHERE "personal_roles"."person_id" = $1[0m  [["person_id", 529]]
12:02:25 web.1  |   [1m[35mCACHE (0.0ms)[0m  SELECT  "languages".* FROM "languages"  WHERE "languages"."id" = $1 LIMIT 1  [["id", 1]]
12:02:25 web.1  |   [1m[36mPhoto Load (0.4ms)[0m  [1mSELECT  "photos".* FROM "photos"  WHERE "photos"."plaque_id" = $1 AND "photos"."of_a_plaque" = 't'  ORDER BY shot ASC LIMIT 1[0m  [["plaque_id", 1266]]
12:02:25 web.1  |   Rendered plaques/_tile.erb (8.8ms)
12:02:25 web.1  |   [1m[35mPersonalConnection Load (0.3ms)[0m  SELECT "personal_connections".* FROM "personal_connections"  WHERE "personal_connections"."plaque_id" = $1  [["plaque_id", 1266]]
12:02:25 web.1  |   [1m[36mPerson Load (0.3ms)[0m  [1mSELECT  "people".* FROM "people"  WHERE "people"."id" = $1 LIMIT 1[0m  [["id", 4470]]
12:02:25 web.1  |   [1m[35mPersonalRole Load (0.3ms)[0m  SELECT "personal_roles".* FROM "personal_roles"  WHERE "personal_roles"."person_id" = $1  [["person_id", 4470]]
12:02:25 web.1  |   [1m[36mRole Load (0.4ms)[0m  [1mSELECT "roles".* FROM "roles" INNER JOIN "personal_roles" ON "roles"."id" = "personal_roles"."role_id" WHERE "personal_roles"."person_id" = $1[0m  [["person_id", 4470]]
12:02:25 web.1  |   [1m[35mPerson Load (0.3ms)[0m  SELECT  "people".* FROM "people"  WHERE "people"."id" = $1 LIMIT 1  [["id", 413]]
12:02:25 web.1  |   [1m[36mPersonalRole Load (0.4ms)[0m  [1mSELECT "personal_roles".* FROM "personal_roles"  WHERE "personal_roles"."person_id" = $1[0m  [["person_id", 413]]
12:02:25 web.1  |   [1m[35mCACHE (0.0ms)[0m  SELECT  "roles".* FROM "roles"  WHERE "roles"."id" = $1 LIMIT 1  [["id", 33]]
12:02:25 web.1  |   [1m[36mRole Load (0.3ms)[0m  [1mSELECT  "roles".* FROM "roles"  WHERE "roles"."id" = $1 LIMIT 1[0m  [["id", 19]]
12:02:25 web.1  |   [1m[35mCACHE (0.0ms)[0m  SELECT  "roles".* FROM "roles"  WHERE "roles"."id" = $1 LIMIT 1  [["id", 4747]]
12:02:25 web.1  |   [1m[36mCACHE (0.0ms)[0m  [1mSELECT  "roles".* FROM "roles"  WHERE "roles"."id" = $1 LIMIT 1[0m  [["id", 4747]]
12:02:25 web.1  |   [1m[35mRole Load (0.3ms)[0m  SELECT  "roles".* FROM "roles"  WHERE "roles"."id" = $1 LIMIT 1  [["id", 5013]]
12:02:25 web.1  |   [1m[36mRole Load (0.4ms)[0m  [1mSELECT "roles".* FROM "roles" INNER JOIN "personal_roles" ON "roles"."id" = "personal_roles"."role_id" WHERE "personal_roles"."person_id" = $1[0m  [["person_id", 413]]
12:02:25 web.1  |   [1m[35mCACHE (0.0ms)[0m  SELECT  "languages".* FROM "languages"  WHERE "languages"."id" = $1 LIMIT 1  [["id", 1]]
12:02:25 web.1  |   [1m[36mPhoto Load (0.5ms)[0m  [1mSELECT  "photos".* FROM "photos"  WHERE "photos"."plaque_id" = $1 AND "photos"."of_a_plaque" = 't'  ORDER BY shot ASC LIMIT 1[0m  [["plaque_id", 1269]]
12:02:25 web.1  |   Rendered plaques/_tile.erb (7.3ms)
12:02:25 web.1  |   [1m[35mPersonalConnection Load (0.3ms)[0m  SELECT "personal_connections".* FROM "personal_connections"  WHERE "personal_connections"."plaque_id" = $1  [["plaque_id", 1269]]
12:02:25 web.1  |   [1m[36mPerson Load (0.4ms)[0m  [1mSELECT  "people".* FROM "people"  WHERE "people"."id" = $1 LIMIT 1[0m  [["id", 1817]]
12:02:25 web.1  |   [1m[35mPersonalRole Load (0.8ms)[0m  SELECT "personal_roles".* FROM "personal_roles"  WHERE "personal_roles"."person_id" = $1  [["person_id", 1817]]
12:02:25 web.1  |   [1m[36mRole Load (0.3ms)[0m  [1mSELECT  "roles".* FROM "roles"  WHERE "roles"."id" = $1 LIMIT 1[0m  [["id", 1377]]
12:02:25 web.1  |   [1m[35mRole Load (0.3ms)[0m  SELECT  "roles".* FROM "roles"  WHERE "roles"."id" = $1 LIMIT 1  [["id", 3820]]
12:02:25 web.1  |   [1m[36mRole Load (0.3ms)[0m  [1mSELECT  "roles".* FROM "roles"  WHERE "roles"."id" = $1 LIMIT 1[0m  [["id", 6315]]
12:02:25 web.1  |   [1m[35mRole Load (0.4ms)[0m  SELECT "roles".* FROM "roles" INNER JOIN "personal_roles" ON "roles"."id" = "personal_roles"."role_id" WHERE "personal_roles"."person_id" = $1  [["person_id", 1817]]
12:02:25 web.1  |   [1m[36mPerson Load (0.4ms)[0m  [1mSELECT  "people".* FROM "people"  WHERE "people"."id" = $1 LIMIT 1[0m  [["id", 195]]
12:02:25 web.1  |   [1m[35mPersonalRole Load (0.3ms)[0m  SELECT "personal_roles".* FROM "personal_roles"  WHERE "personal_roles"."person_id" = $1  [["person_id", 195]]
12:02:25 web.1  |   [1m[36mRole Load (0.3ms)[0m  [1mSELECT  "roles".* FROM "roles"  WHERE "roles"."id" = $1 LIMIT 1[0m  [["id", 172]]
12:02:25 web.1  |   [1m[35mRole Load (0.3ms)[0m  SELECT  "roles".* FROM "roles"  WHERE "roles"."id" = $1 LIMIT 1  [["id", 1345]]
12:02:25 web.1  |   [1m[36mRole Load (0.3ms)[0m  [1mSELECT "roles".* FROM "roles" INNER JOIN "personal_roles" ON "roles"."id" = "personal_roles"."role_id" WHERE "personal_roles"."person_id" = $1[0m  [["person_id", 195]]
12:02:25 web.1  |   [1m[35mCACHE (0.0ms)[0m  SELECT  "languages".* FROM "languages"  WHERE "languages"."id" = $1 LIMIT 1  [["id", 1]]
12:02:25 web.1  |   [1m[36mPhoto Load (18.5ms)[0m  [1mSELECT  "photos".* FROM "photos"  WHERE "photos"."plaque_id" = $1 AND "photos"."of_a_plaque" = 't'  ORDER BY shot ASC LIMIT 1[0m  [["plaque_id", 1272]]
12:02:25 web.1  |   Rendered plaques/_tile.erb (26.7ms)
12:02:25 web.1  |   [1m[35mPersonalConnection Load (0.3ms)[0m  SELECT "personal_connections".* FROM "personal_connections"  WHERE "personal_connections"."plaque_id" = $1  [["plaque_id", 1272]]
12:02:25 web.1  |   [1m[36mPerson Load (0.3ms)[0m  [1mSELECT  "people".* FROM "people"  WHERE "people"."id" = $1 LIMIT 1[0m  [["id", 4468]]
12:02:25 web.1  |   [1m[35mPersonalRole Load (0.3ms)[0m  SELECT "personal_roles".* FROM "personal_roles"  WHERE "personal_roles"."person_id" = $1  [["person_id", 4468]]
12:02:25 web.1  |   [1m[36mCACHE (0.0ms)[0m  [1mSELECT  "roles".* FROM "roles"  WHERE "roles"."id" = $1 LIMIT 1[0m  [["id", 1413]]
12:02:25 web.1  |   [1m[35mRole Load (0.3ms)[0m  SELECT  "roles".* FROM "roles"  WHERE "roles"."id" = $1 LIMIT 1  [["id", 421]]
12:02:25 web.1  |   [1m[36mRole Load (0.3ms)[0m  [1mSELECT  "roles".* FROM "roles"  WHERE "roles"."id" = $1 LIMIT 1[0m  [["id", 49]]
12:02:25 web.1  |   [1m[35mCACHE (0.0ms)[0m  SELECT  "roles".* FROM "roles"  WHERE "roles"."id" = $1 LIMIT 1  [["id", 151]]
12:02:25 web.1  |   [1m[36mRole Load (0.4ms)[0m  [1mSELECT "roles".* FROM "roles" INNER JOIN "personal_roles" ON "roles"."id" = "personal_roles"."role_id" WHERE "personal_roles"."person_id" = $1[0m  [["person_id", 4468]]
12:02:25 web.1  |   [1m[35mCACHE (0.0ms)[0m  SELECT  "languages".* FROM "languages"  WHERE "languages"."id" = $1 LIMIT 1  [["id", 1]]
12:02:25 web.1  |   [1m[36mPhoto Load (0.4ms)[0m  [1mSELECT  "photos".* FROM "photos"  WHERE "photos"."plaque_id" = $1 AND "photos"."of_a_plaque" = 't'  ORDER BY shot ASC LIMIT 1[0m  [["plaque_id", 477]]
12:02:25 web.1  |   Rendered plaques/_tile.erb (7.9ms)
12:02:25 web.1  |   [1m[35mPersonalConnection Load (0.3ms)[0m  SELECT "personal_connections".* FROM "personal_connections"  WHERE "personal_connections"."plaque_id" = $1  [["plaque_id", 477]]
12:02:25 web.1  |   [1m[36mPerson Load (0.3ms)[0m  [1mSELECT  "people".* FROM "people"  WHERE "people"."id" = $1 LIMIT 1[0m  [["id", 461]]
12:02:25 web.1  |   [1m[35mPersonalRole Load (0.3ms)[0m  SELECT "personal_roles".* FROM "personal_roles"  WHERE "personal_roles"."person_id" = $1  [["person_id", 461]]
12:02:25 web.1  |   [1m[36mRole Load (0.3ms)[0m  [1mSELECT  "roles".* FROM "roles"  WHERE "roles"."id" = $1 LIMIT 1[0m  [["id", 2432]]
12:02:25 web.1  |   [1m[35mRole Load (0.3ms)[0m  SELECT "roles".* FROM "roles" INNER JOIN "personal_roles" ON "roles"."id" = "personal_roles"."role_id" WHERE "personal_roles"."person_id" = $1  [["person_id", 461]]
12:02:25 web.1  |   [1m[36mCACHE (0.0ms)[0m  [1mSELECT  "languages".* FROM "languages"  WHERE "languages"."id" = $1 LIMIT 1[0m  [["id", 1]]
12:02:25 web.1  |   [1m[35mPhoto Load (0.3ms)[0m  SELECT  "photos".* FROM "photos"  WHERE "photos"."plaque_id" = $1 AND "photos"."of_a_plaque" = 't'  ORDER BY shot ASC LIMIT 1  [["plaque_id", 478]]
12:02:25 web.1  |   [1m[36mCACHE (0.0ms)[0m  [1mSELECT  "photos".* FROM "photos"  WHERE "photos"."plaque_id" = $1 AND "photos"."of_a_plaque" = 't'  ORDER BY shot ASC LIMIT 1[0m  [["plaque_id", 478]]
12:02:25 web.1  |   Rendered plaques/_tile.erb (14.2ms)
12:02:25 web.1  |   [1m[35mPersonalConnection Load (0.3ms)[0m  SELECT "personal_connections".* FROM "personal_connections"  WHERE "personal_connections"."plaque_id" = $1  [["plaque_id", 478]]
12:02:25 web.1  |   [1m[36mPerson Load (0.3ms)[0m  [1mSELECT  "people".* FROM "people"  WHERE "people"."id" = $1 LIMIT 1[0m  [["id", 462]]
12:02:25 web.1  |   [1m[35mPersonalRole Load (0.7ms)[0m  SELECT "personal_roles".* FROM "personal_roles"  WHERE "personal_roles"."person_id" = $1  [["person_id", 462]]
12:02:25 web.1  |   [1m[36mRole Load (0.3ms)[0m  [1mSELECT  "roles".* FROM "roles"  WHERE "roles"."id" = $1 LIMIT 1[0m  [["id", 81]]
12:02:25 web.1  |   [1m[35mCACHE (0.0ms)[0m  SELECT  "roles".* FROM "roles"  WHERE "roles"."id" = $1 LIMIT 1  [["id", 179]]
12:02:25 web.1  |   [1m[36mRole Load (0.3ms)[0m  [1mSELECT  "roles".* FROM "roles"  WHERE "roles"."id" = $1 LIMIT 1[0m  [["id", 6402]]
12:02:25 web.1  |   [1m[35mRole Load (0.4ms)[0m  SELECT "roles".* FROM "roles" INNER JOIN "personal_roles" ON "roles"."id" = "personal_roles"."role_id" WHERE "personal_roles"."person_id" = $1  [["person_id", 462]]
12:02:25 web.1  |   [1m[36mCACHE (0.0ms)[0m  [1mSELECT  "languages".* FROM "languages"  WHERE "languages"."id" = $1 LIMIT 1[0m  [["id", 1]]
12:02:25 web.1  |   [1m[35mPhoto Load (7.4ms)[0m  SELECT  "photos".* FROM "photos"  WHERE "photos"."plaque_id" = $1 AND "photos"."of_a_plaque" = 't'  ORDER BY shot ASC LIMIT 1  [["plaque_id", 619]]
12:02:25 web.1  |   Rendered plaques/_tile.erb (15.7ms)
12:02:25 web.1  |   [1m[36mPersonalConnection Load (0.3ms)[0m  [1mSELECT "personal_connections".* FROM "personal_connections"  WHERE "personal_connections"."plaque_id" = $1[0m  [["plaque_id", 619]]
12:02:25 web.1  |   [1m[35mPerson Load (0.3ms)[0m  SELECT  "people".* FROM "people"  WHERE "people"."id" = $1 LIMIT 1  [["id", 2474]]
12:02:25 web.1  |   [1m[36mPersonalRole Load (0.3ms)[0m  [1mSELECT "personal_roles".* FROM "personal_roles"  WHERE "personal_roles"."person_id" = $1[0m  [["person_id", 2474]]
12:02:25 web.1  |   [1m[35mCACHE (0.0ms)[0m  SELECT  "roles".* FROM "roles"  WHERE "roles"."id" = $1 LIMIT 1  [["id", 28]]
12:02:25 web.1  |   [1m[36mRole Load (0.3ms)[0m  [1mSELECT  "roles".* FROM "roles"  WHERE "roles"."id" = $1 LIMIT 1[0m  [["id", 2694]]
12:02:25 web.1  |   [1m[35mRole Load (0.3ms)[0m  SELECT "roles".* FROM "roles" INNER JOIN "personal_roles" ON "roles"."id" = "personal_roles"."role_id" WHERE "personal_roles"."person_id" = $1  [["person_id", 2474]]
12:02:25 web.1  |   [1m[36mCACHE (0.0ms)[0m  [1mSELECT  "languages".* FROM "languages"  WHERE "languages"."id" = $1 LIMIT 1[0m  [["id", 1]]
12:02:25 web.1  |   [1m[35mPhoto Load (0.4ms)[0m  SELECT  "photos".* FROM "photos"  WHERE "photos"."plaque_id" = $1 AND "photos"."of_a_plaque" = 't'  ORDER BY shot ASC LIMIT 1  [["plaque_id", 620]]
12:02:25 web.1  |   [1m[36mCACHE (0.0ms)[0m  [1mSELECT  "photos".* FROM "photos"  WHERE "photos"."plaque_id" = $1 AND "photos"."of_a_plaque" = 't'  ORDER BY shot ASC LIMIT 1[0m  [["plaque_id", 620]]
12:02:25 web.1  |   Rendered plaques/_tile.erb (14.6ms)
12:02:25 web.1  |   [1m[35mPersonalConnection Load (0.3ms)[0m  SELECT "personal_connections".* FROM "personal_connections"  WHERE "personal_connections"."plaque_id" = $1  [["plaque_id", 620]]
12:02:25 web.1  |   [1m[36mPerson Load (0.5ms)[0m  [1mSELECT  "people".* FROM "people"  WHERE "people"."id" = $1 LIMIT 1[0m  [["id", 2516]]
12:02:25 web.1  |   [1m[35mPersonalRole Load (0.4ms)[0m  SELECT "personal_roles".* FROM "personal_roles"  WHERE "personal_roles"."person_id" = $1  [["person_id", 2516]]
12:02:25 web.1  |   [1m[36mCACHE (0.0ms)[0m  [1mSELECT  "roles".* FROM "roles"  WHERE "roles"."id" = $1 LIMIT 1[0m  [["id", 98]]
12:02:25 web.1  |   [1m[35mCACHE (0.0ms)[0m  SELECT  "roles".* FROM "roles"  WHERE "roles"."id" = $1 LIMIT 1  [["id", 83]]
12:02:25 web.1  |   [1m[36mRole Load (0.3ms)[0m  [1mSELECT  "roles".* FROM "roles"  WHERE "roles"."id" = $1 LIMIT 1[0m  [["id", 618]]
12:02:25 web.1  |   [1m[35mRole Load (0.3ms)[0m  SELECT  "roles".* FROM "roles"  WHERE "roles"."id" = $1 LIMIT 1  [["id", 6339]]
12:02:25 web.1  |   [1m[36mRole Load (0.4ms)[0m  [1mSELECT "roles".* FROM "roles" INNER JOIN "personal_roles" ON "roles"."id" = "personal_roles"."role_id" WHERE "personal_roles"."person_id" = $1[0m  [["person_id", 2516]]
12:02:25 web.1  |   [1m[35mCACHE (0.0ms)[0m  SELECT  "languages".* FROM "languages"  WHERE "languages"."id" = $1 LIMIT 1  [["id", 1]]
12:02:25 web.1  |   [1m[36mPhoto Load (0.4ms)[0m  [1mSELECT  "photos".* FROM "photos"  WHERE "photos"."plaque_id" = $1 AND "photos"."of_a_plaque" = 't'  ORDER BY shot ASC LIMIT 1[0m  [["plaque_id", 618]]
12:02:25 web.1  |   Rendered plaques/_tile.erb (8.7ms)
12:02:25 web.1  |   [1m[35mPersonalConnection Load (0.3ms)[0m  SELECT "personal_connections".* FROM "personal_connections"  WHERE "personal_connections"."plaque_id" = $1  [["plaque_id", 618]]
12:02:25 web.1  |   [1m[36mPerson Load (0.3ms)[0m  [1mSELECT  "people".* FROM "people"  WHERE "people"."id" = $1 LIMIT 1[0m  [["id", 595]]
12:02:25 web.1  |   [1m[35mPersonalRole Load (0.3ms)[0m  SELECT "personal_roles".* FROM "personal_roles"  WHERE "personal_roles"."person_id" = $1  [["person_id", 595]]
12:02:25 web.1  |   [1m[36mCACHE (0.0ms)[0m  [1mSELECT  "roles".* FROM "roles"  WHERE "roles"."id" = $1 LIMIT 1[0m  [["id", 51]]
12:02:25 web.1  |   [1m[35mRole Load (0.4ms)[0m  SELECT "roles".* FROM "roles" INNER JOIN "personal_roles" ON "roles"."id" = "personal_roles"."role_id" WHERE "personal_roles"."person_id" = $1  [["person_id", 595]]
12:02:25 web.1  |   [1m[36mCACHE (0.0ms)[0m  [1mSELECT  "languages".* FROM "languages"  WHERE "languages"."id" = $1 LIMIT 1[0m  [["id", 1]]
12:02:25 web.1  |   [1m[35mPhoto Load (0.4ms)[0m  SELECT  "photos".* FROM "photos"  WHERE "photos"."plaque_id" = $1 AND "photos"."of_a_plaque" = 't'  ORDER BY shot ASC LIMIT 1  [["plaque_id", 480]]
12:02:25 web.1  |   Rendered plaques/_tile.erb (8.5ms)
12:02:25 web.1  |   [1m[36mPersonalConnection Load (0.3ms)[0m  [1mSELECT "personal_connections".* FROM "personal_connections"  WHERE "personal_connections"."plaque_id" = $1[0m  [["plaque_id", 480]]
12:02:25 web.1  |   [1m[35mPerson Load (0.7ms)[0m  SELECT  "people".* FROM "people"  WHERE "people"."id" = $1 LIMIT 1  [["id", 306]]
12:02:25 web.1  |   [1m[36mPersonalRole Load (0.7ms)[0m  [1mSELECT "personal_roles".* FROM "personal_roles"  WHERE "personal_roles"."person_id" = $1[0m  [["person_id", 306]]
12:02:26 web.1  |   [1m[35mRole Load (0.4ms)[0m  SELECT  "roles".* FROM "roles"  WHERE "roles"."id" = $1 LIMIT 1  [["id", 3930]]
12:02:26 web.1  |   [1m[36mRole Load (0.3ms)[0m  [1mSELECT "roles".* FROM "roles" INNER JOIN "personal_roles" ON "roles"."id" = "personal_roles"."role_id" WHERE "personal_roles"."person_id" = $1[0m  [["person_id", 306]]
12:02:26 web.1  |   [1m[35mCACHE (0.0ms)[0m  SELECT  "languages".* FROM "languages"  WHERE "languages"."id" = $1 LIMIT 1  [["id", 1]]
12:02:26 web.1  |   [1m[36mPhoto Load (0.4ms)[0m  [1mSELECT  "photos".* FROM "photos"  WHERE "photos"."plaque_id" = $1 AND "photos"."of_a_plaque" = 't'  ORDER BY shot ASC LIMIT 1[0m  [["plaque_id", 479]]
12:02:26 web.1  |   Rendered plaques/_tile.erb (10.3ms)
12:02:26 web.1  |   [1m[35mPersonalConnection Load (0.4ms)[0m  SELECT "personal_connections".* FROM "personal_connections"  WHERE "personal_connections"."plaque_id" = $1  [["plaque_id", 479]]
12:02:26 web.1  |   [1m[36mPerson Load (0.4ms)[0m  [1mSELECT  "people".* FROM "people"  WHERE "people"."id" = $1 LIMIT 1[0m  [["id", 463]]
12:02:26 web.1  |   [1m[35mPersonalRole Load (0.7ms)[0m  SELECT "personal_roles".* FROM "personal_roles"  WHERE "personal_roles"."person_id" = $1  [["person_id", 463]]
12:02:26 web.1  |   [1m[36mCACHE (0.1ms)[0m  [1mSELECT  "roles".* FROM "roles"  WHERE "roles"."id" = $1 LIMIT 1[0m  [["id", 28]]
12:02:26 web.1  |   [1m[35mRole Load (0.5ms)[0m  SELECT  "roles".* FROM "roles"  WHERE "roles"."id" = $1 LIMIT 1  [["id", 94]]
12:02:26 web.1  |   [1m[36mRole Load (0.3ms)[0m  [1mSELECT  "roles".* FROM "roles"  WHERE "roles"."id" = $1 LIMIT 1[0m  [["id", 4887]]
12:02:26 web.1  |   [1m[35mRole Load (0.5ms)[0m  SELECT  "roles".* FROM "roles"  WHERE "roles"."id" = $1 LIMIT 1  [["id", 4750]]
12:02:26 web.1  |   [1m[36mRole Load (0.4ms)[0m  [1mSELECT "roles".* FROM "roles" INNER JOIN "personal_roles" ON "roles"."id" = "personal_roles"."role_id" WHERE "personal_roles"."person_id" = $1[0m  [["person_id", 463]]
12:02:26 web.1  |   [1m[35mPerson Load (0.3ms)[0m  SELECT  "people".* FROM "people"  WHERE "people"."id" = $1 LIMIT 1  [["id", 1049]]
12:02:26 web.1  |   [1m[36mPersonalRole Load (0.3ms)[0m  [1mSELECT "personal_roles".* FROM "personal_roles"  WHERE "personal_roles"."person_id" = $1[0m  [["person_id", 1049]]
12:02:26 web.1  |   [1m[35mCACHE (0.0ms)[0m  SELECT  "roles".* FROM "roles"  WHERE "roles"."id" = $1 LIMIT 1  [["id", 28]]
12:02:26 web.1  |   [1m[36mRole Load (0.3ms)[0m  [1mSELECT  "roles".* FROM "roles"  WHERE "roles"."id" = $1 LIMIT 1[0m  [["id", 4786]]
12:02:26 web.1  |   [1m[35mRole Load (0.4ms)[0m  SELECT "roles".* FROM "roles" INNER JOIN "personal_roles" ON "roles"."id" = "personal_roles"."role_id" WHERE "personal_roles"."person_id" = $1  [["person_id", 1049]]
12:02:26 web.1  |   [1m[36mCACHE (0.0ms)[0m  [1mSELECT  "languages".* FROM "languages"  WHERE "languages"."id" = $1 LIMIT 1[0m  [["id", 1]]
12:02:26 web.1  |   [1m[35mPhoto Load (0.5ms)[0m  SELECT  "photos".* FROM "photos"  WHERE "photos"."plaque_id" = $1 AND "photos"."of_a_plaque" = 't'  ORDER BY shot ASC LIMIT 1  [["plaque_id", 482]]
12:02:26 web.1  |   Rendered plaques/_tile.erb (7.9ms)
12:02:26 web.1  |   [1m[36mPersonalConnection Load (0.4ms)[0m  [1mSELECT "personal_connections".* FROM "personal_connections"  WHERE "personal_connections"."plaque_id" = $1[0m  [["plaque_id", 482]]
12:02:26 web.1  |   [1m[35mPerson Load (0.4ms)[0m  SELECT  "people".* FROM "people"  WHERE "people"."id" = $1 LIMIT 1  [["id", 465]]
12:02:26 web.1  |   [1m[36mPersonalRole Load (0.7ms)[0m  [1mSELECT "personal_roles".* FROM "personal_roles"  WHERE "personal_roles"."person_id" = $1[0m  [["person_id", 465]]
12:02:26 web.1  |   [1m[35mCACHE (0.0ms)[0m  SELECT  "roles".* FROM "roles"  WHERE "roles"."id" = $1 LIMIT 1  [["id", 44]]
12:02:26 web.1  |   [1m[36mCACHE (0.0ms)[0m  [1mSELECT  "roles".* FROM "roles"  WHERE "roles"."id" = $1 LIMIT 1[0m  [["id", 1413]]
12:02:26 web.1  |   [1m[35mRole Load (0.3ms)[0m  SELECT  "roles".* FROM "roles"  WHERE "roles"."id" = $1 LIMIT 1  [["id", 347]]
12:02:26 web.1  |   [1m[36mRole Load (0.3ms)[0m  [1mSELECT "roles".* FROM "roles" INNER JOIN "personal_roles" ON "roles"."id" = "personal_roles"."role_id" WHERE "personal_roles"."person_id" = $1[0m  [["person_id", 465]]
12:02:26 web.1  |   [1m[35mCACHE (0.0ms)[0m  SELECT  "languages".* FROM "languages"  WHERE "languages"."id" = $1 LIMIT 1  [["id", 1]]
12:02:26 web.1  |   [1m[36mPhoto Load (0.4ms)[0m  [1mSELECT  "photos".* FROM "photos"  WHERE "photos"."plaque_id" = $1 AND "photos"."of_a_plaque" = 't'  ORDER BY shot ASC LIMIT 1[0m  [["plaque_id", 481]]
12:02:26 web.1  |   Rendered plaques/_tile.erb (8.0ms)
12:02:26 web.1  |   [1m[35mPersonalConnection Load (0.3ms)[0m  SELECT "personal_connections".* FROM "personal_connections"  WHERE "personal_connections"."plaque_id" = $1  [["plaque_id", 481]]
12:02:26 web.1  |   [1m[36mPerson Load (0.3ms)[0m  [1mSELECT  "people".* FROM "people"  WHERE "people"."id" = $1 LIMIT 1[0m  [["id", 464]]
12:02:26 web.1  |   [1m[35mPersonalRole Load (0.3ms)[0m  SELECT "personal_roles".* FROM "personal_roles"  WHERE "personal_roles"."person_id" = $1  [["person_id", 464]]
12:02:26 web.1  |   [1m[36mRole Load (0.4ms)[0m  [1mSELECT "roles".* FROM "roles" INNER JOIN "personal_roles" ON "roles"."id" = "personal_roles"."role_id" WHERE "personal_roles"."person_id" = $1[0m  [["person_id", 464]]
12:02:26 web.1  |   [1m[35mCACHE (0.0ms)[0m  SELECT  "languages".* FROM "languages"  WHERE "languages"."id" = $1 LIMIT 1  [["id", 1]]
12:02:26 web.1  |   Rendered plaques/_plaque.erb (4436.5ms)
12:02:26 web.1  |   Rendered area_plaques/show.html.erb within layouts/application (5027.9ms)
12:02:26 web.1  | Completed 200 OK in 5183ms (Views: 3724.2ms | ActiveRecord: 1353.4ms)
12:02:26 web.1  | Oink Action: area_plaques#show
12:02:26 web.1  | Memory usage: 2642860 | PID: 40432
12:02:26 web.1  | Instantiation Breakdown: Total: 699 | Role: 281 | PersonalRole: 146 | PersonalConnection: 64 | Person: 64 | Plaque: 50 | Language: 50 | Photo: 42 | Area: 1 | Country: 1
12:02:26 web.1  | Oink Log Entry Complete
12:02:26 web.1  | [40432] 127.0.0.1 - - [16/May/2015 12:02:26] "GET /places/gb/areas/london/plaques HTTP/1.1" 200 - 5.8481
12:02:27 web.1  | Started GET "/assets/application.css" for 127.0.0.1 at 2015-05-16 12:02:27 +0100
12:02:27 web.1  | Started GET "/assets/application.js" for 127.0.0.1 at 2015-05-16 12:02:27 +0100
12:02:27 web.1  | Memory usage: 2638248 | PID: 40431
12:02:27 web.1  | Instantiation Breakdown: Total: 0
12:02:27 web.1  | Oink Log Entry Complete
12:02:27 web.1  | Started GET "/assets/openplaques.png" for 127.0.0.1 at 2015-05-16 12:02:27 +0100
12:02:27 web.1  | Memory usage: 2643236 | PID: 40432
12:02:27 web.1  | Instantiation Breakdown: Total: 0
12:02:27 web.1  | Oink Log Entry Complete
12:02:27 web.1  | [40431] 127.0.0.1 - - [16/May/2015 12:02:27] "GET /application.js HTTP/1.1" 304 - 0.1308
12:02:27 web.1  | [40432] 127.0.0.1 - - [16/May/2015 12:02:27] "GET /application.css HTTP/1.1" 304 - 0.1558
12:02:27 web.1  | Memory usage: 2638248 | PID: 40431
12:02:27 web.1  | Instantiation Breakdown: Total: 0
12:02:27 web.1  | Oink Log Entry Complete
12:02:27 web.1  | [40431] 127.0.0.1 - - [16/May/2015 12:02:27] "GET /openplaques.png HTTP/1.1" 304 - 0.1074
12:02:27 web.1  | Started GET "/assets/NoPhotoSqr.png" for 127.0.0.1 at 2015-05-16 12:02:27 +0100
12:02:27 web.1  | Memory usage: 2638248 | PID: 40431
12:02:27 web.1  | Instantiation Breakdown: Total: 0
12:02:27 web.1  | Oink Log Entry Complete
12:02:27 web.1  | [40431] 127.0.0.1 - - [16/May/2015 12:02:27] "GET /NoPhotoSqr.png HTTP/1.1" 304 - 0.1167
12:02:27 web.1  | Started GET "/assets/icon_search.png" for 127.0.0.1 at 2015-05-16 12:02:27 +0100
12:02:27 web.1  | Memory usage: 2638248 | PID: 40431
12:02:27 web.1  | Instantiation Breakdown: Total: 0
12:02:27 web.1  | Oink Log Entry Complete
12:02:27 web.1  | [40431] 127.0.0.1 - - [16/May/2015 12:02:27] "GET /icon_search.png HTTP/1.1" 304 - 0.0695
12:02:27 web.1  | Started GET "/plaques/tiles/14/8185/5446.json" for 127.0.0.1 at 2015-05-16 12:02:27 +0100
12:02:27 web.1  | Started GET "/plaques/tiles/14/8184/5447.json" for 127.0.0.1 at 2015-05-16 12:02:27 +0100
12:02:27 web.1  | Processing by PlaquesController#index as JSON
12:02:27 web.1  |   Parameters: {"zoom"=>"14", "x"=>"8185", "y"=>"5446"}
12:02:27 web.1  | USERAGENT: /plaques/tiles/14/8185/5446.json Mozilla/5.0 (Macintosh; Intel Mac OS X 10_10_3) AppleWebKit/537.36 (KHTML, like Gecko) Chrome/42.0.2311.135 Safari/537.36
12:02:27 web.1  | select all plaques
12:02:27 web.1  | asking for a tile of data
12:02:27 web.1  | Processing by PlaquesController#index as JSON
12:02:27 web.1  |   Parameters: {"zoom"=>"14", "x"=>"8184", "y"=>"5447"}
12:02:27 web.1  | USERAGENT: /plaques/tiles/14/8184/5447.json Mozilla/5.0 (Macintosh; Intel Mac OS X 10_10_3) AppleWebKit/537.36 (KHTML, like Gecko) Chrome/42.0.2311.135 Safari/537.36
12:02:27 web.1  | select all plaques
12:02:27 web.1  | asking for a tile of data
12:02:27 web.1  | Rails query /plaques/tiles/14/8184/5447
12:02:28 web.1  |   [1m[36mPlaque Load (64.0ms)[0m  [1mSELECT "plaques"."id", "plaques"."inscription", "plaques"."latitude", "plaques"."longitude", "plaques"."is_accurate_geolocation" FROM "plaques"  WHERE ("plaques"."latitude" BETWEEN 51.50874245880334 AND 51.52241608253254) AND ("plaques"."longitude" BETWEEN -0.17578125 AND -0.15380859375)[0m
12:02:28 web.1  | Completed 200 OK in 133ms (Views: 35.2ms | ActiveRecord: 64.0ms)
12:02:28 web.1  | Oink Action: plaques#index
12:02:28 web.1  | Rails query /plaques/tiles/14/8185/5446
12:02:28 web.1  |   [1m[36mPlaque Load (15.8ms)[0m  [1mSELECT "plaques"."id", "plaques"."inscription", "plaques"."latitude", "plaques"."longitude", "plaques"."is_accurate_geolocation" FROM "plaques"  WHERE ("plaques"."latitude" BETWEEN 51.52241608253254 AND 51.53608560178474) AND ("plaques"."longitude" BETWEEN -0.15380859375 AND -0.1318359375)[0m
12:02:28 web.1  | Memory usage: 2643236 | PID: 40432
12:02:28 web.1  | Instantiation Breakdown: Total: 60 | Plaque: 60
12:02:28 web.1  | Oink Log Entry Complete
12:02:28 web.1  | Started GET "/plaques/tiles/14/8184/5446.json" for 127.0.0.1 at 2015-05-16 12:02:28 +0100
12:02:28 web.1  | Completed 200 OK in 330ms (Views: 80.3ms | ActiveRecord: 18.8ms)
12:02:28 web.1  | Oink Action: plaques#index
12:02:28 web.1  | Memory usage: 2638248 | PID: 40431
12:02:28 web.1  | Instantiation Breakdown: Total: 57 | Plaque: 57
12:02:28 web.1  | Oink Log Entry Complete
12:02:28 web.1  | [40432] 127.0.0.1 - - [16/May/2015 12:02:28] "GET /plaques/tiles/14/8184/5447.json HTTP/1.1" 304 - 0.4173
12:02:28 web.1  | Processing by PlaquesController#index as JSON
12:02:28 web.1  |   Parameters: {"zoom"=>"14", "x"=>"8184", "y"=>"5446"}
12:02:28 web.1  | USERAGENT: /plaques/tiles/14/8184/5446.json Mozilla/5.0 (Macintosh; Intel Mac OS X 10_10_3) AppleWebKit/537.36 (KHTML, like Gecko) Chrome/42.0.2311.135 Safari/537.36
12:02:28 web.1  | select all plaques
12:02:28 web.1  | asking for a tile of data
12:02:28 web.1  | Rails query /plaques/tiles/14/8184/5446
12:02:28 web.1  |   [1m[35mPlaque Load (1.8ms)[0m  SELECT "plaques"."id", "plaques"."inscription", "plaques"."latitude", "plaques"."longitude", "plaques"."is_accurate_geolocation" FROM "plaques"  WHERE ("plaques"."latitude" BETWEEN 51.52241608253254 AND 51.53608560178474) AND ("plaques"."longitude" BETWEEN -0.17578125 AND -0.15380859375)
12:02:28 web.1  | [40431] 127.0.0.1 - - [16/May/2015 12:02:28] "GET /plaques/tiles/14/8185/5446.json HTTP/1.1" 304 - 0.5723
12:02:28 web.1  | Started GET "/plaques/tiles/14/8185/5447.json" for 127.0.0.1 at 2015-05-16 12:02:28 +0100
12:02:28 web.1  | Completed 200 OK in 72ms (Views: 53.2ms | ActiveRecord: 1.8ms)
12:02:28 web.1  | Oink Action: plaques#index
12:02:28 web.1  | Processing by PlaquesController#index as JSON
12:02:28 web.1  |   Parameters: {"zoom"=>"14", "x"=>"8185", "y"=>"5447"}
12:02:28 web.1  | USERAGENT: /plaques/tiles/14/8185/5447.json Mozilla/5.0 (Macintosh; Intel Mac OS X 10_10_3) AppleWebKit/537.36 (KHTML, like Gecko) Chrome/42.0.2311.135 Safari/537.36
12:02:28 web.1  | select all plaques
12:02:28 web.1  | asking for a tile of data
12:02:28 web.1  | Rails query /plaques/tiles/14/8185/5447
12:02:28 web.1  |   [1m[35mPlaque Load (24.0ms)[0m  SELECT "plaques"."id", "plaques"."inscription", "plaques"."latitude", "plaques"."longitude", "plaques"."is_accurate_geolocation" FROM "plaques"  WHERE ("plaques"."latitude" BETWEEN 51.50874245880334 AND 51.52241608253254) AND ("plaques"."longitude" BETWEEN -0.15380859375 AND -0.1318359375)
12:02:28 web.1  | Memory usage: 2643236 | PID: 40432
12:02:28 web.1  | Instantiation Breakdown: Total: 31 | Plaque: 31
12:02:28 web.1  | Oink Log Entry Complete
12:02:28 web.1  | [40432] 127.0.0.1 - - [16/May/2015 12:02:28] "GET /plaques/tiles/14/8184/5446.json HTTP/1.1" 304 - 0.5705
12:02:28 web.1  | Started GET "/plaques/tiles/14/8186/5446.json" for 127.0.0.1 at 2015-05-16 12:02:28 +0100
12:02:28 web.1  | Processing by PlaquesController#index as JSON
12:02:28 web.1  |   Parameters: {"zoom"=>"14", "x"=>"8186", "y"=>"5446"}
12:02:28 web.1  | USERAGENT: /plaques/tiles/14/8186/5446.json Mozilla/5.0 (Macintosh; Intel Mac OS X 10_10_3) AppleWebKit/537.36 (KHTML, like Gecko) Chrome/42.0.2311.135 Safari/537.36
12:02:28 web.1  | select all plaques
12:02:28 web.1  | asking for a tile of data
12:02:28 web.1  | Rails query /plaques/tiles/14/8186/5446
12:02:28 web.1  |   [1m[36mPlaque Load (3.5ms)[0m  [1mSELECT "plaques"."id", "plaques"."inscription", "plaques"."latitude", "plaques"."longitude", "plaques"."is_accurate_geolocation" FROM "plaques"  WHERE ("plaques"."latitude" BETWEEN 51.52241608253254 AND 51.53608560178474) AND ("plaques"."longitude" BETWEEN -0.1318359375 AND -0.10986328125)[0m
12:02:28 web.1  | Completed 200 OK in 161ms (Views: 82.9ms | ActiveRecord: 24.0ms)
12:02:28 web.1  | Completed 200 OK in 47ms (Views: 13.4ms | ActiveRecord: 3.5ms)
12:02:28 web.1  | Oink Action: plaques#index
12:02:28 web.1  | Oink Action: plaques#index
12:02:28 web.1  | Memory usage: 2643236 | PID: 40432
12:02:28 web.1  | Memory usage: 2638248 | PID: 40431
12:02:28 web.1  | Instantiation Breakdown: Total: 47 | Plaque: 47
12:02:28 web.1  | Oink Log Entry Complete
12:02:28 web.1  | Instantiation Breakdown: Total: 187 | Plaque: 187
12:02:28 web.1  | Oink Log Entry Complete
12:02:28 web.1  | [40432] 127.0.0.1 - - [16/May/2015 12:02:28] "GET /plaques/tiles/14/8186/5446.json HTTP/1.1" 304 - 0.2896
12:02:28 web.1  | Started GET "/plaques/tiles/14/8186/5447.json" for 127.0.0.1 at 2015-05-16 12:02:28 +0100
12:02:28 web.1  | Processing by PlaquesController#index as JSON
12:02:28 web.1  |   Parameters: {"zoom"=>"14", "x"=>"8186", "y"=>"5447"}
12:02:28 web.1  | USERAGENT: /plaques/tiles/14/8186/5447.json Mozilla/5.0 (Macintosh; Intel Mac OS X 10_10_3) AppleWebKit/537.36 (KHTML, like Gecko) Chrome/42.0.2311.135 Safari/537.36
12:02:28 web.1  | select all plaques
12:02:28 web.1  | asking for a tile of data
12:02:28 web.1  | Rails query /plaques/tiles/14/8186/5447
12:02:28 web.1  |   [1m[35mPlaque Load (2.0ms)[0m  SELECT "plaques"."id", "plaques"."inscription", "plaques"."latitude", "plaques"."longitude", "plaques"."is_accurate_geolocation" FROM "plaques"  WHERE ("plaques"."latitude" BETWEEN 51.50874245880334 AND 51.52241608253254) AND ("plaques"."longitude" BETWEEN -0.1318359375 AND -0.10986328125)
12:02:28 web.1  | Started GET "/plaques/tiles/14/8184/5448.json" for 127.0.0.1 at 2015-05-16 12:02:28 +0100
12:02:28 web.1  | [40431] 127.0.0.1 - - [16/May/2015 12:02:28] "GET /plaques/tiles/14/8185/5447.json HTTP/1.1" 304 - 0.8858
12:02:28 web.1  | Processing by PlaquesController#index as JSON
12:02:28 web.1  |   Parameters: {"zoom"=>"14", "x"=>"8184", "y"=>"5448"}
12:02:28 web.1  | USERAGENT: /plaques/tiles/14/8184/5448.json Mozilla/5.0 (Macintosh; Intel Mac OS X 10_10_3) AppleWebKit/537.36 (KHTML, like Gecko) Chrome/42.0.2311.135 Safari/537.36
12:02:28 web.1  | select all plaques
12:02:28 web.1  | asking for a tile of data
12:02:28 web.1  | Rails query /plaques/tiles/14/8184/5448
12:02:28 web.1  | Completed 200 OK in 150ms (Views: 86.2ms | ActiveRecord: 2.0ms)
12:02:28 web.1  |   [1m[36mPlaque Load (21.9ms)[0m  [1mSELECT "plaques"."id", "plaques"."inscription", "plaques"."latitude", "plaques"."longitude", "plaques"."is_accurate_geolocation" FROM "plaques"  WHERE ("plaques"."latitude" BETWEEN 51.49506473014369 AND 51.50874245880334) AND ("plaques"."longitude" BETWEEN -0.17578125 AND -0.15380859375)[0m
12:02:28 web.1  | Oink Action: plaques#index
12:02:28 web.1  | Memory usage: 2643236 | PID: 40432
12:02:28 web.1  | Instantiation Breakdown: Total: 170 | Plaque: 170
12:02:28 web.1  | Oink Log Entry Complete
12:02:28 web.1  | Completed 200 OK in 44ms (Views: 10.4ms | ActiveRecord: 21.9ms)
12:02:28 web.1  | Oink Action: plaques#index
12:02:28 web.1  | [40432] 127.0.0.1 - - [16/May/2015 12:02:28] "GET /plaques/tiles/14/8186/5447.json HTTP/1.1" 304 - 0.2974
12:02:28 web.1  | Started GET "/plaques/tiles/14/8185/5448.json" for 127.0.0.1 at 2015-05-16 12:02:28 +0100
12:02:28 web.1  | Memory usage: 2638248 | PID: 40431
12:02:28 web.1  | Instantiation Breakdown: Total: 39 | Plaque: 39
12:02:28 web.1  | Oink Log Entry Complete
12:02:28 web.1  | [40431] 127.0.0.1 - - [16/May/2015 12:02:28] "GET /plaques/tiles/14/8184/5448.json HTTP/1.1" 304 - 0.4425
12:02:28 web.1  | Started GET "/plaques/tiles/14/8187/5448.json" for 127.0.0.1 at 2015-05-16 12:02:28 +0100
12:02:28 web.1  | Processing by PlaquesController#index as JSON
12:02:28 web.1  |   Parameters: {"zoom"=>"14", "x"=>"8185", "y"=>"5448"}
12:02:28 web.1  | USERAGENT: /plaques/tiles/14/8185/5448.json Mozilla/5.0 (Macintosh; Intel Mac OS X 10_10_3) AppleWebKit/537.36 (KHTML, like Gecko) Chrome/42.0.2311.135 Safari/537.36
12:02:28 web.1  | select all plaques
12:02:28 web.1  | asking for a tile of data
12:02:28 web.1  | Rails query /plaques/tiles/14/8185/5448
12:02:28 web.1  |   [1m[36mPlaque Load (1.6ms)[0m  [1mSELECT "plaques"."id", "plaques"."inscription", "plaques"."latitude", "plaques"."longitude", "plaques"."is_accurate_geolocation" FROM "plaques"  WHERE ("plaques"."latitude" BETWEEN 51.49506473014369 AND 51.50874245880334) AND ("plaques"."longitude" BETWEEN -0.15380859375 AND -0.1318359375)[0m
12:02:28 web.1  | Processing by PlaquesController#index as JSON
12:02:28 web.1  |   Parameters: {"zoom"=>"14", "x"=>"8187", "y"=>"5448"}
12:02:28 web.1  | USERAGENT: /plaques/tiles/14/8187/5448.json Mozilla/5.0 (Macintosh; Intel Mac OS X 10_10_3) AppleWebKit/537.36 (KHTML, like Gecko) Chrome/42.0.2311.135 Safari/537.36
12:02:28 web.1  | select all plaques
12:02:28 web.1  | asking for a tile of data
12:02:28 web.1  | Rails query /plaques/tiles/14/8187/5448
12:02:28 web.1  |   [1m[35mPlaque Load (1.6ms)[0m  SELECT "plaques"."id", "plaques"."inscription", "plaques"."latitude", "plaques"."longitude", "plaques"."is_accurate_geolocation" FROM "plaques"  WHERE ("plaques"."latitude" BETWEEN 51.49506473014369 AND 51.50874245880334) AND ("plaques"."longitude" BETWEEN -0.10986328125 AND -0.087890625)
12:02:28 web.1  | Completed 200 OK in 87ms (Views: 29.2ms | ActiveRecord: 1.6ms)
12:02:28 web.1  | Oink Action: plaques#index
12:02:28 web.1  | Memory usage: 2643236 | PID: 40432
12:02:28 web.1  | Instantiation Breakdown: Total: 102 | Plaque: 102
12:02:28 web.1  | Oink Log Entry Complete
12:02:28 web.1  | Completed 200 OK in 51ms (Views: 28.7ms | ActiveRecord: 1.6ms)
12:02:28 web.1  | Oink Action: plaques#index
12:02:29 web.1  | [40432] 127.0.0.1 - - [16/May/2015 12:02:28] "GET /plaques/tiles/14/8185/5448.json HTTP/1.1" 304 - 0.3882
12:02:29 web.1  | Started GET "/plaques/tiles/14/8183/5446.json" for 127.0.0.1 at 2015-05-16 12:02:29 +0100
12:02:29 web.1  | Memory usage: 2638248 | PID: 40431
12:02:29 web.1  | Instantiation Breakdown: Total: 48 | Plaque: 48
12:02:29 web.1  | Oink Log Entry Complete
12:02:29 web.1  | [40431] 127.0.0.1 - - [16/May/2015 12:02:29] "GET /plaques/tiles/14/8187/5448.json HTTP/1.1" 304 - 0.1516
12:02:29 web.1  | Started GET "/plaques/tiles/14/8187/5446.json" for 127.0.0.1 at 2015-05-16 12:02:29 +0100
12:02:29 web.1  | Processing by PlaquesController#index as JSON
12:02:29 web.1  |   Parameters: {"zoom"=>"14", "x"=>"8187", "y"=>"5446"}
12:02:29 web.1  | USERAGENT: /plaques/tiles/14/8187/5446.json Mozilla/5.0 (Macintosh; Intel Mac OS X 10_10_3) AppleWebKit/537.36 (KHTML, like Gecko) Chrome/42.0.2311.135 Safari/537.36
12:02:29 web.1  | select all plaques
12:02:29 web.1  | asking for a tile of data
12:02:29 web.1  | Rails query /plaques/tiles/14/8187/5446
12:02:29 web.1  | Processing by PlaquesController#index as JSON
12:02:29 web.1  |   Parameters: {"zoom"=>"14", "x"=>"8183", "y"=>"5446"}
12:02:29 web.1  | USERAGENT: /plaques/tiles/14/8183/5446.json Mozilla/5.0 (Macintosh; Intel Mac OS X 10_10_3) AppleWebKit/537.36 (KHTML, like Gecko) Chrome/42.0.2311.135 Safari/537.36
12:02:29 web.1  | select all plaques
12:02:29 web.1  | asking for a tile of data
12:02:29 web.1  | Rails query /plaques/tiles/14/8183/5446
12:02:29 web.1  |   [1m[36mPlaque Load (1.1ms)[0m  [1mSELECT "plaques"."id", "plaques"."inscription", "plaques"."latitude", "plaques"."longitude", "plaques"."is_accurate_geolocation" FROM "plaques"  WHERE ("plaques"."latitude" BETWEEN 51.52241608253254 AND 51.53608560178474) AND ("plaques"."longitude" BETWEEN -0.10986328125 AND -0.087890625)[0m
12:02:29 web.1  |   [1m[35mPlaque Load (1.0ms)[0m  SELECT "plaques"."id", "plaques"."inscription", "plaques"."latitude", "plaques"."longitude", "plaques"."is_accurate_geolocation" FROM "plaques"  WHERE ("plaques"."latitude" BETWEEN 51.52241608253254 AND 51.53608560178474) AND ("plaques"."longitude" BETWEEN -0.19775390625 AND -0.17578125)
12:02:29 web.1  | Completed 200 OK in 42ms (Views: 11.0ms | ActiveRecord: 1.1ms)
12:02:29 web.1  | Completed 200 OK in 34ms (Views: 7.0ms | ActiveRecord: 1.0ms)
12:02:29 web.1  | Oink Action: plaques#index
12:02:29 web.1  | Oink Action: plaques#index
12:02:29 web.1  | Memory usage: 2643236 | PID: 40432
12:02:29 web.1  | Instantiation Breakdown: Total: 31 | Plaque: 31
12:02:29 web.1  | Oink Log Entry Complete
12:02:29 web.1  | Memory usage: 2638248 | PID: 40431
12:02:29 web.1  | Instantiation Breakdown: Total: 33 | Plaque: 33
12:02:29 web.1  | Oink Log Entry Complete
12:02:29 web.1  | [40432] 127.0.0.1 - - [16/May/2015 12:02:29] "GET /plaques/tiles/14/8183/5446.json HTTP/1.1" 304 - 0.3049
12:02:29 web.1  | Started GET "/plaques/tiles/14/8183/5447.json" for 127.0.0.1 at 2015-05-16 12:02:29 +0100
12:02:29 web.1  | [40431] 127.0.0.1 - - [16/May/2015 12:02:29] "GET /plaques/tiles/14/8187/5446.json HTTP/1.1" 304 - 0.3631
12:02:29 web.1  | Started GET "/plaques/tiles/14/8183/5448.json" for 127.0.0.1 at 2015-05-16 12:02:29 +0100
12:02:29 web.1  | Processing by PlaquesController#index as JSON
12:02:29 web.1  |   Parameters: {"zoom"=>"14", "x"=>"8183", "y"=>"5447"}
12:02:29 web.1  | USERAGENT: /plaques/tiles/14/8183/5447.json Mozilla/5.0 (Macintosh; Intel Mac OS X 10_10_3) AppleWebKit/537.36 (KHTML, like Gecko) Chrome/42.0.2311.135 Safari/537.36
12:02:29 web.1  | select all plaques
12:02:29 web.1  | asking for a tile of data
12:02:29 web.1  | Rails query /plaques/tiles/14/8183/5447
12:02:29 web.1  |   [1m[36mPlaque Load (0.9ms)[0m  [1mSELECT "plaques"."id", "plaques"."inscription", "plaques"."latitude", "plaques"."longitude", "plaques"."is_accurate_geolocation" FROM "plaques"  WHERE ("plaques"."latitude" BETWEEN 51.50874245880334 AND 51.52241608253254) AND ("plaques"."longitude" BETWEEN -0.19775390625 AND -0.17578125)[0m
12:02:29 web.1  | Processing by PlaquesController#index as JSON
12:02:29 web.1  |   Parameters: {"zoom"=>"14", "x"=>"8183", "y"=>"5448"}
12:02:29 web.1  | USERAGENT: /plaques/tiles/14/8183/5448.json Mozilla/5.0 (Macintosh; Intel Mac OS X 10_10_3) AppleWebKit/537.36 (KHTML, like Gecko) Chrome/42.0.2311.135 Safari/537.36
12:02:29 web.1  | select all plaques
12:02:29 web.1  | asking for a tile of data
12:02:29 web.1  | Rails query /plaques/tiles/14/8183/5448
12:02:29 web.1  | Completed 200 OK in 27ms (Views: 12.8ms | ActiveRecord: 0.9ms)
12:02:29 web.1  |   [1m[35mPlaque Load (1.4ms)[0m  SELECT "plaques"."id", "plaques"."inscription", "plaques"."latitude", "plaques"."longitude", "plaques"."is_accurate_geolocation" FROM "plaques"  WHERE ("plaques"."latitude" BETWEEN 51.49506473014369 AND 51.50874245880334) AND ("plaques"."longitude" BETWEEN -0.19775390625 AND -0.17578125)
12:02:29 web.1  | Oink Action: plaques#index
12:02:29 web.1  | Memory usage: 2643236 | PID: 40432
12:02:29 web.1  | Instantiation Breakdown: Total: 27 | Plaque: 27
12:02:29 web.1  | Oink Log Entry Complete
12:02:29 web.1  | [40432] 127.0.0.1 - - [16/May/2015 12:02:29] "GET /plaques/tiles/14/8183/5447.json HTTP/1.1" 304 - 0.1737
12:02:29 web.1  | Completed 200 OK in 47ms (Views: 12.7ms | ActiveRecord: 1.4ms)
12:02:29 web.1  | Oink Action: plaques#index
12:02:29 web.1  | Memory usage: 2638248 | PID: 40431
12:02:29 web.1  | Instantiation Breakdown: Total: 58 | Plaque: 58
12:02:29 web.1  | Oink Log Entry Complete
12:02:29 web.1  | [40431] 127.0.0.1 - - [16/May/2015 12:02:29] "GET /plaques/tiles/14/8183/5448.json HTTP/1.1" 304 - 0.2251
12:02:29 web.1  | Started GET "/plaques/tiles/14/8186/5448.json" for 127.0.0.1 at 2015-05-16 12:02:29 +0100
12:02:29 web.1  | Processing by PlaquesController#index as JSON
12:02:29 web.1  |   Parameters: {"zoom"=>"14", "x"=>"8186", "y"=>"5448"}
12:02:29 web.1  | USERAGENT: /plaques/tiles/14/8186/5448.json Mozilla/5.0 (Macintosh; Intel Mac OS X 10_10_3) AppleWebKit/537.36 (KHTML, like Gecko) Chrome/42.0.2311.135 Safari/537.36
12:02:29 web.1  | select all plaques
12:02:29 web.1  | asking for a tile of data
12:02:29 web.1  | Rails query /plaques/tiles/14/8186/5448
12:02:29 web.1  |   [1m[36mPlaque Load (5.2ms)[0m  [1mSELECT "plaques"."id", "plaques"."inscription", "plaques"."latitude", "plaques"."longitude", "plaques"."is_accurate_geolocation" FROM "plaques"  WHERE ("plaques"."latitude" BETWEEN 51.49506473014369 AND 51.50874245880334) AND ("plaques"."longitude" BETWEEN -0.1318359375 AND -0.10986328125)[0m
12:02:29 web.1  | Completed 200 OK in 38ms (Views: 14.0ms | ActiveRecord: 5.2ms)
12:02:29 web.1  | Oink Action: plaques#index
12:02:29 web.1  | Memory usage: 2638248 | PID: 40431
12:02:29 web.1  | Instantiation Breakdown: Total: 39 | Plaque: 39
12:02:29 web.1  | Oink Log Entry Complete
12:02:29 web.1  | [40431] 127.0.0.1 - - [16/May/2015 12:02:29] "GET /plaques/tiles/14/8186/5448.json HTTP/1.1" 304 - 0.1822
12:02:29 web.1  | Started GET "/plaques/tiles/14/8187/5447.json" for 127.0.0.1 at 2015-05-16 12:02:29 +0100
12:02:29 web.1  | Processing by PlaquesController#index as JSON
12:02:29 web.1  |   Parameters: {"zoom"=>"14", "x"=>"8187", "y"=>"5447"}
12:02:29 web.1  | USERAGENT: /plaques/tiles/14/8187/5447.json Mozilla/5.0 (Macintosh; Intel Mac OS X 10_10_3) AppleWebKit/537.36 (KHTML, like Gecko) Chrome/42.0.2311.135 Safari/537.36
12:02:29 web.1  | select all plaques
12:02:29 web.1  | asking for a tile of data
12:02:29 web.1  | Rails query /plaques/tiles/14/8187/5447
12:02:29 web.1  |   [1m[35mPlaque Load (2.8ms)[0m  SELECT "plaques"."id", "plaques"."inscription", "plaques"."latitude", "plaques"."longitude", "plaques"."is_accurate_geolocation" FROM "plaques"  WHERE ("plaques"."latitude" BETWEEN 51.50874245880334 AND 51.52241608253254) AND ("plaques"."longitude" BETWEEN -0.10986328125 AND -0.087890625)
12:02:29 web.1  | Completed 200 OK in 87ms (Views: 31.0ms | ActiveRecord: 2.8ms)
12:02:29 web.1  | Oink Action: plaques#index
12:02:29 web.1  | Memory usage: 2638248 | PID: 40431
12:02:29 web.1  | Instantiation Breakdown: Total: 159 | Plaque: 159
12:02:29 web.1  | Oink Log Entry Complete
12:02:29 web.1  | [40431] 127.0.0.1 - - [16/May/2015 12:02:29] "GET /plaques/tiles/14/8187/5447.json HTTP/1.1" 304 - 0.2474
12:07:49 web.1  | Started GET "/places/gb" for 127.0.0.1 at 2015-05-16 12:07:49 +0100
12:07:49 web.1  | Processing by CountriesController#show as HTML
12:07:49 web.1  |   Parameters: {"id"=>"gb"}
12:07:49 web.1  | USERAGENT: /places/gb Mozilla/5.0 (Macintosh; Intel Mac OS X 10_10_3) AppleWebKit/537.36 (KHTML, like Gecko) Chrome/42.0.2311.135 Safari/537.36
12:07:49 web.1  |   [1m[36mCountry Load (0.7ms)[0m  [1mSELECT  "countries".* FROM "countries"  WHERE "countries"."alpha2" = 'gb' LIMIT 1[0m
12:07:54 web.1  |   [1m[35m (4946.6ms)[0m  SELECT COUNT(*) FROM "plaques" INNER JOIN "areas" ON "plaques"."area_id" = "areas"."id" WHERE "areas"."country_id" = $1  [["country_id", 1]]
12:07:54 web.1  |   [1m[36m (0.6ms)[0m  [1mSELECT COUNT(*) FROM "areas"  WHERE "areas"."country_id" = $1[0m  [["country_id", 1]]
12:07:54 web.1  |   [1m[35mArea Load (22.1ms)[0m  SELECT "areas".* FROM "areas"  WHERE "areas"."country_id" = $1  ORDER BY name ASC  [["country_id", 1]]
12:07:54 web.1  |   Rendered countries/show.html.erb within layouts/application (5552.3ms)
12:07:55 web.1  | Completed 200 OK in 5849ms (Views: 862.7ms | ActiveRecord: 4970.0ms)
12:07:55 web.1  | Oink Action: countries#show
12:07:55 web.1  | Memory usage: 2638624 | PID: 40431
12:07:55 web.1  | Instantiation Breakdown: Total: 995 | Area: 994 | Country: 1
12:07:55 web.1  | Oink Log Entry Complete
12:07:55 web.1  | [40431] 127.0.0.1 - - [16/May/2015 12:07:55] "GET /places/gb HTTP/1.1" 200 - 6.2263
12:07:55 web.1  | Started GET "/assets/application.js" for 127.0.0.1 at 2015-05-16 12:07:55 +0100
12:07:55 web.1  | Started GET "/assets/openplaques.png" for 127.0.0.1 at 2015-05-16 12:07:55 +0100
12:07:55 web.1  | Memory usage: 2638624 | PID: 40431
12:07:55 web.1  | Instantiation Breakdown: Total: 0
12:07:55 web.1  | Oink Log Entry Complete
12:07:55 web.1  | Memory usage: 2643236 | PID: 40432
12:07:55 web.1  | Instantiation Breakdown: Total: 0
12:07:55 web.1  | Oink Log Entry Complete
12:07:55 web.1  | [40431] 127.0.0.1 - - [16/May/2015 12:07:55] "GET /openplaques.png HTTP/1.1" 304 - 0.1433
12:07:55 web.1  | [40432] 127.0.0.1 - - [16/May/2015 12:07:55] "GET /application.js HTTP/1.1" 304 - 0.1635
12:07:55 web.1  | Started GET "/assets/application.css" for 127.0.0.1 at 2015-05-16 12:07:55 +0100
12:07:55 web.1  | Memory usage: 2638624 | PID: 40431
12:07:55 web.1  | Instantiation Breakdown: Total: 0
12:07:55 web.1  | Oink Log Entry Complete
12:07:55 web.1  | [40431] 127.0.0.1 - - [16/May/2015 12:07:55] "GET /application.css HTTP/1.1" 304 - 0.2182
12:07:55 web.1  | Started GET "/assets/icon_search.png" for 127.0.0.1 at 2015-05-16 12:07:55 +0100
12:07:55 web.1  | Started GET "/assets/bullet-blue.gif" for 127.0.0.1 at 2015-05-16 12:07:55 +0100
12:07:55 web.1  | Memory usage: 2638624 | PID: 40431
12:07:55 web.1  | Instantiation Breakdown: Total: 0
12:07:55 web.1  | Oink Log Entry Complete
12:07:55 web.1  | [40431] 127.0.0.1 - - [16/May/2015 12:07:55] "GET /icon_search.png HTTP/1.1" 304 - 0.0589
12:07:56 web.1  | Memory usage: 2643236 | PID: 40432
12:07:56 web.1  | Instantiation Breakdown: Total: 0
12:07:56 web.1  | Oink Log Entry Complete
12:07:56 web.1  | [40432] 127.0.0.1 - - [16/May/2015 12:07:56] "GET /bullet-blue.gif HTTP/1.1" 304 - 0.1913
12:19:32 web.1  | Started GET "/organisations" for 127.0.0.1 at 2015-05-16 12:19:32 +0100
12:19:33 web.1  | Processing by OrganisationsController#index as HTML
12:19:33 web.1  | USERAGENT: /organisations Mozilla/5.0 (Macintosh; Intel Mac OS X 10_10_3) AppleWebKit/537.36 (KHTML, like Gecko) Chrome/42.0.2311.135 Safari/537.36
12:19:33 web.1  |   [1m[36mOrganisation Load (66.3ms)[0m  [1mSELECT "organisations"."name", "organisations"."slug", "organisations"."sponsorships_count" FROM "organisations"   ORDER BY name ASC[0m
12:19:35 web.1  |   [1m[35mOrganisation Load (1.7ms)[0m  SELECT  "organisations"."name", "organisations"."slug", "organisations"."sponsorships_count" FROM "organisations"   ORDER BY sponsorships_count DESC LIMIT 10
12:19:35 web.1  |   Rendered organisations/index.html.erb within layouts/application (1630.6ms)
12:19:35 web.1  | Completed 200 OK in 1951ms (Views: 1768.5ms | ActiveRecord: 72.1ms)
12:19:35 web.1  | Oink Action: organisations#index
12:19:35 web.1  | Memory usage: 2639368 | PID: 40431
12:19:35 web.1  | Instantiation Breakdown: Total: 1685 | Organisation: 1685
12:19:35 web.1  | Oink Log Entry Complete
12:19:35 web.1  | [40431] 127.0.0.1 - - [16/May/2015 12:19:35] "GET /organisations HTTP/1.1" 200 - 2.5453
12:19:35 web.1  | Started GET "/assets/application.css" for 127.0.0.1 at 2015-05-16 12:19:35 +0100
12:19:35 web.1  | Started GET "/assets/application.js" for 127.0.0.1 at 2015-05-16 12:19:35 +0100
12:19:35 web.1  | Memory usage: 2639676 | PID: 40431
12:19:35 web.1  | Instantiation Breakdown: Total: 0
12:19:35 web.1  | Oink Log Entry Complete
12:19:35 web.1  | [40431] 127.0.0.1 - - [16/May/2015 12:19:35] "GET /application.css HTTP/1.1" 304 - 0.0750
12:19:35 web.1  | Memory usage: 2643236 | PID: 40432
12:19:35 web.1  | Instantiation Breakdown: Total: 0
12:19:35 web.1  | Oink Log Entry Complete
12:19:35 web.1  | Started GET "/assets/openplaques.png" for 127.0.0.1 at 2015-05-16 12:19:35 +0100
12:19:35 web.1  | [40432] 127.0.0.1 - - [16/May/2015 12:19:35] "GET /application.js HTTP/1.1" 304 - 0.0955
12:19:35 web.1  | Memory usage: 2643236 | PID: 40432
12:19:35 web.1  | Instantiation Breakdown: Total: 0
12:19:35 web.1  | Oink Log Entry Complete
12:19:35 web.1  | [40432] 127.0.0.1 - - [16/May/2015 12:19:35] "GET /openplaques.png HTTP/1.1" 304 - 0.0789
12:19:35 web.1  | Started GET "/assets/icon_search.png" for 127.0.0.1 at 2015-05-16 12:19:35 +0100
12:19:36 web.1  | Memory usage: 2643236 | PID: 40432
12:19:36 web.1  | Instantiation Breakdown: Total: 0
12:19:36 web.1  | Oink Log Entry Complete
12:19:36 web.1  | [40432] 127.0.0.1 - - [16/May/2015 12:19:36] "GET /icon_search.png HTTP/1.1" 304 - 0.1054
12:19:36 web.1  | Started GET "/assets/bullet-blue.gif" for 127.0.0.1 at 2015-05-16 12:19:36 +0100
12:19:36 web.1  | Memory usage: 2643236 | PID: 40432
12:19:36 web.1  | Instantiation Breakdown: Total: 0
12:19:36 web.1  | Oink Log Entry Complete
12:19:36 web.1  | [40432] 127.0.0.1 - - [16/May/2015 12:19:36] "GET /bullet-blue.gif HTTP/1.1" 304 - 0.1720
12:48:57 web.1  | Started GET "/todo" for 127.0.0.1 at 2015-05-16 12:48:57 +0100
12:48:59 web.1  | Processing by TodoController#index as HTML
12:48:59 web.1  | USERAGENT: /todo Mozilla/5.0 (Macintosh; Intel Mac OS X 10_10_3) AppleWebKit/537.36 (KHTML, like Gecko) Chrome/42.0.2311.135 Safari/537.36
12:48:59 web.1  |   [1m[35m (91.1ms)[0m  SELECT COUNT(*) FROM "plaques"  WHERE (photos_count > 0 AND colour_id IS NULL)
12:48:59 web.1  |   [1m[36m (558.1ms)[0m  [1mSELECT COUNT(*) FROM "plaques"  WHERE (latitude IS NOT NULL AND address IS NULL)[0m
12:48:59 web.1  | Completed 500 Internal Server Error in 670ms
12:48:59 web.1  | [Rollbar] Reporting exception: uninitialized constant TodoController::Location
12:48:59 web.1  | [Rollbar] Exception not reported because Rollbar is disabled
12:48:59 web.1  | NameError (uninitialized constant TodoController::Location):
12:48:59 web.1  |   app/controllers/todo_controller.rb:8:in `index'
12:48:59 web.1  |   app/controllers/application_controller.rb:27:in `global_request_logging'
12:49:00 web.1  |   Rendered /Users/jeznicholson/.rbenv/versions/2.2.0/lib/ruby/gems/2.2.0/gems/actionpack-4.1.6/lib/action_dispatch/middleware/templates/rescues/_source.erb (1.8ms)
12:49:00 web.1  |   Rendered /Users/jeznicholson/.rbenv/versions/2.2.0/lib/ruby/gems/2.2.0/gems/actionpack-4.1.6/lib/action_dispatch/middleware/templates/rescues/_trace.html.erb (2.9ms)
12:49:00 web.1  |   Rendered /Users/jeznicholson/.rbenv/versions/2.2.0/lib/ruby/gems/2.2.0/gems/actionpack-4.1.6/lib/action_dispatch/middleware/templates/rescues/_request_and_response.html.erb (3.8ms)
12:49:00 web.1  |   Rendered /Users/jeznicholson/.rbenv/versions/2.2.0/lib/ruby/gems/2.2.0/gems/actionpack-4.1.6/lib/action_dispatch/middleware/templates/rescues/diagnostics.erb within rescues/layout (210.4ms)
12:49:00 web.1  | [40432] 127.0.0.1 - - [16/May/2015 12:49:00] "GET /todo HTTP/1.1" 500 19769 3.0166
12:49:26 web.1  | Started GET "/todo" for 127.0.0.1 at 2015-05-16 12:49:26 +0100
12:49:28 web.1  | Processing by TodoController#index as HTML
12:49:28 web.1  | USERAGENT: /todo Mozilla/5.0 (Macintosh; Intel Mac OS X 10_10_3) AppleWebKit/537.36 (KHTML, like Gecko) Chrome/42.0.2311.135 Safari/537.36
12:49:28 web.1  |   [1m[36m (2.0ms)[0m  [1mSELECT COUNT(*) FROM "plaques"  WHERE (photos_count > 0 AND colour_id IS NULL)[0m
12:49:28 web.1  |   [1m[35m (568.1ms)[0m  SELECT COUNT(*) FROM "plaques"  WHERE (latitude IS NOT NULL AND address IS NULL)
12:49:29 web.1  |   [1m[36m (96.5ms)[0m  [1mSELECT COUNT(*) FROM "todo_items"  WHERE "todo_items"."action" = 'add' AND ("todo_items"."url" IS NOT NULL)[0m
12:49:29 web.1  |   [1m[35m (0.5ms)[0m  SELECT COUNT(*) FROM "todo_items"  WHERE "todo_items"."action" = 'datacapture' AND ("todo_items"."url" IS NOT NULL)
12:49:29 web.1  |   [1m[36m (34.5ms)[0m  [1mSELECT COUNT(*) FROM "plaques"  WHERE "plaques"."personal_connections_count" = 0[0m
12:49:29 web.1  |   [1m[35m (30.0ms)[0m  SELECT COUNT(*) FROM "plaques"  WHERE "plaques"."inscription_is_stub" = 't'
12:49:29 web.1  |   [1m[36m (30.5ms)[0m  [1mSELECT COUNT(*) FROM "plaques"  WHERE ("plaques"."photos_count" BETWEEN 1 AND 99999) AND "plaques"."inscription_is_stub" = 't'[0m
12:49:29 web.1  |   [1m[35m (33.0ms)[0m  SELECT COUNT(*) FROM "people"  WHERE (("people"."personal_roles_count" = 0 OR "people"."personal_roles_count" IS NULL))
12:49:29 web.1  |   [1m[36m (164.8ms)[0m  [1mSELECT COUNT(*) FROM "plaques"  WHERE "plaques"."latitude" IS NULL[0m
12:49:29 web.1  |   [1m[35m (438.8ms)[0m  SELECT COUNT(*) FROM "plaques"  WHERE (description = '' OR description IS NULL)
12:49:30 web.1  |   [1m[36m (81.4ms)[0m  [1mSELECT COUNT(*) FROM "photos"  WHERE "photos"."plaque_id" IS NULL AND "photos"."of_a_plaque" = 't'[0m
12:49:30 web.1  |   [1m[35m (34.2ms)[0m  SELECT COUNT(*) FROM "plaques"  WHERE "plaques"."photos_count" = 0 AND "plaques"."is_current" = 't'
12:49:30 web.1  |   Rendered todo/index.html.erb within layouts/application (12.7ms)
12:49:30 web.1  | Completed 200 OK in 2332ms (Views: 268.1ms | ActiveRecord: 1527.7ms)
12:49:30 web.1  | Oink Action: todo#index
12:49:30 web.1  | Memory usage: 2639676 | PID: 40431
12:49:30 web.1  | Instantiation Breakdown: Total: 0
12:49:30 web.1  | Oink Log Entry Complete
12:49:30 web.1  | [40431] 127.0.0.1 - - [16/May/2015 12:49:30] "GET /todo HTTP/1.1" 200 - 3.6204
12:49:30 web.1  | Started GET "/assets/application.css" for 127.0.0.1 at 2015-05-16 12:49:30 +0100
12:49:30 web.1  | Memory usage: 2639676 | PID: 40431
12:49:30 web.1  | Instantiation Breakdown: Total: 0
12:49:30 web.1  | Oink Log Entry Complete
12:49:30 web.1  | Started GET "/assets/application.js" for 127.0.0.1 at 2015-05-16 12:49:30 +0100
12:49:30 web.1  | [40431] 127.0.0.1 - - [16/May/2015 12:49:30] "GET /application.css HTTP/1.1" 304 - 0.1676
12:49:30 web.1  | Memory usage: 2639676 | PID: 40431
12:49:30 web.1  | Instantiation Breakdown: Total: 0
12:49:30 web.1  | Oink Log Entry Complete
12:49:30 web.1  | [40431] 127.0.0.1 - - [16/May/2015 12:49:30] "GET /application.js HTTP/1.1" 304 - 0.0804
12:49:30 web.1  | Started GET "/assets/icon_search.png" for 127.0.0.1 at 2015-05-16 12:49:30 +0100
12:49:31 web.1  | Memory usage: 2639676 | PID: 40431
12:49:31 web.1  | Instantiation Breakdown: Total: 0
12:49:31 web.1  | Oink Log Entry Complete
12:49:31 web.1  | [40431] 127.0.0.1 - - [16/May/2015 12:49:31] "GET /icon_search.png HTTP/1.1" 304 - 0.0685
12:49:31 web.1  | Started GET "/assets/openplaques.png" for 127.0.0.1 at 2015-05-16 12:49:31 +0100
12:49:31 web.1  | Memory usage: 2639676 | PID: 40431
12:49:31 web.1  | Instantiation Breakdown: Total: 0
12:49:31 web.1  | Oink Log Entry Complete
12:49:31 web.1  | [40431] 127.0.0.1 - - [16/May/2015 12:49:31] "GET /openplaques.png HTTP/1.1" 304 - 0.0696
SIGINT received
